###############################################################################
#
# IAR ELF Linker V2.20.1.176 for STM8                     29/Nov/2017  15:15:28
# Copyright 2010-2015 IAR Systems AB.
#
#    Output file  =  E:\1-source\A508\PRJ\Debug\Exe\A508_DEMO1.out
#    Map file     =  E:\1-source\A508\PRJ\Debug\List\A508_DEMO1.map
#    Command line =  
#        E:\1-source\A508\PRJ\Debug\Obj\ApiAtCmd.o
#        E:\1-source\A508\PRJ\Debug\Obj\ApiDisplay.o
#        E:\1-source\A508\PRJ\Debug\Obj\ApiKeyboard.o
#        E:\1-source\A508\PRJ\Debug\Obj\ApiPocCmd.o
#        E:\1-source\A508\PRJ\Debug\Obj\Beep.o
#        E:\1-source\A508\PRJ\Debug\Obj\CommonLib.o
#        E:\1-source\A508\PRJ\Debug\Obj\Config.o
#        E:\1-source\A508\PRJ\Debug\Obj\Delay.o
#        E:\1-source\A508\PRJ\Debug\Obj\DrvEEPROM.o
#        E:\1-source\A508\PRJ\Debug\Obj\DrvGD83.o
#        E:\1-source\A508\PRJ\Debug\Obj\DrvGT20L16S1Y.o
#        E:\1-source\A508\PRJ\Debug\Obj\DrvHTG12832.o
#        E:\1-source\A508\PRJ\Debug\Obj\DrvKeyboard.o
#        E:\1-source\A508\PRJ\Debug\Obj\KeyCmd.o
#        E:\1-source\A508\PRJ\Debug\Obj\main.o
#        E:\1-source\A508\PRJ\Debug\Obj\McuConfig.o
#        E:\1-source\A508\PRJ\Debug\Obj\stm8s_adc2.o
#        E:\1-source\A508\PRJ\Debug\Obj\stm8s_awu.o
#        E:\1-source\A508\PRJ\Debug\Obj\stm8s_beep.o
#        E:\1-source\A508\PRJ\Debug\Obj\stm8s_clk.o
#        E:\1-source\A508\PRJ\Debug\Obj\stm8s_exti.o
#        E:\1-source\A508\PRJ\Debug\Obj\stm8s_flash.o
#        E:\1-source\A508\PRJ\Debug\Obj\stm8s_gpio.o
#        E:\1-source\A508\PRJ\Debug\Obj\stm8s_i2c.o
#        E:\1-source\A508\PRJ\Debug\Obj\stm8s_it.o
#        E:\1-source\A508\PRJ\Debug\Obj\stm8s_itc.o
#        E:\1-source\A508\PRJ\Debug\Obj\stm8s_iwdg.o
#        E:\1-source\A508\PRJ\Debug\Obj\stm8s_rst.o
#        E:\1-source\A508\PRJ\Debug\Obj\stm8s_spi.o
#        E:\1-source\A508\PRJ\Debug\Obj\stm8s_tim1.o
#        E:\1-source\A508\PRJ\Debug\Obj\stm8s_tim2.o
#        E:\1-source\A508\PRJ\Debug\Obj\stm8s_tim3.o
#        E:\1-source\A508\PRJ\Debug\Obj\stm8s_tim4.o
#        E:\1-source\A508\PRJ\Debug\Obj\stm8s_uart1.o
#        E:\1-source\A508\PRJ\Debug\Obj\stm8s_uart3.o
#        E:\1-source\A508\PRJ\Debug\Obj\stm8s_wwdg.o
#        E:\1-source\A508\PRJ\Debug\Obj\sysclock.o
#        E:\1-source\A508\PRJ\Debug\Obj\System.o
#        E:\1-source\A508\PRJ\Debug\Obj\Task.o
#        E:\1-source\A508\PRJ\Debug\Obj\Tone.o
#        E:\1-source\A508\PRJ\Debug\Obj\Voice.o --redirect _Printf=_PrintfSmall
#        --redirect _Scanf=_ScanfSmall -o
#        E:\1-source\A508\PRJ\Debug\Exe\A508_DEMO1.out --map
#        E:\1-source\A508\PRJ\Debug\List\A508_DEMO1.map --config "C:\Program
#        Files\IAR Systems\Embedded Workbench
#        7.3\stm8\config\lnkstm8s007c8.icf" --config_def _CSTACK_SIZE=0x100
#        --config_def _HEAP_SIZE=0x100 --entry __iar_program_start --debug_lib
#
###############################################################################

*******************************************************************************
*** RUNTIME MODEL ATTRIBUTES
***

__SystemLibrary            = DLib
__code_model               = small
__core                     = stm8
__data_model               = medium
__dlib_file_descriptor     = 0
__dlib_full_locale_support = 0
__rt_version               = 4


*******************************************************************************
*** PLACEMENT SUMMARY
***

"A1":  place at start of [0x000000-0x0000ff] { rw section .vregs };
"A2":  place at end of [0x000000-0x0017ff] { block CSTACK };
"P2":  place in [from 0x000000 to 0x0017ff] {
          block HEAP, rw section __DLIB_PERTHREAD, rw section .far.bss,
          rw section .far.data, rw section .far.noinit,
          rw section .far_func.textrw, rw section .huge.bss,
          rw section .huge.data, rw section .huge.noinit,
          rw section .huge_func.textrw, rw section .iar.dynexit,
          rw section .near.bss, rw section .near.data, rw section .near.noinit,
          rw section .near_func.textrw };
"A3":  place at start of [0x008000-0x00ffff] { block INTVEC };
"P3":  place in [from 0x008000 to 0x00ffff] {
          ro section __DLIB_PERTHREAD_init, ro section .far.data_init,
          ro section .far_func.textrw_init, ro section .huge.data_init,
          ro section .huge_func.textrw_init, ro section .iar.init_table,
          ro section .init_array, ro section .near.data_init,
          ro section .near.rodata, ro section .near_func.text,
          ro section .near_func.textrw_init, ro section .tiny.data_init,
          ro section .tiny.rodata_init };

  Section              Kind      Address   Size  Object
  -------              ----      -------   ----  ------
"A1":                                      0x10
  .vregs               uninit   0x000000   0x10  vregs.o [4]
                              - 0x000010   0x10

"P2", part 1 of 2:                         0x3c
  P2-1                          0x000010   0x3c  <Init block>
    .near.data         inited   0x000010    0x2  DrvGD83.o [1]
    .near.data         inited   0x000012    0x2  DrvGD83.o [1]
    .near.data         inited   0x000014    0x2  DrvGD83.o [1]
    .near_func.textrw  inited   0x000016   0x36  stm8s_flash.o [1]
                              - 0x00004c   0x3c

"P2", part 2 of 2:                        0x2dc
  .near.bss            zero     0x00004c  0x28a  DrvGD83.o [1]
  .near.bss            zero     0x0002d6   0x32  DrvGD83.o [1]
  .near.bss            zero     0x000308   0x14  main.o [1]
  .near.bss            zero     0x00031c    0xb  Delay.o [1]
  .near.bss            zero     0x000327    0x1  DrvGD83.o [1]
                              - 0x000328  0x2dc

"A2":                                     0x100
  CSTACK                        0x001700  0x100  <Block>
    CSTACK             uninit   0x001700  0x100  <Block tail>
                              - 0x001800  0x100

"A3":                                      0x80
  INTVEC                        0x008000   0x80  <Block>
    .intvec            const    0x008000   0x80  interrupt.o [4]
                              - 0x008080   0x80

"P3":                                     0xc49
  .near_func.text      ro code  0x008080  0x635  DrvGD83.o [1]
  .near_func.text      ro code  0x0086b5   0xa2  Delay.o [1]
  .near_func.text      ro code  0x008757   0xa2  stm8s_clk.o [1]
  .near_func.text      ro code  0x0087f9   0x9e  vreg_util.o [4]
  .near_func.text      ro code  0x008897   0x90  stm8s_uart1.o [1]
  .near_func.text      ro code  0x008927   0x73  main.o [1]
  .near_func.text      ro code  0x00899a   0x4c  DrvGD83.o [1]
  Initializer bytes    const    0x0089e6   0x3c  <for P2-1>
  .near_func.text      ro code  0x008a22   0x35  DrvEEPROM.o [1]
  .near_func.text      ro code  0x008a57   0x30  sysclock.o [1]
  .near_func.text      ro code  0x008a87   0x28  Delay.o [1]
  .near_func.text      ro code  0x008aaf   0x28  init_small.o [4]
  .near_func.text      ro code  0x008ad7   0x27  stm8s_flash.o [1]
  .near_func.text      ro code  0x008afe   0x27  sysclock.o [1]
  .near_func.text      ro code  0x008b25   0x26  short.o [4]
  .near_func.text      ro code  0x008b4b   0x24  stm8s_flash.o [1]
  .iar.init_table      const    0x008b6f   0x12  - Linker created -
  .near_func.text      ro code  0x008b81   0x20  stm8s_it.o [1]
  .near_func.text      ro code  0x008ba1   0x1e  init_small.o [4]
  .near_func.text      ro code  0x008bbf   0x1b  stm8s_it.o [1]
  .near_func.text      ro code  0x008bda   0x1b  sysclock.o [1]
  .near_func.text      ro code  0x008bf5   0x17  init.o [4]
  .near_func.text      ro code  0x008c0c   0x16  stm8s_flash.o [1]
  .near_func.text      ro code  0x008c22   0x14  stm8s_flash.o [1]
  .near_func.text      ro code  0x008c36   0x14  __dbg_xxexit.o [3]
  .near_func.text      ro code  0x008c4a   0x13  stm8s_clk.o [1]
  .near_func.text      ro code  0x008c5d   0x13  cstartup.o [4]
  .near.rodata         const    0x008c70    0x9  DrvGD83.o [1]
  .near_func.text      ro code  0x008c79    0x7  stm8s_flash.o [1]
  .near.rodata         const    0x008c80    0x6  DrvGD83.o [1]
  .near_func.text      ro code  0x008c86    0x5  stm8s_flash.o [1]
  .near_func.text      ro code  0x008c8b    0x5  stm8s_flash.o [1]
  .near_func.text      ro code  0x008c90    0x5  stm8s_tim3.o [1]
  .near_func.text      ro code  0x008c95    0x5  char.o [4]
  .near_func.text      ro code  0x008c9a    0x5  cexit.o [4]
  .near_func.text      ro code  0x008c9f    0x4  stm8s_uart1.o [1]
  .near.rodata         const    0x008ca3    0x3  DrvGD83.o [1]
  .near_func.text      ro code  0x008ca6    0x3  interrupt.o [4]
  .near_func.text      ro code  0x008ca9    0x3  low_level_init.o [4]
  .near_func.text      ro code  0x008cac    0x3  exit.o [4]
  .near_func.text      ro code  0x008caf    0x3  unhandled_exception.o [4]
  .near_func.text      ro code  0x008cb2    0x1  stm8s_it.o [1]
  .near_func.text      ro code  0x008cb3    0x1  stm8s_it.o [1]
  .near_func.text      ro code  0x008cb4    0x1  stm8s_it.o [1]
  .near_func.text      ro code  0x008cb5    0x1  stm8s_it.o [1]
  .near_func.text      ro code  0x008cb6    0x1  stm8s_it.o [1]
  .near_func.text      ro code  0x008cb7    0x1  stm8s_it.o [1]
  .near_func.text      ro code  0x008cb8    0x1  stm8s_it.o [1]
  .near_func.text      ro code  0x008cb9    0x1  stm8s_it.o [1]
  .near_func.text      ro code  0x008cba    0x1  stm8s_it.o [1]
  .near_func.text      ro code  0x008cbb    0x1  stm8s_it.o [1]
  .near_func.text      ro code  0x008cbc    0x1  stm8s_it.o [1]
  .near_func.text      ro code  0x008cbd    0x1  stm8s_it.o [1]
  .near_func.text      ro code  0x008cbe    0x1  stm8s_it.o [1]
  .near_func.text      ro code  0x008cbf    0x1  stm8s_it.o [1]
  .near_func.text      ro code  0x008cc0    0x1  stm8s_it.o [1]
  .near_func.text      ro code  0x008cc1    0x1  stm8s_it.o [1]
  .near_func.text      ro code  0x008cc2    0x1  stm8s_it.o [1]
  .near_func.text      ro code  0x008cc3    0x1  stm8s_it.o [1]
  .near_func.text      ro code  0x008cc4    0x1  stm8s_it.o [1]
  .near_func.text      ro code  0x008cc5    0x1  stm8s_it.o [1]
  .near_func.text      ro code  0x008cc6    0x1  stm8s_it.o [1]
  .near_func.text      ro code  0x008cc7    0x1  stm8s_it.o [1]
  .near_func.text      ro code  0x008cc8    0x1  __dbg_break.o [3]
                              - 0x008cc9  0xc49


*******************************************************************************
*** INIT TABLE
***

          Address   Size
          -------   ----
Zero (__iar_zero_init2)
    1 destination range, total size 0x2dc:
          0x00004c  0x2dc

Copy (__iar_copy_init2)
    1 source range, total size 0x3c:
          0x0089e6   0x3c
    1 destination range, total size 0x3c:
          0x000010   0x3c



*******************************************************************************
*** MODULE SUMMARY
***

    Module                 ro code  rw code  ro data  rw data
    ------                 -------  -------  -------  -------
E:\1-source\A508\PRJ\Debug\Obj: [1]
    Delay.o                    202                         11
    DrvEEPROM.o                 53
    DrvGD83.o                1 665                24      707
    main.o                     115                         20
    stm8s_clk.o                181
    stm8s_flash.o              134       54       54
    stm8s_it.o                  81
    stm8s_tim3.o                 5
    stm8s_uart1.o              148
    sysclock.o                 114
    ---------------------------------------------------------
    Total:                   2 698       54       78      738

command line: [2]
    ---------------------------------------------------------
    Total:

dbgstm8smd.a: [3]
    __dbg_break.o                1
    __dbg_xxexit.o              20
    ---------------------------------------------------------
    Total:                      21

dlstm8smn.a: [4]
    cexit.o                      5
    char.o                       5
    cstartup.o                  19
    exit.o                       3
    init.o                      23
    init_small.o                70
    interrupt.o                  3               128
    low_level_init.o             3
    short.o                     38
    unhandled_exception.o        3
    vreg_util.o                158
    vregs.o                                                16
    ---------------------------------------------------------
    Total:                     330               128       16

    Linker created                                18      256
-------------------------------------------------------------
    Grand Total:             3 049       54      224    1 010


*******************************************************************************
*** ENTRY LIST
***

Entry                    Address   Size  Type      Object
-----                    -------   ----  ----      ------
.iar.init_table$$Base   0x008b6f          --   Gb  - Linker created -
.iar.init_table$$Limit  0x008b81          --   Gb  - Linker created -
?b0                     0x000000         Data  Gb  vregs.o [4]
?b1                     0x000001         Data  Gb  vregs.o [4]
?b10                    0x00000a         Data  Gb  vregs.o [4]
?b11                    0x00000b         Data  Gb  vregs.o [4]
?b12                    0x00000c         Data  Gb  vregs.o [4]
?b13                    0x00000d         Data  Gb  vregs.o [4]
?b14                    0x00000e         Data  Gb  vregs.o [4]
?b15                    0x00000f         Data  Gb  vregs.o [4]
?b2                     0x000002         Data  Gb  vregs.o [4]
?b3                     0x000003         Data  Gb  vregs.o [4]
?b4                     0x000004         Data  Gb  vregs.o [4]
?b5                     0x000005         Data  Gb  vregs.o [4]
?b6                     0x000006         Data  Gb  vregs.o [4]
?b7                     0x000007         Data  Gb  vregs.o [4]
?b8                     0x000008         Data  Gb  vregs.o [4]
?b9                     0x000009         Data  Gb  vregs.o [4]
?e0                     0x000001         Data  Gb  vregs.o [4]
?e1                     0x000005         Data  Gb  vregs.o [4]
?e2                     0x000009         Data  Gb  vregs.o [4]
?e3                     0x00000d         Data  Gb  vregs.o [4]
?epilogue_l2            0x008875         Code  Gb  vreg_util.o [4]
?epilogue_w4            0x008879         Code  Gb  vreg_util.o [4]
?l0                     0x000000         Data  Gb  vregs.o [4]
?l1                     0x000004         Data  Gb  vregs.o [4]
?l2                     0x000008         Data  Gb  vregs.o [4]
?l3                     0x00000c         Data  Gb  vregs.o [4]
?mov_e0_e2              0x008880         Code  Gb  vreg_util.o [4]
?mov_e2_e0              0x00888d         Code  Gb  vreg_util.o [4]
?mov_l0_l2              0x00887d         Code  Gb  vreg_util.o [4]
?mov_l2_l0              0x00888a         Code  Gb  vreg_util.o [4]
?mov_w1_w5              0x008883         Code  Gb  vreg_util.o [4]
?mov_w5_w1              0x008890         Code  Gb  vreg_util.o [4]
?mul16_x_x_w0           0x008b25         Code  Gb  short.o [4]
?pop_l0                 0x00884c         Code  Gb  vreg_util.o [4]
?pop_l1                 0x008857         Code  Gb  vreg_util.o [4]
?pop_l2                 0x008862         Code  Gb  vreg_util.o [4]
?pop_w4                 0x008811         Code  Gb  vreg_util.o [4]
?push_l0                0x008820         Code  Gb  vreg_util.o [4]
?push_l1                0x008825         Code  Gb  vreg_util.o [4]
?push_l2                0x00882a         Code  Gb  vreg_util.o [4]
?push_w4                0x0087f9         Code  Gb  vreg_util.o [4]
?sll16_x_x_a            0x008b43         Code  Gb  short.o [4]
?srl8_a_a_5             0x008c95         Code  Gb  char.o [4]
?w0                     0x000000         Data  Gb  vregs.o [4]
?w1                     0x000002         Data  Gb  vregs.o [4]
?w2                     0x000004         Data  Gb  vregs.o [4]
?w3                     0x000006         Data  Gb  vregs.o [4]
?w4                     0x000008         Data  Gb  vregs.o [4]
?w5                     0x00000a         Data  Gb  vregs.o [4]
?w6                     0x00000c         Data  Gb  vregs.o [4]
?w7                     0x00000e         Data  Gb  vregs.o [4]
ADC2_IRQHandler         0x008cc5    0x1  Code  Gb  stm8s_it.o [1]
AWU_IRQHandler          0x008cb4    0x1  Code  Gb  stm8s_it.o [1]
AtNotify_Queue          0x0080cc   0x4c  Code  Lc  DrvGD83.o [1]
AtNotify_Queue_Start    0x008118   0x55  Code  Lc  DrvGD83.o [1]
CLK_ClockSwitchConfig   0x008757   0xa2  Code  Gb  stm8s_clk.o [1]
CLK_HSIPrescalerConfig  0x008c4a   0x13  Code  Gb  stm8s_clk.o [1]
CLK_IRQHandler          0x008cb5    0x1  Code  Gb  stm8s_it.o [1]
CSTACK$$Base            0x001700          --   Gb  - Linker created -
CSTACK$$Limit           0x001800          --   Gb  - Linker created -
CaretNotify_Queue       0x00899a   0x4c  Code  Lc  DrvGD83.o [1]
CaretNotify_Queue_Start
                        0x0081c2   0x55  Code  Lc  DrvGD83.o [1]
DEL_Interrupt           0x0086b5   0xa2  Code  Gb  Delay.o [1]
DEL_TimerRenew          0x008a87   0x28  Code  Lc  Delay.o [1]
DefaultSystemClockForHSI
                        0x008bda   0x1b  Code  Gb  sysclock.o [1]
DelDrvObj               0x00031c    0xb  Data  Lc  Delay.o [1]
DrvGD83DrvObj           0x00004c  0x28a  Data  Lc  DrvGD83.o [1]
DrvMC8332_UART_Interrupt
                        0x00836c  0x349  Code  Gb  DrvGD83.o [1]
EEPROM_EEC_IRQHandler   0x008cc7    0x1  Code  Gb  stm8s_it.o [1]
EXTI_PORTA_IRQHandler   0x008cb6    0x1  Code  Gb  stm8s_it.o [1]
EXTI_PORTB_IRQHandler   0x008cb7    0x1  Code  Gb  stm8s_it.o [1]
EXTI_PORTC_IRQHandler   0x008cb8    0x1  Code  Gb  stm8s_it.o [1]
EXTI_PORTD_IRQHandler   0x008cb9    0x1  Code  Gb  stm8s_it.o [1]
EXTI_PORTE_IRQHandler   0x008cba    0x1  Code  Gb  stm8s_it.o [1]
FLASH_EraseOptionByte   0x008ad7   0x27  Code  Gb  stm8s_flash.o [1]
FLASH_GetFlagStatus     0x008c22   0x14  Code  Gb  stm8s_flash.o [1]
FLASH_Lock              0x008c79    0x7  Code  Gb  stm8s_flash.o [1]
FLASH_ProgramByte       0x008c86    0x5  Code  Gb  stm8s_flash.o [1]
FLASH_ProgramOptionByte
                        0x008b4b   0x24  Code  Gb  stm8s_flash.o [1]
FLASH_ReadByte          0x008c8b    0x5  Code  Gb  stm8s_flash.o [1]
FLASH_Unlock            0x008c0c   0x16  Code  Gb  stm8s_flash.o [1]
FLASH_WaitForLastOperation
                        0x000016   0x36  Code  Gb  stm8s_flash.o [1]
HSE_ClockStartUpConfiguration
                        0x008a57   0x30  Code  Lc  sysclock.o [1]
I2C_IRQHandler          0x008cc2    0x1  Code  Gb  stm8s_it.o [1]
INTVEC$$Base            0x008000          --   Gb  - Linker created -
INTVEC$$Limit           0x008080          --   Gb  - Linker created -
Notify_Queue_Stop       0x008217  0x155  Code  Lc  DrvGD83.o [1]
PocNotify_Queue         0x008080   0x4c  Code  Lc  DrvGD83.o [1]
PocNotify_Queue_Start   0x00816d   0x55  Code  Lc  DrvGD83.o [1]
ReadBuffer2             0x000308   0x14  Data  Gb  main.o [1]
Region$$Table$$Base     0x008b6f          --   Gb  - Linker created -
Region$$Table$$Limit    0x008b81          --   Gb  - Linker created -
SPI_IRQHandler          0x008cbb    0x1  Code  Gb  stm8s_it.o [1]
SystemClock_Init        0x008afe   0x27  Code  Gb  sysclock.o [1]
TIM1_CAP_COM_IRQHandler
                        0x008cbd    0x1  Code  Gb  stm8s_it.o [1]
TIM1_UPD_OVF_TRG_BRK_IRQHandler
                        0x008cbc    0x1  Code  Gb  stm8s_it.o [1]
TIM2_CAP_COM_IRQHandler
                        0x008cbf    0x1  Code  Gb  stm8s_it.o [1]
TIM2_UPD_OVF_BRK_IRQHandler
                        0x008cbe    0x1  Code  Gb  stm8s_it.o [1]
TIM3_CAP_COM_IRQHandler
                        0x008cc0    0x1  Code  Gb  stm8s_it.o [1]
TIM3_ClearITPendingBit  0x008c90    0x5  Code  Gb  stm8s_tim3.o [1]
TIM3_UPD_OVF_BRK_IRQHandler
                        0x008bbf   0x1b  Code  Gb  stm8s_it.o [1]
TIM4_UPD_OVF_IRQHandler
                        0x008cc6    0x1  Code  Gb  stm8s_it.o [1]
TLI_IRQHandler          0x008cb3    0x1  Code  Gb  stm8s_it.o [1]
TRAP_IRQHandler         0x008cb2    0x1  Code  Gb  stm8s_it.o [1]
UART1_GetITStatus       0x008897   0x90  Code  Gb  stm8s_uart1.o [1]
UART1_RX_IRQHandler     0x008b81   0x20  Code  Gb  stm8s_it.o [1]
UART1_ReceiveData8      0x008c9f    0x4  Code  Gb  stm8s_uart1.o [1]
UART1_TX_IRQHandler     0x008cc1    0x1  Code  Gb  stm8s_it.o [1]
UART3_RX_IRQHandler     0x008cc4    0x1  Code  Gb  stm8s_it.o [1]
UART3_TX_IRQHandler     0x008cc3    0x1  Code  Gb  stm8s_it.o [1]
WriteEEPROMByte         0x008a22   0x35  Code  Gb  DrvEEPROM.o [1]
__DebugBreak            0x008cc8    0x1  Code  Gb  __dbg_break.o [3]
__exit                  0x008c36   0x14  Code  Gb  __dbg_xxexit.o [3]
__iar_copy_init2        0x008aaf         Code  Gb  init_small.o [4]
__iar_data_init2        0x008bf5   0x17  Code  Gb  init.o [4]
__iar_program_start     0x008c5d         Code  Gb  cstartup.o [4]
__iar_unhandled_exception
                        0x008caf         Code  Gb  unhandled_exception.o [4]
__iar_zero_init2        0x008ba1         Code  Gb  init_small.o [4]
__intvec                0x008000         Data  Gb  interrupt.o [4]
__low_level_init        0x008ca9    0x3  Code  Gb  low_level_init.o [4]
_exit                   0x008c9a         Code  Gb  cexit.o [4]
_interrupt_1            0x008cb2         Code  Gb  stm8s_it.o [1]
_interrupt_12           0x008cbb         Code  Gb  stm8s_it.o [1]
_interrupt_13           0x008cbc         Code  Gb  stm8s_it.o [1]
_interrupt_14           0x008cbd         Code  Gb  stm8s_it.o [1]
_interrupt_15           0x008cbe         Code  Gb  stm8s_it.o [1]
_interrupt_16           0x008cbf         Code  Gb  stm8s_it.o [1]
_interrupt_17           0x008bbf         Code  Gb  stm8s_it.o [1]
_interrupt_18           0x008cc0         Code  Gb  stm8s_it.o [1]
_interrupt_19           0x008cc1         Code  Gb  stm8s_it.o [1]
_interrupt_2            0x008cb3         Code  Gb  stm8s_it.o [1]
_interrupt_20           0x008b81         Code  Gb  stm8s_it.o [1]
_interrupt_21           0x008cc2         Code  Gb  stm8s_it.o [1]
_interrupt_22           0x008cc3         Code  Gb  stm8s_it.o [1]
_interrupt_23           0x008cc4         Code  Gb  stm8s_it.o [1]
_interrupt_24           0x008cc5         Code  Gb  stm8s_it.o [1]
_interrupt_25           0x008cc6         Code  Gb  stm8s_it.o [1]
_interrupt_26           0x008cc7         Code  Gb  stm8s_it.o [1]
_interrupt_3            0x008cb4         Code  Gb  stm8s_it.o [1]
_interrupt_4            0x008cb5         Code  Gb  stm8s_it.o [1]
_interrupt_5            0x008cb6         Code  Gb  stm8s_it.o [1]
_interrupt_6            0x008cb7         Code  Gb  stm8s_it.o [1]
_interrupt_7            0x008cb8         Code  Gb  stm8s_it.o [1]
_interrupt_8            0x008cb9         Code  Gb  stm8s_it.o [1]
_interrupt_9            0x008cba         Code  Gb  stm8s_it.o [1]
exit                    0x008cac    0x3  Code  Gb  exit.o [4]
main                    0x008927   0x73  Code  Gb  main.o [1]
ucRxOkHeadInfo          0x000014    0x2  Data  Gb  DrvGD83.o [1]
ucRxPocHeadInfo         0x000012    0x2  Data  Gb  DrvGD83.o [1]
ucTxPocHeadInfo         0x000010    0x2  Data  Gb  DrvGD83.o [1]


[1] = E:\1-source\A508\PRJ\Debug\Obj
[2] = command line
[3] = dbgstm8smd.a
[4] = dlstm8smn.a

  3 049 bytes of readonly  code memory
     54 bytes of readwrite code memory
    224 bytes of readonly  data memory
  1 010 bytes of readwrite data memory

Errors: none
Warnings: none
