###############################################################################
#
# IAR ELF Linker V2.20.1.176 for STM8                     19/Jan/2018  09:09:25
# Copyright 2010-2015 IAR Systems AB.
#
#    Output file  =  E:\1-source\A508\PRJ\Debug\Exe\A508_DEMO1.out
#    Map file     =  E:\1-source\A508\PRJ\Debug\List\A508_DEMO1.map
#    Command line =  
#        E:\1-source\A508\PRJ\Debug\Obj\ADC.o
#        E:\1-source\A508\PRJ\Debug\Obj\ApiAtCmd.o
#        E:\1-source\A508\PRJ\Debug\Obj\ApiDisplay.o
#        E:\1-source\A508\PRJ\Debug\Obj\ApiGpsCmd.o
#        E:\1-source\A508\PRJ\Debug\Obj\ApiKeyboard.o
#        E:\1-source\A508\PRJ\Debug\Obj\ApiLED.o
#        E:\1-source\A508\PRJ\Debug\Obj\ApiMenu.o
#        E:\1-source\A508\PRJ\Debug\Obj\ApiPocCmd.o
#        E:\1-source\A508\PRJ\Debug\Obj\Beep.o
#        E:\1-source\A508\PRJ\Debug\Obj\CommonLib.o
#        E:\1-source\A508\PRJ\Debug\Obj\Delay.o
#        E:\1-source\A508\PRJ\Debug\Obj\DrvGD83.o
#        E:\1-source\A508\PRJ\Debug\Obj\DrvGT20L16S1Y.o
#        E:\1-source\A508\PRJ\Debug\Obj\DrvHTG12832.o
#        E:\1-source\A508\PRJ\Debug\Obj\DrvKeyboard.o
#        E:\1-source\A508\PRJ\Debug\Obj\Flash_eeprom.o
#        E:\1-source\A508\SRC\Syetem\GT20L16_STM8_DOUBLE_MEDIUM_IAR.a
#        E:\1-source\A508\PRJ\Debug\Obj\GT20L16P1Y_D.o
#        E:\1-source\A508\PRJ\Debug\Obj\main.o
#        E:\1-source\A508\PRJ\Debug\Obj\McuConfig.o
#        E:\1-source\A508\PRJ\Debug\Obj\stm8s_adc2.o
#        E:\1-source\A508\PRJ\Debug\Obj\stm8s_awu.o
#        E:\1-source\A508\PRJ\Debug\Obj\stm8s_beep.o
#        E:\1-source\A508\PRJ\Debug\Obj\stm8s_clk.o
#        E:\1-source\A508\PRJ\Debug\Obj\stm8s_exti.o
#        E:\1-source\A508\PRJ\Debug\Obj\stm8s_flash.o
#        E:\1-source\A508\PRJ\Debug\Obj\stm8s_gpio.o
#        E:\1-source\A508\PRJ\Debug\Obj\stm8s_i2c.o
#        E:\1-source\A508\PRJ\Debug\Obj\stm8s_it.o
#        E:\1-source\A508\PRJ\Debug\Obj\stm8s_itc.o
#        E:\1-source\A508\PRJ\Debug\Obj\stm8s_iwdg.o
#        E:\1-source\A508\PRJ\Debug\Obj\stm8s_rst.o
#        E:\1-source\A508\PRJ\Debug\Obj\stm8s_spi.o
#        E:\1-source\A508\PRJ\Debug\Obj\stm8s_tim1.o
#        E:\1-source\A508\PRJ\Debug\Obj\stm8s_tim2.o
#        E:\1-source\A508\PRJ\Debug\Obj\stm8s_tim3.o
#        E:\1-source\A508\PRJ\Debug\Obj\stm8s_tim4.o
#        E:\1-source\A508\PRJ\Debug\Obj\stm8s_uart1.o
#        E:\1-source\A508\PRJ\Debug\Obj\stm8s_uart3.o
#        E:\1-source\A508\PRJ\Debug\Obj\stm8s_wwdg.o
#        E:\1-source\A508\PRJ\Debug\Obj\sysclock.o
#        E:\1-source\A508\PRJ\Debug\Obj\System.o
#        E:\1-source\A508\PRJ\Debug\Obj\Task.o
#        E:\1-source\A508\PRJ\Debug\Obj\Tone.o
#        E:\1-source\A508\PRJ\Debug\Obj\uart3.o
#        E:\1-source\A508\PRJ\Debug\Obj\Voice.o --redirect _Printf=_PrintfSmall
#        --redirect _Scanf=_ScanfSmall -o
#        E:\1-source\A508\PRJ\Debug\Exe\A508_DEMO1.out --map
#        E:\1-source\A508\PRJ\Debug\List\A508_DEMO1.map --config "C:\Program
#        Files\IAR Systems\Embedded Workbench
#        7.3\stm8\config\lnkstm8s007c8.icf" --config_def _CSTACK_SIZE=0x100
#        --config_def _HEAP_SIZE=0x00 --entry __iar_program_start --debug_lib
#
###############################################################################

*******************************************************************************
*** RUNTIME MODEL ATTRIBUTES
***

__SystemLibrary            = DLib
__code_model               = medium_or_large
__core                     = stm8
__data_model               = medium
__dlib_file_descriptor     = 0
__dlib_full_locale_support = 0
__rt_version               = 4


*******************************************************************************
*** PLACEMENT SUMMARY
***

"A1":  place at start of [0x000000-0x0000ff] { rw section .vregs };
"A2":  place at end of [0x000000-0x0017ff] { block CSTACK };
"P2":  place in [from 0x000000 to 0x0017ff] {
          block HEAP, rw section __DLIB_PERTHREAD, rw section .far.bss,
          rw section .far.data, rw section .far.noinit,
          rw section .far_func.textrw, rw section .huge.bss,
          rw section .huge.data, rw section .huge.noinit,
          rw section .huge_func.textrw, rw section .iar.dynexit,
          rw section .near.bss, rw section .near.data, rw section .near.noinit,
          rw section .near_func.textrw };
"A3":  place at start of [0x008000-0x00ffff] { block INTVEC };
"P3":  place in [from 0x008000 to 0x00ffff] {
          ro section __DLIB_PERTHREAD_init, ro section .far.data_init,
          ro section .far_func.textrw_init, ro section .huge.data_init,
          ro section .huge_func.textrw_init, ro section .iar.init_table,
          ro section .init_array, ro section .near.data_init,
          ro section .near.rodata, ro section .near_func.text,
          ro section .near_func.textrw_init, ro section .tiny.data_init,
          ro section .tiny.rodata_init };
"P4":  place in [from 0x008000 to 0x00ffff repeat 2] {
          ro section .far.rodata, ro section .far_func.text };

  Section            Kind      Address    Size  Object
  -------            ----      -------    ----  ------
"A1":                                     0x10
  .vregs             uninit   0x000000    0x10  vregs.o [5]
                            - 0x000010    0x10

"P2", part 1 of 2:                        0x5f
  P2-1                        0x000010    0x5f  <Init block>
    .near.data       inited   0x000010     0x1  ApiAtCmd.o [1]
    .near.data       inited   0x000011     0x2  ApiAtCmd.o [1]
    .near.data       inited   0x000013     0x2  ApiAtCmd.o [1]
    .near.data       inited   0x000015     0x2  ApiAtCmd.o [1]
    .near.data       inited   0x000017     0x2  ApiAtCmd.o [1]
    .near.data       inited   0x000019     0x2  ApiAtCmd.o [1]
    .near.data       inited   0x00001b     0x2  ApiAtCmd.o [1]
    .near.data       inited   0x00001d     0x2  ApiAtCmd.o [1]
    .near.data       inited   0x00001f     0x2  ApiAtCmd.o [1]
    .near.data       inited   0x000021     0x2  ApiAtCmd.o [1]
    .near.data       inited   0x000023     0x2  ApiAtCmd.o [1]
    .near.data       inited   0x000025     0x2  ApiAtCmd.o [1]
    .near.data       inited   0x000027     0x2  ApiAtCmd.o [1]
    .near.data       inited   0x000029     0x2  ApiAtCmd.o [1]
    .near.data       inited   0x00002b     0x2  ApiAtCmd.o [1]
    .near.data       inited   0x00002d     0x2  ApiAtCmd.o [1]
    .near.data       inited   0x00002f     0x2  ApiAtCmd.o [1]
    .near.data       inited   0x000031     0x2  ApiAtCmd.o [1]
    .near.data       inited   0x000033     0x2  ApiAtCmd.o [1]
    .near.data       inited   0x000035     0x2  ApiAtCmd.o [1]
    .near.data       inited   0x000037     0x2  ApiAtCmd.o [1]
    .near.data       inited   0x000039     0x1  ApiKeyboard.o [1]
    .near.data       inited   0x00003a     0x2  ApiKeyboard.o [1]
    .near.data       inited   0x00003c     0x2  ApiKeyboard.o [1]
    .near.data       inited   0x00003e     0x2  ApiKeyboard.o [1]
    .near.data       inited   0x000040     0x1  ApiKeyboard.o [1]
    .near.data       inited   0x000041     0x1  ApiKeyboard.o [1]
    .near.data       inited   0x000042     0x2  ApiPocCmd.o [1]
    .near.data       inited   0x000044     0x2  ApiPocCmd.o [1]
    .near.data       inited   0x000046     0x2  DrvGD83.o [1]
    .near.data       inited   0x000048     0x2  DrvGD83.o [1]
    .near.data       inited   0x00004a     0x2  DrvGD83.o [1]
    .near.data       inited   0x00004c     0x2  DrvGD83.o [1]
    .near.data       inited   0x00004e     0x2  System.o [1]
    .near.data       inited   0x000050     0x2  System.o [1]
    .near.data       inited   0x000052     0x2  System.o [1]
    .near.data       inited   0x000054     0x1  Task.o [1]
    .near.data       inited   0x000055     0x2  Task.o [1]
    .near.data       inited   0x000057     0x2  Task.o [1]
    .near.data       inited   0x000059     0x2  Task.o [1]
    .near.data       inited   0x00005b     0x2  Task.o [1]
    .near.data       inited   0x00005d     0x2  Task.o [1]
    .near.data       inited   0x00005f     0x2  Task.o [1]
    .near.data       inited   0x000061     0x2  Task.o [1]
    .near.data       inited   0x000063     0x2  Task.o [1]
    .near.data       inited   0x000065     0x2  Task.o [1]
    .near.data       inited   0x000067     0x2  Task.o [1]
    .near.data       inited   0x000069     0x2  Task.o [1]
    .near.data       inited   0x00006b     0x2  Task.o [1]
    .near.data       inited   0x00006d     0x2  Task.o [1]
                            - 0x00006f    0x5f

"P2", part 2 of 2:                      0x141b
  .near.bss          zero     0x00006f   0xbd7  ApiPocCmd.o [1]
  .near.bss          zero     0x000c46   0x28a  DrvGD83.o [1]
  .near.bss          zero     0x000ed0   0x200  ApiDisplay.o [1]
  .near.bss          zero     0x0010d0   0x1d1  ApiGpsCmd.o [1]
  .near.bss          zero     0x0012a1    0x85  ApiAtCmd.o [1]
  .near.bss          zero     0x001326    0x50  ApiPocCmd.o [1]
  .near.bss          zero     0x001376    0x44  uart3.o [1]
  .near.bss          zero     0x0013ba    0x40  ApiDisplay.o [1]
  .near.bss          zero     0x0013fa    0x14  System.o [1]
  .near.bss          zero     0x00140e    0x12  Beep.o [1]
  .near.bss          zero     0x001420    0x12  Tone.o [1]
  .near.bss          zero     0x001432     0xf  ApiPocCmd.o [1]
  .near.bss          zero     0x001441     0xb  Delay.o [1]
  .near.bss          zero     0x00144c     0x6  Voice.o [1]
  .near.bss          zero     0x001452     0x4  uart3.o [1]
  .near.bss          zero     0x001456     0x2  ApiDisplay.o [1]
  .near.bss          zero     0x001458     0x2  DrvHTG12832.o [1]
  .near.bss          zero     0x00145a     0x1  ADC.o [1]
  .near.bss          zero     0x00145b     0x1  ApiAtCmd.o [1]
  .near.bss          zero     0x00145c     0x1  ApiAtCmd.o [1]
  .near.bss          zero     0x00145d     0x1  ApiAtCmd.o [1]
  .near.bss          zero     0x00145e     0x1  ApiAtCmd.o [1]
  .near.bss          zero     0x00145f     0x1  ApiAtCmd.o [1]
  .near.bss          zero     0x001460     0x1  ApiAtCmd.o [1]
  .near.bss          zero     0x001461     0x1  ApiGpsCmd.o [1]
  .near.bss          zero     0x001462     0x1  ApiKeyboard.o [1]
  .near.bss          zero     0x001463     0x1  ApiKeyboard.o [1]
  .near.bss          zero     0x001464     0x1  ApiKeyboard.o [1]
  .near.bss          zero     0x001465     0x1  ApiKeyboard.o [1]
  .near.bss          zero     0x001466     0x1  ApiKeyboard.o [1]
  .near.bss          zero     0x001467     0x1  ApiKeyboard.o [1]
  .near.bss          zero     0x001468     0x1  ApiKeyboard.o [1]
  .near.bss          zero     0x001469     0x1  ApiKeyboard.o [1]
  .near.bss          zero     0x00146a     0x1  ApiKeyboard.o [1]
  .near.bss          zero     0x00146b     0x1  ApiKeyboard.o [1]
  .near.bss          zero     0x00146c     0x1  ApiKeyboard.o [1]
  .near.bss          zero     0x00146d     0x1  ApiKeyboard.o [1]
  .near.bss          zero     0x00146e     0x1  ApiKeyboard.o [1]
  .near.bss          zero     0x00146f     0x1  ApiKeyboard.o [1]
  .near.bss          zero     0x001470     0x1  ApiKeyboard.o [1]
  .near.bss          zero     0x001471     0x1  ApiKeyboard.o [1]
  .near.bss          zero     0x001472     0x1  ApiKeyboard.o [1]
  .near.bss          zero     0x001473     0x1  ApiKeyboard.o [1]
  .near.bss          zero     0x001474     0x1  ApiKeyboard.o [1]
  .near.bss          zero     0x001475     0x1  ApiLED.o [1]
  .near.bss          zero     0x001476     0x1  ApiPocCmd.o [1]
  .near.bss          zero     0x001477     0x1  ApiPocCmd.o [1]
  .near.bss          zero     0x001478     0x1  ApiPocCmd.o [1]
  .near.bss          zero     0x001479     0x1  ApiPocCmd.o [1]
  .near.bss          zero     0x00147a     0x1  ApiPocCmd.o [1]
  .near.bss          zero     0x00147b     0x1  ApiPocCmd.o [1]
  .near.bss          zero     0x00147c     0x1  ApiPocCmd.o [1]
  .near.bss          zero     0x00147d     0x1  ApiPocCmd.o [1]
  .near.bss          zero     0x00147e     0x1  ApiPocCmd.o [1]
  .near.bss          zero     0x00147f     0x1  Delay.o [1]
  .near.bss          zero     0x001480     0x1  Delay.o [1]
  .near.bss          zero     0x001481     0x1  Delay.o [1]
  .near.bss          zero     0x001482     0x1  Delay.o [1]
  .near.bss          zero     0x001483     0x1  Delay.o [1]
  .near.bss          zero     0x001484     0x1  DrvGD83.o [1]
  .near.bss          zero     0x001485     0x1  Task.o [1]
  .near.bss          zero     0x001486     0x1  Task.o [1]
  .near.bss          zero     0x001487     0x1  Task.o [1]
  .near.bss          zero     0x001488     0x1  Task.o [1]
  .near.bss          zero     0x001489     0x1  Task.o [1]
                            - 0x00148a  0x141b

"A2":                                    0x100
  CSTACK                      0x001700   0x100  <Block>
    CSTACK           uninit   0x001700   0x100  <Block tail>
                            - 0x001800   0x100

"A3":                                     0x80
  INTVEC                      0x008000    0x80  <Block>
    .intvec          const    0x008000    0x80  interrupt.o [5]
                            - 0x008080    0x80

"P3":                                   0x292e
  .near.rodata       const    0x008080  0x1b00  GT20L16P1Y_D.o [1]
  .near.rodata       const    0x009b80   0x400  ApiDisplay.o [1]
  .near.rodata       const    0x009f80   0x1b0  GT20L16P1Y_D.o [1]
  .near.rodata       const    0x00a130   0x1b0  GT20L16P1Y_D.o [1]
  Initializer bytes  const    0x00a2e0    0x5f  <for P2-1>
  .near_func.text    const    0x00a33f    0x40  ApiDisplay.o [1]
  .near.rodata       const    0x00a37f    0x3e  GT20L16P1Y.o [3]
  .near.rodata       const    0x00a3bd    0x31  Task.o [1]
  .near.rodata       const    0x00a3ee    0x2a  Task.o [1]
  .near.rodata       const    0x00a418    0x25  Task.o [1]
  .near.rodata       const    0x00a43d    0x25  Task.o [1]
  .near.rodata       const    0x00a462    0x25  Task.o [1]
  .iar.init_table    const    0x00a487    0x14  - Linker created -
  .near.rodata       const    0x00a49b    0x1d  Task.o [1]
  .near.rodata       const    0x00a4b8    0x18  Task.o [1]
  .near.rodata       const    0x00a4d0    0x13  ApiAtCmd.o [1]
  .near.rodata       const    0x00a4e3    0x13  Task.o [1]
  .near.rodata       const    0x00a4f6    0x13  Task.o [1]
  .near.rodata       const    0x00a509    0x12  ApiAtCmd.o [1]
  .near.rodata       const    0x00a51b    0x12  Task.o [1]
  .near.rodata       const    0x00a52d    0x11  ApiKeyboard.o [1]
  .near.rodata       const    0x00a53e    0x11  ApiKeyboard.o [1]
  .near.rodata       const    0x00a54f    0x11  ApiKeyboard.o [1]
  .near.rodata       const    0x00a560    0x11  ApiKeyboard.o [1]
  .near.rodata       const    0x00a571    0x11  ApiKeyboard.o [1]
  .near.rodata       const    0x00a582    0x11  ApiKeyboard.o [1]
  .near.rodata       const    0x00a593    0x11  ApiKeyboard.o [1]
  .near.rodata       const    0x00a5a4    0x11  ApiMenu.o [1]
  .near.rodata       const    0x00a5b5    0x11  ApiMenu.o [1]
  .near.rodata       const    0x00a5c6    0x11  ApiMenu.o [1]
  .near.rodata       const    0x00a5d7    0x11  ApiMenu.o [1]
  .near.rodata       const    0x00a5e8    0x11  ApiMenu.o [1]
  .near.rodata       const    0x00a5f9    0x11  ApiMenu.o [1]
  .near.rodata       const    0x00a60a    0x11  ApiMenu.o [1]
  .near.rodata       const    0x00a61b    0x11  ApiMenu.o [1]
  .near.rodata       const    0x00a62c    0x11  ApiMenu.o [1]
  .near.rodata       const    0x00a63d    0x11  ApiMenu.o [1]
  .near.rodata       const    0x00a64e    0x11  ApiMenu.o [1]
  .near.rodata       const    0x00a65f    0x11  CommonLib.o [1]
  .near.rodata       const    0x00a670    0x11  Delay.o [1]
  .near.rodata       const    0x00a681    0x11  System.o [1]
  .near.rodata       const    0x00a692    0x11  Task.o [1]
  .near.rodata       const    0x00a6a3    0x11  Task.o [1]
  .near.rodata       const    0x00a6b4    0x11  Task.o [1]
  .near.rodata       const    0x00a6c5    0x11  Task.o [1]
  .near.rodata       const    0x00a6d6    0x11  Task.o [1]
  .near.rodata       const    0x00a6e7    0x11  Task.o [1]
  .near.rodata       const    0x00a6f8    0x11  Task.o [1]
  .near.rodata       const    0x00a709    0x11  Task.o [1]
  .near.rodata       const    0x00a71a    0x11  Task.o [1]
  .near.rodata       const    0x00a72b    0x11  Task.o [1]
  .near.rodata       const    0x00a73c    0x11  Task.o [1]
  .near.rodata       const    0x00a74d    0x10  ApiAtCmd.o [1]
  .near.rodata       const    0x00a75d    0x10  ApiAtCmd.o [1]
  .near.rodata       const    0x00a76d    0x10  ApiDisplay.o [1]
  .near.rodata       const    0x00a77d    0x10  ApiDisplay.o [1]
  .near.rodata       const    0x00a78d    0x10  uart3.o [1]
  .near.rodata       const    0x00a79d     0xf  ApiAtCmd.o [1]
  .near.rodata       const    0x00a7ac     0xf  ApiKeyboard.o [1]
  .near.rodata       const    0x00a7bb     0xf  System.o [1]
  .near.rodata       const    0x00a7ca     0xf  Task.o [1]
  .near.rodata       const    0x00a7d9     0xf  Task.o [1]
  .near.rodata       const    0x00a7e8     0xe  ApiAtCmd.o [1]
  .near.rodata       const    0x00a7f6     0xe  ApiAtCmd.o [1]
  .near.rodata       const    0x00a804     0xe  ApiAtCmd.o [1]
  .near.rodata       const    0x00a812     0xe  System.o [1]
  .near.rodata       const    0x00a820     0xe  Task.o [1]
  .near.rodata       const    0x00a82e     0xe  Task.o [1]
  .near.rodata       const    0x00a83c     0xe  Task.o [1]
  .near.rodata       const    0x00a84a     0xd  ApiPocCmd.o [1]
  .near.rodata       const    0x00a857     0xd  ApiPocCmd.o [1]
  .near.rodata       const    0x00a864     0xd  Task.o [1]
  .near.rodata       const    0x00a871     0xc  ApiAtCmd.o [1]
  .near.rodata       const    0x00a87d     0xc  ApiGpsCmd.o [1]
  .near.rodata       const    0x00a889     0xb  ApiAtCmd.o [1]
  .near.rodata       const    0x00a894     0xb  ApiAtCmd.o [1]
  .near.rodata       const    0x00a89f     0xb  Task.o [1]
  .near.rodata       const    0x00a8aa     0xa  ApiAtCmd.o [1]
  .near.rodata       const    0x00a8b4     0xa  Task.o [1]
  .near.rodata       const    0x00a8be     0x9  ApiAtCmd.o [1]
  .near.rodata       const    0x00a8c7     0x9  ApiAtCmd.o [1]
  .near.rodata       const    0x00a8d0     0x9  ApiAtCmd.o [1]
  .near.rodata       const    0x00a8d9     0x9  ApiKeyboard.o [1]
  .near.rodata       const    0x00a8e2     0x9  ApiKeyboard.o [1]
  .near.rodata       const    0x00a8eb     0x9  ApiMenu.o [1]
  .near.rodata       const    0x00a8f4     0x9  DrvGD83.o [1]
  .near.rodata       const    0x00a8fd     0x9  System.o [1]
  .near.rodata       const    0x00a906     0x9  Task.o [1]
  .near.rodata       const    0x00a90f     0x9  Task.o [1]
  .near.rodata       const    0x00a918     0x8  ApiAtCmd.o [1]
  .near.rodata       const    0x00a920     0x8  ApiAtCmd.o [1]
  .near.rodata       const    0x00a928     0x8  ApiDisplay.o [1]
  .near.rodata       const    0x00a930     0x8  ApiPocCmd.o [1]
  .near.rodata       const    0x00a938     0x8  Task.o [1]
  .near.rodata       const    0x00a940     0x7  ApiAtCmd.o [1]
  .near.rodata       const    0x00a947     0x7  ApiAtCmd.o [1]
  .near.rodata       const    0x00a94e     0x7  ApiAtCmd.o [1]
  .near.rodata       const    0x00a955     0x7  ApiPocCmd.o [1]
  .near.rodata       const    0x00a95c     0x7  DrvGD83.o [1]
  .near.rodata       const    0x00a963     0x7  Task.o [1]
  .near.rodata       const    0x00a96a     0x7  Task.o [1]
  .near.rodata       const    0x00a971     0x6  DrvGD83.o [1]
  .near.rodata       const    0x00a977     0x6  System.o [1]
  .near.rodata       const    0x00a97d     0x4  ApiMenu.o [1]
  .near.rodata       const    0x00a981     0x4  ApiMenu.o [1]
  .near.rodata       const    0x00a985     0x4  ApiMenu.o [1]
  .near.rodata       const    0x00a989     0x4  ApiMenu.o [1]
  .near.rodata       const    0x00a98d     0x4  ApiMenu.o [1]
  .near.rodata       const    0x00a991     0x4  ApiMenu.o [1]
  .near.rodata       const    0x00a995     0x4  ApiMenu.o [1]
  .near.rodata       const    0x00a999     0x4  ApiMenu.o [1]
  .near.rodata       const    0x00a99d     0x4  stm8s_clk.o [1]
  .near.rodata       const    0x00a9a1     0x4  uart3.o [1]
  .near.rodata       const    0x00a9a5     0x3  DrvGD83.o [1]
  .near.rodata       const    0x00a9a8     0x3  uart3.o [1]
  .near.rodata       const    0x00a9ab     0x3  uart3.o [1]
                            - 0x00a9ae  0x292e

"P4", part 1 of 2:                      0x12f6
  .far_func.text     ro code  0x00a9ae    0x58  dc_util.o [5]
  .far_func.text     ro code  0x00aa06    0x57  ApiDisplay.o [1]
  .far_func.text     ro code  0x00aa5d    0x56  Tone.o [1]
  .far_func.text     ro code  0x00aab3    0x55  Delay.o [1]
  .far_func.text     ro code  0x00ab08    0x54  stm8s_adc2.o [1]
  .far_func.text     ro code  0x00ab5c    0x52  uart3.o [1]
  .far_func.text     ro code  0x00abae    0x52  uart3.o [1]
  .far_func.text     ro code  0x00ac00    0x4f  ApiDisplay.o [1]
  .far_func.text     ro code  0x00ac4f    0x4f  uart3.o [1]
  .far_func.text     ro code  0x00ac9e    0x4e  CommonLib.o [1]
  .far_func.text     ro code  0x00acec    0x4a  DrvGD83.o [1]
  .far_func.text     ro code  0x00ad36    0x4a  DrvGD83.o [1]
  .far_func.text     ro code  0x00ad80    0x4a  DrvGD83.o [1]
  .far_func.text     ro code  0x00adca    0x4a  DrvGD83.o [1]
  .far_func.text     ro code  0x00ae14    0x49  stm8s_uart3.o [1]
  .far_func.text     ro code  0x00ae5d    0x48  Flash_eeprom.o [1]
  .far_func.text     ro code  0x00aea5    0x48  Flash_eeprom.o [1]
  .far_func.text     ro code  0x00aeed    0x48  GT20L16P1Y_D.o [1]
  .far_func.text     ro code  0x00af35    0x48  GT20L16P1Y_D.o [1]
  .far_func.text     ro code  0x00af7d    0x47  GT20L16P1Y.o [3]
  .far_func.text     ro code  0x00afc4    0x44  short.o [5]
  .far_func.text     ro code  0x00b008    0x43  stm8s_tim1.o [1]
  .far_func.text     ro code  0x00b04b    0x43  uart3.o [1]
  .far_func.text     ro code  0x00b08e    0x40  Task.o [1]
  .far_func.text     ro code  0x00b0ce    0x3e  Flash_eeprom.o [1]
  .far_func.text     ro code  0x00b10c    0x3d  DrvGD83.o [1]
  .far_func.text     ro code  0x00b149    0x39  uart3.o [1]
  .far_func.text     ro code  0x00b182    0x38  Beep.o [1]
  .far_func.text     ro code  0x00b1ba    0x38  DrvGT20L16S1Y.o [1]
  .far_func.text     ro code  0x00b1f2    0x36  stm8s_flash.o [1]
  .far_func.text     ro code  0x00b228    0x36  sysclock.o [1]
  .far_func.text     ro code  0x00b25e    0x36  memcmp.o [5]
  .far_func.text     ro code  0x00b294    0x34  McuConfig.o [1]
  .far_func.text     ro code  0x00b2c8    0x32  stm8s_uart1.o [1]
  .far_func.text     ro code  0x00b2fa    0x30  stm8s_adc2.o [1]
  .far_func.text     ro code  0x00b32a    0x2f  ApiDisplay.o [1]
  .far_func.text     ro code  0x00b359    0x2f  ApiDisplay.o [1]
  .far_func.text     ro code  0x00b388    0x2f  stm8s_adc2.o [1]
  .far_func.text     ro code  0x00b3b7    0x2e  ApiDisplay.o [1]
  .far_func.text     ro code  0x00b3e5    0x2e  ApiDisplay.o [1]
  .far_func.text     ro code  0x00b413    0x2e  McuConfig.o [1]
  .far_func.text     ro code  0x00b441    0x2d  ApiDisplay.o [1]
  .far_func.text     ro code  0x00b46e    0x2d  stm8s_uart1.o [1]
  .far_func.text     ro code  0x00b49b    0x2c  DrvGD83.o [1]
  .far_func.text     ro code  0x00b4c7    0x2b  sysclock.o [1]
  .far_func.text     ro code  0x00b4f2    0x2b  Task.o [1]
  .far_func.text     ro code  0x00b51d    0x29  Delay.o [1]
  .far_func.text     ro code  0x00b546    0x29  McuConfig.o [1]
  .far_func.text     ro code  0x00b56f    0x28  stm8s_flash.o [1]
  .far_func.text     ro code  0x00b597    0x28  init_small.o [5]
  .far_func.text     ro code  0x00b5bf    0x27  ADC.o [1]
  .far_func.text     ro code  0x00b5e6    0x27  McuConfig.o [1]
  .far_func.text     ro code  0x00b60d    0x26  GT20L16P1Y_D.o [1]
  .far_func.text     ro code  0x00b633    0x26  stm8s_it.o [1]
  .far_func.text     ro code  0x00b659    0x26  Tone.o [1]
  .far_func.text     ro code  0x00b67f    0x26  memcpy.o [5]
  .far_func.text     ro code  0x00b6a5    0x25  stm8s_flash.o [1]
  .far_func.text     ro code  0x00b6ca    0x25  stm8s_uart3.o [1]
  .far_func.text     ro code  0x00b6ef    0x25  move.o [5]
  .far_func.text     ro code  0x00b714    0x24  stm8s_tim1.o [1]
  .far_func.text     ro code  0x00b738    0x22  ADC.o [1]
  .far_func.text     ro code  0x00b75a    0x22  ApiPocCmd.o [1]
  .far_func.text     ro code  0x00b77c    0x22  ApiPocCmd.o [1]
  .far_func.text     ro code  0x00b79e    0x21  ApiGpsCmd.o [1]
  .far_func.text     ro code  0x00b7bf    0x21  ApiPocCmd.o [1]
  .far_func.text     ro code  0x00b7e0    0x21  Delay.o [1]
  .far_func.text     ro code  0x00b801    0x21  stm8s_adc2.o [1]
  .far_func.text     ro code  0x00b822    0x21  stm8s_it.o [1]
  .far_func.text     ro code  0x00b843    0x20  ApiPocCmd.o [1]
  .far_func.text     ro code  0x00b863    0x1f  sysclock.o [1]
  .far_func.text     ro code  0x00b882    0x1e  init.o [5]
  .far_func.text     ro code  0x00b8a0    0x1e  init_small.o [5]
  .far_func.text     ro code  0x00b8be    0x1c  Beep.o [1]
  .far_func.text     ro code  0x00b8da    0x1c  Delay.o [1]
  .far_func.text     ro code  0x00b8f6    0x1b  stm8s_it.o [1]
  .far_func.text     ro code  0x00b911    0x19  McuConfig.o [1]
  .far_func.text     ro code  0x00b92a    0x19  McuConfig.o [1]
  .far_func.text     ro code  0x00b943    0x19  McuConfig.o [1]
  .far_func.text     ro code  0x00b95c    0x19  McuConfig.o [1]
  .far_func.text     ro code  0x00b975    0x19  McuConfig.o [1]
  .far_func.text     ro code  0x00b98e    0x17  ApiDisplay.o [1]
  .far_func.text     ro code  0x00b9a5    0x17  ApiDisplay.o [1]
  .far_func.text     ro code  0x00b9bc    0x17  uart3.o [1]
  .far_func.text     ro code  0x00b9d3    0x17  cstartup.o [5]
  .far_func.text     ro code  0x00b9ea    0x17  memset.o [5]
  .far_func.text     ro code  0x00ba01    0x16  stm8s_flash.o [1]
  .far_func.text     ro code  0x00ba17    0x16  __dbg_xxexit.o [4]
  .far_func.text     ro code  0x00ba2d    0x14  stm8s_flash.o [1]
  .far_func.text     ro code  0x00ba41    0x13  ApiPocCmd.o [1]
  .far_func.text     ro code  0x00ba54    0x13  ApiPocCmd.o [1]
  .far_func.text     ro code  0x00ba67    0x13  stm8s_adc2.o [1]
  .far_func.text     ro code  0x00ba7a    0x13  stm8s_clk.o [1]
  .far_func.text     ro code  0x00ba8d    0x13  stm8s_tim3.o [1]
  .far_func.text     ro code  0x00baa0    0x12  ApiPocCmd.o [1]
  .far_func.text     ro code  0x00bab2    0x12  ApiPocCmd.o [1]
  .far_func.text     ro code  0x00bac4    0x12  uart3.o [1]
  .far_func.text     ro code  0x00bad6    0x12  strlen.o [5]
  .far_func.text     ro code  0x00bae8    0x10  uart3.o [1]
  .far_func.text     ro code  0x00baf8     0xf  Voice.o [1]
  .far_func.text     ro code  0x00bb07     0xe  far_util.o [5]
  .far_func.text     ro code  0x00bb15     0xd  McuConfig.o [1]
  .far_func.text     ro code  0x00bb22     0xd  McuConfig.o [1]
  .far_func.text     ro code  0x00bb2f     0xd  McuConfig.o [1]
  .far_func.text     ro code  0x00bb3c     0xd  McuConfig.o [1]
  .far_func.text     ro code  0x00bb49     0xd  stm8s_adc2.o [1]
  .far_func.text     ro code  0x00bb56     0xd  stm8s_tim1.o [1]
  .far_func.text     ro code  0x00bb63     0xd  stm8s_tim1.o [1]
  .far_func.text     ro code  0x00bb70     0xd  stm8s_tim1.o [1]
  .far_func.text     ro code  0x00bb7d     0xd  stm8s_tim3.o [1]
  .far_func.text     ro code  0x00bb8a     0xd  stm8s_tim3.o [1]
  .far_func.text     ro code  0x00bb97     0xd  stm8s_uart1.o [1]
  .far_func.text     ro code  0x00bba4     0xd  stm8s_uart3.o [1]
  .far_func.text     ro code  0x00bbb1     0xc  stm8s_tim3.o [1]
  .far_func.text     ro code  0x00bbbd     0xb  ApiPocCmd.o [1]
  .far_func.text     ro code  0x00bbc8     0xa  ApiAtCmd.o [1]
  .far_func.text     ro code  0x00bbd2     0x9  stm8s_gpio.o [1]
  .far_func.text     ro code  0x00bbdb     0x9  stm8s_tim3.o [1]
  .far_func.text     ro code  0x00bbe4     0x7  ApiAtCmd.o [1]
  .far_func.text     ro code  0x00bbeb     0x7  ApiAtCmd.o [1]
  .far_func.text     ro code  0x00bbf2     0x7  ApiPocCmd.o [1]
  .far_func.text     ro code  0x00bbf9     0x7  stm8s_flash.o [1]
  .far_func.text     ro code  0x00bc00     0x7  stm8s_gpio.o [1]
  .far_func.text     ro code  0x00bc07     0x6  char.o [5]
  .far_func.text     ro code  0x00bc0d     0x6  cexit.o [5]
  .far_func.text     ro code  0x00bc13     0x5  stm8s_adc2.o [1]
  .far_func.text     ro code  0x00bc18     0x5  stm8s_flash.o [1]
  .far_func.text     ro code  0x00bc1d     0x5  stm8s_flash.o [1]
  .far_func.text     ro code  0x00bc22     0x5  stm8s_tim3.o [1]
  .far_func.text     ro code  0x00bc27     0x4  ApiAtCmd.o [1]
  .far_func.text     ro code  0x00bc2b     0x4  ApiAtCmd.o [1]
  .far_func.text     ro code  0x00bc2f     0x4  ApiAtCmd.o [1]
  .far_func.text     ro code  0x00bc33     0x4  ApiAtCmd.o [1]
  .far_func.text     ro code  0x00bc37     0x4  ApiAtCmd.o [1]
  .far_func.text     ro code  0x00bc3b     0x4  ApiAtCmd.o [1]
  .far_func.text     ro code  0x00bc3f     0x4  ApiAtCmd.o [1]
  .far_func.text     ro code  0x00bc43     0x4  ApiAtCmd.o [1]
  .far_func.text     ro code  0x00bc47     0x4  ApiPocCmd.o [1]
  .far_func.text     ro code  0x00bc4b     0x4  ApiPocCmd.o [1]
  .far_func.text     ro code  0x00bc4f     0x4  ApiPocCmd.o [1]
  .far_func.text     ro code  0x00bc53     0x4  ApiPocCmd.o [1]
  .far_func.text     ro code  0x00bc57     0x4  ApiPocCmd.o [1]
  .far_func.text     ro code  0x00bc5b     0x4  main.o [1]
  .far_func.text     ro code  0x00bc5f     0x4  stm8s_gpio.o [1]
  .far_func.text     ro code  0x00bc63     0x4  stm8s_uart1.o [1]
  .far_func.text     ro code  0x00bc67     0x4  stm8s_uart1.o [1]
  .far_func.text     ro code  0x00bc6b     0x4  stm8s_uart3.o [1]
  .far_func.text     ro code  0x00bc6f     0x4  stm8s_uart3.o [1]
  .far_func.text     ro code  0x00bc73     0x4  System.o [1]
  .far_func.text     ro code  0x00bc77     0x4  System.o [1]
  .far_func.text     ro code  0x00bc7b     0x4  Task.o [1]
  .far_func.text     ro code  0x00bc7f     0x4  interrupt.o [5]
  .far_func.text     ro code  0x00bc83     0x4  exit.o [5]
  .far_func.text     ro code  0x00bc87     0x3  low_level_init.o [5]
  .far_func.text     ro code  0x00bc8a     0x3  unhandled_exception.o [5]
  .far_func.text     ro code  0x00bc8d     0x1  ApiKeyboard.o [1]
  .far_func.text     ro code  0x00bc8e     0x1  stm8s_it.o [1]
  .far_func.text     ro code  0x00bc8f     0x1  stm8s_it.o [1]
  .far_func.text     ro code  0x00bc90     0x1  stm8s_it.o [1]
  .far_func.text     ro code  0x00bc91     0x1  stm8s_it.o [1]
  .far_func.text     ro code  0x00bc92     0x1  stm8s_it.o [1]
  .far_func.text     ro code  0x00bc93     0x1  stm8s_it.o [1]
  .far_func.text     ro code  0x00bc94     0x1  stm8s_it.o [1]
  .far_func.text     ro code  0x00bc95     0x1  stm8s_it.o [1]
  .far_func.text     ro code  0x00bc96     0x1  stm8s_it.o [1]
  .far_func.text     ro code  0x00bc97     0x1  stm8s_it.o [1]
  .far_func.text     ro code  0x00bc98     0x1  stm8s_it.o [1]
  .far_func.text     ro code  0x00bc99     0x1  stm8s_it.o [1]
  .far_func.text     ro code  0x00bc9a     0x1  stm8s_it.o [1]
  .far_func.text     ro code  0x00bc9b     0x1  stm8s_it.o [1]
  .far_func.text     ro code  0x00bc9c     0x1  stm8s_it.o [1]
  .far_func.text     ro code  0x00bc9d     0x1  stm8s_it.o [1]
  .far_func.text     ro code  0x00bc9e     0x1  stm8s_it.o [1]
  .far_func.text     ro code  0x00bc9f     0x1  stm8s_it.o [1]
  .far_func.text     ro code  0x00bca0     0x1  stm8s_it.o [1]
  .far_func.text     ro code  0x00bca1     0x1  stm8s_it.o [1]
  .far_func.text     ro code  0x00bca2     0x1  stm8s_it.o [1]
  .far_func.text     ro code  0x00bca3     0x1  __dbg_break.o [4]
                            - 0x00bca4  0x12f6

"P4", part 2 of 2:                      0x6684
  .far_func.text     ro code  0x010000   0x823  DrvGD83.o [1]
  .far_func.text     ro code  0x010823   0x5e6  ApiKeyboard.o [1]
  .far_func.text     ro code  0x010e09   0x4b5  ApiGpsCmd.o [1]
  .far_func.text     ro code  0x0112be   0x432  Task.o [1]
  .far_func.text     ro code  0x0116f0   0x36d  ApiPocCmd.o [1]
  .far_func.text     ro code  0x011a5d   0x30f  Beep.o [1]
  .far_func.text     ro code  0x011d6c   0x2de  ApiGpsCmd.o [1]
  .far_func.text     ro code  0x01204a   0x2cd  GT20L16P1Y.o [3]
  .far_func.text     ro code  0x012317   0x255  ApiGpsCmd.o [1]
  .far_func.text     ro code  0x01256c   0x252  DrvHTG12832.o [1]
  .far_func.text     ro code  0x0127be   0x251  GT20L16P1Y.o [3]
  .far_func.text     ro code  0x012a0f   0x246  ApiAtCmd.o [1]
  .far_func.text     ro code  0x012c55   0x228  ApiAtCmd.o [1]
  .far_func.text     ro code  0x012e7d   0x211  DrvKeyboard.o [1]
  .far_func.text     ro code  0x01308e   0x1dc  Task.o [1]
  .far_func.text     ro code  0x01326a   0x1b2  uart3.o [1]
  .far_func.text     ro code  0x01341c   0x19f  long.o [5]
  .far_func.text     ro code  0x0135bb   0x185  GT20L16P1Y.o [3]
  .far_func.text     ro code  0x013740   0x173  ApiPocCmd.o [1]
  .far_func.text     ro code  0x0138b3   0x16d  System.o [1]
  .far_func.text     ro code  0x013a20   0x16b  ApiAtCmd.o [1]
  .far_func.text     ro code  0x013b8b   0x165  ApiGpsCmd.o [1]
  .far_func.text     ro code  0x013cf0   0x163  ApiPocCmd.o [1]
  .far_func.text     ro code  0x013e53   0x160  Delay.o [1]
  .far_func.text     ro code  0x013fb3   0x15c  vreg_util.o [5]
  .far_func.text     ro code  0x01410f   0x159  ApiMenu.o [1]
  .far_func.text     ro code  0x014268   0x159  stm8s_uart1.o [1]
  .far_func.text     ro code  0x0143c1   0x148  DrvKeyboard.o [1]
  .far_func.text     ro code  0x014509   0x13f  DrvKeyboard.o [1]
  .far_func.text     ro code  0x014648   0x13b  DrvGT20L16S1Y.o [1]
  .far_func.text     ro code  0x014783   0x134  DrvGT20L16S1Y.o [1]
  .far_func.text     ro code  0x0148b7   0x12a  stm8s_uart3.o [1]
  .far_func.text     ro code  0x0149e1   0x109  uart3.o [1]
  .far_func.text     ro code  0x014aea   0x104  ApiAtCmd.o [1]
  .far_func.text     ro code  0x014bee   0x103  stm8s_itc.o [1]
  .far_func.text     ro code  0x014cf1   0x101  ADC.o [1]
  .far_func.text     ro code  0x014df2    0xff  ApiGpsCmd.o [1]
  .far_func.text     ro code  0x014ef1    0xfa  CommonLib.o [1]
  .far_func.text     ro code  0x014feb    0xeb  DrvGD83.o [1]
  .far_func.text     ro code  0x0150d6    0xe5  ApiKeyboard.o [1]
  .far_func.text     ro code  0x0151bb    0xe2  uart3.o [1]
  .far_func.text     ro code  0x01529d    0xd9  ApiDisplay.o [1]
  .far_func.text     ro code  0x015376    0xd8  ApiPocCmd.o [1]
  .far_func.text     ro code  0x01544e    0xc8  ApiDisplay.o [1]
  .far_func.text     ro code  0x015516    0xc1  uart3.o [1]
  .far_func.text     ro code  0x0155d7    0xc0  ApiDisplay.o [1]
  .far_func.text     ro code  0x015697    0xb6  stm8s_uart3.o [1]
  .far_func.text     ro code  0x01574d    0xb0  ApiDisplay.o [1]
  .far_func.text     ro code  0x0157fd    0xaf  stm8s_gpio.o [1]
  .far_func.text     ro code  0x0158ac    0xa3  Delay.o [1]
  .far_func.text     ro code  0x01594f    0xa2  stm8s_clk.o [1]
  .far_func.text     ro code  0x0159f1    0x9b  Voice.o [1]
  .far_func.text     ro code  0x015a8c    0x99  stm8s_tim1.o [1]
  .far_func.text     ro code  0x015b25    0x97  ApiDisplay.o [1]
  .far_func.text     ro code  0x015bbc    0x96  CommonLib.o [1]
  .far_func.text     ro code  0x015c52    0x96  DrvKeyboard.o [1]
  .far_func.text     ro code  0x015ce8    0x95  uart3.o [1]
  .far_func.text     ro code  0x015d7d    0x92  stm8s_uart1.o [1]
  .far_func.text     ro code  0x015e0f    0x8d  stm8s_uart3.o [1]
  .far_func.text     ro code  0x015e9c    0x88  ApiDisplay.o [1]
  .far_func.text     ro code  0x015f24    0x82  stm8s_adc2.o [1]
  .far_func.text     ro code  0x015fa6    0x80  DrvGD83.o [1]
  .far_func.text     ro code  0x016026    0x73  ApiAtCmd.o [1]
  .far_func.text     ro code  0x016099    0x73  Delay.o [1]
  .far_func.text     ro code  0x01610c    0x72  DrvKeyboard.o [1]
  .far_func.text     ro code  0x01617e    0x6e  uart3.o [1]
  .far_func.text     ro code  0x0161ec    0x6d  stm8s_uart1.o [1]
  .far_func.text     ro code  0x016259    0x6b  Tone.o [1]
  .far_func.text     ro code  0x0162c4    0x67  ApiAtCmd.o [1]
  .far_func.text     ro code  0x01632b    0x64  ApiDisplay.o [1]
  .far_func.text     ro code  0x01638f    0x64  ApiGpsCmd.o [1]
  .far_func.text     ro code  0x0163f3    0x64  long_util.o [5]
  .far_func.text     ro code  0x016457    0x61  stm8s_tim1.o [1]
  .far_func.text     ro code  0x0164b8    0x60  ApiLED.o [1]
  .far_func.text     ro code  0x016518    0x5e  CommonLib.o [1]
  .far_func.text     ro code  0x016576    0x5c  GT20L16P1Y_D.o [1]
  .far_func.text     ro code  0x0165d2    0x5a  ApiDisplay.o [1]
  .far_func.text     ro code  0x01662c    0x58  stm8s_clk.o [1]
                            - 0x016684  0x6684


*******************************************************************************
*** INIT TABLE
***

          Address   Size
          -------   ----
Zero (__iar_zero_init2)
    1 destination range, total size 0x141b:
          0x00006f  0x141b

Copy (__iar_copy_init2)
    1 source range, total size 0x5f:
          0x00a2e0    0x5f
    1 destination range, total size 0x5f:
          0x000010    0x5f



*******************************************************************************
*** MODULE SUMMARY
***

    Module                 ro code  ro data  rw data
    ------                 -------  -------  -------
E:\1-source\A508\PRJ\Debug\Obj: [1]
    ADC.o                      330                 1
    ApiAtCmd.o               2 031      275      180
    ApiDisplay.o             1 705    1 128      578
    ApiGpsCmd.o              3 281       12      466
    ApiKeyboard.o            1 740      161       28
    ApiLED.o                    96                 1
    ApiMenu.o                  345      228
    ApiPocCmd.o              2 064       45    3 139
    Beep.o                     867                18
    CommonLib.o                572       17
    Delay.o                    817       17       16
    DrvGD83.o                2 847       33      659
    DrvGT20L16S1Y.o            679
    DrvHTG12832.o              594                 2
    DrvKeyboard.o            1 440
    Flash_eeprom.o             206
    GT20L16P1Y_D.o             274    7 776
    McuConfig.o                355
    System.o                   373       67       26
    Task.o                   1 661      671       32
    Tone.o                     231                18
    Voice.o                    170                 6
    main.o                       4
    stm8s_adc2.o               379
    stm8s_clk.o                269        4
    stm8s_flash.o              190
    stm8s_gpio.o               195
    stm8s_it.o                 119
    stm8s_itc.o                259
    stm8s_tim1.o               392
    stm8s_tim3.o                71
    stm8s_uart1.o              716
    stm8s_uart3.o              752
    sysclock.o                 128
    uart3.o                  1 801       26       72
    ------------------------------------------------
    Total:                  27 953   10 460    5 242

command line: [2]
    ------------------------------------------------
    Total:

GT20L16_STM8_DOUBLE_MEDIUM_IAR.a: [3]
    GT20L16P1Y.o             1 770       62
    ------------------------------------------------
    Total:                   1 770       62

dbgstm8mmd.a: [4]
    __dbg_break.o                1
    __dbg_xxexit.o              22
    ------------------------------------------------
    Total:                      23

dlstm8mmn.a: [5]
    cexit.o                      6
    char.o                       6
    cstartup.o                  23
    dc_util.o                   88
    exit.o                       4
    far_util.o                  14
    init.o                      30
    init_small.o                70
    interrupt.o                  4      128
    long.o                     415
    long_util.o                100
    low_level_init.o             3
    memcmp.o                    54
    memcpy.o                    38
    memset.o                    23
    move.o                      37
    short.o                     68
    strlen.o                    18
    unhandled_exception.o        3
    vreg_util.o                348
    vregs.o                                       16
    ------------------------------------------------
    Total:                   1 352      128       16

    Linker created                       20      256
----------------------------------------------------
    Grand Total:            31 098   10 670    5 514


*******************************************************************************
*** ENTRY LIST
***

Entry                    Address    Size  Type      Object
-----                    -------    ----  ----      ------
.iar.init_table$$Base   0x00a487           --   Gb  - Linker created -
.iar.init_table$$Limit  0x00a49b           --   Gb  - Linker created -
?add32_l0_l0_0x         0x01341f          Code  Gb  long.o [5]
?add32_l0_l0_l1         0x01341c          Code  Gb  long.o [5]
?and32_l0_l0_0x         0x01355b          Code  Gb  long.o [5]
?and32_l0_l0_l1         0x013558          Code  Gb  long.o [5]
?b0                     0x000000          Data  Gb  vregs.o [5]
?b1                     0x000001          Data  Gb  vregs.o [5]
?b10                    0x00000a          Data  Gb  vregs.o [5]
?b11                    0x00000b          Data  Gb  vregs.o [5]
?b12                    0x00000c          Data  Gb  vregs.o [5]
?b13                    0x00000d          Data  Gb  vregs.o [5]
?b14                    0x00000e          Data  Gb  vregs.o [5]
?b15                    0x00000f          Data  Gb  vregs.o [5]
?b2                     0x000002          Data  Gb  vregs.o [5]
?b3                     0x000003          Data  Gb  vregs.o [5]
?b4                     0x000004          Data  Gb  vregs.o [5]
?b5                     0x000005          Data  Gb  vregs.o [5]
?b6                     0x000006          Data  Gb  vregs.o [5]
?b7                     0x000007          Data  Gb  vregs.o [5]
?b8                     0x000008          Data  Gb  vregs.o [5]
?b9                     0x000009          Data  Gb  vregs.o [5]
?dc32_l0                0x00a9ae          Code  Gb  dc_util.o [5]
?dc32_l1                0x00a9da          Code  Gb  dc_util.o [5]
?e0                     0x000001          Data  Gb  vregs.o [5]
?e1                     0x000005          Data  Gb  vregs.o [5]
?e2                     0x000009          Data  Gb  vregs.o [5]
?e3                     0x00000d          Data  Gb  vregs.o [5]
?epilogue_l2            0x01406b          Code  Gb  vreg_util.o [5]
?epilogue_l2_l3         0x014067          Code  Gb  vreg_util.o [5]
?epilogue_l2_w6         0x014070          Code  Gb  vreg_util.o [5]
?epilogue_w4            0x014079          Code  Gb  vreg_util.o [5]
?l0                     0x000000          Data  Gb  vregs.o [5]
?l1                     0x000004          Data  Gb  vregs.o [5]
?l2                     0x000008          Data  Gb  vregs.o [5]
?l3                     0x00000c          Data  Gb  vregs.o [5]
?load24_e1_0x           0x00bb07          Code  Gb  far_util.o [5]
?load32_0x_l0           0x016449          Code  Gb  long_util.o [5]
?load32_l0_0x           0x01640d          Code  Gb  long_util.o [5]
?load32_l0_asp          0x016401          Code  Gb  long_util.o [5]
?load32_l0_dbsp         0x0163f3          Code  Gb  long_util.o [5]
?load32_l0_xsp          0x016403          Code  Gb  long_util.o [5]
?load32_l1_0x           0x016433          Code  Gb  long_util.o [5]
?load32_l1_asp          0x016427          Code  Gb  long_util.o [5]
?load32_l1_dbsp         0x016419          Code  Gb  long_util.o [5]
?load32_l1_xsp          0x016429          Code  Gb  long_util.o [5]
?load32_xsp_l0          0x01643f          Code  Gb  long_util.o [5]
?longfarg16_v_w0_a      0x00b6fc          Code  Gb  move.o [5]
?longfarg16_v_w0_x      0x00b6fe          Code  Gb  move.o [5]
?mov_e0_e1              0x014096          Code  Gb  vreg_util.o [5]
?mov_e0_e2              0x0140a3          Code  Gb  vreg_util.o [5]
?mov_e0_e3              0x0140b0          Code  Gb  vreg_util.o [5]
?mov_e1_e0              0x0140bd          Code  Gb  vreg_util.o [5]
?mov_e1_e2              0x0140ca          Code  Gb  vreg_util.o [5]
?mov_e1_e3              0x0140d7          Code  Gb  vreg_util.o [5]
?mov_e2_e0              0x0140e4          Code  Gb  vreg_util.o [5]
?mov_e3_e0              0x0140f8          Code  Gb  vreg_util.o [5]
?mov_e3_e1              0x014105          Code  Gb  vreg_util.o [5]
?mov_l0_l1              0x014093          Code  Gb  vreg_util.o [5]
?mov_l0_l2              0x0140a0          Code  Gb  vreg_util.o [5]
?mov_l0_l3              0x0140ad          Code  Gb  vreg_util.o [5]
?mov_l1_l0              0x0140ba          Code  Gb  vreg_util.o [5]
?mov_l1_l2              0x0140c7          Code  Gb  vreg_util.o [5]
?mov_l1_l3              0x0140d4          Code  Gb  vreg_util.o [5]
?mov_l2_l0              0x0140e1          Code  Gb  vreg_util.o [5]
?mov_l3_l0              0x0140f5          Code  Gb  vreg_util.o [5]
?mov_l3_l1              0x014102          Code  Gb  vreg_util.o [5]
?mov_w1_w3              0x014099          Code  Gb  vreg_util.o [5]
?mov_w1_w4              0x01407e          Code  Gb  vreg_util.o [5]
?mov_w1_w5              0x0140a6          Code  Gb  vreg_util.o [5]
?mov_w1_w7              0x0140b3          Code  Gb  vreg_util.o [5]
?mov_w2_w1              0x014085          Code  Gb  vreg_util.o [5]
?mov_w3_w1              0x0140c0          Code  Gb  vreg_util.o [5]
?mov_w3_w5              0x0140cd          Code  Gb  vreg_util.o [5]
?mov_w3_w7              0x0140da          Code  Gb  vreg_util.o [5]
?mov_w5_w1              0x0140e7          Code  Gb  vreg_util.o [5]
?mov_w5_w3              0x0140ee          Code  Gb  vreg_util.o [5]
?mov_w6_w0              0x01408c          Code  Gb  vreg_util.o [5]
?mov_w7_w1              0x0140fb          Code  Gb  vreg_util.o [5]
?mov_w7_w3              0x014108          Code  Gb  vreg_util.o [5]
?move1616_v_x_y_a       0x00b6ef          Code  Gb  move.o [5]
?mul16_x_x_w0           0x00afc4          Code  Gb  short.o [5]
?mul32_l0_l0_l1         0x013452          Code  Gb  long.o [5]
?or32_l0_l0_0x          0x013576          Code  Gb  long.o [5]
?or32_l0_l0_l1          0x013573          Code  Gb  long.o [5]
?pop_l0                 0x01402f          Code  Gb  vreg_util.o [5]
?pop_l1                 0x01403a          Code  Gb  vreg_util.o [5]
?pop_l2                 0x014045          Code  Gb  vreg_util.o [5]
?pop_l3                 0x014050          Code  Gb  vreg_util.o [5]
?pop_w4                 0x013fd9          Code  Gb  vreg_util.o [5]
?pop_w5                 0x013fe0          Code  Gb  vreg_util.o [5]
?pop_w6                 0x013fe7          Code  Gb  vreg_util.o [5]
?push_l0                0x013ffa          Code  Gb  vreg_util.o [5]
?push_l1                0x013fff          Code  Gb  vreg_util.o [5]
?push_l2                0x014004          Code  Gb  vreg_util.o [5]
?push_l3                0x014009          Code  Gb  vreg_util.o [5]
?push_w4                0x013fb3          Code  Gb  vreg_util.o [5]
?push_w5                0x013fb8          Code  Gb  vreg_util.o [5]
?push_w6                0x013fbd          Code  Gb  vreg_util.o [5]
?sext16_x_a             0x00b001          Code  Gb  short.o [5]
?sext32_l0_x            0x0135b0          Code  Gb  long.o [5]
?sll16_x_x_4            0x00affc          Code  Gb  short.o [5]
?sll16_x_x_5            0x00affb          Code  Gb  short.o [5]
?sll16_x_x_6            0x00affa          Code  Gb  short.o [5]
?sll16_x_x_a            0x00aff2          Code  Gb  short.o [5]
?sll32_0x_0x_a          0x013591          Code  Gb  long.o [5]
?sll32_l0_l0_a          0x01358e          Code  Gb  long.o [5]
?smod16_y_x_y           0x00afe2          Code  Gb  short.o [5]
?srl32_0x_0x_a          0x0135a2          Code  Gb  long.o [5]
?srl32_l0_l0_a          0x01359f          Code  Gb  long.o [5]
?srl8_a_a_5             0x00bc08          Code  Gb  char.o [5]
?srl8_a_a_6             0x00bc07          Code  Gb  char.o [5]
?sub32_l0_l0_0x         0x01343a          Code  Gb  long.o [5]
?sub32_l0_l0_l1         0x013437          Code  Gb  long.o [5]
?ucmp32_c_l0_l1         0x01354d          Code  Gb  long.o [5]
?udiv32_l0_dl_l1        0x0134d6          Code  Gb  long.o [5]
?udiv32_l0_l0_dl        0x0134dc          Code  Gb  long.o [5]
?udiv32_l0_l0_l1        0x0134e0          Code  Gb  long.o [5]
?umod32_l1_l0_dl        0x0134d0          Code  Gb  long.o [5]
?umod32_l1_l0_l1        0x0134e0          Code  Gb  long.o [5]
?w0                     0x000000          Data  Gb  vregs.o [5]
?w1                     0x000002          Data  Gb  vregs.o [5]
?w2                     0x000004          Data  Gb  vregs.o [5]
?w3                     0x000006          Data  Gb  vregs.o [5]
?w4                     0x000008          Data  Gb  vregs.o [5]
?w5                     0x00000a          Data  Gb  vregs.o [5]
?w6                     0x00000c          Data  Gb  vregs.o [5]
?w7                     0x00000e          Data  Gb  vregs.o [5]
ADC2_Cmd                0x00bb49     0xd  Code  Gb  stm8s_adc2.o [1]
ADC2_ConversionConfig   0x00b388    0x2f  Code  Gb  stm8s_adc2.o [1]
ADC2_ExternalTriggerConfig
                        0x00b801    0x21  Code  Gb  stm8s_adc2.o [1]
ADC2_GetConversionValue
                        0x00ab08    0x54  Code  Gb  stm8s_adc2.o [1]
ADC2_IRQHandler         0x00bca0     0x1  Code  Gb  stm8s_it.o [1]
ADC2_Init               0x00b2fa    0x30  Code  Gb  stm8s_adc2.o [1]
ADC2_PrescalerConfig    0x00ba67    0x13  Code  Gb  stm8s_adc2.o [1]
ADC2_SchmittTriggerConfig
                        0x015f24    0x82  Code  Gb  stm8s_adc2.o [1]
ADC2_StartConversion    0x00bc13     0x5  Code  Gb  stm8s_adc2.o [1]
ADC_Init                0x00b738    0x22  Code  Gb  ADC.o [1]
AF_Mute_Init            0x00bb22     0xd  Code  Gb  McuConfig.o [1]
AUDIO_IOAFMUT           0x00b95c    0x19  Code  Gb  McuConfig.o [1]
AUDIO_IOAFPOW           0x00b975    0x19  Code  Gb  McuConfig.o [1]
AWU_IRQHandler          0x00bc90     0x1  Code  Gb  stm8s_it.o [1]
AkeyvolumeCount         0x000039     0x1  Data  Gb  ApiKeyboard.o [1]
AlarmCount              0x000054     0x1  Data  Gb  Task.o [1]
ApGpsCmd_10msRenew      0x00b79e    0x21  Code  Gb  ApiGpsCmd.o [1]
ApiAtCmd_100msRenew     0x012bd4    0x81  Code  Gb  ApiAtCmd.o [1]
ApiAtCmd_10msRenew      0x014aea   0x104  Code  Gb  ApiAtCmd.o [1]
ApiAtCmd_GetGroupName   0x00baa0    0x12  Code  Gb  ApiPocCmd.o [1]
ApiAtCmd_GetGroupNameLen
                        0x00ba41    0x13  Code  Gb  ApiPocCmd.o [1]
ApiAtCmd_GetGroupNum    0x00bc4b     0x4  Code  Gb  ApiPocCmd.o [1]
ApiAtCmd_GetLoginState  0x00bbf2     0x7  Code  Gb  ApiPocCmd.o [1]
ApiAtCmd_GetMainGroupId
                        0x00bc53     0x4  Code  Gb  ApiPocCmd.o [1]
ApiAtCmd_GetMainUserId  0x00bc57     0x4  Code  Gb  ApiPocCmd.o [1]
ApiAtCmd_GetMainWorkName
                        0x00bc47     0x4  Code  Gb  ApiPocCmd.o [1]
ApiAtCmd_GetUserName    0x00bab2    0x12  Code  Gb  ApiPocCmd.o [1]
ApiAtCmd_GetUserNameLen
                        0x00ba54    0x13  Code  Gb  ApiPocCmd.o [1]
ApiAtCmd_GetUserNum     0x00bc4f     0x4  Code  Gb  ApiPocCmd.o [1]
ApiAtCmd_Get_location_Information
                        0x012c55   0x228  Code  Gb  ApiAtCmd.o [1]
ApiAtCmd_PlayVoice      0x016026    0x73  Code  Gb  ApiAtCmd.o [1]
ApiAtCmd_WritCommand    0x012a0f   0x178  Code  Gb  ApiAtCmd.o [1]
ApiAtCmd_tcp_state      0x00bbc8     0xa  Code  Gb  ApiAtCmd.o [1]
ApiCaretCmd_10msRenew   0x013a20   0x16b  Code  Gb  ApiAtCmd.o [1]
ApiGpsCmd_100msRenew    0x0110fa   0x1c4  Code  Gb  ApiGpsCmd.o [1]
ApiGpsCmd_PowerOnInitial
                        0x014df2    0xff  Code  Gb  ApiGpsCmd.o [1]
ApiPocCmd_10msRenew     0x0116f0   0x36d  Code  Gb  ApiPocCmd.o [1]
ApiPocCmd_WritCommand   0x013cf0   0x163  Code  Gb  ApiPocCmd.o [1]
ApiPocCmd_user_info_set
                        0x015376    0xd8  Code  Gb  ApiPocCmd.o [1]
AtCmdDrvobj             0x0012a1    0x85  Data  Lc  ApiAtCmd.o [1]
AtCmd_NetParamCode      0x012b87    0x4d  Code  Lc  ApiAtCmd.o [1]
AtNotify_Queue          0x01009a    0x4d  Code  Lc  DrvGD83.o [1]
AtNotify_Queue_Start    0x0100e7    0x56  Code  Lc  DrvGD83.o [1]
BEEP_Interrupt10ms      0x00b8be    0x1c  Code  Gb  Beep.o [1]
BEEP_PowerOnInitial     0x011c99    0xd3  Code  Gb  Beep.o [1]
BEEP_SetOutput          0x011a5d   0x23c  Code  Gb  Beep.o [1]
BEEP_Time               0x00b182    0x38  Code  Gb  Beep.o [1]
BeepDrvObj              0x00140e    0x12  Data  Lc  Beep.o [1]
BitTab                  0x00a928     0x8  Data  Gb  ApiDisplay.o [1]
BootProcess_PPPCFG_Flag
                        0x00145c     0x1  Data  Gb  ApiAtCmd.o [1]
BootProcess_PPPCFG_Flag_Zanshi
                        0x000010     0x1  Data  Gb  ApiAtCmd.o [1]
BootProcess_SIMST_Flag  0x00145b     0x1  Data  Gb  ApiAtCmd.o [1]
CHAR_HIGH               0x00a76d    0x10  Data  Gb  ApiDisplay.o [1]
CHAR_TO_Digital         0x0162c4    0x67  Code  Gb  ApiAtCmd.o [1]
CHAR_WIDTH              0x00a77d    0x10  Data  Gb  ApiDisplay.o [1]
CLK_ClockSwitchConfig   0x01594f    0xa2  Code  Gb  stm8s_clk.o [1]
CLK_GetClockFreq        0x01662c    0x58  Code  Gb  stm8s_clk.o [1]
CLK_HSIPrescalerConfig  0x00ba7a    0x13  Code  Gb  stm8s_clk.o [1]
CLK_IRQHandler          0x00bc91     0x1  Code  Gb  stm8s_it.o [1]
COMLHexArray2String     0x01638f    0x64  Code  Lc  ApiGpsCmd.o [1]
COML_AscToHex           0x014ef1    0xfa  Code  Gb  CommonLib.o [1]
COML_HexToAsc2          0x015bbc    0x96  Code  Gb  CommonLib.o [1]
COML_StringReverse      0x016518    0x5e  Code  Gb  CommonLib.o [1]
CSQ_Flag                0x00145e     0x1  Data  Gb  ApiAtCmd.o [1]
CSTACK$$Base            0x001700           --   Gb  - Linker created -
CSTACK$$Limit           0x001800           --   Gb  - Linker created -
C_TEST_OUT_SET          0x00bb3c     0xd  Code  Gb  McuConfig.o [1]
CaretNotify_Queue       0x010000    0x4d  Code  Lc  DrvGD83.o [1]
CaretNotify_Queue_Start
                        0x010193    0x56  Code  Lc  DrvGD83.o [1]
CharCode                0x001456     0x2  Data  Gb  ApiDisplay.o [1]
DEL_100msProcess        0x013f26    0x54  Code  Lc  Delay.o [1]
DEL_10msProcess         0x013f7a    0x1d  Code  Lc  Delay.o [1]
DEL_1msProcess          0x013f97     0xc  Code  Lc  Delay.o [1]
DEL_500msProcess        0x013e53    0xd3  Code  Lc  Delay.o [1]
DEL_500ms_Count         0x00147f     0x1  Data  Gb  Delay.o [1]
DEL_GetTimer            0x00aab3    0x55  Code  Gb  Delay.o [1]
DEL_Interrupt           0x0158ac    0xa3  Code  Gb  Delay.o [1]
DEL_PowerOnInitial      0x00b7e0    0x21  Code  Gb  Delay.o [1]
DEL_Renew               0x013fa3    0x10  Code  Gb  Delay.o [1]
DEL_SetTimer            0x016099    0x73  Code  Gb  Delay.o [1]
DEL_Soft1ms             0x00b8da    0x1c  Code  Gb  Delay.o [1]
DEL_TimerRenew          0x00b51d    0x29  Code  Lc  Delay.o [1]
DISP_DataBuf            0x01544e    0xc8  Code  Lc  ApiDisplay.o [1]
DISP_MulTypePro         0x0155d7    0xc0  Code  Lc  ApiDisplay.o [1]
DISP_MulTypePro2        0x01529d    0xd9  Code  Lc  ApiDisplay.o [1]
Data_Date0              0x00bc3b     0x4  Code  Gb  ApiAtCmd.o [1]
Data_Date1              0x00bc3f     0x4  Code  Gb  ApiAtCmd.o [1]
Data_Date2              0x00bc43     0x4  Code  Gb  ApiAtCmd.o [1]
Data_Latitude_Minute    0x00bc2b     0x4  Code  Gb  ApiAtCmd.o [1]
Data_Latitude_Second    0x00bbeb     0x7  Code  Gb  ApiAtCmd.o [1]
Data_Longitude_Minute   0x00bc27     0x4  Code  Gb  ApiAtCmd.o [1]
Data_Longitude_Second   0x00bbe4     0x7  Code  Gb  ApiAtCmd.o [1]
Data_Time0              0x00bc2f     0x4  Code  Gb  ApiAtCmd.o [1]
Data_Time1              0x00bc33     0x4  Code  Gb  ApiAtCmd.o [1]
Data_Time2              0x00bc37     0x4  Code  Gb  ApiAtCmd.o [1]
Dec2Hex                 0x00ac9e    0x4e  Code  Gb  CommonLib.o [1]
DefaultSystemClockForHSI
                        0x00b863    0x1f  Code  Gb  sysclock.o [1]
DelDrvObj               0x001441     0xb  Data  Lc  Delay.o [1]
Delay_100ms             0x00b08e    0x40  Code  Gb  Task.o [1]
DisDataBit              0x0013ba    0x40  Data  Gb  ApiDisplay.o [1]
DisDataBuf              0x000ed0   0x200  Data  Gb  ApiDisplay.o [1]
DrvGD83DrvObj           0x000c46   0x28a  Data  Lc  DrvGD83.o [1]
DrvGD83_UART_TxCommand  0x015fa6    0x80  Code  Gb  DrvGD83.o [1]
DrvMC8332_AtNotify_Queue_front
                        0x00ad36    0x4a  Code  Gb  DrvGD83.o [1]
DrvMC8332_CaretNotify_Queue_front
                        0x00acec    0x4a  Code  Gb  DrvGD83.o [1]
DrvMC8332_GpsNotify_Queue_front
                        0x00adca    0x4a  Code  Gb  DrvGD83.o [1]
DrvMC8332_PocNotify_Queue_front
                        0x00ad80    0x4a  Code  Gb  DrvGD83.o [1]
DrvMC8332_Software_Initial
                        0x00b10c    0x3d  Code  Gb  DrvGD83.o [1]
DrvMC8332_TxPort_SetValidable
                        0x00b49b    0x2c  Code  Gb  DrvGD83.o [1]
DrvMC8332_UART_Interrupt
                        0x010458   0x3cb  Code  Gb  DrvGD83.o [1]
DrvMc8332_UART_TxTail   0x014feb    0xeb  Code  Gb  DrvGD83.o [1]
EEPROM_EEC_IRQHandler   0x00bca2     0x1  Code  Gb  stm8s_it.o [1]
EXTI_PORTA_IRQHandler   0x00bc92     0x1  Code  Gb  stm8s_it.o [1]
EXTI_PORTB_IRQHandler   0x00bc93     0x1  Code  Gb  stm8s_it.o [1]
EXTI_PORTC_IRQHandler   0x00bc94     0x1  Code  Gb  stm8s_it.o [1]
EXTI_PORTD_IRQHandler   0x00bc95     0x1  Code  Gb  stm8s_it.o [1]
EXTI_PORTE_IRQHandler   0x00bc96     0x1  Code  Gb  stm8s_it.o [1]
FILE_Read               0x00aea5    0x48  Code  Gb  Flash_eeprom.o [1]
FILE_Write              0x00ae5d    0x48  Code  Gb  Flash_eeprom.o [1]
FLASH_EraseOptionByte   0x00b56f    0x28  Code  Gb  stm8s_flash.o [1]
FLASH_GetFlagStatus     0x00ba2d    0x14  Code  Gb  stm8s_flash.o [1]
FLASH_Lock              0x00bbf9     0x7  Code  Gb  stm8s_flash.o [1]
FLASH_ProgramByte       0x00bc18     0x5  Code  Gb  stm8s_flash.o [1]
FLASH_ProgramOptionByte
                        0x00b6a5    0x25  Code  Gb  stm8s_flash.o [1]
FLASH_ReadByte          0x00bc1d     0x5  Code  Gb  stm8s_flash.o [1]
FLASH_Unlock            0x00ba01    0x16  Code  Gb  stm8s_flash.o [1]
FLASH_WaitForLastOperation
                        0x00b1f2    0x36  Code  Gb  stm8s_flash.o [1]
GB2312_16_GetData       0x0127be   0x251  Code  Gb  GT20L16P1Y.o [3]
GPIO_Init               0x0157fd    0xaf  Code  Gb  stm8s_gpio.o [1]
GPIO_ReadInputPin       0x00bbd2     0x9  Code  Gb  stm8s_gpio.o [1]
GPIO_WriteHigh          0x00bc00     0x7  Code  Gb  stm8s_gpio.o [1]
GPIO_WriteLow           0x00bc5f     0x4  Code  Gb  stm8s_gpio.o [1]
GeHuTest                0x00bc8d     0x1  Code  Lc  ApiKeyboard.o [1]
GetPersonalCallingMode  0x00bbbd     0xb  Code  Gb  ApiPocCmd.o [1]
GetPointArrayData32     0x00aeed    0x48  Code  Gb  GT20L16P1Y_D.o [1]
GetTaskId               0x00bc73     0x4  Code  Gb  System.o [1]
GpsCmd_GbAnalytical     0x012317   0x255  Code  Lc  ApiGpsCmd.o [1]
GpsCmd_GbDataTransave   0x011d6c   0x2de  Code  Lc  ApiGpsCmd.o [1]
GpsCmd_GbWritCommand    0x010e09   0x2f1  Code  Lc  ApiGpsCmd.o [1]
GpsFunDrvObj            0x0010d0   0x1d1  Data  Lc  ApiGpsCmd.o [1]
GpsNotify_Queue         0x0103db    0x7d  Code  Lc  DrvGD83.o [1]
GpsNotify_Queue_Start   0x0101e9    0x9a  Code  Lc  DrvGD83.o [1]
GroupCallingNum         0x000040     0x1  Data  Gb  ApiKeyboard.o [1]
HSE_ClockStartUpConfiguration
                        0x00b228    0x36  Code  Lc  sysclock.o [1]
HSIDivFactor            0x00a99d     0x4  Data  Gb  stm8s_clk.o [1]
HexToChar_GroupCallingNum
                        0x00b843    0x20  Code  Gb  ApiPocCmd.o [1]
HexToChar_MainGroupId   0x00b7bf    0x21  Code  Gb  ApiPocCmd.o [1]
HexToChar_MainUserId    0x00b75a    0x22  Code  Gb  ApiPocCmd.o [1]
HexToChar_PersonalCallingNum
                        0x00b77c    0x22  Code  Gb  ApiPocCmd.o [1]
HtgDrvObj               0x001458     0x2  Data  Lc  DrvHTG12832.o [1]
I2C_IRQHandler          0x00bc9e     0x1  Code  Gb  stm8s_it.o [1]
INTVEC$$Base            0x008000           --   Gb  - Linker created -
INTVEC$$Limit           0x008080           --   Gb  - Linker created -
ITC_SetSoftwarePriority
                        0x014bee   0x103  Code  Gb  stm8s_itc.o [1]
Ico_DataBuf             0x009b80   0x400  Data  Gb  ApiDisplay.o [1]
InputGBcode             0x009f80   0x1b0  Data  Gb  GT20L16P1Y_D.o [1]
InputUnicode            0x00a130   0x1b0  Data  Gb  GT20L16P1Y_D.o [1]
KEY_TABLE               0x00a9a8     0x3  Data  Lc  uart3.o [1]
KeyDownUpChoose_GroupOrUser_Flag
                        0x00145f     0x1  Data  Gb  ApiAtCmd.o [1]
KeyPersonalCallingCount
                        0x001464     0x1  Data  Gb  ApiKeyboard.o [1]
KeyUpDownCount          0x001463     0x1  Data  Gb  ApiKeyboard.o [1]
Key_Flag_0              0x001486     0x1  Data  Gb  Task.o [1]
Key_Flag_1              0x001465     0x1  Data  Gb  ApiKeyboard.o [1]
Key_Init                0x00b294    0x34  Code  Gb  McuConfig.o [1]
Key_PersonalCalling_Flag
                        0x001487     0x1  Data  Gb  Task.o [1]
Keyboard_Test           0x010823   0x5e6  Code  Gb  ApiKeyboard.o [1]
LED_Conut               0x001475     0x1  Data  Gb  ApiLED.o [1]
LED_Init                0x00b5e6    0x27  Code  Gb  McuConfig.o [1]
LED_IntOutputRenew      0x0164b8    0x60  Code  Gb  ApiLED.o [1]
LockingState_EnterOK_Flag
                        0x001468     0x1  Data  Gb  ApiKeyboard.o [1]
LockingState_Flag       0x001483     0x1  Data  Gb  Delay.o [1]
LowVoltageDetection     0x014cf1   0x101  Code  Gb  ADC.o [1]
LowVoltageDetection_Flag
                        0x00145a     0x1  Data  Gb  ADC.o [1]
MIC_GPIO_Init           0x00bb15     0xd  Code  Gb  McuConfig.o [1]
MIC_IOMUT               0x00b943    0x19  Code  Gb  McuConfig.o [1]
MenuDisplay             0x01410f   0x159  Code  Gb  ApiMenu.o [1]
MenuModeCount           0x000041     0x1  Data  Gb  ApiKeyboard.o [1]
MenuMode_Flag           0x001466     0x1  Data  Gb  ApiKeyboard.o [1]
NoUseNum                0x001485     0x1  Data  Gb  Task.o [1]
Noise_Mute_Init         0x00bb2f     0xd  Code  Gb  McuConfig.o [1]
Notify_Queue_Stop       0x010283   0x158  Code  Lc  DrvGD83.o [1]
NumberKeyboardPressDown_flag
                        0x001467     0x1  Data  Gb  ApiKeyboard.o [1]
OneChannelGetADValue    0x00b5bf    0x27  Code  Lc  ADC.o [1]
PAS_NULLTBL             0x00a78d    0x10  Data  Lc  uart3.o [1]
POC_AtEnterPersonalCalling_Flag
                        0x001478     0x1  Data  Gb  ApiPocCmd.o [1]
POC_AtQuitPersonalCalling_Flag
                        0x001479     0x1  Data  Gb  ApiPocCmd.o [1]
POC_EnterGroupCalling_Flag
                        0x00147a     0x1  Data  Gb  ApiPocCmd.o [1]
POC_EnterPersonalCalling_Flag
                        0x001476     0x1  Data  Gb  ApiPocCmd.o [1]
POC_QuitGroupCalling_Flag
                        0x00147b     0x1  Data  Gb  ApiPocCmd.o [1]
POC_QuitPersonalCalling_Flag
                        0x001477     0x1  Data  Gb  ApiPocCmd.o [1]
POC_Receive86_Flag      0x00147e     0x1  Data  Gb  ApiPocCmd.o [1]
POC_ReceivedVoiceEnd_Flag
                        0x00147d     0x1  Data  Gb  ApiPocCmd.o [1]
POC_ReceivedVoiceStart_Flag
                        0x00147c     0x1  Data  Gb  ApiPocCmd.o [1]
POC_TABLE               0x00a9ab     0x3  Data  Lc  uart3.o [1]
PasObj                  0x001452     0x4  Data  Lc  uart3.o [1]
PersonalCallingNum      0x001462     0x1  Data  Gb  ApiKeyboard.o [1]
PocCmdDrvobj            0x00006f   0xbd7  Data  Lc  ApiPocCmd.o [1]
PocNotify_Queue         0x01004d    0x4d  Code  Lc  DrvGD83.o [1]
PocNotify_Queue_Start   0x01013d    0x56  Code  Lc  DrvGD83.o [1]
PositionInformationSendToATPORT_Flag
                        0x001460     0x1  Data  Gb  ApiAtCmd.o [1]
ReadBuffer              0x001326    0x50  Data  Gb  ApiPocCmd.o [1]
ReadByte                0x00aa06    0x57  Code  Gb  ApiDisplay.o [1]
Region$$Table$$Base     0x00a487           --   Gb  - Linker created -
Region$$Table$$Limit    0x00a49b           --   Gb  - Linker created -
SPI_IRQHandler          0x00bc97     0x1  Code  Gb  stm8s_it.o [1]
SendByte                0x015e9c    0x88  Code  Gb  ApiDisplay.o [1]
SetTaskId               0x00bc77     0x4  Code  Gb  System.o [1]
Set_GreenLed            0x00b911    0x19  Code  Gb  McuConfig.o [1]
Set_RedLed              0x00b92a    0x19  Code  Gb  McuConfig.o [1]
SystemClock_Init        0x00b4c7    0x2b  Code  Gb  sysclock.o [1]
TASK_Ptt_StartPersonCalling_Flag
                        0x001488     0x1  Data  Gb  Task.o [1]
TASK_RunLoBattery       0x00b4f2    0x2b  Code  Gb  Task.o [1]
TASK_WriteFreq          0x00bc7b     0x4  Code  Gb  Task.o [1]
TIM1_CAP_COM_IRQHandler
                        0x00bc99     0x1  Code  Gb  stm8s_it.o [1]
TIM1_CCxCmd             0x00b008    0x43  Code  Gb  stm8s_tim1.o [1]
TIM1_Cmd                0x00bb56     0xd  Code  Gb  stm8s_tim1.o [1]
TIM1_CtrlPWMOutputs     0x00bb63     0xd  Code  Gb  stm8s_tim1.o [1]
TIM1_DeInit             0x015a8c    0x99  Code  Gb  stm8s_tim1.o [1]
TIM1_OC1Init            0x016457    0x61  Code  Gb  stm8s_tim1.o [1]
TIM1_OC1PreloadConfig   0x00bb70     0xd  Code  Gb  stm8s_tim1.o [1]
TIM1_PWM_Init           0x00aa5d    0x56  Code  Gb  Tone.o [1]
TIM1_TimeBaseInit       0x00b714    0x24  Code  Gb  stm8s_tim1.o [1]
TIM1_UPD_OVF_TRG_BRK_IRQHandler
                        0x00bc98     0x1  Code  Gb  stm8s_it.o [1]
TIM2_CAP_COM_IRQHandler
                        0x00bc9b     0x1  Code  Gb  stm8s_it.o [1]
TIM2_UPD_OVF_BRK_IRQHandler
                        0x00bc9a     0x1  Code  Gb  stm8s_it.o [1]
TIM3_ARRPreloadConfig   0x00bb8a     0xd  Code  Gb  stm8s_tim3.o [1]
TIM3_CAP_COM_IRQHandler
                        0x00bc9c     0x1  Code  Gb  stm8s_it.o [1]
TIM3_ClearITPendingBit  0x00bc22     0x5  Code  Gb  stm8s_tim3.o [1]
TIM3_Cmd                0x00bb7d     0xd  Code  Gb  stm8s_tim3.o [1]
TIM3_ITConfig           0x00ba8d    0x13  Code  Gb  stm8s_tim3.o [1]
TIM3_PrescalerConfig    0x00bbdb     0x9  Code  Gb  stm8s_tim3.o [1]
TIM3_TimeBaseInit       0x00bbb1     0xc  Code  Gb  stm8s_tim3.o [1]
TIM3_UPD_OVF_BRK_IRQHandler
                        0x00b822    0x21  Code  Gb  stm8s_it.o [1]
TIM4_UPD_OVF_IRQHandler
                        0x00bca1     0x1  Code  Gb  stm8s_it.o [1]
TLI_IRQHandler          0x00bc8f     0x1  Code  Gb  stm8s_it.o [1]
TONE_PowerOnInitial     0x016259    0x6b  Code  Gb  Tone.o [1]
TONE_Start              0x00b662    0x1d  Code  Gb  Tone.o [1]
TONE_Stop               0x00b659     0x9  Code  Gb  Tone.o [1]
TRAP_IRQHandler         0x00bc8e     0x1  Code  Gb  stm8s_it.o [1]
TaskDrvObj              0x0013fa    0x14  Data  Lc  System.o [1]
Task_RunNormalOperation
                        0x0112be   0x432  Code  Gb  Task.o [1]
Task_RunStart           0x01308e   0x1dc  Code  Gb  Task.o [1]
Test1                   0x001461     0x1  Data  Gb  ApiGpsCmd.o [1]
TestNum1                0x001469     0x1  Data  Gb  ApiKeyboard.o [1]
TestNum10               0x001472     0x1  Data  Gb  ApiKeyboard.o [1]
TestNum11               0x001473     0x1  Data  Gb  ApiKeyboard.o [1]
TestNum12               0x001474     0x1  Data  Gb  ApiKeyboard.o [1]
TestNum2                0x00146a     0x1  Data  Gb  ApiKeyboard.o [1]
TestNum3                0x00146b     0x1  Data  Gb  ApiKeyboard.o [1]
TestNum4                0x00146c     0x1  Data  Gb  ApiKeyboard.o [1]
TestNum5                0x00146d     0x1  Data  Gb  ApiKeyboard.o [1]
TestNum6                0x00146e     0x1  Data  Gb  ApiKeyboard.o [1]
TestNum7                0x00146f     0x1  Data  Gb  ApiKeyboard.o [1]
TestNum8                0x001470     0x1  Data  Gb  ApiKeyboard.o [1]
TestNum9                0x001471     0x1  Data  Gb  ApiKeyboard.o [1]
Tim3_Timer_Init         0x00b546    0x29  Code  Gb  McuConfig.o [1]
TimeCount               0x001480     0x1  Data  Gb  Delay.o [1]
TimeCount2              0x001481     0x1  Data  Gb  Delay.o [1]
TimeCount3              0x001482     0x1  Data  Gb  Delay.o [1]
ToneDrvObj              0x001420    0x12  Data  Lc  Tone.o [1]
UART1_Cmd               0x00bb97     0xd  Code  Gb  stm8s_uart1.o [1]
UART1_DeInit            0x00b46e    0x2d  Code  Gb  stm8s_uart1.o [1]
UART1_GetFlagStatus     0x00b2c8    0x32  Code  Gb  stm8s_uart1.o [1]
UART1_GetITStatus       0x015d7d    0x92  Code  Gb  stm8s_uart1.o [1]
UART1_ITConfig          0x0161ec    0x6d  Code  Gb  stm8s_uart1.o [1]
UART1_Init              0x014268   0x159  Code  Gb  stm8s_uart1.o [1]
UART1_RX_IRQHandler     0x00b633    0x26  Code  Gb  stm8s_it.o [1]
UART1_ReceiveData8      0x00bc63     0x4  Code  Gb  stm8s_uart1.o [1]
UART1_SendData8         0x00bc67     0x4  Code  Gb  stm8s_uart1.o [1]
UART1_TX_IRQHandler     0x00bc9d     0x1  Code  Gb  stm8s_it.o [1]
UART3_Cmd               0x00bba4     0xd  Code  Gb  stm8s_uart3.o [1]
UART3_DeInit            0x00b6ca    0x25  Code  Gb  stm8s_uart3.o [1]
UART3_GetFlagStatus     0x00ae14    0x49  Code  Gb  stm8s_uart3.o [1]
UART3_GetITStatus       0x015697    0xb6  Code  Gb  stm8s_uart3.o [1]
UART3_ITConfig          0x015e0f    0x8d  Code  Gb  stm8s_uart3.o [1]
UART3_Init              0x0148b7   0x12a  Code  Gb  stm8s_uart3.o [1]
UART3_Interrupt         0x00b9bc    0x17  Code  Gb  uart3.o [1]
UART3_RX_IRQHandler     0x00b8f6    0x1b  Code  Gb  stm8s_it.o [1]
UART3_ReceiveData8      0x00bc6b     0x4  Code  Gb  stm8s_uart3.o [1]
UART3_SendByte          0x00bae8    0x10  Code  Gb  uart3.o [1]
UART3_SendData8         0x00bc6f     0x4  Code  Gb  stm8s_uart3.o [1]
UART3_TX_IRQHandler     0x00bc9f     0x1  Code  Gb  stm8s_it.o [1]
UART3_ToMcuMain         0x00b04b    0x43  Code  Gb  uart3.o [1]
UART_Delay              0x00bac4    0x12  Code  Lc  uart3.o [1]
UART_ErrorAck           0x00ac88    0x16  Code  Lc  uart3.o [1]
UART_GetCheckSum        0x015ce8    0x2e  Code  Lc  uart3.o [1]
UART_KeyCommand         0x0149e1   0x109  Code  Lc  uart3.o [1]
UART_Link               0x015d16    0x67  Code  Lc  uart3.o [1]
UART_PasCommand         0x01326a   0x1b2  Code  Lc  uart3.o [1]
UART_PocCommand         0x00ab5c    0x52  Code  Lc  uart3.o [1]
UART_RightAck           0x01617e    0x6e  Code  Lc  uart3.o [1]
UART_RxFrame            0x00abae    0x52  Code  Lc  uart3.o [1]
UART_TxSend             0x00ac4f    0x39  Code  Lc  uart3.o [1]
UART_WriteCommand       0x015516    0xc1  Code  Lc  uart3.o [1]
UNICODE_16_GetData      0x0135bb   0x185  Code  Gb  GT20L16P1Y.o [3]
Uart1_Init              0x00b413    0x2e  Code  Gb  McuConfig.o [1]
Uart3_Init              0x00b149    0x39  Code  Gb  uart3.o [1]
UartDrvObj              0x001376    0x44  Data  Lc  uart3.o [1]
UnicodeForGbk_MainWorkName
                        0x013740   0x173  Code  Gb  ApiPocCmd.o [1]
UnicodeForGbk_MainWorkNameBuf
                        0x001432     0xf  Data  Gb  ApiPocCmd.o [1]
UnicodeGetPointArrayData32
                        0x00af35    0x48  Code  Gb  GT20L16P1Y_D.o [1]
UnicodeValueSearch      0x00b60d    0x26  Code  Gb  GT20L16P1Y_D.o [1]
VOICE_1sProcess         0x00baf8     0xf  Code  Gb  Voice.o [1]
VOICE_Renew             0x0159f1    0x71  Code  Gb  Voice.o [1]
VOICE_SetOutput         0x015a62    0x2a  Code  Gb  Voice.o [1]
ValueSearch             0x016576    0x5c  Code  Gb  GT20L16P1Y_D.o [1]
VerifyData              0x008080  0x1b00  Data  Gb  GT20L16P1Y_D.o [1]
VoiceDrvObj             0x00144c     0x6  Data  Lc  Voice.o [1]
VoiceEnd_Flag           0x00145d     0x1  Data  Gb  ApiAtCmd.o [1]
WRITE_TABLE             0x00a9a1     0x4  Data  Lc  uart3.o [1]
WW_GetData              0x01204a   0x2cd  Code  Gb  GT20L16P1Y.o [3]
WriteEEPROMByte         0x00b0ce    0x3e  Code  Gb  Flash_eeprom.o [1]
__DebugBreak            0x00bca3     0x1  Code  Gb  __dbg_break.o [4]
__exit                  0x00ba17    0x16  Code  Gb  __dbg_xxexit.o [4]
__iar_copy_init2        0x00b597          Code  Gb  init_small.o [5]
__iar_data_init2        0x00b882    0x1e  Code  Gb  init.o [5]
__iar_program_start     0x00b9d3          Code  Gb  cstartup.o [5]
__iar_unhandled_exception
                        0x00bc8a          Code  Gb  unhandled_exception.o [5]
__iar_zero_init2        0x00b8a0          Code  Gb  init_small.o [5]
__intvec                0x008000          Data  Gb  interrupt.o [5]
__low_level_init        0x00bc87     0x3  Code  Gb  low_level_init.o [5]
_exit                   0x00bc0d          Code  Gb  cexit.o [5]
_interrupt_1            0x00bc8e          Code  Gb  stm8s_it.o [1]
_interrupt_12           0x00bc97          Code  Gb  stm8s_it.o [1]
_interrupt_13           0x00bc98          Code  Gb  stm8s_it.o [1]
_interrupt_14           0x00bc99          Code  Gb  stm8s_it.o [1]
_interrupt_15           0x00bc9a          Code  Gb  stm8s_it.o [1]
_interrupt_16           0x00bc9b          Code  Gb  stm8s_it.o [1]
_interrupt_17           0x00b822          Code  Gb  stm8s_it.o [1]
_interrupt_18           0x00bc9c          Code  Gb  stm8s_it.o [1]
_interrupt_19           0x00bc9d          Code  Gb  stm8s_it.o [1]
_interrupt_2            0x00bc8f          Code  Gb  stm8s_it.o [1]
_interrupt_20           0x00b633          Code  Gb  stm8s_it.o [1]
_interrupt_21           0x00bc9e          Code  Gb  stm8s_it.o [1]
_interrupt_22           0x00bc9f          Code  Gb  stm8s_it.o [1]
_interrupt_23           0x00b8f6          Code  Gb  stm8s_it.o [1]
_interrupt_24           0x00bca0          Code  Gb  stm8s_it.o [1]
_interrupt_25           0x00bca1          Code  Gb  stm8s_it.o [1]
_interrupt_26           0x00bca2          Code  Gb  stm8s_it.o [1]
_interrupt_3            0x00bc90          Code  Gb  stm8s_it.o [1]
_interrupt_4            0x00bc91          Code  Gb  stm8s_it.o [1]
_interrupt_5            0x00bc92          Code  Gb  stm8s_it.o [1]
_interrupt_6            0x00bc93          Code  Gb  stm8s_it.o [1]
_interrupt_7            0x00bc94          Code  Gb  stm8s_it.o [1]
_interrupt_8            0x00bc95          Code  Gb  stm8s_it.o [1]
_interrupt_9            0x00bc96          Code  Gb  stm8s_it.o [1]
api_diap_ico_pos_get    0x0165d2    0x5a  Code  Gb  ApiDisplay.o [1]
api_disp_all_screen_refresh
                        0x00ac00    0x4f  Code  Gb  ApiDisplay.o [1]
api_disp_char_output    0x00b98e    0x17  Code  Gb  ApiDisplay.o [1]
api_disp_char_output2   0x00b9a5    0x17  Code  Gb  ApiDisplay.o [1]
api_disp_ico_output     0x01574d    0xb0  Code  Gb  ApiDisplay.o [1]
api_disp_icoid_output   0x015b25    0x97  Code  Gb  ApiDisplay.o [1]
api_lcd_pwr_on_hint     0x00b3b7    0x2e  Code  Gb  ApiDisplay.o [1]
api_lcd_pwr_on_hint2    0x00b32a    0x2f  Code  Gb  ApiDisplay.o [1]
api_lcd_pwr_on_hint3    0x00b441    0x2d  Code  Gb  ApiDisplay.o [1]
api_lcd_pwr_on_hint4    0x00b359    0x2f  Code  Gb  ApiDisplay.o [1]
api_lcd_pwr_on_hint5    0x00b3e5    0x2e  Code  Gb  ApiDisplay.o [1]
api_poc_command_set     0x0151bb    0xe2  Code  Gb  uart3.o [1]
drv_gt20_data_output    0x014783   0x134  Code  Gb  DrvGT20L16S1Y.o [1]
drv_gt20_data_output2   0x014648   0x13b  Code  Gb  DrvGT20L16S1Y.o [1]
drv_gt20_pwr_on_init    0x00b1ee     0x4  Code  Gb  DrvGT20L16S1Y.o [1]
drv_htg_clr_allscr      0x0126a5    0x35  Code  Gb  DrvHTG12832.o [1]
drv_htg_pwr_on_init     0x0127b2     0xc  Code  Gb  DrvHTG12832.o [1]
drv_htg_reset           0x01256c     0x5  Code  Gb  DrvHTG12832.o [1]
drv_htg_set_address     0x0125eb    0x40  Code  Gb  DrvHTG12832.o [1]
drv_htg_write_command   0x012571    0x7a  Code  Gb  DrvHTG12832.o [1]
drv_htg_write_data      0x01262b    0x7a  Code  Gb  DrvHTG12832.o [1]
drv_keypad_scan         0x012e7d   0x211  Code  Gb  DrvKeyboard.o [1]
exit                    0x00bc83     0x4  Code  Gb  exit.o [5]
find_zf_tab             0x00af7d    0x47  Code  Gb  GT20L16P1Y.o [3]
get_key_value           0x0150d6    0xe5  Code  Gb  ApiKeyboard.o [1]
htg_delay_ms            0x0126da    0x1e  Code  Lc  DrvHTG12832.o [1]
htg_initial             0x0126f8    0x6c  Code  Lc  DrvHTG12832.o [1]
key_scan_board          0x014509   0x13f  Code  Gb  DrvKeyboard.o [1]
main                    0x00bc5b     0x4  Code  Gb  main.o [1]
main_app                0x0138b3   0x16d  Code  Gb  System.o [1]
mcu_gt20_initial        0x00b1ba    0x34  Code  Lc  DrvGT20L16S1Y.o [1]
mcu_key_pad_out         0x015c52    0x96  Code  Gb  DrvKeyboard.o [1]
mcu_key_pad_read        0x01610c    0x72  Code  Gb  DrvKeyboard.o [1]
mcu_key_pad_set         0x0143c1   0x148  Code  Gb  DrvKeyboard.o [1]
mcu_lcd_initial         0x012764    0x4e  Code  Lc  DrvHTG12832.o [1]
memcmp                  0x00b25e    0x36  Code  Gb  memcmp.o [5]
memcpy                  0x00b67f    0x26  Code  Gb  memcpy.o [5]
memset                  0x00b9ea    0x17  Code  Gb  memset.o [5]
pack_data               0x013b8b   0x165  Code  Lc  ApiGpsCmd.o [1]
r_dat_bat               0x01632b    0x64  Code  Gb  ApiDisplay.o [1]
strlen                  0x00bad6    0x12  Code  Gb  strlen.o [5]
ucAtPocHead             0x000042     0x2  Data  Gb  ApiPocCmd.o [1]
ucCDMATIME              0x00001b     0x2  Data  Gb  ApiAtCmd.o [1]
ucCLVL                  0x00005b     0x2  Data  Gb  Task.o [1]
ucCODECCTL              0x00005f     0x2  Data  Gb  Task.o [1]
ucCSQ                   0x000067     0x2  Data  Gb  Task.o [1]
ucCaretPPPCFG           0x000021     0x2  Data  Gb  ApiAtCmd.o [1]
ucCheckCard             0x000037     0x2  Data  Gb  ApiAtCmd.o [1]
ucCheckPPP              0x00002f     0x2  Data  Gb  ApiAtCmd.o [1]
ucCheckRssi             0x000035     0x2  Data  Gb  ApiAtCmd.o [1]
ucCheckTcp              0x000025     0x2  Data  Gb  ApiAtCmd.o [1]
ucEndPTT                0x000057     0x2  Data  Gb  Task.o [1]
ucGD83Reset             0x00004e     0x2  Data  Gb  System.o [1]
ucGPSSendToAtPort       0x000050     0x2  Data  Gb  System.o [1]
ucGPSUploadTime_5s      0x000052     0x2  Data  Gb  System.o [1]
ucGpsPosition           0x000019     0x2  Data  Gb  ApiAtCmd.o [1]
ucOSSYSHWID             0x000061     0x2  Data  Gb  Task.o [1]
ucPPPCFG                0x000069     0x2  Data  Gb  Task.o [1]
ucPlayZtts              0x000023     0x2  Data  Gb  ApiAtCmd.o [1]
ucPocOpenConfig         0x00006d     0x2  Data  Gb  Task.o [1]
ucPrefmode2             0x000063     0x2  Data  Gb  Task.o [1]
ucPrefmode4             0x000065     0x2  Data  Gb  Task.o [1]
ucQuitPersonalCalling   0x00003e     0x2  Data  Gb  ApiKeyboard.o [1]
ucRequestUserListInfo   0x000059     0x2  Data  Gb  Task.o [1]
ucRxCSQ31               0x000015     0x2  Data  Gb  ApiAtCmd.o [1]
ucRxCSQ99               0x000017     0x2  Data  Gb  ApiAtCmd.o [1]
ucRxCheckCard           0x000011     0x2  Data  Gb  ApiAtCmd.o [1]
ucRxCheckPppClose       0x000033     0x2  Data  Gb  ApiAtCmd.o [1]
ucRxCheckPppOpen        0x000031     0x2  Data  Gb  ApiAtCmd.o [1]
ucRxCheckTcp            0x00002b     0x2  Data  Gb  ApiAtCmd.o [1]
ucRxOkHeadInfo          0x00004a     0x2  Data  Gb  DrvGD83.o [1]
ucRxPocHeadInfo         0x000048     0x2  Data  Gb  DrvGD83.o [1]
ucRxTcpDataHeadInfo     0x00004c     0x2  Data  Gb  DrvGD83.o [1]
ucRxZTTS0               0x000013     0x2  Data  Gb  ApiAtCmd.o [1]
ucSIMST1                0x00001d     0x2  Data  Gb  ApiAtCmd.o [1]
ucSIMST255              0x00001f     0x2  Data  Gb  ApiAtCmd.o [1]
ucSendTcp               0x000029     0x2  Data  Gb  ApiAtCmd.o [1]
ucSetIPAndID            0x000044     0x2  Data  Gb  ApiPocCmd.o [1]
ucSetIp                 0x000027     0x2  Data  Gb  ApiAtCmd.o [1]
ucStartPTT              0x000055     0x2  Data  Gb  Task.o [1]
ucTxPocHeadInfo         0x000046     0x2  Data  Gb  DrvGD83.o [1]
ucVGR                   0x00005d     0x2  Data  Gb  Task.o [1]
ucVGR1                  0x00003a     0x2  Data  Gb  ApiKeyboard.o [1]
ucVGR7                  0x00003c     0x2  Data  Gb  ApiKeyboard.o [1]
ucZTTS_Abell            0x00006b     0x2  Data  Gb  Task.o [1]
ucZpppOpen              0x00002d     0x2  Data  Gb  ApiAtCmd.o [1]
x                       0x001489     0x1  Data  Gb  Task.o [1]


[1] = E:\1-source\A508\PRJ\Debug\Obj
[2] = command line
[3] = GT20L16_STM8_DOUBLE_MEDIUM_IAR.a
[4] = dbgstm8mmd.a
[5] = dlstm8mmn.a

  31 098 bytes of readonly  code memory
  10 670 bytes of readonly  data memory
   5 514 bytes of readwrite data memory

Errors: none
Warnings: none
