###############################################################################
#
# IAR ELF Linker V2.20.1.176 for STM8                     12/Jan/2018  11:01:40
# Copyright 2010-2015 IAR Systems AB.
#
#    Output file  =  E:\1-source\A508\PRJ\Debug\Exe\A508_DEMO1.out
#    Map file     =  E:\1-source\A508\PRJ\Debug\List\A508_DEMO1.map
#    Command line =  
#        E:\1-source\A508\PRJ\Debug\Obj\ADC.o
#        E:\1-source\A508\PRJ\Debug\Obj\ApiAtCmd.o
#        E:\1-source\A508\PRJ\Debug\Obj\ApiDisplay.o
#        E:\1-source\A508\PRJ\Debug\Obj\ApiGpsCmd.o
#        E:\1-source\A508\PRJ\Debug\Obj\ApiKeyboard.o
#        E:\1-source\A508\PRJ\Debug\Obj\ApiLED.o
#        E:\1-source\A508\PRJ\Debug\Obj\ApiPocCmd.o
#        E:\1-source\A508\PRJ\Debug\Obj\Beep.o
#        E:\1-source\A508\PRJ\Debug\Obj\CommonLib.o
#        E:\1-source\A508\PRJ\Debug\Obj\Delay.o
#        E:\1-source\A508\PRJ\Debug\Obj\DrvGD83.o
#        E:\1-source\A508\PRJ\Debug\Obj\DrvGT20L16S1Y.o
#        E:\1-source\A508\PRJ\Debug\Obj\DrvHTG12832.o
#        E:\1-source\A508\PRJ\Debug\Obj\DrvKeyboard.o
#        E:\1-source\A508\PRJ\Debug\Obj\Flash_eeprom.o
#        E:\1-source\A508\SRC\Syetem\GT20L16_STM8_DOUBLE_MEDIUM_IAR.a
#        E:\1-source\A508\PRJ\Debug\Obj\GT20L16P1Y_D.o
#        E:\1-source\A508\PRJ\Debug\Obj\main.o
#        E:\1-source\A508\PRJ\Debug\Obj\McuConfig.o
#        E:\1-source\A508\PRJ\Debug\Obj\stm8s_adc2.o
#        E:\1-source\A508\PRJ\Debug\Obj\stm8s_awu.o
#        E:\1-source\A508\PRJ\Debug\Obj\stm8s_beep.o
#        E:\1-source\A508\PRJ\Debug\Obj\stm8s_clk.o
#        E:\1-source\A508\PRJ\Debug\Obj\stm8s_exti.o
#        E:\1-source\A508\PRJ\Debug\Obj\stm8s_flash.o
#        E:\1-source\A508\PRJ\Debug\Obj\stm8s_gpio.o
#        E:\1-source\A508\PRJ\Debug\Obj\stm8s_i2c.o
#        E:\1-source\A508\PRJ\Debug\Obj\stm8s_it.o
#        E:\1-source\A508\PRJ\Debug\Obj\stm8s_itc.o
#        E:\1-source\A508\PRJ\Debug\Obj\stm8s_iwdg.o
#        E:\1-source\A508\PRJ\Debug\Obj\stm8s_rst.o
#        E:\1-source\A508\PRJ\Debug\Obj\stm8s_spi.o
#        E:\1-source\A508\PRJ\Debug\Obj\stm8s_tim1.o
#        E:\1-source\A508\PRJ\Debug\Obj\stm8s_tim2.o
#        E:\1-source\A508\PRJ\Debug\Obj\stm8s_tim3.o
#        E:\1-source\A508\PRJ\Debug\Obj\stm8s_tim4.o
#        E:\1-source\A508\PRJ\Debug\Obj\stm8s_uart1.o
#        E:\1-source\A508\PRJ\Debug\Obj\stm8s_uart3.o
#        E:\1-source\A508\PRJ\Debug\Obj\stm8s_wwdg.o
#        E:\1-source\A508\PRJ\Debug\Obj\sysclock.o
#        E:\1-source\A508\PRJ\Debug\Obj\System.o
#        E:\1-source\A508\PRJ\Debug\Obj\Task.o
#        E:\1-source\A508\PRJ\Debug\Obj\Tone.o
#        E:\1-source\A508\PRJ\Debug\Obj\uart3.o
#        E:\1-source\A508\PRJ\Debug\Obj\Voice.o --redirect _Printf=_PrintfSmall
#        --redirect _Scanf=_ScanfSmall -o
#        E:\1-source\A508\PRJ\Debug\Exe\A508_DEMO1.out --map
#        E:\1-source\A508\PRJ\Debug\List\A508_DEMO1.map --config "C:\Program
#        Files\IAR Systems\Embedded Workbench
#        7.3\stm8\config\lnkstm8s007c8.icf" --config_def _CSTACK_SIZE=0x100
#        --config_def _HEAP_SIZE=0x00 --entry __iar_program_start --debug_lib
#
###############################################################################

*******************************************************************************
*** RUNTIME MODEL ATTRIBUTES
***

__SystemLibrary            = DLib
__code_model               = medium_or_large
__core                     = stm8
__data_model               = medium
__dlib_file_descriptor     = 0
__dlib_full_locale_support = 0
__rt_version               = 4


*******************************************************************************
*** PLACEMENT SUMMARY
***

"A1":  place at start of [0x000000-0x0000ff] { rw section .vregs };
"A2":  place at end of [0x000000-0x0017ff] { block CSTACK };
"P2":  place in [from 0x000000 to 0x0017ff] {
          block HEAP, rw section __DLIB_PERTHREAD, rw section .far.bss,
          rw section .far.data, rw section .far.noinit,
          rw section .far_func.textrw, rw section .huge.bss,
          rw section .huge.data, rw section .huge.noinit,
          rw section .huge_func.textrw, rw section .iar.dynexit,
          rw section .near.bss, rw section .near.data, rw section .near.noinit,
          rw section .near_func.textrw };
"A3":  place at start of [0x008000-0x00ffff] { block INTVEC };
"P3":  place in [from 0x008000 to 0x00ffff] {
          ro section __DLIB_PERTHREAD_init, ro section .far.data_init,
          ro section .far_func.textrw_init, ro section .huge.data_init,
          ro section .huge_func.textrw_init, ro section .iar.init_table,
          ro section .init_array, ro section .near.data_init,
          ro section .near.rodata, ro section .near_func.text,
          ro section .near_func.textrw_init, ro section .tiny.data_init,
          ro section .tiny.rodata_init };
"P4":  place in [from 0x008000 to 0x00ffff repeat 2] {
          ro section .far.rodata, ro section .far_func.text };

  Section            Kind      Address    Size  Object
  -------            ----      -------    ----  ------
"A1":                                     0x10
  .vregs             uninit   0x000000    0x10  vregs.o [5]
                            - 0x000010    0x10

"P2", part 1 of 2:                        0x56
  P2-1                        0x000010    0x56  <Init block>
    .near.data       inited   0x000010     0x1  ApiAtCmd.o [1]
    .near.data       inited   0x000011     0x2  ApiAtCmd.o [1]
    .near.data       inited   0x000013     0x2  ApiAtCmd.o [1]
    .near.data       inited   0x000015     0x2  ApiAtCmd.o [1]
    .near.data       inited   0x000017     0x2  ApiAtCmd.o [1]
    .near.data       inited   0x000019     0x2  ApiAtCmd.o [1]
    .near.data       inited   0x00001b     0x2  ApiAtCmd.o [1]
    .near.data       inited   0x00001d     0x2  ApiAtCmd.o [1]
    .near.data       inited   0x00001f     0x2  ApiAtCmd.o [1]
    .near.data       inited   0x000021     0x2  ApiAtCmd.o [1]
    .near.data       inited   0x000023     0x2  ApiAtCmd.o [1]
    .near.data       inited   0x000025     0x2  ApiAtCmd.o [1]
    .near.data       inited   0x000027     0x2  ApiAtCmd.o [1]
    .near.data       inited   0x000029     0x2  ApiAtCmd.o [1]
    .near.data       inited   0x00002b     0x2  ApiAtCmd.o [1]
    .near.data       inited   0x00002d     0x2  ApiAtCmd.o [1]
    .near.data       inited   0x00002f     0x2  ApiAtCmd.o [1]
    .near.data       inited   0x000031     0x2  ApiAtCmd.o [1]
    .near.data       inited   0x000033     0x2  ApiAtCmd.o [1]
    .near.data       inited   0x000035     0x1  ApiKeyboard.o [1]
    .near.data       inited   0x000036     0x2  ApiKeyboard.o [1]
    .near.data       inited   0x000038     0x2  ApiKeyboard.o [1]
    .near.data       inited   0x00003a     0x2  ApiKeyboard.o [1]
    .near.data       inited   0x00003c     0x1  ApiKeyboard.o [1]
    .near.data       inited   0x00003d     0x2  ApiPocCmd.o [1]
    .near.data       inited   0x00003f     0x2  ApiPocCmd.o [1]
    .near.data       inited   0x000041     0x2  DrvGD83.o [1]
    .near.data       inited   0x000043     0x2  DrvGD83.o [1]
    .near.data       inited   0x000045     0x2  DrvGD83.o [1]
    .near.data       inited   0x000047     0x2  DrvGD83.o [1]
    .near.data       inited   0x000049     0x2  System.o [1]
    .near.data       inited   0x00004b     0x1  Task.o [1]
    .near.data       inited   0x00004c     0x2  Task.o [1]
    .near.data       inited   0x00004e     0x2  Task.o [1]
    .near.data       inited   0x000050     0x2  Task.o [1]
    .near.data       inited   0x000052     0x2  Task.o [1]
    .near.data       inited   0x000054     0x2  Task.o [1]
    .near.data       inited   0x000056     0x2  Task.o [1]
    .near.data       inited   0x000058     0x2  Task.o [1]
    .near.data       inited   0x00005a     0x2  Task.o [1]
    .near.data       inited   0x00005c     0x2  Task.o [1]
    .near.data       inited   0x00005e     0x2  Task.o [1]
    .near.data       inited   0x000060     0x2  Task.o [1]
    .near.data       inited   0x000062     0x2  Task.o [1]
    .near.data       inited   0x000064     0x2  Task.o [1]
                            - 0x000066    0x56

"P2", part 2 of 2:                      0x133f
  .near.bss          zero     0x000066   0xbd7  ApiPocCmd.o [1]
  .near.bss          zero     0x000c3d   0x28a  DrvGD83.o [1]
  .near.bss          zero     0x000ec7   0x200  ApiDisplay.o [1]
  .near.bss          zero     0x0010c7   0x13b  ApiGpsCmd.o [1]
  .near.bss          zero     0x001202    0x50  ApiPocCmd.o [1]
  .near.bss          zero     0x001252    0x45  ApiAtCmd.o [1]
  .near.bss          zero     0x001297    0x44  uart3.o [1]
  .near.bss          zero     0x0012db    0x40  ApiDisplay.o [1]
  .near.bss          zero     0x00131b    0x14  System.o [1]
  .near.bss          zero     0x00132f    0x12  Beep.o [1]
  .near.bss          zero     0x001341    0x12  Tone.o [1]
  .near.bss          zero     0x001353     0xf  ApiPocCmd.o [1]
  .near.bss          zero     0x001362     0xb  Delay.o [1]
  .near.bss          zero     0x00136d     0x6  ApiKeyboard.o [1]
  .near.bss          zero     0x001373     0x6  Voice.o [1]
  .near.bss          zero     0x001379     0x4  uart3.o [1]
  .near.bss          zero     0x00137d     0x2  ApiDisplay.o [1]
  .near.bss          zero     0x00137f     0x2  DrvHTG12832.o [1]
  .near.bss          zero     0x001381     0x1  ADC.o [1]
  .near.bss          zero     0x001382     0x1  ApiAtCmd.o [1]
  .near.bss          zero     0x001383     0x1  ApiAtCmd.o [1]
  .near.bss          zero     0x001384     0x1  ApiAtCmd.o [1]
  .near.bss          zero     0x001385     0x1  ApiAtCmd.o [1]
  .near.bss          zero     0x001386     0x1  ApiAtCmd.o [1]
  .near.bss          zero     0x001387     0x1  ApiGpsCmd.o [1]
  .near.bss          zero     0x001388     0x1  ApiKeyboard.o [1]
  .near.bss          zero     0x001389     0x1  ApiKeyboard.o [1]
  .near.bss          zero     0x00138a     0x1  ApiKeyboard.o [1]
  .near.bss          zero     0x00138b     0x1  ApiKeyboard.o [1]
  .near.bss          zero     0x00138c     0x1  ApiKeyboard.o [1]
  .near.bss          zero     0x00138d     0x1  ApiKeyboard.o [1]
  .near.bss          zero     0x00138e     0x1  ApiKeyboard.o [1]
  .near.bss          zero     0x00138f     0x1  ApiKeyboard.o [1]
  .near.bss          zero     0x001390     0x1  ApiKeyboard.o [1]
  .near.bss          zero     0x001391     0x1  ApiKeyboard.o [1]
  .near.bss          zero     0x001392     0x1  ApiKeyboard.o [1]
  .near.bss          zero     0x001393     0x1  ApiKeyboard.o [1]
  .near.bss          zero     0x001394     0x1  ApiKeyboard.o [1]
  .near.bss          zero     0x001395     0x1  ApiLED.o [1]
  .near.bss          zero     0x001396     0x1  ApiPocCmd.o [1]
  .near.bss          zero     0x001397     0x1  ApiPocCmd.o [1]
  .near.bss          zero     0x001398     0x1  ApiPocCmd.o [1]
  .near.bss          zero     0x001399     0x1  ApiPocCmd.o [1]
  .near.bss          zero     0x00139a     0x1  ApiPocCmd.o [1]
  .near.bss          zero     0x00139b     0x1  ApiPocCmd.o [1]
  .near.bss          zero     0x00139c     0x1  ApiPocCmd.o [1]
  .near.bss          zero     0x00139d     0x1  ApiPocCmd.o [1]
  .near.bss          zero     0x00139e     0x1  ApiPocCmd.o [1]
  .near.bss          zero     0x00139f     0x1  DrvGD83.o [1]
  .near.bss          zero     0x0013a0     0x1  Task.o [1]
  .near.bss          zero     0x0013a1     0x1  Task.o [1]
  .near.bss          zero     0x0013a2     0x1  Task.o [1]
  .near.bss          zero     0x0013a3     0x1  Task.o [1]
  .near.bss          zero     0x0013a4     0x1  Task.o [1]
                            - 0x0013a5  0x133f

"A2":                                    0x100
  CSTACK                      0x001700   0x100  <Block>
    CSTACK           uninit   0x001700   0x100  <Block tail>
                            - 0x001800   0x100

"A3":                                     0x80
  INTVEC                      0x008000    0x80  <Block>
    .intvec          const    0x008000    0x80  interrupt.o [5]
                            - 0x008080    0x80

"P3":                                   0x27eb
  .near.rodata       const    0x008080  0x1b00  GT20L16P1Y_D.o [1]
  .near.rodata       const    0x009b80   0x400  ApiDisplay.o [1]
  .near.rodata       const    0x009f80   0x1b0  GT20L16P1Y_D.o [1]
  .near.rodata       const    0x00a130   0x1b0  GT20L16P1Y_D.o [1]
  Initializer bytes  const    0x00a2e0    0x56  <for P2-1>
  .near_func.text    const    0x00a336    0x40  ApiDisplay.o [1]
  .near.rodata       const    0x00a376    0x3e  GT20L16P1Y.o [3]
  .near.rodata       const    0x00a3b4    0x31  Task.o [1]
  .near.rodata       const    0x00a3e5    0x2a  Task.o [1]
  .near.rodata       const    0x00a40f    0x25  Task.o [1]
  .near.rodata       const    0x00a434    0x25  Task.o [1]
  .near.rodata       const    0x00a459    0x25  Task.o [1]
  .iar.init_table    const    0x00a47e    0x14  - Linker created -
  .near.rodata       const    0x00a492    0x1d  Task.o [1]
  .near.rodata       const    0x00a4af    0x18  Task.o [1]
  .near.rodata       const    0x00a4c7    0x13  ApiAtCmd.o [1]
  .near.rodata       const    0x00a4da    0x13  Task.o [1]
  .near.rodata       const    0x00a4ed    0x13  Task.o [1]
  .near.rodata       const    0x00a500    0x12  ApiAtCmd.o [1]
  .near.rodata       const    0x00a512    0x12  Task.o [1]
  .near.rodata       const    0x00a524    0x11  ApiKeyboard.o [1]
  .near.rodata       const    0x00a535    0x11  ApiKeyboard.o [1]
  .near.rodata       const    0x00a546    0x11  ApiKeyboard.o [1]
  .near.rodata       const    0x00a557    0x11  ApiKeyboard.o [1]
  .near.rodata       const    0x00a568    0x11  ApiKeyboard.o [1]
  .near.rodata       const    0x00a579    0x11  ApiKeyboard.o [1]
  .near.rodata       const    0x00a58a    0x11  ApiKeyboard.o [1]
  .near.rodata       const    0x00a59b    0x11  CommonLib.o [1]
  .near.rodata       const    0x00a5ac    0x11  System.o [1]
  .near.rodata       const    0x00a5bd    0x11  Task.o [1]
  .near.rodata       const    0x00a5ce    0x11  Task.o [1]
  .near.rodata       const    0x00a5df    0x11  Task.o [1]
  .near.rodata       const    0x00a5f0    0x11  Task.o [1]
  .near.rodata       const    0x00a601    0x11  Task.o [1]
  .near.rodata       const    0x00a612    0x11  Task.o [1]
  .near.rodata       const    0x00a623    0x11  Task.o [1]
  .near.rodata       const    0x00a634    0x11  Task.o [1]
  .near.rodata       const    0x00a645    0x11  Task.o [1]
  .near.rodata       const    0x00a656    0x11  Task.o [1]
  .near.rodata       const    0x00a667    0x11  Task.o [1]
  .near.rodata       const    0x00a678    0x10  ApiAtCmd.o [1]
  .near.rodata       const    0x00a688    0x10  ApiAtCmd.o [1]
  .near.rodata       const    0x00a698    0x10  ApiDisplay.o [1]
  .near.rodata       const    0x00a6a8    0x10  ApiDisplay.o [1]
  .near.rodata       const    0x00a6b8    0x10  uart3.o [1]
  .near.rodata       const    0x00a6c8     0xf  ApiAtCmd.o [1]
  .near.rodata       const    0x00a6d7     0xf  ApiKeyboard.o [1]
  .near.rodata       const    0x00a6e6     0xf  Task.o [1]
  .near.rodata       const    0x00a6f5     0xf  Task.o [1]
  .near.rodata       const    0x00a704     0xe  ApiAtCmd.o [1]
  .near.rodata       const    0x00a712     0xe  ApiAtCmd.o [1]
  .near.rodata       const    0x00a720     0xe  ApiAtCmd.o [1]
  .near.rodata       const    0x00a72e     0xe  Task.o [1]
  .near.rodata       const    0x00a73c     0xe  Task.o [1]
  .near.rodata       const    0x00a74a     0xe  Task.o [1]
  .near.rodata       const    0x00a758     0xd  ApiPocCmd.o [1]
  .near.rodata       const    0x00a765     0xd  ApiPocCmd.o [1]
  .near.rodata       const    0x00a772     0xd  Task.o [1]
  .near.rodata       const    0x00a77f     0xc  ApiAtCmd.o [1]
  .near.rodata       const    0x00a78b     0xb  ApiAtCmd.o [1]
  .near.rodata       const    0x00a796     0xb  Task.o [1]
  .near.rodata       const    0x00a7a1     0xa  ApiAtCmd.o [1]
  .near.rodata       const    0x00a7ab     0xa  Task.o [1]
  .near.rodata       const    0x00a7b5     0x9  ApiAtCmd.o [1]
  .near.rodata       const    0x00a7be     0x9  ApiAtCmd.o [1]
  .near.rodata       const    0x00a7c7     0x9  ApiAtCmd.o [1]
  .near.rodata       const    0x00a7d0     0x9  ApiKeyboard.o [1]
  .near.rodata       const    0x00a7d9     0x9  ApiKeyboard.o [1]
  .near.rodata       const    0x00a7e2     0x9  DrvGD83.o [1]
  .near.rodata       const    0x00a7eb     0x9  System.o [1]
  .near.rodata       const    0x00a7f4     0x9  Task.o [1]
  .near.rodata       const    0x00a7fd     0x8  ApiAtCmd.o [1]
  .near.rodata       const    0x00a805     0x8  ApiDisplay.o [1]
  .near.rodata       const    0x00a80d     0x8  ApiPocCmd.o [1]
  .near.rodata       const    0x00a815     0x8  Task.o [1]
  .near.rodata       const    0x00a81d     0x7  ApiAtCmd.o [1]
  .near.rodata       const    0x00a824     0x7  ApiAtCmd.o [1]
  .near.rodata       const    0x00a82b     0x7  ApiAtCmd.o [1]
  .near.rodata       const    0x00a832     0x7  ApiPocCmd.o [1]
  .near.rodata       const    0x00a839     0x7  DrvGD83.o [1]
  .near.rodata       const    0x00a840     0x7  Task.o [1]
  .near.rodata       const    0x00a847     0x7  Task.o [1]
  .near.rodata       const    0x00a84e     0x6  DrvGD83.o [1]
  .near.rodata       const    0x00a854     0x6  System.o [1]
  .near.rodata       const    0x00a85a     0x4  stm8s_clk.o [1]
  .near.rodata       const    0x00a85e     0x4  uart3.o [1]
  .near.rodata       const    0x00a862     0x3  DrvGD83.o [1]
  .near.rodata       const    0x00a865     0x3  uart3.o [1]
  .near.rodata       const    0x00a868     0x3  uart3.o [1]
                            - 0x00a86b  0x27eb

"P4", part 1 of 2:                       0xb8c
  .far_func.text     ro code  0x00a86b    0x40  Task.o [1]
  .far_func.text     ro code  0x00a8ab    0x3e  Flash_eeprom.o [1]
  .far_func.text     ro code  0x00a8e9    0x3d  DrvGD83.o [1]
  .far_func.text     ro code  0x00a926    0x39  uart3.o [1]
  .far_func.text     ro code  0x00a95f    0x38  Beep.o [1]
  .far_func.text     ro code  0x00a997    0x38  DrvGT20L16S1Y.o [1]
  .far_func.text     ro code  0x00a9cf    0x36  stm8s_flash.o [1]
  .far_func.text     ro code  0x00aa05    0x36  sysclock.o [1]
  .far_func.text     ro code  0x00aa3b    0x36  memcmp.o [5]
  .far_func.text     ro code  0x00aa71    0x34  McuConfig.o [1]
  .far_func.text     ro code  0x00aaa5    0x32  stm8s_uart1.o [1]
  .far_func.text     ro code  0x00aad7    0x30  stm8s_adc2.o [1]
  .far_func.text     ro code  0x00ab07    0x2f  ApiDisplay.o [1]
  .far_func.text     ro code  0x00ab36    0x2f  ApiDisplay.o [1]
  .far_func.text     ro code  0x00ab65    0x2f  stm8s_adc2.o [1]
  .far_func.text     ro code  0x00ab94    0x2e  ApiDisplay.o [1]
  .far_func.text     ro code  0x00abc2    0x2e  McuConfig.o [1]
  .far_func.text     ro code  0x00abf0    0x2d  stm8s_uart1.o [1]
  .far_func.text     ro code  0x00ac1d    0x2c  DrvGD83.o [1]
  .far_func.text     ro code  0x00ac49    0x2b  sysclock.o [1]
  .far_func.text     ro code  0x00ac74    0x2b  Task.o [1]
  .far_func.text     ro code  0x00ac9f    0x29  Delay.o [1]
  .far_func.text     ro code  0x00acc8    0x29  McuConfig.o [1]
  .far_func.text     ro code  0x00acf1    0x28  stm8s_flash.o [1]
  .far_func.text     ro code  0x00ad19    0x28  init_small.o [5]
  .far_func.text     ro code  0x00ad41    0x27  ADC.o [1]
  .far_func.text     ro code  0x00ad68    0x27  McuConfig.o [1]
  .far_func.text     ro code  0x00ad8f    0x26  GT20L16P1Y_D.o [1]
  .far_func.text     ro code  0x00adb5    0x26  stm8s_it.o [1]
  .far_func.text     ro code  0x00addb    0x26  Tone.o [1]
  .far_func.text     ro code  0x00ae01    0x26  memcpy.o [5]
  .far_func.text     ro code  0x00ae27    0x25  stm8s_flash.o [1]
  .far_func.text     ro code  0x00ae4c    0x25  stm8s_uart3.o [1]
  .far_func.text     ro code  0x00ae71    0x25  move.o [5]
  .far_func.text     ro code  0x00ae96    0x24  stm8s_tim1.o [1]
  .far_func.text     ro code  0x00aeba    0x22  ADC.o [1]
  .far_func.text     ro code  0x00aedc    0x22  ApiPocCmd.o [1]
  .far_func.text     ro code  0x00aefe    0x22  ApiPocCmd.o [1]
  .far_func.text     ro code  0x00af20    0x21  ApiGpsCmd.o [1]
  .far_func.text     ro code  0x00af41    0x21  ApiPocCmd.o [1]
  .far_func.text     ro code  0x00af62    0x21  Delay.o [1]
  .far_func.text     ro code  0x00af83    0x21  stm8s_adc2.o [1]
  .far_func.text     ro code  0x00afa4    0x21  stm8s_it.o [1]
  .far_func.text     ro code  0x00afc5    0x20  ApiPocCmd.o [1]
  .far_func.text     ro code  0x00afe5    0x1f  sysclock.o [1]
  .far_func.text     ro code  0x00b004    0x1e  init.o [5]
  .far_func.text     ro code  0x00b022    0x1e  init_small.o [5]
  .far_func.text     ro code  0x00b040    0x1c  Beep.o [1]
  .far_func.text     ro code  0x00b05c    0x1c  Delay.o [1]
  .far_func.text     ro code  0x00b078    0x1b  stm8s_it.o [1]
  .far_func.text     ro code  0x00b093    0x19  McuConfig.o [1]
  .far_func.text     ro code  0x00b0ac    0x19  McuConfig.o [1]
  .far_func.text     ro code  0x00b0c5    0x19  McuConfig.o [1]
  .far_func.text     ro code  0x00b0de    0x19  McuConfig.o [1]
  .far_func.text     ro code  0x00b0f7    0x19  McuConfig.o [1]
  .far_func.text     ro code  0x00b110    0x17  ApiDisplay.o [1]
  .far_func.text     ro code  0x00b127    0x17  ApiDisplay.o [1]
  .far_func.text     ro code  0x00b13e    0x17  uart3.o [1]
  .far_func.text     ro code  0x00b155    0x17  cstartup.o [5]
  .far_func.text     ro code  0x00b16c    0x17  memset.o [5]
  .far_func.text     ro code  0x00b183    0x16  stm8s_flash.o [1]
  .far_func.text     ro code  0x00b199    0x16  __dbg_xxexit.o [4]
  .far_func.text     ro code  0x00b1af    0x14  stm8s_flash.o [1]
  .far_func.text     ro code  0x00b1c3    0x13  ApiPocCmd.o [1]
  .far_func.text     ro code  0x00b1d6    0x13  ApiPocCmd.o [1]
  .far_func.text     ro code  0x00b1e9    0x13  stm8s_adc2.o [1]
  .far_func.text     ro code  0x00b1fc    0x13  stm8s_clk.o [1]
  .far_func.text     ro code  0x00b20f    0x13  stm8s_tim3.o [1]
  .far_func.text     ro code  0x00b222    0x12  ApiPocCmd.o [1]
  .far_func.text     ro code  0x00b234    0x12  ApiPocCmd.o [1]
  .far_func.text     ro code  0x00b246    0x12  uart3.o [1]
  .far_func.text     ro code  0x00b258    0x12  strlen.o [5]
  .far_func.text     ro code  0x00b26a    0x10  uart3.o [1]
  .far_func.text     ro code  0x00b27a     0xf  Voice.o [1]
  .far_func.text     ro code  0x00b289     0xe  far_util.o [5]
  .far_func.text     ro code  0x00b297     0xd  McuConfig.o [1]
  .far_func.text     ro code  0x00b2a4     0xd  McuConfig.o [1]
  .far_func.text     ro code  0x00b2b1     0xd  McuConfig.o [1]
  .far_func.text     ro code  0x00b2be     0xd  McuConfig.o [1]
  .far_func.text     ro code  0x00b2cb     0xd  stm8s_adc2.o [1]
  .far_func.text     ro code  0x00b2d8     0xd  stm8s_tim1.o [1]
  .far_func.text     ro code  0x00b2e5     0xd  stm8s_tim1.o [1]
  .far_func.text     ro code  0x00b2f2     0xd  stm8s_tim1.o [1]
  .far_func.text     ro code  0x00b2ff     0xd  stm8s_tim3.o [1]
  .far_func.text     ro code  0x00b30c     0xd  stm8s_tim3.o [1]
  .far_func.text     ro code  0x00b319     0xd  stm8s_uart1.o [1]
  .far_func.text     ro code  0x00b326     0xd  stm8s_uart3.o [1]
  .far_func.text     ro code  0x00b333     0xc  stm8s_tim3.o [1]
  .far_func.text     ro code  0x00b33f     0xb  ApiPocCmd.o [1]
  .far_func.text     ro code  0x00b34a     0xa  ApiAtCmd.o [1]
  .far_func.text     ro code  0x00b354     0x9  stm8s_gpio.o [1]
  .far_func.text     ro code  0x00b35d     0x9  stm8s_tim3.o [1]
  .far_func.text     ro code  0x00b366     0x7  ApiPocCmd.o [1]
  .far_func.text     ro code  0x00b36d     0x7  stm8s_flash.o [1]
  .far_func.text     ro code  0x00b374     0x7  stm8s_gpio.o [1]
  .far_func.text     ro code  0x00b37b     0x6  char.o [5]
  .far_func.text     ro code  0x00b381     0x6  cexit.o [5]
  .far_func.text     ro code  0x00b387     0x5  stm8s_adc2.o [1]
  .far_func.text     ro code  0x00b38c     0x5  stm8s_flash.o [1]
  .far_func.text     ro code  0x00b391     0x5  stm8s_flash.o [1]
  .far_func.text     ro code  0x00b396     0x5  stm8s_tim3.o [1]
  .far_func.text     ro code  0x00b39b     0x4  ApiPocCmd.o [1]
  .far_func.text     ro code  0x00b39f     0x4  ApiPocCmd.o [1]
  .far_func.text     ro code  0x00b3a3     0x4  ApiPocCmd.o [1]
  .far_func.text     ro code  0x00b3a7     0x4  ApiPocCmd.o [1]
  .far_func.text     ro code  0x00b3ab     0x4  ApiPocCmd.o [1]
  .far_func.text     ro code  0x00b3af     0x4  main.o [1]
  .far_func.text     ro code  0x00b3b3     0x4  stm8s_gpio.o [1]
  .far_func.text     ro code  0x00b3b7     0x4  stm8s_uart1.o [1]
  .far_func.text     ro code  0x00b3bb     0x4  stm8s_uart1.o [1]
  .far_func.text     ro code  0x00b3bf     0x4  stm8s_uart3.o [1]
  .far_func.text     ro code  0x00b3c3     0x4  stm8s_uart3.o [1]
  .far_func.text     ro code  0x00b3c7     0x4  System.o [1]
  .far_func.text     ro code  0x00b3cb     0x4  System.o [1]
  .far_func.text     ro code  0x00b3cf     0x4  Task.o [1]
  .far_func.text     ro code  0x00b3d3     0x4  interrupt.o [5]
  .far_func.text     ro code  0x00b3d7     0x4  exit.o [5]
  .far_func.text     ro code  0x00b3db     0x3  low_level_init.o [5]
  .far_func.text     ro code  0x00b3de     0x3  unhandled_exception.o [5]
  .far_func.text     ro code  0x00b3e1     0x1  stm8s_it.o [1]
  .far_func.text     ro code  0x00b3e2     0x1  stm8s_it.o [1]
  .far_func.text     ro code  0x00b3e3     0x1  stm8s_it.o [1]
  .far_func.text     ro code  0x00b3e4     0x1  stm8s_it.o [1]
  .far_func.text     ro code  0x00b3e5     0x1  stm8s_it.o [1]
  .far_func.text     ro code  0x00b3e6     0x1  stm8s_it.o [1]
  .far_func.text     ro code  0x00b3e7     0x1  stm8s_it.o [1]
  .far_func.text     ro code  0x00b3e8     0x1  stm8s_it.o [1]
  .far_func.text     ro code  0x00b3e9     0x1  stm8s_it.o [1]
  .far_func.text     ro code  0x00b3ea     0x1  stm8s_it.o [1]
  .far_func.text     ro code  0x00b3eb     0x1  stm8s_it.o [1]
  .far_func.text     ro code  0x00b3ec     0x1  stm8s_it.o [1]
  .far_func.text     ro code  0x00b3ed     0x1  stm8s_it.o [1]
  .far_func.text     ro code  0x00b3ee     0x1  stm8s_it.o [1]
  .far_func.text     ro code  0x00b3ef     0x1  stm8s_it.o [1]
  .far_func.text     ro code  0x00b3f0     0x1  stm8s_it.o [1]
  .far_func.text     ro code  0x00b3f1     0x1  stm8s_it.o [1]
  .far_func.text     ro code  0x00b3f2     0x1  stm8s_it.o [1]
  .far_func.text     ro code  0x00b3f3     0x1  stm8s_it.o [1]
  .far_func.text     ro code  0x00b3f4     0x1  stm8s_it.o [1]
  .far_func.text     ro code  0x00b3f5     0x1  stm8s_it.o [1]
  .far_func.text     ro code  0x00b3f6     0x1  __dbg_break.o [4]
                            - 0x00b3f7   0xb8c

"P4", part 2 of 2:                      0x665e
  .far_func.text     ro code  0x010000   0x823  DrvGD83.o [1]
  .far_func.text     ro code  0x010823   0x46e  ApiGpsCmd.o [1]
  .far_func.text     ro code  0x010c91   0x40f  Task.o [1]
  .far_func.text     ro code  0x0110a0   0x3b1  ApiKeyboard.o [1]
  .far_func.text     ro code  0x011451   0x36d  ApiPocCmd.o [1]
  .far_func.text     ro code  0x0117be   0x30f  Beep.o [1]
  .far_func.text     ro code  0x011acd   0x2cd  GT20L16P1Y.o [3]
  .far_func.text     ro code  0x011d9a   0x283  ApiGpsCmd.o [1]
  .far_func.text     ro code  0x01201d   0x26f  ApiKeyboard.o [1]
  .far_func.text     ro code  0x01228c   0x255  ApiGpsCmd.o [1]
  .far_func.text     ro code  0x0124e1   0x252  DrvHTG12832.o [1]
  .far_func.text     ro code  0x012733   0x251  GT20L16P1Y.o [3]
  .far_func.text     ro code  0x012984   0x246  ApiAtCmd.o [1]
  .far_func.text     ro code  0x012bca   0x211  DrvKeyboard.o [1]
  .far_func.text     ro code  0x012ddb   0x1dc  Task.o [1]
  .far_func.text     ro code  0x012fb7   0x1b2  uart3.o [1]
  .far_func.text     ro code  0x013169   0x188  long.o [5]
  .far_func.text     ro code  0x0132f1   0x185  GT20L16P1Y.o [3]
  .far_func.text     ro code  0x013476   0x173  ApiPocCmd.o [1]
  .far_func.text     ro code  0x0135e9   0x165  ApiGpsCmd.o [1]
  .far_func.text     ro code  0x01374e   0x163  ApiPocCmd.o [1]
  .far_func.text     ro code  0x0138b1   0x15c  vreg_util.o [5]
  .far_func.text     ro code  0x013a0d   0x159  stm8s_uart1.o [1]
  .far_func.text     ro code  0x013b66   0x148  DrvKeyboard.o [1]
  .far_func.text     ro code  0x013cae   0x143  System.o [1]
  .far_func.text     ro code  0x013df1   0x13f  DrvKeyboard.o [1]
  .far_func.text     ro code  0x013f30   0x13b  DrvGT20L16S1Y.o [1]
  .far_func.text     ro code  0x01406b   0x134  DrvGT20L16S1Y.o [1]
  .far_func.text     ro code  0x01419f   0x12a  stm8s_uart3.o [1]
  .far_func.text     ro code  0x0142c9   0x11d  ApiAtCmd.o [1]
  .far_func.text     ro code  0x0143e6   0x109  uart3.o [1]
  .far_func.text     ro code  0x0144ef   0x103  stm8s_itc.o [1]
  .far_func.text     ro code  0x0145f2   0x101  ADC.o [1]
  .far_func.text     ro code  0x0146f3    0xff  ApiGpsCmd.o [1]
  .far_func.text     ro code  0x0147f2    0xfa  CommonLib.o [1]
  .far_func.text     ro code  0x0148ec    0xeb  DrvGD83.o [1]
  .far_func.text     ro code  0x0149d7    0xe5  ApiKeyboard.o [1]
  .far_func.text     ro code  0x014abc    0xe2  uart3.o [1]
  .far_func.text     ro code  0x014b9e    0xd9  ApiDisplay.o [1]
  .far_func.text     ro code  0x014c77    0xd8  ApiPocCmd.o [1]
  .far_func.text     ro code  0x014d4f    0xc8  ApiDisplay.o [1]
  .far_func.text     ro code  0x014e17    0xc1  uart3.o [1]
  .far_func.text     ro code  0x014ed8    0xc0  ApiDisplay.o [1]
  .far_func.text     ro code  0x014f98    0xb6  stm8s_uart3.o [1]
  .far_func.text     ro code  0x01504e    0xb4  ApiAtCmd.o [1]
  .far_func.text     ro code  0x015102    0xb0  ApiDisplay.o [1]
  .far_func.text     ro code  0x0151b2    0xaf  stm8s_gpio.o [1]
  .far_func.text     ro code  0x015261    0xa8  Delay.o [1]
  .far_func.text     ro code  0x015309    0xa3  Delay.o [1]
  .far_func.text     ro code  0x0153ac    0xa2  stm8s_clk.o [1]
  .far_func.text     ro code  0x01544e    0x9b  Voice.o [1]
  .far_func.text     ro code  0x0154e9    0x99  stm8s_tim1.o [1]
  .far_func.text     ro code  0x015582    0x97  ApiDisplay.o [1]
  .far_func.text     ro code  0x015619    0x96  DrvKeyboard.o [1]
  .far_func.text     ro code  0x0156af    0x95  uart3.o [1]
  .far_func.text     ro code  0x015744    0x92  stm8s_uart1.o [1]
  .far_func.text     ro code  0x0157d6    0x8d  stm8s_uart3.o [1]
  .far_func.text     ro code  0x015863    0x88  ApiDisplay.o [1]
  .far_func.text     ro code  0x0158eb    0x82  stm8s_adc2.o [1]
  .far_func.text     ro code  0x01596d    0x80  DrvGD83.o [1]
  .far_func.text     ro code  0x0159ed    0x73  ApiAtCmd.o [1]
  .far_func.text     ro code  0x015a60    0x73  Delay.o [1]
  .far_func.text     ro code  0x015ad3    0x72  DrvKeyboard.o [1]
  .far_func.text     ro code  0x015b45    0x6e  uart3.o [1]
  .far_func.text     ro code  0x015bb3    0x6d  stm8s_uart1.o [1]
  .far_func.text     ro code  0x015c20    0x6b  Tone.o [1]
  .far_func.text     ro code  0x015c8b    0x64  ApiDisplay.o [1]
  .far_func.text     ro code  0x015cef    0x64  long_util.o [5]
  .far_func.text     ro code  0x015d53    0x61  stm8s_tim1.o [1]
  .far_func.text     ro code  0x015db4    0x60  ApiLED.o [1]
  .far_func.text     ro code  0x015e14    0x5e  CommonLib.o [1]
  .far_func.text     ro code  0x015e72    0x5a  ApiDisplay.o [1]
  .far_func.text     ro code  0x015ecc    0x5a  GT20L16P1Y_D.o [1]
  .far_func.text     ro code  0x015f26    0x58  stm8s_clk.o [1]
  .far_func.text     ro code  0x015f7e    0x58  dc_util.o [5]
  .far_func.text     ro code  0x015fd6    0x57  ApiDisplay.o [1]
  .far_func.text     ro code  0x01602d    0x56  Tone.o [1]
  .far_func.text     ro code  0x016083    0x55  Delay.o [1]
  .far_func.text     ro code  0x0160d8    0x54  stm8s_adc2.o [1]
  .far_func.text     ro code  0x01612c    0x52  uart3.o [1]
  .far_func.text     ro code  0x01617e    0x52  uart3.o [1]
  .far_func.text     ro code  0x0161d0    0x4f  ApiDisplay.o [1]
  .far_func.text     ro code  0x01621f    0x4f  uart3.o [1]
  .far_func.text     ro code  0x01626e    0x4e  CommonLib.o [1]
  .far_func.text     ro code  0x0162bc    0x4a  DrvGD83.o [1]
  .far_func.text     ro code  0x016306    0x4a  DrvGD83.o [1]
  .far_func.text     ro code  0x016350    0x4a  DrvGD83.o [1]
  .far_func.text     ro code  0x01639a    0x4a  DrvGD83.o [1]
  .far_func.text     ro code  0x0163e4    0x49  stm8s_uart3.o [1]
  .far_func.text     ro code  0x01642d    0x48  Flash_eeprom.o [1]
  .far_func.text     ro code  0x016475    0x48  Flash_eeprom.o [1]
  .far_func.text     ro code  0x0164bd    0x48  GT20L16P1Y_D.o [1]
  .far_func.text     ro code  0x016505    0x48  GT20L16P1Y_D.o [1]
  .far_func.text     ro code  0x01654d    0x47  GT20L16P1Y.o [3]
  .far_func.text     ro code  0x016594    0x44  short.o [5]
  .far_func.text     ro code  0x0165d8    0x43  stm8s_tim1.o [1]
  .far_func.text     ro code  0x01661b    0x43  uart3.o [1]
                            - 0x01665e  0x665e


*******************************************************************************
*** INIT TABLE
***

          Address   Size
          -------   ----
Zero (__iar_zero_init2)
    1 destination range, total size 0x133f:
          0x000066  0x133f

Copy (__iar_copy_init2)
    1 source range, total size 0x56:
          0x00a2e0    0x56
    1 destination range, total size 0x56:
          0x000010    0x56



*******************************************************************************
*** MODULE SUMMARY
***

    Module                 ro code  ro data  rw data
    ------                 -------  -------  -------
E:\1-source\A508\PRJ\Debug\Obj: [1]
    ADC.o                      330                 1
    ApiAtCmd.o               1 172      252      111
    ApiDisplay.o             1 614    1 128      578
    ApiGpsCmd.o              3 019               316
    ApiKeyboard.o            1 797      160       27
    ApiLED.o                    96                 1
    ApiPocCmd.o              2 064       45    3 139
    Beep.o                     867                18
    CommonLib.o                422       17
    Delay.o                    633                11
    DrvGD83.o                2 847       33      659
    DrvGT20L16S1Y.o            679
    DrvHTG12832.o              594                 2
    DrvKeyboard.o            1 440
    Flash_eeprom.o             206
    GT20L16P1Y_D.o             272    7 776
    McuConfig.o                355
    System.o                   331       34       22
    Task.o                   1 626      662       32
    Tone.o                     231                18
    Voice.o                    170                 6
    main.o                       4
    stm8s_adc2.o               379
    stm8s_clk.o                269        4
    stm8s_flash.o              190
    stm8s_gpio.o               195
    stm8s_it.o                 119
    stm8s_itc.o                259
    stm8s_tim1.o               392
    stm8s_tim3.o                71
    stm8s_uart1.o              716
    stm8s_uart3.o              752
    sysclock.o                 128
    uart3.o                  1 801       26       72
    ------------------------------------------------
    Total:                  26 040   10 137    5 013

command line: [2]
    ------------------------------------------------
    Total:

GT20L16_STM8_DOUBLE_MEDIUM_IAR.a: [3]
    GT20L16P1Y.o             1 770       62
    ------------------------------------------------
    Total:                   1 770       62

dbgstm8mmd.a: [4]
    __dbg_break.o                1
    __dbg_xxexit.o              22
    ------------------------------------------------
    Total:                      23

dlstm8mmn.a: [5]
    cexit.o                      6
    char.o                       6
    cstartup.o                  23
    dc_util.o                   88
    exit.o                       4
    far_util.o                  14
    init.o                      30
    init_small.o                70
    interrupt.o                  4      128
    long.o                     392
    long_util.o                100
    low_level_init.o             3
    memcmp.o                    54
    memcpy.o                    38
    memset.o                    23
    move.o                      37
    short.o                     68
    strlen.o                    18
    unhandled_exception.o        3
    vreg_util.o                348
    vregs.o                                       16
    ------------------------------------------------
    Total:                   1 329      128       16

    Linker created                       20      256
----------------------------------------------------
    Grand Total:            29 162   10 347    5 285


*******************************************************************************
*** ENTRY LIST
***

Entry                    Address    Size  Type      Object
-----                    -------    ----  ----      ------
.iar.init_table$$Base   0x00a47e           --   Gb  - Linker created -
.iar.init_table$$Limit  0x00a492           --   Gb  - Linker created -
?add32_l0_l0_0x         0x01316c          Code  Gb  long.o [5]
?add32_l0_l0_l1         0x013169          Code  Gb  long.o [5]
?and32_l0_l0_0x         0x0132a2          Code  Gb  long.o [5]
?and32_l0_l0_l1         0x01329f          Code  Gb  long.o [5]
?b0                     0x000000          Data  Gb  vregs.o [5]
?b1                     0x000001          Data  Gb  vregs.o [5]
?b10                    0x00000a          Data  Gb  vregs.o [5]
?b11                    0x00000b          Data  Gb  vregs.o [5]
?b12                    0x00000c          Data  Gb  vregs.o [5]
?b13                    0x00000d          Data  Gb  vregs.o [5]
?b14                    0x00000e          Data  Gb  vregs.o [5]
?b15                    0x00000f          Data  Gb  vregs.o [5]
?b2                     0x000002          Data  Gb  vregs.o [5]
?b3                     0x000003          Data  Gb  vregs.o [5]
?b4                     0x000004          Data  Gb  vregs.o [5]
?b5                     0x000005          Data  Gb  vregs.o [5]
?b6                     0x000006          Data  Gb  vregs.o [5]
?b7                     0x000007          Data  Gb  vregs.o [5]
?b8                     0x000008          Data  Gb  vregs.o [5]
?b9                     0x000009          Data  Gb  vregs.o [5]
?dc32_l0                0x015f7e          Code  Gb  dc_util.o [5]
?dc32_l1                0x015faa          Code  Gb  dc_util.o [5]
?e0                     0x000001          Data  Gb  vregs.o [5]
?e1                     0x000005          Data  Gb  vregs.o [5]
?e2                     0x000009          Data  Gb  vregs.o [5]
?e3                     0x00000d          Data  Gb  vregs.o [5]
?epilogue_l2            0x013969          Code  Gb  vreg_util.o [5]
?epilogue_l2_l3         0x013965          Code  Gb  vreg_util.o [5]
?epilogue_l2_w6         0x01396e          Code  Gb  vreg_util.o [5]
?epilogue_w4            0x013977          Code  Gb  vreg_util.o [5]
?l0                     0x000000          Data  Gb  vregs.o [5]
?l1                     0x000004          Data  Gb  vregs.o [5]
?l2                     0x000008          Data  Gb  vregs.o [5]
?l3                     0x00000c          Data  Gb  vregs.o [5]
?load24_e1_0x           0x00b289          Code  Gb  far_util.o [5]
?load32_0x_l0           0x015d45          Code  Gb  long_util.o [5]
?load32_l0_0x           0x015d09          Code  Gb  long_util.o [5]
?load32_l0_asp          0x015cfd          Code  Gb  long_util.o [5]
?load32_l0_dbsp         0x015cef          Code  Gb  long_util.o [5]
?load32_l0_xsp          0x015cff          Code  Gb  long_util.o [5]
?load32_l1_0x           0x015d2f          Code  Gb  long_util.o [5]
?load32_l1_asp          0x015d23          Code  Gb  long_util.o [5]
?load32_l1_dbsp         0x015d15          Code  Gb  long_util.o [5]
?load32_l1_xsp          0x015d25          Code  Gb  long_util.o [5]
?load32_xsp_l0          0x015d3b          Code  Gb  long_util.o [5]
?longfarg16_v_w0_a      0x00ae7e          Code  Gb  move.o [5]
?longfarg16_v_w0_x      0x00ae80          Code  Gb  move.o [5]
?mov_e0_e1              0x013994          Code  Gb  vreg_util.o [5]
?mov_e0_e2              0x0139a1          Code  Gb  vreg_util.o [5]
?mov_e0_e3              0x0139ae          Code  Gb  vreg_util.o [5]
?mov_e1_e0              0x0139bb          Code  Gb  vreg_util.o [5]
?mov_e1_e2              0x0139c8          Code  Gb  vreg_util.o [5]
?mov_e1_e3              0x0139d5          Code  Gb  vreg_util.o [5]
?mov_e2_e0              0x0139e2          Code  Gb  vreg_util.o [5]
?mov_e3_e0              0x0139f6          Code  Gb  vreg_util.o [5]
?mov_e3_e1              0x013a03          Code  Gb  vreg_util.o [5]
?mov_l0_l1              0x013991          Code  Gb  vreg_util.o [5]
?mov_l0_l2              0x01399e          Code  Gb  vreg_util.o [5]
?mov_l0_l3              0x0139ab          Code  Gb  vreg_util.o [5]
?mov_l1_l0              0x0139b8          Code  Gb  vreg_util.o [5]
?mov_l1_l2              0x0139c5          Code  Gb  vreg_util.o [5]
?mov_l1_l3              0x0139d2          Code  Gb  vreg_util.o [5]
?mov_l2_l0              0x0139df          Code  Gb  vreg_util.o [5]
?mov_l3_l0              0x0139f3          Code  Gb  vreg_util.o [5]
?mov_l3_l1              0x013a00          Code  Gb  vreg_util.o [5]
?mov_w1_w3              0x013997          Code  Gb  vreg_util.o [5]
?mov_w1_w4              0x01397c          Code  Gb  vreg_util.o [5]
?mov_w1_w5              0x0139a4          Code  Gb  vreg_util.o [5]
?mov_w1_w7              0x0139b1          Code  Gb  vreg_util.o [5]
?mov_w2_w1              0x013983          Code  Gb  vreg_util.o [5]
?mov_w3_w1              0x0139be          Code  Gb  vreg_util.o [5]
?mov_w3_w5              0x0139cb          Code  Gb  vreg_util.o [5]
?mov_w3_w7              0x0139d8          Code  Gb  vreg_util.o [5]
?mov_w5_w1              0x0139e5          Code  Gb  vreg_util.o [5]
?mov_w5_w3              0x0139ec          Code  Gb  vreg_util.o [5]
?mov_w6_w0              0x01398a          Code  Gb  vreg_util.o [5]
?mov_w7_w1              0x0139f9          Code  Gb  vreg_util.o [5]
?mov_w7_w3              0x013a06          Code  Gb  vreg_util.o [5]
?move1616_v_x_y_a       0x00ae71          Code  Gb  move.o [5]
?mul16_x_x_w0           0x016594          Code  Gb  short.o [5]
?mul32_l0_l0_l1         0x01319f          Code  Gb  long.o [5]
?or32_l0_l0_0x          0x0132bd          Code  Gb  long.o [5]
?or32_l0_l0_l1          0x0132ba          Code  Gb  long.o [5]
?pop_l0                 0x01392d          Code  Gb  vreg_util.o [5]
?pop_l1                 0x013938          Code  Gb  vreg_util.o [5]
?pop_l2                 0x013943          Code  Gb  vreg_util.o [5]
?pop_l3                 0x01394e          Code  Gb  vreg_util.o [5]
?pop_w4                 0x0138d7          Code  Gb  vreg_util.o [5]
?pop_w5                 0x0138de          Code  Gb  vreg_util.o [5]
?pop_w6                 0x0138e5          Code  Gb  vreg_util.o [5]
?push_l0                0x0138f8          Code  Gb  vreg_util.o [5]
?push_l1                0x0138fd          Code  Gb  vreg_util.o [5]
?push_l2                0x013902          Code  Gb  vreg_util.o [5]
?push_l3                0x013907          Code  Gb  vreg_util.o [5]
?push_w4                0x0138b1          Code  Gb  vreg_util.o [5]
?push_w5                0x0138b6          Code  Gb  vreg_util.o [5]
?push_w6                0x0138bb          Code  Gb  vreg_util.o [5]
?sext16_x_a             0x0165d1          Code  Gb  short.o [5]
?sext32_l0_x            0x0132e6          Code  Gb  long.o [5]
?sll16_x_x_4            0x0165cc          Code  Gb  short.o [5]
?sll16_x_x_5            0x0165cb          Code  Gb  short.o [5]
?sll16_x_x_6            0x0165ca          Code  Gb  short.o [5]
?sll16_x_x_a            0x0165c2          Code  Gb  short.o [5]
?sll32_0x_0x_a          0x0132d8          Code  Gb  long.o [5]
?sll32_l0_l0_a          0x0132d5          Code  Gb  long.o [5]
?smod16_y_x_y           0x0165b2          Code  Gb  short.o [5]
?srl8_a_a_5             0x00b37c          Code  Gb  char.o [5]
?srl8_a_a_6             0x00b37b          Code  Gb  char.o [5]
?sub32_l0_l0_0x         0x013187          Code  Gb  long.o [5]
?sub32_l0_l0_l1         0x013184          Code  Gb  long.o [5]
?ucmp32_c_l0_l1         0x013294          Code  Gb  long.o [5]
?udiv32_l0_dl_l1        0x01321d          Code  Gb  long.o [5]
?udiv32_l0_l0_dl        0x013223          Code  Gb  long.o [5]
?udiv32_l0_l0_l1        0x013227          Code  Gb  long.o [5]
?umod32_l1_l0_l1        0x013227          Code  Gb  long.o [5]
?w0                     0x000000          Data  Gb  vregs.o [5]
?w1                     0x000002          Data  Gb  vregs.o [5]
?w2                     0x000004          Data  Gb  vregs.o [5]
?w3                     0x000006          Data  Gb  vregs.o [5]
?w4                     0x000008          Data  Gb  vregs.o [5]
?w5                     0x00000a          Data  Gb  vregs.o [5]
?w6                     0x00000c          Data  Gb  vregs.o [5]
?w7                     0x00000e          Data  Gb  vregs.o [5]
ADC2_Cmd                0x00b2cb     0xd  Code  Gb  stm8s_adc2.o [1]
ADC2_ConversionConfig   0x00ab65    0x2f  Code  Gb  stm8s_adc2.o [1]
ADC2_ExternalTriggerConfig
                        0x00af83    0x21  Code  Gb  stm8s_adc2.o [1]
ADC2_GetConversionValue
                        0x0160d8    0x54  Code  Gb  stm8s_adc2.o [1]
ADC2_IRQHandler         0x00b3f3     0x1  Code  Gb  stm8s_it.o [1]
ADC2_Init               0x00aad7    0x30  Code  Gb  stm8s_adc2.o [1]
ADC2_PrescalerConfig    0x00b1e9    0x13  Code  Gb  stm8s_adc2.o [1]
ADC2_SchmittTriggerConfig
                        0x0158eb    0x82  Code  Gb  stm8s_adc2.o [1]
ADC2_StartConversion    0x00b387     0x5  Code  Gb  stm8s_adc2.o [1]
ADC_Init                0x00aeba    0x22  Code  Gb  ADC.o [1]
AF_Mute_Init            0x00b2a4     0xd  Code  Gb  McuConfig.o [1]
AUDIO_IOAFMUT           0x00b0de    0x19  Code  Gb  McuConfig.o [1]
AUDIO_IOAFPOW           0x00b0f7    0x19  Code  Gb  McuConfig.o [1]
AWU_IRQHandler          0x00b3e3     0x1  Code  Gb  stm8s_it.o [1]
AkeyvolumeCount         0x000035     0x1  Data  Gb  ApiKeyboard.o [1]
AlarmCount              0x00004b     0x1  Data  Gb  Task.o [1]
ApGpsCmd_10msRenew      0x00af20    0x21  Code  Gb  ApiGpsCmd.o [1]
ApiAtCmd_100msRenew     0x012b49    0x81  Code  Gb  ApiAtCmd.o [1]
ApiAtCmd_10msRenew      0x01504e    0xb4  Code  Gb  ApiAtCmd.o [1]
ApiAtCmd_GetGroupName   0x00b222    0x12  Code  Gb  ApiPocCmd.o [1]
ApiAtCmd_GetGroupNameLen
                        0x00b1c3    0x13  Code  Gb  ApiPocCmd.o [1]
ApiAtCmd_GetGroupNum    0x00b39f     0x4  Code  Gb  ApiPocCmd.o [1]
ApiAtCmd_GetLoginState  0x00b366     0x7  Code  Gb  ApiPocCmd.o [1]
ApiAtCmd_GetMainGroupId
                        0x00b3a7     0x4  Code  Gb  ApiPocCmd.o [1]
ApiAtCmd_GetMainUserId  0x00b3ab     0x4  Code  Gb  ApiPocCmd.o [1]
ApiAtCmd_GetMainWorkName
                        0x00b39b     0x4  Code  Gb  ApiPocCmd.o [1]
ApiAtCmd_GetUserName    0x00b234    0x12  Code  Gb  ApiPocCmd.o [1]
ApiAtCmd_GetUserNameLen
                        0x00b1d6    0x13  Code  Gb  ApiPocCmd.o [1]
ApiAtCmd_GetUserNum     0x00b3a3     0x4  Code  Gb  ApiPocCmd.o [1]
ApiAtCmd_PlayVoice      0x0159ed    0x73  Code  Gb  ApiAtCmd.o [1]
ApiAtCmd_WritCommand    0x012984   0x178  Code  Gb  ApiAtCmd.o [1]
ApiAtCmd_tcp_state      0x00b34a     0xa  Code  Gb  ApiAtCmd.o [1]
ApiCaretCmd_10msRenew   0x0142c9   0x11d  Code  Gb  ApiAtCmd.o [1]
ApiGpsCmd_100msRenew    0x010acd   0x1c4  Code  Gb  ApiGpsCmd.o [1]
ApiGpsCmd_PowerOnInitial
                        0x0146f3    0xff  Code  Gb  ApiGpsCmd.o [1]
ApiPocCmd_10msRenew     0x011451   0x36d  Code  Gb  ApiPocCmd.o [1]
ApiPocCmd_WritCommand   0x01374e   0x163  Code  Gb  ApiPocCmd.o [1]
ApiPocCmd_user_info_set
                        0x014c77    0xd8  Code  Gb  ApiPocCmd.o [1]
AtCmdDrvobj             0x001252    0x45  Data  Lc  ApiAtCmd.o [1]
AtCmd_NetParamCode      0x012afc    0x4d  Code  Lc  ApiAtCmd.o [1]
AtNotify_Queue          0x01009a    0x4d  Code  Lc  DrvGD83.o [1]
AtNotify_Queue_Start    0x0100e7    0x56  Code  Lc  DrvGD83.o [1]
BEEP_Interrupt10ms      0x00b040    0x1c  Code  Gb  Beep.o [1]
BEEP_PowerOnInitial     0x0119fa    0xd3  Code  Gb  Beep.o [1]
BEEP_SetOutput          0x0117be   0x23c  Code  Gb  Beep.o [1]
BEEP_Time               0x00a95f    0x38  Code  Gb  Beep.o [1]
BeepDrvObj              0x00132f    0x12  Data  Lc  Beep.o [1]
BitTab                  0x00a805     0x8  Data  Gb  ApiDisplay.o [1]
BootProcess_PPPCFG_Flag
                        0x001383     0x1  Data  Gb  ApiAtCmd.o [1]
BootProcess_PPPCFG_Flag_Zanshi
                        0x000010     0x1  Data  Gb  ApiAtCmd.o [1]
BootProcess_SIMST_Flag  0x001382     0x1  Data  Gb  ApiAtCmd.o [1]
CHAR_HIGH               0x00a698    0x10  Data  Gb  ApiDisplay.o [1]
CHAR_WIDTH              0x00a6a8    0x10  Data  Gb  ApiDisplay.o [1]
CLK_ClockSwitchConfig   0x0153ac    0xa2  Code  Gb  stm8s_clk.o [1]
CLK_GetClockFreq        0x015f26    0x58  Code  Gb  stm8s_clk.o [1]
CLK_HSIPrescalerConfig  0x00b1fc    0x13  Code  Gb  stm8s_clk.o [1]
CLK_IRQHandler          0x00b3e4     0x1  Code  Gb  stm8s_it.o [1]
COML_AscToHex           0x0147f2    0xfa  Code  Gb  CommonLib.o [1]
COML_StringReverse      0x015e14    0x5e  Code  Gb  CommonLib.o [1]
CSQ_Flag                0x001385     0x1  Data  Gb  ApiAtCmd.o [1]
CSTACK$$Base            0x001700           --   Gb  - Linker created -
CSTACK$$Limit           0x001800           --   Gb  - Linker created -
C_TEST_OUT_SET          0x00b2be     0xd  Code  Gb  McuConfig.o [1]
CaretNotify_Queue       0x010000    0x4d  Code  Lc  DrvGD83.o [1]
CaretNotify_Queue_Start
                        0x010193    0x56  Code  Lc  DrvGD83.o [1]
CharCode                0x00137d     0x2  Data  Gb  ApiDisplay.o [1]
DEL_100msProcess        0x015280    0x50  Code  Lc  Delay.o [1]
DEL_10msProcess         0x0152d0    0x1d  Code  Lc  Delay.o [1]
DEL_1msProcess          0x0152ed     0xc  Code  Lc  Delay.o [1]
DEL_500msProcess        0x015261    0x1f  Code  Lc  Delay.o [1]
DEL_GetTimer            0x016083    0x55  Code  Gb  Delay.o [1]
DEL_Interrupt           0x015309    0xa3  Code  Gb  Delay.o [1]
DEL_PowerOnInitial      0x00af62    0x21  Code  Gb  Delay.o [1]
DEL_Renew               0x0152f9    0x10  Code  Gb  Delay.o [1]
DEL_SetTimer            0x015a60    0x73  Code  Gb  Delay.o [1]
DEL_Soft1ms             0x00b05c    0x1c  Code  Gb  Delay.o [1]
DEL_TimerRenew          0x00ac9f    0x29  Code  Lc  Delay.o [1]
DISP_DataBuf            0x014d4f    0xc8  Code  Lc  ApiDisplay.o [1]
DISP_MulTypePro         0x014ed8    0xc0  Code  Lc  ApiDisplay.o [1]
DISP_MulTypePro2        0x014b9e    0xd9  Code  Lc  ApiDisplay.o [1]
Dec2Hex                 0x01626e    0x4e  Code  Gb  CommonLib.o [1]
DefaultSystemClockForHSI
                        0x00afe5    0x1f  Code  Gb  sysclock.o [1]
DelDrvObj               0x001362     0xb  Data  Lc  Delay.o [1]
Delay_100ms             0x00a86b    0x40  Code  Gb  Task.o [1]
DisDataBit              0x0012db    0x40  Data  Gb  ApiDisplay.o [1]
DisDataBuf              0x000ec7   0x200  Data  Gb  ApiDisplay.o [1]
DrvGD83DrvObj           0x000c3d   0x28a  Data  Lc  DrvGD83.o [1]
DrvGD83_UART_TxCommand  0x01596d    0x80  Code  Gb  DrvGD83.o [1]
DrvMC8332_AtNotify_Queue_front
                        0x016306    0x4a  Code  Gb  DrvGD83.o [1]
DrvMC8332_CaretNotify_Queue_front
                        0x0162bc    0x4a  Code  Gb  DrvGD83.o [1]
DrvMC8332_GpsNotify_Queue_front
                        0x01639a    0x4a  Code  Gb  DrvGD83.o [1]
DrvMC8332_PocNotify_Queue_front
                        0x016350    0x4a  Code  Gb  DrvGD83.o [1]
DrvMC8332_Software_Initial
                        0x00a8e9    0x3d  Code  Gb  DrvGD83.o [1]
DrvMC8332_TxPort_SetValidable
                        0x00ac1d    0x2c  Code  Gb  DrvGD83.o [1]
DrvMC8332_UART_Interrupt
                        0x010458   0x3cb  Code  Gb  DrvGD83.o [1]
DrvMc8332_UART_TxTail   0x0148ec    0xeb  Code  Gb  DrvGD83.o [1]
EEPROM_EEC_IRQHandler   0x00b3f5     0x1  Code  Gb  stm8s_it.o [1]
EXTI_PORTA_IRQHandler   0x00b3e5     0x1  Code  Gb  stm8s_it.o [1]
EXTI_PORTB_IRQHandler   0x00b3e6     0x1  Code  Gb  stm8s_it.o [1]
EXTI_PORTC_IRQHandler   0x00b3e7     0x1  Code  Gb  stm8s_it.o [1]
EXTI_PORTD_IRQHandler   0x00b3e8     0x1  Code  Gb  stm8s_it.o [1]
EXTI_PORTE_IRQHandler   0x00b3e9     0x1  Code  Gb  stm8s_it.o [1]
FILE_Read               0x016475    0x48  Code  Gb  Flash_eeprom.o [1]
FILE_Write              0x01642d    0x48  Code  Gb  Flash_eeprom.o [1]
FLASH_EraseOptionByte   0x00acf1    0x28  Code  Gb  stm8s_flash.o [1]
FLASH_GetFlagStatus     0x00b1af    0x14  Code  Gb  stm8s_flash.o [1]
FLASH_Lock              0x00b36d     0x7  Code  Gb  stm8s_flash.o [1]
FLASH_ProgramByte       0x00b38c     0x5  Code  Gb  stm8s_flash.o [1]
FLASH_ProgramOptionByte
                        0x00ae27    0x25  Code  Gb  stm8s_flash.o [1]
FLASH_ReadByte          0x00b391     0x5  Code  Gb  stm8s_flash.o [1]
FLASH_Unlock            0x00b183    0x16  Code  Gb  stm8s_flash.o [1]
FLASH_WaitForLastOperation
                        0x00a9cf    0x36  Code  Gb  stm8s_flash.o [1]
GB2312_16_GetData       0x012733   0x251  Code  Gb  GT20L16P1Y.o [3]
GPIO_Init               0x0151b2    0xaf  Code  Gb  stm8s_gpio.o [1]
GPIO_ReadInputPin       0x00b354     0x9  Code  Gb  stm8s_gpio.o [1]
GPIO_WriteHigh          0x00b374     0x7  Code  Gb  stm8s_gpio.o [1]
GPIO_WriteLow           0x00b3b3     0x4  Code  Gb  stm8s_gpio.o [1]
GeHuTest                0x01201d   0x26f  Code  Lc  ApiKeyboard.o [1]
GetPersonalCallingMode  0x00b33f     0xb  Code  Gb  ApiPocCmd.o [1]
GetPointArrayData32     0x0164bd    0x48  Code  Gb  GT20L16P1Y_D.o [1]
GetTaskId               0x00b3c7     0x4  Code  Gb  System.o [1]
GpsCmd_GbAnalytical     0x01228c   0x255  Code  Lc  ApiGpsCmd.o [1]
GpsCmd_GbDataTransave   0x011d9a   0x283  Code  Lc  ApiGpsCmd.o [1]
GpsCmd_GbWritCommand    0x010823   0x2aa  Code  Lc  ApiGpsCmd.o [1]
GpsFunDrvObj            0x0010c7   0x13b  Data  Lc  ApiGpsCmd.o [1]
GpsNotify_Queue         0x0103db    0x7d  Code  Lc  DrvGD83.o [1]
GpsNotify_Queue_Start   0x0101e9    0x9a  Code  Lc  DrvGD83.o [1]
GroupCallingNum         0x00003c     0x1  Data  Gb  ApiKeyboard.o [1]
HSE_ClockStartUpConfiguration
                        0x00aa05    0x36  Code  Lc  sysclock.o [1]
HSIDivFactor            0x00a85a     0x4  Data  Gb  stm8s_clk.o [1]
HexToChar_GroupCallingNum
                        0x00afc5    0x20  Code  Gb  ApiPocCmd.o [1]
HexToChar_MainGroupId   0x00af41    0x21  Code  Gb  ApiPocCmd.o [1]
HexToChar_MainUserId    0x00aedc    0x22  Code  Gb  ApiPocCmd.o [1]
HexToChar_PersonalCallingNum
                        0x00aefe    0x22  Code  Gb  ApiPocCmd.o [1]
HtgDrvObj               0x00137f     0x2  Data  Lc  DrvHTG12832.o [1]
I2C_IRQHandler          0x00b3f1     0x1  Code  Gb  stm8s_it.o [1]
INTVEC$$Base            0x008000           --   Gb  - Linker created -
INTVEC$$Limit           0x008080           --   Gb  - Linker created -
ITC_SetSoftwarePriority
                        0x0144ef   0x103  Code  Gb  stm8s_itc.o [1]
Ico_DataBuf             0x009b80   0x400  Data  Gb  ApiDisplay.o [1]
InputGBcode             0x009f80   0x1b0  Data  Gb  GT20L16P1Y_D.o [1]
InputUnicode            0x00a130   0x1b0  Data  Gb  GT20L16P1Y_D.o [1]
KEY_TABLE               0x00a865     0x3  Data  Lc  uart3.o [1]
KeyBoardState           0x001394     0x1  Data  Gb  ApiKeyboard.o [1]
KeyDownUpChoose_GroupOrUser_Flag
                        0x001386     0x1  Data  Gb  ApiAtCmd.o [1]
KeyPersonalCallingCount
                        0x00138a     0x1  Data  Gb  ApiKeyboard.o [1]
KeyUpDownCount          0x001389     0x1  Data  Gb  ApiKeyboard.o [1]
Key_Flag_0              0x0013a1     0x1  Data  Gb  Task.o [1]
Key_Flag_1              0x00138b     0x1  Data  Gb  ApiKeyboard.o [1]
Key_Init                0x00aa71    0x34  Code  Gb  McuConfig.o [1]
Key_PersonalCalling_Flag
                        0x0013a2     0x1  Data  Gb  Task.o [1]
Keyboard_Test           0x0110a0   0x3b1  Code  Gb  ApiKeyboard.o [1]
LED_Conut               0x001395     0x1  Data  Gb  ApiLED.o [1]
LED_Init                0x00ad68    0x27  Code  Gb  McuConfig.o [1]
LED_IntOutputRenew      0x015db4    0x60  Code  Gb  ApiLED.o [1]
LowVoltageDetection     0x0145f2   0x101  Code  Gb  ADC.o [1]
LowVoltageDetection_Flag
                        0x001381     0x1  Data  Gb  ADC.o [1]
MIC_GPIO_Init           0x00b297     0xd  Code  Gb  McuConfig.o [1]
MIC_IOMUT               0x00b0c5    0x19  Code  Gb  McuConfig.o [1]
NoUseNum                0x0013a0     0x1  Data  Gb  Task.o [1]
Noise_Mute_Init         0x00b2b1     0xd  Code  Gb  McuConfig.o [1]
Notify_Queue_Stop       0x010283   0x158  Code  Lc  DrvGD83.o [1]
OneChannelGetADValue    0x00ad41    0x27  Code  Lc  ADC.o [1]
PAS_NULLTBL             0x00a6b8    0x10  Data  Lc  uart3.o [1]
POC_AtEnterPersonalCalling_Flag
                        0x001398     0x1  Data  Gb  ApiPocCmd.o [1]
POC_AtQuitPersonalCalling_Flag
                        0x001399     0x1  Data  Gb  ApiPocCmd.o [1]
POC_EnterGroupCalling_Flag
                        0x00139a     0x1  Data  Gb  ApiPocCmd.o [1]
POC_EnterPersonalCalling_Flag
                        0x001396     0x1  Data  Gb  ApiPocCmd.o [1]
POC_QuitGroupCalling_Flag
                        0x00139b     0x1  Data  Gb  ApiPocCmd.o [1]
POC_QuitPersonalCalling_Flag
                        0x001397     0x1  Data  Gb  ApiPocCmd.o [1]
POC_Receive86_Flag      0x00139e     0x1  Data  Gb  ApiPocCmd.o [1]
POC_ReceivedVoiceEnd_Flag
                        0x00139d     0x1  Data  Gb  ApiPocCmd.o [1]
POC_ReceivedVoiceStart_Flag
                        0x00139c     0x1  Data  Gb  ApiPocCmd.o [1]
POC_TABLE               0x00a868     0x3  Data  Lc  uart3.o [1]
PasObj                  0x001379     0x4  Data  Lc  uart3.o [1]
PersonalCallingNum      0x001388     0x1  Data  Gb  ApiKeyboard.o [1]
PocCmdDrvobj            0x000066   0xbd7  Data  Lc  ApiPocCmd.o [1]
PocNotify_Queue         0x01004d    0x4d  Code  Lc  DrvGD83.o [1]
PocNotify_Queue_Start   0x01013d    0x56  Code  Lc  DrvGD83.o [1]
PressButton             0x001393     0x1  Data  Gb  ApiKeyboard.o [1]
ReadBuffer              0x001202    0x50  Data  Gb  ApiPocCmd.o [1]
ReadByte                0x015fd6    0x57  Code  Gb  ApiDisplay.o [1]
Region$$Table$$Base     0x00a47e           --   Gb  - Linker created -
Region$$Table$$Limit    0x00a492           --   Gb  - Linker created -
SPI_IRQHandler          0x00b3ea     0x1  Code  Gb  stm8s_it.o [1]
SendByte                0x015863    0x88  Code  Gb  ApiDisplay.o [1]
SetTaskId               0x00b3cb     0x4  Code  Gb  System.o [1]
Set_GreenLed            0x00b093    0x19  Code  Gb  McuConfig.o [1]
Set_RedLed              0x00b0ac    0x19  Code  Gb  McuConfig.o [1]
SystemClock_Init        0x00ac49    0x2b  Code  Gb  sysclock.o [1]
TASK_Ptt_StartPersonCalling_Flag
                        0x0013a3     0x1  Data  Gb  Task.o [1]
TASK_RunLoBattery       0x00ac74    0x2b  Code  Gb  Task.o [1]
TASK_WriteFreq          0x00b3cf     0x4  Code  Gb  Task.o [1]
TIM1_CAP_COM_IRQHandler
                        0x00b3ec     0x1  Code  Gb  stm8s_it.o [1]
TIM1_CCxCmd             0x0165d8    0x43  Code  Gb  stm8s_tim1.o [1]
TIM1_Cmd                0x00b2d8     0xd  Code  Gb  stm8s_tim1.o [1]
TIM1_CtrlPWMOutputs     0x00b2e5     0xd  Code  Gb  stm8s_tim1.o [1]
TIM1_DeInit             0x0154e9    0x99  Code  Gb  stm8s_tim1.o [1]
TIM1_OC1Init            0x015d53    0x61  Code  Gb  stm8s_tim1.o [1]
TIM1_OC1PreloadConfig   0x00b2f2     0xd  Code  Gb  stm8s_tim1.o [1]
TIM1_PWM_Init           0x01602d    0x56  Code  Gb  Tone.o [1]
TIM1_TimeBaseInit       0x00ae96    0x24  Code  Gb  stm8s_tim1.o [1]
TIM1_UPD_OVF_TRG_BRK_IRQHandler
                        0x00b3eb     0x1  Code  Gb  stm8s_it.o [1]
TIM2_CAP_COM_IRQHandler
                        0x00b3ee     0x1  Code  Gb  stm8s_it.o [1]
TIM2_UPD_OVF_BRK_IRQHandler
                        0x00b3ed     0x1  Code  Gb  stm8s_it.o [1]
TIM3_ARRPreloadConfig   0x00b30c     0xd  Code  Gb  stm8s_tim3.o [1]
TIM3_CAP_COM_IRQHandler
                        0x00b3ef     0x1  Code  Gb  stm8s_it.o [1]
TIM3_ClearITPendingBit  0x00b396     0x5  Code  Gb  stm8s_tim3.o [1]
TIM3_Cmd                0x00b2ff     0xd  Code  Gb  stm8s_tim3.o [1]
TIM3_ITConfig           0x00b20f    0x13  Code  Gb  stm8s_tim3.o [1]
TIM3_PrescalerConfig    0x00b35d     0x9  Code  Gb  stm8s_tim3.o [1]
TIM3_TimeBaseInit       0x00b333     0xc  Code  Gb  stm8s_tim3.o [1]
TIM3_UPD_OVF_BRK_IRQHandler
                        0x00afa4    0x21  Code  Gb  stm8s_it.o [1]
TIM4_UPD_OVF_IRQHandler
                        0x00b3f4     0x1  Code  Gb  stm8s_it.o [1]
TLI_IRQHandler          0x00b3e2     0x1  Code  Gb  stm8s_it.o [1]
TONE_PowerOnInitial     0x015c20    0x6b  Code  Gb  Tone.o [1]
TONE_Start              0x00ade4    0x1d  Code  Gb  Tone.o [1]
TONE_Stop               0x00addb     0x9  Code  Gb  Tone.o [1]
TRAP_IRQHandler         0x00b3e1     0x1  Code  Gb  stm8s_it.o [1]
TaskDrvObj              0x00131b    0x14  Data  Lc  System.o [1]
Task_RunNormalOperation
                        0x010c91   0x40f  Code  Gb  Task.o [1]
Task_RunStart           0x012ddb   0x1dc  Code  Gb  Task.o [1]
Test1                   0x001387     0x1  Data  Gb  ApiGpsCmd.o [1]
TestBuf1                0x00136d     0x6  Data  Gb  ApiKeyboard.o [1]
Tim3_Timer_Init         0x00acc8    0x29  Code  Gb  McuConfig.o [1]
ToneDrvObj              0x001341    0x12  Data  Lc  Tone.o [1]
UART1_Cmd               0x00b319     0xd  Code  Gb  stm8s_uart1.o [1]
UART1_DeInit            0x00abf0    0x2d  Code  Gb  stm8s_uart1.o [1]
UART1_GetFlagStatus     0x00aaa5    0x32  Code  Gb  stm8s_uart1.o [1]
UART1_GetITStatus       0x015744    0x92  Code  Gb  stm8s_uart1.o [1]
UART1_ITConfig          0x015bb3    0x6d  Code  Gb  stm8s_uart1.o [1]
UART1_Init              0x013a0d   0x159  Code  Gb  stm8s_uart1.o [1]
UART1_RX_IRQHandler     0x00adb5    0x26  Code  Gb  stm8s_it.o [1]
UART1_ReceiveData8      0x00b3b7     0x4  Code  Gb  stm8s_uart1.o [1]
UART1_SendData8         0x00b3bb     0x4  Code  Gb  stm8s_uart1.o [1]
UART1_TX_IRQHandler     0x00b3f0     0x1  Code  Gb  stm8s_it.o [1]
UART3_Cmd               0x00b326     0xd  Code  Gb  stm8s_uart3.o [1]
UART3_DeInit            0x00ae4c    0x25  Code  Gb  stm8s_uart3.o [1]
UART3_GetFlagStatus     0x0163e4    0x49  Code  Gb  stm8s_uart3.o [1]
UART3_GetITStatus       0x014f98    0xb6  Code  Gb  stm8s_uart3.o [1]
UART3_ITConfig          0x0157d6    0x8d  Code  Gb  stm8s_uart3.o [1]
UART3_Init              0x01419f   0x12a  Code  Gb  stm8s_uart3.o [1]
UART3_Interrupt         0x00b13e    0x17  Code  Gb  uart3.o [1]
UART3_RX_IRQHandler     0x00b078    0x1b  Code  Gb  stm8s_it.o [1]
UART3_ReceiveData8      0x00b3bf     0x4  Code  Gb  stm8s_uart3.o [1]
UART3_SendByte          0x00b26a    0x10  Code  Gb  uart3.o [1]
UART3_SendData8         0x00b3c3     0x4  Code  Gb  stm8s_uart3.o [1]
UART3_TX_IRQHandler     0x00b3f2     0x1  Code  Gb  stm8s_it.o [1]
UART3_ToMcuMain         0x01661b    0x43  Code  Gb  uart3.o [1]
UART_Delay              0x00b246    0x12  Code  Lc  uart3.o [1]
UART_ErrorAck           0x016258    0x16  Code  Lc  uart3.o [1]
UART_GetCheckSum        0x0156af    0x2e  Code  Lc  uart3.o [1]
UART_KeyCommand         0x0143e6   0x109  Code  Lc  uart3.o [1]
UART_Link               0x0156dd    0x67  Code  Lc  uart3.o [1]
UART_PasCommand         0x012fb7   0x1b2  Code  Lc  uart3.o [1]
UART_PocCommand         0x01612c    0x52  Code  Lc  uart3.o [1]
UART_RightAck           0x015b45    0x6e  Code  Lc  uart3.o [1]
UART_RxFrame            0x01617e    0x52  Code  Lc  uart3.o [1]
UART_TxSend             0x01621f    0x39  Code  Lc  uart3.o [1]
UART_WriteCommand       0x014e17    0xc1  Code  Lc  uart3.o [1]
UNICODE_16_GetData      0x0132f1   0x185  Code  Gb  GT20L16P1Y.o [3]
Uart1_Init              0x00abc2    0x2e  Code  Gb  McuConfig.o [1]
Uart3_Init              0x00a926    0x39  Code  Gb  uart3.o [1]
UartDrvObj              0x001297    0x44  Data  Lc  uart3.o [1]
UnicodeForGbk_MainWorkName
                        0x013476   0x173  Code  Gb  ApiPocCmd.o [1]
UnicodeForGbk_MainWorkNameBuf
                        0x001353     0xf  Data  Gb  ApiPocCmd.o [1]
UnicodeGetPointArrayData32
                        0x016505    0x48  Code  Gb  GT20L16P1Y_D.o [1]
UnicodeValueSearch      0x00ad8f    0x26  Code  Gb  GT20L16P1Y_D.o [1]
VOICE_1sProcess         0x00b27a     0xf  Code  Gb  Voice.o [1]
VOICE_Renew             0x01544e    0x71  Code  Gb  Voice.o [1]
VOICE_SetOutput         0x0154bf    0x2a  Code  Gb  Voice.o [1]
ValueSearch             0x015ecc    0x5a  Code  Gb  GT20L16P1Y_D.o [1]
VerifyData              0x008080  0x1b00  Data  Gb  GT20L16P1Y_D.o [1]
VoiceDrvObj             0x001373     0x6  Data  Lc  Voice.o [1]
VoiceEnd_Flag           0x001384     0x1  Data  Gb  ApiAtCmd.o [1]
WRITE_TABLE             0x00a85e     0x4  Data  Lc  uart3.o [1]
WW_GetData              0x011acd   0x2cd  Code  Gb  GT20L16P1Y.o [3]
WriteEEPROMByte         0x00a8ab    0x3e  Code  Gb  Flash_eeprom.o [1]
__DebugBreak            0x00b3f6     0x1  Code  Gb  __dbg_break.o [4]
__exit                  0x00b199    0x16  Code  Gb  __dbg_xxexit.o [4]
__iar_copy_init2        0x00ad19          Code  Gb  init_small.o [5]
__iar_data_init2        0x00b004    0x1e  Code  Gb  init.o [5]
__iar_program_start     0x00b155          Code  Gb  cstartup.o [5]
__iar_unhandled_exception
                        0x00b3de          Code  Gb  unhandled_exception.o [5]
__iar_zero_init2        0x00b022          Code  Gb  init_small.o [5]
__intvec                0x008000          Data  Gb  interrupt.o [5]
__low_level_init        0x00b3db     0x3  Code  Gb  low_level_init.o [5]
_exit                   0x00b381          Code  Gb  cexit.o [5]
_interrupt_1            0x00b3e1          Code  Gb  stm8s_it.o [1]
_interrupt_12           0x00b3ea          Code  Gb  stm8s_it.o [1]
_interrupt_13           0x00b3eb          Code  Gb  stm8s_it.o [1]
_interrupt_14           0x00b3ec          Code  Gb  stm8s_it.o [1]
_interrupt_15           0x00b3ed          Code  Gb  stm8s_it.o [1]
_interrupt_16           0x00b3ee          Code  Gb  stm8s_it.o [1]
_interrupt_17           0x00afa4          Code  Gb  stm8s_it.o [1]
_interrupt_18           0x00b3ef          Code  Gb  stm8s_it.o [1]
_interrupt_19           0x00b3f0          Code  Gb  stm8s_it.o [1]
_interrupt_2            0x00b3e2          Code  Gb  stm8s_it.o [1]
_interrupt_20           0x00adb5          Code  Gb  stm8s_it.o [1]
_interrupt_21           0x00b3f1          Code  Gb  stm8s_it.o [1]
_interrupt_22           0x00b3f2          Code  Gb  stm8s_it.o [1]
_interrupt_23           0x00b078          Code  Gb  stm8s_it.o [1]
_interrupt_24           0x00b3f3          Code  Gb  stm8s_it.o [1]
_interrupt_25           0x00b3f4          Code  Gb  stm8s_it.o [1]
_interrupt_26           0x00b3f5          Code  Gb  stm8s_it.o [1]
_interrupt_3            0x00b3e3          Code  Gb  stm8s_it.o [1]
_interrupt_4            0x00b3e4          Code  Gb  stm8s_it.o [1]
_interrupt_5            0x00b3e5          Code  Gb  stm8s_it.o [1]
_interrupt_6            0x00b3e6          Code  Gb  stm8s_it.o [1]
_interrupt_7            0x00b3e7          Code  Gb  stm8s_it.o [1]
_interrupt_8            0x00b3e8          Code  Gb  stm8s_it.o [1]
_interrupt_9            0x00b3e9          Code  Gb  stm8s_it.o [1]
api_diap_ico_pos_get    0x015e72    0x5a  Code  Gb  ApiDisplay.o [1]
api_disp_all_screen_refresh
                        0x0161d0    0x4f  Code  Gb  ApiDisplay.o [1]
api_disp_char_output    0x00b110    0x17  Code  Gb  ApiDisplay.o [1]
api_disp_char_output2   0x00b127    0x17  Code  Gb  ApiDisplay.o [1]
api_disp_ico_output     0x015102    0xb0  Code  Gb  ApiDisplay.o [1]
api_disp_icoid_output   0x015582    0x97  Code  Gb  ApiDisplay.o [1]
api_lcd_pwr_on_hint     0x00ab94    0x2e  Code  Gb  ApiDisplay.o [1]
api_lcd_pwr_on_hint2    0x00ab07    0x2f  Code  Gb  ApiDisplay.o [1]
api_lcd_pwr_on_hint4    0x00ab36    0x2f  Code  Gb  ApiDisplay.o [1]
api_poc_command_set     0x014abc    0xe2  Code  Gb  uart3.o [1]
drv_gt20_data_output    0x01406b   0x134  Code  Gb  DrvGT20L16S1Y.o [1]
drv_gt20_data_output2   0x013f30   0x13b  Code  Gb  DrvGT20L16S1Y.o [1]
drv_gt20_pwr_on_init    0x00a9cb     0x4  Code  Gb  DrvGT20L16S1Y.o [1]
drv_htg_clr_allscr      0x01261a    0x35  Code  Gb  DrvHTG12832.o [1]
drv_htg_pwr_on_init     0x012727     0xc  Code  Gb  DrvHTG12832.o [1]
drv_htg_reset           0x0124e1     0x5  Code  Gb  DrvHTG12832.o [1]
drv_htg_set_address     0x012560    0x40  Code  Gb  DrvHTG12832.o [1]
drv_htg_write_command   0x0124e6    0x7a  Code  Gb  DrvHTG12832.o [1]
drv_htg_write_data      0x0125a0    0x7a  Code  Gb  DrvHTG12832.o [1]
drv_keypad_scan         0x012bca   0x211  Code  Gb  DrvKeyboard.o [1]
exit                    0x00b3d7     0x4  Code  Gb  exit.o [5]
find_zf_tab             0x01654d    0x47  Code  Gb  GT20L16P1Y.o [3]
get_key_value           0x0149d7    0xe5  Code  Gb  ApiKeyboard.o [1]
htg_delay_ms            0x01264f    0x1e  Code  Lc  DrvHTG12832.o [1]
htg_initial             0x01266d    0x6c  Code  Lc  DrvHTG12832.o [1]
key_scan_board          0x013df1   0x13f  Code  Gb  DrvKeyboard.o [1]
main                    0x00b3af     0x4  Code  Gb  main.o [1]
main_app                0x013cae   0x143  Code  Gb  System.o [1]
mcu_gt20_initial        0x00a997    0x34  Code  Lc  DrvGT20L16S1Y.o [1]
mcu_key_pad_out         0x015619    0x96  Code  Gb  DrvKeyboard.o [1]
mcu_key_pad_read        0x015ad3    0x72  Code  Gb  DrvKeyboard.o [1]
mcu_key_pad_set         0x013b66   0x148  Code  Gb  DrvKeyboard.o [1]
mcu_lcd_initial         0x0126d9    0x4e  Code  Lc  DrvHTG12832.o [1]
memcmp                  0x00aa3b    0x36  Code  Gb  memcmp.o [5]
memcpy                  0x00ae01    0x26  Code  Gb  memcpy.o [5]
memset                  0x00b16c    0x17  Code  Gb  memset.o [5]
num1                    0x00138c     0x1  Data  Gb  ApiKeyboard.o [1]
num2                    0x00138d     0x1  Data  Gb  ApiKeyboard.o [1]
num3                    0x00138e     0x1  Data  Gb  ApiKeyboard.o [1]
num4                    0x00138f     0x1  Data  Gb  ApiKeyboard.o [1]
num5                    0x001390     0x1  Data  Gb  ApiKeyboard.o [1]
num6                    0x001391     0x1  Data  Gb  ApiKeyboard.o [1]
numCount                0x001392     0x1  Data  Gb  ApiKeyboard.o [1]
pack_data               0x0135e9   0x165  Code  Lc  ApiGpsCmd.o [1]
r_dat_bat               0x015c8b    0x64  Code  Gb  ApiDisplay.o [1]
strlen                  0x00b258    0x12  Code  Gb  strlen.o [5]
ucAtPocHead             0x00003d     0x2  Data  Gb  ApiPocCmd.o [1]
ucCLVL                  0x000052     0x2  Data  Gb  Task.o [1]
ucCODECCTL              0x000056     0x2  Data  Gb  Task.o [1]
ucCSQ                   0x00005e     0x2  Data  Gb  Task.o [1]
ucCaretPPPCFG           0x00001d     0x2  Data  Gb  ApiAtCmd.o [1]
ucCheckCard             0x000033     0x2  Data  Gb  ApiAtCmd.o [1]
ucCheckPPP              0x00002b     0x2  Data  Gb  ApiAtCmd.o [1]
ucCheckRssi             0x000031     0x2  Data  Gb  ApiAtCmd.o [1]
ucCheckTcp              0x000021     0x2  Data  Gb  ApiAtCmd.o [1]
ucEndPTT                0x00004e     0x2  Data  Gb  Task.o [1]
ucGD83Reset             0x000049     0x2  Data  Gb  System.o [1]
ucOSSYSHWID             0x000058     0x2  Data  Gb  Task.o [1]
ucPPPCFG                0x000060     0x2  Data  Gb  Task.o [1]
ucPlayZtts              0x00001f     0x2  Data  Gb  ApiAtCmd.o [1]
ucPocOpenConfig         0x000064     0x2  Data  Gb  Task.o [1]
ucPrefmode2             0x00005a     0x2  Data  Gb  Task.o [1]
ucPrefmode4             0x00005c     0x2  Data  Gb  Task.o [1]
ucQuitPersonalCalling   0x00003a     0x2  Data  Gb  ApiKeyboard.o [1]
ucRequestUserListInfo   0x000050     0x2  Data  Gb  Task.o [1]
ucRxCSQ31               0x000015     0x2  Data  Gb  ApiAtCmd.o [1]
ucRxCSQ99               0x000017     0x2  Data  Gb  ApiAtCmd.o [1]
ucRxCheckCard           0x000011     0x2  Data  Gb  ApiAtCmd.o [1]
ucRxCheckPppClose       0x00002f     0x2  Data  Gb  ApiAtCmd.o [1]
ucRxCheckPppOpen        0x00002d     0x2  Data  Gb  ApiAtCmd.o [1]
ucRxCheckTcp            0x000027     0x2  Data  Gb  ApiAtCmd.o [1]
ucRxOkHeadInfo          0x000045     0x2  Data  Gb  DrvGD83.o [1]
ucRxPocHeadInfo         0x000043     0x2  Data  Gb  DrvGD83.o [1]
ucRxTcpDataHeadInfo     0x000047     0x2  Data  Gb  DrvGD83.o [1]
ucRxZTTS0               0x000013     0x2  Data  Gb  ApiAtCmd.o [1]
ucSIMST1                0x000019     0x2  Data  Gb  ApiAtCmd.o [1]
ucSIMST255              0x00001b     0x2  Data  Gb  ApiAtCmd.o [1]
ucSendTcp               0x000025     0x2  Data  Gb  ApiAtCmd.o [1]
ucSetIPAndID            0x00003f     0x2  Data  Gb  ApiPocCmd.o [1]
ucSetIp                 0x000023     0x2  Data  Gb  ApiAtCmd.o [1]
ucStartPTT              0x00004c     0x2  Data  Gb  Task.o [1]
ucTxPocHeadInfo         0x000041     0x2  Data  Gb  DrvGD83.o [1]
ucVGR                   0x000054     0x2  Data  Gb  Task.o [1]
ucVGR1                  0x000036     0x2  Data  Gb  ApiKeyboard.o [1]
ucVGR7                  0x000038     0x2  Data  Gb  ApiKeyboard.o [1]
ucZTTS_Abell            0x000062     0x2  Data  Gb  Task.o [1]
ucZpppOpen              0x000029     0x2  Data  Gb  ApiAtCmd.o [1]
x                       0x0013a4     0x1  Data  Gb  Task.o [1]


[1] = E:\1-source\A508\PRJ\Debug\Obj
[2] = command line
[3] = GT20L16_STM8_DOUBLE_MEDIUM_IAR.a
[4] = dbgstm8mmd.a
[5] = dlstm8mmn.a

  29 162 bytes of readonly  code memory
  10 347 bytes of readonly  data memory
   5 285 bytes of readwrite data memory

Errors: none
Warnings: none
