###############################################################################
#
# IAR ELF Linker V2.20.1.176 for STM8                     25/Dec/2017  20:06:06
# Copyright 2010-2015 IAR Systems AB.
#
#    Output file  =  E:\1-source\A508\PRJ\Debug\Exe\A508_DEMO1.out
#    Map file     =  E:\1-source\A508\PRJ\Debug\List\A508_DEMO1.map
#    Command line =  
#        E:\1-source\A508\PRJ\Debug\Obj\ApiAtCmd.o
#        E:\1-source\A508\PRJ\Debug\Obj\ApiDisplay.o
#        E:\1-source\A508\PRJ\Debug\Obj\ApiGpsCmd.o
#        E:\1-source\A508\PRJ\Debug\Obj\ApiKeyboard.o
#        E:\1-source\A508\PRJ\Debug\Obj\ApiLED.o
#        E:\1-source\A508\PRJ\Debug\Obj\ApiPocCmd.o
#        E:\1-source\A508\PRJ\Debug\Obj\Beep.o
#        E:\1-source\A508\PRJ\Debug\Obj\CommonLib.o
#        E:\1-source\A508\PRJ\Debug\Obj\Delay.o
#        E:\1-source\A508\PRJ\Debug\Obj\DrvGD83.o
#        E:\1-source\A508\PRJ\Debug\Obj\DrvGT20L16S1Y.o
#        E:\1-source\A508\PRJ\Debug\Obj\DrvHTG12832.o
#        E:\1-source\A508\PRJ\Debug\Obj\DrvKeyboard.o
#        E:\1-source\A508\PRJ\Debug\Obj\Flash_eeprom.o
#        E:\1-source\A508\PRJ\Debug\Obj\main.o
#        E:\1-source\A508\PRJ\Debug\Obj\McuConfig.o
#        E:\1-source\A508\PRJ\Debug\Obj\stm8s_adc2.o
#        E:\1-source\A508\PRJ\Debug\Obj\stm8s_awu.o
#        E:\1-source\A508\PRJ\Debug\Obj\stm8s_beep.o
#        E:\1-source\A508\PRJ\Debug\Obj\stm8s_clk.o
#        E:\1-source\A508\PRJ\Debug\Obj\stm8s_exti.o
#        E:\1-source\A508\PRJ\Debug\Obj\stm8s_flash.o
#        E:\1-source\A508\PRJ\Debug\Obj\stm8s_gpio.o
#        E:\1-source\A508\PRJ\Debug\Obj\stm8s_i2c.o
#        E:\1-source\A508\PRJ\Debug\Obj\stm8s_it.o
#        E:\1-source\A508\PRJ\Debug\Obj\stm8s_itc.o
#        E:\1-source\A508\PRJ\Debug\Obj\stm8s_iwdg.o
#        E:\1-source\A508\PRJ\Debug\Obj\stm8s_rst.o
#        E:\1-source\A508\PRJ\Debug\Obj\stm8s_spi.o
#        E:\1-source\A508\PRJ\Debug\Obj\stm8s_tim1.o
#        E:\1-source\A508\PRJ\Debug\Obj\stm8s_tim2.o
#        E:\1-source\A508\PRJ\Debug\Obj\stm8s_tim3.o
#        E:\1-source\A508\PRJ\Debug\Obj\stm8s_tim4.o
#        E:\1-source\A508\PRJ\Debug\Obj\stm8s_uart1.o
#        E:\1-source\A508\PRJ\Debug\Obj\stm8s_uart3.o
#        E:\1-source\A508\PRJ\Debug\Obj\stm8s_wwdg.o
#        E:\1-source\A508\PRJ\Debug\Obj\sysclock.o
#        E:\1-source\A508\PRJ\Debug\Obj\System.o
#        E:\1-source\A508\PRJ\Debug\Obj\Task.o
#        E:\1-source\A508\PRJ\Debug\Obj\Tone.o
#        E:\1-source\A508\PRJ\Debug\Obj\uart3.o
#        E:\1-source\A508\PRJ\Debug\Obj\Voice.o --redirect _Printf=_PrintfSmall
#        --redirect _Scanf=_ScanfSmall -o
#        E:\1-source\A508\PRJ\Debug\Exe\A508_DEMO1.out --map
#        E:\1-source\A508\PRJ\Debug\List\A508_DEMO1.map --config "C:\Program
#        Files\IAR Systems\Embedded Workbench
#        7.3\stm8\config\lnkstm8s007c8.icf" --config_def _CSTACK_SIZE=0x100
#        --config_def _HEAP_SIZE=0x100 --entry __iar_program_start --debug_lib
#
###############################################################################

*******************************************************************************
*** RUNTIME MODEL ATTRIBUTES
***

__SystemLibrary            = DLib
__code_model               = small
__core                     = stm8
__data_model               = medium
__dlib_file_descriptor     = 0
__dlib_full_locale_support = 0
__rt_version               = 4


*******************************************************************************
*** PLACEMENT SUMMARY
***

"A1":  place at start of [0x000000-0x0000ff] { rw section .vregs };
"A2":  place at end of [0x000000-0x0017ff] { block CSTACK };
"P2":  place in [from 0x000000 to 0x0017ff] {
          block HEAP, rw section __DLIB_PERTHREAD, rw section .far.bss,
          rw section .far.data, rw section .far.noinit,
          rw section .far_func.textrw, rw section .huge.bss,
          rw section .huge.data, rw section .huge.noinit,
          rw section .huge_func.textrw, rw section .iar.dynexit,
          rw section .near.bss, rw section .near.data, rw section .near.noinit,
          rw section .near_func.textrw };
"A3":  place at start of [0x008000-0x00ffff] { block INTVEC };
"P3":  place in [from 0x008000 to 0x00ffff] {
          ro section __DLIB_PERTHREAD_init, ro section .far.data_init,
          ro section .far_func.textrw_init, ro section .huge.data_init,
          ro section .huge_func.textrw_init, ro section .iar.init_table,
          ro section .init_array, ro section .near.data_init,
          ro section .near.rodata, ro section .near_func.text,
          ro section .near_func.textrw_init, ro section .tiny.data_init,
          ro section .tiny.rodata_init };

  Section            Kind      Address    Size  Object
  -------            ----      -------    ----  ------
"A1":                                     0x10
  .vregs             uninit   0x000000    0x10  vregs.o [4]
                            - 0x000010    0x10

"P2", part 1 of 6:                       0xef5
  .near.bss          zero     0x000010   0xef5  ApiPocCmd.o [1]
                            - 0x000f05   0xef5

"P2", part 2 of 6:                       0x28a
  .near.bss          zero     0x000f05   0x28a  DrvGD83.o [1]
                            - 0x00118f   0x28a

"P2", part 3 of 6:                       0x200
  .near.bss          zero     0x00118f   0x200  ApiDisplay.o [1]
                            - 0x00138f   0x200

"P2", part 4 of 6:                        0xfc
  .near.bss          zero     0x00138f    0xfc  System.o [1]
                            - 0x00148b    0xfc

"P2", part 5 of 6:                       0x1f6
  .near.bss          zero     0x00148b    0x77  ApiAtCmd.o [1]
  .near.bss          zero     0x001502    0x64  ApiPocCmd.o [1]
  .near.bss          zero     0x001566    0x44  uart3.o [1]
  .near.bss          zero     0x0015aa    0x40  ApiDisplay.o [1]
  .near.bss          zero     0x0015ea    0x32  DrvGD83.o [1]
  .near.bss          zero     0x00161c    0x14  System.o [1]
  .near.bss          zero     0x001630    0x12  Beep.o [1]
  .near.bss          zero     0x001642    0x12  Tone.o [1]
  .near.bss          zero     0x001654     0xb  Delay.o [1]
  .near.bss          zero     0x00165f     0x6  Voice.o [1]
  .near.bss          zero     0x001665     0x4  ApiDisplay.o [1]
  .near.bss          zero     0x001669     0x4  uart3.o [1]
  .near.bss          zero     0x00166d     0x2  ApiGpsCmd.o [1]
  .near.bss          zero     0x00166f     0x2  DrvHTG12832.o [1]
  .near.bss          zero     0x001671     0x1  ApiAtCmd.o [1]
  .near.bss          zero     0x001672     0x1  ApiAtCmd.o [1]
  .near.bss          zero     0x001673     0x1  ApiAtCmd.o [1]
  .near.bss          zero     0x001674     0x1  ApiAtCmd.o [1]
  .near.bss          zero     0x001675     0x1  ApiAtCmd.o [1]
  .near.bss          zero     0x001676     0x1  ApiGpsCmd.o [1]
  .near.bss          zero     0x001677     0x1  ApiKeyboard.o [1]
  .near.bss          zero     0x001678     0x1  ApiKeyboard.o [1]
  .near.bss          zero     0x001679     0x1  ApiKeyboard.o [1]
  .near.bss          zero     0x00167a     0x1  ApiKeyboard.o [1]
  .near.bss          zero     0x00167b     0x1  ApiLED.o [1]
  .near.bss          zero     0x00167c     0x1  ApiPocCmd.o [1]
  .near.bss          zero     0x00167d     0x1  DrvGD83.o [1]
  .near.bss          zero     0x00167e     0x1  Task.o [1]
  .near.bss          zero     0x00167f     0x1  Task.o [1]
  .near.bss          zero     0x001680     0x1  Task.o [1]
                            - 0x001681   0x1f6

"P2", part 6 of 6:                        0x78
  P2-1                        0x001681    0x78  <Init block>
    .near.data       inited   0x001681     0x1  ApiAtCmd.o [1]
    .near.data       inited   0x001682     0x2  ApiAtCmd.o [1]
    .near.data       inited   0x001684     0x2  ApiAtCmd.o [1]
    .near.data       inited   0x001686     0x2  ApiAtCmd.o [1]
    .near.data       inited   0x001688     0x2  ApiAtCmd.o [1]
    .near.data       inited   0x00168a     0x2  ApiAtCmd.o [1]
    .near.data       inited   0x00168c     0x2  ApiAtCmd.o [1]
    .near.data       inited   0x00168e     0x2  ApiAtCmd.o [1]
    .near.data       inited   0x001690     0x2  ApiAtCmd.o [1]
    .near.data       inited   0x001692     0x2  ApiAtCmd.o [1]
    .near.data       inited   0x001694     0x2  ApiAtCmd.o [1]
    .near.data       inited   0x001696     0x2  ApiAtCmd.o [1]
    .near.data       inited   0x001698     0x2  ApiAtCmd.o [1]
    .near.data       inited   0x00169a     0x2  ApiAtCmd.o [1]
    .near.data       inited   0x00169c     0x2  ApiAtCmd.o [1]
    .near.data       inited   0x00169e     0x2  ApiAtCmd.o [1]
    .near.data       inited   0x0016a0     0x2  ApiAtCmd.o [1]
    .near.data       inited   0x0016a2     0x2  ApiAtCmd.o [1]
    .near.data       inited   0x0016a4     0x2  ApiAtCmd.o [1]
    .near.data       inited   0x0016a6     0x2  ApiKeyboard.o [1]
    .near.data       inited   0x0016a8     0x1  ApiKeyboard.o [1]
    .near.data       inited   0x0016a9     0x2  ApiPocCmd.o [1]
    .near.data       inited   0x0016ab     0x2  ApiPocCmd.o [1]
    .near.data       inited   0x0016ad     0x2  DrvGD83.o [1]
    .near.data       inited   0x0016af     0x2  DrvGD83.o [1]
    .near.data       inited   0x0016b1     0x2  DrvGD83.o [1]
    .near.data       inited   0x0016b3     0x2  DrvGD83.o [1]
    .near.data       inited   0x0016b5     0x8  DrvGT20L16S1Y.o [1]
    .near.data       inited   0x0016bd    0x20  DrvGT20L16S1Y.o [1]
    .near.data       inited   0x0016dd     0x2  System.o [1]
    .near.data       inited   0x0016df     0x2  Task.o [1]
    .near.data       inited   0x0016e1     0x2  Task.o [1]
    .near.data       inited   0x0016e3     0x2  Task.o [1]
    .near.data       inited   0x0016e5     0x2  Task.o [1]
    .near.data       inited   0x0016e7     0x2  Task.o [1]
    .near.data       inited   0x0016e9     0x2  Task.o [1]
    .near.data       inited   0x0016eb     0x2  Task.o [1]
    .near.data       inited   0x0016ed     0x2  Task.o [1]
    .near.data       inited   0x0016ef     0x2  Task.o [1]
    .near.data       inited   0x0016f1     0x2  Task.o [1]
    .near.data       inited   0x0016f3     0x2  Task.o [1]
    .near.data       inited   0x0016f5     0x2  Task.o [1]
    .near.data       inited   0x0016f7     0x2  Task.o [1]
                            - 0x0016f9    0x78

"A2":                                    0x100
  CSTACK                      0x001700   0x100  <Block>
    CSTACK           uninit   0x001700   0x100  <Block tail>
                            - 0x001800   0x100

"A3":                                     0x80
  INTVEC                      0x008000    0x80  <Block>
    .intvec          const    0x008000    0x80  interrupt.o [4]
                            - 0x008080    0x80

"P3":                                   0x695f
  .near_func.text    ro code  0x008080   0x813  DrvGD83.o [1]
  .near_func.text    ro code  0x008893   0x6d1  ApiGpsCmd.o [1]
  .near.rodata       const    0x008f64   0x400  ApiDisplay.o [1]
  .near_func.text    ro code  0x009364   0x2fe  ApiKeyboard.o [1]
  .near_func.text    ro code  0x009662   0x2fa  Beep.o [1]
  .near_func.text    ro code  0x00995c   0x2f4  ApiPocCmd.o [1]
  .near_func.text    ro code  0x009c50   0x2e1  ApiGpsCmd.o [1]
  .near_func.text    ro code  0x009f31   0x296  ApiGpsCmd.o [1]
  .near_func.text    ro code  0x00a1c7   0x292  ApiGpsCmd.o [1]
  .near_func.text    ro code  0x00a459   0x222  ApiGpsCmd.o [1]
  .near_func.text    ro code  0x00a67b   0x21a  ApiAtCmd.o [1]
  .near_func.text    ro code  0x00a895   0x219  DrvHTG12832.o [1]
  .near_func.text    ro code  0x00aaae   0x212  Task.o [1]
  .near_func.text    ro code  0x00acc0   0x1e7  DrvKeyboard.o [1]
  .near_func.text    ro code  0x00aea7   0x1ad  Task.o [1]
  .near_func.text    ro code  0x00b054   0x1aa  uart3.o [1]
  .near_func.text    ro code  0x00b1fe   0x19a  DrvGT20L16S1Y.o [1]
  .near_func.text    ro code  0x00b398   0x198  long.o [4]
  .near_func.text    ro code  0x00b530   0x14f  ApiPocCmd.o [1]
  .near_func.text    ro code  0x00b67f   0x139  DrvKeyboard.o [1]
  .near_func.text    ro code  0x00b7b8   0x136  DrvKeyboard.o [1]
  .near_func.text    ro code  0x00b8ee   0x134  stm8s_uart1.o [1]
  .near_func.text    ro code  0x00ba22   0x12c  vreg_util.o [4]
  .near_func.text    ro code  0x00bb4e   0x111  ApiAtCmd.o [1]
  .near_func.text    ro code  0x00bc5f   0x105  stm8s_uart3.o [1]
  .near_func.text    ro code  0x00bd64   0x104  uart3.o [1]
  .near_func.text    ro code  0x00be68   0x101  stm8s_itc.o [1]
  .near_func.text    ro code  0x00bf69    0xe5  ApiKeyboard.o [1]
  .near_func.text    ro code  0x00c04e    0xe3  System.o [1]
  .near_func.text    ro code  0x00c131    0xe1  DrvGD83.o [1]
  .near_func.text    ro code  0x00c212    0xdf  ApiDisplay.o [1]
  .near_func.text    ro code  0x00c2f1    0xdb  CommonLib.o [1]
  .near_func.text    ro code  0x00c3cc    0xd7  uart3.o [1]
  .near_func.text    ro code  0x00c4a3    0xd4  ApiPocCmd.o [1]
  .near_func.text    ro code  0x00c577    0xc0  ApiDisplay.o [1]
  .near_func.text    ro code  0x00c637    0xb8  uart3.o [1]
  .near_func.text    ro code  0x00c6ef    0xb4  stm8s_uart3.o [1]
  .near_func.text    ro code  0x00c7a3    0xb2  ApiDisplay.o [1]
  .near_func.text    ro code  0x00c855    0xaf  ApiAtCmd.o [1]
  .near_func.text    ro code  0x00c904    0xaf  stm8s_gpio.o [1]
  .near_func.text    ro code  0x00c9b3    0xa2  Delay.o [1]
  .near_func.text    ro code  0x00ca55    0xa2  stm8s_clk.o [1]
  .near_func.text    ro code  0x00caf7    0x9c  Delay.o [1]
  .near_func.text    ro code  0x00cb93    0x99  stm8s_tim1.o [1]
  .near_func.text    ro code  0x00cc2c    0x99  Voice.o [1]
  .near_func.text    ro code  0x00ccc5    0x90  stm8s_uart1.o [1]
  .near_func.text    ro code  0x00cd55    0x8f  ApiDisplay.o [1]
  .near_func.text    ro code  0x00cde4    0x8e  uart3.o [1]
  .near_func.text    ro code  0x00ce72    0x8c  stm8s_uart3.o [1]
  .near_func.text    ro code  0x00cefe    0x8a  DrvKeyboard.o [1]
  .near_func.text    ro code  0x00cf88    0x7a  DrvGD83.o [1]
  Initializer bytes  const    0x00d002    0x78  <for P2-1>
  .near_func.text    ro code  0x00d07a    0x73  Delay.o [1]
  .near_func.text    ro code  0x00d0ed    0x6d  uart3.o [1]
  .near_func.text    ro code  0x00d15a    0x6c  DrvKeyboard.o [1]
  .near_func.text    ro code  0x00d1c6    0x6c  stm8s_uart1.o [1]
  .near_func.text    ro code  0x00d232    0x68  ApiAtCmd.o [1]
  .near_func.text    ro code  0x00d29a    0x67  Tone.o [1]
  .near_func.text    ro code  0x00d301    0x61  stm8s_tim1.o [1]
  .near_func.text    ro code  0x00d362    0x5f  DrvGT20L16S1Y.o [1]
  .near_func.text    ro code  0x00d3c1    0x5e  CommonLib.o [1]
  .near_func.text    ro code  0x00d41f    0x5b  ApiLED.o [1]
  .near_func.text    ro code  0x00d47a    0x5a  ApiDisplay.o [1]
  .near_func.text    ro code  0x00d4d4    0x5a  DrvGT20L16S1Y.o [1]
  .near_func.text    ro code  0x00d52e    0x57  stm8s_clk.o [1]
  .near_func.text    ro code  0x00d585    0x54  Delay.o [1]
  .near.rodata       const    0x00d5d9    0x53  Task.o [1]
  .near_func.text    ro code  0x00d62c    0x50  uart3.o [1]
  .near_func.text    ro code  0x00d67c    0x50  uart3.o [1]
  .near_func.text    ro code  0x00d6cc    0x50  short.o [4]
  .near_func.text    ro code  0x00d71c    0x4e  CommonLib.o [1]
  .near_func.text    ro code  0x00d76a    0x4e  Tone.o [1]
  .near_func.text    ro code  0x00d7b8    0x4c  DrvGT20L16S1Y.o [1]
  .near_func.text    ro code  0x00d804    0x4b  uart3.o [1]
  .near_func.text    ro code  0x00d84f    0x4a  ApiDisplay.o [1]
  .near_func.text    ro code  0x00d899    0x49  DrvGD83.o [1]
  .near_func.text    ro code  0x00d8e2    0x49  DrvGD83.o [1]
  .near_func.text    ro code  0x00d92b    0x49  DrvGD83.o [1]
  .near_func.text    ro code  0x00d974    0x49  DrvGD83.o [1]
  .near_func.text    ro code  0x00d9bd    0x49  stm8s_uart3.o [1]
  .near_func.text    ro code  0x00da06    0x47  long_util.o [4]
  .near_func.text    ro code  0x00da4d    0x43  Flash_eeprom.o [1]
  .near_func.text    ro code  0x00da90    0x43  Flash_eeprom.o [1]
  .near_func.text    ro code  0x00dad3    0x43  stm8s_tim1.o [1]
  .near_func.text    const    0x00db16    0x40  ApiDisplay.o [1]
  .near_func.text    ro code  0x00db56    0x40  Task.o [1]
  .near_func.text    ro code  0x00db96    0x3e  uart3.o [1]
  .near_func.text    ro code  0x00dbd4    0x3d  DrvGD83.o [1]
  .near_func.text    ro code  0x00dc11    0x36  DrvGT20L16S1Y.o [1]
  .near_func.text    ro code  0x00dc47    0x36  stm8s_flash.o [1]
  .near_func.text    ro code  0x00dc7d    0x36  memcmp.o [4]
  .near_func.text    ro code  0x00dcb3    0x35  Flash_eeprom.o [1]
  .near_func.text    ro code  0x00dce8    0x35  uart3.o [1]
  .near_func.text    ro code  0x00dd1d    0x34  ApiDisplay.o [1]
  .near_func.text    ro code  0x00dd51    0x33  ApiDisplay.o [1]
  .near_func.text    ro code  0x00dd84    0x33  DrvGT20L16S1Y.o [1]
  .near_func.text    ro code  0x00ddb7    0x32  Beep.o [1]
  .near_func.text    ro code  0x00dde9    0x32  stm8s_uart1.o [1]
  .near.rodata       const    0x00de1b    0x31  Task.o [1]
  .near_func.text    ro code  0x00de4c    0x30  McuConfig.o [1]
  .near_func.text    ro code  0x00de7c    0x30  sysclock.o [1]
  .near_func.text    ro code  0x00deac    0x2d  stm8s_uart1.o [1]
  .near_func.text    ro code  0x00ded9    0x2c  DrvGD83.o [1]
  .near.rodata       const    0x00df05    0x2a  Task.o [1]
  .near_func.text    ro code  0x00df2f    0x2a  McuConfig.o [1]
  .near_func.text    ro code  0x00df59    0x28  Delay.o [1]
  .near_func.text    ro code  0x00df81    0x28  init_small.o [4]
  .near_func.text    ro code  0x00dfa9    0x27  stm8s_flash.o [1]
  .near_func.text    ro code  0x00dfd0    0x27  sysclock.o [1]
  .near_func.text    ro code  0x00dff7    0x25  stm8s_uart3.o [1]
  .near_func.text    ro code  0x00e01c    0x25  memcpy.o [4]
  .near_func.text    ro code  0x00e041    0x25  dc_util.o [4]
  .near_func.text    ro code  0x00e066    0x24  McuConfig.o [1]
  .near_func.text    ro code  0x00e08a    0x24  McuConfig.o [1]
  .near_func.text    ro code  0x00e0ae    0x24  stm8s_flash.o [1]
  .near_func.text    ro code  0x00e0d2    0x24  stm8s_tim1.o [1]
  .near_func.text    ro code  0x00e0f6    0x23  ApiGpsCmd.o [1]
  .near_func.text    ro code  0x00e119    0x23  Tone.o [1]
  .near_func.text    ro code  0x00e13c    0x22  ApiPocCmd.o [1]
  .near_func.text    ro code  0x00e15e    0x21  ApiPocCmd.o [1]
  .iar.init_table    const    0x00e17f    0x22  - Linker created -
  .near_func.text    ro code  0x00e1a1    0x20  ApiPocCmd.o [1]
  .near_func.text    ro code  0x00e1c1    0x20  ApiPocCmd.o [1]
  .near_func.text    ro code  0x00e1e1    0x20  stm8s_it.o [1]
  .near_func.text    ro code  0x00e201    0x1f  Delay.o [1]
  .near_func.text    ro code  0x00e220    0x1f  move.o [4]
  .near_func.text    ro code  0x00e23f    0x1e  init_small.o [4]
  .near.rodata       const    0x00e25d    0x1d  Task.o [1]
  .near_func.text    ro code  0x00e27a    0x1c  Delay.o [1]
  .near_func.text    ro code  0x00e296    0x1b  stm8s_it.o [1]
  .near_func.text    ro code  0x00e2b1    0x1b  sysclock.o [1]
  .near_func.text    ro code  0x00e2cc    0x1a  Beep.o [1]
  .near.rodata       const    0x00e2e6    0x18  Task.o [1]
  .near_func.text    ro code  0x00e2fe    0x18  McuConfig.o [1]
  .near_func.text    ro code  0x00e316    0x18  McuConfig.o [1]
  .near_func.text    ro code  0x00e32e    0x17  McuConfig.o [1]
  .near_func.text    ro code  0x00e345    0x17  McuConfig.o [1]
  .near_func.text    ro code  0x00e35c    0x17  McuConfig.o [1]
  .near_func.text    ro code  0x00e373    0x17  McuConfig.o [1]
  .near_func.text    ro code  0x00e38a    0x17  McuConfig.o [1]
  .near_func.text    ro code  0x00e3a1    0x17  memset.o [4]
  .near_func.text    ro code  0x00e3b8    0x17  init.o [4]
  .near_func.text    ro code  0x00e3cf    0x16  stm8s_flash.o [1]
  .near_func.text    ro code  0x00e3e5    0x16  stm8s_it.o [1]
  .near_func.text    ro code  0x00e3fb    0x15  ApiDisplay.o [1]
  .near_func.text    ro code  0x00e410    0x15  uart3.o [1]
  .near_func.text    ro code  0x00e425    0x14  DrvGT20L16S1Y.o [1]
  .near_func.text    ro code  0x00e439    0x14  stm8s_flash.o [1]
  .near_func.text    ro code  0x00e44d    0x14  __dbg_xxexit.o [3]
  .near.rodata       const    0x00e461    0x13  ApiAtCmd.o [1]
  .near.rodata       const    0x00e474    0x13  Task.o [1]
  .near.rodata       const    0x00e487    0x13  Task.o [1]
  .near_func.text    ro code  0x00e49a    0x13  stm8s_clk.o [1]
  .near_func.text    ro code  0x00e4ad    0x13  stm8s_tim3.o [1]
  .near_func.text    ro code  0x00e4c0    0x13  cstartup.o [4]
  .near.rodata       const    0x00e4d3    0x12  ApiAtCmd.o [1]
  .near_func.text    ro code  0x00e4e5    0x12  ApiPocCmd.o [1]
  .near_func.text    ro code  0x00e4f7    0x12  ApiPocCmd.o [1]
  .near_func.text    ro code  0x00e509    0x12  uart3.o [1]
  .near_func.text    ro code  0x00e51b    0x12  strlen.o [4]
  .near.rodata       const    0x00e52d    0x11  ApiKeyboard.o [1]
  .near.rodata       const    0x00e53e    0x11  ApiKeyboard.o [1]
  .near.rodata       const    0x00e54f    0x11  ApiKeyboard.o [1]
  .near.rodata       const    0x00e560    0x11  ApiKeyboard.o [1]
  .near.rodata       const    0x00e571    0x11  ApiKeyboard.o [1]
  .near.rodata       const    0x00e582    0x11  ApiKeyboard.o [1]
  .near.rodata       const    0x00e593    0x11  CommonLib.o [1]
  .near.rodata       const    0x00e5a4    0x11  System.o [1]
  .near.rodata       const    0x00e5b5    0x11  Task.o [1]
  .near.rodata       const    0x00e5c6    0x11  Task.o [1]
  .near.rodata       const    0x00e5d7    0x11  Task.o [1]
  .near.rodata       const    0x00e5e8    0x11  Task.o [1]
  .near.rodata       const    0x00e5f9    0x11  Task.o [1]
  .near.rodata       const    0x00e60a    0x11  Task.o [1]
  .near.rodata       const    0x00e61b    0x11  Task.o [1]
  .near.rodata       const    0x00e62c    0x11  Task.o [1]
  .near.rodata       const    0x00e63d    0x11  Task.o [1]
  .near.rodata       const    0x00e64e    0x11  Task.o [1]
  .near.rodata       const    0x00e65f    0x11  Task.o [1]
  .near.rodata       const    0x00e670    0x11  Task.o [1]
  .near_func.text    ro code  0x00e681    0x11  ApiPocCmd.o [1]
  .near_func.text    ro code  0x00e692    0x11  ApiPocCmd.o [1]
  .near.rodata       const    0x00e6a3    0x10  ApiAtCmd.o [1]
  .near.rodata       const    0x00e6b3    0x10  ApiAtCmd.o [1]
  .near.rodata       const    0x00e6c3    0x10  ApiDisplay.o [1]
  .near.rodata       const    0x00e6d3    0x10  ApiDisplay.o [1]
  .near.rodata       const    0x00e6e3    0x10  uart3.o [1]
  .near.rodata       const    0x00e6f3     0xf  ApiAtCmd.o [1]
  .near.rodata       const    0x00e702     0xf  ApiKeyboard.o [1]
  .near.rodata       const    0x00e711     0xf  Task.o [1]
  .near.rodata       const    0x00e720     0xf  Task.o [1]
  .near_func.text    ro code  0x00e72f     0xf  Voice.o [1]
  .near.rodata       const    0x00e73e     0xe  ApiAtCmd.o [1]
  .near.rodata       const    0x00e74c     0xe  ApiAtCmd.o [1]
  .near.rodata       const    0x00e75a     0xe  ApiAtCmd.o [1]
  .near.rodata       const    0x00e768     0xe  Task.o [1]
  .near_func.text    ro code  0x00e776     0xe  ApiPocCmd.o [1]
  .near_func.text    ro code  0x00e784     0xe  uart3.o [1]
  .near.rodata       const    0x00e792     0xd  ApiPocCmd.o [1]
  .near.rodata       const    0x00e79f     0xd  ApiPocCmd.o [1]
  .near.rodata       const    0x00e7ac     0xd  Task.o [1]
  .near_func.text    ro code  0x00e7b9     0xd  stm8s_tim1.o [1]
  .near_func.text    ro code  0x00e7c6     0xd  stm8s_tim1.o [1]
  .near_func.text    ro code  0x00e7d3     0xd  stm8s_tim1.o [1]
  .near_func.text    ro code  0x00e7e0     0xd  stm8s_tim3.o [1]
  .near_func.text    ro code  0x00e7ed     0xd  stm8s_tim3.o [1]
  .near_func.text    ro code  0x00e7fa     0xd  stm8s_uart1.o [1]
  .near_func.text    ro code  0x00e807     0xd  stm8s_uart3.o [1]
  .near.rodata       const    0x00e814     0xc  ApiAtCmd.o [1]
  .near_func.text    ro code  0x00e820     0xc  McuConfig.o [1]
  .near_func.text    ro code  0x00e82c     0xc  McuConfig.o [1]
  .near_func.text    ro code  0x00e838     0xc  McuConfig.o [1]
  .near_func.text    ro code  0x00e844     0xc  McuConfig.o [1]
  .near_func.text    ro code  0x00e850     0xc  stm8s_tim3.o [1]
  .near.rodata       const    0x00e85c     0xb  ApiAtCmd.o [1]
  .near.rodata       const    0x00e867     0xb  Task.o [1]
  .near_func.text    ro code  0x00e872     0xb  char.o [4]
  .near.rodata       const    0x00e87d     0xa  ApiAtCmd.o [1]
  .near.rodata       const    0x00e887     0xa  Task.o [1]
  .near_func.text    ro code  0x00e891     0xa  ApiAtCmd.o [1]
  .near_func.text    ro code  0x00e89b     0xa  ApiPocCmd.o [1]
  .near_func.text    ro code  0x00e8a5     0xa  ApiPocCmd.o [1]
  .near.rodata       const    0x00e8af     0x9  ApiAtCmd.o [1]
  .near.rodata       const    0x00e8b8     0x9  ApiAtCmd.o [1]
  .near.rodata       const    0x00e8c1     0x9  ApiAtCmd.o [1]
  .near.rodata       const    0x00e8ca     0x9  DrvGD83.o [1]
  .near.rodata       const    0x00e8d3     0x9  System.o [1]
  .near.rodata       const    0x00e8dc     0x9  Task.o [1]
  .near_func.text    ro code  0x00e8e5     0x9  stm8s_gpio.o [1]
  .near_func.text    ro code  0x00e8ee     0x9  stm8s_tim3.o [1]
  .near.rodata       const    0x00e8f7     0x8  ApiAtCmd.o [1]
  .near.rodata       const    0x00e8ff     0x8  ApiDisplay.o [1]
  .near.rodata       const    0x00e907     0x8  ApiPocCmd.o [1]
  .near.rodata       const    0x00e90f     0x8  Task.o [1]
  .near.rodata       const    0x00e917     0x7  ApiAtCmd.o [1]
  .near.rodata       const    0x00e91e     0x7  ApiAtCmd.o [1]
  .near.rodata       const    0x00e925     0x7  ApiAtCmd.o [1]
  .near.rodata       const    0x00e92c     0x7  ApiPocCmd.o [1]
  .near.rodata       const    0x00e933     0x7  DrvGD83.o [1]
  .near.rodata       const    0x00e93a     0x7  Task.o [1]
  .near.rodata       const    0x00e941     0x7  Task.o [1]
  .near_func.text    ro code  0x00e948     0x7  stm8s_flash.o [1]
  .near_func.text    ro code  0x00e94f     0x7  stm8s_gpio.o [1]
  .near.rodata       const    0x00e956     0x6  DrvGD83.o [1]
  .near.rodata       const    0x00e95c     0x6  System.o [1]
  .near_func.text    ro code  0x00e962     0x5  stm8s_flash.o [1]
  .near_func.text    ro code  0x00e967     0x5  stm8s_flash.o [1]
  .near_func.text    ro code  0x00e96c     0x5  stm8s_tim3.o [1]
  .near_func.text    ro code  0x00e971     0x5  cexit.o [4]
  .near.rodata       const    0x00e976     0x4  stm8s_clk.o [1]
  .near.rodata       const    0x00e97a     0x4  uart3.o [1]
  .near_func.text    ro code  0x00e97e     0x4  ApiPocCmd.o [1]
  .near_func.text    ro code  0x00e982     0x4  ApiPocCmd.o [1]
  .near_func.text    ro code  0x00e986     0x4  ApiPocCmd.o [1]
  .near_func.text    ro code  0x00e98a     0x4  ApiPocCmd.o [1]
  .near_func.text    ro code  0x00e98e     0x4  ApiPocCmd.o [1]
  .near_func.text    ro code  0x00e992     0x4  ApiPocCmd.o [1]
  .near_func.text    ro code  0x00e996     0x4  stm8s_gpio.o [1]
  .near_func.text    ro code  0x00e99a     0x4  stm8s_uart1.o [1]
  .near_func.text    ro code  0x00e99e     0x4  stm8s_uart1.o [1]
  .near_func.text    ro code  0x00e9a2     0x4  stm8s_uart3.o [1]
  .near_func.text    ro code  0x00e9a6     0x4  stm8s_uart3.o [1]
  .near_func.text    ro code  0x00e9aa     0x4  System.o [1]
  .near.rodata       const    0x00e9ae     0x3  DrvGD83.o [1]
  .near.rodata       const    0x00e9b1     0x3  uart3.o [1]
  .near.rodata       const    0x00e9b4     0x3  uart3.o [1]
  .near_func.text    ro code  0x00e9b7     0x3  main.o [1]
  .near_func.text    ro code  0x00e9ba     0x3  Task.o [1]
  .near_func.text    ro code  0x00e9bd     0x3  interrupt.o [4]
  .near_func.text    ro code  0x00e9c0     0x3  low_level_init.o [4]
  .near_func.text    ro code  0x00e9c3     0x3  exit.o [4]
  .near_func.text    ro code  0x00e9c6     0x3  unhandled_exception.o [4]
  .near_func.text    ro code  0x00e9c9     0x1  stm8s_it.o [1]
  .near_func.text    ro code  0x00e9ca     0x1  stm8s_it.o [1]
  .near_func.text    ro code  0x00e9cb     0x1  stm8s_it.o [1]
  .near_func.text    ro code  0x00e9cc     0x1  stm8s_it.o [1]
  .near_func.text    ro code  0x00e9cd     0x1  stm8s_it.o [1]
  .near_func.text    ro code  0x00e9ce     0x1  stm8s_it.o [1]
  .near_func.text    ro code  0x00e9cf     0x1  stm8s_it.o [1]
  .near_func.text    ro code  0x00e9d0     0x1  stm8s_it.o [1]
  .near_func.text    ro code  0x00e9d1     0x1  stm8s_it.o [1]
  .near_func.text    ro code  0x00e9d2     0x1  stm8s_it.o [1]
  .near_func.text    ro code  0x00e9d3     0x1  stm8s_it.o [1]
  .near_func.text    ro code  0x00e9d4     0x1  stm8s_it.o [1]
  .near_func.text    ro code  0x00e9d5     0x1  stm8s_it.o [1]
  .near_func.text    ro code  0x00e9d6     0x1  stm8s_it.o [1]
  .near_func.text    ro code  0x00e9d7     0x1  stm8s_it.o [1]
  .near_func.text    ro code  0x00e9d8     0x1  stm8s_it.o [1]
  .near_func.text    ro code  0x00e9d9     0x1  stm8s_it.o [1]
  .near_func.text    ro code  0x00e9da     0x1  stm8s_it.o [1]
  .near_func.text    ro code  0x00e9db     0x1  stm8s_it.o [1]
  .near_func.text    ro code  0x00e9dc     0x1  stm8s_it.o [1]
  .near_func.text    ro code  0x00e9dd     0x1  stm8s_it.o [1]
  .near_func.text    ro code  0x00e9de     0x1  __dbg_break.o [3]
                            - 0x00e9df  0x695f


*******************************************************************************
*** INIT TABLE
***

          Address   Size
          -------   ----
Zero (__iar_zero_init2)
    5 destination ranges, total size 0x1671:
          0x000010  0xef5
          0x000f05  0x28a
          0x00118f  0x200
          0x00138f   0xfc
          0x00148b  0x1f6

Copy (__iar_copy_init2)
    1 source range, total size 0x78:
          0x00d002   0x78
    1 destination range, total size 0x78:
          0x001681   0x78



*******************************************************************************
*** MODULE SUMMARY
***

    Module                 ro code  ro data  rw data
    ------                 -------  -------  -------
E:\1-source\A508\PRJ\Debug\Obj: [1]
    ApiAtCmd.o               1 100      252      161
    ApiDisplay.o             1 024    1 128      580
    ApiGpsCmd.o              4 383                 3
    ApiKeyboard.o              995      120        7
    ApiLED.o                    91                 1
    ApiPocCmd.o              1 562       45    3 934
    Beep.o                     838                18
    CommonLib.o                391       17
    Delay.o                    616                11
    DrvGD83.o                2 811       33      709
    DrvGT20L16S1Y.o            796       40       40
    DrvHTG12832.o              537                 2
    DrvKeyboard.o            1 356
    Flash_eeprom.o             187
    McuConfig.o                373
    System.o                   231       34      274
    Task.o                   1 026      604       29
    Tone.o                     216                18
    Voice.o                    168                 6
    main.o                       3
    stm8s_clk.o                268        4
    stm8s_flash.o              188
    stm8s_gpio.o               195
    stm8s_it.o                 102
    stm8s_itc.o                257
    stm8s_tim1.o               392
    stm8s_tim3.o                71
    stm8s_uart1.o              676
    stm8s_uart3.o              712
    sysclock.o                 114
    uart3.o                  1 739       26       72
    ------------------------------------------------
    Total:                  23 418    2 303    5 865

command line: [2]
    ------------------------------------------------
    Total:

dbgstm8smd.a: [3]
    __dbg_break.o                1
    __dbg_xxexit.o              20
    ------------------------------------------------
    Total:                      21

dlstm8smn.a: [4]
    cexit.o                      5
    char.o                      11
    cstartup.o                  19
    dc_util.o                   37
    exit.o                       3
    init.o                      23
    init_small.o                70
    interrupt.o                  3      128
    long.o                     408
    long_util.o                 71
    low_level_init.o             3
    memcmp.o                    54
    memcpy.o                    37
    memset.o                    23
    move.o                      31
    short.o                     80
    strlen.o                    18
    unhandled_exception.o        3
    vreg_util.o                300
    vregs.o                                       16
    ------------------------------------------------
    Total:                   1 199      128       16

    Linker created                       34      256
----------------------------------------------------
    Grand Total:            24 638    2 465    6 137


*******************************************************************************
*** ENTRY LIST
***

Entry                    Address   Size  Type      Object
-----                    -------   ----  ----      ------
.iar.init_table$$Base   0x00e17f          --   Gb  - Linker created -
.iar.init_table$$Limit  0x00e1a1          --   Gb  - Linker created -
?add32_l0_l0_0x         0x00b39b         Code  Gb  long.o [4]
?add32_l0_l0_l1         0x00b398         Code  Gb  long.o [4]
?and32_l0_l0_0x         0x00b4d0         Code  Gb  long.o [4]
?and32_l0_l0_l1         0x00b4cd         Code  Gb  long.o [4]
?b0                     0x000000         Data  Gb  vregs.o [4]
?b1                     0x000001         Data  Gb  vregs.o [4]
?b10                    0x00000a         Data  Gb  vregs.o [4]
?b11                    0x00000b         Data  Gb  vregs.o [4]
?b12                    0x00000c         Data  Gb  vregs.o [4]
?b13                    0x00000d         Data  Gb  vregs.o [4]
?b14                    0x00000e         Data  Gb  vregs.o [4]
?b15                    0x00000f         Data  Gb  vregs.o [4]
?b2                     0x000002         Data  Gb  vregs.o [4]
?b3                     0x000003         Data  Gb  vregs.o [4]
?b4                     0x000004         Data  Gb  vregs.o [4]
?b5                     0x000005         Data  Gb  vregs.o [4]
?b6                     0x000006         Data  Gb  vregs.o [4]
?b7                     0x000007         Data  Gb  vregs.o [4]
?b8                     0x000008         Data  Gb  vregs.o [4]
?b9                     0x000009         Data  Gb  vregs.o [4]
?dc32_l0                0x00e041         Code  Gb  dc_util.o [4]
?dc32_l1                0x00e04e         Code  Gb  dc_util.o [4]
?dc32_px                0x00e05b         Code  Gb  dc_util.o [4]
?e0                     0x000001         Data  Gb  vregs.o [4]
?e1                     0x000005         Data  Gb  vregs.o [4]
?e2                     0x000009         Data  Gb  vregs.o [4]
?e3                     0x00000d         Data  Gb  vregs.o [4]
?epilogue_l2            0x00bac9         Code  Gb  vreg_util.o [4]
?epilogue_l2_l3         0x00bac6         Code  Gb  vreg_util.o [4]
?epilogue_l2_w6         0x00bacd         Code  Gb  vreg_util.o [4]
?epilogue_w4            0x00bad4         Code  Gb  vreg_util.o [4]
?l0                     0x000000         Data  Gb  vregs.o [4]
?l1                     0x000004         Data  Gb  vregs.o [4]
?l2                     0x000008         Data  Gb  vregs.o [4]
?l3                     0x00000c         Data  Gb  vregs.o [4]
?load32_0x_l0           0x00da3f         Code  Gb  long_util.o [4]
?load32_asp_l0          0x00da33         Code  Gb  long_util.o [4]
?load32_dbsp_l0         0x00da2e         Code  Gb  long_util.o [4]
?load32_l0_0x           0x00da16         Code  Gb  long_util.o [4]
?load32_l0_asp          0x00da0b         Code  Gb  long_util.o [4]
?load32_l0_dbsp         0x00da06         Code  Gb  long_util.o [4]
?load32_l0_xsp          0x00da0d         Code  Gb  long_util.o [4]
?load32_l1_0x           0x00da22         Code  Gb  long_util.o [4]
?load32_xsp_l0          0x00da35         Code  Gb  long_util.o [4]
?longfarg16_v_w0_a      0x00e22d         Code  Gb  move.o [4]
?longfarg16_v_w0_x      0x00e22f         Code  Gb  move.o [4]
?mov_e0_e1              0x00bae9         Code  Gb  vreg_util.o [4]
?mov_e0_e2              0x00baf6         Code  Gb  vreg_util.o [4]
?mov_e0_e3              0x00bb03         Code  Gb  vreg_util.o [4]
?mov_e1_e0              0x00bb10         Code  Gb  vreg_util.o [4]
?mov_e1_e2              0x00bb1d         Code  Gb  vreg_util.o [4]
?mov_e1_e3              0x00bb2a         Code  Gb  vreg_util.o [4]
?mov_e2_e0              0x00bb37         Code  Gb  vreg_util.o [4]
?mov_e3_e0              0x00bb44         Code  Gb  vreg_util.o [4]
?mov_l0_l1              0x00bae6         Code  Gb  vreg_util.o [4]
?mov_l0_l2              0x00baf3         Code  Gb  vreg_util.o [4]
?mov_l0_l3              0x00bb00         Code  Gb  vreg_util.o [4]
?mov_l1_l0              0x00bb0d         Code  Gb  vreg_util.o [4]
?mov_l1_l2              0x00bb1a         Code  Gb  vreg_util.o [4]
?mov_l1_l3              0x00bb27         Code  Gb  vreg_util.o [4]
?mov_l2_l0              0x00bb34         Code  Gb  vreg_util.o [4]
?mov_l3_l0              0x00bb41         Code  Gb  vreg_util.o [4]
?mov_w1_w3              0x00baec         Code  Gb  vreg_util.o [4]
?mov_w1_w5              0x00baf9         Code  Gb  vreg_util.o [4]
?mov_w1_w7              0x00bb06         Code  Gb  vreg_util.o [4]
?mov_w2_w1              0x00bad8         Code  Gb  vreg_util.o [4]
?mov_w3_w1              0x00bb13         Code  Gb  vreg_util.o [4]
?mov_w3_w5              0x00bb20         Code  Gb  vreg_util.o [4]
?mov_w3_w7              0x00bb2d         Code  Gb  vreg_util.o [4]
?mov_w5_w1              0x00bb3a         Code  Gb  vreg_util.o [4]
?mov_w6_w0              0x00badf         Code  Gb  vreg_util.o [4]
?mov_w7_w1              0x00bb47         Code  Gb  vreg_util.o [4]
?move1616_v_x_y_a       0x00e220         Code  Gb  move.o [4]
?mul16_x_x_w0           0x00d6cc         Code  Gb  short.o [4]
?mul32_l0_l0_0x         0x00b3d1         Code  Gb  long.o [4]
?mul32_l0_l0_dl         0x00b3ce         Code  Gb  long.o [4]
?mul32_l0_l0_l1         0x00b3da         Code  Gb  long.o [4]
?or32_l0_l0_0x          0x00b4eb         Code  Gb  long.o [4]
?or32_l0_l0_l1          0x00b4e8         Code  Gb  long.o [4]
?pop_l0                 0x00ba92         Code  Gb  vreg_util.o [4]
?pop_l1                 0x00ba9d         Code  Gb  vreg_util.o [4]
?pop_l2                 0x00baa8         Code  Gb  vreg_util.o [4]
?pop_l3                 0x00bab3         Code  Gb  vreg_util.o [4]
?pop_w4                 0x00ba44         Code  Gb  vreg_util.o [4]
?pop_w6                 0x00ba4b         Code  Gb  vreg_util.o [4]
?pop_w7                 0x00ba52         Code  Gb  vreg_util.o [4]
?push_l0                0x00ba61         Code  Gb  vreg_util.o [4]
?push_l1                0x00ba66         Code  Gb  vreg_util.o [4]
?push_l2                0x00ba6b         Code  Gb  vreg_util.o [4]
?push_l3                0x00ba70         Code  Gb  vreg_util.o [4]
?push_w4                0x00ba22         Code  Gb  vreg_util.o [4]
?push_w6                0x00ba27         Code  Gb  vreg_util.o [4]
?push_w7                0x00ba2c         Code  Gb  vreg_util.o [4]
?sext16_x_a             0x00d715         Code  Gb  short.o [4]
?sext32_l0_x            0x00b525         Code  Gb  long.o [4]
?sll16_x_x_4            0x00d704         Code  Gb  short.o [4]
?sll16_x_x_5            0x00d703         Code  Gb  short.o [4]
?sll16_x_x_6            0x00d702         Code  Gb  short.o [4]
?sll16_x_x_a            0x00d6fa         Code  Gb  short.o [4]
?sll32_0x_0x_a          0x00b506         Code  Gb  long.o [4]
?sll32_l0_l0_a          0x00b503         Code  Gb  long.o [4]
?smod16_y_x_y           0x00d6ea         Code  Gb  short.o [4]
?sra8_a_a_4             0x00e878         Code  Gb  char.o [4]
?srl16_x_x_10           0x00d70a         Code  Gb  short.o [4]
?srl16_x_x_11           0x00d709         Code  Gb  short.o [4]
?srl16_x_x_4            0x00d710         Code  Gb  short.o [4]
?srl16_x_x_5            0x00d70f         Code  Gb  short.o [4]
?srl16_x_x_6            0x00d70e         Code  Gb  short.o [4]
?srl16_x_x_7            0x00d70d         Code  Gb  short.o [4]
?srl16_x_x_8            0x00d70c         Code  Gb  short.o [4]
?srl16_x_x_9            0x00d70b         Code  Gb  short.o [4]
?srl32_0x_0x_a          0x00b517         Code  Gb  long.o [4]
?srl32_l0_l0_a          0x00b514         Code  Gb  long.o [4]
?srl8_a_a_5             0x00e873         Code  Gb  char.o [4]
?srl8_a_a_6             0x00e872         Code  Gb  char.o [4]
?sub32_l0_l0_0x         0x00b3b6         Code  Gb  long.o [4]
?sub32_l0_l0_l1         0x00b3b3         Code  Gb  long.o [4]
?udiv32_l0_dl_l1        0x00b458         Code  Gb  long.o [4]
?udiv32_l0_l0_dl        0x00b45d         Code  Gb  long.o [4]
?udiv32_l0_l0_l1        0x00b460         Code  Gb  long.o [4]
?umod32_l1_l0_l1        0x00b460         Code  Gb  long.o [4]
?w0                     0x000000         Data  Gb  vregs.o [4]
?w1                     0x000002         Data  Gb  vregs.o [4]
?w2                     0x000004         Data  Gb  vregs.o [4]
?w3                     0x000006         Data  Gb  vregs.o [4]
?w4                     0x000008         Data  Gb  vregs.o [4]
?w5                     0x00000a         Data  Gb  vregs.o [4]
?w6                     0x00000c         Data  Gb  vregs.o [4]
?w7                     0x00000e         Data  Gb  vregs.o [4]
ADC2_IRQHandler         0x00e9db    0x1  Code  Gb  stm8s_it.o [1]
AF_Mute_Init            0x00e82c    0xc  Code  Gb  McuConfig.o [1]
AUDIO_IOAFMUT           0x00e373   0x17  Code  Gb  McuConfig.o [1]
AUDIO_IOAFPOW           0x00e38a   0x17  Code  Gb  McuConfig.o [1]
AWU_IRQHandler          0x00e9cb    0x1  Code  Gb  stm8s_it.o [1]
ApGpsCmd_10msRenew      0x00e0f6   0x23  Code  Gb  ApiGpsCmd.o [1]
ApiAtCmd_100msRenew     0x00a81a   0x7b  Code  Gb  ApiAtCmd.o [1]
ApiAtCmd_10msRenew      0x00c855   0xaf  Code  Gb  ApiAtCmd.o [1]
ApiAtCmd_GetGroupName   0x00e681   0x11  Code  Gb  ApiPocCmd.o [1]
ApiAtCmd_GetGroupNameLen
                        0x00e4e5   0x12  Code  Gb  ApiPocCmd.o [1]
ApiAtCmd_GetGroupNum    0x00e986    0x4  Code  Gb  ApiPocCmd.o [1]
ApiAtCmd_GetLoginState  0x00e89b    0xa  Code  Gb  ApiPocCmd.o [1]
ApiAtCmd_GetMainGroupId
                        0x00e98e    0x4  Code  Gb  ApiPocCmd.o [1]
ApiAtCmd_GetMainUserId  0x00e992    0x4  Code  Gb  ApiPocCmd.o [1]
ApiAtCmd_GetMainWorkName
                        0x00e97e    0x4  Code  Gb  ApiPocCmd.o [1]
ApiAtCmd_GetMainWorkNameLen
                        0x00e982    0x4  Code  Gb  ApiPocCmd.o [1]
ApiAtCmd_GetUserName    0x00e692   0x11  Code  Gb  ApiPocCmd.o [1]
ApiAtCmd_GetUserNameLen
                        0x00e4f7   0x12  Code  Gb  ApiPocCmd.o [1]
ApiAtCmd_GetUserNum     0x00e98a    0x4  Code  Gb  ApiPocCmd.o [1]
ApiAtCmd_PlayVoice      0x00d232   0x68  Code  Gb  ApiAtCmd.o [1]
ApiAtCmd_WritCommand    0x00a67b  0x152  Code  Gb  ApiAtCmd.o [1]
ApiAtCmd_tcp_state      0x00e891    0xa  Code  Gb  ApiAtCmd.o [1]
ApiCaretCmd_10msRenew   0x00bb4e  0x111  Code  Gb  ApiAtCmd.o [1]
ApiGpsCmd_100msRenew    0x008cb3  0x2b1  Code  Gb  ApiGpsCmd.o [1]
ApiGpsCmd_PowerOnInitial
                        0x00a459  0x222  Code  Gb  ApiGpsCmd.o [1]
ApiPocCmd_10msRenew     0x00995c  0x2f4  Code  Gb  ApiPocCmd.o [1]
ApiPocCmd_WritCommand   0x00b530  0x14f  Code  Gb  ApiPocCmd.o [1]
ApiPocCmd_user_info_set
                        0x00c4a3   0xd4  Code  Gb  ApiPocCmd.o [1]
AtCmdDrvobj             0x00148b   0x77  Data  Lc  ApiAtCmd.o [1]
AtCmd_NetParamCode      0x00a7cd   0x4d  Code  Lc  ApiAtCmd.o [1]
AtNotify_Queue          0x008118   0x4c  Code  Lc  DrvGD83.o [1]
AtNotify_Queue_Start    0x008164   0x55  Code  Lc  DrvGD83.o [1]
BEEP_Interrupt10ms      0x00e2cc   0x1a  Code  Gb  Beep.o [1]
BEEP_PowerOnInitial     0x009893   0xc9  Code  Gb  Beep.o [1]
BEEP_SetOutput          0x009662  0x231  Code  Gb  Beep.o [1]
BEEP_Time               0x00ddb7   0x32  Code  Gb  Beep.o [1]
BaseAdd                 0x0016bd   0x20  Data  Gb  DrvGT20L16S1Y.o [1]
BeepDrvObj              0x001630   0x12  Data  Lc  Beep.o [1]
BitTab                  0x00e8ff    0x8  Data  Gb  ApiDisplay.o [1]
BootProcess_PPPCFG_Flag
                        0x001672    0x1  Data  Gb  ApiAtCmd.o [1]
BootProcess_PPPCFG_Flag_Zanshi
                        0x001681    0x1  Data  Gb  ApiAtCmd.o [1]
BootProcess_SIMST_Flag  0x001671    0x1  Data  Gb  ApiAtCmd.o [1]
CHAR_HIGH               0x00e6c3   0x10  Data  Gb  ApiDisplay.o [1]
CHAR_WIDTH              0x00e6d3   0x10  Data  Gb  ApiDisplay.o [1]
CLK_ClockSwitchConfig   0x00ca55   0xa2  Code  Gb  stm8s_clk.o [1]
CLK_GetClockFreq        0x00d52e   0x57  Code  Gb  stm8s_clk.o [1]
CLK_HSIPrescalerConfig  0x00e49a   0x13  Code  Gb  stm8s_clk.o [1]
CLK_IRQHandler          0x00e9cc    0x1  Code  Gb  stm8s_it.o [1]
COML_AscToHex           0x00c2f1   0xdb  Code  Gb  CommonLib.o [1]
COML_StringReverse      0x00d3c1   0x5e  Code  Gb  CommonLib.o [1]
CSQ_Flag                0x001674    0x1  Data  Gb  ApiAtCmd.o [1]
CSTACK$$Base            0x001700          --   Gb  - Linker created -
CSTACK$$Limit           0x001800          --   Gb  - Linker created -
C_TEST_OUT_SET          0x00e844    0xc  Code  Gb  McuConfig.o [1]
CaretNotify_Queue       0x008080   0x4c  Code  Lc  DrvGD83.o [1]
CaretNotify_Queue_Start
                        0x00820e   0x55  Code  Lc  DrvGD83.o [1]
DEL_100msProcess        0x00cb15   0x4d  Code  Lc  Delay.o [1]
DEL_10msProcess         0x00cb62   0x1c  Code  Lc  Delay.o [1]
DEL_1msProcess          0x00cb7e    0x9  Code  Lc  Delay.o [1]
DEL_500msProcess        0x00caf7   0x1e  Code  Lc  Delay.o [1]
DEL_GetTimer            0x00d585   0x54  Code  Gb  Delay.o [1]
DEL_Interrupt           0x00c9b3   0xa2  Code  Gb  Delay.o [1]
DEL_PowerOnInitial      0x00e201   0x1f  Code  Gb  Delay.o [1]
DEL_Renew               0x00cb87    0xc  Code  Gb  Delay.o [1]
DEL_SetTimer            0x00d07a   0x73  Code  Gb  Delay.o [1]
DEL_Soft1ms             0x00e27a   0x1c  Code  Gb  Delay.o [1]
DEL_TimerRenew          0x00df59   0x28  Code  Lc  Delay.o [1]
DISP_DataBuf            0x00c212   0xdf  Code  Lc  ApiDisplay.o [1]
DISP_MulTypePro         0x00c7a3   0xb2  Code  Lc  ApiDisplay.o [1]
Dec2Hex                 0x00d71c   0x4e  Code  Gb  CommonLib.o [1]
DefaultSystemClockForHSI
                        0x00e2b1   0x1b  Code  Gb  sysclock.o [1]
DelDrvObj               0x001654    0xb  Data  Lc  Delay.o [1]
Delay_100ms             0x00db56   0x40  Code  Gb  Task.o [1]
DisDataBit              0x0015aa   0x40  Data  Gb  ApiDisplay.o [1]
DisDataBuf              0x00118f  0x200  Data  Gb  ApiDisplay.o [1]
DisDrvObj               0x001665    0x4  Data  Lc  ApiDisplay.o [1]
DrvGD83DrvObj           0x000f05  0x28a  Data  Lc  DrvGD83.o [1]
DrvGD83_Init            0x00e2fe   0x18  Code  Gb  McuConfig.o [1]
DrvGD83_UART_TxCommand  0x00cf88   0x7a  Code  Gb  DrvGD83.o [1]
DrvMC8332_AtNotify_Queue_front
                        0x00d8e2   0x49  Code  Gb  DrvGD83.o [1]
DrvMC8332_CaretNotify_Queue_front
                        0x00d899   0x49  Code  Gb  DrvGD83.o [1]
DrvMC8332_GpsNotify_Queue_front
                        0x00d974   0x49  Code  Gb  DrvGD83.o [1]
DrvMC8332_PocNotify_Queue_front
                        0x00d92b   0x49  Code  Gb  DrvGD83.o [1]
DrvMC8332_Software_Initial
                        0x00dbd4   0x3d  Code  Gb  DrvGD83.o [1]
DrvMC8332_TxPort_SetValidable
                        0x00ded9   0x2c  Code  Gb  DrvGD83.o [1]
DrvMC8332_UART_Interrupt
                        0x0084cd  0x3c6  Code  Gb  DrvGD83.o [1]
DrvMc8332_UART_TxTail   0x00c131   0xe1  Code  Gb  DrvGD83.o [1]
EEPROM_EEC_IRQHandler   0x00e9dd    0x1  Code  Gb  stm8s_it.o [1]
EXTI_PORTA_IRQHandler   0x00e9cd    0x1  Code  Gb  stm8s_it.o [1]
EXTI_PORTB_IRQHandler   0x00e9ce    0x1  Code  Gb  stm8s_it.o [1]
EXTI_PORTC_IRQHandler   0x00e9cf    0x1  Code  Gb  stm8s_it.o [1]
EXTI_PORTD_IRQHandler   0x00e9d0    0x1  Code  Gb  stm8s_it.o [1]
EXTI_PORTE_IRQHandler   0x00e9d1    0x1  Code  Gb  stm8s_it.o [1]
FILE_Read               0x00da90   0x43  Code  Gb  Flash_eeprom.o [1]
FILE_Write              0x00da4d   0x43  Code  Gb  Flash_eeprom.o [1]
FLASH_EraseOptionByte   0x00dfa9   0x27  Code  Gb  stm8s_flash.o [1]
FLASH_GetFlagStatus     0x00e439   0x14  Code  Gb  stm8s_flash.o [1]
FLASH_Lock              0x00e948    0x7  Code  Gb  stm8s_flash.o [1]
FLASH_ProgramByte       0x00e962    0x5  Code  Gb  stm8s_flash.o [1]
FLASH_ProgramOptionByte
                        0x00e0ae   0x24  Code  Gb  stm8s_flash.o [1]
FLASH_ReadByte          0x00e967    0x5  Code  Gb  stm8s_flash.o [1]
FLASH_Unlock            0x00e3cf   0x16  Code  Gb  stm8s_flash.o [1]
FLASH_WaitForLastOperation
                        0x00dc47   0x36  Code  Gb  stm8s_flash.o [1]
GD83_ON                 0x00e316   0x18  Code  Gb  McuConfig.o [1]
GPIO_Init               0x00c904   0xaf  Code  Gb  stm8s_gpio.o [1]
GPIO_ReadInputPin       0x00e8e5    0x9  Code  Gb  stm8s_gpio.o [1]
GPIO_WriteHigh          0x00e94f    0x7  Code  Gb  stm8s_gpio.o [1]
GPIO_WriteLow           0x00e996    0x4  Code  Gb  stm8s_gpio.o [1]
GT20_DelTime            0x00e425   0x14  Code  Lc  DrvGT20L16S1Y.o [1]
GT20_GetData            0x00d362   0x5f  Code  Lc  DrvGT20L16S1Y.o [1]
GT20_GetDisData         0x00dc11   0x36  Code  Lc  DrvGT20L16S1Y.o [1]
GT20_SendByte           0x00d4d4   0x5a  Code  Lc  DrvGT20L16S1Y.o [1]
GT20_SendCommand        0x00d7b8   0x4c  Code  Lc  DrvGT20L16S1Y.o [1]
GetPersonalCallingMode  0x00e776    0xe  Code  Gb  ApiPocCmd.o [1]
GetPlayState            0x00e8a5    0xa  Code  Gb  ApiPocCmd.o [1]
GetTaskId               0x00e9aa    0x4  Code  Gb  System.o [1]
GpsCmd_GbAnalytical     0x00a1c7  0x292  Code  Lc  ApiGpsCmd.o [1]
GpsCmd_GbDataTransave   0x009c50  0x2e1  Code  Lc  ApiGpsCmd.o [1]
GpsCmd_GbWritCommand    0x008893  0x420  Code  Lc  ApiGpsCmd.o [1]
GpsFunDrvObj            0x00166d    0x2  Data  Lc  ApiGpsCmd.o [1]
GpsNotify_Queue         0x008451   0x7c  Code  Lc  DrvGD83.o [1]
GpsNotify_Queue_Start   0x008263   0x99  Code  Lc  DrvGD83.o [1]
GroupCallingNum         0x0016a8    0x1  Data  Gb  ApiKeyboard.o [1]
HSE_ClockStartUpConfiguration
                        0x00de7c   0x30  Code  Lc  sysclock.o [1]
HSIDivFactor            0x00e976    0x4  Data  Gb  stm8s_clk.o [1]
HexToChar_GroupCallingNum
                        0x00e1c1   0x20  Code  Gb  ApiPocCmd.o [1]
HexToChar_MainGroupId   0x00e1a1   0x20  Code  Gb  ApiPocCmd.o [1]
HexToChar_MainUserId    0x00e15e   0x21  Code  Gb  ApiPocCmd.o [1]
HexToChar_PersonalCallingNum
                        0x00e13c   0x22  Code  Gb  ApiPocCmd.o [1]
HtgDrvObj               0x00166f    0x2  Data  Lc  DrvHTG12832.o [1]
I2C_IRQHandler          0x00e9d9    0x1  Code  Gb  stm8s_it.o [1]
INTVEC$$Base            0x008000          --   Gb  - Linker created -
INTVEC$$Limit           0x008080          --   Gb  - Linker created -
ITC_SetSoftwarePriority
                        0x00be68  0x101  Code  Gb  stm8s_itc.o [1]
Ico_DataBuf             0x008f64  0x400  Data  Gb  ApiDisplay.o [1]
KEY_TABLE               0x00e9b1    0x3  Data  Lc  uart3.o [1]
KeyDownUpChoose_GroupOrUser_Flag
                        0x001675    0x1  Data  Gb  ApiAtCmd.o [1]
KeyPersonalCallingCount
                        0x001679    0x1  Data  Gb  ApiKeyboard.o [1]
KeyUpDownCount          0x001678    0x1  Data  Gb  ApiKeyboard.o [1]
Key_Flag_0              0x00167e    0x1  Data  Gb  Task.o [1]
Key_Flag_1              0x00167a    0x1  Data  Gb  ApiKeyboard.o [1]
Key_Init                0x00de4c   0x30  Code  Gb  McuConfig.o [1]
Key_PersonalCalling_Flag
                        0x00167f    0x1  Data  Gb  Task.o [1]
Keyboard_Test           0x009364  0x2fe  Code  Gb  ApiKeyboard.o [1]
LED_Conut               0x00167b    0x1  Data  Gb  ApiLED.o [1]
LED_Init                0x00e066   0x24  Code  Gb  McuConfig.o [1]
LED_IntOutputRenew      0x00d41f   0x5b  Code  Gb  ApiLED.o [1]
MIC_GPIO_Init           0x00e820    0xc  Code  Gb  McuConfig.o [1]
MIC_IOMUT               0x00e35c   0x17  Code  Gb  McuConfig.o [1]
Noise_Mute_Init         0x00e838    0xc  Code  Gb  McuConfig.o [1]
Notify_Queue_Stop       0x0082fc  0x155  Code  Lc  DrvGD83.o [1]
PAS_NULLTBL             0x00e6e3   0x10  Data  Lc  uart3.o [1]
POC_GetGroupInformationFlag
                        0x00167c    0x1  Data  Gb  ApiPocCmd.o [1]
POC_TABLE               0x00e9b4    0x3  Data  Lc  uart3.o [1]
PasObj                  0x001669    0x4  Data  Lc  uart3.o [1]
PersonalCallingNum      0x001677    0x1  Data  Gb  ApiKeyboard.o [1]
PocCmdDrvobj            0x000010  0xef5  Data  Lc  ApiPocCmd.o [1]
PocNotify_Queue         0x0080cc   0x4c  Code  Lc  DrvGD83.o [1]
PocNotify_Queue_Start   0x0081b9   0x55  Code  Lc  DrvGD83.o [1]
ReadBuffer              0x001502   0x64  Data  Gb  ApiPocCmd.o [1]
Region$$Table$$Base     0x00e17f          --   Gb  - Linker created -
Region$$Table$$Limit    0x00e1a1          --   Gb  - Linker created -
SPI_IRQHandler          0x00e9d2    0x1  Code  Gb  stm8s_it.o [1]
Set_GreenLed            0x00e32e   0x17  Code  Gb  McuConfig.o [1]
Set_RedLed              0x00e345   0x17  Code  Gb  McuConfig.o [1]
SystemClock_Init        0x00dfd0   0x27  Code  Gb  sysclock.o [1]
T1                      0x00138f   0xfc  Data  Gb  System.o [1]
TASK_WriteFreq          0x00e9ba    0x3  Code  Gb  Task.o [1]
TIM1_CAP_COM_IRQHandler
                        0x00e9d4    0x1  Code  Gb  stm8s_it.o [1]
TIM1_CCxCmd             0x00dad3   0x43  Code  Gb  stm8s_tim1.o [1]
TIM1_Cmd                0x00e7b9    0xd  Code  Gb  stm8s_tim1.o [1]
TIM1_CtrlPWMOutputs     0x00e7c6    0xd  Code  Gb  stm8s_tim1.o [1]
TIM1_DeInit             0x00cb93   0x99  Code  Gb  stm8s_tim1.o [1]
TIM1_OC1Init            0x00d301   0x61  Code  Gb  stm8s_tim1.o [1]
TIM1_OC1PreloadConfig   0x00e7d3    0xd  Code  Gb  stm8s_tim1.o [1]
TIM1_PWM_Init           0x00d76a   0x4e  Code  Gb  Tone.o [1]
TIM1_TimeBaseInit       0x00e0d2   0x24  Code  Gb  stm8s_tim1.o [1]
TIM1_UPD_OVF_TRG_BRK_IRQHandler
                        0x00e9d3    0x1  Code  Gb  stm8s_it.o [1]
TIM2_CAP_COM_IRQHandler
                        0x00e9d6    0x1  Code  Gb  stm8s_it.o [1]
TIM2_UPD_OVF_BRK_IRQHandler
                        0x00e9d5    0x1  Code  Gb  stm8s_it.o [1]
TIM3_ARRPreloadConfig   0x00e7ed    0xd  Code  Gb  stm8s_tim3.o [1]
TIM3_CAP_COM_IRQHandler
                        0x00e9d7    0x1  Code  Gb  stm8s_it.o [1]
TIM3_ClearITPendingBit  0x00e96c    0x5  Code  Gb  stm8s_tim3.o [1]
TIM3_Cmd                0x00e7e0    0xd  Code  Gb  stm8s_tim3.o [1]
TIM3_ITConfig           0x00e4ad   0x13  Code  Gb  stm8s_tim3.o [1]
TIM3_PrescalerConfig    0x00e8ee    0x9  Code  Gb  stm8s_tim3.o [1]
TIM3_TimeBaseInit       0x00e850    0xc  Code  Gb  stm8s_tim3.o [1]
TIM3_UPD_OVF_BRK_IRQHandler
                        0x00e296   0x1b  Code  Gb  stm8s_it.o [1]
TIM4_UPD_OVF_IRQHandler
                        0x00e9dc    0x1  Code  Gb  stm8s_it.o [1]
TLI_IRQHandler          0x00e9ca    0x1  Code  Gb  stm8s_it.o [1]
TONE_PowerOnInitial     0x00d29a   0x67  Code  Gb  Tone.o [1]
TONE_Start              0x00e121   0x1b  Code  Gb  Tone.o [1]
TONE_Stop               0x00e119    0x8  Code  Gb  Tone.o [1]
TRAP_IRQHandler         0x00e9c9    0x1  Code  Gb  stm8s_it.o [1]
TaskDrvObj              0x00161c   0x14  Data  Lc  System.o [1]
Task_RunNormalOperation
                        0x00aaae  0x212  Code  Gb  Task.o [1]
Task_RunStart           0x00aea7  0x1ad  Code  Gb  Task.o [1]
Test1                   0x001676    0x1  Data  Gb  ApiGpsCmd.o [1]
Tim3_Timer_Init         0x00e08a   0x24  Code  Gb  McuConfig.o [1]
TimeVal                 0x0016b5    0x8  Data  Gb  DrvGT20L16S1Y.o [1]
ToneDrvObj              0x001642   0x12  Data  Lc  Tone.o [1]
UART1_Cmd               0x00e7fa    0xd  Code  Gb  stm8s_uart1.o [1]
UART1_DeInit            0x00deac   0x2d  Code  Gb  stm8s_uart1.o [1]
UART1_GetFlagStatus     0x00dde9   0x32  Code  Gb  stm8s_uart1.o [1]
UART1_GetITStatus       0x00ccc5   0x90  Code  Gb  stm8s_uart1.o [1]
UART1_ITConfig          0x00d1c6   0x6c  Code  Gb  stm8s_uart1.o [1]
UART1_Init              0x00b8ee  0x134  Code  Gb  stm8s_uart1.o [1]
UART1_RX_IRQHandler     0x00e1e1   0x20  Code  Gb  stm8s_it.o [1]
UART1_ReceiveData8      0x00e99a    0x4  Code  Gb  stm8s_uart1.o [1]
UART1_SendData8         0x00e99e    0x4  Code  Gb  stm8s_uart1.o [1]
UART1_TX_IRQHandler     0x00e9d8    0x1  Code  Gb  stm8s_it.o [1]
UART3_Cmd               0x00e807    0xd  Code  Gb  stm8s_uart3.o [1]
UART3_DeInit            0x00dff7   0x25  Code  Gb  stm8s_uart3.o [1]
UART3_GetFlagStatus     0x00d9bd   0x49  Code  Gb  stm8s_uart3.o [1]
UART3_GetITStatus       0x00c6ef   0xb4  Code  Gb  stm8s_uart3.o [1]
UART3_ITConfig          0x00ce72   0x8c  Code  Gb  stm8s_uart3.o [1]
UART3_Init              0x00bc5f  0x105  Code  Gb  stm8s_uart3.o [1]
UART3_Interrupt         0x00e410   0x15  Code  Gb  uart3.o [1]
UART3_RX_IRQHandler     0x00e3e5   0x16  Code  Gb  stm8s_it.o [1]
UART3_ReceiveData8      0x00e9a2    0x4  Code  Gb  stm8s_uart3.o [1]
UART3_SendByte          0x00e784    0xe  Code  Gb  uart3.o [1]
UART3_SendData8         0x00e9a6    0x4  Code  Gb  stm8s_uart3.o [1]
UART3_TX_IRQHandler     0x00e9da    0x1  Code  Gb  stm8s_it.o [1]
UART3_ToMcuMain         0x00db96   0x3e  Code  Gb  uart3.o [1]
UART_Delay              0x00e509   0x12  Code  Lc  uart3.o [1]
UART_ErrorAck           0x00d83a   0x15  Code  Lc  uart3.o [1]
UART_GetCheckSum        0x00cde4   0x2d  Code  Lc  uart3.o [1]
UART_KeyCommand         0x00bd64  0x104  Code  Lc  uart3.o [1]
UART_Link               0x00ce11   0x61  Code  Lc  uart3.o [1]
UART_PasCommand         0x00b054  0x1aa  Code  Lc  uart3.o [1]
UART_PocCommand         0x00d62c   0x50  Code  Lc  uart3.o [1]
UART_RightAck           0x00d0ed   0x6d  Code  Lc  uart3.o [1]
UART_RxFrame            0x00d67c   0x50  Code  Lc  uart3.o [1]
UART_TxSend             0x00d804   0x36  Code  Lc  uart3.o [1]
UART_WriteCommand       0x00c637   0xb8  Code  Lc  uart3.o [1]
Uart1_Init              0x00df2f   0x2a  Code  Gb  McuConfig.o [1]
Uart3_Init              0x00dce8   0x35  Code  Gb  uart3.o [1]
UartDrvObj              0x001566   0x44  Data  Lc  uart3.o [1]
VOICE_1sProcess         0x00e72f    0xf  Code  Gb  Voice.o [1]
VOICE_Renew             0x00cc2c   0x70  Code  Gb  Voice.o [1]
VOICE_SetOutput         0x00cc9c   0x29  Code  Gb  Voice.o [1]
VoiceDrvObj             0x00165f    0x6  Data  Lc  Voice.o [1]
VoiceEnd_Flag           0x001673    0x1  Data  Gb  ApiAtCmd.o [1]
WRITE_TABLE             0x00e97a    0x4  Data  Lc  uart3.o [1]
WriteEEPROMByte         0x00dcb3   0x35  Code  Gb  Flash_eeprom.o [1]
__DebugBreak            0x00e9de    0x1  Code  Gb  __dbg_break.o [3]
__exit                  0x00e44d   0x14  Code  Gb  __dbg_xxexit.o [3]
__iar_copy_init2        0x00df81         Code  Gb  init_small.o [4]
__iar_data_init2        0x00e3b8   0x17  Code  Gb  init.o [4]
__iar_program_start     0x00e4c0         Code  Gb  cstartup.o [4]
__iar_unhandled_exception
                        0x00e9c6         Code  Gb  unhandled_exception.o [4]
__iar_zero_init2        0x00e23f         Code  Gb  init_small.o [4]
__intvec                0x008000         Data  Gb  interrupt.o [4]
__low_level_init        0x00e9c0    0x3  Code  Gb  low_level_init.o [4]
_exit                   0x00e971         Code  Gb  cexit.o [4]
_interrupt_1            0x00e9c9         Code  Gb  stm8s_it.o [1]
_interrupt_12           0x00e9d2         Code  Gb  stm8s_it.o [1]
_interrupt_13           0x00e9d3         Code  Gb  stm8s_it.o [1]
_interrupt_14           0x00e9d4         Code  Gb  stm8s_it.o [1]
_interrupt_15           0x00e9d5         Code  Gb  stm8s_it.o [1]
_interrupt_16           0x00e9d6         Code  Gb  stm8s_it.o [1]
_interrupt_17           0x00e296         Code  Gb  stm8s_it.o [1]
_interrupt_18           0x00e9d7         Code  Gb  stm8s_it.o [1]
_interrupt_19           0x00e9d8         Code  Gb  stm8s_it.o [1]
_interrupt_2            0x00e9ca         Code  Gb  stm8s_it.o [1]
_interrupt_20           0x00e1e1         Code  Gb  stm8s_it.o [1]
_interrupt_21           0x00e9d9         Code  Gb  stm8s_it.o [1]
_interrupt_22           0x00e9da         Code  Gb  stm8s_it.o [1]
_interrupt_23           0x00e3e5         Code  Gb  stm8s_it.o [1]
_interrupt_24           0x00e9db         Code  Gb  stm8s_it.o [1]
_interrupt_25           0x00e9dc         Code  Gb  stm8s_it.o [1]
_interrupt_26           0x00e9dd         Code  Gb  stm8s_it.o [1]
_interrupt_3            0x00e9cb         Code  Gb  stm8s_it.o [1]
_interrupt_4            0x00e9cc         Code  Gb  stm8s_it.o [1]
_interrupt_5            0x00e9cd         Code  Gb  stm8s_it.o [1]
_interrupt_6            0x00e9ce         Code  Gb  stm8s_it.o [1]
_interrupt_7            0x00e9cf         Code  Gb  stm8s_it.o [1]
_interrupt_8            0x00e9d0         Code  Gb  stm8s_it.o [1]
_interrupt_9            0x00e9d1         Code  Gb  stm8s_it.o [1]
api_diap_ico_pos_get    0x00d47a   0x5a  Code  Gb  ApiDisplay.o [1]
api_disp_all_screen_refresh
                        0x00d84f   0x4a  Code  Gb  ApiDisplay.o [1]
api_disp_char_output    0x00e3fb   0x15  Code  Gb  ApiDisplay.o [1]
api_disp_ico_output     0x00c577   0xc0  Code  Gb  ApiDisplay.o [1]
api_disp_icoid_output   0x00cd55   0x8f  Code  Gb  ApiDisplay.o [1]
api_lcd_pwr_on_hint     0x00dd51   0x33  Code  Gb  ApiDisplay.o [1]
api_lcd_pwr_on_hint2    0x00dd1d   0x34  Code  Gb  ApiDisplay.o [1]
api_poc_command_set     0x00c3cc   0xd7  Code  Gb  uart3.o [1]
drv_gt20_data_output    0x00b1fe  0x19a  Code  Gb  DrvGT20L16S1Y.o [1]
drv_gt20_pwr_on_init    0x00ddb4    0x3  Code  Gb  DrvGT20L16S1Y.o [1]
drv_htg_clr_allscr      0x00a9b3   0x31  Code  Gb  DrvHTG12832.o [1]
drv_htg_pwr_on_init     0x00aaa5    0x9  Code  Gb  DrvHTG12832.o [1]
drv_htg_reset           0x00a895    0x5  Code  Gb  DrvHTG12832.o [1]
drv_htg_set_address     0x00a909   0x3b  Code  Gb  DrvHTG12832.o [1]
drv_htg_write_command   0x00a89a   0x6f  Code  Gb  DrvHTG12832.o [1]
drv_htg_write_data      0x00a944   0x6f  Code  Gb  DrvHTG12832.o [1]
drv_keypad_scan         0x00acc0  0x1e7  Code  Gb  DrvKeyboard.o [1]
exit                    0x00e9c3    0x3  Code  Gb  exit.o [4]
get_key_value           0x00bf69   0xe5  Code  Gb  ApiKeyboard.o [1]
htg_delay_ms            0x00a9e4   0x1e  Code  Lc  DrvHTG12832.o [1]
htg_initial             0x00aa02   0x5b  Code  Lc  DrvHTG12832.o [1]
key_scan_board          0x00b67f  0x139  Code  Gb  DrvKeyboard.o [1]
main                    0x00e9b7    0x3  Code  Gb  main.o [1]
main_app                0x00c04e   0xe3  Code  Gb  System.o [1]
mcu_gt20_initial        0x00dd84   0x30  Code  Lc  DrvGT20L16S1Y.o [1]
mcu_key_pad_out         0x00cefe   0x8a  Code  Gb  DrvKeyboard.o [1]
mcu_key_pad_read        0x00d15a   0x6c  Code  Gb  DrvKeyboard.o [1]
mcu_key_pad_set         0x00b7b8  0x136  Code  Gb  DrvKeyboard.o [1]
mcu_lcd_initial         0x00aa5d   0x48  Code  Lc  DrvHTG12832.o [1]
memcmp                  0x00dc7d   0x36  Code  Gb  memcmp.o [4]
memcpy                  0x00e01c   0x25  Code  Gb  memcpy.o [4]
memset                  0x00e3a1   0x17  Code  Gb  memset.o [4]
pack_data               0x009f31  0x296  Code  Lc  ApiGpsCmd.o [1]
strlen                  0x00e51b   0x12  Code  Gb  strlen.o [4]
ucAtPocHead             0x0016a9    0x2  Data  Gb  ApiPocCmd.o [1]
ucCLVL                  0x0016e7    0x2  Data  Gb  Task.o [1]
ucCODECCTL              0x0016eb    0x2  Data  Gb  Task.o [1]
ucCSQ                   0x0016f1    0x2  Data  Gb  Task.o [1]
ucCaretPPPCFG           0x00168e    0x2  Data  Gb  ApiAtCmd.o [1]
ucCheckCard             0x0016a4    0x2  Data  Gb  ApiAtCmd.o [1]
ucCheckPPP              0x00169c    0x2  Data  Gb  ApiAtCmd.o [1]
ucCheckRssi             0x0016a2    0x2  Data  Gb  ApiAtCmd.o [1]
ucCheckTcp              0x001692    0x2  Data  Gb  ApiAtCmd.o [1]
ucEndPTT                0x0016e3    0x2  Data  Gb  Task.o [1]
ucGD83Reset             0x0016dd    0x2  Data  Gb  System.o [1]
ucOSSYSHWID             0x0016ed    0x2  Data  Gb  Task.o [1]
ucPPPCFG                0x0016f3    0x2  Data  Gb  Task.o [1]
ucPlayZtts              0x001690    0x2  Data  Gb  ApiAtCmd.o [1]
ucPocOpenConfig         0x0016f7    0x2  Data  Gb  Task.o [1]
ucPrefmode              0x0016ef    0x2  Data  Gb  Task.o [1]
ucQuitPersonalCalling   0x0016a6    0x2  Data  Gb  ApiKeyboard.o [1]
ucRequestUserListInfo   0x0016e5    0x2  Data  Gb  Task.o [1]
ucRxCSQ31               0x001686    0x2  Data  Gb  ApiAtCmd.o [1]
ucRxCSQ99               0x001688    0x2  Data  Gb  ApiAtCmd.o [1]
ucRxCheckCard           0x001682    0x2  Data  Gb  ApiAtCmd.o [1]
ucRxCheckPppClose       0x0016a0    0x2  Data  Gb  ApiAtCmd.o [1]
ucRxCheckPppOpen        0x00169e    0x2  Data  Gb  ApiAtCmd.o [1]
ucRxCheckTcp            0x001698    0x2  Data  Gb  ApiAtCmd.o [1]
ucRxOkHeadInfo          0x0016b1    0x2  Data  Gb  DrvGD83.o [1]
ucRxPocHeadInfo         0x0016af    0x2  Data  Gb  DrvGD83.o [1]
ucRxTcpDataHeadInfo     0x0016b3    0x2  Data  Gb  DrvGD83.o [1]
ucRxZTTS0               0x001684    0x2  Data  Gb  ApiAtCmd.o [1]
ucSIMST1                0x00168a    0x2  Data  Gb  ApiAtCmd.o [1]
ucSIMST255              0x00168c    0x2  Data  Gb  ApiAtCmd.o [1]
ucSendTcp               0x001696    0x2  Data  Gb  ApiAtCmd.o [1]
ucSetIPAndID            0x0016ab    0x2  Data  Gb  ApiPocCmd.o [1]
ucSetIp                 0x001694    0x2  Data  Gb  ApiAtCmd.o [1]
ucSetParamConfig        0x0016df    0x2  Data  Gb  Task.o [1]
ucStartPTT              0x0016e1    0x2  Data  Gb  Task.o [1]
ucTxPocHeadInfo         0x0016ad    0x2  Data  Gb  DrvGD83.o [1]
ucVGR                   0x0016e9    0x2  Data  Gb  Task.o [1]
ucZTTS_Abell            0x0016f5    0x2  Data  Gb  Task.o [1]
ucZpppOpen              0x00169a    0x2  Data  Gb  ApiAtCmd.o [1]
x                       0x001680    0x1  Data  Gb  Task.o [1]


[1] = E:\1-source\A508\PRJ\Debug\Obj
[2] = command line
[3] = dbgstm8smd.a
[4] = dlstm8smn.a

  24 638 bytes of readonly  code memory
   2 465 bytes of readonly  data memory
   6 137 bytes of readwrite data memory

Errors: none
Warnings: none
