###############################################################################
#
# IAR ELF Linker V2.20.1.176 for STM8                     13/Nov/2017  10:24:25
# Copyright 2010-2015 IAR Systems AB.
#
#    Output file  =  E:\1-source\A508\PRJ\Debug\Exe\A508_DEMO1.out
#    Map file     =  E:\1-source\A508\PRJ\Debug\List\A508_DEMO1.map
#    Command line =  
#        E:\1-source\A508\PRJ\Debug\Obj\ApiAtCmd.o
#        E:\1-source\A508\PRJ\Debug\Obj\ApiKeyboard.o
#        E:\1-source\A508\PRJ\Debug\Obj\ApiPocCmd.o
#        E:\1-source\A508\PRJ\Debug\Obj\CommonLib.o
#        E:\1-source\A508\PRJ\Debug\Obj\Delay.o
#        E:\1-source\A508\PRJ\Debug\Obj\DrvGD83.o
#        E:\1-source\A508\PRJ\Debug\Obj\DrvKeyboard.o
#        E:\1-source\A508\PRJ\Debug\Obj\main.o
#        E:\1-source\A508\PRJ\Debug\Obj\McuConfig.o
#        E:\1-source\A508\PRJ\Debug\Obj\stm8s_adc2.o
#        E:\1-source\A508\PRJ\Debug\Obj\stm8s_awu.o
#        E:\1-source\A508\PRJ\Debug\Obj\stm8s_beep.o
#        E:\1-source\A508\PRJ\Debug\Obj\stm8s_clk.o
#        E:\1-source\A508\PRJ\Debug\Obj\stm8s_exti.o
#        E:\1-source\A508\PRJ\Debug\Obj\stm8s_flash.o
#        E:\1-source\A508\PRJ\Debug\Obj\stm8s_gpio.o
#        E:\1-source\A508\PRJ\Debug\Obj\stm8s_i2c.o
#        E:\1-source\A508\PRJ\Debug\Obj\stm8s_it.o
#        E:\1-source\A508\PRJ\Debug\Obj\stm8s_itc.o
#        E:\1-source\A508\PRJ\Debug\Obj\stm8s_iwdg.o
#        E:\1-source\A508\PRJ\Debug\Obj\stm8s_rst.o
#        E:\1-source\A508\PRJ\Debug\Obj\stm8s_spi.o
#        E:\1-source\A508\PRJ\Debug\Obj\stm8s_tim1.o
#        E:\1-source\A508\PRJ\Debug\Obj\stm8s_tim2.o
#        E:\1-source\A508\PRJ\Debug\Obj\stm8s_tim3.o
#        E:\1-source\A508\PRJ\Debug\Obj\stm8s_tim4.o
#        E:\1-source\A508\PRJ\Debug\Obj\stm8s_uart1.o
#        E:\1-source\A508\PRJ\Debug\Obj\stm8s_uart3.o
#        E:\1-source\A508\PRJ\Debug\Obj\stm8s_wwdg.o
#        E:\1-source\A508\PRJ\Debug\Obj\sysclock.o
#        E:\1-source\A508\PRJ\Debug\Obj\System.o --redirect
#        _Printf=_PrintfSmall --redirect _Scanf=_ScanfSmall -o
#        E:\1-source\A508\PRJ\Debug\Exe\A508_DEMO1.out --map
#        E:\1-source\A508\PRJ\Debug\List\A508_DEMO1.map --config "C:\Program
#        Files\IAR Systems\Embedded Workbench
#        7.3\stm8\config\lnkstm8s007c8.icf" --config_def _CSTACK_SIZE=0x100
#        --config_def _HEAP_SIZE=0x100 --entry __iar_program_start --debug_lib
#
###############################################################################

*******************************************************************************
*** RUNTIME MODEL ATTRIBUTES
***

__SystemLibrary            = DLib
__code_model               = small
__core                     = stm8
__data_model               = medium
__dlib_file_descriptor     = 0
__dlib_full_locale_support = 0
__rt_version               = 4


*******************************************************************************
*** PLACEMENT SUMMARY
***

"A1":  place at start of [0x000000-0x0000ff] { rw section .vregs };
"A2":  place at end of [0x000000-0x0017ff] { block CSTACK };
"P2":  place in [from 0x000000 to 0x0017ff] {
          block HEAP, rw section __DLIB_PERTHREAD, rw section .far.bss,
          rw section .far.data, rw section .far.noinit,
          rw section .far_func.textrw, rw section .huge.bss,
          rw section .huge.data, rw section .huge.noinit,
          rw section .huge_func.textrw, rw section .iar.dynexit,
          rw section .near.bss, rw section .near.data, rw section .near.noinit,
          rw section .near_func.textrw };
"A3":  place at start of [0x008000-0x00ffff] { block INTVEC };
"P3":  place in [from 0x008000 to 0x00ffff] {
          ro section __DLIB_PERTHREAD_init, ro section .far.data_init,
          ro section .far_func.textrw_init, ro section .huge.data_init,
          ro section .huge_func.textrw_init, ro section .iar.init_table,
          ro section .init_array, ro section .near.data_init,
          ro section .near.rodata, ro section .near_func.text,
          ro section .near_func.textrw_init, ro section .tiny.data_init,
          ro section .tiny.rodata_init };

  Section            Kind      Address    Size  Object
  -------            ----      -------    ----  ------
"A1":                                     0x10
  .vregs             uninit   0x000000    0x10  vregs.o [4]
                            - 0x000010    0x10

"P2", part 1 of 2:                         0xa
  P2-1                        0x000010     0xa  <Init block>
    .near.data       inited   0x000010     0x2  ApiPocCmd.o [1]
    .near.data       inited   0x000012     0x2  DrvGD83.o [1]
    .near.data       inited   0x000014     0x2  DrvGD83.o [1]
    .near.data       inited   0x000016     0x2  DrvGD83.o [1]
    .near.data       inited   0x000018     0x2  System.o [1]
                            - 0x00001a     0xa

"P2", part 2 of 2:                       0x24a
  .near.bss          zero     0x00001a   0x20c  DrvGD83.o [1]
  .near.bss          zero     0x000226    0x32  DrvGD83.o [1]
  .near.bss          zero     0x000258     0xb  Delay.o [1]
  .near.bss          zero     0x000263     0x1  DrvGD83.o [1]
                            - 0x000264   0x24a

"A2":                                    0x100
  CSTACK                      0x001700   0x100  <Block>
    CSTACK           uninit   0x001700   0x100  <Block tail>
                            - 0x001800   0x100

"A3":                                     0x80
  INTVEC                      0x008000    0x80  <Block>
    .intvec          const    0x008000    0x80  interrupt.o [4]
                            - 0x008080    0x80

"P3":                                   0x1c78
  .near_func.text    ro code  0x008080   0x4c8  DrvGD83.o [1]
  .near_func.text    ro code  0x008548   0x1e7  DrvKeyboard.o [1]
  .near_func.text    ro code  0x00872f   0x149  ApiKeyboard.o [1]
  .near_func.text    ro code  0x008878   0x139  DrvKeyboard.o [1]
  .near_func.text    ro code  0x0089b1   0x136  DrvKeyboard.o [1]
  .near_func.text    ro code  0x008ae7   0x134  stm8s_uart1.o [1]
  .near_func.text    ro code  0x008c1b   0x12b  long.o [4]
  .near_func.text    ro code  0x008d46   0x101  stm8s_itc.o [1]
  .near_func.text    ro code  0x008e47    0xf8  vreg_util.o [4]
  .near_func.text    ro code  0x008f3f    0xe5  ApiKeyboard.o [1]
  .near_func.text    ro code  0x009024    0xe1  DrvGD83.o [1]
  .near_func.text    ro code  0x009105    0xbb  ApiPocCmd.o [1]
  .near_func.text    ro code  0x0091c0    0xaf  stm8s_gpio.o [1]
  .near_func.text    ro code  0x00926f    0xa2  Delay.o [1]
  .near_func.text    ro code  0x009311    0xa2  stm8s_clk.o [1]
  .near_func.text    ro code  0x0093b3    0x90  stm8s_uart1.o [1]
  .near_func.text    ro code  0x009443    0x8a  DrvKeyboard.o [1]
  .near_func.text    ro code  0x0094cd    0x7a  DrvGD83.o [1]
  .near_func.text    ro code  0x009547    0x6f  System.o [1]
  .near_func.text    ro code  0x0095b6    0x6c  DrvKeyboard.o [1]
  .near_func.text    ro code  0x009622    0x6c  stm8s_uart1.o [1]
  .near_func.text    ro code  0x00968e    0x57  stm8s_clk.o [1]
  .near_func.text    ro code  0x0096e5    0x4c  DrvGD83.o [1]
  .near_func.text    ro code  0x009731    0x47  long_util.o [4]
  .near_func.text    ro code  0x009778    0x36  stm8s_flash.o [1]
  .near_func.text    ro code  0x0097ae    0x32  stm8s_uart1.o [1]
  .near_func.text    ro code  0x0097e0    0x30  McuConfig.o [1]
  .near_func.text    ro code  0x009810    0x30  sysclock.o [1]
  .near_func.text    ro code  0x009840    0x2d  stm8s_uart1.o [1]
  .near_func.text    ro code  0x00986d    0x2c  DrvGD83.o [1]
  .near_func.text    ro code  0x009899    0x2b  short.o [4]
  .near_func.text    ro code  0x0098c4    0x2a  McuConfig.o [1]
  .near_func.text    ro code  0x0098ee    0x28  Delay.o [1]
  .near_func.text    ro code  0x009916    0x28  init_small.o [4]
  .near_func.text    ro code  0x00993e    0x27  stm8s_flash.o [1]
  .near_func.text    ro code  0x009965    0x27  sysclock.o [1]
  .near_func.text    ro code  0x00998c    0x25  dc_util.o [4]
  .near_func.text    ro code  0x0099b1    0x24  McuConfig.o [1]
  .near_func.text    ro code  0x0099d5    0x24  stm8s_flash.o [1]
  .iar.init_table    const    0x0099f9    0x12  - Linker created -
  .near_func.text    ro code  0x009a0b    0x20  stm8s_it.o [1]
  .near_func.text    ro code  0x009a2b    0x1f  Delay.o [1]
  .near_func.text    ro code  0x009a4a    0x1e  init_small.o [4]
  .near_func.text    ro code  0x009a68    0x1c  Delay.o [1]
  .near_func.text    ro code  0x009a84    0x1b  stm8s_it.o [1]
  .near_func.text    ro code  0x009a9f    0x1b  sysclock.o [1]
  .near_func.text    ro code  0x009aba    0x18  McuConfig.o [1]
  .near_func.text    ro code  0x009ad2    0x18  McuConfig.o [1]
  .near_func.text    ro code  0x009aea    0x18  McuConfig.o [1]
  .near_func.text    ro code  0x009b02    0x17  McuConfig.o [1]
  .near_func.text    ro code  0x009b19    0x17  McuConfig.o [1]
  .near_func.text    ro code  0x009b30    0x17  McuConfig.o [1]
  .near_func.text    ro code  0x009b47    0x17  McuConfig.o [1]
  .near_func.text    ro code  0x009b5e    0x17  McuConfig.o [1]
  .near_func.text    ro code  0x009b75    0x17  init.o [4]
  .near_func.text    ro code  0x009b8c    0x16  stm8s_flash.o [1]
  .near_func.text    ro code  0x009ba2    0x14  __dbg_xxexit.o [3]
  .near_func.text    ro code  0x009bb6    0x13  stm8s_clk.o [1]
  .near_func.text    ro code  0x009bc9    0x13  stm8s_tim3.o [1]
  .near_func.text    ro code  0x009bdc    0x13  cstartup.o [4]
  .near_func.text    ro code  0x009bef    0x12  strlen.o [4]
  .near_func.text    ro code  0x009c01     0xd  stm8s_tim3.o [1]
  .near_func.text    ro code  0x009c0e     0xd  stm8s_tim3.o [1]
  .near_func.text    ro code  0x009c1b     0xd  stm8s_uart1.o [1]
  .near_func.text    ro code  0x009c28     0xc  McuConfig.o [1]
  .near_func.text    ro code  0x009c34     0xc  McuConfig.o [1]
  .near_func.text    ro code  0x009c40     0xc  McuConfig.o [1]
  .near_func.text    ro code  0x009c4c     0xc  McuConfig.o [1]
  .near_func.text    ro code  0x009c58     0xc  stm8s_tim3.o [1]
  .near.rodata       const    0x009c64     0xb  System.o [1]
  Initializer bytes  const    0x009c6f     0xa  <for P2-1>
  .near.rodata       const    0x009c79     0x9  DrvGD83.o [1]
  .near_func.text    ro code  0x009c82     0x9  stm8s_gpio.o [1]
  .near_func.text    ro code  0x009c8b     0x9  stm8s_tim3.o [1]
  .near.rodata       const    0x009c94     0x8  ApiPocCmd.o [1]
  .near_func.text    ro code  0x009c9c     0x7  stm8s_flash.o [1]
  .near_func.text    ro code  0x009ca3     0x7  stm8s_gpio.o [1]
  .near.rodata       const    0x009caa     0x6  DrvGD83.o [1]
  .near_func.text    ro code  0x009cb0     0x5  stm8s_tim3.o [1]
  .near_func.text    ro code  0x009cb5     0x5  char.o [4]
  .near_func.text    ro code  0x009cba     0x5  cexit.o [4]
  .near.rodata       const    0x009cbf     0x4  stm8s_clk.o [1]
  .near_func.text    ro code  0x009cc3     0x4  stm8s_gpio.o [1]
  .near_func.text    ro code  0x009cc7     0x4  stm8s_uart1.o [1]
  .near_func.text    ro code  0x009ccb     0x4  stm8s_uart1.o [1]
  .near.rodata       const    0x009ccf     0x3  DrvGD83.o [1]
  .near_func.text    ro code  0x009cd2     0x3  main.o [1]
  .near_func.text    ro code  0x009cd5     0x3  interrupt.o [4]
  .near_func.text    ro code  0x009cd8     0x3  low_level_init.o [4]
  .near_func.text    ro code  0x009cdb     0x3  exit.o [4]
  .near_func.text    ro code  0x009cde     0x3  unhandled_exception.o [4]
  .near_func.text    ro code  0x009ce1     0x1  stm8s_it.o [1]
  .near_func.text    ro code  0x009ce2     0x1  stm8s_it.o [1]
  .near_func.text    ro code  0x009ce3     0x1  stm8s_it.o [1]
  .near_func.text    ro code  0x009ce4     0x1  stm8s_it.o [1]
  .near_func.text    ro code  0x009ce5     0x1  stm8s_it.o [1]
  .near_func.text    ro code  0x009ce6     0x1  stm8s_it.o [1]
  .near_func.text    ro code  0x009ce7     0x1  stm8s_it.o [1]
  .near_func.text    ro code  0x009ce8     0x1  stm8s_it.o [1]
  .near_func.text    ro code  0x009ce9     0x1  stm8s_it.o [1]
  .near_func.text    ro code  0x009cea     0x1  stm8s_it.o [1]
  .near_func.text    ro code  0x009ceb     0x1  stm8s_it.o [1]
  .near_func.text    ro code  0x009cec     0x1  stm8s_it.o [1]
  .near_func.text    ro code  0x009ced     0x1  stm8s_it.o [1]
  .near_func.text    ro code  0x009cee     0x1  stm8s_it.o [1]
  .near_func.text    ro code  0x009cef     0x1  stm8s_it.o [1]
  .near_func.text    ro code  0x009cf0     0x1  stm8s_it.o [1]
  .near_func.text    ro code  0x009cf1     0x1  stm8s_it.o [1]
  .near_func.text    ro code  0x009cf2     0x1  stm8s_it.o [1]
  .near_func.text    ro code  0x009cf3     0x1  stm8s_it.o [1]
  .near_func.text    ro code  0x009cf4     0x1  stm8s_it.o [1]
  .near_func.text    ro code  0x009cf5     0x1  stm8s_it.o [1]
  .near_func.text    ro code  0x009cf6     0x1  stm8s_it.o [1]
  .near_func.text    ro code  0x009cf7     0x1  __dbg_break.o [3]
                            - 0x009cf8  0x1c78


*******************************************************************************
*** INIT TABLE
***

          Address   Size
          -------   ----
Zero (__iar_zero_init2)
    1 destination range, total size 0x24a:
          0x00001a  0x24a

Copy (__iar_copy_init2)
    1 source range, total size 0xa:
          0x009c6f    0xa
    1 destination range, total size 0xa:
          0x000010    0xa



*******************************************************************************
*** MODULE SUMMARY
***

    Module                 ro code  ro data  rw data
    ------                 -------  -------  -------
E:\1-source\A508\PRJ\Debug\Obj: [1]
    ApiKeyboard.o              558
    ApiPocCmd.o                187       10        2
    Delay.o                    261                11
    DrvGD83.o                1 691       24      581
    DrvKeyboard.o            1 356
    McuConfig.o                361
    System.o                   111       13        2
    main.o                       3
    stm8s_clk.o                268        4
    stm8s_flash.o              158
    stm8s_gpio.o               195
    stm8s_it.o                  81
    stm8s_itc.o                257
    stm8s_tim3.o                71
    stm8s_uart1.o              676
    sysclock.o                 114
    ------------------------------------------------
    Total:                   6 348       51      596

command line: [2]
    ------------------------------------------------
    Total:

dbgstm8smd.a: [3]
    __dbg_break.o                1
    __dbg_xxexit.o              20
    ------------------------------------------------
    Total:                      21

dlstm8smn.a: [4]
    cexit.o                      5
    char.o                       5
    cstartup.o                  19
    dc_util.o                   37
    exit.o                       3
    init.o                      23
    init_small.o                70
    interrupt.o                  3      128
    long.o                     299
    long_util.o                 71
    low_level_init.o             3
    short.o                     43
    strlen.o                    18
    unhandled_exception.o        3
    vreg_util.o                248
    vregs.o                                       16
    ------------------------------------------------
    Total:                     850      128       16

    Linker created                       18      256
----------------------------------------------------
    Grand Total:             7 219      197      868


*******************************************************************************
*** ENTRY LIST
***

Entry                    Address   Size  Type      Object
-----                    -------   ----  ----      ------
.iar.init_table$$Base   0x0099f9          --   Gb  - Linker created -
.iar.init_table$$Limit  0x009a0b          --   Gb  - Linker created -
?b0                     0x000000         Data  Gb  vregs.o [4]
?b1                     0x000001         Data  Gb  vregs.o [4]
?b10                    0x00000a         Data  Gb  vregs.o [4]
?b11                    0x00000b         Data  Gb  vregs.o [4]
?b12                    0x00000c         Data  Gb  vregs.o [4]
?b13                    0x00000d         Data  Gb  vregs.o [4]
?b14                    0x00000e         Data  Gb  vregs.o [4]
?b15                    0x00000f         Data  Gb  vregs.o [4]
?b2                     0x000002         Data  Gb  vregs.o [4]
?b3                     0x000003         Data  Gb  vregs.o [4]
?b4                     0x000004         Data  Gb  vregs.o [4]
?b5                     0x000005         Data  Gb  vregs.o [4]
?b6                     0x000006         Data  Gb  vregs.o [4]
?b7                     0x000007         Data  Gb  vregs.o [4]
?b8                     0x000008         Data  Gb  vregs.o [4]
?b9                     0x000009         Data  Gb  vregs.o [4]
?dc32_l0                0x00998c         Code  Gb  dc_util.o [4]
?dc32_l1                0x009999         Code  Gb  dc_util.o [4]
?dc32_px                0x0099a6         Code  Gb  dc_util.o [4]
?e0                     0x000001         Data  Gb  vregs.o [4]
?e1                     0x000005         Data  Gb  vregs.o [4]
?e2                     0x000009         Data  Gb  vregs.o [4]
?e3                     0x00000d         Data  Gb  vregs.o [4]
?epilogue_l2            0x008ee2         Code  Gb  vreg_util.o [4]
?epilogue_l2_l3         0x008edf         Code  Gb  vreg_util.o [4]
?epilogue_l2_w6         0x008ee6         Code  Gb  vreg_util.o [4]
?epilogue_w4            0x008eed         Code  Gb  vreg_util.o [4]
?l0                     0x000000         Data  Gb  vregs.o [4]
?l1                     0x000004         Data  Gb  vregs.o [4]
?l2                     0x000008         Data  Gb  vregs.o [4]
?l3                     0x00000c         Data  Gb  vregs.o [4]
?load32_0x_l0           0x00976a         Code  Gb  long_util.o [4]
?load32_asp_l0          0x00975e         Code  Gb  long_util.o [4]
?load32_dbsp_l0         0x009759         Code  Gb  long_util.o [4]
?load32_l0_0x           0x009741         Code  Gb  long_util.o [4]
?load32_l0_asp          0x009736         Code  Gb  long_util.o [4]
?load32_l0_dbsp         0x009731         Code  Gb  long_util.o [4]
?load32_l0_xsp          0x009738         Code  Gb  long_util.o [4]
?load32_l1_0x           0x00974d         Code  Gb  long_util.o [4]
?load32_xsp_l0          0x009760         Code  Gb  long_util.o [4]
?mov_e0_e2              0x008ef4         Code  Gb  vreg_util.o [4]
?mov_e0_e3              0x008f01         Code  Gb  vreg_util.o [4]
?mov_e1_e0              0x008f0e         Code  Gb  vreg_util.o [4]
?mov_e1_e2              0x008f1b         Code  Gb  vreg_util.o [4]
?mov_e2_e0              0x008f28         Code  Gb  vreg_util.o [4]
?mov_e3_e0              0x008f35         Code  Gb  vreg_util.o [4]
?mov_l0_l2              0x008ef1         Code  Gb  vreg_util.o [4]
?mov_l0_l3              0x008efe         Code  Gb  vreg_util.o [4]
?mov_l1_l0              0x008f0b         Code  Gb  vreg_util.o [4]
?mov_l1_l2              0x008f18         Code  Gb  vreg_util.o [4]
?mov_l2_l0              0x008f25         Code  Gb  vreg_util.o [4]
?mov_l3_l0              0x008f32         Code  Gb  vreg_util.o [4]
?mov_w1_w5              0x008ef7         Code  Gb  vreg_util.o [4]
?mov_w1_w7              0x008f04         Code  Gb  vreg_util.o [4]
?mov_w3_w1              0x008f11         Code  Gb  vreg_util.o [4]
?mov_w3_w5              0x008f1e         Code  Gb  vreg_util.o [4]
?mov_w5_w1              0x008f2b         Code  Gb  vreg_util.o [4]
?mov_w7_w1              0x008f38         Code  Gb  vreg_util.o [4]
?mul16_x_x_w0           0x009899         Code  Gb  short.o [4]
?mul32_l0_l0_0x         0x008c39         Code  Gb  long.o [4]
?mul32_l0_l0_dl         0x008c36         Code  Gb  long.o [4]
?mul32_l0_l0_l1         0x008c42         Code  Gb  long.o [4]
?pop_l0                 0x008eab         Code  Gb  vreg_util.o [4]
?pop_l1                 0x008eb6         Code  Gb  vreg_util.o [4]
?pop_l2                 0x008ec1         Code  Gb  vreg_util.o [4]
?pop_l3                 0x008ecc         Code  Gb  vreg_util.o [4]
?pop_w4                 0x008e64         Code  Gb  vreg_util.o [4]
?pop_w6                 0x008e6b         Code  Gb  vreg_util.o [4]
?push_l0                0x008e7a         Code  Gb  vreg_util.o [4]
?push_l1                0x008e7f         Code  Gb  vreg_util.o [4]
?push_l2                0x008e84         Code  Gb  vreg_util.o [4]
?push_l3                0x008e89         Code  Gb  vreg_util.o [4]
?push_w4                0x008e47         Code  Gb  vreg_util.o [4]
?push_w6                0x008e4c         Code  Gb  vreg_util.o [4]
?sll16_x_x_a            0x0098b7         Code  Gb  short.o [4]
?sll32_0x_0x_a          0x008d38         Code  Gb  long.o [4]
?sll32_l0_l0_a          0x008d35         Code  Gb  long.o [4]
?srl16_x_x_4            0x0098bf         Code  Gb  short.o [4]
?srl8_a_a_5             0x009cb5         Code  Gb  char.o [4]
?sub32_l0_l0_0x         0x008c1e         Code  Gb  long.o [4]
?sub32_l0_l0_l1         0x008c1b         Code  Gb  long.o [4]
?udiv32_l0_dl_l1        0x008cc0         Code  Gb  long.o [4]
?udiv32_l0_l0_dl        0x008cc5         Code  Gb  long.o [4]
?udiv32_l0_l0_l1        0x008cc8         Code  Gb  long.o [4]
?umod32_l1_l0_l1        0x008cc8         Code  Gb  long.o [4]
?w0                     0x000000         Data  Gb  vregs.o [4]
?w1                     0x000002         Data  Gb  vregs.o [4]
?w2                     0x000004         Data  Gb  vregs.o [4]
?w3                     0x000006         Data  Gb  vregs.o [4]
?w4                     0x000008         Data  Gb  vregs.o [4]
?w5                     0x00000a         Data  Gb  vregs.o [4]
?w6                     0x00000c         Data  Gb  vregs.o [4]
?w7                     0x00000e         Data  Gb  vregs.o [4]
ADC2_IRQHandler         0x009cf4    0x1  Code  Gb  stm8s_it.o [1]
AF_Mute_Init            0x009c34    0xc  Code  Gb  McuConfig.o [1]
AUDIO_IOAFMUT           0x009b47   0x17  Code  Gb  McuConfig.o [1]
AUDIO_IOAFPOW           0x009b5e   0x17  Code  Gb  McuConfig.o [1]
AWU_IRQHandler          0x009ce3    0x1  Code  Gb  stm8s_it.o [1]
ApiPocCmd_WritCommand   0x009105   0xbb  Code  Gb  ApiPocCmd.o [1]
AtNotify_Queue          0x008080   0x4c  Code  Lc  DrvGD83.o [1]
AtNotify_Queue_Start    0x0080cc   0x55  Code  Lc  DrvGD83.o [1]
CLK_ClockSwitchConfig   0x009311   0xa2  Code  Gb  stm8s_clk.o [1]
CLK_GetClockFreq        0x00968e   0x57  Code  Gb  stm8s_clk.o [1]
CLK_HSIPrescalerConfig  0x009bb6   0x13  Code  Gb  stm8s_clk.o [1]
CLK_IRQHandler          0x009ce4    0x1  Code  Gb  stm8s_it.o [1]
CSTACK$$Base            0x001700          --   Gb  - Linker created -
CSTACK$$Limit           0x001800          --   Gb  - Linker created -
C_TEST_OUT_SET          0x009c4c    0xc  Code  Gb  McuConfig.o [1]
DEL_Interrupt           0x00926f   0xa2  Code  Gb  Delay.o [1]
DEL_PowerOnInitial      0x009a2b   0x1f  Code  Gb  Delay.o [1]
DEL_Soft1ms             0x009a68   0x1c  Code  Gb  Delay.o [1]
DEL_TimerRenew          0x0098ee   0x28  Code  Lc  Delay.o [1]
DefaultSystemClockForHSI
                        0x009a9f   0x1b  Code  Gb  sysclock.o [1]
DelDrvObj               0x000258    0xb  Data  Lc  Delay.o [1]
DrvGD83DrvObj           0x00001a  0x20c  Data  Lc  DrvGD83.o [1]
DrvGD83_Init            0x009ad2   0x18  Code  Gb  McuConfig.o [1]
DrvGD83_UART_TxCommand  0x0094cd   0x7a  Code  Gb  DrvGD83.o [1]
DrvMC8332_TxPort_SetValidable
                        0x00986d   0x2c  Code  Gb  DrvGD83.o [1]
DrvMC8332_UART_Interrupt
                        0x008271  0x2d7  Code  Gb  DrvGD83.o [1]
DrvMc8332_UART_TxTail   0x009024   0xe1  Code  Gb  DrvGD83.o [1]
EEPROM_EEC_IRQHandler   0x009cf6    0x1  Code  Gb  stm8s_it.o [1]
EXTI_PORTA_IRQHandler   0x009ce5    0x1  Code  Gb  stm8s_it.o [1]
EXTI_PORTB_IRQHandler   0x009ce6    0x1  Code  Gb  stm8s_it.o [1]
EXTI_PORTC_IRQHandler   0x009ce7    0x1  Code  Gb  stm8s_it.o [1]
EXTI_PORTD_IRQHandler   0x009ce8    0x1  Code  Gb  stm8s_it.o [1]
EXTI_PORTE_IRQHandler   0x009ce9    0x1  Code  Gb  stm8s_it.o [1]
FLASH_EraseOptionByte   0x00993e   0x27  Code  Gb  stm8s_flash.o [1]
FLASH_Lock              0x009c9c    0x7  Code  Gb  stm8s_flash.o [1]
FLASH_ProgramOptionByte
                        0x0099d5   0x24  Code  Gb  stm8s_flash.o [1]
FLASH_Unlock            0x009b8c   0x16  Code  Gb  stm8s_flash.o [1]
FLASH_WaitForLastOperation
                        0x009778   0x36  Code  Gb  stm8s_flash.o [1]
GD83_ON                 0x009aea   0x18  Code  Gb  McuConfig.o [1]
GPIO_Init               0x0091c0   0xaf  Code  Gb  stm8s_gpio.o [1]
GPIO_ReadInputPin       0x009c82    0x9  Code  Gb  stm8s_gpio.o [1]
GPIO_WriteHigh          0x009ca3    0x7  Code  Gb  stm8s_gpio.o [1]
GPIO_WriteLow           0x009cc3    0x4  Code  Gb  stm8s_gpio.o [1]
HSE_ClockStartUpConfiguration
                        0x009810   0x30  Code  Lc  sysclock.o [1]
HSIDivFactor            0x009cbf    0x4  Data  Gb  stm8s_clk.o [1]
I2C_IRQHandler          0x009cf1    0x1  Code  Gb  stm8s_it.o [1]
INTVEC$$Base            0x008000          --   Gb  - Linker created -
INTVEC$$Limit           0x008080          --   Gb  - Linker created -
ITC_SetSoftwarePriority
                        0x008d46  0x101  Code  Gb  stm8s_itc.o [1]
Key_Init                0x0097e0   0x30  Code  Gb  McuConfig.o [1]
Keyboard_Test           0x00872f  0x149  Code  Gb  ApiKeyboard.o [1]
LED_Init                0x009aba   0x18  Code  Gb  McuConfig.o [1]
MIC_GPIO_Init           0x009c28    0xc  Code  Gb  McuConfig.o [1]
MIC_IOMUT               0x009b30   0x17  Code  Gb  McuConfig.o [1]
Noise_Mute_Init         0x009c40    0xc  Code  Gb  McuConfig.o [1]
Notify_Queue_Stop       0x008176   0xfb  Code  Lc  DrvGD83.o [1]
PocNotify_Queue         0x0096e5   0x4c  Code  Lc  DrvGD83.o [1]
PocNotify_Queue_Start   0x008121   0x55  Code  Lc  DrvGD83.o [1]
Region$$Table$$Base     0x0099f9          --   Gb  - Linker created -
Region$$Table$$Limit    0x009a0b          --   Gb  - Linker created -
SPI_IRQHandler          0x009cea    0x1  Code  Gb  stm8s_it.o [1]
Set_GreenLed            0x009b02   0x17  Code  Gb  McuConfig.o [1]
Set_RedLed              0x009b19   0x17  Code  Gb  McuConfig.o [1]
SystemClock_Init        0x009965   0x27  Code  Gb  sysclock.o [1]
TIM1_CAP_COM_IRQHandler
                        0x009cec    0x1  Code  Gb  stm8s_it.o [1]
TIM1_UPD_OVF_TRG_BRK_IRQHandler
                        0x009ceb    0x1  Code  Gb  stm8s_it.o [1]
TIM2_CAP_COM_IRQHandler
                        0x009cee    0x1  Code  Gb  stm8s_it.o [1]
TIM2_UPD_OVF_BRK_IRQHandler
                        0x009ced    0x1  Code  Gb  stm8s_it.o [1]
TIM3_ARRPreloadConfig   0x009c0e    0xd  Code  Gb  stm8s_tim3.o [1]
TIM3_CAP_COM_IRQHandler
                        0x009cef    0x1  Code  Gb  stm8s_it.o [1]
TIM3_ClearITPendingBit  0x009cb0    0x5  Code  Gb  stm8s_tim3.o [1]
TIM3_Cmd                0x009c01    0xd  Code  Gb  stm8s_tim3.o [1]
TIM3_ITConfig           0x009bc9   0x13  Code  Gb  stm8s_tim3.o [1]
TIM3_PrescalerConfig    0x009c8b    0x9  Code  Gb  stm8s_tim3.o [1]
TIM3_TimeBaseInit       0x009c58    0xc  Code  Gb  stm8s_tim3.o [1]
TIM3_UPD_OVF_BRK_IRQHandler
                        0x009a84   0x1b  Code  Gb  stm8s_it.o [1]
TIM4_UPD_OVF_IRQHandler
                        0x009cf5    0x1  Code  Gb  stm8s_it.o [1]
TLI_IRQHandler          0x009ce2    0x1  Code  Gb  stm8s_it.o [1]
TRAP_IRQHandler         0x009ce1    0x1  Code  Gb  stm8s_it.o [1]
Tim3_Timer_Init         0x0099b1   0x24  Code  Gb  McuConfig.o [1]
UART1_Cmd               0x009c1b    0xd  Code  Gb  stm8s_uart1.o [1]
UART1_DeInit            0x009840   0x2d  Code  Gb  stm8s_uart1.o [1]
UART1_GetFlagStatus     0x0097ae   0x32  Code  Gb  stm8s_uart1.o [1]
UART1_GetITStatus       0x0093b3   0x90  Code  Gb  stm8s_uart1.o [1]
UART1_ITConfig          0x009622   0x6c  Code  Gb  stm8s_uart1.o [1]
UART1_Init              0x008ae7  0x134  Code  Gb  stm8s_uart1.o [1]
UART1_RX_IRQHandler     0x009a0b   0x20  Code  Gb  stm8s_it.o [1]
UART1_ReceiveData8      0x009cc7    0x4  Code  Gb  stm8s_uart1.o [1]
UART1_SendData8         0x009ccb    0x4  Code  Gb  stm8s_uart1.o [1]
UART1_TX_IRQHandler     0x009cf0    0x1  Code  Gb  stm8s_it.o [1]
UART3_RX_IRQHandler     0x009cf3    0x1  Code  Gb  stm8s_it.o [1]
UART3_TX_IRQHandler     0x009cf2    0x1  Code  Gb  stm8s_it.o [1]
Uart1_Init              0x0098c4   0x2a  Code  Gb  McuConfig.o [1]
__DebugBreak            0x009cf7    0x1  Code  Gb  __dbg_break.o [3]
__exit                  0x009ba2   0x14  Code  Gb  __dbg_xxexit.o [3]
__iar_copy_init2        0x009916         Code  Gb  init_small.o [4]
__iar_data_init2        0x009b75   0x17  Code  Gb  init.o [4]
__iar_program_start     0x009bdc         Code  Gb  cstartup.o [4]
__iar_unhandled_exception
                        0x009cde         Code  Gb  unhandled_exception.o [4]
__iar_zero_init2        0x009a4a         Code  Gb  init_small.o [4]
__intvec                0x008000         Data  Gb  interrupt.o [4]
__low_level_init        0x009cd8    0x3  Code  Gb  low_level_init.o [4]
_exit                   0x009cba         Code  Gb  cexit.o [4]
_interrupt_1            0x009ce1         Code  Gb  stm8s_it.o [1]
_interrupt_12           0x009cea         Code  Gb  stm8s_it.o [1]
_interrupt_13           0x009ceb         Code  Gb  stm8s_it.o [1]
_interrupt_14           0x009cec         Code  Gb  stm8s_it.o [1]
_interrupt_15           0x009ced         Code  Gb  stm8s_it.o [1]
_interrupt_16           0x009cee         Code  Gb  stm8s_it.o [1]
_interrupt_17           0x009a84         Code  Gb  stm8s_it.o [1]
_interrupt_18           0x009cef         Code  Gb  stm8s_it.o [1]
_interrupt_19           0x009cf0         Code  Gb  stm8s_it.o [1]
_interrupt_2            0x009ce2         Code  Gb  stm8s_it.o [1]
_interrupt_20           0x009a0b         Code  Gb  stm8s_it.o [1]
_interrupt_21           0x009cf1         Code  Gb  stm8s_it.o [1]
_interrupt_22           0x009cf2         Code  Gb  stm8s_it.o [1]
_interrupt_23           0x009cf3         Code  Gb  stm8s_it.o [1]
_interrupt_24           0x009cf4         Code  Gb  stm8s_it.o [1]
_interrupt_25           0x009cf5         Code  Gb  stm8s_it.o [1]
_interrupt_26           0x009cf6         Code  Gb  stm8s_it.o [1]
_interrupt_3            0x009ce3         Code  Gb  stm8s_it.o [1]
_interrupt_4            0x009ce4         Code  Gb  stm8s_it.o [1]
_interrupt_5            0x009ce5         Code  Gb  stm8s_it.o [1]
_interrupt_6            0x009ce6         Code  Gb  stm8s_it.o [1]
_interrupt_7            0x009ce7         Code  Gb  stm8s_it.o [1]
_interrupt_8            0x009ce8         Code  Gb  stm8s_it.o [1]
_interrupt_9            0x009ce9         Code  Gb  stm8s_it.o [1]
drv_keypad_scan         0x008548  0x1e7  Code  Gb  DrvKeyboard.o [1]
exit                    0x009cdb    0x3  Code  Gb  exit.o [4]
get_key_value           0x008f3f   0xe5  Code  Gb  ApiKeyboard.o [1]
key_scan_board          0x008878  0x139  Code  Gb  DrvKeyboard.o [1]
main                    0x009cd2    0x3  Code  Gb  main.o [1]
main_app                0x009547   0x6f  Code  Gb  System.o [1]
mcu_key_pad_out         0x009443   0x8a  Code  Gb  DrvKeyboard.o [1]
mcu_key_pad_read        0x0095b6   0x6c  Code  Gb  DrvKeyboard.o [1]
mcu_key_pad_set         0x0089b1  0x136  Code  Gb  DrvKeyboard.o [1]
strlen                  0x009bef   0x12  Code  Gb  strlen.o [4]
ucAtPocHead             0x000010    0x2  Data  Gb  ApiPocCmd.o [1]
ucPocOpenConfig         0x000018    0x2  Data  Gb  System.o [1]
ucRxOkHeadInfo          0x000016    0x2  Data  Gb  DrvGD83.o [1]
ucRxPocHeadInfo         0x000014    0x2  Data  Gb  DrvGD83.o [1]
ucTxPocHeadInfo         0x000012    0x2  Data  Gb  DrvGD83.o [1]


[1] = E:\1-source\A508\PRJ\Debug\Obj
[2] = command line
[3] = dbgstm8smd.a
[4] = dlstm8smn.a

  7 219 bytes of readonly  code memory
    197 bytes of readonly  data memory
    868 bytes of readwrite data memory

Errors: none
Warnings: none
