###############################################################################
#
# IAR ELF Linker V2.20.1.176 for STM8                     28/May/2018  19:21:49
# Copyright 2010-2015 IAR Systems AB.
#
#    Output file  =  E:\1-source\A508\PRJ\Debug\Exe\A508_DEMO1.out
#    Map file     =  E:\1-source\A508\PRJ\Debug\List\A508_DEMO1.map
#    Command line =  
#        E:\1-source\A508\PRJ\Debug\Obj\ADC.o
#        E:\1-source\A508\PRJ\Debug\Obj\ApiAtCmd.o
#        E:\1-source\A508\PRJ\Debug\Obj\ApiBeidou.o
#        E:\1-source\A508\PRJ\Debug\Obj\ApiDisplay.o
#        E:\1-source\A508\PRJ\Debug\Obj\ApiGpsCmd.o
#        E:\1-source\A508\PRJ\Debug\Obj\ApiKeyboard.o
#        E:\1-source\A508\PRJ\Debug\Obj\ApiLED.o
#        E:\1-source\A508\PRJ\Debug\Obj\ApiMenu.o
#        E:\1-source\A508\PRJ\Debug\Obj\ApiPocCmd.o
#        E:\1-source\A508\PRJ\Debug\Obj\Beep.o
#        E:\1-source\A508\PRJ\Debug\Obj\CommonLib.o
#        E:\1-source\A508\PRJ\Debug\Obj\Config.o
#        E:\1-source\A508\PRJ\Debug\Obj\Delay.o
#        E:\1-source\A508\PRJ\Debug\Obj\DrvGD83.o
#        E:\1-source\A508\PRJ\Debug\Obj\DrvGT20L16S1Y.o
#        E:\1-source\A508\PRJ\Debug\Obj\DrvHTG12832.o
#        E:\1-source\A508\PRJ\Debug\Obj\DrvKeyboard.o
#        E:\1-source\A508\PRJ\Debug\Obj\Flash_eeprom.o
#        E:\1-source\A508\SRC\Syetem\GT20L16_STM8_DOUBLE_MEDIUM_IAR.a
#        E:\1-source\A508\PRJ\Debug\Obj\GT20L16P1Y_D.o
#        E:\1-source\A508\PRJ\Debug\Obj\KeyCmd.o
#        E:\1-source\A508\PRJ\Debug\Obj\main.o
#        E:\1-source\A508\PRJ\Debug\Obj\McuConfig.o
#        E:\1-source\A508\PRJ\Debug\Obj\stm8s_adc2.o
#        E:\1-source\A508\PRJ\Debug\Obj\stm8s_awu.o
#        E:\1-source\A508\PRJ\Debug\Obj\stm8s_beep.o
#        E:\1-source\A508\PRJ\Debug\Obj\stm8s_clk.o
#        E:\1-source\A508\PRJ\Debug\Obj\stm8s_exti.o
#        E:\1-source\A508\PRJ\Debug\Obj\stm8s_flash.o
#        E:\1-source\A508\PRJ\Debug\Obj\stm8s_gpio.o
#        E:\1-source\A508\PRJ\Debug\Obj\stm8s_i2c.o
#        E:\1-source\A508\PRJ\Debug\Obj\stm8s_it.o
#        E:\1-source\A508\PRJ\Debug\Obj\stm8s_itc.o
#        E:\1-source\A508\PRJ\Debug\Obj\stm8s_iwdg.o
#        E:\1-source\A508\PRJ\Debug\Obj\stm8s_rst.o
#        E:\1-source\A508\PRJ\Debug\Obj\stm8s_spi.o
#        E:\1-source\A508\PRJ\Debug\Obj\stm8s_tim1.o
#        E:\1-source\A508\PRJ\Debug\Obj\stm8s_tim2.o
#        E:\1-source\A508\PRJ\Debug\Obj\stm8s_tim3.o
#        E:\1-source\A508\PRJ\Debug\Obj\stm8s_tim4.o
#        E:\1-source\A508\PRJ\Debug\Obj\stm8s_uart1.o
#        E:\1-source\A508\PRJ\Debug\Obj\stm8s_uart3.o
#        E:\1-source\A508\PRJ\Debug\Obj\stm8s_wwdg.o
#        E:\1-source\A508\PRJ\Debug\Obj\sysclock.o
#        E:\1-source\A508\PRJ\Debug\Obj\System.o
#        E:\1-source\A508\PRJ\Debug\Obj\Task.o
#        E:\1-source\A508\PRJ\Debug\Obj\Tone.o
#        E:\1-source\A508\PRJ\Debug\Obj\uart3.o
#        E:\1-source\A508\PRJ\Debug\Obj\Voice.o --redirect _Printf=_PrintfSmall
#        --redirect _Scanf=_ScanfSmall -o
#        E:\1-source\A508\PRJ\Debug\Exe\A508_DEMO1.out --map
#        E:\1-source\A508\PRJ\Debug\List\A508_DEMO1.map --config "C:\Program
#        Files\IAR Systems\Embedded Workbench
#        7.3\stm8\config\lnkstm8s007c8.icf" --config_def _CSTACK_SIZE=0x100
#        --config_def _HEAP_SIZE=0x00 --entry __iar_program_start --debug_lib
#
###############################################################################

*******************************************************************************
*** RUNTIME MODEL ATTRIBUTES
***

__SystemLibrary            = DLib
__code_model               = medium_or_large
__core                     = stm8
__data_model               = medium
__dlib_file_descriptor     = 0
__dlib_full_locale_support = 0
__rt_version               = 4


*******************************************************************************
*** PLACEMENT SUMMARY
***

"A1":  place at start of [0x000000-0x0000ff] { rw section .vregs };
"A2":  place at end of [0x000000-0x0017ff] { block CSTACK };
"P2":  place in [from 0x000000 to 0x0017ff] {
          block HEAP, rw section __DLIB_PERTHREAD, rw section .far.bss,
          rw section .far.data, rw section .far.noinit,
          rw section .far_func.textrw, rw section .huge.bss,
          rw section .huge.data, rw section .huge.noinit,
          rw section .huge_func.textrw, rw section .iar.dynexit,
          rw section .near.bss, rw section .near.data, rw section .near.noinit,
          rw section .near_func.textrw };
"A3":  place at start of [0x008000-0x00ffff] { block INTVEC };
"P3":  place in [from 0x008000 to 0x00ffff] {
          ro section __DLIB_PERTHREAD_init, ro section .far.data_init,
          ro section .far_func.textrw_init, ro section .huge.data_init,
          ro section .huge_func.textrw_init, ro section .iar.init_table,
          ro section .init_array, ro section .near.data_init,
          ro section .near.rodata, ro section .near_func.text,
          ro section .near_func.textrw_init, ro section .tiny.data_init,
          ro section .tiny.rodata_init };
"P4":  place in [from 0x008000 to 0x00ffff repeat 2] {
          ro section .far.rodata, ro section .far_func.text };

  Section            Kind      Address    Size  Object
  -------            ----      -------    ----  ------
"A1":                                     0x10
  .vregs             uninit   0x000000    0x10  vregs.o [5]
                            - 0x000010    0x10

"P2", part 1 of 4:                       0xb4b
  .near.bss          zero     0x000010   0xb4b  ApiPocCmd.o [1]
                            - 0x000b5b   0xb4b

"P2", part 2 of 4:                       0x3a6
  .near.bss          zero     0x000b5b   0x3a6  DrvGD83.o [1]
                            - 0x000f01   0x3a6

"P2", part 3 of 4:                       0x71d
  .near.bss          zero     0x000f01   0x200  ApiDisplay.o [1]
  .near.bss          zero     0x001101   0x1c3  ApiGpsCmd.o [1]
  .near.bss          zero     0x0012c4    0x92  ApiAtCmd.o [1]
  .near.bss          zero     0x001356    0x50  ApiPocCmd.o [1]
  .near.bss          zero     0x0013a6    0x4b  ApiBeidou.o [1]
  .near.bss          zero     0x0013f1    0x44  uart3.o [1]
  .near.bss          zero     0x001435    0x40  ApiDisplay.o [1]
  .near.bss          zero     0x001475    0x2d  ApiPocCmd.o [1]
  .near.bss          zero     0x0014a2    0x19  ApiPocCmd.o [1]
  .near.bss          zero     0x0014bb    0x19  ApiPocCmd.o [1]
  .near.bss          zero     0x0014d4    0x19  ApiPocCmd.o [1]
  .near.bss          zero     0x0014ed    0x19  ApiPocCmd.o [1]
  .near.bss          zero     0x001506    0x16  ApiPocCmd.o [1]
  .near.bss          zero     0x00151c    0x14  System.o [1]
  .near.bss          zero     0x001530    0x12  Beep.o [1]
  .near.bss          zero     0x001542    0x12  Tone.o [1]
  .near.bss          zero     0x001554     0xf  ApiGpsCmd.o [1]
  .near.bss          zero     0x001563     0xb  ApiPocCmd.o [1]
  .near.bss          zero     0x00156e     0xb  Delay.o [1]
  .near.bss          zero     0x001579     0x6  ApiBeidou.o [1]
  .near.bss          zero     0x00157f     0x6  Voice.o [1]
  .near.bss          zero     0x001585     0x5  ApiGpsCmd.o [1]
  .near.bss          zero     0x00158a     0x4  uart3.o [1]
  .near.bss          zero     0x00158e     0x2  ApiDisplay.o [1]
  .near.bss          zero     0x001590     0x2  Delay.o [1]
  .near.bss          zero     0x001592     0x2  Delay.o [1]
  .near.bss          zero     0x001594     0x2  Delay.o [1]
  .near.bss          zero     0x001596     0x2  DrvHTG12832.o [1]
  .near.bss          zero     0x001598     0x1  ADC.o [1]
  .near.bss          zero     0x001599     0x1  ADC.o [1]
  .near.bss          zero     0x00159a     0x1  ADC.o [1]
  .near.bss          zero     0x00159b     0x1  ADC.o [1]
  .near.bss          zero     0x00159c     0x1  ADC.o [1]
  .near.bss          zero     0x00159d     0x1  ADC.o [1]
  .near.bss          zero     0x00159e     0x1  ADC.o [1]
  .near.bss          zero     0x00159f     0x1  ApiAtCmd.o [1]
  .near.bss          zero     0x0015a0     0x1  ApiAtCmd.o [1]
  .near.bss          zero     0x0015a1     0x1  ApiAtCmd.o [1]
  .near.bss          zero     0x0015a2     0x1  ApiAtCmd.o [1]
  .near.bss          zero     0x0015a3     0x1  ApiAtCmd.o [1]
  .near.bss          zero     0x0015a4     0x1  ApiAtCmd.o [1]
  .near.bss          zero     0x0015a5     0x1  ApiAtCmd.o [1]
  .near.bss          zero     0x0015a6     0x1  ApiAtCmd.o [1]
  .near.bss          zero     0x0015a7     0x1  ApiAtCmd.o [1]
  .near.bss          zero     0x0015a8     0x1  ApiAtCmd.o [1]
  .near.bss          zero     0x0015a9     0x1  ApiAtCmd.o [1]
  .near.bss          zero     0x0015aa     0x1  ApiBeidou.o [1]
  .near.bss          zero     0x0015ab     0x1  ApiGpsCmd.o [1]
  .near.bss          zero     0x0015ac     0x1  ApiGpsCmd.o [1]
  .near.bss          zero     0x0015ad     0x1  ApiGpsCmd.o [1]
  .near.bss          zero     0x0015ae     0x1  ApiGpsCmd.o [1]
  .near.bss          zero     0x0015af     0x1  ApiGpsCmd.o [1]
  .near.bss          zero     0x0015b0     0x1  ApiGpsCmd.o [1]
  .near.bss          zero     0x0015b1     0x1  ApiKeyboard.o [1]
  .near.bss          zero     0x0015b2     0x1  ApiKeyboard.o [1]
  .near.bss          zero     0x0015b3     0x1  ApiKeyboard.o [1]
  .near.bss          zero     0x0015b4     0x1  ApiKeyboard.o [1]
  .near.bss          zero     0x0015b5     0x1  ApiKeyboard.o [1]
  .near.bss          zero     0x0015b6     0x1  ApiKeyboard.o [1]
  .near.bss          zero     0x0015b7     0x1  ApiKeyboard.o [1]
  .near.bss          zero     0x0015b8     0x1  ApiKeyboard.o [1]
  .near.bss          zero     0x0015b9     0x1  ApiKeyboard.o [1]
  .near.bss          zero     0x0015ba     0x1  ApiKeyboard.o [1]
  .near.bss          zero     0x0015bb     0x1  ApiKeyboard.o [1]
  .near.bss          zero     0x0015bc     0x1  ApiKeyboard.o [1]
  .near.bss          zero     0x0015bd     0x1  ApiKeyboard.o [1]
  .near.bss          zero     0x0015be     0x1  ApiKeyboard.o [1]
  .near.bss          zero     0x0015bf     0x1  ApiKeyboard.o [1]
  .near.bss          zero     0x0015c0     0x1  ApiKeyboard.o [1]
  .near.bss          zero     0x0015c1     0x1  ApiKeyboard.o [1]
  .near.bss          zero     0x0015c2     0x1  ApiKeyboard.o [1]
  .near.bss          zero     0x0015c3     0x1  ApiKeyboard.o [1]
  .near.bss          zero     0x0015c4     0x1  ApiKeyboard.o [1]
  .near.bss          zero     0x0015c5     0x1  ApiKeyboard.o [1]
  .near.bss          zero     0x0015c6     0x1  ApiKeyboard.o [1]
  .near.bss          zero     0x0015c7     0x1  ApiKeyboard.o [1]
  .near.bss          zero     0x0015c8     0x1  ApiLED.o [1]
  .near.bss          zero     0x0015c9     0x1  ApiMenu.o [1]
  .near.bss          zero     0x0015ca     0x1  ApiMenu.o [1]
  .near.bss          zero     0x0015cb     0x1  ApiMenu.o [1]
  .near.bss          zero     0x0015cc     0x1  ApiMenu.o [1]
  .near.bss          zero     0x0015cd     0x1  ApiMenu.o [1]
  .near.bss          zero     0x0015ce     0x1  ApiMenu.o [1]
  .near.bss          zero     0x0015cf     0x1  ApiMenu.o [1]
  .near.bss          zero     0x0015d0     0x1  ApiMenu.o [1]
  .near.bss          zero     0x0015d1     0x1  ApiPocCmd.o [1]
  .near.bss          zero     0x0015d2     0x1  ApiPocCmd.o [1]
  .near.bss          zero     0x0015d3     0x1  ApiPocCmd.o [1]
  .near.bss          zero     0x0015d4     0x1  ApiPocCmd.o [1]
  .near.bss          zero     0x0015d5     0x1  ApiPocCmd.o [1]
  .near.bss          zero     0x0015d6     0x1  ApiPocCmd.o [1]
  .near.bss          zero     0x0015d7     0x1  ApiPocCmd.o [1]
  .near.bss          zero     0x0015d8     0x1  ApiPocCmd.o [1]
  .near.bss          zero     0x0015d9     0x1  ApiPocCmd.o [1]
  .near.bss          zero     0x0015da     0x1  ApiPocCmd.o [1]
  .near.bss          zero     0x0015db     0x1  ApiPocCmd.o [1]
  .near.bss          zero     0x0015dc     0x1  ApiPocCmd.o [1]
  .near.bss          zero     0x0015dd     0x1  ApiPocCmd.o [1]
  .near.bss          zero     0x0015de     0x1  ApiPocCmd.o [1]
  .near.bss          zero     0x0015df     0x1  ApiPocCmd.o [1]
  .near.bss          zero     0x0015e0     0x1  ApiPocCmd.o [1]
  .near.bss          zero     0x0015e1     0x1  ApiPocCmd.o [1]
  .near.bss          zero     0x0015e2     0x1  ApiPocCmd.o [1]
  .near.bss          zero     0x0015e3     0x1  ApiPocCmd.o [1]
  .near.bss          zero     0x0015e4     0x1  ApiPocCmd.o [1]
  .near.bss          zero     0x0015e5     0x1  ApiPocCmd.o [1]
  .near.bss          zero     0x0015e6     0x1  ApiPocCmd.o [1]
  .near.bss          zero     0x0015e7     0x1  ApiPocCmd.o [1]
  .near.bss          zero     0x0015e8     0x1  ApiPocCmd.o [1]
  .near.bss          zero     0x0015e9     0x1  ApiPocCmd.o [1]
  .near.bss          zero     0x0015ea     0x1  Delay.o [1]
  .near.bss          zero     0x0015eb     0x1  Delay.o [1]
  .near.bss          zero     0x0015ec     0x1  Delay.o [1]
  .near.bss          zero     0x0015ed     0x1  Delay.o [1]
  .near.bss          zero     0x0015ee     0x1  Delay.o [1]
  .near.bss          zero     0x0015ef     0x1  Delay.o [1]
  .near.bss          zero     0x0015f0     0x1  Delay.o [1]
  .near.bss          zero     0x0015f1     0x1  Delay.o [1]
  .near.bss          zero     0x0015f2     0x1  Delay.o [1]
  .near.bss          zero     0x0015f3     0x1  Delay.o [1]
  .near.bss          zero     0x0015f4     0x1  Delay.o [1]
  .near.bss          zero     0x0015f5     0x1  Delay.o [1]
  .near.bss          zero     0x0015f6     0x1  Delay.o [1]
  .near.bss          zero     0x0015f7     0x1  Delay.o [1]
  .near.bss          zero     0x0015f8     0x1  Delay.o [1]
  .near.bss          zero     0x0015f9     0x1  Delay.o [1]
  .near.bss          zero     0x0015fa     0x1  Delay.o [1]
  .near.bss          zero     0x0015fb     0x1  Delay.o [1]
  .near.bss          zero     0x0015fc     0x1  Delay.o [1]
  .near.bss          zero     0x0015fd     0x1  Delay.o [1]
  .near.bss          zero     0x0015fe     0x1  Delay.o [1]
  .near.bss          zero     0x0015ff     0x1  Delay.o [1]
  .near.bss          zero     0x001600     0x1  Delay.o [1]
  .near.bss          zero     0x001601     0x1  Delay.o [1]
  .near.bss          zero     0x001602     0x1  Delay.o [1]
  .near.bss          zero     0x001603     0x1  Delay.o [1]
  .near.bss          zero     0x001604     0x1  Delay.o [1]
  .near.bss          zero     0x001605     0x1  Delay.o [1]
  .near.bss          zero     0x001606     0x1  Delay.o [1]
  .near.bss          zero     0x001607     0x1  Delay.o [1]
  .near.bss          zero     0x001608     0x1  Delay.o [1]
  .near.bss          zero     0x001609     0x1  Delay.o [1]
  .near.bss          zero     0x00160a     0x1  DrvGD83.o [1]
  .near.bss          zero     0x00160b     0x1  Task.o [1]
  .near.bss          zero     0x00160c     0x1  Task.o [1]
  .near.bss          zero     0x00160d     0x1  Task.o [1]
  .near.bss          zero     0x00160e     0x1  Task.o [1]
  .near.bss          zero     0x00160f     0x1  Task.o [1]
  .near.bss          zero     0x001610     0x1  Task.o [1]
  .near.bss          zero     0x001611     0x1  Task.o [1]
  .near.bss          zero     0x001612     0x1  Task.o [1]
  .near.bss          zero     0x001613     0x1  Task.o [1]
  .near.bss          zero     0x001614     0x1  Task.o [1]
  .near.bss          zero     0x001615     0x1  Task.o [1]
  .near.bss          zero     0x001616     0x1  Task.o [1]
  .near.bss          zero     0x001617     0x1  Task.o [1]
  .near.bss          zero     0x001618     0x1  Task.o [1]
  .near.bss          zero     0x001619     0x1  Task.o [1]
  .near.bss          zero     0x00161a     0x1  Task.o [1]
  .near.bss          zero     0x00161b     0x1  Task.o [1]
  .near.bss          zero     0x00161c     0x1  Task.o [1]
  .near.bss          zero     0x00161d     0x1  uart3.o [1]
                            - 0x00161e   0x71d

"P2", part 4 of 4:                        0x64
  P2-1                        0x00161e    0x64  <Init block>
    .near.data       inited   0x00161e     0x2  ApiAtCmd.o [1]
    .near.data       inited   0x001620     0x2  ApiAtCmd.o [1]
    .near.data       inited   0x001622     0x2  ApiAtCmd.o [1]
    .near.data       inited   0x001624     0x2  ApiAtCmd.o [1]
    .near.data       inited   0x001626     0x2  ApiAtCmd.o [1]
    .near.data       inited   0x001628     0x2  ApiAtCmd.o [1]
    .near.data       inited   0x00162a     0x2  ApiAtCmd.o [1]
    .near.data       inited   0x00162c     0x2  ApiAtCmd.o [1]
    .near.data       inited   0x00162e     0x2  ApiAtCmd.o [1]
    .near.data       inited   0x001630     0x2  ApiAtCmd.o [1]
    .near.data       inited   0x001632     0x2  ApiAtCmd.o [1]
    .near.data       inited   0x001634     0x2  ApiAtCmd.o [1]
    .near.data       inited   0x001636     0x2  ApiAtCmd.o [1]
    .near.data       inited   0x001638     0x2  ApiAtCmd.o [1]
    .near.data       inited   0x00163a     0x2  ApiAtCmd.o [1]
    .near.data       inited   0x00163c     0x2  ApiAtCmd.o [1]
    .near.data       inited   0x00163e     0x2  ApiAtCmd.o [1]
    .near.data       inited   0x001640     0x2  ApiAtCmd.o [1]
    .near.data       inited   0x001642     0x2  ApiAtCmd.o [1]
    .near.data       inited   0x001644     0x2  ApiAtCmd.o [1]
    .near.data       inited   0x001646     0x2  ApiAtCmd.o [1]
    .near.data       inited   0x001648     0x2  ApiAtCmd.o [1]
    .near.data       inited   0x00164a     0x2  ApiAtCmd.o [1]
    .near.data       inited   0x00164c     0x2  ApiAtCmd.o [1]
    .near.data       inited   0x00164e     0x1  ApiKeyboard.o [1]
    .near.data       inited   0x00164f     0x2  ApiKeyboard.o [1]
    .near.data       inited   0x001651     0x2  ApiKeyboard.o [1]
    .near.data       inited   0x001653     0x2  ApiKeyboard.o [1]
    .near.data       inited   0x001655     0x1  ApiKeyboard.o [1]
    .near.data       inited   0x001656     0x1  ApiKeyboard.o [1]
    .near.data       inited   0x001657     0x1  ApiKeyboard.o [1]
    .near.data       inited   0x001658     0x1  ApiKeyboard.o [1]
    .near.data       inited   0x001659     0x2  ApiPocCmd.o [1]
    .near.data       inited   0x00165b     0x2  ApiPocCmd.o [1]
    .near.data       inited   0x00165d     0x2  Delay.o [1]
    .near.data       inited   0x00165f     0x2  DrvGD83.o [1]
    .near.data       inited   0x001661     0x2  DrvGD83.o [1]
    .near.data       inited   0x001663     0x2  DrvGD83.o [1]
    .near.data       inited   0x001665     0x2  DrvGD83.o [1]
    .near.data       inited   0x001667     0x1  Task.o [1]
    .near.data       inited   0x001668     0x1  Task.o [1]
    .near.data       inited   0x001669     0x1  Task.o [1]
    .near.data       inited   0x00166a     0x2  Task.o [1]
    .near.data       inited   0x00166c     0x2  Task.o [1]
    .near.data       inited   0x00166e     0x2  Task.o [1]
    .near.data       inited   0x001670     0x2  Task.o [1]
    .near.data       inited   0x001672     0x2  Task.o [1]
    .near.data       inited   0x001674     0x2  Task.o [1]
    .near.data       inited   0x001676     0x2  Task.o [1]
    .near.data       inited   0x001678     0x2  Task.o [1]
    .near.data       inited   0x00167a     0x2  Task.o [1]
    .near.data       inited   0x00167c     0x2  Task.o [1]
    .near.data       inited   0x00167e     0x2  Task.o [1]
    .near.data       inited   0x001680     0x2  Task.o [1]
                            - 0x001682    0x64

"A2":                                    0x100
  CSTACK                      0x001700   0x100  <Block>
    CSTACK           uninit   0x001700   0x100  <Block tail>
                            - 0x001800   0x100

"A3":                                     0x80
  INTVEC                      0x008000    0x80  <Block>
    .intvec          const    0x008000    0x80  interrupt.o [5]
                            - 0x008080    0x80

"P3":                                   0x2c6b
  .near.rodata       const    0x008080  0x1b00  GT20L16P1Y_D.o [1]
  .near.rodata       const    0x009b80   0x400  ApiDisplay.o [1]
  .near.rodata       const    0x009f80   0x1b0  GT20L16P1Y_D.o [1]
  .near.rodata       const    0x00a130   0x1b0  GT20L16P1Y_D.o [1]
  Initializer bytes  const    0x00a2e0    0x64  <for P2-1>
  .near_func.text    const    0x00a344    0x40  ApiDisplay.o [1]
  .near.rodata       const    0x00a384    0x3e  GT20L16P1Y.o [3]
  .near.rodata       const    0x00a3c2    0x3b  Task.o [1]
  .near.rodata       const    0x00a3fd    0x31  Task.o [1]
  .near.rodata       const    0x00a42e    0x2d  Task.o [1]
  .near.rodata       const    0x00a45b    0x2a  Task.o [1]
  .near.rodata       const    0x00a485    0x25  Delay.o [1]
  .near.rodata       const    0x00a4aa    0x25  Task.o [1]
  .near.rodata       const    0x00a4cf    0x25  Task.o [1]
  .iar.init_table    const    0x00a4f4    0x1c  - Linker created -
  .near.rodata       const    0x00a510    0x20  KeyCmd.o [1]
  .near.rodata       const    0x00a530    0x1d  ADC.o [1]
  .near.rodata       const    0x00a54d    0x1d  ADC.o [1]
  .near.rodata       const    0x00a56a    0x1d  ADC.o [1]
  .near.rodata       const    0x00a587    0x1d  ADC.o [1]
  .near.rodata       const    0x00a5a4    0x19  ADC.o [1]
  .near.rodata       const    0x00a5bd    0x18  Task.o [1]
  .near.rodata       const    0x00a5d5    0x15  ADC.o [1]
  .near.rodata       const    0x00a5ea    0x15  ApiPocCmd.o [1]
  .near.rodata       const    0x00a5ff    0x15  Delay.o [1]
  .near.rodata       const    0x00a614    0x15  Task.o [1]
  .near.rodata       const    0x00a629    0x13  Task.o [1]
  .near.rodata       const    0x00a63c    0x13  Task.o [1]
  .near.rodata       const    0x00a64f    0x12  Task.o [1]
  .near.rodata       const    0x00a661    0x11  ApiAtCmd.o [1]
  .near.rodata       const    0x00a672    0x11  ApiAtCmd.o [1]
  .near.rodata       const    0x00a683    0x11  ApiAtCmd.o [1]
  .near.rodata       const    0x00a694    0x11  ApiKeyboard.o [1]
  .near.rodata       const    0x00a6a5    0x11  ApiKeyboard.o [1]
  .near.rodata       const    0x00a6b6    0x11  ApiKeyboard.o [1]
  .near.rodata       const    0x00a6c7    0x11  ApiKeyboard.o [1]
  .near.rodata       const    0x00a6d8    0x11  ApiKeyboard.o [1]
  .near.rodata       const    0x00a6e9    0x11  ApiKeyboard.o [1]
  .near.rodata       const    0x00a6fa    0x11  ApiKeyboard.o [1]
  .near.rodata       const    0x00a70b    0x11  ApiMenu.o [1]
  .near.rodata       const    0x00a71c    0x11  ApiMenu.o [1]
  .near.rodata       const    0x00a72d    0x11  ApiMenu.o [1]
  .near.rodata       const    0x00a73e    0x11  ApiMenu.o [1]
  .near.rodata       const    0x00a74f    0x11  ApiMenu.o [1]
  .near.rodata       const    0x00a760    0x11  ApiMenu.o [1]
  .near.rodata       const    0x00a771    0x11  ApiMenu.o [1]
  .near.rodata       const    0x00a782    0x11  ApiMenu.o [1]
  .near.rodata       const    0x00a793    0x11  ApiMenu.o [1]
  .near.rodata       const    0x00a7a4    0x11  ApiMenu.o [1]
  .near.rodata       const    0x00a7b5    0x11  ApiMenu.o [1]
  .near.rodata       const    0x00a7c6    0x11  ApiMenu.o [1]
  .near.rodata       const    0x00a7d7    0x11  ApiMenu.o [1]
  .near.rodata       const    0x00a7e8    0x11  ApiMenu.o [1]
  .near.rodata       const    0x00a7f9    0x11  ApiMenu.o [1]
  .near.rodata       const    0x00a80a    0x11  ApiMenu.o [1]
  .near.rodata       const    0x00a81b    0x11  ApiMenu.o [1]
  .near.rodata       const    0x00a82c    0x11  ApiMenu.o [1]
  .near.rodata       const    0x00a83d    0x11  ApiMenu.o [1]
  .near.rodata       const    0x00a84e    0x11  ApiMenu.o [1]
  .near.rodata       const    0x00a85f    0x11  ApiMenu.o [1]
  .near.rodata       const    0x00a870    0x11  ApiMenu.o [1]
  .near.rodata       const    0x00a881    0x11  ApiPocCmd.o [1]
  .near.rodata       const    0x00a892    0x11  CommonLib.o [1]
  .near.rodata       const    0x00a8a3    0x11  Delay.o [1]
  .near.rodata       const    0x00a8b4    0x11  Delay.o [1]
  .near.rodata       const    0x00a8c5    0x11  KeyCmd.o [1]
  .near.rodata       const    0x00a8d6    0x11  KeyCmd.o [1]
  .near.rodata       const    0x00a8e7    0x11  System.o [1]
  .near.rodata       const    0x00a8f8    0x11  Task.o [1]
  .near.rodata       const    0x00a909    0x11  Task.o [1]
  .near.rodata       const    0x00a91a    0x11  Task.o [1]
  .near.rodata       const    0x00a92b    0x11  Task.o [1]
  .near.rodata       const    0x00a93c    0x11  Task.o [1]
  .near.rodata       const    0x00a94d    0x11  Task.o [1]
  .near.rodata       const    0x00a95e    0x11  Task.o [1]
  .near.rodata       const    0x00a96f    0x11  Task.o [1]
  .near.rodata       const    0x00a980    0x11  Task.o [1]
  .near.rodata       const    0x00a991    0x11  Task.o [1]
  .near.rodata       const    0x00a9a2    0x11  Task.o [1]
  .near.rodata       const    0x00a9b3    0x10  ApiAtCmd.o [1]
  .near.rodata       const    0x00a9c3    0x10  ApiAtCmd.o [1]
  .near.rodata       const    0x00a9d3    0x10  ApiDisplay.o [1]
  .near.rodata       const    0x00a9e3    0x10  ApiDisplay.o [1]
  .near.rodata       const    0x00a9f3    0x10  ApiMenu.o [1]
  .near.rodata       const    0x00aa03    0x10  ApiMenu.o [1]
  .near.rodata       const    0x00aa13    0x10  ApiMenu.o [1]
  .near.rodata       const    0x00aa23    0x10  ApiMenu.o [1]
  .near.rodata       const    0x00aa33    0x10  uart3.o [1]
  .near.rodata       const    0x00aa43     0xf  ApiAtCmd.o [1]
  .near.rodata       const    0x00aa52     0xf  ApiKeyboard.o [1]
  .near.rodata       const    0x00aa61     0xf  ApiKeyboard.o [1]
  .near.rodata       const    0x00aa70     0xf  ApiPocCmd.o [1]
  .near.rodata       const    0x00aa7f     0xf  Task.o [1]
  .near.rodata       const    0x00aa8e     0xf  Task.o [1]
  .near.rodata       const    0x00aa9d     0xe  ApiAtCmd.o [1]
  .near.rodata       const    0x00aaab     0xe  ApiAtCmd.o [1]
  .near.rodata       const    0x00aab9     0xe  ApiAtCmd.o [1]
  .near.rodata       const    0x00aac7     0xe  Task.o [1]
  .near.rodata       const    0x00aad5     0xe  Task.o [1]
  .near.rodata       const    0x00aae3     0xd  ApiKeyboard.o [1]
  .near.rodata       const    0x00aaf0     0xd  ApiKeyboard.o [1]
  .near.rodata       const    0x00aafd     0xd  ApiPocCmd.o [1]
  .near.rodata       const    0x00ab0a     0xd  ApiPocCmd.o [1]
  .near.rodata       const    0x00ab17     0xd  ApiPocCmd.o [1]
  .near.rodata       const    0x00ab24     0xd  Delay.o [1]
  .near.rodata       const    0x00ab31     0xd  Delay.o [1]
  .near.rodata       const    0x00ab3e     0xd  Task.o [1]
  .near.rodata       const    0x00ab4b     0xd  Task.o [1]
  .near.rodata       const    0x00ab58     0xc  ApiAtCmd.o [1]
  .near.rodata       const    0x00ab64     0xc  Delay.o [1]
  .near.rodata       const    0x00ab70     0xb  ApiAtCmd.o [1]
  .near.rodata       const    0x00ab7b     0xb  ApiAtCmd.o [1]
  .near.rodata       const    0x00ab86     0xb  ApiKeyboard.o [1]
  .near.rodata       const    0x00ab91     0xb  Delay.o [1]
  .near.rodata       const    0x00ab9c     0xb  Task.o [1]
  .near.rodata       const    0x00aba7     0xa  ApiAtCmd.o [1]
  .near.rodata       const    0x00abb1     0xa  ApiAtCmd.o [1]
  .near.rodata       const    0x00abbb     0xa  ApiAtCmd.o [1]
  .near.rodata       const    0x00abc5     0xa  Delay.o [1]
  .near.rodata       const    0x00abcf     0xa  Task.o [1]
  .near.rodata       const    0x00abd9     0x9  ApiAtCmd.o [1]
  .near.rodata       const    0x00abe2     0x9  ApiAtCmd.o [1]
  .near.rodata       const    0x00abeb     0x9  ApiAtCmd.o [1]
  .near.rodata       const    0x00abf4     0x9  ApiAtCmd.o [1]
  .near.rodata       const    0x00abfd     0x9  ApiAtCmd.o [1]
  .near.rodata       const    0x00ac06     0x9  ApiAtCmd.o [1]
  .near.rodata       const    0x00ac0f     0x9  ApiKeyboard.o [1]
  .near.rodata       const    0x00ac18     0x9  ApiKeyboard.o [1]
  .near.rodata       const    0x00ac21     0x9  DrvGD83.o [1]
  .near.rodata       const    0x00ac2a     0x9  Task.o [1]
  .near.rodata       const    0x00ac33     0x8  ApiAtCmd.o [1]
  .near.rodata       const    0x00ac3b     0x8  ApiAtCmd.o [1]
  .near.rodata       const    0x00ac43     0x8  ApiDisplay.o [1]
  .near.rodata       const    0x00ac4b     0x8  ApiPocCmd.o [1]
  .near.rodata       const    0x00ac53     0x8  Task.o [1]
  .near.rodata       const    0x00ac5b     0x7  ApiAtCmd.o [1]
  .near.rodata       const    0x00ac62     0x7  ApiPocCmd.o [1]
  .near.rodata       const    0x00ac69     0x7  DrvGD83.o [1]
  .near.rodata       const    0x00ac70     0x7  Task.o [1]
  .near.rodata       const    0x00ac77     0x7  Task.o [1]
  .near.rodata       const    0x00ac7e     0x6  Delay.o [1]
  .near.rodata       const    0x00ac84     0x6  DrvGD83.o [1]
  .near.rodata       const    0x00ac8a     0x6  System.o [1]
  .near.rodata       const    0x00ac90     0x5  ApiAtCmd.o [1]
  .near.rodata       const    0x00ac95     0x5  ApiPocCmd.o [1]
  .near.rodata       const    0x00ac9a     0x4  ApiMenu.o [1]
  .near.rodata       const    0x00ac9e     0x4  ApiMenu.o [1]
  .near.rodata       const    0x00aca2     0x4  ApiMenu.o [1]
  .near.rodata       const    0x00aca6     0x4  ApiMenu.o [1]
  .near.rodata       const    0x00acaa     0x4  ApiMenu.o [1]
  .near.rodata       const    0x00acae     0x4  ApiMenu.o [1]
  .near.rodata       const    0x00acb2     0x4  ApiMenu.o [1]
  .near.rodata       const    0x00acb6     0x4  ApiMenu.o [1]
  .near.rodata       const    0x00acba     0x4  ApiMenu.o [1]
  .near.rodata       const    0x00acbe     0x4  ApiMenu.o [1]
  .near.rodata       const    0x00acc2     0x4  ApiMenu.o [1]
  .near.rodata       const    0x00acc6     0x4  ApiMenu.o [1]
  .near.rodata       const    0x00acca     0x4  ApiMenu.o [1]
  .near.rodata       const    0x00acce     0x4  ApiMenu.o [1]
  .near.rodata       const    0x00acd2     0x4  ApiMenu.o [1]
  .near.rodata       const    0x00acd6     0x4  stm8s_clk.o [1]
  .near.rodata       const    0x00acda     0x4  uart3.o [1]
  .near.rodata       const    0x00acde     0x4  uart3.o [1]
  .near.rodata       const    0x00ace2     0x3  DrvGD83.o [1]
  .near.rodata       const    0x00ace5     0x3  uart3.o [1]
  .near.rodata       const    0x00ace8     0x3  uart3.o [1]
                            - 0x00aceb  0x2c6b

"P4", part 1 of 2:                      0x4736
  .far_func.text     ro code  0x00aceb   0xcdd  ApiKeyboard.o [1]
  .far_func.text     ro code  0x00b9c8   0x8b2  Delay.o [1]
  .far_func.text     ro code  0x00c27a   0x823  DrvGD83.o [1]
  .far_func.text     ro code  0x00ca9d   0x786  Task.o [1]
  .far_func.text     ro code  0x00d223   0x612  ApiPocCmd.o [1]
  .far_func.text     ro code  0x00d835   0x4f3  ApiGpsCmd.o [1]
  .far_func.text     ro code  0x00dd28   0x38c  ApiMenu.o [1]
  .far_func.text     ro code  0x00e0b4   0x30f  Beep.o [1]
  .far_func.text     ro code  0x00e3c3   0x2d4  ApiAtCmd.o [1]
  .far_func.text     ro code  0x00e697   0x2cd  GT20L16P1Y.o [3]
  .far_func.text     ro code  0x00e964   0x2c0  ApiGpsCmd.o [1]
  .far_func.text     ro code  0x00ec24   0x2a3  ApiAtCmd.o [1]
  .far_func.text     ro code  0x00eec7    0x24  stm8s_tim1.o [1]
  .far_func.text     ro code  0x00eeeb    0x22  ADC.o [1]
  .far_func.text     ro code  0x00ef0d    0x21  ApiGpsCmd.o [1]
  .far_func.text     ro code  0x00ef2e    0x21  Delay.o [1]
  .far_func.text     ro code  0x00ef4f    0x21  stm8s_adc2.o [1]
  .far_func.text     ro code  0x00ef70    0x21  stm8s_it.o [1]
  .far_func.text     ro code  0x00ef91    0x20  ApiPocCmd.o [1]
  .far_func.text     ro code  0x00efb1    0x20  KeyCmd.o [1]
  .far_func.text     ro code  0x00efd1    0x1f  sysclock.o [1]
  .far_func.text     ro code  0x00eff0    0x1e  init.o [5]
  .far_func.text     ro code  0x00f00e    0x1e  init_small.o [5]
  .far_func.text     ro code  0x00f02c    0x1c  Beep.o [1]
  .far_func.text     ro code  0x00f048    0x1c  Delay.o [1]
  .far_func.text     ro code  0x00f064    0x1b  stm8s_it.o [1]
  .far_func.text     ro code  0x00f07f    0x19  McuConfig.o [1]
  .far_func.text     ro code  0x00f098    0x19  McuConfig.o [1]
  .far_func.text     ro code  0x00f0b1    0x19  McuConfig.o [1]
  .far_func.text     ro code  0x00f0ca    0x19  McuConfig.o [1]
  .far_func.text     ro code  0x00f0e3    0x19  McuConfig.o [1]
  .far_func.text     ro code  0x00f0fc    0x17  ApiDisplay.o [1]
  .far_func.text     ro code  0x00f113    0x17  ApiDisplay.o [1]
  .far_func.text     ro code  0x00f12a    0x17  cstartup.o [5]
  .far_func.text     ro code  0x00f141    0x17  memset.o [5]
  .far_func.text     ro code  0x00f158    0x16  stm8s_flash.o [1]
  .far_func.text     ro code  0x00f16e    0x16  __dbg_xxexit.o [4]
  .far_func.text     ro code  0x00f184    0x14  stm8s_flash.o [1]
  .far_func.text     ro code  0x00f198    0x13  ApiPocCmd.o [1]
  .far_func.text     ro code  0x00f1ab    0x13  ApiPocCmd.o [1]
  .far_func.text     ro code  0x00f1be    0x13  stm8s_adc2.o [1]
  .far_func.text     ro code  0x00f1d1    0x13  stm8s_clk.o [1]
  .far_func.text     ro code  0x00f1e4    0x13  stm8s_tim3.o [1]
  .far_func.text     ro code  0x00f1f7    0x12  ApiPocCmd.o [1]
  .far_func.text     ro code  0x00f209    0x12  ApiPocCmd.o [1]
  .far_func.text     ro code  0x00f21b    0x12  uart3.o [1]
  .far_func.text     ro code  0x00f22d    0x12  strlen.o [5]
  .far_func.text     ro code  0x00f23f    0x10  uart3.o [1]
  .far_func.text     ro code  0x00f24f     0xf  Voice.o [1]
  .far_func.text     ro code  0x00f25e     0xe  ApiPocCmd.o [1]
  .far_func.text     ro code  0x00f26c     0xe  KeyCmd.o [1]
  .far_func.text     ro code  0x00f27a     0xe  far_util.o [5]
  .far_func.text     ro code  0x00f288     0xd  McuConfig.o [1]
  .far_func.text     ro code  0x00f295     0xd  McuConfig.o [1]
  .far_func.text     ro code  0x00f2a2     0xd  McuConfig.o [1]
  .far_func.text     ro code  0x00f2af     0xd  McuConfig.o [1]
  .far_func.text     ro code  0x00f2bc     0xd  stm8s_adc2.o [1]
  .far_func.text     ro code  0x00f2c9     0xd  stm8s_tim1.o [1]
  .far_func.text     ro code  0x00f2d6     0xd  stm8s_tim1.o [1]
  .far_func.text     ro code  0x00f2e3     0xd  stm8s_tim1.o [1]
  .far_func.text     ro code  0x00f2f0     0xd  stm8s_tim3.o [1]
  .far_func.text     ro code  0x00f2fd     0xd  stm8s_tim3.o [1]
  .far_func.text     ro code  0x00f30a     0xd  stm8s_uart1.o [1]
  .far_func.text     ro code  0x00f317     0xd  stm8s_uart3.o [1]
  .far_func.text     ro code  0x00f324     0xc  stm8s_tim3.o [1]
  .far_func.text     ro code  0x00f330     0xb  ApiPocCmd.o [1]
  .far_func.text     ro code  0x00f33b     0xb  stm8s_flash.o [1]
  .far_func.text     ro code  0x00f346     0xa  ApiAtCmd.o [1]
  .far_func.text     ro code  0x00f350     0x9  stm8s_gpio.o [1]
  .far_func.text     ro code  0x00f359     0x9  stm8s_tim3.o [1]
  .far_func.text     ro code  0x00f362     0x7  ApiAtCmd.o [1]
  .far_func.text     ro code  0x00f369     0x7  ApiAtCmd.o [1]
  .far_func.text     ro code  0x00f370     0x7  ApiPocCmd.o [1]
  .far_func.text     ro code  0x00f377     0x7  stm8s_flash.o [1]
  .far_func.text     ro code  0x00f37e     0x7  stm8s_gpio.o [1]
  .far_func.text     ro code  0x00f385     0x6  char.o [5]
  .far_func.text     ro code  0x00f38b     0x6  cexit.o [5]
  .far_func.text     ro code  0x00f391     0x5  stm8s_adc2.o [1]
  .far_func.text     ro code  0x00f396     0x5  stm8s_flash.o [1]
  .far_func.text     ro code  0x00f39b     0x5  stm8s_flash.o [1]
  .far_func.text     ro code  0x00f3a0     0x5  stm8s_tim3.o [1]
  .far_func.text     ro code  0x00f3a5     0x4  ApiAtCmd.o [1]
  .far_func.text     ro code  0x00f3a9     0x4  ApiAtCmd.o [1]
  .far_func.text     ro code  0x00f3ad     0x4  ApiAtCmd.o [1]
  .far_func.text     ro code  0x00f3b1     0x4  ApiAtCmd.o [1]
  .far_func.text     ro code  0x00f3b5     0x4  ApiAtCmd.o [1]
  .far_func.text     ro code  0x00f3b9     0x4  ApiAtCmd.o [1]
  .far_func.text     ro code  0x00f3bd     0x4  ApiAtCmd.o [1]
  .far_func.text     ro code  0x00f3c1     0x4  ApiAtCmd.o [1]
  .far_func.text     ro code  0x00f3c5     0x4  ApiAtCmd.o [1]
  .far_func.text     ro code  0x00f3c9     0x4  ApiGpsCmd.o [1]
  .far_func.text     ro code  0x00f3cd     0x4  ApiPocCmd.o [1]
  .far_func.text     ro code  0x00f3d1     0x4  ApiPocCmd.o [1]
  .far_func.text     ro code  0x00f3d5     0x4  ApiPocCmd.o [1]
  .far_func.text     ro code  0x00f3d9     0x4  ApiPocCmd.o [1]
  .far_func.text     ro code  0x00f3dd     0x4  stm8s_gpio.o [1]
  .far_func.text     ro code  0x00f3e1     0x4  stm8s_uart1.o [1]
  .far_func.text     ro code  0x00f3e5     0x4  stm8s_uart1.o [1]
  .far_func.text     ro code  0x00f3e9     0x4  stm8s_uart3.o [1]
  .far_func.text     ro code  0x00f3ed     0x4  stm8s_uart3.o [1]
  .far_func.text     ro code  0x00f3f1     0x4  System.o [1]
  .far_func.text     ro code  0x00f3f5     0x4  System.o [1]
  .far_func.text     ro code  0x00f3f9     0x4  Task.o [1]
  .far_func.text     ro code  0x00f3fd     0x4  interrupt.o [5]
  .far_func.text     ro code  0x00f401     0x4  exit.o [5]
  .far_func.text     ro code  0x00f405     0x3  low_level_init.o [5]
  .far_func.text     ro code  0x00f408     0x3  unhandled_exception.o [5]
  .far_func.text     ro code  0x00f40b     0x1  stm8s_it.o [1]
  .far_func.text     ro code  0x00f40c     0x1  stm8s_it.o [1]
  .far_func.text     ro code  0x00f40d     0x1  stm8s_it.o [1]
  .far_func.text     ro code  0x00f40e     0x1  stm8s_it.o [1]
  .far_func.text     ro code  0x00f40f     0x1  stm8s_it.o [1]
  .far_func.text     ro code  0x00f410     0x1  stm8s_it.o [1]
  .far_func.text     ro code  0x00f411     0x1  stm8s_it.o [1]
  .far_func.text     ro code  0x00f412     0x1  stm8s_it.o [1]
  .far_func.text     ro code  0x00f413     0x1  stm8s_it.o [1]
  .far_func.text     ro code  0x00f414     0x1  stm8s_it.o [1]
  .far_func.text     ro code  0x00f415     0x1  stm8s_it.o [1]
  .far_func.text     ro code  0x00f416     0x1  stm8s_it.o [1]
  .far_func.text     ro code  0x00f417     0x1  stm8s_it.o [1]
  .far_func.text     ro code  0x00f418     0x1  stm8s_it.o [1]
  .far_func.text     ro code  0x00f419     0x1  stm8s_it.o [1]
  .far_func.text     ro code  0x00f41a     0x1  stm8s_it.o [1]
  .far_func.text     ro code  0x00f41b     0x1  stm8s_it.o [1]
  .far_func.text     ro code  0x00f41c     0x1  stm8s_it.o [1]
  .far_func.text     ro code  0x00f41d     0x1  stm8s_it.o [1]
  .far_func.text     ro code  0x00f41e     0x1  stm8s_it.o [1]
  .far_func.text     ro code  0x00f41f     0x1  stm8s_it.o [1]
  .far_func.text     ro code  0x00f420     0x1  __dbg_break.o [4]
                            - 0x00f421  0x4736

"P4", part 2 of 2:                      0x6656
  .far_func.text     ro code  0x010000   0x27b  ADC.o [1]
  .far_func.text     ro code  0x01027b   0x252  DrvHTG12832.o [1]
  .far_func.text     ro code  0x0104cd   0x251  GT20L16P1Y.o [3]
  .far_func.text     ro code  0x01071e   0x24d  ApiGpsCmd.o [1]
  .far_func.text     ro code  0x01096b   0x248  Task.o [1]
  .far_func.text     ro code  0x010bb3   0x235  ApiPocCmd.o [1]
  .far_func.text     ro code  0x010de8   0x230  ApiGpsCmd.o [1]
  .far_func.text     ro code  0x011018   0x22c  Config.o [1]
  .far_func.text     ro code  0x011244   0x214  ApiPocCmd.o [1]
  .far_func.text     ro code  0x011458   0x211  DrvKeyboard.o [1]
  .far_func.text     ro code  0x011669   0x209  ApiPocCmd.o [1]
  .far_func.text     ro code  0x011872   0x1d3  ApiPocCmd.o [1]
  .far_func.text     ro code  0x011a45   0x1b2  uart3.o [1]
  .far_func.text     ro code  0x011bf7   0x1ac  long.o [5]
  .far_func.text     ro code  0x011da3   0x190  ApiAtCmd.o [1]
  .far_func.text     ro code  0x011f33   0x18e  Task.o [1]
  .far_func.text     ro code  0x0120c1   0x189  ApiPocCmd.o [1]
  .far_func.text     ro code  0x01224a   0x185  GT20L16P1Y.o [3]
  .far_func.text     ro code  0x0123cf   0x173  ApiMenu.o [1]
  .far_func.text     ro code  0x012542   0x173  ApiPocCmd.o [1]
  .far_func.text     ro code  0x0126b5   0x165  ApiGpsCmd.o [1]
  .far_func.text     ro code  0x01281a   0x15c  vreg_util.o [5]
  .far_func.text     ro code  0x012976   0x159  stm8s_uart1.o [1]
  .far_func.text     ro code  0x012acf   0x153  ApiAtCmd.o [1]
  .far_func.text     ro code  0x012c22   0x148  DrvKeyboard.o [1]
  .far_func.text     ro code  0x012d6a   0x13f  DrvKeyboard.o [1]
  .far_func.text     ro code  0x012ea9   0x13b  ApiMenu.o [1]
  .far_func.text     ro code  0x012fe4   0x13b  DrvGT20L16S1Y.o [1]
  .far_func.text     ro code  0x01311f   0x134  CommonLib.o [1]
  .far_func.text     ro code  0x013253   0x134  DrvGT20L16S1Y.o [1]
  .far_func.text     ro code  0x013387   0x12a  stm8s_uart3.o [1]
  .far_func.text     ro code  0x0134b1   0x11a  ApiAtCmd.o [1]
  .far_func.text     ro code  0x0135cb   0x103  stm8s_itc.o [1]
  .far_func.text     ro code  0x0136ce   0x103  System.o [1]
  .far_func.text     ro code  0x0137d1    0xfa  CommonLib.o [1]
  .far_func.text     ro code  0x0138cb    0xf3  uart3.o [1]
  .far_func.text     ro code  0x0139be    0xeb  DrvGD83.o [1]
  .far_func.text     ro code  0x013aa9    0xe9  uart3.o [1]
  .far_func.text     ro code  0x013b92    0xe5  ApiKeyboard.o [1]
  .far_func.text     ro code  0x013c77    0xdf  uart3.o [1]
  .far_func.text     ro code  0x013d56    0xd9  ApiDisplay.o [1]
  .far_func.text     ro code  0x013e2f    0xd8  ApiPocCmd.o [1]
  .far_func.text     ro code  0x013f07    0xc8  ApiDisplay.o [1]
  .far_func.text     ro code  0x013fcf    0xc0  ApiDisplay.o [1]
  .far_func.text     ro code  0x01408f    0xba  uart3.o [1]
  .far_func.text     ro code  0x014149    0xb6  stm8s_uart3.o [1]
  .far_func.text     ro code  0x0141ff    0xb2  CommonLib.o [1]
  .far_func.text     ro code  0x0142b1    0xb0  ApiDisplay.o [1]
  .far_func.text     ro code  0x014361    0xaf  stm8s_gpio.o [1]
  .far_func.text     ro code  0x014410    0xad  uart3.o [1]
  .far_func.text     ro code  0x0144bd    0xa3  Delay.o [1]
  .far_func.text     ro code  0x014560    0xa2  stm8s_clk.o [1]
  .far_func.text     ro code  0x014602    0x9c  ApiAtCmd.o [1]
  .far_func.text     ro code  0x01469e    0x99  stm8s_tim1.o [1]
  .far_func.text     ro code  0x014737    0x97  ApiDisplay.o [1]
  .far_func.text     ro code  0x0147ce    0x96  CommonLib.o [1]
  .far_func.text     ro code  0x014864    0x96  DrvKeyboard.o [1]
  .far_func.text     ro code  0x0148fa    0x95  ApiLED.o [1]
  .far_func.text     ro code  0x01498f    0x95  uart3.o [1]
  .far_func.text     ro code  0x014a24    0x92  stm8s_uart1.o [1]
  .far_func.text     ro code  0x014ab6    0x8f  uart3.o [1]
  .far_func.text     ro code  0x014b45    0x8d  ApiAtCmd.o [1]
  .far_func.text     ro code  0x014bd2    0x8d  stm8s_uart3.o [1]
  .far_func.text     ro code  0x014c5f    0x88  ApiDisplay.o [1]
  .far_func.text     ro code  0x014ce7    0x85  ApiPocCmd.o [1]
  .far_func.text     ro code  0x014d6c    0x82  stm8s_adc2.o [1]
  .far_func.text     ro code  0x014dee    0x80  DrvGD83.o [1]
  .far_func.text     ro code  0x014e6e    0x73  ApiAtCmd.o [1]
  .far_func.text     ro code  0x014ee1    0x73  Delay.o [1]
  .far_func.text     ro code  0x014f54    0x72  DrvKeyboard.o [1]
  .far_func.text     ro code  0x014fc6    0x71  Voice.o [1]
  .far_func.text     ro code  0x015037    0x6e  uart3.o [1]
  .far_func.text     ro code  0x0150a5    0x6d  stm8s_uart1.o [1]
  .far_func.text     ro code  0x015112    0x6b  Tone.o [1]
  .far_func.text     ro code  0x01517d    0x69  uart3.o [1]
  .far_func.text     ro code  0x0151e6    0x67  ApiAtCmd.o [1]
  .far_func.text     ro code  0x01524d    0x64  ApiDisplay.o [1]
  .far_func.text     ro code  0x0152b1    0x64  ApiGpsCmd.o [1]
  .far_func.text     ro code  0x015315    0x64  CommonLib.o [1]
  .far_func.text     ro code  0x015379    0x64  long_util.o [5]
  .far_func.text     ro code  0x0153dd    0x62  ApiPocCmd.o [1]
  .far_func.text     ro code  0x01543f    0x61  ApiDisplay.o [1]
  .far_func.text     ro code  0x0154a0    0x61  KeyCmd.o [1]
  .far_func.text     ro code  0x015501    0x61  stm8s_tim1.o [1]
  .far_func.text     ro code  0x015562    0x5f  ADC.o [1]
  .far_func.text     ro code  0x0155c1    0x5e  CommonLib.o [1]
  .far_func.text     ro code  0x01561f    0x5d  short.o [5]
  .far_func.text     ro code  0x01567c    0x5c  GT20L16P1Y_D.o [1]
  .far_func.text     ro code  0x0156d8    0x5c  uart3.o [1]
  .far_func.text     ro code  0x015734    0x58  stm8s_clk.o [1]
  .far_func.text     ro code  0x01578c    0x58  dc_util.o [5]
  .far_func.text     ro code  0x0157e4    0x57  ApiDisplay.o [1]
  .far_func.text     ro code  0x01583b    0x56  Tone.o [1]
  .far_func.text     ro code  0x015891    0x55  Delay.o [1]
  .far_func.text     ro code  0x0158e6    0x54  stm8s_adc2.o [1]
  .far_func.text     ro code  0x01593a    0x52  uart3.o [1]
  .far_func.text     ro code  0x01598c    0x50  Flash_eeprom.o [1]
  .far_func.text     ro code  0x0159dc    0x4f  ApiDisplay.o [1]
  .far_func.text     ro code  0x015a2b    0x4f  Flash_eeprom.o [1]
  .far_func.text     ro code  0x015a7a    0x4f  uart3.o [1]
  .far_func.text     ro code  0x015ac9    0x4f  Voice.o [1]
  .far_func.text     ro code  0x015b18    0x4e  CommonLib.o [1]
  .far_func.text     ro code  0x015b66    0x4e  System.o [1]
  .far_func.text     ro code  0x015bb4    0x4a  DrvGD83.o [1]
  .far_func.text     ro code  0x015bfe    0x4a  DrvGD83.o [1]
  .far_func.text     ro code  0x015c48    0x4a  DrvGD83.o [1]
  .far_func.text     ro code  0x015c92    0x4a  DrvGD83.o [1]
  .far_func.text     ro code  0x015cdc    0x49  stm8s_uart3.o [1]
  .far_func.text     ro code  0x015d25    0x48  Flash_eeprom.o [1]
  .far_func.text     ro code  0x015d6d    0x48  GT20L16P1Y_D.o [1]
  .far_func.text     ro code  0x015db5    0x48  GT20L16P1Y_D.o [1]
  .far_func.text     ro code  0x015dfd    0x47  GT20L16P1Y.o [3]
  .far_func.text     ro code  0x015e44    0x45  ApiGpsCmd.o [1]
  .far_func.text     ro code  0x015e89    0x45  Flash_eeprom.o [1]
  .far_func.text     ro code  0x015ece    0x43  stm8s_tim1.o [1]
  .far_func.text     ro code  0x015f11    0x40  Task.o [1]
  .far_func.text     ro code  0x015f51    0x3e  Flash_eeprom.o [1]
  .far_func.text     ro code  0x015f8f    0x3d  DrvGD83.o [1]
  .far_func.text     ro code  0x015fcc    0x39  uart3.o [1]
  .far_func.text     ro code  0x016005    0x38  Beep.o [1]
  .far_func.text     ro code  0x01603d    0x38  DrvGT20L16S1Y.o [1]
  .far_func.text     ro code  0x016075    0x36  ApiPocCmd.o [1]
  .far_func.text     ro code  0x0160ab    0x36  stm8s_flash.o [1]
  .far_func.text     ro code  0x0160e1    0x36  sysclock.o [1]
  .far_func.text     ro code  0x016117    0x36  memcmp.o [5]
  .far_func.text     ro code  0x01614d    0x34  McuConfig.o [1]
  .far_func.text     ro code  0x016181    0x32  stm8s_uart1.o [1]
  .far_func.text     ro code  0x0161b3    0x31  main.o [1]
  .far_func.text     ro code  0x0161e4    0x30  stm8s_adc2.o [1]
  .far_func.text     ro code  0x016214    0x2f  ApiDisplay.o [1]
  .far_func.text     ro code  0x016243    0x2f  stm8s_adc2.o [1]
  .far_func.text     ro code  0x016272    0x2e  ApiDisplay.o [1]
  .far_func.text     ro code  0x0162a0    0x2e  ApiDisplay.o [1]
  .far_func.text     ro code  0x0162ce    0x2e  ApiDisplay.o [1]
  .far_func.text     ro code  0x0162fc    0x2e  ApiDisplay.o [1]
  .far_func.text     ro code  0x01632a    0x2e  McuConfig.o [1]
  .far_func.text     ro code  0x016358    0x2d  ApiDisplay.o [1]
  .far_func.text     ro code  0x016385    0x2d  stm8s_uart1.o [1]
  .far_func.text     ro code  0x0163b2    0x2c  DrvGD83.o [1]
  .far_func.text     ro code  0x0163de    0x2b  sysclock.o [1]
  .far_func.text     ro code  0x016409    0x2b  Task.o [1]
  .far_func.text     ro code  0x016434    0x2a  ApiPocCmd.o [1]
  .far_func.text     ro code  0x01645e    0x29  Delay.o [1]
  .far_func.text     ro code  0x016487    0x29  McuConfig.o [1]
  .far_func.text     ro code  0x0164b0    0x28  stm8s_flash.o [1]
  .far_func.text     ro code  0x0164d8    0x28  init_small.o [5]
  .far_func.text     ro code  0x016500    0x27  ADC.o [1]
  .far_func.text     ro code  0x016527    0x27  McuConfig.o [1]
  .far_func.text     ro code  0x01654e    0x26  GT20L16P1Y_D.o [1]
  .far_func.text     ro code  0x016574    0x26  stm8s_it.o [1]
  .far_func.text     ro code  0x01659a    0x26  Tone.o [1]
  .far_func.text     ro code  0x0165c0    0x26  memcpy.o [5]
  .far_func.text     ro code  0x0165e6    0x25  stm8s_flash.o [1]
  .far_func.text     ro code  0x01660b    0x25  stm8s_uart3.o [1]
  .far_func.text     ro code  0x016630    0x25  move.o [5]
  .far_func.text     ro code  0x016655     0x1  ApiKeyboard.o [1]
                            - 0x016656  0x6656


*******************************************************************************
*** INIT TABLE
***

          Address   Size
          -------   ----
Zero (__iar_zero_init2)
    3 destination ranges, total size 0x160e:
          0x000010  0xb4b
          0x000b5b  0x3a6
          0x000f01  0x71d

Copy (__iar_copy_init2)
    1 source range, total size 0x64:
          0x00a2e0   0x64
    1 destination range, total size 0x64:
          0x00161e   0x64



*******************************************************************************
*** MODULE SUMMARY
***

    Module                 ro code  ro data  rw data
    ------                 -------  -------  -------
E:\1-source\A508\PRJ\Debug\Obj: [1]
    ADC.o                      803      162        7
    ApiAtCmd.o               2 995      334      205
    ApiBeidou.o                                   82
    ApiDisplay.o             1 757    1 128      578
    ApiGpsCmd.o              3 683               477
    ApiKeyboard.o            3 523      215       34
    ApiLED.o                   149                 1
    ApiMenu.o                1 594      498        8
    ApiPocCmd.o              5 100      116    3 178
    Beep.o                     867                18
    CommonLib.o              1 158       17
    Config.o                   556
    Delay.o                  2 691      159       51
    DrvGD83.o                2 847       33      943
    DrvGT20L16S1Y.o            679
    DrvHTG12832.o              594                 2
    DrvKeyboard.o            1 440
    Flash_eeprom.o             362
    GT20L16P1Y_D.o             274    7 776
    KeyCmd.o                   143       66
    McuConfig.o                355
    System.o                   345       23       20
    Task.o                   3 019      720       45
    Tone.o                     231                18
    Voice.o                    207                 6
    main.o                      49
    stm8s_adc2.o               379
    stm8s_clk.o                269        4
    stm8s_flash.o              201
    stm8s_gpio.o               195
    stm8s_it.o                 119
    stm8s_itc.o                259
    stm8s_tim1.o               392
    stm8s_tim3.o                71
    stm8s_uart1.o              716
    stm8s_uart3.o              752
    sysclock.o                 128
    uart3.o                  2 343       30       73
    ------------------------------------------------
    Total:                  41 245   11 281    5 746

command line: [2]
    ------------------------------------------------
    Total:

GT20L16_STM8_DOUBLE_MEDIUM_IAR.a: [3]
    GT20L16P1Y.o             1 770       62
    ------------------------------------------------
    Total:                   1 770       62

dbgstm8mmd.a: [4]
    __dbg_break.o                1
    __dbg_xxexit.o              22
    ------------------------------------------------
    Total:                      23

dlstm8mmn.a: [5]
    cexit.o                      6
    char.o                       6
    cstartup.o                  23
    dc_util.o                   88
    exit.o                       4
    far_util.o                  14
    init.o                      30
    init_small.o                70
    interrupt.o                  4      128
    long.o                     428
    long_util.o                100
    low_level_init.o             3
    memcmp.o                    54
    memcpy.o                    38
    memset.o                    23
    move.o                      37
    short.o                     93
    strlen.o                    18
    unhandled_exception.o        3
    vreg_util.o                348
    vregs.o                                       16
    ------------------------------------------------
    Total:                   1 390      128       16

    Linker created                       28      256
----------------------------------------------------
    Grand Total:            44 428   11 499    6 018


*******************************************************************************
*** ENTRY LIST
***

Entry                    Address    Size  Type      Object
-----                    -------    ----  ----      ------
.iar.init_table$$Base   0x00a4f4           --   Gb  - Linker created -
.iar.init_table$$Limit  0x00a510           --   Gb  - Linker created -
?add32_l0_l0_0x         0x011bfa          Code  Gb  long.o [5]
?add32_l0_l0_l1         0x011bf7          Code  Gb  long.o [5]
?and32_l0_l0_0x         0x011d36          Code  Gb  long.o [5]
?and32_l0_l0_l1         0x011d33          Code  Gb  long.o [5]
?b0                     0x000000          Data  Gb  vregs.o [5]
?b1                     0x000001          Data  Gb  vregs.o [5]
?b10                    0x00000a          Data  Gb  vregs.o [5]
?b11                    0x00000b          Data  Gb  vregs.o [5]
?b12                    0x00000c          Data  Gb  vregs.o [5]
?b13                    0x00000d          Data  Gb  vregs.o [5]
?b14                    0x00000e          Data  Gb  vregs.o [5]
?b15                    0x00000f          Data  Gb  vregs.o [5]
?b2                     0x000002          Data  Gb  vregs.o [5]
?b3                     0x000003          Data  Gb  vregs.o [5]
?b4                     0x000004          Data  Gb  vregs.o [5]
?b5                     0x000005          Data  Gb  vregs.o [5]
?b6                     0x000006          Data  Gb  vregs.o [5]
?b7                     0x000007          Data  Gb  vregs.o [5]
?b8                     0x000008          Data  Gb  vregs.o [5]
?b9                     0x000009          Data  Gb  vregs.o [5]
?dc32_l0                0x01578c          Code  Gb  dc_util.o [5]
?dc32_l1                0x0157b8          Code  Gb  dc_util.o [5]
?e0                     0x000001          Data  Gb  vregs.o [5]
?e1                     0x000005          Data  Gb  vregs.o [5]
?e2                     0x000009          Data  Gb  vregs.o [5]
?e3                     0x00000d          Data  Gb  vregs.o [5]
?epilogue_l2            0x0128d2          Code  Gb  vreg_util.o [5]
?epilogue_l2_l3         0x0128ce          Code  Gb  vreg_util.o [5]
?epilogue_l2_w6         0x0128d7          Code  Gb  vreg_util.o [5]
?epilogue_w4            0x0128e0          Code  Gb  vreg_util.o [5]
?l0                     0x000000          Data  Gb  vregs.o [5]
?l1                     0x000004          Data  Gb  vregs.o [5]
?l2                     0x000008          Data  Gb  vregs.o [5]
?l3                     0x00000c          Data  Gb  vregs.o [5]
?load24_e1_0x           0x00f27a          Code  Gb  far_util.o [5]
?load32_0x_l0           0x0153cf          Code  Gb  long_util.o [5]
?load32_l0_0x           0x015393          Code  Gb  long_util.o [5]
?load32_l0_asp          0x015387          Code  Gb  long_util.o [5]
?load32_l0_dbsp         0x015379          Code  Gb  long_util.o [5]
?load32_l0_xsp          0x015389          Code  Gb  long_util.o [5]
?load32_l1_0x           0x0153b9          Code  Gb  long_util.o [5]
?load32_l1_asp          0x0153ad          Code  Gb  long_util.o [5]
?load32_l1_dbsp         0x01539f          Code  Gb  long_util.o [5]
?load32_l1_xsp          0x0153af          Code  Gb  long_util.o [5]
?load32_xsp_l0          0x0153c5          Code  Gb  long_util.o [5]
?longfarg16_v_w0_a      0x01663d          Code  Gb  move.o [5]
?longfarg16_v_w0_x      0x01663f          Code  Gb  move.o [5]
?mov_e0_e1              0x0128fd          Code  Gb  vreg_util.o [5]
?mov_e0_e2              0x01290a          Code  Gb  vreg_util.o [5]
?mov_e0_e3              0x012917          Code  Gb  vreg_util.o [5]
?mov_e1_e0              0x012924          Code  Gb  vreg_util.o [5]
?mov_e1_e2              0x012931          Code  Gb  vreg_util.o [5]
?mov_e1_e3              0x01293e          Code  Gb  vreg_util.o [5]
?mov_e2_e0              0x01294b          Code  Gb  vreg_util.o [5]
?mov_e3_e0              0x01295f          Code  Gb  vreg_util.o [5]
?mov_e3_e1              0x01296c          Code  Gb  vreg_util.o [5]
?mov_l0_l1              0x0128fa          Code  Gb  vreg_util.o [5]
?mov_l0_l2              0x012907          Code  Gb  vreg_util.o [5]
?mov_l0_l3              0x012914          Code  Gb  vreg_util.o [5]
?mov_l1_l0              0x012921          Code  Gb  vreg_util.o [5]
?mov_l1_l2              0x01292e          Code  Gb  vreg_util.o [5]
?mov_l1_l3              0x01293b          Code  Gb  vreg_util.o [5]
?mov_l2_l0              0x012948          Code  Gb  vreg_util.o [5]
?mov_l3_l0              0x01295c          Code  Gb  vreg_util.o [5]
?mov_l3_l1              0x012969          Code  Gb  vreg_util.o [5]
?mov_w1_w3              0x012900          Code  Gb  vreg_util.o [5]
?mov_w1_w4              0x0128e5          Code  Gb  vreg_util.o [5]
?mov_w1_w5              0x01290d          Code  Gb  vreg_util.o [5]
?mov_w1_w7              0x01291a          Code  Gb  vreg_util.o [5]
?mov_w2_w1              0x0128ec          Code  Gb  vreg_util.o [5]
?mov_w3_w1              0x012927          Code  Gb  vreg_util.o [5]
?mov_w3_w5              0x012934          Code  Gb  vreg_util.o [5]
?mov_w3_w7              0x012941          Code  Gb  vreg_util.o [5]
?mov_w5_w1              0x01294e          Code  Gb  vreg_util.o [5]
?mov_w5_w3              0x012955          Code  Gb  vreg_util.o [5]
?mov_w6_w0              0x0128f3          Code  Gb  vreg_util.o [5]
?mov_w7_w1              0x012962          Code  Gb  vreg_util.o [5]
?mov_w7_w3              0x01296f          Code  Gb  vreg_util.o [5]
?move1616_v_x_y_a       0x016630          Code  Gb  move.o [5]
?mul16_x_x_w0           0x01561f          Code  Gb  short.o [5]
?mul32_l0_l0_l1         0x011c2d          Code  Gb  long.o [5]
?or32_l0_l0_0x          0x011d51          Code  Gb  long.o [5]
?or32_l0_l0_l1          0x011d4e          Code  Gb  long.o [5]
?pop_l0                 0x012896          Code  Gb  vreg_util.o [5]
?pop_l1                 0x0128a1          Code  Gb  vreg_util.o [5]
?pop_l2                 0x0128ac          Code  Gb  vreg_util.o [5]
?pop_l3                 0x0128b7          Code  Gb  vreg_util.o [5]
?pop_w4                 0x012840          Code  Gb  vreg_util.o [5]
?pop_w5                 0x012847          Code  Gb  vreg_util.o [5]
?pop_w6                 0x01284e          Code  Gb  vreg_util.o [5]
?push_l0                0x012861          Code  Gb  vreg_util.o [5]
?push_l1                0x012866          Code  Gb  vreg_util.o [5]
?push_l2                0x01286b          Code  Gb  vreg_util.o [5]
?push_l3                0x012870          Code  Gb  vreg_util.o [5]
?push_w4                0x01281a          Code  Gb  vreg_util.o [5]
?push_w5                0x01281f          Code  Gb  vreg_util.o [5]
?push_w6                0x012824          Code  Gb  vreg_util.o [5]
?sdiv16_x_x_y           0x01563d          Code  Gb  short.o [5]
?sext16_x_a             0x015675          Code  Gb  short.o [5]
?sext32_l0_a            0x011d96          Code  Gb  long.o [5]
?sext32_l0_x            0x011d8b          Code  Gb  long.o [5]
?sll16_x_x_4            0x015670          Code  Gb  short.o [5]
?sll16_x_x_5            0x01566f          Code  Gb  short.o [5]
?sll16_x_x_6            0x01566e          Code  Gb  short.o [5]
?sll16_x_x_a            0x015666          Code  Gb  short.o [5]
?sll32_0x_0x_a          0x011d6c          Code  Gb  long.o [5]
?sll32_l0_l0_a          0x011d69          Code  Gb  long.o [5]
?smod16_y_x_y           0x015656          Code  Gb  short.o [5]
?srl32_0x_0x_a          0x011d7d          Code  Gb  long.o [5]
?srl32_l0_l0_a          0x011d7a          Code  Gb  long.o [5]
?srl8_a_a_5             0x00f386          Code  Gb  char.o [5]
?srl8_a_a_6             0x00f385          Code  Gb  char.o [5]
?sub32_l0_l0_0x         0x011c15          Code  Gb  long.o [5]
?sub32_l0_l0_l1         0x011c12          Code  Gb  long.o [5]
?ucmp32_c_l0_l1         0x011d28          Code  Gb  long.o [5]
?udiv32_l0_dl_l1        0x011cb1          Code  Gb  long.o [5]
?udiv32_l0_l0_dl        0x011cb7          Code  Gb  long.o [5]
?udiv32_l0_l0_l1        0x011cbb          Code  Gb  long.o [5]
?umod32_l1_l0_dl        0x011cab          Code  Gb  long.o [5]
?umod32_l1_l0_l1        0x011cbb          Code  Gb  long.o [5]
?w0                     0x000000          Data  Gb  vregs.o [5]
?w1                     0x000002          Data  Gb  vregs.o [5]
?w2                     0x000004          Data  Gb  vregs.o [5]
?w3                     0x000006          Data  Gb  vregs.o [5]
?w4                     0x000008          Data  Gb  vregs.o [5]
?w5                     0x00000a          Data  Gb  vregs.o [5]
?w6                     0x00000c          Data  Gb  vregs.o [5]
?w7                     0x00000e          Data  Gb  vregs.o [5]
ADC2_Cmd                0x00f2bc     0xd  Code  Gb  stm8s_adc2.o [1]
ADC2_ConversionConfig   0x016243    0x2f  Code  Gb  stm8s_adc2.o [1]
ADC2_ExternalTriggerConfig
                        0x00ef4f    0x21  Code  Gb  stm8s_adc2.o [1]
ADC2_GetConversionValue
                        0x0158e6    0x54  Code  Gb  stm8s_adc2.o [1]
ADC2_IRQHandler         0x00f41d     0x1  Code  Gb  stm8s_it.o [1]
ADC2_Init               0x0161e4    0x30  Code  Gb  stm8s_adc2.o [1]
ADC2_PrescalerConfig    0x00f1be    0x13  Code  Gb  stm8s_adc2.o [1]
ADC2_SchmittTriggerConfig
                        0x014d6c    0x82  Code  Gb  stm8s_adc2.o [1]
ADC2_StartConversion    0x00f391     0x5  Code  Gb  stm8s_adc2.o [1]
ADC_Init                0x00eeeb    0x22  Code  Gb  ADC.o [1]
AF_Mute_Init            0x00f295     0xd  Code  Gb  McuConfig.o [1]
ASCII_ActiveUserID      0x001506    0x16  Data  Gb  ApiPocCmd.o [1]
AUDIO_IOAFMUT           0x00f0ca    0x19  Code  Gb  McuConfig.o [1]
AUDIO_IOAFPOW           0x00f0e3    0x19  Code  Gb  McuConfig.o [1]
AWU_IRQHandler          0x00f40d     0x1  Code  Gb  stm8s_it.o [1]
AkeyvolumeCount         0x00164e     0x1  Data  Gb  ApiKeyboard.o [1]
AlarmCount              0x001667     0x1  Data  Gb  Task.o [1]
ApGpsCmd_10msRenew      0x00ef0d    0x21  Code  Gb  ApiGpsCmd.o [1]
ApiAtCmd_100msRenew     0x00e5e5    0xb2  Code  Gb  ApiAtCmd.o [1]
ApiAtCmd_10msRenew      0x0134b1   0x11a  Code  Gb  ApiAtCmd.o [1]
ApiAtCmd_GetGroupName   0x00f1f7    0x12  Code  Gb  ApiPocCmd.o [1]
ApiAtCmd_GetGroupNameLen
                        0x00f198    0x13  Code  Gb  ApiPocCmd.o [1]
ApiAtCmd_GetGroupNum    0x00f3d1     0x4  Code  Gb  ApiPocCmd.o [1]
ApiAtCmd_GetLoginState  0x00f370     0x7  Code  Gb  ApiPocCmd.o [1]
ApiAtCmd_GetMainGroupId
                        0x00f3d9     0x4  Code  Gb  ApiPocCmd.o [1]
ApiAtCmd_GetMainWorkName
                        0x00f3cd     0x4  Code  Gb  ApiPocCmd.o [1]
ApiAtCmd_GetUserName    0x00f209    0x12  Code  Gb  ApiPocCmd.o [1]
ApiAtCmd_GetUserNameLen
                        0x00f1ab    0x13  Code  Gb  ApiPocCmd.o [1]
ApiAtCmd_GetUserNum     0x00f3d5     0x4  Code  Gb  ApiPocCmd.o [1]
ApiAtCmd_Get_DateTime_Information
                        0x012acf   0x153  Code  Gb  ApiAtCmd.o [1]
ApiAtCmd_Get_location_Information
                        0x011da3   0x190  Code  Gb  ApiAtCmd.o [1]
ApiAtCmd_PlayVoice      0x014e6e    0x73  Code  Gb  ApiAtCmd.o [1]
ApiAtCmd_SetLoginState  0x00f25e     0xe  Code  Gb  ApiPocCmd.o [1]
ApiAtCmd_WritCommand    0x00e3c3   0x222  Code  Gb  ApiAtCmd.o [1]
ApiAtCmd_ZTTSCount      0x001600     0x1  Data  Gb  Delay.o [1]
ApiAtCmd_ZTTS_Flag      0x0015a1     0x1  Data  Gb  ApiAtCmd.o [1]
ApiAtCmd_tcp_state      0x00f346     0xa  Code  Gb  ApiAtCmd.o [1]
ApiCaretCmd_10msRenew   0x00ec24   0x2a3  Code  Gb  ApiAtCmd.o [1]
ApiGpsCmd_100msRenew    0x00db2f   0x1f9  Code  Gb  ApiGpsCmd.o [1]
ApiGpsCmd_PowerOnInitial
                        0x010de8   0x230  Code  Gb  ApiGpsCmd.o [1]
ApiGpsServerType        0x0015b0     0x1  Data  Gb  ApiGpsCmd.o [1]
ApiGps_GetTcpPortAddress_No5
                        0x00f3c9     0x4  Code  Gb  ApiGpsCmd.o [1]
ApiMenu_BacklightTimeSet_Flag
                        0x0015ce     0x1  Data  Gb  ApiMenu.o [1]
ApiMenu_BeiDouOrWritingFrequency_Flag
                        0x0015d0     0x1  Data  Gb  ApiMenu.o [1]
ApiMenu_GpsInfo_Flag    0x0015cc     0x1  Data  Gb  ApiMenu.o [1]
ApiMenu_KeylockTimeSet_Flag
                        0x0015cf     0x1  Data  Gb  ApiMenu.o [1]
ApiMenu_NativeInfo_Flag
                        0x0015cd     0x1  Data  Gb  ApiMenu.o [1]
ApiMenu_SwitchCallUser_Flag
                        0x0015ca     0x1  Data  Gb  ApiMenu.o [1]
ApiMenu_SwitchGroup_Flag
                        0x0015c9     0x1  Data  Gb  ApiMenu.o [1]
ApiMenu_SwitchOnlineUser_Flag
                        0x0015cb     0x1  Data  Gb  ApiMenu.o [1]
ApiPocCmd_10msRenew     0x00d223   0x612  Code  Gb  ApiPocCmd.o [1]
ApiPocCmd_PersonalCallingMode
                        0x0015d2     0x1  Data  Gb  ApiPocCmd.o [1]
ApiPocCmd_PlayReceivedVoice_Flag
                        0x0015df     0x1  Data  Gb  ApiPocCmd.o [1]
ApiPocCmd_Tone_Flag     0x0015de     0x1  Data  Gb  ApiPocCmd.o [1]
ApiPocCmd_WritCommand   0x011872   0x1d3  Code  Gb  ApiPocCmd.o [1]
ApiPocCmd_user_info_get
                        0x016075    0x36  Code  Gb  ApiPocCmd.o [1]
ApiPocCmd_user_info_set
                        0x013e2f    0xd8  Code  Gb  ApiPocCmd.o [1]
AtCmdDrvobj             0x0012c4    0x92  Data  Lc  ApiAtCmd.o [1]
AtCmd_NetParamCode      0x014b45    0x8d  Code  Lc  ApiAtCmd.o [1]
AtNotify_Queue          0x00c314    0x4d  Code  Lc  DrvGD83.o [1]
AtNotify_Queue_Start    0x00c361    0x56  Code  Lc  DrvGD83.o [1]
BEEP_Interrupt10ms      0x00f02c    0x1c  Code  Gb  Beep.o [1]
BEEP_PowerOnInitial     0x00e2f0    0xd3  Code  Gb  Beep.o [1]
BEEP_SetOutput          0x00e0b4   0x23c  Code  Gb  Beep.o [1]
BEEP_Time               0x016005    0x38  Code  Gb  Beep.o [1]
BacklightTimeCount      0x001603     0x1  Data  Gb  Delay.o [1]
BacklightTimeSetCount   0x001657     0x1  Data  Gb  ApiKeyboard.o [1]
BatteryLevel            0x001598     0x1  Data  Gb  ADC.o [1]
BeepDrvObj              0x001530    0x12  Data  Lc  Beep.o [1]
BeidouRxData            0x0013a6    0x4b  Data  Gb  ApiBeidou.o [1]
BeidouRxDataLen         0x0015aa     0x1  Data  Gb  ApiBeidou.o [1]
BitTab                  0x00ac43     0x8  Data  Gb  ApiDisplay.o [1]
BootProcess_PPPCFG_Flag
                        0x0015a0     0x1  Data  Gb  ApiAtCmd.o [1]
BootProcess_SIMST_Flag  0x00159f     0x1  Data  Gb  ApiAtCmd.o [1]
CFG_GetCurAdr           0x011018   0x22c  Code  Gb  Config.o [1]
CHAR_HIGH               0x00a9d3    0x10  Data  Gb  ApiDisplay.o [1]
CHAR_TO_Digital         0x0151e6    0x67  Code  Gb  ApiAtCmd.o [1]
CHAR_WIDTH              0x00a9e3    0x10  Data  Gb  ApiDisplay.o [1]
CLK_ClockSwitchConfig   0x014560    0xa2  Code  Gb  stm8s_clk.o [1]
CLK_GetClockFreq        0x015734    0x58  Code  Gb  stm8s_clk.o [1]
CLK_HSIPrescalerConfig  0x00f1d1    0x13  Code  Gb  stm8s_clk.o [1]
CLK_IRQHandler          0x00f40e     0x1  Code  Gb  stm8s_it.o [1]
COMLHexArray2String     0x0152b1    0x64  Code  Lc  ApiGpsCmd.o [1]
COML_AscToHex           0x0137d1    0xfa  Code  Gb  CommonLib.o [1]
COML_DecToAsc           0x015315    0x64  Code  Gb  CommonLib.o [1]
COML_HexToAsc           0x0141ff    0xb2  Code  Gb  CommonLib.o [1]
COML_HexToAsc2          0x0147ce    0x96  Code  Gb  CommonLib.o [1]
COML_StringReverse      0x0155c1    0x5e  Code  Gb  CommonLib.o [1]
CSQTimeCount            0x0015f3     0x1  Data  Gb  Delay.o [1]
CSQValue                0x0015a5     0x1  Data  Gb  ApiAtCmd.o [1]
CSQ_Flag                0x0015a2     0x1  Data  Gb  ApiAtCmd.o [1]
CSTACK$$Base            0x001700           --   Gb  - Linker created -
CSTACK$$Limit           0x001800           --   Gb  - Linker created -
C_TEST_OUT_SET          0x00f2af     0xd  Code  Gb  McuConfig.o [1]
CaretNotify_Queue       0x00c27a    0x4d  Code  Lc  DrvGD83.o [1]
CaretNotify_Queue_Start
                        0x00c40d    0x56  Code  Lc  DrvGD83.o [1]
CharCode                0x00158e     0x2  Data  Gb  ApiDisplay.o [1]
Combine2Hex             0x01311f   0x134  Code  Gb  CommonLib.o [1]
Count                   0x001599     0x1  Data  Gb  ADC.o [1]
Count2                  0x00159a     0x1  Data  Gb  ADC.o [1]
Count3                  0x00159b     0x1  Data  Gb  ADC.o [1]
DEL_100msProcess        0x00c1e9    0x58  Code  Lc  Delay.o [1]
DEL_10msProcess         0x00c241    0x1d  Code  Lc  Delay.o [1]
DEL_1msProcess          0x00c25e     0xc  Code  Lc  Delay.o [1]
DEL_500msProcess        0x00b9c8   0x821  Code  Lc  Delay.o [1]
DEL_500ms_Count         0x0015ed     0x1  Data  Gb  Delay.o [1]
DEL_500ms_Count2        0x0015ee     0x1  Data  Gb  Delay.o [1]
DEL_GetTimer            0x015891    0x55  Code  Gb  Delay.o [1]
DEL_Interrupt           0x0144bd    0xa3  Code  Gb  Delay.o [1]
DEL_PowerOnInitial      0x00ef2e    0x21  Code  Gb  Delay.o [1]
DEL_Renew               0x00c26a    0x10  Code  Gb  Delay.o [1]
DEL_SetTimer            0x014ee1    0x73  Code  Gb  Delay.o [1]
DEL_Soft1ms             0x00f048    0x1c  Code  Gb  Delay.o [1]
DEL_TimerRenew          0x01645e    0x29  Code  Lc  Delay.o [1]
DISP_DataBuf            0x013f07    0xc8  Code  Lc  ApiDisplay.o [1]
DISP_MulTypePro         0x013fcf    0xc0  Code  Lc  ApiDisplay.o [1]
DISP_MulTypePro2        0x013d56    0xd9  Code  Lc  ApiDisplay.o [1]
Data_Date0              0x00f3b9     0x4  Code  Gb  ApiAtCmd.o [1]
Data_Date1              0x00f3bd     0x4  Code  Gb  ApiAtCmd.o [1]
Data_Date2              0x00f3c1     0x4  Code  Gb  ApiAtCmd.o [1]
Data_Latitude_Minute    0x00f3a9     0x4  Code  Gb  ApiAtCmd.o [1]
Data_Latitude_Second    0x00f369     0x7  Code  Gb  ApiAtCmd.o [1]
Data_Longitude_Minute   0x00f3a5     0x4  Code  Gb  ApiAtCmd.o [1]
Data_Longitude_Second   0x00f362     0x7  Code  Gb  ApiAtCmd.o [1]
Data_Speed              0x00f3c5     0x4  Code  Gb  ApiAtCmd.o [1]
Data_Time0              0x00f3ad     0x4  Code  Gb  ApiAtCmd.o [1]
Data_Time1              0x00f3b1     0x4  Code  Gb  ApiAtCmd.o [1]
Data_Time2              0x00f3b5     0x4  Code  Gb  ApiAtCmd.o [1]
Dec2Hex                 0x015b18    0x4e  Code  Gb  CommonLib.o [1]
DefaultSystemClockForHSI
                        0x00efd1    0x1f  Code  Gb  sysclock.o [1]
DelDrvObj               0x00156e     0xb  Data  Lc  Delay.o [1]
Delay_100ms             0x015f11    0x40  Code  Gb  Task.o [1]
DisDataBit              0x001435    0x40  Data  Gb  ApiDisplay.o [1]
DisDataBuf              0x000f01   0x200  Data  Gb  ApiDisplay.o [1]
DrvGD83DrvObj           0x000b5b   0x3a6  Data  Lc  DrvGD83.o [1]
DrvGD83_UART_TxCommand  0x014dee    0x80  Code  Gb  DrvGD83.o [1]
DrvMC8332_AtNotify_Queue_front
                        0x015bfe    0x4a  Code  Gb  DrvGD83.o [1]
DrvMC8332_CaretNotify_Queue_front
                        0x015bb4    0x4a  Code  Gb  DrvGD83.o [1]
DrvMC8332_GpsNotify_Queue_front
                        0x015c92    0x4a  Code  Gb  DrvGD83.o [1]
DrvMC8332_PocNotify_Queue_front
                        0x015c48    0x4a  Code  Gb  DrvGD83.o [1]
DrvMC8332_Software_Initial
                        0x015f8f    0x3d  Code  Gb  DrvGD83.o [1]
DrvMC8332_TxPort_SetValidable
                        0x0163b2    0x2c  Code  Gb  DrvGD83.o [1]
DrvMC8332_UART_Interrupt
                        0x00c6d2   0x3cb  Code  Gb  DrvGD83.o [1]
DrvMc8332_UART_TxTail   0x0139be    0xeb  Code  Gb  DrvGD83.o [1]
EEPROM_EEC_IRQHandler   0x00f41f     0x1  Code  Gb  stm8s_it.o [1]
EXTI_PORTA_IRQHandler   0x00f40f     0x1  Code  Gb  stm8s_it.o [1]
EXTI_PORTB_IRQHandler   0x00f410     0x1  Code  Gb  stm8s_it.o [1]
EXTI_PORTC_IRQHandler   0x00f411     0x1  Code  Gb  stm8s_it.o [1]
EXTI_PORTD_IRQHandler   0x00f412     0x1  Code  Gb  stm8s_it.o [1]
EXTI_PORTE_IRQHandler   0x00f413     0x1  Code  Gb  stm8s_it.o [1]
EnterKeyTimeCount       0x0015f6     0x1  Data  Gb  Delay.o [1]
EnterPersonalCalling    0x0015e1     0x1  Data  Gb  ApiPocCmd.o [1]
EnterPttMomentCount     0x001613     0x1  Data  Gb  Task.o [1]
EnterPttMoment_Flag     0x001615     0x1  Data  Gb  Task.o [1]
FILE_Read               0x015d25    0x48  Code  Gb  Flash_eeprom.o [1]
FILE_Read2              0x015e89    0x45  Code  Gb  Flash_eeprom.o [1]
FILE_Write              0x015a2b    0x4f  Code  Gb  Flash_eeprom.o [1]
FILE_Write2             0x01598c    0x50  Code  Gb  Flash_eeprom.o [1]
FLASH_EraseOptionByte   0x0164b0    0x28  Code  Gb  stm8s_flash.o [1]
FLASH_GetFlagStatus     0x00f184    0x14  Code  Gb  stm8s_flash.o [1]
FLASH_Lock              0x00f377     0x7  Code  Gb  stm8s_flash.o [1]
FLASH_ProgramByte       0x00f396     0x5  Code  Gb  stm8s_flash.o [1]
FLASH_ProgramOptionByte
                        0x0165e6    0x25  Code  Gb  stm8s_flash.o [1]
FLASH_ReadByte          0x00f39b     0x5  Code  Gb  stm8s_flash.o [1]
FLASH_SetProgrammingTime
                        0x00f33b     0xb  Code  Gb  stm8s_flash.o [1]
FLASH_Unlock            0x00f158    0x16  Code  Gb  stm8s_flash.o [1]
FLASH_WaitForLastOperation
                        0x0160ab    0x36  Code  Gb  stm8s_flash.o [1]
GB2312_16_GetData       0x0104cd   0x251  Code  Gb  GT20L16P1Y.o [3]
GPIO_Init               0x014361    0xaf  Code  Gb  stm8s_gpio.o [1]
GPIO_ReadInputPin       0x00f350     0x9  Code  Gb  stm8s_gpio.o [1]
GPIO_WriteHigh          0x00f37e     0x7  Code  Gb  stm8s_gpio.o [1]
GPIO_WriteLow           0x00f3dd     0x4  Code  Gb  stm8s_gpio.o [1]
GeHuTest                0x016655     0x1  Code  Lc  ApiKeyboard.o [1]
GetAllGroupMemberNameCount
                        0x001604     0x1  Data  Gb  Delay.o [1]
GetIPPORT               0x015e44    0x45  Code  Gb  ApiGpsCmd.o [1]
GetMemberCount          0x0015d1     0x1  Data  Gb  ApiPocCmd.o [1]
GetNoOnlineMembersCount
                        0x0015fe     0x1  Data  Gb  Delay.o [1]
GetPersonalCallingMode  0x00f330     0xb  Code  Gb  ApiPocCmd.o [1]
GetPointArrayData32     0x015d6d    0x48  Code  Gb  GT20L16P1Y_D.o [1]
GetTaskId               0x00f3f1     0x4  Code  Gb  System.o [1]
Get_0X_ActiveUserIDBuf  0x001563     0xb  Data  Gb  ApiPocCmd.o [1]
Get_GBK_ActiveUserID    0x0153dd    0x62  Code  Gb  ApiPocCmd.o [1]
Get_Unicode_ActiveUserID
                        0x014ce7    0x85  Code  Gb  ApiPocCmd.o [1]
Get_Unicode_ActiveUserIDBuf
                        0x001475    0x2d  Data  Gb  ApiPocCmd.o [1]
GettheOnlineMembersDone
                        0x0015e9     0x1  Data  Gb  ApiPocCmd.o [1]
GpsCmd_GbAnalytical     0x01071e   0x24d  Code  Lc  ApiGpsCmd.o [1]
GpsCmd_GbDataTransave   0x00e964   0x2c0  Code  Lc  ApiGpsCmd.o [1]
GpsCmd_GbWritCommand    0x00d835   0x2fa  Code  Lc  ApiGpsCmd.o [1]
GpsFunDrvObj            0x001101   0x1c3  Data  Lc  ApiGpsCmd.o [1]
GpsNotify_Queue         0x00c655    0x7d  Code  Lc  DrvGD83.o [1]
GpsNotify_Queue_Start   0x00c463    0x9a  Code  Lc  DrvGD83.o [1]
GpsReconnectionTimeCount
                        0x0015f2     0x1  Data  Gb  Delay.o [1]
GroupCallingNum         0x001655     0x1  Data  Gb  ApiKeyboard.o [1]
HDRCSQSignalIcons       0x014602    0x9c  Code  Gb  ApiAtCmd.o [1]
HDRCSQValue             0x0015a4     0x1  Data  Gb  ApiAtCmd.o [1]
HSE_ClockStartUpConfiguration
                        0x0160e1    0x36  Code  Lc  sysclock.o [1]
HSIDivFactor            0x00acd6     0x4  Data  Gb  stm8s_clk.o [1]
HexToChar_AllOnlineMemberNum
                        0x00ef91    0x20  Code  Gb  ApiPocCmd.o [1]
HtgDrvObj               0x001596     0x2  Data  Lc  DrvHTG12832.o [1]
I2C_IRQHandler          0x00f41b     0x1  Code  Gb  stm8s_it.o [1]
INTVEC$$Base            0x008000           --   Gb  - Linker created -
INTVEC$$Limit           0x008080           --   Gb  - Linker created -
ITC_SetSoftwarePriority
                        0x0135cb   0x103  Code  Gb  stm8s_itc.o [1]
Ico_DataBuf             0x009b80   0x400  Data  Gb  ApiDisplay.o [1]
InputGBcode             0x009f80   0x1b0  Data  Gb  GT20L16P1Y_D.o [1]
InputUnicode            0x00a130   0x1b0  Data  Gb  GT20L16P1Y_D.o [1]
InvalidCallCount        0x0015d5     0x1  Data  Gb  ApiPocCmd.o [1]
KCMD_GetMcuVersion      0x0154a0    0x61  Code  Lc  KeyCmd.o [1]
KCMD_KeyCmdGet          0x00efb1    0x20  Code  Gb  KeyCmd.o [1]
KEY_4Count              0x001605     0x1  Data  Gb  Delay.o [1]
KEY_4_Flag              0x001617     0x1  Data  Gb  Task.o [1]
KEY_TABLE               0x00ace5     0x3  Data  Lc  uart3.o [1]
Key3Option              0x00160d     0x1  Data  Gb  Task.o [1]
Key3_PlayValue          0x0015ad     0x1  Data  Gb  ApiGpsCmd.o [1]
Key3_PlayVoice          0x011f33   0x18e  Code  Gb  Task.o [1]
KeyBatteryReport        0x015562    0x5f  Code  Gb  ADC.o [1]
KeyDownUpChoose_GroupOrUser_Flag
                        0x0015a3     0x1  Data  Gb  ApiAtCmd.o [1]
KeyPersonalCallingCount
                        0x0015b3     0x1  Data  Gb  ApiKeyboard.o [1]
KeyPttState             0x0015e7     0x1  Data  Gb  ApiPocCmd.o [1]
KeyUpDownCount          0x0015b2     0x1  Data  Gb  ApiKeyboard.o [1]
Key_Flag_1              0x0015b4     0x1  Data  Gb  ApiKeyboard.o [1]
Key_Init                0x01614d    0x34  Code  Gb  McuConfig.o [1]
Key_PersonalCalling_Flag
                        0x001610     0x1  Data  Gb  Task.o [1]
Keyboard_Test           0x00aceb   0xcdd  Code  Gb  ApiKeyboard.o [1]
KeylockTimeCount        0x001594     0x2  Data  Gb  Delay.o [1]
KeylockTimeSetCount     0x001658     0x1  Data  Gb  ApiKeyboard.o [1]
LED_Conut               0x0015c8     0x1  Data  Gb  ApiLED.o [1]
LED_Init                0x016527    0x27  Code  Gb  McuConfig.o [1]
LED_IntOutputRenew      0x0148fa    0x95  Code  Gb  ApiLED.o [1]
LandingTimeCount        0x0015f4     0x1  Data  Gb  Delay.o [1]
Level3MenuDisplay       0x0123cf   0x173  Code  Gb  ApiMenu.o [1]
LobatteryTask_StartCount
                        0x0015fd     0x1  Data  Gb  Delay.o [1]
LobatteryTask_StartFlag
                        0x00159d     0x1  Data  Gb  ADC.o [1]
LockingState_EnterOK_Flag
                        0x0015b8     0x1  Data  Gb  ApiKeyboard.o [1]
LockingState_Flag       0x001602     0x1  Data  Gb  Delay.o [1]
LoosenPttMomentCount    0x001614     0x1  Data  Gb  Task.o [1]
LoosenPttMoment_Flag    0x001616     0x1  Data  Gb  Task.o [1]
LowVoltageDetection     0x010000   0x27b  Code  Gb  ADC.o [1]
LowVoltageDetection_Flag
                        0x00159c     0x1  Data  Gb  ADC.o [1]
MCU_VERSIONForMenu      0x00f26c     0xe  Code  Gb  KeyCmd.o [1]
MIC_GPIO_Init           0x00f288     0xd  Code  Gb  McuConfig.o [1]
MIC_IOMUT               0x00f0b1    0x19  Code  Gb  McuConfig.o [1]
Mcu_Version             0x00a510    0x20  Data  Lc  KeyCmd.o [1]
MenuDisplay             0x00dd28   0x38c  Code  Gb  ApiMenu.o [1]
MenuModeCount           0x001656     0x1  Data  Gb  ApiKeyboard.o [1]
MenuMode_Flag           0x0015b5     0x1  Data  Gb  ApiKeyboard.o [1]
NetworkType_2Gor3G_Flag
                        0x001668     0x1  Data  Gb  Task.o [1]
NoUseNum                0x00160e     0x1  Data  Gb  Task.o [1]
Noise_Mute_Init         0x00f2a2     0xd  Code  Gb  McuConfig.o [1]
Notify_Queue_Stop       0x00c4fd   0x158  Code  Lc  DrvGD83.o [1]
NumberKeyboardPressDown_flag
                        0x0015b7     0x1  Data  Gb  ApiKeyboard.o [1]
OffLineCount            0x0015e6     0x1  Data  Gb  ApiPocCmd.o [1]
OneChannelGetADValue    0x016500    0x27  Code  Lc  ADC.o [1]
PAS_NULLTBL             0x00aa33    0x10  Data  Lc  uart3.o [1]
POC_AtEnterPersonalCalling_Flag
                        0x0015d9     0x1  Data  Gb  ApiPocCmd.o [1]
POC_AtQuitPersonalCalling_Flag
                        0x0015da     0x1  Data  Gb  ApiPocCmd.o [1]
POC_EnterGroupCalling_Flag
                        0x0015db     0x1  Data  Gb  ApiPocCmd.o [1]
[...]
ReadBuffer              0x001356    0x50  Data  Gb  ApiPocCmd.o [1]
ReadBufferA             0x001608     0x1  Data  Gb  Delay.o [1]
ReadBufferB             0x001609     0x1  Data  Gb  Delay.o [1]
ReadByte                0x0157e4    0x57  Code  Gb  ApiDisplay.o [1]
Region$$Table$$Base     0x00a4f4           --   Gb  - Linker created -
Region$$Table$$Limit    0x00a510           --   Gb  - Linker created -
ReportTimerRead         0x0015ab     0x1  Data  Gb  ApiGpsCmd.o [1]
ReportTimerSET          0x0015ac     0x1  Data  Gb  ApiGpsCmd.o [1]
RxStartFlag             0x001579     0x6  Data  Gb  ApiBeidou.o [1]
SPI_IRQHandler          0x00f414     0x1  Code  Gb  stm8s_it.o [1]
SSWLCount               0x00160b     0x1  Data  Gb  Task.o [1]
SendByte                0x014c5f    0x88  Code  Gb  ApiDisplay.o [1]
SendGpsLoginInfoCount   0x0015af     0x1  Data  Gb  ApiGpsCmd.o [1]
SetTaskId               0x00f3f5     0x4  Code  Gb  System.o [1]
Set_GreenLed            0x00f07f    0x19  Code  Gb  McuConfig.o [1]
Set_RedLed              0x00f098    0x19  Code  Gb  McuConfig.o [1]
ShowTimeCount           0x001601     0x1  Data  Gb  Delay.o [1]
ShowTime_Flag           0x0015ec     0x1  Data  Gb  Delay.o [1]
SignalPoorCount         0x0015ea     0x1  Data  Gb  Delay.o [1]
StartingUpStep          0x00160c     0x1  Data  Gb  Task.o [1]
SubmenuMenuDisplay      0x012ea9   0x13b  Code  Gb  ApiMenu.o [1]
SwitchGroupBUG          0x0015e0     0x1  Data  Gb  ApiPocCmd.o [1]
SystemClock_Init        0x0163de    0x2b  Code  Gb  sysclock.o [1]
TASK_Ptt_StartPersonCalling_Flag
                        0x001611     0x1  Data  Gb  Task.o [1]
TASK_RunLoBattery       0x016409    0x2b  Code  Gb  Task.o [1]
TASK_WriteFreq          0x00f3f9     0x4  Code  Gb  Task.o [1]
TIM1_CAP_COM_IRQHandler
                        0x00f416     0x1  Code  Gb  stm8s_it.o [1]
TIM1_CCxCmd             0x015ece    0x43  Code  Gb  stm8s_tim1.o [1]
TIM1_Cmd                0x00f2c9     0xd  Code  Gb  stm8s_tim1.o [1]
TIM1_CtrlPWMOutputs     0x00f2d6     0xd  Code  Gb  stm8s_tim1.o [1]
TIM1_DeInit             0x01469e    0x99  Code  Gb  stm8s_tim1.o [1]
TIM1_OC1Init            0x015501    0x61  Code  Gb  stm8s_tim1.o [1]
TIM1_OC1PreloadConfig   0x00f2e3     0xd  Code  Gb  stm8s_tim1.o [1]
TIM1_PWM_Init           0x01583b    0x56  Code  Gb  Tone.o [1]
TIM1_TimeBaseInit       0x00eec7    0x24  Code  Gb  stm8s_tim1.o [1]
TIM1_UPD_OVF_TRG_BRK_IRQHandler
                        0x00f415     0x1  Code  Gb  stm8s_it.o [1]
TIM2_CAP_COM_IRQHandler
                        0x00f418     0x1  Code  Gb  stm8s_it.o [1]
TIM2_UPD_OVF_BRK_IRQHandler
                        0x00f417     0x1  Code  Gb  stm8s_it.o [1]
TIM3_ARRPreloadConfig   0x00f2fd     0xd  Code  Gb  stm8s_tim3.o [1]
TIM3_CAP_COM_IRQHandler
                        0x00f419     0x1  Code  Gb  stm8s_it.o [1]
TIM3_ClearITPendingBit  0x00f3a0     0x5  Code  Gb  stm8s_tim3.o [1]
TIM3_Cmd                0x00f2f0     0xd  Code  Gb  stm8s_tim3.o [1]
TIM3_ITConfig           0x00f1e4    0x13  Code  Gb  stm8s_tim3.o [1]
TIM3_PrescalerConfig    0x00f359     0x9  Code  Gb  stm8s_tim3.o [1]
TIM3_TimeBaseInit       0x00f324     0xc  Code  Gb  stm8s_tim3.o [1]
TIM3_UPD_OVF_BRK_IRQHandler
                        0x00ef70    0x21  Code  Gb  stm8s_it.o [1]
TIM4_UPD_OVF_IRQHandler
                        0x00f41e     0x1  Code  Gb  stm8s_it.o [1]
TLI_IRQHandler          0x00f40c     0x1  Code  Gb  stm8s_it.o [1]
TONE_PowerOnInitial     0x015112    0x6b  Code  Gb  Tone.o [1]
TONE_Start              0x0165a3    0x1d  Code  Gb  Tone.o [1]
TONE_Stop               0x01659a     0x9  Code  Gb  Tone.o [1]
TRAP_IRQHandler         0x00f40b     0x1  Code  Gb  stm8s_it.o [1]
TaskDrvObj              0x00151c    0x14  Data  Lc  System.o [1]
TaskStartDeleteDelay1   0x001618     0x1  Data  Gb  Task.o [1]
TaskStartDeleteDelay1Count
                        0x0015f8     0x1  Data  Gb  Delay.o [1]
TaskStartDeleteDelay2   0x001619     0x1  Data  Gb  Task.o [1]
TaskStartDeleteDelay3   0x00161a     0x1  Data  Gb  Task.o [1]
TaskStartDeleteDelay3Count
                        0x0015f9     0x1  Data  Gb  Delay.o [1]
TaskStartDeleteDelay4   0x001669     0x1  Data  Gb  Task.o [1]
TaskStartDeleteDelay4Count
                        0x0015fa     0x1  Data  Gb  Delay.o [1]
TaskStartDeleteDelay5   0x00161b     0x1  Data  Gb  Task.o [1]
TaskStartDeleteDelay6   0x00161c     0x1  Data  Gb  Task.o [1]
TaskStartDeleteDelay6Count
                        0x0015fb     0x1  Data  Gb  Delay.o [1]
Task_Landing_Flag       0x001612     0x1  Data  Gb  Task.o [1]
Task_RunNormalOperation
                        0x00ca9d   0x786  Code  Gb  Task.o [1]
Task_RunStart           0x01096b   0x248  Code  Gb  Task.o [1]
TcpIpBuf                0x001554     0xf  Data  Gb  ApiGpsCmd.o [1]
TcpPortBuf              0x001585     0x5  Data  Gb  ApiGpsCmd.o [1]
Test1                   0x0015ae     0x1  Data  Gb  ApiGpsCmd.o [1]
TestNum1                0x0015ba     0x1  Data  Gb  ApiKeyboard.o [1]
TestNum10               0x0015c3     0x1  Data  Gb  ApiKeyboard.o [1]
TestNum11               0x0015c4     0x1  Data  Gb  ApiKeyboard.o [1]
TestNum12               0x0015c5     0x1  Data  Gb  ApiKeyboard.o [1]
TestNum2                0x0015bb     0x1  Data  Gb  ApiKeyboard.o [1]
TestNum3                0x0015bc     0x1  Data  Gb  ApiKeyboard.o [1]
TestNum4                0x0015bd     0x1  Data  Gb  ApiKeyboard.o [1]
TestNum5                0x0015be     0x1  Data  Gb  ApiKeyboard.o [1]
TestNum6                0x0015bf     0x1  Data  Gb  ApiKeyboard.o [1]
TestNum7                0x0015c0     0x1  Data  Gb  ApiKeyboard.o [1]
TestNum8                0x0015c1     0x1  Data  Gb  ApiKeyboard.o [1]
TestNum9                0x0015c2     0x1  Data  Gb  ApiKeyboard.o [1]
TheMenuLayer_Flag       0x0015b6     0x1  Data  Gb  ApiKeyboard.o [1]
Tim3_Timer_Init         0x016487    0x29  Code  Gb  McuConfig.o [1]
TimeCount               0x001590     0x2  Data  Gb  Delay.o [1]
TimeCount2              0x0015ef     0x1  Data  Gb  Delay.o [1]
TimeCount3              0x001592     0x2  Data  Gb  Delay.o [1]
TimeCount_Light         0x0015f0     0x1  Data  Gb  Delay.o [1]
ToneDrvObj              0x001542    0x12  Data  Lc  Tone.o [1]
ToneTimeCount           0x0015f1     0x1  Data  Gb  Delay.o [1]
UART1_Cmd               0x00f30a     0xd  Code  Gb  stm8s_uart1.o [1]
UART1_DeInit            0x016385    0x2d  Code  Gb  stm8s_uart1.o [1]
UART1_GetFlagStatus     0x016181    0x32  Code  Gb  stm8s_uart1.o [1]
UART1_GetITStatus       0x014a24    0x92  Code  Gb  stm8s_uart1.o [1]
UART1_ITConfig          0x0150a5    0x6d  Code  Gb  stm8s_uart1.o [1]
UART1_Init              0x012976   0x159  Code  Gb  stm8s_uart1.o [1]
UART1_RX_IRQHandler     0x016574    0x26  Code  Gb  stm8s_it.o [1]
UART1_ReceiveData8      0x00f3e1     0x4  Code  Gb  stm8s_uart1.o [1]
UART1_SendData8         0x00f3e5     0x4  Code  Gb  stm8s_uart1.o [1]
UART1_TX_IRQHandler     0x00f41a     0x1  Code  Gb  stm8s_it.o [1]
UART3_Cmd               0x00f317     0xd  Code  Gb  stm8s_uart3.o [1]
UART3_DeInit            0x01660b    0x25  Code  Gb  stm8s_uart3.o [1]
UART3_GetFlagStatus     0x015cdc    0x49  Code  Gb  stm8s_uart3.o [1]
UART3_GetITStatus       0x014149    0xb6  Code  Gb  stm8s_uart3.o [1]
UART3_ITConfig          0x014bd2    0x8d  Code  Gb  stm8s_uart3.o [1]
UART3_Init              0x013387   0x12a  Code  Gb  stm8s_uart3.o [1]
UART3_Interrupt         0x01408f    0xba  Code  Gb  uart3.o [1]
UART3_RX_IRQHandler     0x00f064    0x1b  Code  Gb  stm8s_it.o [1]
UART3_ReceiveData8      0x00f3e9     0x4  Code  Gb  stm8s_uart3.o [1]
UART3_SendByte          0x00f23f    0x10  Code  Gb  uart3.o [1]
UART3_SendData8         0x00f3ed     0x4  Code  Gb  stm8s_uart3.o [1]
UART3_TX_IRQHandler     0x00f41c     0x1  Code  Gb  stm8s_it.o [1]
UART3_ToMcuMain         0x01517d    0x69  Code  Gb  uart3.o [1]
UART_Delay              0x00f21b    0x12  Code  Lc  uart3.o [1]
UART_ErrorAck           0x015ab3    0x16  Code  Lc  uart3.o [1]
UART_GetCheckSum        0x01498f    0x2e  Code  Lc  uart3.o [1]
UART_KeyCommand         0x014ab6    0x8f  Code  Lc  uart3.o [1]
UART_Link               0x0149bd    0x67  Code  Lc  uart3.o [1]
UART_PasCommand         0x011a45   0x1b2  Code  Lc  uart3.o [1]
UART_PocCommand         0x0156d8    0x5c  Code  Lc  uart3.o [1]
UART_ReadCommand        0x013aa9    0xe9  Code  Lc  uart3.o [1]
UART_RightAck           0x015037    0x6e  Code  Lc  uart3.o [1]
UART_RxFrame            0x01593a    0x52  Code  Lc  uart3.o [1]
UART_TxSend             0x015a7a    0x39  Code  Lc  uart3.o [1]
UART_WriteCommand       0x0138cb    0xf3  Code  Lc  uart3.o [1]
UNICODE_16_GetData      0x01224a   0x185  Code  Gb  GT20L16P1Y.o [3]
Uart1_Init              0x01632a    0x2e  Code  Gb  McuConfig.o [1]
Uart3_Init              0x015fcc    0x39  Code  Gb  uart3.o [1]
UartDrvObj              0x0013f1    0x44  Data  Lc  uart3.o [1]
UnicodeForGbk_AllGrounpName
                        0x0120c1   0x189  Code  Gb  ApiPocCmd.o [1]
UnicodeForGbk_AllGrounpNameBuf
                        0x0014bb    0x19  Data  Gb  ApiPocCmd.o [1]
UnicodeForGbk_AllUserName
                        0x010bb3   0x235  Code  Gb  ApiPocCmd.o [1]
UnicodeForGbk_AllUserNameBuf
                        0x0014a2    0x19  Data  Gb  ApiPocCmd.o [1]
UnicodeForGbk_MainUserName
                        0x011244   0x214  Code  Gb  ApiPocCmd.o [1]
UnicodeForGbk_MainUserNameBuf
                        0x0014d4    0x19  Data  Gb  ApiPocCmd.o [1]
UnicodeForGbk_MainWorkName
                        0x012542   0x173  Code  Gb  ApiPocCmd.o [1]
UnicodeForGbk_SpeakerRightnowName
                        0x011669   0x209  Code  Gb  ApiPocCmd.o [1]
UnicodeForGbk_SpeakerRightnowNameBuf
                        0x0014ed    0x19  Data  Gb  ApiPocCmd.o [1]
UnicodeGetPointArrayData32
                        0x015db5    0x48  Code  Gb  GT20L16P1Y_D.o [1]
UnicodeValueSearch      0x01654e    0x26  Code  Gb  GT20L16P1Y_D.o [1]
UpDownSwitchingCount    0x0015f7     0x1  Data  Gb  Delay.o [1]
UpDownSwitching_Flag    0x0015c6     0x1  Data  Gb  ApiKeyboard.o [1]
VOICE_1sProcess         0x00f24f     0xf  Code  Gb  Voice.o [1]
VOICE_Renew             0x014fc6    0x71  Code  Gb  Voice.o [1]
VOICE_SetOutput         0x015ac9    0x4f  Code  Gb  Voice.o [1]
ValueSearch             0x01567c    0x5c  Code  Gb  GT20L16P1Y_D.o [1]
VerifyData              0x008080  0x1b00  Data  Gb  GT20L16P1Y_D.o [1]
VoiceAllOnlineMemberNum
                        0x016434    0x2a  Code  Gb  ApiPocCmd.o [1]
VoiceDrvObj             0x00157f     0x6  Data  Lc  Voice.o [1]
VoiceType_FreehandOrHandset_Flag
                        0x0015b9     0x1  Data  Gb  ApiKeyboard.o [1]
WRITE_TABLE             0x00acde     0x4  Data  Lc  uart3.o [1]
WW_GetData              0x00e697   0x2cd  Code  Gb  GT20L16P1Y.o [3]
WriteEEPROMByte         0x015f51    0x3e  Code  Gb  Flash_eeprom.o [1]
WriteFreqTimeCount      0x0015eb     0x1  Data  Gb  Delay.o [1]
WriteFreq_Flag          0x00161d     0x1  Data  Gb  uart3.o [1]
__DebugBreak            0x00f420     0x1  Code  Gb  __dbg_break.o [4]
__exit                  0x00f16e    0x16  Code  Gb  __dbg_xxexit.o [4]
__iar_copy_init2        0x0164d8          Code  Gb  init_small.o [5]
__iar_data_init2        0x00eff0    0x1e  Code  Gb  init.o [5]
__iar_program_start     0x00f12a          Code  Gb  cstartup.o [5]
__iar_unhandled_exception
                        0x00f408          Code  Gb  unhandled_exception.o [5]
__iar_zero_init2        0x00f00e          Code  Gb  init_small.o [5]
__intvec                0x008000          Data  Gb  interrupt.o [5]
__low_level_init        0x00f405     0x3  Code  Gb  low_level_init.o [5]
_exit                   0x00f38b          Code  Gb  cexit.o [5]
_interrupt_1            0x00f40b          Code  Gb  stm8s_it.o [1]
_interrupt_12           0x00f414          Code  Gb  stm8s_it.o [1]
_interrupt_13           0x00f415          Code  Gb  stm8s_it.o [1]
_interrupt_14           0x00f416          Code  Gb  stm8s_it.o [1]
_interrupt_15           0x00f417          Code  Gb  stm8s_it.o [1]
_interrupt_16           0x00f418          Code  Gb  stm8s_it.o [1]
_interrupt_17           0x00ef70          Code  Gb  stm8s_it.o [1]
_interrupt_18           0x00f419          Code  Gb  stm8s_it.o [1]
_interrupt_19           0x00f41a          Code  Gb  stm8s_it.o [1]
_interrupt_2            0x00f40c          Code  Gb  stm8s_it.o [1]
_interrupt_20           0x016574          Code  Gb  stm8s_it.o [1]
_interrupt_21           0x00f41b          Code  Gb  stm8s_it.o [1]
_interrupt_22           0x00f41c          Code  Gb  stm8s_it.o [1]
_interrupt_23           0x00f064          Code  Gb  stm8s_it.o [1]
_interrupt_24           0x00f41d          Code  Gb  stm8s_it.o [1]
_interrupt_25           0x00f41e          Code  Gb  stm8s_it.o [1]
_interrupt_26           0x00f41f          Code  Gb  stm8s_it.o [1]
_interrupt_3            0x00f40d          Code  Gb  stm8s_it.o [1]
_interrupt_4            0x00f40e          Code  Gb  stm8s_it.o [1]
_interrupt_5            0x00f40f          Code  Gb  stm8s_it.o [1]
_interrupt_6            0x00f410          Code  Gb  stm8s_it.o [1]
_interrupt_7            0x00f411          Code  Gb  stm8s_it.o [1]
_interrupt_8            0x00f412          Code  Gb  stm8s_it.o [1]
_interrupt_9            0x00f413          Code  Gb  stm8s_it.o [1]
allow_key_operation_flag
                        0x001607     0x1  Data  Gb  Delay.o [1]
api_diap_ico_pos_get    0x01543f    0x61  Code  Gb  ApiDisplay.o [1]
api_disp_all_screen_refresh
                        0x0159dc    0x4f  Code  Gb  ApiDisplay.o [1]
api_disp_char_output    0x00f0fc    0x17  Code  Gb  ApiDisplay.o [1]
api_disp_char_output2   0x00f113    0x17  Code  Gb  ApiDisplay.o [1]
api_disp_ico_output     0x0142b1    0xb0  Code  Gb  ApiDisplay.o [1]
api_disp_icoid_output   0x014737    0x97  Code  Gb  ApiDisplay.o [1]
api_lcd_pwr_on_hint     0x016272    0x2e  Code  Gb  ApiDisplay.o [1]
api_lcd_pwr_on_hint2    0x016214    0x2f  Code  Gb  ApiDisplay.o [1]
api_lcd_pwr_on_hint3    0x016358    0x2d  Code  Gb  ApiDisplay.o [1]
api_lcd_pwr_on_hint4    0x0162a0    0x2e  Code  Gb  ApiDisplay.o [1]
api_lcd_pwr_on_hint5    0x0162ce    0x2e  Code  Gb  ApiDisplay.o [1]
api_lcd_pwr_on_hint7    0x0162fc    0x2e  Code  Gb  ApiDisplay.o [1]
api_poc_command_get     0x014410    0xad  Code  Lc  uart3.o [1]
api_poc_command_set     0x013c77    0xdf  Code  Lc  uart3.o [1]
drv_gt20_data_output    0x013253   0x134  Code  Gb  DrvGT20L16S1Y.o [1]
drv_gt20_data_output2   0x012fe4   0x13b  Code  Gb  DrvGT20L16S1Y.o [1]
drv_gt20_pwr_on_init    0x016071     0x4  Code  Gb  DrvGT20L16S1Y.o [1]
drv_htg_clr_allscr      0x0103b4    0x35  Code  Gb  DrvHTG12832.o [1]
drv_htg_pwr_on_init     0x0104c1     0xc  Code  Gb  DrvHTG12832.o [1]
drv_htg_reset           0x01027b     0x5  Code  Gb  DrvHTG12832.o [1]
drv_htg_set_address     0x0102fa    0x40  Code  Gb  DrvHTG12832.o [1]
drv_htg_write_command   0x010280    0x7a  Code  Gb  DrvHTG12832.o [1]
drv_htg_write_data      0x01033a    0x7a  Code  Gb  DrvHTG12832.o [1]
drv_keypad_scan         0x011458   0x211  Code  Gb  DrvKeyboard.o [1]
exit                    0x00f401     0x4  Code  Gb  exit.o [5]
find_zf_tab             0x015dfd    0x47  Code  Gb  GT20L16P1Y.o [3]
get_group_name_done_count
                        0x001606     0x1  Data  Gb  Delay.o [1]
get_key_value           0x013b92    0xe5  Code  Gb  ApiKeyboard.o [1]
get_online_user_list_num_flag
                        0x0015c7     0x1  Data  Gb  ApiKeyboard.o [1]
htg_delay_ms            0x0103e9    0x1e  Code  Lc  DrvHTG12832.o [1]
htg_initial             0x010407    0x6c  Code  Lc  DrvHTG12832.o [1]
key_scan_board          0x012d6a   0x13f  Code  Gb  DrvKeyboard.o [1]
main                    0x0161b3    0x31  Code  Gb  main.o [1]
main_app                0x015b66    0x4e  Code  Gb  System.o [1]
main_init               0x0136ce   0x103  Code  Gb  System.o [1]
mcu_gt20_initial        0x01603d    0x34  Code  Lc  DrvGT20L16S1Y.o [1]
mcu_key_pad_out         0x014864    0x96  Code  Gb  DrvKeyboard.o [1]
mcu_key_pad_read        0x014f54    0x72  Code  Gb  DrvKeyboard.o [1]
mcu_key_pad_set         0x012c22   0x148  Code  Gb  DrvKeyboard.o [1]
mcu_lcd_initial         0x010473    0x4e  Code  Lc  DrvHTG12832.o [1]
memcmp                  0x016117    0x36  Code  Gb  memcmp.o [5]
memcpy                  0x0165c0    0x26  Code  Gb  memcpy.o [5]
memset                  0x00f141    0x17  Code  Gb  memset.o [5]
pack_data               0x0126b5   0x165  Code  Lc  ApiGpsCmd.o [1]
r_dat_bat               0x01524d    0x64  Code  Gb  ApiDisplay.o [1]
strlen                  0x00f22d    0x12  Code  Gb  strlen.o [5]
ucAtPocHead             0x001659     0x2  Data  Gb  ApiPocCmd.o [1]
ucCDMATIME              0x00162e     0x2  Data  Gb  ApiAtCmd.o [1]
ucCLVL                  0x00166e     0x2  Data  Gb  Task.o [1]
ucCODECCTL              0x001672     0x2  Data  Gb  Task.o [1]
ucCSQ                   0x00167a     0x2  Data  Gb  Task.o [1]
ucCaretPPPCFG           0x001638     0x2  Data  Gb  ApiAtCmd.o [1]
ucCheckCard             0x00164c     0x2  Data  Gb  ApiAtCmd.o [1]
ucCheckPPP              0x001646     0x2  Data  Gb  ApiAtCmd.o [1]
ucCheckRssi             0x001624     0x2  Data  Gb  ApiAtCmd.o [1]
ucCheckTcp              0x00163c     0x2  Data  Gb  ApiAtCmd.o [1]
ucEndPTT                0x00166c     0x2  Data  Gb  Task.o [1]
ucGD83Reset             0x00161e     0x2  Data  Gb  ApiAtCmd.o [1]
ucGPSCNO                0x001632     0x2  Data  Gb  ApiAtCmd.o [1]
ucGPSINFO               0x001630     0x2  Data  Gb  ApiAtCmd.o [1]
ucGPSUploadTime_5s      0x00165d     0x2  Data  Gb  Delay.o [1]
ucGpsPosition           0x00162c     0x2  Data  Gb  ApiAtCmd.o [1]
ucHDRCSQ                0x001626     0x2  Data  Gb  ApiAtCmd.o [1]
ucOSSYSHWID             0x001674     0x2  Data  Gb  Task.o [1]
ucPPPCFG                0x00167c     0x2  Data  Gb  Task.o [1]
ucPlayZtts              0x00163a     0x2  Data  Gb  ApiAtCmd.o [1]
ucPocOpenConfig         0x001680     0x2  Data  Gb  Task.o [1]
ucPrefmode2             0x001676     0x2  Data  Gb  Task.o [1]
ucPrefmode4             0x001678     0x2  Data  Gb  Task.o [1]
ucQuitPersonalCalling   0x001653     0x2  Data  Gb  ApiKeyboard.o [1]
ucRxCSQ                 0x001628     0x2  Data  Gb  ApiAtCmd.o [1]
ucRxCheckPppClose       0x00164a     0x2  Data  Gb  ApiAtCmd.o [1]
ucRxCheckPppOpen        0x001648     0x2  Data  Gb  ApiAtCmd.o [1]
ucRxCheckTcp            0x001642     0x2  Data  Gb  ApiAtCmd.o [1]
ucRxHDRCSQ              0x00162a     0x2  Data  Gb  ApiAtCmd.o [1]
ucRxOkHeadInfo          0x001663     0x2  Data  Gb  DrvGD83.o [1]
ucRxPASTATE1            0x001620     0x2  Data  Gb  ApiAtCmd.o [1]
ucRxPocHeadInfo         0x001661     0x2  Data  Gb  DrvGD83.o [1]
ucRxTcpDataHeadInfo     0x001665     0x2  Data  Gb  DrvGD83.o [1]
ucRxZTTS0               0x001622     0x2  Data  Gb  ApiAtCmd.o [1]
ucSIMST1                0x001634     0x2  Data  Gb  ApiAtCmd.o [1]
ucSIMST255              0x001636     0x2  Data  Gb  ApiAtCmd.o [1]
ucSendTcp               0x001640     0x2  Data  Gb  ApiAtCmd.o [1]
ucSetIPAndID            0x00165b     0x2  Data  Gb  ApiPocCmd.o [1]
ucSetIp                 0x00163e     0x2  Data  Gb  ApiAtCmd.o [1]
ucStartPTT              0x00166a     0x2  Data  Gb  Task.o [1]
ucTxPocHeadInfo         0x00165f     0x2  Data  Gb  DrvGD83.o [1]
ucVGR                   0x001670     0x2  Data  Gb  Task.o [1]
ucVGR1                  0x00164f     0x2  Data  Gb  ApiKeyboard.o [1]
ucVGR7                  0x001651     0x2  Data  Gb  ApiKeyboard.o [1]
ucZTTS_Abell            0x00167e     0x2  Data  Gb  Task.o [1]
ucZpppOpen              0x001644     0x2  Data  Gb  ApiAtCmd.o [1]


[1] = E:\1-source\A508\PRJ\Debug\Obj
[2] = command line
[3] = GT20L16_STM8_DOUBLE_MEDIUM_IAR.a
[4] = dbgstm8mmd.a
[5] = dlstm8mmn.a

  44 428 bytes of readonly  code memory
  11 499 bytes of readonly  data memory
   6 018 bytes of readwrite data memory

Errors: none
Warnings: none
