###############################################################################
#
# IAR ELF Linker V2.20.1.176 for STM8                     03/Jun/2018  15:18:20
# Copyright 2010-2015 IAR Systems AB.
#
#    Output file  =  E:\1-source\A508\PRJ\Debug\Exe\A508_DEMO1.out
#    Map file     =  E:\1-source\A508\PRJ\Debug\List\A508_DEMO1.map
#    Command line =  
#        E:\1-source\A508\PRJ\Debug\Obj\ADC.o
#        E:\1-source\A508\PRJ\Debug\Obj\ApiAtCmd.o
#        E:\1-source\A508\PRJ\Debug\Obj\ApiBeidou.o
#        E:\1-source\A508\PRJ\Debug\Obj\ApiDisplay.o
#        E:\1-source\A508\PRJ\Debug\Obj\ApiGpsCmd.o
#        E:\1-source\A508\PRJ\Debug\Obj\ApiKeyboard.o
#        E:\1-source\A508\PRJ\Debug\Obj\ApiLED.o
#        E:\1-source\A508\PRJ\Debug\Obj\ApiMenu.o
#        E:\1-source\A508\PRJ\Debug\Obj\ApiPocCmd.o
#        E:\1-source\A508\PRJ\Debug\Obj\Beep.o
#        E:\1-source\A508\PRJ\Debug\Obj\CommonLib.o
#        E:\1-source\A508\PRJ\Debug\Obj\Config.o
#        E:\1-source\A508\PRJ\Debug\Obj\Delay.o
#        E:\1-source\A508\PRJ\Debug\Obj\DrvGD83.o
#        E:\1-source\A508\PRJ\Debug\Obj\DrvGT20L16S1Y.o
#        E:\1-source\A508\PRJ\Debug\Obj\DrvHTG12832.o
#        E:\1-source\A508\PRJ\Debug\Obj\DrvKeyboard.o
#        E:\1-source\A508\PRJ\Debug\Obj\Flash_eeprom.o
#        E:\1-source\A508\SRC\Syetem\GT20L16_STM8_DOUBLE_MEDIUM_IAR.a
#        E:\1-source\A508\PRJ\Debug\Obj\GT20L16P1Y_D.o
#        E:\1-source\A508\PRJ\Debug\Obj\KeyCmd.o
#        E:\1-source\A508\PRJ\Debug\Obj\main.o
#        E:\1-source\A508\PRJ\Debug\Obj\McuConfig.o
#        E:\1-source\A508\PRJ\Debug\Obj\stm8s_adc2.o
#        E:\1-source\A508\PRJ\Debug\Obj\stm8s_awu.o
#        E:\1-source\A508\PRJ\Debug\Obj\stm8s_beep.o
#        E:\1-source\A508\PRJ\Debug\Obj\stm8s_clk.o
#        E:\1-source\A508\PRJ\Debug\Obj\stm8s_exti.o
#        E:\1-source\A508\PRJ\Debug\Obj\stm8s_flash.o
#        E:\1-source\A508\PRJ\Debug\Obj\stm8s_gpio.o
#        E:\1-source\A508\PRJ\Debug\Obj\stm8s_i2c.o
#        E:\1-source\A508\PRJ\Debug\Obj\stm8s_it.o
#        E:\1-source\A508\PRJ\Debug\Obj\stm8s_itc.o
#        E:\1-source\A508\PRJ\Debug\Obj\stm8s_iwdg.o
#        E:\1-source\A508\PRJ\Debug\Obj\stm8s_rst.o
#        E:\1-source\A508\PRJ\Debug\Obj\stm8s_spi.o
#        E:\1-source\A508\PRJ\Debug\Obj\stm8s_tim1.o
#        E:\1-source\A508\PRJ\Debug\Obj\stm8s_tim2.o
#        E:\1-source\A508\PRJ\Debug\Obj\stm8s_tim3.o
#        E:\1-source\A508\PRJ\Debug\Obj\stm8s_tim4.o
#        E:\1-source\A508\PRJ\Debug\Obj\stm8s_uart1.o
#        E:\1-source\A508\PRJ\Debug\Obj\stm8s_uart3.o
#        E:\1-source\A508\PRJ\Debug\Obj\stm8s_wwdg.o
#        E:\1-source\A508\PRJ\Debug\Obj\sysclock.o
#        E:\1-source\A508\PRJ\Debug\Obj\System.o
#        E:\1-source\A508\PRJ\Debug\Obj\Task.o
#        E:\1-source\A508\PRJ\Debug\Obj\Tone.o
#        E:\1-source\A508\PRJ\Debug\Obj\uart3.o
#        E:\1-source\A508\PRJ\Debug\Obj\Voice.o --redirect _Printf=_PrintfSmall
#        --redirect _Scanf=_ScanfSmall -o
#        E:\1-source\A508\PRJ\Debug\Exe\A508_DEMO1.out --map
#        E:\1-source\A508\PRJ\Debug\List\A508_DEMO1.map --config "C:\Program
#        Files\IAR Systems\Embedded Workbench
#        7.3\stm8\config\lnkstm8s007c8.icf" --config_def _CSTACK_SIZE=0x100
#        --config_def _HEAP_SIZE=0x00 --entry __iar_program_start --debug_lib
#
###############################################################################

*******************************************************************************
*** RUNTIME MODEL ATTRIBUTES
***

__SystemLibrary            = DLib
__code_model               = medium_or_large
__core                     = stm8
__data_model               = medium
__dlib_file_descriptor     = 0
__dlib_full_locale_support = 0
__rt_version               = 4


*******************************************************************************
*** PLACEMENT SUMMARY
***

"A1":  place at start of [0x000000-0x0000ff] { rw section .vregs };
"A2":  place at end of [0x000000-0x0017ff] { block CSTACK };
"P2":  place in [from 0x000000 to 0x0017ff] {
          block HEAP, rw section __DLIB_PERTHREAD, rw section .far.bss,
          rw section .far.data, rw section .far.noinit,
          rw section .far_func.textrw, rw section .huge.bss,
          rw section .huge.data, rw section .huge.noinit,
          rw section .huge_func.textrw, rw section .iar.dynexit,
          rw section .near.bss, rw section .near.data, rw section .near.noinit,
          rw section .near_func.textrw };
"A3":  place at start of [0x008000-0x00ffff] { block INTVEC };
"P3":  place in [from 0x008000 to 0x00ffff] {
          ro section __DLIB_PERTHREAD_init, ro section .far.data_init,
          ro section .far_func.textrw_init, ro section .huge.data_init,
          ro section .huge_func.textrw_init, ro section .iar.init_table,
          ro section .init_array, ro section .near.data_init,
          ro section .near.rodata, ro section .near_func.text,
          ro section .near_func.textrw_init, ro section .tiny.data_init,
          ro section .tiny.rodata_init };
"P4":  place in [from 0x008000 to 0x00ffff repeat 2] {
          ro section .far.rodata, ro section .far_func.text };

  Section            Kind      Address    Size  Object
  -------            ----      -------    ----  ------
"A1":                                     0x10
  .vregs             uninit   0x000000    0x10  vregs.o [5]
                            - 0x000010    0x10

"P2", part 1 of 2:                        0x64
  P2-1                        0x000010    0x64  <Init block>
    .near.data       inited   0x000010     0x2  ApiAtCmd.o [1]
    .near.data       inited   0x000012     0x2  ApiAtCmd.o [1]
    .near.data       inited   0x000014     0x2  ApiAtCmd.o [1]
    .near.data       inited   0x000016     0x2  ApiAtCmd.o [1]
    .near.data       inited   0x000018     0x2  ApiAtCmd.o [1]
    .near.data       inited   0x00001a     0x2  ApiAtCmd.o [1]
    .near.data       inited   0x00001c     0x2  ApiAtCmd.o [1]
    .near.data       inited   0x00001e     0x2  ApiAtCmd.o [1]
    .near.data       inited   0x000020     0x2  ApiAtCmd.o [1]
    .near.data       inited   0x000022     0x2  ApiAtCmd.o [1]
    .near.data       inited   0x000024     0x2  ApiAtCmd.o [1]
    .near.data       inited   0x000026     0x2  ApiAtCmd.o [1]
    .near.data       inited   0x000028     0x2  ApiAtCmd.o [1]
    .near.data       inited   0x00002a     0x2  ApiAtCmd.o [1]
    .near.data       inited   0x00002c     0x2  ApiAtCmd.o [1]
    .near.data       inited   0x00002e     0x2  ApiAtCmd.o [1]
    .near.data       inited   0x000030     0x2  ApiAtCmd.o [1]
    .near.data       inited   0x000032     0x2  ApiAtCmd.o [1]
    .near.data       inited   0x000034     0x2  ApiAtCmd.o [1]
    .near.data       inited   0x000036     0x2  ApiAtCmd.o [1]
    .near.data       inited   0x000038     0x2  ApiAtCmd.o [1]
    .near.data       inited   0x00003a     0x2  ApiAtCmd.o [1]
    .near.data       inited   0x00003c     0x2  ApiAtCmd.o [1]
    .near.data       inited   0x00003e     0x2  ApiAtCmd.o [1]
    .near.data       inited   0x000040     0x1  ApiKeyboard.o [1]
    .near.data       inited   0x000041     0x2  ApiKeyboard.o [1]
    .near.data       inited   0x000043     0x2  ApiKeyboard.o [1]
    .near.data       inited   0x000045     0x2  ApiKeyboard.o [1]
    .near.data       inited   0x000047     0x1  ApiKeyboard.o [1]
    .near.data       inited   0x000048     0x1  ApiKeyboard.o [1]
    .near.data       inited   0x000049     0x1  ApiKeyboard.o [1]
    .near.data       inited   0x00004a     0x1  ApiKeyboard.o [1]
    .near.data       inited   0x00004b     0x2  ApiPocCmd.o [1]
    .near.data       inited   0x00004d     0x2  ApiPocCmd.o [1]
    .near.data       inited   0x00004f     0x2  Delay.o [1]
    .near.data       inited   0x000051     0x2  DrvGD83.o [1]
    .near.data       inited   0x000053     0x2  DrvGD83.o [1]
    .near.data       inited   0x000055     0x2  DrvGD83.o [1]
    .near.data       inited   0x000057     0x2  DrvGD83.o [1]
    .near.data       inited   0x000059     0x1  Task.o [1]
    .near.data       inited   0x00005a     0x1  Task.o [1]
    .near.data       inited   0x00005b     0x1  Task.o [1]
    .near.data       inited   0x00005c     0x2  Task.o [1]
    .near.data       inited   0x00005e     0x2  Task.o [1]
    .near.data       inited   0x000060     0x2  Task.o [1]
    .near.data       inited   0x000062     0x2  Task.o [1]
    .near.data       inited   0x000064     0x2  Task.o [1]
    .near.data       inited   0x000066     0x2  Task.o [1]
    .near.data       inited   0x000068     0x2  Task.o [1]
    .near.data       inited   0x00006a     0x2  Task.o [1]
    .near.data       inited   0x00006c     0x2  Task.o [1]
    .near.data       inited   0x00006e     0x2  Task.o [1]
    .near.data       inited   0x000070     0x2  Task.o [1]
    .near.data       inited   0x000072     0x2  Task.o [1]
                            - 0x000074    0x64

"P2", part 2 of 2:                      0x1353
  .near.bss          zero     0x000074   0x7b2  ApiPocCmd.o [1]
  .near.bss          zero     0x000826   0x424  DrvGD83.o [1]
  .near.bss          zero     0x000c4a   0x200  ApiDisplay.o [1]
  .near.bss          zero     0x000e4a   0x1c3  ApiGpsCmd.o [1]
  .near.bss          zero     0x00100d    0x92  ApiAtCmd.o [1]
  .near.bss          zero     0x00109f    0x50  ApiPocCmd.o [1]
  .near.bss          zero     0x0010ef    0x4b  ApiBeidou.o [1]
  .near.bss          zero     0x00113a    0x44  uart3.o [1]
  .near.bss          zero     0x00117e    0x40  ApiDisplay.o [1]
  .near.bss          zero     0x0011be    0x40  ApiPocCmd.o [1]
  .near.bss          zero     0x0011fe    0x39  ApiPocCmd.o [1]
  .near.bss          zero     0x001237    0x2d  ApiPocCmd.o [1]
  .near.bss          zero     0x001264    0x19  ApiPocCmd.o [1]
  .near.bss          zero     0x00127d    0x19  ApiPocCmd.o [1]
  .near.bss          zero     0x001296    0x19  ApiPocCmd.o [1]
  .near.bss          zero     0x0012af    0x16  ApiPocCmd.o [1]
  .near.bss          zero     0x0012c5    0x14  System.o [1]
  .near.bss          zero     0x0012d9    0x12  Beep.o [1]
  .near.bss          zero     0x0012eb    0x12  Tone.o [1]
  .near.bss          zero     0x0012fd     0xf  ApiGpsCmd.o [1]
  .near.bss          zero     0x00130c     0xb  ApiPocCmd.o [1]
  .near.bss          zero     0x001317     0xb  Delay.o [1]
  .near.bss          zero     0x001322     0x6  ApiBeidou.o [1]
  .near.bss          zero     0x001328     0x6  Voice.o [1]
  .near.bss          zero     0x00132e     0x5  ApiGpsCmd.o [1]
  .near.bss          zero     0x001333     0x4  uart3.o [1]
  .near.bss          zero     0x001337     0x2  ApiDisplay.o [1]
  .near.bss          zero     0x001339     0x2  Delay.o [1]
  .near.bss          zero     0x00133b     0x2  Delay.o [1]
  .near.bss          zero     0x00133d     0x2  Delay.o [1]
  .near.bss          zero     0x00133f     0x2  DrvHTG12832.o [1]
  .near.bss          zero     0x001341     0x1  ADC.o [1]
  .near.bss          zero     0x001342     0x1  ADC.o [1]
  .near.bss          zero     0x001343     0x1  ADC.o [1]
  .near.bss          zero     0x001344     0x1  ADC.o [1]
  .near.bss          zero     0x001345     0x1  ADC.o [1]
  .near.bss          zero     0x001346     0x1  ADC.o [1]
  .near.bss          zero     0x001347     0x1  ADC.o [1]
  .near.bss          zero     0x001348     0x1  ApiAtCmd.o [1]
  .near.bss          zero     0x001349     0x1  ApiAtCmd.o [1]
  .near.bss          zero     0x00134a     0x1  ApiAtCmd.o [1]
  .near.bss          zero     0x00134b     0x1  ApiAtCmd.o [1]
  .near.bss          zero     0x00134c     0x1  ApiAtCmd.o [1]
  .near.bss          zero     0x00134d     0x1  ApiAtCmd.o [1]
  .near.bss          zero     0x00134e     0x1  ApiAtCmd.o [1]
  .near.bss          zero     0x00134f     0x1  ApiAtCmd.o [1]
  .near.bss          zero     0x001350     0x1  ApiAtCmd.o [1]
  .near.bss          zero     0x001351     0x1  ApiAtCmd.o [1]
  .near.bss          zero     0x001352     0x1  ApiAtCmd.o [1]
  .near.bss          zero     0x001353     0x1  ApiBeidou.o [1]
  .near.bss          zero     0x001354     0x1  ApiGpsCmd.o [1]
  .near.bss          zero     0x001355     0x1  ApiGpsCmd.o [1]
  .near.bss          zero     0x001356     0x1  ApiGpsCmd.o [1]
  .near.bss          zero     0x001357     0x1  ApiGpsCmd.o [1]
  .near.bss          zero     0x001358     0x1  ApiGpsCmd.o [1]
  .near.bss          zero     0x001359     0x1  ApiGpsCmd.o [1]
  .near.bss          zero     0x00135a     0x1  ApiKeyboard.o [1]
  .near.bss          zero     0x00135b     0x1  ApiKeyboard.o [1]
  .near.bss          zero     0x00135c     0x1  ApiKeyboard.o [1]
  .near.bss          zero     0x00135d     0x1  ApiKeyboard.o [1]
  .near.bss          zero     0x00135e     0x1  ApiKeyboard.o [1]
  .near.bss          zero     0x00135f     0x1  ApiKeyboard.o [1]
  .near.bss          zero     0x001360     0x1  ApiKeyboard.o [1]
  .near.bss          zero     0x001361     0x1  ApiKeyboard.o [1]
  .near.bss          zero     0x001362     0x1  ApiKeyboard.o [1]
  .near.bss          zero     0x001363     0x1  ApiKeyboard.o [1]
  .near.bss          zero     0x001364     0x1  ApiKeyboard.o [1]
  .near.bss          zero     0x001365     0x1  ApiKeyboard.o [1]
  .near.bss          zero     0x001366     0x1  ApiKeyboard.o [1]
  .near.bss          zero     0x001367     0x1  ApiKeyboard.o [1]
  .near.bss          zero     0x001368     0x1  ApiKeyboard.o [1]
  .near.bss          zero     0x001369     0x1  ApiKeyboard.o [1]
  .near.bss          zero     0x00136a     0x1  ApiKeyboard.o [1]
  .near.bss          zero     0x00136b     0x1  ApiKeyboard.o [1]
  .near.bss          zero     0x00136c     0x1  ApiKeyboard.o [1]
  .near.bss          zero     0x00136d     0x1  ApiKeyboard.o [1]
  .near.bss          zero     0x00136e     0x1  ApiKeyboard.o [1]
  .near.bss          zero     0x00136f     0x1  ApiKeyboard.o [1]
  .near.bss          zero     0x001370     0x1  ApiKeyboard.o [1]
  .near.bss          zero     0x001371     0x1  ApiLED.o [1]
  .near.bss          zero     0x001372     0x1  ApiMenu.o [1]
  .near.bss          zero     0x001373     0x1  ApiMenu.o [1]
  .near.bss          zero     0x001374     0x1  ApiMenu.o [1]
  .near.bss          zero     0x001375     0x1  ApiMenu.o [1]
  .near.bss          zero     0x001376     0x1  ApiMenu.o [1]
  .near.bss          zero     0x001377     0x1  ApiMenu.o [1]
  .near.bss          zero     0x001378     0x1  ApiMenu.o [1]
  .near.bss          zero     0x001379     0x1  ApiMenu.o [1]
  .near.bss          zero     0x00137a     0x1  ApiMenu.o [1]
  .near.bss          zero     0x00137b     0x1  ApiMenu.o [1]
  .near.bss          zero     0x00137c     0x1  ApiPocCmd.o [1]
  .near.bss          zero     0x00137d     0x1  ApiPocCmd.o [1]
  .near.bss          zero     0x00137e     0x1  ApiPocCmd.o [1]
  .near.bss          zero     0x00137f     0x1  ApiPocCmd.o [1]
  .near.bss          zero     0x001380     0x1  ApiPocCmd.o [1]
  .near.bss          zero     0x001381     0x1  ApiPocCmd.o [1]
  .near.bss          zero     0x001382     0x1  ApiPocCmd.o [1]
  .near.bss          zero     0x001383     0x1  ApiPocCmd.o [1]
  .near.bss          zero     0x001384     0x1  ApiPocCmd.o [1]
  .near.bss          zero     0x001385     0x1  ApiPocCmd.o [1]
  .near.bss          zero     0x001386     0x1  ApiPocCmd.o [1]
  .near.bss          zero     0x001387     0x1  ApiPocCmd.o [1]
  .near.bss          zero     0x001388     0x1  ApiPocCmd.o [1]
  .near.bss          zero     0x001389     0x1  ApiPocCmd.o [1]
  .near.bss          zero     0x00138a     0x1  ApiPocCmd.o [1]
  .near.bss          zero     0x00138b     0x1  ApiPocCmd.o [1]
  .near.bss          zero     0x00138c     0x1  ApiPocCmd.o [1]
  .near.bss          zero     0x00138d     0x1  ApiPocCmd.o [1]
  .near.bss          zero     0x00138e     0x1  ApiPocCmd.o [1]
  .near.bss          zero     0x00138f     0x1  ApiPocCmd.o [1]
  .near.bss          zero     0x001390     0x1  ApiPocCmd.o [1]
  .near.bss          zero     0x001391     0x1  ApiPocCmd.o [1]
  .near.bss          zero     0x001392     0x1  ApiPocCmd.o [1]
  .near.bss          zero     0x001393     0x1  ApiPocCmd.o [1]
  .near.bss          zero     0x001394     0x1  ApiPocCmd.o [1]
  .near.bss          zero     0x001395     0x1  Delay.o [1]
  .near.bss          zero     0x001396     0x1  Delay.o [1]
  .near.bss          zero     0x001397     0x1  Delay.o [1]
  .near.bss          zero     0x001398     0x1  Delay.o [1]
  .near.bss          zero     0x001399     0x1  Delay.o [1]
  .near.bss          zero     0x00139a     0x1  Delay.o [1]
  .near.bss          zero     0x00139b     0x1  Delay.o [1]
  .near.bss          zero     0x00139c     0x1  Delay.o [1]
  .near.bss          zero     0x00139d     0x1  Delay.o [1]
  .near.bss          zero     0x00139e     0x1  Delay.o [1]
  .near.bss          zero     0x00139f     0x1  Delay.o [1]
  .near.bss          zero     0x0013a0     0x1  Delay.o [1]
  .near.bss          zero     0x0013a1     0x1  Delay.o [1]
  .near.bss          zero     0x0013a2     0x1  Delay.o [1]
  .near.bss          zero     0x0013a3     0x1  Delay.o [1]
  .near.bss          zero     0x0013a4     0x1  Delay.o [1]
  .near.bss          zero     0x0013a5     0x1  Delay.o [1]
  .near.bss          zero     0x0013a6     0x1  Delay.o [1]
  .near.bss          zero     0x0013a7     0x1  Delay.o [1]
  .near.bss          zero     0x0013a8     0x1  Delay.o [1]
  .near.bss          zero     0x0013a9     0x1  Delay.o [1]
  .near.bss          zero     0x0013aa     0x1  Delay.o [1]
  .near.bss          zero     0x0013ab     0x1  Delay.o [1]
  .near.bss          zero     0x0013ac     0x1  Delay.o [1]
  .near.bss          zero     0x0013ad     0x1  Delay.o [1]
  .near.bss          zero     0x0013ae     0x1  Delay.o [1]
  .near.bss          zero     0x0013af     0x1  Delay.o [1]
  .near.bss          zero     0x0013b0     0x1  Delay.o [1]
  .near.bss          zero     0x0013b1     0x1  Delay.o [1]
  .near.bss          zero     0x0013b2     0x1  Delay.o [1]
  .near.bss          zero     0x0013b3     0x1  DrvGD83.o [1]
  .near.bss          zero     0x0013b4     0x1  Task.o [1]
  .near.bss          zero     0x0013b5     0x1  Task.o [1]
  .near.bss          zero     0x0013b6     0x1  Task.o [1]
  .near.bss          zero     0x0013b7     0x1  Task.o [1]
  .near.bss          zero     0x0013b8     0x1  Task.o [1]
  .near.bss          zero     0x0013b9     0x1  Task.o [1]
  .near.bss          zero     0x0013ba     0x1  Task.o [1]
  .near.bss          zero     0x0013bb     0x1  Task.o [1]
  .near.bss          zero     0x0013bc     0x1  Task.o [1]
  .near.bss          zero     0x0013bd     0x1  Task.o [1]
  .near.bss          zero     0x0013be     0x1  Task.o [1]
  .near.bss          zero     0x0013bf     0x1  Task.o [1]
  .near.bss          zero     0x0013c0     0x1  Task.o [1]
  .near.bss          zero     0x0013c1     0x1  Task.o [1]
  .near.bss          zero     0x0013c2     0x1  Task.o [1]
  .near.bss          zero     0x0013c3     0x1  Task.o [1]
  .near.bss          zero     0x0013c4     0x1  Task.o [1]
  .near.bss          zero     0x0013c5     0x1  Task.o [1]
  .near.bss          zero     0x0013c6     0x1  uart3.o [1]
                            - 0x0013c7  0x1353

"A2":                                    0x100
  CSTACK                      0x001700   0x100  <Block>
    CSTACK           uninit   0x001700   0x100  <Block tail>
                            - 0x001800   0x100

"A3":                                     0x80
  INTVEC                      0x008000    0x80  <Block>
    .intvec          const    0x008000    0x80  interrupt.o [5]
                            - 0x008080    0x80

"P3":                                   0x2c45
  .near.rodata       const    0x008080  0x1b00  GT20L16P1Y_D.o [1]
  .near.rodata       const    0x009b80   0x400  ApiDisplay.o [1]
  .near.rodata       const    0x009f80   0x1b0  GT20L16P1Y_D.o [1]
  .near.rodata       const    0x00a130   0x1b0  GT20L16P1Y_D.o [1]
  Initializer bytes  const    0x00a2e0    0x64  <for P2-1>
  .near_func.text    const    0x00a344    0x40  ApiDisplay.o [1]
  .near.rodata       const    0x00a384    0x3e  GT20L16P1Y.o [3]
  .near.rodata       const    0x00a3c2    0x3b  Task.o [1]
  .near.rodata       const    0x00a3fd    0x31  Task.o [1]
  .near.rodata       const    0x00a42e    0x2d  Task.o [1]
  .near.rodata       const    0x00a45b    0x2a  Task.o [1]
  .near.rodata       const    0x00a485    0x25  Delay.o [1]
  .near.rodata       const    0x00a4aa    0x25  Task.o [1]
  .near.rodata       const    0x00a4cf    0x25  Task.o [1]
  .iar.init_table    const    0x00a4f4    0x14  - Linker created -
  .near.rodata       const    0x00a508    0x20  KeyCmd.o [1]
  .near.rodata       const    0x00a528    0x1d  ADC.o [1]
  .near.rodata       const    0x00a545    0x1d  ADC.o [1]
  .near.rodata       const    0x00a562    0x1d  ADC.o [1]
  .near.rodata       const    0x00a57f    0x1d  ADC.o [1]
  .near.rodata       const    0x00a59c    0x19  ADC.o [1]
  .near.rodata       const    0x00a5b5    0x18  Task.o [1]
  .near.rodata       const    0x00a5cd    0x15  ADC.o [1]
  .near.rodata       const    0x00a5e2    0x15  ApiPocCmd.o [1]
  .near.rodata       const    0x00a5f7    0x15  Delay.o [1]
  .near.rodata       const    0x00a60c    0x15  Task.o [1]
  .near.rodata       const    0x00a621    0x13  Task.o [1]
  .near.rodata       const    0x00a634    0x13  Task.o [1]
  .near.rodata       const    0x00a647    0x12  Task.o [1]
  .near.rodata       const    0x00a659    0x11  ApiAtCmd.o [1]
  .near.rodata       const    0x00a66a    0x11  ApiAtCmd.o [1]
  .near.rodata       const    0x00a67b    0x11  ApiAtCmd.o [1]
  .near.rodata       const    0x00a68c    0x11  ApiKeyboard.o [1]
  .near.rodata       const    0x00a69d    0x11  ApiKeyboard.o [1]
  .near.rodata       const    0x00a6ae    0x11  ApiKeyboard.o [1]
  .near.rodata       const    0x00a6bf    0x11  ApiKeyboard.o [1]
  .near.rodata       const    0x00a6d0    0x11  ApiKeyboard.o [1]
  .near.rodata       const    0x00a6e1    0x11  ApiKeyboard.o [1]
  .near.rodata       const    0x00a6f2    0x11  ApiKeyboard.o [1]
  .near.rodata       const    0x00a703    0x11  ApiMenu.o [1]
  .near.rodata       const    0x00a714    0x11  ApiMenu.o [1]
  .near.rodata       const    0x00a725    0x11  ApiMenu.o [1]
  .near.rodata       const    0x00a736    0x11  ApiMenu.o [1]
  .near.rodata       const    0x00a747    0x11  ApiMenu.o [1]
  .near.rodata       const    0x00a758    0x11  ApiMenu.o [1]
  .near.rodata       const    0x00a769    0x11  ApiMenu.o [1]
  .near.rodata       const    0x00a77a    0x11  ApiMenu.o [1]
  .near.rodata       const    0x00a78b    0x11  ApiMenu.o [1]
  .near.rodata       const    0x00a79c    0x11  ApiMenu.o [1]
  .near.rodata       const    0x00a7ad    0x11  ApiMenu.o [1]
  .near.rodata       const    0x00a7be    0x11  ApiMenu.o [1]
  .near.rodata       const    0x00a7cf    0x11  ApiMenu.o [1]
  .near.rodata       const    0x00a7e0    0x11  ApiMenu.o [1]
  .near.rodata       const    0x00a7f1    0x11  ApiMenu.o [1]
  .near.rodata       const    0x00a802    0x11  ApiMenu.o [1]
  .near.rodata       const    0x00a813    0x11  ApiMenu.o [1]
  .near.rodata       const    0x00a824    0x11  ApiMenu.o [1]
  .near.rodata       const    0x00a835    0x11  ApiMenu.o [1]
  .near.rodata       const    0x00a846    0x11  ApiMenu.o [1]
  .near.rodata       const    0x00a857    0x11  ApiMenu.o [1]
  .near.rodata       const    0x00a868    0x11  ApiMenu.o [1]
  .near.rodata       const    0x00a879    0x11  ApiPocCmd.o [1]
  .near.rodata       const    0x00a88a    0x11  CommonLib.o [1]
  .near.rodata       const    0x00a89b    0x11  Delay.o [1]
  .near.rodata       const    0x00a8ac    0x11  Delay.o [1]
  .near.rodata       const    0x00a8bd    0x11  KeyCmd.o [1]
  .near.rodata       const    0x00a8ce    0x11  KeyCmd.o [1]
  .near.rodata       const    0x00a8df    0x11  System.o [1]
  .near.rodata       const    0x00a8f0    0x11  Task.o [1]
  .near.rodata       const    0x00a901    0x11  Task.o [1]
  .near.rodata       const    0x00a912    0x11  Task.o [1]
  .near.rodata       const    0x00a923    0x11  Task.o [1]
  .near.rodata       const    0x00a934    0x11  Task.o [1]
  .near.rodata       const    0x00a945    0x11  Task.o [1]
  .near.rodata       const    0x00a956    0x11  Task.o [1]
  .near.rodata       const    0x00a967    0x11  Task.o [1]
  .near.rodata       const    0x00a978    0x11  Task.o [1]
  .near.rodata       const    0x00a989    0x11  Task.o [1]
  .near.rodata       const    0x00a99a    0x11  Task.o [1]
  .near.rodata       const    0x00a9ab    0x10  ApiAtCmd.o [1]
  .near.rodata       const    0x00a9bb    0x10  ApiAtCmd.o [1]
  .near.rodata       const    0x00a9cb    0x10  ApiDisplay.o [1]
  .near.rodata       const    0x00a9db    0x10  ApiDisplay.o [1]
  .near.rodata       const    0x00a9eb    0x10  ApiMenu.o [1]
  .near.rodata       const    0x00a9fb    0x10  ApiMenu.o [1]
  .near.rodata       const    0x00aa0b    0x10  ApiMenu.o [1]
  .near.rodata       const    0x00aa1b    0x10  ApiMenu.o [1]
  .near.rodata       const    0x00aa2b    0x10  uart3.o [1]
  .near.rodata       const    0x00aa3b     0xf  ApiAtCmd.o [1]
  .near.rodata       const    0x00aa4a     0xf  ApiKeyboard.o [1]
  .near.rodata       const    0x00aa59     0xf  ApiPocCmd.o [1]
  .near.rodata       const    0x00aa68     0xf  Task.o [1]
  .near.rodata       const    0x00aa77     0xe  ApiAtCmd.o [1]
  .near.rodata       const    0x00aa85     0xe  ApiAtCmd.o [1]
  .near.rodata       const    0x00aa93     0xe  ApiAtCmd.o [1]
  .near.rodata       const    0x00aaa1     0xe  Task.o [1]
  .near.rodata       const    0x00aaaf     0xe  Task.o [1]
  .near.rodata       const    0x00aabd     0xd  ApiKeyboard.o [1]
  .near.rodata       const    0x00aaca     0xd  ApiKeyboard.o [1]
  .near.rodata       const    0x00aad7     0xd  ApiPocCmd.o [1]
  .near.rodata       const    0x00aae4     0xd  ApiPocCmd.o [1]
  .near.rodata       const    0x00aaf1     0xd  ApiPocCmd.o [1]
  .near.rodata       const    0x00aafe     0xd  Delay.o [1]
  .near.rodata       const    0x00ab0b     0xd  Delay.o [1]
  .near.rodata       const    0x00ab18     0xd  Task.o [1]
  .near.rodata       const    0x00ab25     0xd  Task.o [1]
  .near.rodata       const    0x00ab32     0xc  ApiAtCmd.o [1]
  .near.rodata       const    0x00ab3e     0xc  Delay.o [1]
  .near.rodata       const    0x00ab4a     0xb  ApiAtCmd.o [1]
  .near.rodata       const    0x00ab55     0xb  ApiAtCmd.o [1]
  .near.rodata       const    0x00ab60     0xb  ApiKeyboard.o [1]
  .near.rodata       const    0x00ab6b     0xb  Delay.o [1]
  .near.rodata       const    0x00ab76     0xb  Task.o [1]
  .near.rodata       const    0x00ab81     0xa  ApiAtCmd.o [1]
  .near.rodata       const    0x00ab8b     0xa  ApiAtCmd.o [1]
  .near.rodata       const    0x00ab95     0xa  ApiAtCmd.o [1]
  .near.rodata       const    0x00ab9f     0xa  Delay.o [1]
  .near.rodata       const    0x00aba9     0xa  Task.o [1]
  .near.rodata       const    0x00abb3     0x9  ApiAtCmd.o [1]
  .near.rodata       const    0x00abbc     0x9  ApiAtCmd.o [1]
  .near.rodata       const    0x00abc5     0x9  ApiAtCmd.o [1]
  .near.rodata       const    0x00abce     0x9  ApiAtCmd.o [1]
  .near.rodata       const    0x00abd7     0x9  ApiAtCmd.o [1]
  .near.rodata       const    0x00abe0     0x9  ApiAtCmd.o [1]
  .near.rodata       const    0x00abe9     0x9  ApiKeyboard.o [1]
  .near.rodata       const    0x00abf2     0x9  ApiKeyboard.o [1]
  .near.rodata       const    0x00abfb     0x9  DrvGD83.o [1]
  .near.rodata       const    0x00ac04     0x9  Task.o [1]
  .near.rodata       const    0x00ac0d     0x8  ApiAtCmd.o [1]
  .near.rodata       const    0x00ac15     0x8  ApiAtCmd.o [1]
  .near.rodata       const    0x00ac1d     0x8  ApiDisplay.o [1]
  .near.rodata       const    0x00ac25     0x8  ApiPocCmd.o [1]
  .near.rodata       const    0x00ac2d     0x8  Task.o [1]
  .near.rodata       const    0x00ac35     0x7  ApiAtCmd.o [1]
  .near.rodata       const    0x00ac3c     0x7  ApiPocCmd.o [1]
  .near.rodata       const    0x00ac43     0x7  DrvGD83.o [1]
  .near.rodata       const    0x00ac4a     0x7  Task.o [1]
  .near.rodata       const    0x00ac51     0x7  Task.o [1]
  .near.rodata       const    0x00ac58     0x6  Delay.o [1]
  .near.rodata       const    0x00ac5e     0x6  DrvGD83.o [1]
  .near.rodata       const    0x00ac64     0x6  System.o [1]
  .near.rodata       const    0x00ac6a     0x5  ApiAtCmd.o [1]
  .near.rodata       const    0x00ac6f     0x5  ApiPocCmd.o [1]
  .near.rodata       const    0x00ac74     0x4  ApiMenu.o [1]
  .near.rodata       const    0x00ac78     0x4  ApiMenu.o [1]
  .near.rodata       const    0x00ac7c     0x4  ApiMenu.o [1]
  .near.rodata       const    0x00ac80     0x4  ApiMenu.o [1]
  .near.rodata       const    0x00ac84     0x4  ApiMenu.o [1]
  .near.rodata       const    0x00ac88     0x4  ApiMenu.o [1]
  .near.rodata       const    0x00ac8c     0x4  ApiMenu.o [1]
  .near.rodata       const    0x00ac90     0x4  ApiMenu.o [1]
  .near.rodata       const    0x00ac94     0x4  ApiMenu.o [1]
  .near.rodata       const    0x00ac98     0x4  ApiMenu.o [1]
  .near.rodata       const    0x00ac9c     0x4  ApiMenu.o [1]
  .near.rodata       const    0x00aca0     0x4  ApiMenu.o [1]
  .near.rodata       const    0x00aca4     0x4  ApiMenu.o [1]
  .near.rodata       const    0x00aca8     0x4  ApiMenu.o [1]
  .near.rodata       const    0x00acac     0x4  ApiMenu.o [1]
  .near.rodata       const    0x00acb0     0x4  stm8s_clk.o [1]
  .near.rodata       const    0x00acb4     0x4  uart3.o [1]
  .near.rodata       const    0x00acb8     0x4  uart3.o [1]
  .near.rodata       const    0x00acbc     0x3  DrvGD83.o [1]
  .near.rodata       const    0x00acbf     0x3  uart3.o [1]
  .near.rodata       const    0x00acc2     0x3  uart3.o [1]
                            - 0x00acc5  0x2c45

"P4", part 1 of 2:                      0x49de
  .far_func.text     ro code  0x00acc5   0xd4e  ApiKeyboard.o [1]
  .far_func.text     ro code  0x00ba13   0x8c2  Delay.o [1]
  .far_func.text     ro code  0x00c2d5   0x823  DrvGD83.o [1]
  .far_func.text     ro code  0x00caf8   0x7c2  ApiPocCmd.o [1]
  .far_func.text     ro code  0x00d2ba   0x7a0  Task.o [1]
  .far_func.text     ro code  0x00da5a   0x4f3  ApiGpsCmd.o [1]
  .far_func.text     ro code  0x00df4d   0x370  ApiMenu.o [1]
  .far_func.text     ro code  0x00e2bd   0x30f  Beep.o [1]
  .far_func.text     ro code  0x00e5cc   0x2d4  ApiAtCmd.o [1]
  .far_func.text     ro code  0x00e8a0   0x2cd  GT20L16P1Y.o [3]
  .far_func.text     ro code  0x00eb6d   0x2c0  ApiGpsCmd.o [1]
  .far_func.text     ro code  0x00ee2d    0x2d  ApiDisplay.o [1]
  .far_func.text     ro code  0x00ee5a    0x2d  stm8s_it.o [1]
  .far_func.text     ro code  0x00ee87    0x2d  stm8s_uart1.o [1]
  .far_func.text     ro code  0x00eeb4    0x2c  DrvGD83.o [1]
  .far_func.text     ro code  0x00eee0    0x2b  sysclock.o [1]
  .far_func.text     ro code  0x00ef0b    0x2b  Task.o [1]
  .far_func.text     ro code  0x00ef36    0x2a  ApiPocCmd.o [1]
  .far_func.text     ro code  0x00ef60    0x29  Delay.o [1]
  .far_func.text     ro code  0x00ef89    0x29  McuConfig.o [1]
  .far_func.text     ro code  0x00efb2    0x28  stm8s_flash.o [1]
  .far_func.text     ro code  0x00efda    0x28  init_small.o [5]
  .far_func.text     ro code  0x00f002    0x27  ADC.o [1]
  .far_func.text     ro code  0x00f029    0x27  McuConfig.o [1]
  .far_func.text     ro code  0x00f050    0x26  GT20L16P1Y_D.o [1]
  .far_func.text     ro code  0x00f076    0x26  Tone.o [1]
  .far_func.text     ro code  0x00f09c    0x26  memcpy.o [5]
  .far_func.text     ro code  0x00f0c2    0x25  stm8s_flash.o [1]
  .far_func.text     ro code  0x00f0e7    0x25  stm8s_uart3.o [1]
  .far_func.text     ro code  0x00f10c    0x25  move.o [5]
  .far_func.text     ro code  0x00f131    0x24  stm8s_tim1.o [1]
  .far_func.text     ro code  0x00f155    0x22  ADC.o [1]
  .far_func.text     ro code  0x00f177    0x21  ApiGpsCmd.o [1]
  .far_func.text     ro code  0x00f198    0x21  Delay.o [1]
  .far_func.text     ro code  0x00f1b9    0x21  stm8s_adc2.o [1]
  .far_func.text     ro code  0x00f1da    0x21  stm8s_it.o [1]
  .far_func.text     ro code  0x00f1fb    0x20  ApiPocCmd.o [1]
  .far_func.text     ro code  0x00f21b    0x20  KeyCmd.o [1]
  .far_func.text     ro code  0x00f23b    0x1f  sysclock.o [1]
  .far_func.text     ro code  0x00f25a    0x1e  init.o [5]
  .far_func.text     ro code  0x00f278    0x1e  init_small.o [5]
  .far_func.text     ro code  0x00f296    0x1c  Beep.o [1]
  .far_func.text     ro code  0x00f2b2    0x1c  Delay.o [1]
  .far_func.text     ro code  0x00f2ce    0x1b  stm8s_it.o [1]
  .far_func.text     ro code  0x00f2e9    0x19  McuConfig.o [1]
  .far_func.text     ro code  0x00f302    0x19  McuConfig.o [1]
  .far_func.text     ro code  0x00f31b    0x19  McuConfig.o [1]
  .far_func.text     ro code  0x00f334    0x19  McuConfig.o [1]
  .far_func.text     ro code  0x00f34d    0x19  McuConfig.o [1]
  .far_func.text     ro code  0x00f366    0x17  ApiDisplay.o [1]
  .far_func.text     ro code  0x00f37d    0x17  ApiDisplay.o [1]
  .far_func.text     ro code  0x00f394    0x17  cstartup.o [5]
  .far_func.text     ro code  0x00f3ab    0x17  memset.o [5]
  .far_func.text     ro code  0x00f3c2    0x16  stm8s_flash.o [1]
  .far_func.text     ro code  0x00f3d8    0x16  __dbg_xxexit.o [4]
  .far_func.text     ro code  0x00f3ee    0x14  stm8s_flash.o [1]
  .far_func.text     ro code  0x00f402    0x13  ApiPocCmd.o [1]
  .far_func.text     ro code  0x00f415    0x13  ApiPocCmd.o [1]
  .far_func.text     ro code  0x00f428    0x13  ApiPocCmd.o [1]
  .far_func.text     ro code  0x00f43b    0x13  stm8s_adc2.o [1]
  .far_func.text     ro code  0x00f44e    0x13  stm8s_clk.o [1]
  .far_func.text     ro code  0x00f461    0x13  stm8s_tim3.o [1]
  .far_func.text     ro code  0x00f474    0x12  ApiPocCmd.o [1]
  .far_func.text     ro code  0x00f486    0x12  uart3.o [1]
  .far_func.text     ro code  0x00f498    0x12  strlen.o [5]
  .far_func.text     ro code  0x00f4aa    0x10  uart3.o [1]
  .far_func.text     ro code  0x00f4ba     0xf  stm8s_uart1.o [1]
  .far_func.text     ro code  0x00f4c9     0xf  Voice.o [1]
  .far_func.text     ro code  0x00f4d8     0xe  ApiPocCmd.o [1]
  .far_func.text     ro code  0x00f4e6     0xe  KeyCmd.o [1]
  .far_func.text     ro code  0x00f4f4     0xe  far_util.o [5]
  .far_func.text     ro code  0x00f502     0xd  McuConfig.o [1]
  .far_func.text     ro code  0x00f50f     0xd  McuConfig.o [1]
  .far_func.text     ro code  0x00f51c     0xd  McuConfig.o [1]
  .far_func.text     ro code  0x00f529     0xd  McuConfig.o [1]
  .far_func.text     ro code  0x00f536     0xd  stm8s_adc2.o [1]
  .far_func.text     ro code  0x00f543     0xd  stm8s_tim1.o [1]
  .far_func.text     ro code  0x00f550     0xd  stm8s_tim1.o [1]
  .far_func.text     ro code  0x00f55d     0xd  stm8s_tim1.o [1]
  .far_func.text     ro code  0x00f56a     0xd  stm8s_tim3.o [1]
  .far_func.text     ro code  0x00f577     0xd  stm8s_tim3.o [1]
  .far_func.text     ro code  0x00f584     0xd  stm8s_uart1.o [1]
  .far_func.text     ro code  0x00f591     0xd  stm8s_uart3.o [1]
  .far_func.text     ro code  0x00f59e     0xc  stm8s_tim3.o [1]
  .far_func.text     ro code  0x00f5aa     0xb  ApiPocCmd.o [1]
  .far_func.text     ro code  0x00f5b5     0xb  stm8s_flash.o [1]
  .far_func.text     ro code  0x00f5c0     0xa  ApiAtCmd.o [1]
  .far_func.text     ro code  0x00f5ca     0x9  stm8s_gpio.o [1]
  .far_func.text     ro code  0x00f5d3     0x9  stm8s_tim3.o [1]
  .far_func.text     ro code  0x00f5dc     0x7  ApiAtCmd.o [1]
  .far_func.text     ro code  0x00f5e3     0x7  ApiAtCmd.o [1]
  .far_func.text     ro code  0x00f5ea     0x7  ApiPocCmd.o [1]
  .far_func.text     ro code  0x00f5f1     0x7  stm8s_flash.o [1]
  .far_func.text     ro code  0x00f5f8     0x7  stm8s_gpio.o [1]
  .far_func.text     ro code  0x00f5ff     0x6  char.o [5]
  .far_func.text     ro code  0x00f605     0x6  cexit.o [5]
  .far_func.text     ro code  0x00f60b     0x5  stm8s_adc2.o [1]
  .far_func.text     ro code  0x00f610     0x5  stm8s_flash.o [1]
  .far_func.text     ro code  0x00f615     0x5  stm8s_flash.o [1]
  .far_func.text     ro code  0x00f61a     0x5  stm8s_tim3.o [1]
  .far_func.text     ro code  0x00f61f     0x4  ApiAtCmd.o [1]
  .far_func.text     ro code  0x00f623     0x4  ApiAtCmd.o [1]
  .far_func.text     ro code  0x00f627     0x4  ApiAtCmd.o [1]
  .far_func.text     ro code  0x00f62b     0x4  ApiAtCmd.o [1]
  .far_func.text     ro code  0x00f62f     0x4  ApiAtCmd.o [1]
  .far_func.text     ro code  0x00f633     0x4  ApiAtCmd.o [1]
  .far_func.text     ro code  0x00f637     0x4  ApiAtCmd.o [1]
  .far_func.text     ro code  0x00f63b     0x4  ApiAtCmd.o [1]
  .far_func.text     ro code  0x00f63f     0x4  ApiAtCmd.o [1]
  .far_func.text     ro code  0x00f643     0x4  ApiGpsCmd.o [1]
  .far_func.text     ro code  0x00f647     0x4  ApiPocCmd.o [1]
  .far_func.text     ro code  0x00f64b     0x4  ApiPocCmd.o [1]
  .far_func.text     ro code  0x00f64f     0x4  ApiPocCmd.o [1]
  .far_func.text     ro code  0x00f653     0x4  ApiPocCmd.o [1]
  .far_func.text     ro code  0x00f657     0x4  ApiPocCmd.o [1]
  .far_func.text     ro code  0x00f65b     0x4  ApiPocCmd.o [1]
  .far_func.text     ro code  0x00f65f     0x4  stm8s_gpio.o [1]
  .far_func.text     ro code  0x00f663     0x4  stm8s_uart1.o [1]
  .far_func.text     ro code  0x00f667     0x4  stm8s_uart1.o [1]
  .far_func.text     ro code  0x00f66b     0x4  stm8s_uart3.o [1]
  .far_func.text     ro code  0x00f66f     0x4  stm8s_uart3.o [1]
  .far_func.text     ro code  0x00f673     0x4  System.o [1]
  .far_func.text     ro code  0x00f677     0x4  System.o [1]
  .far_func.text     ro code  0x00f67b     0x4  Task.o [1]
  .far_func.text     ro code  0x00f67f     0x4  interrupt.o [5]
  .far_func.text     ro code  0x00f683     0x4  exit.o [5]
  .far_func.text     ro code  0x00f687     0x3  low_level_init.o [5]
  .far_func.text     ro code  0x00f68a     0x3  unhandled_exception.o [5]
  .far_func.text     ro code  0x00f68d     0x1  stm8s_it.o [1]
  .far_func.text     ro code  0x00f68e     0x1  stm8s_it.o [1]
  .far_func.text     ro code  0x00f68f     0x1  stm8s_it.o [1]
  .far_func.text     ro code  0x00f690     0x1  stm8s_it.o [1]
  .far_func.text     ro code  0x00f691     0x1  stm8s_it.o [1]
  .far_func.text     ro code  0x00f692     0x1  stm8s_it.o [1]
  .far_func.text     ro code  0x00f693     0x1  stm8s_it.o [1]
  .far_func.text     ro code  0x00f694     0x1  stm8s_it.o [1]
  .far_func.text     ro code  0x00f695     0x1  stm8s_it.o [1]
  .far_func.text     ro code  0x00f696     0x1  stm8s_it.o [1]
  .far_func.text     ro code  0x00f697     0x1  stm8s_it.o [1]
  .far_func.text     ro code  0x00f698     0x1  stm8s_it.o [1]
  .far_func.text     ro code  0x00f699     0x1  stm8s_it.o [1]
  .far_func.text     ro code  0x00f69a     0x1  stm8s_it.o [1]
  .far_func.text     ro code  0x00f69b     0x1  stm8s_it.o [1]
  .far_func.text     ro code  0x00f69c     0x1  stm8s_it.o [1]
  .far_func.text     ro code  0x00f69d     0x1  stm8s_it.o [1]
  .far_func.text     ro code  0x00f69e     0x1  stm8s_it.o [1]
  .far_func.text     ro code  0x00f69f     0x1  stm8s_it.o [1]
  .far_func.text     ro code  0x00f6a0     0x1  stm8s_it.o [1]
  .far_func.text     ro code  0x00f6a1     0x1  stm8s_it.o [1]
  .far_func.text     ro code  0x00f6a2     0x1  __dbg_break.o [4]
                            - 0x00f6a3  0x49de

"P4", part 2 of 2:                      0x6664
  .far_func.text     ro code  0x010000   0x2a3  ApiAtCmd.o [1]
  .far_func.text     ro code  0x0102a3   0x27b  ADC.o [1]
  .far_func.text     ro code  0x01051e   0x252  DrvHTG12832.o [1]
  .far_func.text     ro code  0x010770   0x251  GT20L16P1Y.o [3]
  .far_func.text     ro code  0x0109c1   0x24d  ApiGpsCmd.o [1]
  .far_func.text     ro code  0x010c0e   0x248  Task.o [1]
  .far_func.text     ro code  0x010e56   0x245  ApiPocCmd.o [1]
  .far_func.text     ro code  0x01109b   0x230  ApiGpsCmd.o [1]
  .far_func.text     ro code  0x0112cb   0x22c  Config.o [1]
  .far_func.text     ro code  0x0114f7   0x211  ApiPocCmd.o [1]
  .far_func.text     ro code  0x011708   0x211  DrvKeyboard.o [1]
  .far_func.text     ro code  0x011919   0x206  ApiPocCmd.o [1]
  .far_func.text     ro code  0x011b1f   0x1d7  ApiPocCmd.o [1]
  .far_func.text     ro code  0x011cf6   0x1b2  uart3.o [1]
  .far_func.text     ro code  0x011ea8   0x1ac  long.o [5]
  .far_func.text     ro code  0x012054   0x190  ApiAtCmd.o [1]
  .far_func.text     ro code  0x0121e4   0x18e  Task.o [1]
  .far_func.text     ro code  0x012372   0x189  ApiPocCmd.o [1]
  .far_func.text     ro code  0x0124fb   0x185  GT20L16P1Y.o [3]
  .far_func.text     ro code  0x012680   0x178  vreg_util.o [5]
  .far_func.text     ro code  0x0127f8   0x173  ApiMenu.o [1]
  .far_func.text     ro code  0x01296b   0x173  ApiPocCmd.o [1]
  .far_func.text     ro code  0x012ade   0x165  ApiGpsCmd.o [1]
  .far_func.text     ro code  0x012c43   0x159  stm8s_uart1.o [1]
  .far_func.text     ro code  0x012d9c   0x153  ApiAtCmd.o [1]
  .far_func.text     ro code  0x012eef   0x148  DrvKeyboard.o [1]
  .far_func.text     ro code  0x013037   0x13f  DrvKeyboard.o [1]
  .far_func.text     ro code  0x013176   0x13b  ApiMenu.o [1]
  .far_func.text     ro code  0x0132b1   0x13b  DrvGT20L16S1Y.o [1]
  .far_func.text     ro code  0x0133ec   0x134  CommonLib.o [1]
  .far_func.text     ro code  0x013520   0x134  DrvGT20L16S1Y.o [1]
  .far_func.text     ro code  0x013654   0x12a  stm8s_uart3.o [1]
  .far_func.text     ro code  0x01377e   0x11a  ApiAtCmd.o [1]
  .far_func.text     ro code  0x013898   0x103  stm8s_itc.o [1]
  .far_func.text     ro code  0x01399b   0x103  System.o [1]
  .far_func.text     ro code  0x013a9e    0xfa  CommonLib.o [1]
  .far_func.text     ro code  0x013b98    0xf3  uart3.o [1]
  .far_func.text     ro code  0x013c8b    0xeb  DrvGD83.o [1]
  .far_func.text     ro code  0x013d76    0xe9  uart3.o [1]
  .far_func.text     ro code  0x013e5f    0xe5  ApiKeyboard.o [1]
  .far_func.text     ro code  0x013f44    0xdf  uart3.o [1]
  .far_func.text     ro code  0x014023    0xd9  ApiDisplay.o [1]
  .far_func.text     ro code  0x0140fc    0xd8  ApiPocCmd.o [1]
  .far_func.text     ro code  0x0141d4    0xc8  ApiDisplay.o [1]
  .far_func.text     ro code  0x01429c    0xc0  ApiDisplay.o [1]
  .far_func.text     ro code  0x01435c    0xba  uart3.o [1]
  .far_func.text     ro code  0x014416    0xb6  stm8s_uart3.o [1]
  .far_func.text     ro code  0x0144cc    0xb2  CommonLib.o [1]
  .far_func.text     ro code  0x01457e    0xb0  ApiDisplay.o [1]
  .far_func.text     ro code  0x01462e    0xaf  stm8s_gpio.o [1]
  .far_func.text     ro code  0x0146dd    0xad  uart3.o [1]
  .far_func.text     ro code  0x01478a    0xa3  Delay.o [1]
  .far_func.text     ro code  0x01482d    0xa2  stm8s_clk.o [1]
  .far_func.text     ro code  0x0148cf    0x9c  ApiAtCmd.o [1]
  .far_func.text     ro code  0x01496b    0x99  stm8s_tim1.o [1]
  .far_func.text     ro code  0x014a04    0x97  ApiDisplay.o [1]
  .far_func.text     ro code  0x014a9b    0x96  CommonLib.o [1]
  .far_func.text     ro code  0x014b31    0x96  DrvKeyboard.o [1]
  .far_func.text     ro code  0x014bc7    0x95  uart3.o [1]
  .far_func.text     ro code  0x014c5c    0x92  stm8s_uart1.o [1]
  .far_func.text     ro code  0x014cee    0x8f  uart3.o [1]
  .far_func.text     ro code  0x014d7d    0x8d  ApiAtCmd.o [1]
  .far_func.text     ro code  0x014e0a    0x8d  stm8s_uart3.o [1]
  .far_func.text     ro code  0x014e97    0x88  ApiDisplay.o [1]
  .far_func.text     ro code  0x014f1f    0x85  ApiPocCmd.o [1]
  .far_func.text     ro code  0x014fa4    0x82  stm8s_adc2.o [1]
  .far_func.text     ro code  0x015026    0x80  DrvGD83.o [1]
  .far_func.text     ro code  0x0150a6    0x7b  ApiLED.o [1]
  .far_func.text     ro code  0x015121    0x73  ApiAtCmd.o [1]
  .far_func.text     ro code  0x015194    0x73  Delay.o [1]
  .far_func.text     ro code  0x015207    0x72  DrvKeyboard.o [1]
  .far_func.text     ro code  0x015279    0x71  Voice.o [1]
  .far_func.text     ro code  0x0152ea    0x6e  uart3.o [1]
  .far_func.text     ro code  0x015358    0x6d  stm8s_uart1.o [1]
  .far_func.text     ro code  0x0153c5    0x6b  Tone.o [1]
  .far_func.text     ro code  0x015430    0x67  ApiAtCmd.o [1]
  .far_func.text     ro code  0x015497    0x64  ApiDisplay.o [1]
  .far_func.text     ro code  0x0154fb    0x64  ApiGpsCmd.o [1]
  .far_func.text     ro code  0x01555f    0x64  CommonLib.o [1]
  .far_func.text     ro code  0x0155c3    0x64  long_util.o [5]
  .far_func.text     ro code  0x015627    0x62  ApiPocCmd.o [1]
  .far_func.text     ro code  0x015689    0x61  ApiDisplay.o [1]
  .far_func.text     ro code  0x0156ea    0x61  KeyCmd.o [1]
  .far_func.text     ro code  0x01574b    0x61  stm8s_tim1.o [1]
  .far_func.text     ro code  0x0157ac    0x5f  ADC.o [1]
  .far_func.text     ro code  0x01580b    0x5e  CommonLib.o [1]
  .far_func.text     ro code  0x015869    0x5e  uart3.o [1]
  .far_func.text     ro code  0x0158c7    0x5d  short.o [5]
  .far_func.text     ro code  0x015924    0x5c  GT20L16P1Y_D.o [1]
  .far_func.text     ro code  0x015980    0x5c  uart3.o [1]
  .far_func.text     ro code  0x0159dc    0x58  stm8s_clk.o [1]
  .far_func.text     ro code  0x015a34    0x58  dc_util.o [5]
  .far_func.text     ro code  0x015a8c    0x57  ApiDisplay.o [1]
  .far_func.text     ro code  0x015ae3    0x56  Flash_eeprom.o [1]
  .far_func.text     ro code  0x015b39    0x56  Tone.o [1]
  .far_func.text     ro code  0x015b8f    0x55  Delay.o [1]
  .far_func.text     ro code  0x015be4    0x54  stm8s_adc2.o [1]
  .far_func.text     ro code  0x015c38    0x52  uart3.o [1]
  .far_func.text     ro code  0x015c8a    0x50  Flash_eeprom.o [1]
  .far_func.text     ro code  0x015cda    0x4f  ApiDisplay.o [1]
  .far_func.text     ro code  0x015d29    0x4f  Flash_eeprom.o [1]
  .far_func.text     ro code  0x015d78    0x4f  uart3.o [1]
  .far_func.text     ro code  0x015dc7    0x4f  Voice.o [1]
  .far_func.text     ro code  0x015e16    0x4e  CommonLib.o [1]
  .far_func.text     ro code  0x015e64    0x4e  System.o [1]
  .far_func.text     ro code  0x015eb2    0x4a  DrvGD83.o [1]
  .far_func.text     ro code  0x015efc    0x4a  DrvGD83.o [1]
  .far_func.text     ro code  0x015f46    0x4a  DrvGD83.o [1]
  .far_func.text     ro code  0x015f90    0x4a  DrvGD83.o [1]
  .far_func.text     ro code  0x015fda    0x49  stm8s_uart3.o [1]
  .far_func.text     ro code  0x016023    0x48  Flash_eeprom.o [1]
  .far_func.text     ro code  0x01606b    0x48  GT20L16P1Y_D.o [1]
  .far_func.text     ro code  0x0160b3    0x48  GT20L16P1Y_D.o [1]
  .far_func.text     ro code  0x0160fb    0x47  GT20L16P1Y.o [3]
  .far_func.text     ro code  0x016142    0x45  ApiGpsCmd.o [1]
  .far_func.text     ro code  0x016187    0x45  Flash_eeprom.o [1]
  .far_func.text     ro code  0x0161cc    0x43  stm8s_tim1.o [1]
  .far_func.text     ro code  0x01620f    0x40  Task.o [1]
  .far_func.text     ro code  0x01624f    0x3e  Flash_eeprom.o [1]
  .far_func.text     ro code  0x01628d    0x3d  DrvGD83.o [1]
  .far_func.text     ro code  0x0162ca    0x3b  McuConfig.o [1]
  .far_func.text     ro code  0x016305    0x39  uart3.o [1]
  .far_func.text     ro code  0x01633e    0x38  Beep.o [1]
  .far_func.text     ro code  0x016376    0x38  DrvGT20L16S1Y.o [1]
  .far_func.text     ro code  0x0163ae    0x36  ApiPocCmd.o [1]
  .far_func.text     ro code  0x0163e4    0x36  stm8s_flash.o [1]
  .far_func.text     ro code  0x01641a    0x36  sysclock.o [1]
  .far_func.text     ro code  0x016450    0x36  memcmp.o [5]
  .far_func.text     ro code  0x016486    0x34  McuConfig.o [1]
  .far_func.text     ro code  0x0164ba    0x32  stm8s_uart1.o [1]
  .far_func.text     ro code  0x0164ec    0x31  main.o [1]
  .far_func.text     ro code  0x01651d    0x30  stm8s_adc2.o [1]
  .far_func.text     ro code  0x01654d    0x2f  ApiDisplay.o [1]
  .far_func.text     ro code  0x01657c    0x2f  stm8s_adc2.o [1]
  .far_func.text     ro code  0x0165ab    0x2e  ApiDisplay.o [1]
  .far_func.text     ro code  0x0165d9    0x2e  ApiDisplay.o [1]
  .far_func.text     ro code  0x016607    0x2e  ApiDisplay.o [1]
  .far_func.text     ro code  0x016635    0x2e  ApiDisplay.o [1]
  .far_func.text     ro code  0x016663     0x1  ApiKeyboard.o [1]
                            - 0x016664  0x6664


*******************************************************************************
*** INIT TABLE
***

          Address   Size
          -------   ----
Zero (__iar_zero_init2)
    1 destination range, total size 0x1353:
          0x000074  0x1353

Copy (__iar_copy_init2)
    1 source range, total size 0x64:
          0x00a2e0    0x64
    1 destination range, total size 0x64:
          0x000010    0x64



*******************************************************************************
*** MODULE SUMMARY
***

    Module                 ro code  ro data  rw data
    ------                 -------  -------  -------
E:\1-source\A508\PRJ\Debug\Obj: [1]
    ADC.o                      803      162        7
    ApiAtCmd.o               2 995      334      205
    ApiBeidou.o                                   82
    ApiDisplay.o             1 757    1 128      578
    ApiGpsCmd.o              3 683               477
    ApiKeyboard.o            3 636      200       34
    ApiLED.o                   123                 1
    ApiMenu.o                1 566      498       10
    ApiPocCmd.o              5 555      116    2 353
    Beep.o                     867                18
    CommonLib.o              1 158       17
    Config.o                   556
    Delay.o                  2 707      159       49
    DrvGD83.o                2 847       33    1 069
    DrvGT20L16S1Y.o            679
    DrvHTG12832.o              594                 2
    DrvKeyboard.o            1 440
    Flash_eeprom.o             448
    GT20L16P1Y_D.o             274    7 776
    KeyCmd.o                   143       66
    McuConfig.o                368
    System.o                   345       23       20
    Task.o                   3 045      705       45
    Tone.o                     231                18
    Voice.o                    207                 6
    main.o                      49
    stm8s_adc2.o               379
    stm8s_clk.o                269        4
    stm8s_flash.o              201
    stm8s_gpio.o               195
    stm8s_it.o                 126
    stm8s_itc.o                259
    stm8s_tim1.o               392
    stm8s_tim3.o                71
    stm8s_uart1.o              731
    stm8s_uart3.o              752
    sysclock.o                 128
    uart3.o                  2 332       30       73
    ------------------------------------------------
    Total:                  41 911   11 251    5 047

command line: [2]
    ------------------------------------------------
    Total:

GT20L16_STM8_DOUBLE_MEDIUM_IAR.a: [3]
    GT20L16P1Y.o             1 770       62
    ------------------------------------------------
    Total:                   1 770       62

dbgstm8mmd.a: [4]
    __dbg_break.o                1
    __dbg_xxexit.o              22
    ------------------------------------------------
    Total:                      23

dlstm8mmn.a: [5]
    cexit.o                      6
    char.o                       6
    cstartup.o                  23
    dc_util.o                   88
    exit.o                       4
    far_util.o                  14
    init.o                      30
    init_small.o                70
    interrupt.o                  4      128
    long.o                     428
    long_util.o                100
    low_level_init.o             3
    memcmp.o                    54
    memcpy.o                    38
    memset.o                    23
    move.o                      37
    short.o                     93
    strlen.o                    18
    unhandled_exception.o        3
    vreg_util.o                376
    vregs.o                                       16
    ------------------------------------------------
    Total:                   1 418      128       16

    Linker created                       20      256
----------------------------------------------------
    Grand Total:            45 122   11 461    5 319


*******************************************************************************
*** ENTRY LIST
***

Entry                    Address    Size  Type      Object
-----                    -------    ----  ----      ------
.iar.init_table$$Base   0x00a4f4           --   Gb  - Linker created -
.iar.init_table$$Limit  0x00a508           --   Gb  - Linker created -
?add32_l0_l0_0x         0x011eab          Code  Gb  long.o [5]
?add32_l0_l0_l1         0x011ea8          Code  Gb  long.o [5]
?and32_l0_l0_0x         0x011fe7          Code  Gb  long.o [5]
?and32_l0_l0_l1         0x011fe4          Code  Gb  long.o [5]
?b0                     0x000000          Data  Gb  vregs.o [5]
?b1                     0x000001          Data  Gb  vregs.o [5]
?b10                    0x00000a          Data  Gb  vregs.o [5]
?b11                    0x00000b          Data  Gb  vregs.o [5]
?b12                    0x00000c          Data  Gb  vregs.o [5]
?b13                    0x00000d          Data  Gb  vregs.o [5]
?b14                    0x00000e          Data  Gb  vregs.o [5]
?b15                    0x00000f          Data  Gb  vregs.o [5]
?b2                     0x000002          Data  Gb  vregs.o [5]
?b3                     0x000003          Data  Gb  vregs.o [5]
?b4                     0x000004          Data  Gb  vregs.o [5]
?b5                     0x000005          Data  Gb  vregs.o [5]
?b6                     0x000006          Data  Gb  vregs.o [5]
?b7                     0x000007          Data  Gb  vregs.o [5]
?b8                     0x000008          Data  Gb  vregs.o [5]
?b9                     0x000009          Data  Gb  vregs.o [5]
?dc32_l0                0x015a34          Code  Gb  dc_util.o [5]
?dc32_l1                0x015a60          Code  Gb  dc_util.o [5]
?e0                     0x000001          Data  Gb  vregs.o [5]
?e1                     0x000005          Data  Gb  vregs.o [5]
?e2                     0x000009          Data  Gb  vregs.o [5]
?e3                     0x00000d          Data  Gb  vregs.o [5]
?epilogue_l2            0x012738          Code  Gb  vreg_util.o [5]
?epilogue_l2_l3         0x012734          Code  Gb  vreg_util.o [5]
?epilogue_l2_w6         0x01273d          Code  Gb  vreg_util.o [5]
?epilogue_w4            0x012746          Code  Gb  vreg_util.o [5]
?l0                     0x000000          Data  Gb  vregs.o [5]
?l1                     0x000004          Data  Gb  vregs.o [5]
?l2                     0x000008          Data  Gb  vregs.o [5]
?l3                     0x00000c          Data  Gb  vregs.o [5]
?load24_e1_0x           0x00f4f4          Code  Gb  far_util.o [5]
?load32_0x_l0           0x015619          Code  Gb  long_util.o [5]
?load32_l0_0x           0x0155dd          Code  Gb  long_util.o [5]
?load32_l0_asp          0x0155d1          Code  Gb  long_util.o [5]
?load32_l0_dbsp         0x0155c3          Code  Gb  long_util.o [5]
?load32_l0_xsp          0x0155d3          Code  Gb  long_util.o [5]
?load32_l1_0x           0x015603          Code  Gb  long_util.o [5]
?load32_l1_asp          0x0155f7          Code  Gb  long_util.o [5]
?load32_l1_dbsp         0x0155e9          Code  Gb  long_util.o [5]
?load32_l1_xsp          0x0155f9          Code  Gb  long_util.o [5]
?load32_xsp_l0          0x01560f          Code  Gb  long_util.o [5]
?longfarg16_v_w0_a      0x00f119          Code  Gb  move.o [5]
?longfarg16_v_w0_x      0x00f11b          Code  Gb  move.o [5]
?mov_e0_e1              0x01277f          Code  Gb  vreg_util.o [5]
?mov_e0_e2              0x01278c          Code  Gb  vreg_util.o [5]
?mov_e0_e3              0x012799          Code  Gb  vreg_util.o [5]
?mov_e1_e0              0x0127a6          Code  Gb  vreg_util.o [5]
?mov_e1_e2              0x0127b3          Code  Gb  vreg_util.o [5]
?mov_e1_e3              0x0127c0          Code  Gb  vreg_util.o [5]
?mov_e2_e0              0x0127cd          Code  Gb  vreg_util.o [5]
?mov_e3_e0              0x0127e1          Code  Gb  vreg_util.o [5]
?mov_e3_e1              0x0127ee          Code  Gb  vreg_util.o [5]
?mov_l0_l1              0x01277c          Code  Gb  vreg_util.o [5]
?mov_l0_l2              0x012789          Code  Gb  vreg_util.o [5]
?mov_l0_l3              0x012796          Code  Gb  vreg_util.o [5]
?mov_l1_l0              0x0127a3          Code  Gb  vreg_util.o [5]
?mov_l1_l2              0x0127b0          Code  Gb  vreg_util.o [5]
?mov_l1_l3              0x0127bd          Code  Gb  vreg_util.o [5]
?mov_l2_l0              0x0127ca          Code  Gb  vreg_util.o [5]
?mov_l3_l0              0x0127de          Code  Gb  vreg_util.o [5]
?mov_l3_l1              0x0127eb          Code  Gb  vreg_util.o [5]
?mov_w0_w2              0x01274b          Code  Gb  vreg_util.o [5]
?mov_w1_w3              0x012782          Code  Gb  vreg_util.o [5]
?mov_w1_w4              0x012752          Code  Gb  vreg_util.o [5]
?mov_w1_w5              0x01278f          Code  Gb  vreg_util.o [5]
?mov_w1_w7              0x01279c          Code  Gb  vreg_util.o [5]
?mov_w2_w0              0x012759          Code  Gb  vreg_util.o [5]
?mov_w2_w1              0x012760          Code  Gb  vreg_util.o [5]
?mov_w3_w1              0x0127a9          Code  Gb  vreg_util.o [5]
?mov_w3_w4              0x012767          Code  Gb  vreg_util.o [5]
?mov_w3_w5              0x0127b6          Code  Gb  vreg_util.o [5]
?mov_w3_w7              0x0127c3          Code  Gb  vreg_util.o [5]
?mov_w5_w1              0x0127d0          Code  Gb  vreg_util.o [5]
?mov_w5_w3              0x0127d7          Code  Gb  vreg_util.o [5]
?mov_w6_w0              0x01276e          Code  Gb  vreg_util.o [5]
?mov_w7_w0              0x012775          Code  Gb  vreg_util.o [5]
?mov_w7_w1              0x0127e4          Code  Gb  vreg_util.o [5]
?mov_w7_w3              0x0127f1          Code  Gb  vreg_util.o [5]
?move1616_v_x_y_a       0x00f10c          Code  Gb  move.o [5]
?mul16_x_x_w0           0x0158c7          Code  Gb  short.o [5]
?mul32_l0_l0_l1         0x011ede          Code  Gb  long.o [5]
?or32_l0_l0_0x          0x012002          Code  Gb  long.o [5]
?or32_l0_l0_l1          0x011fff          Code  Gb  long.o [5]
?pop_l0                 0x0126fc          Code  Gb  vreg_util.o [5]
?pop_l1                 0x012707          Code  Gb  vreg_util.o [5]
?pop_l2                 0x012712          Code  Gb  vreg_util.o [5]
?pop_l3                 0x01271d          Code  Gb  vreg_util.o [5]
?pop_w4                 0x0126a6          Code  Gb  vreg_util.o [5]
?pop_w5                 0x0126ad          Code  Gb  vreg_util.o [5]
?pop_w6                 0x0126b4          Code  Gb  vreg_util.o [5]
?push_l0                0x0126c7          Code  Gb  vreg_util.o [5]
?push_l1                0x0126cc          Code  Gb  vreg_util.o [5]
?push_l2                0x0126d1          Code  Gb  vreg_util.o [5]
?push_l3                0x0126d6          Code  Gb  vreg_util.o [5]
?push_w4                0x012680          Code  Gb  vreg_util.o [5]
?push_w5                0x012685          Code  Gb  vreg_util.o [5]
?push_w6                0x01268a          Code  Gb  vreg_util.o [5]
?sdiv16_x_x_y           0x0158e5          Code  Gb  short.o [5]
?sext16_x_a             0x01591d          Code  Gb  short.o [5]
?sext32_l0_a            0x012047          Code  Gb  long.o [5]
?sext32_l0_x            0x01203c          Code  Gb  long.o [5]
?sll16_x_x_4            0x015918          Code  Gb  short.o [5]
?sll16_x_x_5            0x015917          Code  Gb  short.o [5]
?sll16_x_x_6            0x015916          Code  Gb  short.o [5]
?sll16_x_x_a            0x01590e          Code  Gb  short.o [5]
?sll32_0x_0x_a          0x01201d          Code  Gb  long.o [5]
?sll32_l0_l0_a          0x01201a          Code  Gb  long.o [5]
?smod16_y_x_y           0x0158fe          Code  Gb  short.o [5]
?srl32_0x_0x_a          0x01202e          Code  Gb  long.o [5]
?srl32_l0_l0_a          0x01202b          Code  Gb  long.o [5]
?srl8_a_a_5             0x00f600          Code  Gb  char.o [5]
?srl8_a_a_6             0x00f5ff          Code  Gb  char.o [5]
?sub32_l0_l0_0x         0x011ec6          Code  Gb  long.o [5]
?sub32_l0_l0_l1         0x011ec3          Code  Gb  long.o [5]
?ucmp32_c_l0_l1         0x011fd9          Code  Gb  long.o [5]
?udiv32_l0_dl_l1        0x011f62          Code  Gb  long.o [5]
?udiv32_l0_l0_dl        0x011f68          Code  Gb  long.o [5]
?udiv32_l0_l0_l1        0x011f6c          Code  Gb  long.o [5]
?umod32_l1_l0_dl        0x011f5c          Code  Gb  long.o [5]
?umod32_l1_l0_l1        0x011f6c          Code  Gb  long.o [5]
?w0                     0x000000          Data  Gb  vregs.o [5]
?w1                     0x000002          Data  Gb  vregs.o [5]
?w2                     0x000004          Data  Gb  vregs.o [5]
?w3                     0x000006          Data  Gb  vregs.o [5]
?w4                     0x000008          Data  Gb  vregs.o [5]
?w5                     0x00000a          Data  Gb  vregs.o [5]
?w6                     0x00000c          Data  Gb  vregs.o [5]
?w7                     0x00000e          Data  Gb  vregs.o [5]
ADC2_Cmd                0x00f536     0xd  Code  Gb  stm8s_adc2.o [1]
ADC2_ConversionConfig   0x01657c    0x2f  Code  Gb  stm8s_adc2.o [1]
ADC2_ExternalTriggerConfig
                        0x00f1b9    0x21  Code  Gb  stm8s_adc2.o [1]
ADC2_GetConversionValue
                        0x015be4    0x54  Code  Gb  stm8s_adc2.o [1]
ADC2_IRQHandler         0x00f69f     0x1  Code  Gb  stm8s_it.o [1]
ADC2_Init               0x01651d    0x30  Code  Gb  stm8s_adc2.o [1]
ADC2_PrescalerConfig    0x00f43b    0x13  Code  Gb  stm8s_adc2.o [1]
ADC2_SchmittTriggerConfig
                        0x014fa4    0x82  Code  Gb  stm8s_adc2.o [1]
ADC2_StartConversion    0x00f60b     0x5  Code  Gb  stm8s_adc2.o [1]
ADC_Init                0x00f155    0x22  Code  Gb  ADC.o [1]
AF_Mute_Init            0x00f50f     0xd  Code  Gb  McuConfig.o [1]
ASCII_ActiveUserID      0x0012af    0x16  Data  Gb  ApiPocCmd.o [1]
AUDIO_IOAFMUT           0x00f334    0x19  Code  Gb  McuConfig.o [1]
AUDIO_IOAFPOW           0x00f34d    0x19  Code  Gb  McuConfig.o [1]
AWU_IRQHandler          0x00f68f     0x1  Code  Gb  stm8s_it.o [1]
AkeyvolumeCount         0x000040     0x1  Data  Gb  ApiKeyboard.o [1]
AlarmCount              0x000059     0x1  Data  Gb  Task.o [1]
ApGpsCmd_10msRenew      0x00f177    0x21  Code  Gb  ApiGpsCmd.o [1]
ApiAtCmd_100msRenew     0x00e7ee    0xb2  Code  Gb  ApiAtCmd.o [1]
ApiAtCmd_10msRenew      0x01377e   0x11a  Code  Gb  ApiAtCmd.o [1]
ApiAtCmd_GetGroupName   0x00f474    0x12  Code  Gb  ApiPocCmd.o [1]
ApiAtCmd_GetGroupNameLen
                        0x00f402    0x13  Code  Gb  ApiPocCmd.o [1]
ApiAtCmd_GetGroupNum    0x00f64b     0x4  Code  Gb  ApiPocCmd.o [1]
ApiAtCmd_GetLoginState  0x00f5ea     0x7  Code  Gb  ApiPocCmd.o [1]
ApiAtCmd_GetMainGroupId
                        0x00f653     0x4  Code  Gb  ApiPocCmd.o [1]
ApiAtCmd_GetMainWorkName
                        0x00f647     0x4  Code  Gb  ApiPocCmd.o [1]
ApiAtCmd_GetUserName    0x011097     0x4  Code  Gb  ApiPocCmd.o [1]
ApiAtCmd_GetUserNameLen
                        0x00f415    0x13  Code  Gb  ApiPocCmd.o [1]
ApiAtCmd_GetUserNum     0x00f64f     0x4  Code  Gb  ApiPocCmd.o [1]
ApiAtCmd_Get_DateTime_Information
                        0x012d9c   0x153  Code  Gb  ApiAtCmd.o [1]
ApiAtCmd_Get_location_Information
                        0x012054   0x190  Code  Gb  ApiAtCmd.o [1]
ApiAtCmd_PlayVoice      0x015121    0x73  Code  Gb  ApiAtCmd.o [1]
ApiAtCmd_SetLoginState  0x00f4d8     0xe  Code  Gb  ApiPocCmd.o [1]
ApiAtCmd_WritCommand    0x00e5cc   0x222  Code  Gb  ApiAtCmd.o [1]
ApiAtCmd_ZTTSCount      0x0013aa     0x1  Data  Gb  Delay.o [1]
ApiAtCmd_ZTTS_Flag      0x00134a     0x1  Data  Gb  ApiAtCmd.o [1]
ApiAtCmd_tcp_state      0x00f5c0     0xa  Code  Gb  ApiAtCmd.o [1]
ApiCaretCmd_10msRenew   0x010000   0x2a3  Code  Gb  ApiAtCmd.o [1]
ApiGpsCmd_100msRenew    0x00dd54   0x1f9  Code  Gb  ApiGpsCmd.o [1]
ApiGpsCmd_PowerOnInitial
                        0x01109b   0x230  Code  Gb  ApiGpsCmd.o [1]
ApiGpsServerType        0x001359     0x1  Data  Gb  ApiGpsCmd.o [1]
ApiGps_GetTcpPortAddress_No5
                        0x00f643     0x4  Code  Gb  ApiGpsCmd.o [1]
ApiMenu_BacklightTimeSet_Flag
                        0x001379     0x1  Data  Gb  ApiMenu.o [1]
ApiMenu_BeiDouOrWritingFrequency_Flag
                        0x00137b     0x1  Data  Gb  ApiMenu.o [1]
ApiMenu_GpsInfo_Flag    0x001377     0x1  Data  Gb  ApiMenu.o [1]
ApiMenu_KeylockTimeSet_Flag
                        0x00137a     0x1  Data  Gb  ApiMenu.o [1]
ApiMenu_NativeInfo_Flag
                        0x001378     0x1  Data  Gb  ApiMenu.o [1]
ApiMenu_SwitchCallUser_Flag
                        0x001375     0x1  Data  Gb  ApiMenu.o [1]
ApiMenu_SwitchGroup_Flag
                        0x001374     0x1  Data  Gb  ApiMenu.o [1]
ApiMenu_SwitchOnlineUser_Flag
                        0x001376     0x1  Data  Gb  ApiMenu.o [1]
ApiPocCmd_10msRenew     0x00caf8   0x7c2  Code  Gb  ApiPocCmd.o [1]
ApiPocCmd_PersonalCallingMode
                        0x00137e     0x1  Data  Gb  ApiPocCmd.o [1]
ApiPocCmd_PlayReceivedVoice_Flag
                        0x00138a     0x1  Data  Gb  ApiPocCmd.o [1]
ApiPocCmd_Tone_Flag     0x001389     0x1  Data  Gb  ApiPocCmd.o [1]
ApiPocCmd_WritCommand   0x011b1f   0x1d7  Code  Gb  ApiPocCmd.o [1]
ApiPocCmd_user_info_get
                        0x0163ae    0x36  Code  Gb  ApiPocCmd.o [1]
ApiPocCmd_user_info_set
                        0x0140fc    0xd8  Code  Gb  ApiPocCmd.o [1]
AtCmdDrvobj             0x00100d    0x92  Data  Lc  ApiAtCmd.o [1]
AtCmd_NetParamCode      0x014d7d    0x8d  Code  Lc  ApiAtCmd.o [1]
AtNotify_Queue          0x00c36f    0x4d  Code  Lc  DrvGD83.o [1]
AtNotify_Queue_Start    0x00c3bc    0x56  Code  Lc  DrvGD83.o [1]
BEEP_Interrupt10ms      0x00f296    0x1c  Code  Gb  Beep.o [1]
BEEP_PowerOnInitial     0x00e4f9    0xd3  Code  Gb  Beep.o [1]
BEEP_SetOutput          0x00e2bd   0x23c  Code  Gb  Beep.o [1]
BEEP_Time               0x01633e    0x38  Code  Gb  Beep.o [1]
BacklightTimeBuf1       0x001372     0x1  Data  Gb  ApiMenu.o [1]
BacklightTimeBuf2       0x001373     0x1  Data  Gb  ApiMenu.o [1]
BacklightTimeCount      0x0013ad     0x1  Data  Gb  Delay.o [1]
BacklightTimeSetCount   0x000049     0x1  Data  Gb  ApiKeyboard.o [1]
BatteryLevel            0x001341     0x1  Data  Gb  ADC.o [1]
BeepDrvObj              0x0012d9    0x12  Data  Lc  Beep.o [1]
BeidouRxData            0x0010ef    0x4b  Data  Gb  ApiBeidou.o [1]
BeidouRxDataLen         0x001353     0x1  Data  Gb  ApiBeidou.o [1]
BitTab                  0x00ac1d     0x8  Data  Gb  ApiDisplay.o [1]
BootProcess_PPPCFG_Flag
                        0x001349     0x1  Data  Gb  ApiAtCmd.o [1]
BootProcess_SIMST_Flag  0x001348     0x1  Data  Gb  ApiAtCmd.o [1]
CFG_GetCurAdr           0x0112cb   0x22c  Code  Gb  Config.o [1]
CHAR_HIGH               0x00a9cb    0x10  Data  Gb  ApiDisplay.o [1]
CHAR_TO_Digital         0x015430    0x67  Code  Gb  ApiAtCmd.o [1]
CHAR_WIDTH              0x00a9db    0x10  Data  Gb  ApiDisplay.o [1]
CLK_ClockSwitchConfig   0x01482d    0xa2  Code  Gb  stm8s_clk.o [1]
CLK_GetClockFreq        0x0159dc    0x58  Code  Gb  stm8s_clk.o [1]
CLK_HSIPrescalerConfig  0x00f44e    0x13  Code  Gb  stm8s_clk.o [1]
CLK_IRQHandler          0x00f690     0x1  Code  Gb  stm8s_it.o [1]
COMLHexArray2String     0x0154fb    0x64  Code  Lc  ApiGpsCmd.o [1]
COML_AscToHex           0x013a9e    0xfa  Code  Gb  CommonLib.o [1]
COML_DecToAsc           0x01555f    0x64  Code  Gb  CommonLib.o [1]
COML_HexToAsc           0x0144cc    0xb2  Code  Gb  CommonLib.o [1]
COML_HexToAsc2          0x014a9b    0x96  Code  Gb  CommonLib.o [1]
COML_StringReverse      0x01580b    0x5e  Code  Gb  CommonLib.o [1]
CSQTimeCount            0x00139e     0x1  Data  Gb  Delay.o [1]
CSQValue                0x00134e     0x1  Data  Gb  ApiAtCmd.o [1]
CSQ_Flag                0x00134b     0x1  Data  Gb  ApiAtCmd.o [1]
CSTACK$$Base            0x001700           --   Gb  - Linker created -
CSTACK$$Limit           0x001800           --   Gb  - Linker created -
C_TEST_OUT_SET          0x00f529     0xd  Code  Gb  McuConfig.o [1]
CaretNotify_Queue       0x00c2d5    0x4d  Code  Lc  DrvGD83.o [1]
CaretNotify_Queue_Start
                        0x00c468    0x56  Code  Lc  DrvGD83.o [1]
CharCode                0x001337     0x2  Data  Gb  ApiDisplay.o [1]
Combine2Hex             0x0133ec   0x134  Code  Gb  CommonLib.o [1]
Count                   0x001342     0x1  Data  Gb  ADC.o [1]
Count2                  0x001343     0x1  Data  Gb  ADC.o [1]
Count3                  0x001344     0x1  Data  Gb  ADC.o [1]
DEL_100msProcess        0x00c228    0x58  Code  Lc  Delay.o [1]
DEL_10msProcess         0x00c280    0x1d  Code  Lc  Delay.o [1]
DEL_1msProcess          0x00c29d    0x28  Code  Lc  Delay.o [1]
DEL_500msProcess        0x00ba13   0x815  Code  Lc  Delay.o [1]
DEL_500ms_Count         0x001398     0x1  Data  Gb  Delay.o [1]
DEL_500ms_Count2        0x001399     0x1  Data  Gb  Delay.o [1]
DEL_GetTimer            0x015b8f    0x55  Code  Gb  Delay.o [1]
DEL_Interrupt           0x01478a    0xa3  Code  Gb  Delay.o [1]
DEL_PowerOnInitial      0x00f198    0x21  Code  Gb  Delay.o [1]
DEL_Renew               0x00c2c5    0x10  Code  Gb  Delay.o [1]
DEL_SetTimer            0x015194    0x73  Code  Gb  Delay.o [1]
DEL_Soft1ms             0x00f2b2    0x1c  Code  Gb  Delay.o [1]
DEL_TimerRenew          0x00ef60    0x29  Code  Lc  Delay.o [1]
DISP_DataBuf            0x0141d4    0xc8  Code  Lc  ApiDisplay.o [1]
DISP_MulTypePro         0x01429c    0xc0  Code  Lc  ApiDisplay.o [1]
DISP_MulTypePro2        0x014023    0xd9  Code  Lc  ApiDisplay.o [1]
Data_Date0              0x00f633     0x4  Code  Gb  ApiAtCmd.o [1]
Data_Date1              0x00f637     0x4  Code  Gb  ApiAtCmd.o [1]
Data_Date2              0x00f63b     0x4  Code  Gb  ApiAtCmd.o [1]
Data_Latitude_Minute    0x00f623     0x4  Code  Gb  ApiAtCmd.o [1]
Data_Latitude_Second    0x00f5e3     0x7  Code  Gb  ApiAtCmd.o [1]
Data_Longitude_Minute   0x00f61f     0x4  Code  Gb  ApiAtCmd.o [1]
Data_Longitude_Second   0x00f5dc     0x7  Code  Gb  ApiAtCmd.o [1]
Data_Speed              0x00f63f     0x4  Code  Gb  ApiAtCmd.o [1]
Data_Time0              0x00f627     0x4  Code  Gb  ApiAtCmd.o [1]
Data_Time1              0x00f62b     0x4  Code  Gb  ApiAtCmd.o [1]
Data_Time2              0x00f62f     0x4  Code  Gb  ApiAtCmd.o [1]
Dec2Hex                 0x015e16    0x4e  Code  Gb  CommonLib.o [1]
DefaultSystemClockForHSI
                        0x00f23b    0x1f  Code  Gb  sysclock.o [1]
DelDrvObj               0x001317     0xb  Data  Lc  Delay.o [1]
Delay_100ms             0x01620f    0x40  Code  Gb  Task.o [1]
DisDataBit              0x00117e    0x40  Data  Gb  ApiDisplay.o [1]
DisDataBuf              0x000c4a   0x200  Data  Gb  ApiDisplay.o [1]
DrvGD83DrvObj           0x000826   0x424  Data  Lc  DrvGD83.o [1]
DrvGD83_UART_TxCommand  0x015026    0x80  Code  Gb  DrvGD83.o [1]
DrvMC8332_AtNotify_Queue_front
                        0x015efc    0x4a  Code  Gb  DrvGD83.o [1]
DrvMC8332_CaretNotify_Queue_front
                        0x015eb2    0x4a  Code  Gb  DrvGD83.o [1]
DrvMC8332_GpsNotify_Queue_front
                        0x015f90    0x4a  Code  Gb  DrvGD83.o [1]
DrvMC8332_PocNotify_Queue_front
                        0x015f46    0x4a  Code  Gb  DrvGD83.o [1]
DrvMC8332_Software_Initial
                        0x01628d    0x3d  Code  Gb  DrvGD83.o [1]
DrvMC8332_TxPort_SetValidable
                        0x00eeb4    0x2c  Code  Gb  DrvGD83.o [1]
DrvMC8332_UART_Interrupt
                        0x00c72d   0x3cb  Code  Gb  DrvGD83.o [1]
DrvMc8332_UART_TxTail   0x013c8b    0xeb  Code  Gb  DrvGD83.o [1]
EEPROM_EEC_IRQHandler   0x00f6a1     0x1  Code  Gb  stm8s_it.o [1]
EXTI_PORTA_IRQHandler   0x00f691     0x1  Code  Gb  stm8s_it.o [1]
EXTI_PORTB_IRQHandler   0x00f692     0x1  Code  Gb  stm8s_it.o [1]
EXTI_PORTC_IRQHandler   0x00f693     0x1  Code  Gb  stm8s_it.o [1]
EXTI_PORTD_IRQHandler   0x00f694     0x1  Code  Gb  stm8s_it.o [1]
EXTI_PORTE_IRQHandler   0x00f695     0x1  Code  Gb  stm8s_it.o [1]
EnterKeyTimeCount       0x0013a1     0x1  Data  Gb  Delay.o [1]
EnterPersonalCalling    0x00138c     0x1  Data  Gb  ApiPocCmd.o [1]
EnterPttMomentCount     0x0013bc     0x1  Data  Gb  Task.o [1]
EnterPttMoment_Flag     0x0013be     0x1  Data  Gb  Task.o [1]
FILE_Read               0x016023    0x48  Code  Gb  Flash_eeprom.o [1]
FILE_Read2              0x016187    0x45  Code  Gb  Flash_eeprom.o [1]
FILE_Write              0x015d29    0x4f  Code  Gb  Flash_eeprom.o [1]
FILE_Write2             0x015c8a    0x50  Code  Gb  Flash_eeprom.o [1]
FLASH_EraseOptionByte   0x00efb2    0x28  Code  Gb  stm8s_flash.o [1]
FLASH_GetFlagStatus     0x00f3ee    0x14  Code  Gb  stm8s_flash.o [1]
FLASH_Lock              0x00f5f1     0x7  Code  Gb  stm8s_flash.o [1]
FLASH_ProgramByte       0x00f610     0x5  Code  Gb  stm8s_flash.o [1]
FLASH_ProgramOptionByte
                        0x00f0c2    0x25  Code  Gb  stm8s_flash.o [1]
FLASH_ReadByte          0x00f615     0x5  Code  Gb  stm8s_flash.o [1]
FLASH_SetProgrammingTime
                        0x00f5b5     0xb  Code  Gb  stm8s_flash.o [1]
FLASH_Unlock            0x00f3c2    0x16  Code  Gb  stm8s_flash.o [1]
FLASH_WaitForLastOperation
                        0x0163e4    0x36  Code  Gb  stm8s_flash.o [1]
GB2312_16_GetData       0x010770   0x251  Code  Gb  GT20L16P1Y.o [3]
GPIO_Init               0x01462e    0xaf  Code  Gb  stm8s_gpio.o [1]
GPIO_ReadInputPin       0x00f5ca     0x9  Code  Gb  stm8s_gpio.o [1]
GPIO_WriteHigh          0x00f5f8     0x7  Code  Gb  stm8s_gpio.o [1]
GPIO_WriteLow           0x00f65f     0x4  Code  Gb  stm8s_gpio.o [1]
GeHuTest                0x016663     0x1  Code  Lc  ApiKeyboard.o [1]
GetIPPORT               0x016142    0x45  Code  Gb  ApiGpsCmd.o [1]
GetMemberCount          0x00137d     0x1  Data  Gb  ApiPocCmd.o [1]
GetNoOnlineMembersCount
                        0x0013a9     0x1  Data  Gb  Delay.o [1]
GetPersonalCallingMode  0x00f5aa     0xb  Code  Gb  ApiPocCmd.o [1]
GetPointArrayData32     0x01606b    0x48  Code  Gb  GT20L16P1Y_D.o [1]
GetTaskId               0x00f673     0x4  Code  Gb  System.o [1]
Get_0X_ActiveUserIDBuf  0x00130c     0xb  Data  Gb  ApiPocCmd.o [1]
Get_GBK_ActiveUserID    0x015627    0x62  Code  Gb  ApiPocCmd.o [1]
Get_Unicode_ActiveUserID
                        0x014f1f    0x85  Code  Gb  ApiPocCmd.o [1]
Get_Unicode_ActiveUserIDBuf
                        0x001237    0x2d  Data  Gb  ApiPocCmd.o [1]
GettheOnlineMembersDone
                        0x001394     0x1  Data  Gb  ApiPocCmd.o [1]
GpsCmd_GbAnalytical     0x0109c1   0x24d  Code  Lc  ApiGpsCmd.o [1]
GpsCmd_GbDataTransave   0x00eb6d   0x2c0  Code  Lc  ApiGpsCmd.o [1]
GpsCmd_GbWritCommand    0x00da5a   0x2fa  Code  Lc  ApiGpsCmd.o [1]
GpsFunDrvObj            0x000e4a   0x1c3  Data  Lc  ApiGpsCmd.o [1]
GpsNotify_Queue         0x00c6b0    0x7d  Code  Lc  DrvGD83.o [1]
GpsNotify_Queue_Start   0x00c4be    0x9a  Code  Lc  DrvGD83.o [1]
GpsReconnectionTimeCount
                        0x00139d     0x1  Data  Gb  Delay.o [1]
GroupCallingNum         0x000047     0x1  Data  Gb  ApiKeyboard.o [1]
HDRCSQSignalIcons       0x0148cf    0x9c  Code  Gb  ApiAtCmd.o [1]
HDRCSQValue             0x00134d     0x1  Data  Gb  ApiAtCmd.o [1]
HSE_ClockStartUpConfiguration
                        0x01641a    0x36  Code  Lc  sysclock.o [1]
HSIDivFactor            0x00acb0     0x4  Data  Gb  stm8s_clk.o [1]
HexToChar_AllOnlineMemberNum
                        0x00f1fb    0x20  Code  Gb  ApiPocCmd.o [1]
HtgDrvObj               0x00133f     0x2  Data  Lc  DrvHTG12832.o [1]
I2C_IRQHandler          0x00f69d     0x1  Code  Gb  stm8s_it.o [1]
INTVEC$$Base            0x008000           --   Gb  - Linker created -
INTVEC$$Limit           0x008080           --   Gb  - Linker created -
ITC_SetSoftwarePriority
                        0x013898   0x103  Code  Gb  stm8s_itc.o [1]
Ico_DataBuf             0x009b80   0x400  Data  Gb  ApiDisplay.o [1]
InputGBcode             0x009f80   0x1b0  Data  Gb  GT20L16P1Y_D.o [1]
InputUnicode            0x00a130   0x1b0  Data  Gb  GT20L16P1Y_D.o [1]
InvalidCallCount        0x001380     0x1  Data  Gb  ApiPocCmd.o [1]
KCMD_GetMcuVersion      0x0156ea    0x61  Code  Lc  KeyCmd.o [1]
KCMD_KeyCmdGet          0x00f21b    0x20  Code  Gb  KeyCmd.o [1]
KEY_4Count              0x0013ae     0x1  Data  Gb  Delay.o [1]
KEY_4_Flag              0x0013c0     0x1  Data  Gb  Task.o [1]
KEY_TABLE               0x00acbf     0x3  Data  Lc  uart3.o [1]
Key3Option              0x0013b6     0x1  Data  Gb  Task.o [1]
Key3_PlayValue          0x001356     0x1  Data  Gb  ApiGpsCmd.o [1]
Key3_PlayVoice          0x0121e4   0x18e  Code  Gb  Task.o [1]
KeyBatteryReport        0x0157ac    0x5f  Code  Gb  ADC.o [1]
KeyDownUpChoose_GroupOrUser_Flag
                        0x00134c     0x1  Data  Gb  ApiAtCmd.o [1]
KeyPersonalCallingCount
                        0x00135c     0x1  Data  Gb  ApiKeyboard.o [1]
KeyPttState             0x001392     0x1  Data  Gb  ApiPocCmd.o [1]
KeyUpDownCount          0x00135b     0x1  Data  Gb  ApiKeyboard.o [1]
Key_Flag_1              0x00135d     0x1  Data  Gb  ApiKeyboard.o [1]
Key_Init                0x016486    0x34  Code  Gb  McuConfig.o [1]
Key_PersonalCalling_Flag
                        0x0013b9     0x1  Data  Gb  Task.o [1]
Keyboard_Test           0x00acc5   0xd4e  Code  Gb  ApiKeyboard.o [1]
KeylockTimeCount        0x00133d     0x2  Data  Gb  Delay.o [1]
KeylockTimeSetCount     0x00004a     0x1  Data  Gb  ApiKeyboard.o [1]
LED_Conut               0x001371     0x1  Data  Gb  ApiLED.o [1]
LED_Init                0x00f029    0x27  Code  Gb  McuConfig.o [1]
LED_IntOutputRenew      0x0150a6    0x7b  Code  Gb  ApiLED.o [1]
LandingTimeCount        0x00139f     0x1  Data  Gb  Delay.o [1]
Level3MenuDisplay       0x0127f8   0x173  Code  Gb  ApiMenu.o [1]
LobatteryTask_StartCount
                        0x0013a8     0x1  Data  Gb  Delay.o [1]
LobatteryTask_StartFlag
                        0x001346     0x1  Data  Gb  ADC.o [1]
LockingState_EnterOK_Flag
                        0x001361     0x1  Data  Gb  ApiKeyboard.o [1]
LockingState_Flag       0x0013ac     0x1  Data  Gb  Delay.o [1]
LoosenPttMomentCount    0x0013bd     0x1  Data  Gb  Task.o [1]
LoosenPttMoment_Flag    0x0013bf     0x1  Data  Gb  Task.o [1]
LowVoltageDetection     0x0102a3   0x27b  Code  Gb  ADC.o [1]
LowVoltageDetection_Flag
                        0x001345     0x1  Data  Gb  ADC.o [1]
MCU_VERSIONForMenu      0x00f4e6     0xe  Code  Gb  KeyCmd.o [1]
MIC_GPIO_Init           0x00f502     0xd  Code  Gb  McuConfig.o [1]
MIC_IOMUT               0x00f31b    0x19  Code  Gb  McuConfig.o [1]
Mcu_Version             0x00a508    0x20  Data  Lc  KeyCmd.o [1]
MenuDisplay             0x00df4d   0x370  Code  Gb  ApiMenu.o [1]
MenuModeCount           0x000048     0x1  Data  Gb  ApiKeyboard.o [1]
MenuMode_Flag           0x00135e     0x1  Data  Gb  ApiKeyboard.o [1]
NetworkType_2Gor3G_Flag
                        0x00005a     0x1  Data  Gb  Task.o [1]
NoUseNum                0x0013b7     0x1  Data  Gb  Task.o [1]
Noise_Mute_Init         0x00f51c     0xd  Code  Gb  McuConfig.o [1]
Notify_Queue_Stop       0x00c558   0x158  Code  Lc  DrvGD83.o [1]
NumberKeyboardPressDown_flag
                        0x001360     0x1  Data  Gb  ApiKeyboard.o [1]
OffLineCount            0x001391     0x1  Data  Gb  ApiPocCmd.o [1]
OneChannelGetADValue    0x00f002    0x27  Code  Lc  ADC.o [1]
PAS_NULLTBL             0x00aa2b    0x10  Data  Lc  uart3.o [1]
POC_AtEnterPersonalCalling_Flag
[...]
SendByte                0x014e97    0x88  Code  Gb  ApiDisplay.o [1]
SendGpsLoginInfoCount   0x001358     0x1  Data  Gb  ApiGpsCmd.o [1]
SetTaskId               0x00f677     0x4  Code  Gb  System.o [1]
Set_GreenLed            0x00f2e9    0x19  Code  Gb  McuConfig.o [1]
Set_RedLed              0x00f302    0x19  Code  Gb  McuConfig.o [1]
ShowTimeCount           0x0013ab     0x1  Data  Gb  Delay.o [1]
ShowTime_Flag           0x001397     0x1  Data  Gb  Delay.o [1]
SignalPoorCount         0x001395     0x1  Data  Gb  Delay.o [1]
StartingUpStep          0x0013b5     0x1  Data  Gb  Task.o [1]
SubmenuMenuDisplay      0x013176   0x13b  Code  Gb  ApiMenu.o [1]
SwitchGroupBUG          0x00138b     0x1  Data  Gb  ApiPocCmd.o [1]
SystemClock_Init        0x00eee0    0x2b  Code  Gb  sysclock.o [1]
TASK_Ptt_StartPersonCalling_Flag
                        0x0013ba     0x1  Data  Gb  Task.o [1]
TASK_RunLoBattery       0x00ef0b    0x2b  Code  Gb  Task.o [1]
TASK_WriteFreq          0x00f67b     0x4  Code  Gb  Task.o [1]
TIM1_CAP_COM_IRQHandler
                        0x00f698     0x1  Code  Gb  stm8s_it.o [1]
TIM1_CCxCmd             0x0161cc    0x43  Code  Gb  stm8s_tim1.o [1]
TIM1_Cmd                0x00f543     0xd  Code  Gb  stm8s_tim1.o [1]
TIM1_CtrlPWMOutputs     0x00f550     0xd  Code  Gb  stm8s_tim1.o [1]
TIM1_DeInit             0x01496b    0x99  Code  Gb  stm8s_tim1.o [1]
TIM1_OC1Init            0x01574b    0x61  Code  Gb  stm8s_tim1.o [1]
TIM1_OC1PreloadConfig   0x00f55d     0xd  Code  Gb  stm8s_tim1.o [1]
TIM1_PWM_Init           0x015b39    0x56  Code  Gb  Tone.o [1]
TIM1_TimeBaseInit       0x00f131    0x24  Code  Gb  stm8s_tim1.o [1]
TIM1_UPD_OVF_TRG_BRK_IRQHandler
                        0x00f697     0x1  Code  Gb  stm8s_it.o [1]
TIM2_CAP_COM_IRQHandler
                        0x00f69a     0x1  Code  Gb  stm8s_it.o [1]
TIM2_UPD_OVF_BRK_IRQHandler
                        0x00f699     0x1  Code  Gb  stm8s_it.o [1]
TIM3_ARRPreloadConfig   0x00f577     0xd  Code  Gb  stm8s_tim3.o [1]
TIM3_CAP_COM_IRQHandler
                        0x00f69b     0x1  Code  Gb  stm8s_it.o [1]
TIM3_ClearITPendingBit  0x00f61a     0x5  Code  Gb  stm8s_tim3.o [1]
TIM3_Cmd                0x00f56a     0xd  Code  Gb  stm8s_tim3.o [1]
TIM3_ITConfig           0x00f461    0x13  Code  Gb  stm8s_tim3.o [1]
TIM3_PrescalerConfig    0x00f5d3     0x9  Code  Gb  stm8s_tim3.o [1]
TIM3_TimeBaseInit       0x00f59e     0xc  Code  Gb  stm8s_tim3.o [1]
TIM3_UPD_OVF_BRK_IRQHandler
                        0x00f1da    0x21  Code  Gb  stm8s_it.o [1]
TIM4_UPD_OVF_IRQHandler
                        0x00f6a0     0x1  Code  Gb  stm8s_it.o [1]
TLI_IRQHandler          0x00f68e     0x1  Code  Gb  stm8s_it.o [1]
TONE_PowerOnInitial     0x0153c5    0x6b  Code  Gb  Tone.o [1]
TONE_Start              0x00f07f    0x1d  Code  Gb  Tone.o [1]
TONE_Stop               0x00f076     0x9  Code  Gb  Tone.o [1]
TRAP_IRQHandler         0x00f68d     0x1  Code  Gb  stm8s_it.o [1]
TaskDrvObj              0x0012c5    0x14  Data  Lc  System.o [1]
TaskStartDeleteDelay1   0x0013c1     0x1  Data  Gb  Task.o [1]
TaskStartDeleteDelay1Count
                        0x0013a3     0x1  Data  Gb  Delay.o [1]
TaskStartDeleteDelay2   0x0013c2     0x1  Data  Gb  Task.o [1]
TaskStartDeleteDelay3   0x0013c3     0x1  Data  Gb  Task.o [1]
TaskStartDeleteDelay3Count
                        0x0013a4     0x1  Data  Gb  Delay.o [1]
TaskStartDeleteDelay4   0x00005b     0x1  Data  Gb  Task.o [1]
TaskStartDeleteDelay4Count
                        0x0013a5     0x1  Data  Gb  Delay.o [1]
TaskStartDeleteDelay5   0x0013c4     0x1  Data  Gb  Task.o [1]
TaskStartDeleteDelay6   0x0013c5     0x1  Data  Gb  Task.o [1]
TaskStartDeleteDelay6Count
                        0x0013a6     0x1  Data  Gb  Delay.o [1]
Task_Landing_Flag       0x0013bb     0x1  Data  Gb  Task.o [1]
Task_RunNormalOperation
                        0x00d2ba   0x7a0  Code  Gb  Task.o [1]
Task_RunStart           0x010c0e   0x248  Code  Gb  Task.o [1]
TcpIpBuf                0x0012fd     0xf  Data  Gb  ApiGpsCmd.o [1]
TcpPortBuf              0x00132e     0x5  Data  Gb  ApiGpsCmd.o [1]
Test1                   0x001357     0x1  Data  Gb  ApiGpsCmd.o [1]
TestNum1                0x001363     0x1  Data  Gb  ApiKeyboard.o [1]
TestNum10               0x00136c     0x1  Data  Gb  ApiKeyboard.o [1]
TestNum11               0x00136d     0x1  Data  Gb  ApiKeyboard.o [1]
TestNum12               0x00136e     0x1  Data  Gb  ApiKeyboard.o [1]
TestNum2                0x001364     0x1  Data  Gb  ApiKeyboard.o [1]
TestNum3                0x001365     0x1  Data  Gb  ApiKeyboard.o [1]
TestNum4                0x001366     0x1  Data  Gb  ApiKeyboard.o [1]
TestNum5                0x001367     0x1  Data  Gb  ApiKeyboard.o [1]
TestNum6                0x001368     0x1  Data  Gb  ApiKeyboard.o [1]
TestNum7                0x001369     0x1  Data  Gb  ApiKeyboard.o [1]
TestNum8                0x00136a     0x1  Data  Gb  ApiKeyboard.o [1]
TestNum9                0x00136b     0x1  Data  Gb  ApiKeyboard.o [1]
TheMenuLayer_Flag       0x00135f     0x1  Data  Gb  ApiKeyboard.o [1]
Tim3_Timer_Init         0x00ef89    0x29  Code  Gb  McuConfig.o [1]
TimeCount               0x001339     0x2  Data  Gb  Delay.o [1]
TimeCount2              0x00139a     0x1  Data  Gb  Delay.o [1]
TimeCount3              0x00133b     0x2  Data  Gb  Delay.o [1]
TimeCount_Light         0x00139b     0x1  Data  Gb  Delay.o [1]
ToneDrvObj              0x0012eb    0x12  Data  Lc  Tone.o [1]
ToneTimeCount           0x00139c     0x1  Data  Gb  Delay.o [1]
UART1_ClearITPendingBit
                        0x00f4ba     0xf  Code  Gb  stm8s_uart1.o [1]
UART1_Cmd               0x00f584     0xd  Code  Gb  stm8s_uart1.o [1]
UART1_DeInit            0x00ee87    0x2d  Code  Gb  stm8s_uart1.o [1]
UART1_GetFlagStatus     0x0164ba    0x32  Code  Gb  stm8s_uart1.o [1]
UART1_GetITStatus       0x014c5c    0x92  Code  Gb  stm8s_uart1.o [1]
UART1_ITConfig          0x015358    0x6d  Code  Gb  stm8s_uart1.o [1]
UART1_Init              0x012c43   0x159  Code  Gb  stm8s_uart1.o [1]
UART1_RX_IRQHandler     0x00ee5a    0x2d  Code  Gb  stm8s_it.o [1]
UART1_ReceiveData8      0x00f663     0x4  Code  Gb  stm8s_uart1.o [1]
UART1_SendData8         0x00f667     0x4  Code  Gb  stm8s_uart1.o [1]
UART1_TX_IRQHandler     0x00f69c     0x1  Code  Gb  stm8s_it.o [1]
UART3_Cmd               0x00f591     0xd  Code  Gb  stm8s_uart3.o [1]
UART3_DeInit            0x00f0e7    0x25  Code  Gb  stm8s_uart3.o [1]
UART3_GetFlagStatus     0x015fda    0x49  Code  Gb  stm8s_uart3.o [1]
UART3_GetITStatus       0x014416    0xb6  Code  Gb  stm8s_uart3.o [1]
UART3_ITConfig          0x014e0a    0x8d  Code  Gb  stm8s_uart3.o [1]
UART3_Init              0x013654   0x12a  Code  Gb  stm8s_uart3.o [1]
UART3_Interrupt         0x01435c    0xba  Code  Gb  uart3.o [1]
UART3_RX_IRQHandler     0x00f2ce    0x1b  Code  Gb  stm8s_it.o [1]
UART3_ReceiveData8      0x00f66b     0x4  Code  Gb  stm8s_uart3.o [1]
UART3_SendByte          0x00f4aa    0x10  Code  Gb  uart3.o [1]
UART3_SendData8         0x00f66f     0x4  Code  Gb  stm8s_uart3.o [1]
UART3_TX_IRQHandler     0x00f69e     0x1  Code  Gb  stm8s_it.o [1]
UART3_ToMcuMain         0x015869    0x5e  Code  Gb  uart3.o [1]
UART_Delay              0x00f486    0x12  Code  Lc  uart3.o [1]
UART_ErrorAck           0x015db1    0x16  Code  Lc  uart3.o [1]
UART_GetCheckSum        0x014bc7    0x2e  Code  Lc  uart3.o [1]
UART_KeyCommand         0x014cee    0x8f  Code  Lc  uart3.o [1]
UART_Link               0x014bf5    0x67  Code  Lc  uart3.o [1]
UART_PasCommand         0x011cf6   0x1b2  Code  Lc  uart3.o [1]
UART_PocCommand         0x015980    0x5c  Code  Lc  uart3.o [1]
UART_ReadCommand        0x013d76    0xe9  Code  Lc  uart3.o [1]
UART_RightAck           0x0152ea    0x6e  Code  Lc  uart3.o [1]
UART_RxFrame            0x015c38    0x52  Code  Lc  uart3.o [1]
UART_TxSend             0x015d78    0x39  Code  Lc  uart3.o [1]
UART_WriteCommand       0x013b98    0xf3  Code  Lc  uart3.o [1]
UNICODE_16_GetData      0x0124fb   0x185  Code  Gb  GT20L16P1Y.o [3]
Uart1_Init              0x0162ca    0x3b  Code  Gb  McuConfig.o [1]
Uart3_Init              0x016305    0x39  Code  Gb  uart3.o [1]
UartDrvObj              0x00113a    0x44  Data  Lc  uart3.o [1]
UnicodeForGbk_AllGrounpName
                        0x012372   0x189  Code  Gb  ApiPocCmd.o [1]
UnicodeForGbk_AllGrounpNameBuf
                        0x00127d    0x19  Data  Gb  ApiPocCmd.o [1]
UnicodeForGbk_AllUserName
                        0x010e84   0x213  Code  Gb  ApiPocCmd.o [1]
UnicodeForGbk_AllUserNameBuf
                        0x001264    0x19  Data  Gb  ApiPocCmd.o [1]
UnicodeForGbk_AllUserName_english_flag
                        0x00f428    0x13  Code  Gb  ApiPocCmd.o [1]
UnicodeForGbk_MainUserName
                        0x011919   0x206  Code  Gb  ApiPocCmd.o [1]
UnicodeForGbk_MainUserNameBuf
                        0x001296    0x19  Data  Gb  ApiPocCmd.o [1]
UnicodeForGbk_MainUserName_english_flag
                        0x00f65b     0x4  Code  Gb  ApiPocCmd.o [1]
UnicodeForGbk_MainWorkName
                        0x01296b   0x173  Code  Gb  ApiPocCmd.o [1]
UnicodeForGbk_SpeakerRightnowName
                        0x0114f7   0x211  Code  Gb  ApiPocCmd.o [1]
UnicodeForGbk_SpeakerRightnowNameBuf
                        0x0011be    0x40  Data  Gb  ApiPocCmd.o [1]
UnicodeForGbk_SpeakerRightnowName_english_flag
                        0x00f657     0x4  Code  Gb  ApiPocCmd.o [1]
UnicodeGetPointArrayData32
                        0x0160b3    0x48  Code  Gb  GT20L16P1Y_D.o [1]
UnicodeValueSearch      0x00f050    0x26  Code  Gb  GT20L16P1Y_D.o [1]
UpDownSwitchingCount    0x0013a2     0x1  Data  Gb  Delay.o [1]
UpDownSwitching_Flag    0x00136f     0x1  Data  Gb  ApiKeyboard.o [1]
VOICE_1sProcess         0x00f4c9     0xf  Code  Gb  Voice.o [1]
VOICE_Renew             0x015279    0x71  Code  Gb  Voice.o [1]
VOICE_SetOutput         0x015dc7    0x4f  Code  Gb  Voice.o [1]
ValueSearch             0x015924    0x5c  Code  Gb  GT20L16P1Y_D.o [1]
VerifyData              0x008080  0x1b00  Data  Gb  GT20L16P1Y_D.o [1]
VoiceAllOnlineMemberNum
                        0x00ef36    0x2a  Code  Gb  ApiPocCmd.o [1]
VoiceDrvObj             0x001328     0x6  Data  Lc  Voice.o [1]
VoiceType_FreehandOrHandset_Flag
                        0x001362     0x1  Data  Gb  ApiKeyboard.o [1]
WRITE_TABLE             0x00acb8     0x4  Data  Lc  uart3.o [1]
WW_GetData              0x00e8a0   0x2cd  Code  Gb  GT20L16P1Y.o [3]
WriteEEPROMByte         0x01624f    0x3e  Code  Gb  Flash_eeprom.o [1]
WriteFreqTimeCount      0x001396     0x1  Data  Gb  Delay.o [1]
WriteFreq_Flag          0x0013c6     0x1  Data  Gb  uart3.o [1]
__DebugBreak            0x00f6a2     0x1  Code  Gb  __dbg_break.o [4]
__exit                  0x00f3d8    0x16  Code  Gb  __dbg_xxexit.o [4]
__iar_copy_init2        0x00efda          Code  Gb  init_small.o [5]
__iar_data_init2        0x00f25a    0x1e  Code  Gb  init.o [5]
__iar_program_start     0x00f394          Code  Gb  cstartup.o [5]
__iar_unhandled_exception
                        0x00f68a          Code  Gb  unhandled_exception.o [5]
__iar_zero_init2        0x00f278          Code  Gb  init_small.o [5]
__intvec                0x008000          Data  Gb  interrupt.o [5]
__low_level_init        0x00f687     0x3  Code  Gb  low_level_init.o [5]
_exit                   0x00f605          Code  Gb  cexit.o [5]
_interrupt_1            0x00f68d          Code  Gb  stm8s_it.o [1]
_interrupt_12           0x00f696          Code  Gb  stm8s_it.o [1]
_interrupt_13           0x00f697          Code  Gb  stm8s_it.o [1]
_interrupt_14           0x00f698          Code  Gb  stm8s_it.o [1]
_interrupt_15           0x00f699          Code  Gb  stm8s_it.o [1]
_interrupt_16           0x00f69a          Code  Gb  stm8s_it.o [1]
_interrupt_17           0x00f1da          Code  Gb  stm8s_it.o [1]
_interrupt_18           0x00f69b          Code  Gb  stm8s_it.o [1]
_interrupt_19           0x00f69c          Code  Gb  stm8s_it.o [1]
_interrupt_2            0x00f68e          Code  Gb  stm8s_it.o [1]
_interrupt_20           0x00ee5a          Code  Gb  stm8s_it.o [1]
_interrupt_21           0x00f69d          Code  Gb  stm8s_it.o [1]
_interrupt_22           0x00f69e          Code  Gb  stm8s_it.o [1]
_interrupt_23           0x00f2ce          Code  Gb  stm8s_it.o [1]
_interrupt_24           0x00f69f          Code  Gb  stm8s_it.o [1]
_interrupt_25           0x00f6a0          Code  Gb  stm8s_it.o [1]
_interrupt_26           0x00f6a1          Code  Gb  stm8s_it.o [1]
_interrupt_3            0x00f68f          Code  Gb  stm8s_it.o [1]
_interrupt_4            0x00f690          Code  Gb  stm8s_it.o [1]
_interrupt_5            0x00f691          Code  Gb  stm8s_it.o [1]
_interrupt_6            0x00f692          Code  Gb  stm8s_it.o [1]
_interrupt_7            0x00f693          Code  Gb  stm8s_it.o [1]
_interrupt_8            0x00f694          Code  Gb  stm8s_it.o [1]
_interrupt_9            0x00f695          Code  Gb  stm8s_it.o [1]
allow_key_operation_flag
                        0x0013b0     0x1  Data  Gb  Delay.o [1]
api_diap_ico_pos_get    0x015689    0x61  Code  Gb  ApiDisplay.o [1]
api_disp_all_screen_refresh
                        0x015cda    0x4f  Code  Gb  ApiDisplay.o [1]
api_disp_char_output    0x00f366    0x17  Code  Gb  ApiDisplay.o [1]
api_disp_char_output2   0x00f37d    0x17  Code  Gb  ApiDisplay.o [1]
api_disp_ico_output     0x01457e    0xb0  Code  Gb  ApiDisplay.o [1]
api_disp_icoid_output   0x014a04    0x97  Code  Gb  ApiDisplay.o [1]
api_lcd_pwr_on_hint     0x0165ab    0x2e  Code  Gb  ApiDisplay.o [1]
api_lcd_pwr_on_hint2    0x01654d    0x2f  Code  Gb  ApiDisplay.o [1]
api_lcd_pwr_on_hint3    0x00ee2d    0x2d  Code  Gb  ApiDisplay.o [1]
api_lcd_pwr_on_hint4    0x0165d9    0x2e  Code  Gb  ApiDisplay.o [1]
api_lcd_pwr_on_hint5    0x016607    0x2e  Code  Gb  ApiDisplay.o [1]
api_lcd_pwr_on_hint7    0x016635    0x2e  Code  Gb  ApiDisplay.o [1]
api_poc_command_get     0x0146dd    0xad  Code  Lc  uart3.o [1]
api_poc_command_set     0x013f44    0xdf  Code  Lc  uart3.o [1]
drv_gt20_data_output    0x013520   0x134  Code  Gb  DrvGT20L16S1Y.o [1]
drv_gt20_data_output2   0x0132b1   0x13b  Code  Gb  DrvGT20L16S1Y.o [1]
drv_gt20_pwr_on_init    0x0163aa     0x4  Code  Gb  DrvGT20L16S1Y.o [1]
drv_htg_clr_allscr      0x010657    0x35  Code  Gb  DrvHTG12832.o [1]
drv_htg_pwr_on_init     0x010764     0xc  Code  Gb  DrvHTG12832.o [1]
drv_htg_reset           0x01051e     0x5  Code  Gb  DrvHTG12832.o [1]
drv_htg_set_address     0x01059d    0x40  Code  Gb  DrvHTG12832.o [1]
drv_htg_write_command   0x010523    0x7a  Code  Gb  DrvHTG12832.o [1]
drv_htg_write_data      0x0105dd    0x7a  Code  Gb  DrvHTG12832.o [1]
drv_keypad_scan         0x011708   0x211  Code  Gb  DrvKeyboard.o [1]
exit                    0x00f683     0x4  Code  Gb  exit.o [5]
file_flash_read         0x015ae3    0x56  Code  Gb  Flash_eeprom.o [1]
find_zf_tab             0x0160fb    0x47  Code  Gb  GT20L16P1Y.o [3]
get_group_name_done_count
                        0x0013af     0x1  Data  Gb  Delay.o [1]
get_key_value           0x013e5f    0xe5  Code  Gb  ApiKeyboard.o [1]
get_online_user_list_num_flag
                        0x001370     0x1  Data  Gb  ApiKeyboard.o [1]
htg_delay_ms            0x01068c    0x1e  Code  Lc  DrvHTG12832.o [1]
htg_initial             0x0106aa    0x6c  Code  Lc  DrvHTG12832.o [1]
key_scan_board          0x013037   0x13f  Code  Gb  DrvKeyboard.o [1]
main                    0x0164ec    0x31  Code  Gb  main.o [1]
main_app                0x015e64    0x4e  Code  Gb  System.o [1]
main_init               0x01399b   0x103  Code  Gb  System.o [1]
mcu_gt20_initial        0x016376    0x34  Code  Lc  DrvGT20L16S1Y.o [1]
mcu_key_pad_out         0x014b31    0x96  Code  Gb  DrvKeyboard.o [1]
mcu_key_pad_read        0x015207    0x72  Code  Gb  DrvKeyboard.o [1]
mcu_key_pad_set         0x012eef   0x148  Code  Gb  DrvKeyboard.o [1]
mcu_lcd_initial         0x010716    0x4e  Code  Lc  DrvHTG12832.o [1]
memcmp                  0x016450    0x36  Code  Gb  memcmp.o [5]
memcpy                  0x00f09c    0x26  Code  Gb  memcpy.o [5]
memset                  0x00f3ab    0x17  Code  Gb  memset.o [5]
pack_data               0x012ade   0x165  Code  Lc  ApiGpsCmd.o [1]
r_dat_bat               0x015497    0x64  Code  Gb  ApiDisplay.o [1]
read_all_user_name_from_flash
                        0x010e56    0x2e  Code  Gb  ApiPocCmd.o [1]
read_all_user_name_from_flash_buf
                        0x0011fe    0x39  Data  Gb  ApiPocCmd.o [1]
strlen                  0x00f498    0x12  Code  Gb  strlen.o [5]
test_count              0x00137c     0x1  Data  Gb  ApiPocCmd.o [1]
ucAtPocHead             0x00004b     0x2  Data  Gb  ApiPocCmd.o [1]
ucCDMATIME              0x000020     0x2  Data  Gb  ApiAtCmd.o [1]
ucCLVL                  0x000060     0x2  Data  Gb  Task.o [1]
ucCODECCTL              0x000064     0x2  Data  Gb  Task.o [1]
ucCSQ                   0x00006c     0x2  Data  Gb  Task.o [1]
ucCaretPPPCFG           0x00002a     0x2  Data  Gb  ApiAtCmd.o [1]
ucCheckCard             0x00003e     0x2  Data  Gb  ApiAtCmd.o [1]
ucCheckPPP              0x000038     0x2  Data  Gb  ApiAtCmd.o [1]
ucCheckRssi             0x000016     0x2  Data  Gb  ApiAtCmd.o [1]
ucCheckTcp              0x00002e     0x2  Data  Gb  ApiAtCmd.o [1]
ucEndPTT                0x00005e     0x2  Data  Gb  Task.o [1]
ucGD83Reset             0x000010     0x2  Data  Gb  ApiAtCmd.o [1]
ucGPSCNO                0x000024     0x2  Data  Gb  ApiAtCmd.o [1]
ucGPSINFO               0x000022     0x2  Data  Gb  ApiAtCmd.o [1]
ucGPSUploadTime_5s      0x00004f     0x2  Data  Gb  Delay.o [1]
ucGpsPosition           0x00001e     0x2  Data  Gb  ApiAtCmd.o [1]
ucHDRCSQ                0x000018     0x2  Data  Gb  ApiAtCmd.o [1]
ucOSSYSHWID             0x000066     0x2  Data  Gb  Task.o [1]
ucPPPCFG                0x00006e     0x2  Data  Gb  Task.o [1]
ucPlayZtts              0x00002c     0x2  Data  Gb  ApiAtCmd.o [1]
ucPocOpenConfig         0x000072     0x2  Data  Gb  Task.o [1]
ucPrefmode2             0x000068     0x2  Data  Gb  Task.o [1]
ucPrefmode4             0x00006a     0x2  Data  Gb  Task.o [1]
ucQuitPersonalCalling   0x000045     0x2  Data  Gb  ApiKeyboard.o [1]
ucRxCSQ                 0x00001a     0x2  Data  Gb  ApiAtCmd.o [1]
ucRxCheckPppClose       0x00003c     0x2  Data  Gb  ApiAtCmd.o [1]
ucRxCheckPppOpen        0x00003a     0x2  Data  Gb  ApiAtCmd.o [1]
ucRxCheckTcp            0x000034     0x2  Data  Gb  ApiAtCmd.o [1]
ucRxHDRCSQ              0x00001c     0x2  Data  Gb  ApiAtCmd.o [1]
ucRxOkHeadInfo          0x000055     0x2  Data  Gb  DrvGD83.o [1]
ucRxPASTATE1            0x000012     0x2  Data  Gb  ApiAtCmd.o [1]
ucRxPocHeadInfo         0x000053     0x2  Data  Gb  DrvGD83.o [1]
ucRxTcpDataHeadInfo     0x000057     0x2  Data  Gb  DrvGD83.o [1]
ucRxZTTS0               0x000014     0x2  Data  Gb  ApiAtCmd.o [1]
ucSIMST1                0x000026     0x2  Data  Gb  ApiAtCmd.o [1]
ucSIMST255              0x000028     0x2  Data  Gb  ApiAtCmd.o [1]
ucSendTcp               0x000032     0x2  Data  Gb  ApiAtCmd.o [1]
ucSetIPAndID            0x00004d     0x2  Data  Gb  ApiPocCmd.o [1]
ucSetIp                 0x000030     0x2  Data  Gb  ApiAtCmd.o [1]
ucStartPTT              0x00005c     0x2  Data  Gb  Task.o [1]
ucTxPocHeadInfo         0x000051     0x2  Data  Gb  DrvGD83.o [1]
ucVGR                   0x000062     0x2  Data  Gb  Task.o [1]
ucVGR1                  0x000041     0x2  Data  Gb  ApiKeyboard.o [1]
ucVGR7                  0x000043     0x2  Data  Gb  ApiKeyboard.o [1]
ucZTTS_Abell            0x000070     0x2  Data  Gb  Task.o [1]
ucZpppOpen              0x000036     0x2  Data  Gb  ApiAtCmd.o [1]


[1] = E:\1-source\A508\PRJ\Debug\Obj
[2] = command line
[3] = GT20L16_STM8_DOUBLE_MEDIUM_IAR.a
[4] = dbgstm8mmd.a
[5] = dlstm8mmn.a

  45 122 bytes of readonly  code memory
  11 461 bytes of readonly  data memory
   5 319 bytes of readwrite data memory

Errors: none
Warnings: none
