###############################################################################
#
# IAR ELF Linker V2.20.1.176 for STM8                     17/Jan/2018  14:58:22
# Copyright 2010-2015 IAR Systems AB.
#
#    Output file  =  E:\1-source\A508\PRJ\Debug\Exe\A508_DEMO1.out
#    Map file     =  E:\1-source\A508\PRJ\Debug\List\A508_DEMO1.map
#    Command line =  
#        E:\1-source\A508\PRJ\Debug\Obj\ADC.o
#        E:\1-source\A508\PRJ\Debug\Obj\ApiAtCmd.o
#        E:\1-source\A508\PRJ\Debug\Obj\ApiDisplay.o
#        E:\1-source\A508\PRJ\Debug\Obj\ApiGpsCmd.o
#        E:\1-source\A508\PRJ\Debug\Obj\ApiKeyboard.o
#        E:\1-source\A508\PRJ\Debug\Obj\ApiLED.o
#        E:\1-source\A508\PRJ\Debug\Obj\ApiMenu.o
#        E:\1-source\A508\PRJ\Debug\Obj\ApiPocCmd.o
#        E:\1-source\A508\PRJ\Debug\Obj\Beep.o
#        E:\1-source\A508\PRJ\Debug\Obj\CommonLib.o
#        E:\1-source\A508\PRJ\Debug\Obj\Delay.o
#        E:\1-source\A508\PRJ\Debug\Obj\DrvGD83.o
#        E:\1-source\A508\PRJ\Debug\Obj\DrvGT20L16S1Y.o
#        E:\1-source\A508\PRJ\Debug\Obj\DrvHTG12832.o
#        E:\1-source\A508\PRJ\Debug\Obj\DrvKeyboard.o
#        E:\1-source\A508\PRJ\Debug\Obj\Flash_eeprom.o
#        E:\1-source\A508\SRC\Syetem\GT20L16_STM8_DOUBLE_MEDIUM_IAR.a
#        E:\1-source\A508\PRJ\Debug\Obj\GT20L16P1Y_D.o
#        E:\1-source\A508\PRJ\Debug\Obj\main.o
#        E:\1-source\A508\PRJ\Debug\Obj\McuConfig.o
#        E:\1-source\A508\PRJ\Debug\Obj\stm8s_adc2.o
#        E:\1-source\A508\PRJ\Debug\Obj\stm8s_awu.o
#        E:\1-source\A508\PRJ\Debug\Obj\stm8s_beep.o
#        E:\1-source\A508\PRJ\Debug\Obj\stm8s_clk.o
#        E:\1-source\A508\PRJ\Debug\Obj\stm8s_exti.o
#        E:\1-source\A508\PRJ\Debug\Obj\stm8s_flash.o
#        E:\1-source\A508\PRJ\Debug\Obj\stm8s_gpio.o
#        E:\1-source\A508\PRJ\Debug\Obj\stm8s_i2c.o
#        E:\1-source\A508\PRJ\Debug\Obj\stm8s_it.o
#        E:\1-source\A508\PRJ\Debug\Obj\stm8s_itc.o
#        E:\1-source\A508\PRJ\Debug\Obj\stm8s_iwdg.o
#        E:\1-source\A508\PRJ\Debug\Obj\stm8s_rst.o
#        E:\1-source\A508\PRJ\Debug\Obj\stm8s_spi.o
#        E:\1-source\A508\PRJ\Debug\Obj\stm8s_tim1.o
#        E:\1-source\A508\PRJ\Debug\Obj\stm8s_tim2.o
#        E:\1-source\A508\PRJ\Debug\Obj\stm8s_tim3.o
#        E:\1-source\A508\PRJ\Debug\Obj\stm8s_tim4.o
#        E:\1-source\A508\PRJ\Debug\Obj\stm8s_uart1.o
#        E:\1-source\A508\PRJ\Debug\Obj\stm8s_uart3.o
#        E:\1-source\A508\PRJ\Debug\Obj\stm8s_wwdg.o
#        E:\1-source\A508\PRJ\Debug\Obj\sysclock.o
#        E:\1-source\A508\PRJ\Debug\Obj\System.o
#        E:\1-source\A508\PRJ\Debug\Obj\Task.o
#        E:\1-source\A508\PRJ\Debug\Obj\Tone.o
#        E:\1-source\A508\PRJ\Debug\Obj\uart3.o
#        E:\1-source\A508\PRJ\Debug\Obj\Voice.o --redirect _Printf=_PrintfSmall
#        --redirect _Scanf=_ScanfSmall -o
#        E:\1-source\A508\PRJ\Debug\Exe\A508_DEMO1.out --map
#        E:\1-source\A508\PRJ\Debug\List\A508_DEMO1.map --config "C:\Program
#        Files\IAR Systems\Embedded Workbench
#        7.3\stm8\config\lnkstm8s007c8.icf" --config_def _CSTACK_SIZE=0x100
#        --config_def _HEAP_SIZE=0x00 --entry __iar_program_start --debug_lib
#
###############################################################################

*******************************************************************************
*** RUNTIME MODEL ATTRIBUTES
***

__SystemLibrary            = DLib
__code_model               = medium_or_large
__core                     = stm8
__data_model               = medium
__dlib_file_descriptor     = 0
__dlib_full_locale_support = 0
__rt_version               = 4


*******************************************************************************
*** PLACEMENT SUMMARY
***

"A1":  place at start of [0x000000-0x0000ff] { rw section .vregs };
"A2":  place at end of [0x000000-0x0017ff] { block CSTACK };
"P2":  place in [from 0x000000 to 0x0017ff] {
          block HEAP, rw section __DLIB_PERTHREAD, rw section .far.bss,
          rw section .far.data, rw section .far.noinit,
          rw section .far_func.textrw, rw section .huge.bss,
          rw section .huge.data, rw section .huge.noinit,
          rw section .huge_func.textrw, rw section .iar.dynexit,
          rw section .near.bss, rw section .near.data, rw section .near.noinit,
          rw section .near_func.textrw };
"A3":  place at start of [0x008000-0x00ffff] { block INTVEC };
"P3":  place in [from 0x008000 to 0x00ffff] {
          ro section __DLIB_PERTHREAD_init, ro section .far.data_init,
          ro section .far_func.textrw_init, ro section .huge.data_init,
          ro section .huge_func.textrw_init, ro section .iar.init_table,
          ro section .init_array, ro section .near.data_init,
          ro section .near.rodata, ro section .near_func.text,
          ro section .near_func.textrw_init, ro section .tiny.data_init,
          ro section .tiny.rodata_init };
"P4":  place in [from 0x008000 to 0x00ffff repeat 2] {
          ro section .far.rodata, ro section .far_func.text };

  Section            Kind      Address    Size  Object
  -------            ----      -------    ----  ------
"A1":                                     0x10
  .vregs             uninit   0x000000    0x10  vregs.o [5]
                            - 0x000010    0x10

"P2", part 1 of 2:                        0x5b
  P2-1                        0x000010    0x5b  <Init block>
    .near.data       inited   0x000010     0x1  ApiAtCmd.o [1]
    .near.data       inited   0x000011     0x2  ApiAtCmd.o [1]
    .near.data       inited   0x000013     0x2  ApiAtCmd.o [1]
    .near.data       inited   0x000015     0x2  ApiAtCmd.o [1]
    .near.data       inited   0x000017     0x2  ApiAtCmd.o [1]
    .near.data       inited   0x000019     0x2  ApiAtCmd.o [1]
    .near.data       inited   0x00001b     0x2  ApiAtCmd.o [1]
    .near.data       inited   0x00001d     0x2  ApiAtCmd.o [1]
    .near.data       inited   0x00001f     0x2  ApiAtCmd.o [1]
    .near.data       inited   0x000021     0x2  ApiAtCmd.o [1]
    .near.data       inited   0x000023     0x2  ApiAtCmd.o [1]
    .near.data       inited   0x000025     0x2  ApiAtCmd.o [1]
    .near.data       inited   0x000027     0x2  ApiAtCmd.o [1]
    .near.data       inited   0x000029     0x2  ApiAtCmd.o [1]
    .near.data       inited   0x00002b     0x2  ApiAtCmd.o [1]
    .near.data       inited   0x00002d     0x2  ApiAtCmd.o [1]
    .near.data       inited   0x00002f     0x2  ApiAtCmd.o [1]
    .near.data       inited   0x000031     0x2  ApiAtCmd.o [1]
    .near.data       inited   0x000033     0x2  ApiAtCmd.o [1]
    .near.data       inited   0x000035     0x1  ApiKeyboard.o [1]
    .near.data       inited   0x000036     0x2  ApiKeyboard.o [1]
    .near.data       inited   0x000038     0x2  ApiKeyboard.o [1]
    .near.data       inited   0x00003a     0x2  ApiKeyboard.o [1]
    .near.data       inited   0x00003c     0x1  ApiKeyboard.o [1]
    .near.data       inited   0x00003d     0x1  ApiKeyboard.o [1]
    .near.data       inited   0x00003e     0x2  ApiPocCmd.o [1]
    .near.data       inited   0x000040     0x2  ApiPocCmd.o [1]
    .near.data       inited   0x000042     0x2  DrvGD83.o [1]
    .near.data       inited   0x000044     0x2  DrvGD83.o [1]
    .near.data       inited   0x000046     0x2  DrvGD83.o [1]
    .near.data       inited   0x000048     0x2  DrvGD83.o [1]
    .near.data       inited   0x00004a     0x2  System.o [1]
    .near.data       inited   0x00004c     0x2  System.o [1]
    .near.data       inited   0x00004e     0x2  System.o [1]
    .near.data       inited   0x000050     0x1  Task.o [1]
    .near.data       inited   0x000051     0x2  Task.o [1]
    .near.data       inited   0x000053     0x2  Task.o [1]
    .near.data       inited   0x000055     0x2  Task.o [1]
    .near.data       inited   0x000057     0x2  Task.o [1]
    .near.data       inited   0x000059     0x2  Task.o [1]
    .near.data       inited   0x00005b     0x2  Task.o [1]
    .near.data       inited   0x00005d     0x2  Task.o [1]
    .near.data       inited   0x00005f     0x2  Task.o [1]
    .near.data       inited   0x000061     0x2  Task.o [1]
    .near.data       inited   0x000063     0x2  Task.o [1]
    .near.data       inited   0x000065     0x2  Task.o [1]
    .near.data       inited   0x000067     0x2  Task.o [1]
    .near.data       inited   0x000069     0x2  Task.o [1]
                            - 0x00006b    0x5b

"P2", part 2 of 2:                      0x13fe
  .near.bss          zero     0x00006b   0xbd7  ApiPocCmd.o [1]
  .near.bss          zero     0x000c42   0x28a  DrvGD83.o [1]
  .near.bss          zero     0x000ecc   0x200  ApiDisplay.o [1]
  .near.bss          zero     0x0010cc   0x1d1  ApiGpsCmd.o [1]
  .near.bss          zero     0x00129d    0x69  ApiAtCmd.o [1]
  .near.bss          zero     0x001306    0x50  ApiPocCmd.o [1]
  .near.bss          zero     0x001356    0x44  uart3.o [1]
  .near.bss          zero     0x00139a    0x40  ApiDisplay.o [1]
  .near.bss          zero     0x0013da    0x14  System.o [1]
  .near.bss          zero     0x0013ee    0x12  Beep.o [1]
  .near.bss          zero     0x001400    0x12  Tone.o [1]
  .near.bss          zero     0x001412     0xf  ApiPocCmd.o [1]
  .near.bss          zero     0x001421     0xb  Delay.o [1]
  .near.bss          zero     0x00142c     0x6  Voice.o [1]
  .near.bss          zero     0x001432     0x4  uart3.o [1]
  .near.bss          zero     0x001436     0x2  ApiDisplay.o [1]
  .near.bss          zero     0x001438     0x2  DrvHTG12832.o [1]
  .near.bss          zero     0x00143a     0x1  ADC.o [1]
  .near.bss          zero     0x00143b     0x1  ApiAtCmd.o [1]
  .near.bss          zero     0x00143c     0x1  ApiAtCmd.o [1]
  .near.bss          zero     0x00143d     0x1  ApiAtCmd.o [1]
  .near.bss          zero     0x00143e     0x1  ApiAtCmd.o [1]
  .near.bss          zero     0x00143f     0x1  ApiAtCmd.o [1]
  .near.bss          zero     0x001440     0x1  ApiGpsCmd.o [1]
  .near.bss          zero     0x001441     0x1  ApiKeyboard.o [1]
  .near.bss          zero     0x001442     0x1  ApiKeyboard.o [1]
  .near.bss          zero     0x001443     0x1  ApiKeyboard.o [1]
  .near.bss          zero     0x001444     0x1  ApiKeyboard.o [1]
  .near.bss          zero     0x001445     0x1  ApiKeyboard.o [1]
  .near.bss          zero     0x001446     0x1  ApiKeyboard.o [1]
  .near.bss          zero     0x001447     0x1  ApiKeyboard.o [1]
  .near.bss          zero     0x001448     0x1  ApiKeyboard.o [1]
  .near.bss          zero     0x001449     0x1  ApiKeyboard.o [1]
  .near.bss          zero     0x00144a     0x1  ApiKeyboard.o [1]
  .near.bss          zero     0x00144b     0x1  ApiKeyboard.o [1]
  .near.bss          zero     0x00144c     0x1  ApiKeyboard.o [1]
  .near.bss          zero     0x00144d     0x1  ApiKeyboard.o [1]
  .near.bss          zero     0x00144e     0x1  ApiKeyboard.o [1]
  .near.bss          zero     0x00144f     0x1  ApiKeyboard.o [1]
  .near.bss          zero     0x001450     0x1  ApiKeyboard.o [1]
  .near.bss          zero     0x001451     0x1  ApiKeyboard.o [1]
  .near.bss          zero     0x001452     0x1  ApiKeyboard.o [1]
  .near.bss          zero     0x001453     0x1  ApiKeyboard.o [1]
  .near.bss          zero     0x001454     0x1  ApiLED.o [1]
  .near.bss          zero     0x001455     0x1  ApiPocCmd.o [1]
  .near.bss          zero     0x001456     0x1  ApiPocCmd.o [1]
  .near.bss          zero     0x001457     0x1  ApiPocCmd.o [1]
  .near.bss          zero     0x001458     0x1  ApiPocCmd.o [1]
  .near.bss          zero     0x001459     0x1  ApiPocCmd.o [1]
  .near.bss          zero     0x00145a     0x1  ApiPocCmd.o [1]
  .near.bss          zero     0x00145b     0x1  ApiPocCmd.o [1]
  .near.bss          zero     0x00145c     0x1  ApiPocCmd.o [1]
  .near.bss          zero     0x00145d     0x1  ApiPocCmd.o [1]
  .near.bss          zero     0x00145e     0x1  Delay.o [1]
  .near.bss          zero     0x00145f     0x1  Delay.o [1]
  .near.bss          zero     0x001460     0x1  Delay.o [1]
  .near.bss          zero     0x001461     0x1  Delay.o [1]
  .near.bss          zero     0x001462     0x1  Delay.o [1]
  .near.bss          zero     0x001463     0x1  DrvGD83.o [1]
  .near.bss          zero     0x001464     0x1  Task.o [1]
  .near.bss          zero     0x001465     0x1  Task.o [1]
  .near.bss          zero     0x001466     0x1  Task.o [1]
  .near.bss          zero     0x001467     0x1  Task.o [1]
  .near.bss          zero     0x001468     0x1  Task.o [1]
                            - 0x001469  0x13fe

"A2":                                    0x100
  CSTACK                      0x001700   0x100  <Block>
    CSTACK           uninit   0x001700   0x100  <Block tail>
                            - 0x001800   0x100

"A3":                                     0x80
  INTVEC                      0x008000    0x80  <Block>
    .intvec          const    0x008000    0x80  interrupt.o [5]
                            - 0x008080    0x80

"P3":                                   0x290b
  .near.rodata       const    0x008080  0x1b00  GT20L16P1Y_D.o [1]
  .near.rodata       const    0x009b80   0x400  ApiDisplay.o [1]
  .near.rodata       const    0x009f80   0x1b0  GT20L16P1Y_D.o [1]
  .near.rodata       const    0x00a130   0x1b0  GT20L16P1Y_D.o [1]
  Initializer bytes  const    0x00a2e0    0x5b  <for P2-1>
  .near_func.text    const    0x00a33b    0x40  ApiDisplay.o [1]
  .near.rodata       const    0x00a37b    0x3e  GT20L16P1Y.o [3]
  .near.rodata       const    0x00a3b9    0x31  Task.o [1]
  .near.rodata       const    0x00a3ea    0x2a  Task.o [1]
  .near.rodata       const    0x00a414    0x25  Task.o [1]
  .near.rodata       const    0x00a439    0x25  Task.o [1]
  .near.rodata       const    0x00a45e    0x25  Task.o [1]
  .iar.init_table    const    0x00a483    0x14  - Linker created -
  .near.rodata       const    0x00a497    0x1d  Task.o [1]
  .near.rodata       const    0x00a4b4    0x18  Task.o [1]
  .near.rodata       const    0x00a4cc    0x13  ApiAtCmd.o [1]
  .near.rodata       const    0x00a4df    0x13  Task.o [1]
  .near.rodata       const    0x00a4f2    0x13  Task.o [1]
  .near.rodata       const    0x00a505    0x12  ApiAtCmd.o [1]
  .near.rodata       const    0x00a517    0x12  Task.o [1]
  .near.rodata       const    0x00a529    0x11  ApiKeyboard.o [1]
  .near.rodata       const    0x00a53a    0x11  ApiKeyboard.o [1]
  .near.rodata       const    0x00a54b    0x11  ApiKeyboard.o [1]
  .near.rodata       const    0x00a55c    0x11  ApiKeyboard.o [1]
  .near.rodata       const    0x00a56d    0x11  ApiKeyboard.o [1]
  .near.rodata       const    0x00a57e    0x11  ApiKeyboard.o [1]
  .near.rodata       const    0x00a58f    0x11  ApiKeyboard.o [1]
  .near.rodata       const    0x00a5a0    0x11  ApiMenu.o [1]
  .near.rodata       const    0x00a5b1    0x11  ApiMenu.o [1]
  .near.rodata       const    0x00a5c2    0x11  ApiMenu.o [1]
  .near.rodata       const    0x00a5d3    0x11  ApiMenu.o [1]
  .near.rodata       const    0x00a5e4    0x11  ApiMenu.o [1]
  .near.rodata       const    0x00a5f5    0x11  ApiMenu.o [1]
  .near.rodata       const    0x00a606    0x11  ApiMenu.o [1]
  .near.rodata       const    0x00a617    0x11  ApiMenu.o [1]
  .near.rodata       const    0x00a628    0x11  ApiMenu.o [1]
  .near.rodata       const    0x00a639    0x11  ApiMenu.o [1]
  .near.rodata       const    0x00a64a    0x11  ApiMenu.o [1]
  .near.rodata       const    0x00a65b    0x11  CommonLib.o [1]
  .near.rodata       const    0x00a66c    0x11  Delay.o [1]
  .near.rodata       const    0x00a67d    0x11  System.o [1]
  .near.rodata       const    0x00a68e    0x11  Task.o [1]
  .near.rodata       const    0x00a69f    0x11  Task.o [1]
  .near.rodata       const    0x00a6b0    0x11  Task.o [1]
  .near.rodata       const    0x00a6c1    0x11  Task.o [1]
  .near.rodata       const    0x00a6d2    0x11  Task.o [1]
  .near.rodata       const    0x00a6e3    0x11  Task.o [1]
  .near.rodata       const    0x00a6f4    0x11  Task.o [1]
  .near.rodata       const    0x00a705    0x11  Task.o [1]
  .near.rodata       const    0x00a716    0x11  Task.o [1]
  .near.rodata       const    0x00a727    0x11  Task.o [1]
  .near.rodata       const    0x00a738    0x11  Task.o [1]
  .near.rodata       const    0x00a749    0x10  ApiAtCmd.o [1]
  .near.rodata       const    0x00a759    0x10  ApiAtCmd.o [1]
  .near.rodata       const    0x00a769    0x10  ApiDisplay.o [1]
  .near.rodata       const    0x00a779    0x10  ApiDisplay.o [1]
  .near.rodata       const    0x00a789    0x10  uart3.o [1]
  .near.rodata       const    0x00a799     0xf  ApiAtCmd.o [1]
  .near.rodata       const    0x00a7a8     0xf  ApiKeyboard.o [1]
  .near.rodata       const    0x00a7b7     0xf  System.o [1]
  .near.rodata       const    0x00a7c6     0xf  Task.o [1]
  .near.rodata       const    0x00a7d5     0xf  Task.o [1]
  .near.rodata       const    0x00a7e4     0xe  ApiAtCmd.o [1]
  .near.rodata       const    0x00a7f2     0xe  ApiAtCmd.o [1]
  .near.rodata       const    0x00a800     0xe  ApiAtCmd.o [1]
  .near.rodata       const    0x00a80e     0xe  System.o [1]
  .near.rodata       const    0x00a81c     0xe  Task.o [1]
  .near.rodata       const    0x00a82a     0xe  Task.o [1]
  .near.rodata       const    0x00a838     0xe  Task.o [1]
  .near.rodata       const    0x00a846     0xd  ApiPocCmd.o [1]
  .near.rodata       const    0x00a853     0xd  ApiPocCmd.o [1]
  .near.rodata       const    0x00a860     0xd  Task.o [1]
  .near.rodata       const    0x00a86d     0xc  ApiAtCmd.o [1]
  .near.rodata       const    0x00a879     0xb  ApiAtCmd.o [1]
  .near.rodata       const    0x00a884     0xb  Task.o [1]
  .near.rodata       const    0x00a88f     0xa  ApiAtCmd.o [1]
  .near.rodata       const    0x00a899     0xa  Task.o [1]
  .near.rodata       const    0x00a8a3     0x9  ApiAtCmd.o [1]
  .near.rodata       const    0x00a8ac     0x9  ApiAtCmd.o [1]
  .near.rodata       const    0x00a8b5     0x9  ApiAtCmd.o [1]
  .near.rodata       const    0x00a8be     0x9  ApiKeyboard.o [1]
  .near.rodata       const    0x00a8c7     0x9  ApiKeyboard.o [1]
  .near.rodata       const    0x00a8d0     0x9  ApiMenu.o [1]
  .near.rodata       const    0x00a8d9     0x9  DrvGD83.o [1]
  .near.rodata       const    0x00a8e2     0x9  System.o [1]
  .near.rodata       const    0x00a8eb     0x9  Task.o [1]
  .near.rodata       const    0x00a8f4     0x9  Task.o [1]
  .near.rodata       const    0x00a8fd     0x8  ApiAtCmd.o [1]
  .near.rodata       const    0x00a905     0x8  ApiDisplay.o [1]
  .near.rodata       const    0x00a90d     0x8  ApiPocCmd.o [1]
  .near.rodata       const    0x00a915     0x8  Task.o [1]
  .near.rodata       const    0x00a91d     0x7  ApiAtCmd.o [1]
  .near.rodata       const    0x00a924     0x7  ApiAtCmd.o [1]
  .near.rodata       const    0x00a92b     0x7  ApiAtCmd.o [1]
  .near.rodata       const    0x00a932     0x7  ApiPocCmd.o [1]
  .near.rodata       const    0x00a939     0x7  DrvGD83.o [1]
  .near.rodata       const    0x00a940     0x7  Task.o [1]
  .near.rodata       const    0x00a947     0x7  Task.o [1]
  .near.rodata       const    0x00a94e     0x6  DrvGD83.o [1]
  .near.rodata       const    0x00a954     0x6  System.o [1]
  .near.rodata       const    0x00a95a     0x4  ApiMenu.o [1]
  .near.rodata       const    0x00a95e     0x4  ApiMenu.o [1]
  .near.rodata       const    0x00a962     0x4  ApiMenu.o [1]
  .near.rodata       const    0x00a966     0x4  ApiMenu.o [1]
  .near.rodata       const    0x00a96a     0x4  ApiMenu.o [1]
  .near.rodata       const    0x00a96e     0x4  ApiMenu.o [1]
  .near.rodata       const    0x00a972     0x4  ApiMenu.o [1]
  .near.rodata       const    0x00a976     0x4  ApiMenu.o [1]
  .near.rodata       const    0x00a97a     0x4  stm8s_clk.o [1]
  .near.rodata       const    0x00a97e     0x4  uart3.o [1]
  .near.rodata       const    0x00a982     0x3  DrvGD83.o [1]
  .near.rodata       const    0x00a985     0x3  uart3.o [1]
  .near.rodata       const    0x00a988     0x3  uart3.o [1]
                            - 0x00a98b  0x290b

"P4", part 1 of 2:                       0xef6
  .far_func.text     ro code  0x00a98b    0x4a  DrvGD83.o [1]
  .far_func.text     ro code  0x00a9d5    0x4a  DrvGD83.o [1]
  .far_func.text     ro code  0x00aa1f    0x49  stm8s_uart3.o [1]
  .far_func.text     ro code  0x00aa68    0x48  Flash_eeprom.o [1]
  .far_func.text     ro code  0x00aab0    0x48  Flash_eeprom.o [1]
  .far_func.text     ro code  0x00aaf8    0x48  GT20L16P1Y_D.o [1]
  .far_func.text     ro code  0x00ab40    0x48  GT20L16P1Y_D.o [1]
  .far_func.text     ro code  0x00ab88    0x47  GT20L16P1Y.o [3]
  .far_func.text     ro code  0x00abcf    0x44  short.o [5]
  .far_func.text     ro code  0x00ac13    0x43  stm8s_tim1.o [1]
  .far_func.text     ro code  0x00ac56    0x43  uart3.o [1]
  .far_func.text     ro code  0x00ac99    0x40  Task.o [1]
  .far_func.text     ro code  0x00acd9    0x3e  Flash_eeprom.o [1]
  .far_func.text     ro code  0x00ad17    0x3d  DrvGD83.o [1]
  .far_func.text     ro code  0x00ad54    0x39  uart3.o [1]
  .far_func.text     ro code  0x00ad8d    0x38  Beep.o [1]
  .far_func.text     ro code  0x00adc5    0x38  DrvGT20L16S1Y.o [1]
  .far_func.text     ro code  0x00adfd    0x36  stm8s_flash.o [1]
  .far_func.text     ro code  0x00ae33    0x36  sysclock.o [1]
  .far_func.text     ro code  0x00ae69    0x36  memcmp.o [5]
  .far_func.text     ro code  0x00ae9f    0x34  McuConfig.o [1]
  .far_func.text     ro code  0x00aed3    0x32  stm8s_uart1.o [1]
  .far_func.text     ro code  0x00af05    0x30  stm8s_adc2.o [1]
  .far_func.text     ro code  0x00af35    0x2f  ApiDisplay.o [1]
  .far_func.text     ro code  0x00af64    0x2f  ApiDisplay.o [1]
  .far_func.text     ro code  0x00af93    0x2f  stm8s_adc2.o [1]
  .far_func.text     ro code  0x00afc2    0x2e  ApiDisplay.o [1]
  .far_func.text     ro code  0x00aff0    0x2e  ApiDisplay.o [1]
  .far_func.text     ro code  0x00b01e    0x2e  McuConfig.o [1]
  .far_func.text     ro code  0x00b04c    0x2d  ApiDisplay.o [1]
  .far_func.text     ro code  0x00b079    0x2d  stm8s_uart1.o [1]
  .far_func.text     ro code  0x00b0a6    0x2c  DrvGD83.o [1]
  .far_func.text     ro code  0x00b0d2    0x2b  sysclock.o [1]
  .far_func.text     ro code  0x00b0fd    0x2b  Task.o [1]
  .far_func.text     ro code  0x00b128    0x29  Delay.o [1]
  .far_func.text     ro code  0x00b151    0x29  McuConfig.o [1]
  .far_func.text     ro code  0x00b17a    0x28  stm8s_flash.o [1]
  .far_func.text     ro code  0x00b1a2    0x28  init_small.o [5]
  .far_func.text     ro code  0x00b1ca    0x27  ADC.o [1]
  .far_func.text     ro code  0x00b1f1    0x27  McuConfig.o [1]
  .far_func.text     ro code  0x00b218    0x26  GT20L16P1Y_D.o [1]
  .far_func.text     ro code  0x00b23e    0x26  stm8s_it.o [1]
  .far_func.text     ro code  0x00b264    0x26  Tone.o [1]
  .far_func.text     ro code  0x00b28a    0x26  memcpy.o [5]
  .far_func.text     ro code  0x00b2b0    0x25  stm8s_flash.o [1]
  .far_func.text     ro code  0x00b2d5    0x25  stm8s_uart3.o [1]
  .far_func.text     ro code  0x00b2fa    0x25  move.o [5]
  .far_func.text     ro code  0x00b31f    0x24  stm8s_tim1.o [1]
  .far_func.text     ro code  0x00b343    0x22  ADC.o [1]
  .far_func.text     ro code  0x00b365    0x22  ApiPocCmd.o [1]
  .far_func.text     ro code  0x00b387    0x22  ApiPocCmd.o [1]
  .far_func.text     ro code  0x00b3a9    0x21  ApiGpsCmd.o [1]
  .far_func.text     ro code  0x00b3ca    0x21  ApiPocCmd.o [1]
  .far_func.text     ro code  0x00b3eb    0x21  Delay.o [1]
  .far_func.text     ro code  0x00b40c    0x21  stm8s_adc2.o [1]
  .far_func.text     ro code  0x00b42d    0x21  stm8s_it.o [1]
  .far_func.text     ro code  0x00b44e    0x20  ApiPocCmd.o [1]
  .far_func.text     ro code  0x00b46e    0x1f  sysclock.o [1]
  .far_func.text     ro code  0x00b48d    0x1e  init.o [5]
  .far_func.text     ro code  0x00b4ab    0x1e  init_small.o [5]
  .far_func.text     ro code  0x00b4c9    0x1c  Beep.o [1]
  .far_func.text     ro code  0x00b4e5    0x1c  Delay.o [1]
  .far_func.text     ro code  0x00b501    0x1b  stm8s_it.o [1]
  .far_func.text     ro code  0x00b51c    0x19  McuConfig.o [1]
  .far_func.text     ro code  0x00b535    0x19  McuConfig.o [1]
  .far_func.text     ro code  0x00b54e    0x19  McuConfig.o [1]
  .far_func.text     ro code  0x00b567    0x19  McuConfig.o [1]
  .far_func.text     ro code  0x00b580    0x19  McuConfig.o [1]
  .far_func.text     ro code  0x00b599    0x17  ApiDisplay.o [1]
  .far_func.text     ro code  0x00b5b0    0x17  ApiDisplay.o [1]
  .far_func.text     ro code  0x00b5c7    0x17  uart3.o [1]
  .far_func.text     ro code  0x00b5de    0x17  cstartup.o [5]
  .far_func.text     ro code  0x00b5f5    0x17  memset.o [5]
  .far_func.text     ro code  0x00b60c    0x16  stm8s_flash.o [1]
  .far_func.text     ro code  0x00b622    0x16  __dbg_xxexit.o [4]
  .far_func.text     ro code  0x00b638    0x14  stm8s_flash.o [1]
  .far_func.text     ro code  0x00b64c    0x13  ApiPocCmd.o [1]
  .far_func.text     ro code  0x00b65f    0x13  ApiPocCmd.o [1]
  .far_func.text     ro code  0x00b672    0x13  stm8s_adc2.o [1]
  .far_func.text     ro code  0x00b685    0x13  stm8s_clk.o [1]
  .far_func.text     ro code  0x00b698    0x13  stm8s_tim3.o [1]
  .far_func.text     ro code  0x00b6ab    0x12  ApiPocCmd.o [1]
  .far_func.text     ro code  0x00b6bd    0x12  ApiPocCmd.o [1]
  .far_func.text     ro code  0x00b6cf    0x12  uart3.o [1]
  .far_func.text     ro code  0x00b6e1    0x12  strlen.o [5]
  .far_func.text     ro code  0x00b6f3    0x10  uart3.o [1]
  .far_func.text     ro code  0x00b703     0xf  Voice.o [1]
  .far_func.text     ro code  0x00b712     0xe  far_util.o [5]
  .far_func.text     ro code  0x00b720     0xd  McuConfig.o [1]
  .far_func.text     ro code  0x00b72d     0xd  McuConfig.o [1]
  .far_func.text     ro code  0x00b73a     0xd  McuConfig.o [1]
  .far_func.text     ro code  0x00b747     0xd  McuConfig.o [1]
  .far_func.text     ro code  0x00b754     0xd  stm8s_adc2.o [1]
  .far_func.text     ro code  0x00b761     0xd  stm8s_tim1.o [1]
  .far_func.text     ro code  0x00b76e     0xd  stm8s_tim1.o [1]
  .far_func.text     ro code  0x00b77b     0xd  stm8s_tim1.o [1]
  .far_func.text     ro code  0x00b788     0xd  stm8s_tim3.o [1]
  .far_func.text     ro code  0x00b795     0xd  stm8s_tim3.o [1]
  .far_func.text     ro code  0x00b7a2     0xd  stm8s_uart1.o [1]
  .far_func.text     ro code  0x00b7af     0xd  stm8s_uart3.o [1]
  .far_func.text     ro code  0x00b7bc     0xc  stm8s_tim3.o [1]
  .far_func.text     ro code  0x00b7c8     0xb  ApiPocCmd.o [1]
  .far_func.text     ro code  0x00b7d3     0xa  ApiAtCmd.o [1]
  .far_func.text     ro code  0x00b7dd     0x9  stm8s_gpio.o [1]
  .far_func.text     ro code  0x00b7e6     0x9  stm8s_tim3.o [1]
  .far_func.text     ro code  0x00b7ef     0x7  ApiPocCmd.o [1]
  .far_func.text     ro code  0x00b7f6     0x7  stm8s_flash.o [1]
  .far_func.text     ro code  0x00b7fd     0x7  stm8s_gpio.o [1]
  .far_func.text     ro code  0x00b804     0x6  char.o [5]
  .far_func.text     ro code  0x00b80a     0x6  cexit.o [5]
  .far_func.text     ro code  0x00b810     0x5  stm8s_adc2.o [1]
  .far_func.text     ro code  0x00b815     0x5  stm8s_flash.o [1]
  .far_func.text     ro code  0x00b81a     0x5  stm8s_flash.o [1]
  .far_func.text     ro code  0x00b81f     0x5  stm8s_tim3.o [1]
  .far_func.text     ro code  0x00b824     0x4  ApiPocCmd.o [1]
  .far_func.text     ro code  0x00b828     0x4  ApiPocCmd.o [1]
  .far_func.text     ro code  0x00b82c     0x4  ApiPocCmd.o [1]
  .far_func.text     ro code  0x00b830     0x4  ApiPocCmd.o [1]
  .far_func.text     ro code  0x00b834     0x4  ApiPocCmd.o [1]
  .far_func.text     ro code  0x00b838     0x4  main.o [1]
  .far_func.text     ro code  0x00b83c     0x4  stm8s_gpio.o [1]
  .far_func.text     ro code  0x00b840     0x4  stm8s_uart1.o [1]
  .far_func.text     ro code  0x00b844     0x4  stm8s_uart1.o [1]
  .far_func.text     ro code  0x00b848     0x4  stm8s_uart3.o [1]
  .far_func.text     ro code  0x00b84c     0x4  stm8s_uart3.o [1]
  .far_func.text     ro code  0x00b850     0x4  System.o [1]
  .far_func.text     ro code  0x00b854     0x4  System.o [1]
  .far_func.text     ro code  0x00b858     0x4  Task.o [1]
  .far_func.text     ro code  0x00b85c     0x4  interrupt.o [5]
  .far_func.text     ro code  0x00b860     0x4  exit.o [5]
  .far_func.text     ro code  0x00b864     0x3  low_level_init.o [5]
  .far_func.text     ro code  0x00b867     0x3  unhandled_exception.o [5]
  .far_func.text     ro code  0x00b86a     0x1  ApiKeyboard.o [1]
  .far_func.text     ro code  0x00b86b     0x1  stm8s_it.o [1]
  .far_func.text     ro code  0x00b86c     0x1  stm8s_it.o [1]
  .far_func.text     ro code  0x00b86d     0x1  stm8s_it.o [1]
  .far_func.text     ro code  0x00b86e     0x1  stm8s_it.o [1]
  .far_func.text     ro code  0x00b86f     0x1  stm8s_it.o [1]
  .far_func.text     ro code  0x00b870     0x1  stm8s_it.o [1]
  .far_func.text     ro code  0x00b871     0x1  stm8s_it.o [1]
  .far_func.text     ro code  0x00b872     0x1  stm8s_it.o [1]
  .far_func.text     ro code  0x00b873     0x1  stm8s_it.o [1]
  .far_func.text     ro code  0x00b874     0x1  stm8s_it.o [1]
  .far_func.text     ro code  0x00b875     0x1  stm8s_it.o [1]
  .far_func.text     ro code  0x00b876     0x1  stm8s_it.o [1]
  .far_func.text     ro code  0x00b877     0x1  stm8s_it.o [1]
  .far_func.text     ro code  0x00b878     0x1  stm8s_it.o [1]
  .far_func.text     ro code  0x00b879     0x1  stm8s_it.o [1]
  .far_func.text     ro code  0x00b87a     0x1  stm8s_it.o [1]
  .far_func.text     ro code  0x00b87b     0x1  stm8s_it.o [1]
  .far_func.text     ro code  0x00b87c     0x1  stm8s_it.o [1]
  .far_func.text     ro code  0x00b87d     0x1  stm8s_it.o [1]
  .far_func.text     ro code  0x00b87e     0x1  stm8s_it.o [1]
  .far_func.text     ro code  0x00b87f     0x1  stm8s_it.o [1]
  .far_func.text     ro code  0x00b880     0x1  __dbg_break.o [4]
                            - 0x00b881   0xef6

"P4", part 2 of 2:                      0x668a
  .far_func.text     ro code  0x010000   0x823  DrvGD83.o [1]
  .far_func.text     ro code  0x010823   0x5e6  ApiKeyboard.o [1]
  .far_func.text     ro code  0x010e09   0x475  ApiGpsCmd.o [1]
  .far_func.text     ro code  0x01127e   0x432  Task.o [1]
  .far_func.text     ro code  0x0116b0   0x36d  ApiPocCmd.o [1]
  .far_func.text     ro code  0x011a1d   0x30f  Beep.o [1]
  .far_func.text     ro code  0x011d2c   0x2cd  GT20L16P1Y.o [3]
  .far_func.text     ro code  0x011ff9   0x283  ApiGpsCmd.o [1]
  .far_func.text     ro code  0x01227c   0x255  ApiGpsCmd.o [1]
  .far_func.text     ro code  0x0124d1   0x252  DrvHTG12832.o [1]
  .far_func.text     ro code  0x012723   0x251  GT20L16P1Y.o [3]
  .far_func.text     ro code  0x012974   0x246  ApiAtCmd.o [1]
  .far_func.text     ro code  0x012bba   0x211  DrvKeyboard.o [1]
  .far_func.text     ro code  0x012dcb   0x1dc  Task.o [1]
  .far_func.text     ro code  0x012fa7   0x1b2  uart3.o [1]
  .far_func.text     ro code  0x013159   0x19f  long.o [5]
  .far_func.text     ro code  0x0132f8   0x185  GT20L16P1Y.o [3]
  .far_func.text     ro code  0x01347d   0x173  ApiPocCmd.o [1]
  .far_func.text     ro code  0x0135f0   0x16d  System.o [1]
  .far_func.text     ro code  0x01375d   0x165  ApiGpsCmd.o [1]
  .far_func.text     ro code  0x0138c2   0x163  ApiPocCmd.o [1]
  .far_func.text     ro code  0x013a25   0x15c  Delay.o [1]
  .far_func.text     ro code  0x013b81   0x15c  vreg_util.o [5]
  .far_func.text     ro code  0x013cdd   0x159  ApiMenu.o [1]
  .far_func.text     ro code  0x013e36   0x159  stm8s_uart1.o [1]
  .far_func.text     ro code  0x013f8f   0x148  DrvKeyboard.o [1]
  .far_func.text     ro code  0x0140d7   0x13f  DrvKeyboard.o [1]
  .far_func.text     ro code  0x014216   0x13b  DrvGT20L16S1Y.o [1]
  .far_func.text     ro code  0x014351   0x134  DrvGT20L16S1Y.o [1]
  .far_func.text     ro code  0x014485   0x12a  stm8s_uart3.o [1]
  .far_func.text     ro code  0x0145af   0x11d  ApiAtCmd.o [1]
  .far_func.text     ro code  0x0146cc   0x109  uart3.o [1]
  .far_func.text     ro code  0x0147d5   0x103  stm8s_itc.o [1]
  .far_func.text     ro code  0x0148d8   0x101  ADC.o [1]
  .far_func.text     ro code  0x0149d9    0xff  ApiGpsCmd.o [1]
  .far_func.text     ro code  0x014ad8    0xfa  CommonLib.o [1]
  .far_func.text     ro code  0x014bd2    0xeb  DrvGD83.o [1]
  .far_func.text     ro code  0x014cbd    0xe5  ApiKeyboard.o [1]
  .far_func.text     ro code  0x014da2    0xe2  uart3.o [1]
  .far_func.text     ro code  0x014e84    0xd9  ApiDisplay.o [1]
  .far_func.text     ro code  0x014f5d    0xd8  ApiPocCmd.o [1]
  .far_func.text     ro code  0x015035    0xc8  ApiDisplay.o [1]
  .far_func.text     ro code  0x0150fd    0xc1  uart3.o [1]
  .far_func.text     ro code  0x0151be    0xc0  ApiDisplay.o [1]
  .far_func.text     ro code  0x01527e    0xb6  stm8s_uart3.o [1]
  .far_func.text     ro code  0x015334    0xb4  ApiAtCmd.o [1]
  .far_func.text     ro code  0x0153e8    0xb0  ApiDisplay.o [1]
  .far_func.text     ro code  0x015498    0xaf  stm8s_gpio.o [1]
  .far_func.text     ro code  0x015547    0xa3  Delay.o [1]
  .far_func.text     ro code  0x0155ea    0xa2  stm8s_clk.o [1]
  .far_func.text     ro code  0x01568c    0x9b  Voice.o [1]
  .far_func.text     ro code  0x015727    0x99  stm8s_tim1.o [1]
  .far_func.text     ro code  0x0157c0    0x97  ApiDisplay.o [1]
  .far_func.text     ro code  0x015857    0x96  CommonLib.o [1]
  .far_func.text     ro code  0x0158ed    0x96  DrvKeyboard.o [1]
  .far_func.text     ro code  0x015983    0x95  uart3.o [1]
  .far_func.text     ro code  0x015a18    0x92  stm8s_uart1.o [1]
  .far_func.text     ro code  0x015aaa    0x8d  stm8s_uart3.o [1]
  .far_func.text     ro code  0x015b37    0x88  ApiDisplay.o [1]
  .far_func.text     ro code  0x015bbf    0x82  stm8s_adc2.o [1]
  .far_func.text     ro code  0x015c41    0x80  DrvGD83.o [1]
  .far_func.text     ro code  0x015cc1    0x73  ApiAtCmd.o [1]
  .far_func.text     ro code  0x015d34    0x73  Delay.o [1]
  .far_func.text     ro code  0x015da7    0x72  DrvKeyboard.o [1]
  .far_func.text     ro code  0x015e19    0x6e  uart3.o [1]
  .far_func.text     ro code  0x015e87    0x6d  stm8s_uart1.o [1]
  .far_func.text     ro code  0x015ef4    0x6b  Tone.o [1]
  .far_func.text     ro code  0x015f5f    0x64  ApiDisplay.o [1]
  .far_func.text     ro code  0x015fc3    0x64  ApiGpsCmd.o [1]
  .far_func.text     ro code  0x016027    0x64  long_util.o [5]
  .far_func.text     ro code  0x01608b    0x61  stm8s_tim1.o [1]
  .far_func.text     ro code  0x0160ec    0x60  ApiLED.o [1]
  .far_func.text     ro code  0x01614c    0x5e  CommonLib.o [1]
  .far_func.text     ro code  0x0161aa    0x5c  GT20L16P1Y_D.o [1]
  .far_func.text     ro code  0x016206    0x5a  ApiDisplay.o [1]
  .far_func.text     ro code  0x016260    0x58  stm8s_clk.o [1]
  .far_func.text     ro code  0x0162b8    0x58  dc_util.o [5]
  .far_func.text     ro code  0x016310    0x57  ApiDisplay.o [1]
  .far_func.text     ro code  0x016367    0x56  Tone.o [1]
  .far_func.text     ro code  0x0163bd    0x55  Delay.o [1]
  .far_func.text     ro code  0x016412    0x54  stm8s_adc2.o [1]
  .far_func.text     ro code  0x016466    0x52  uart3.o [1]
  .far_func.text     ro code  0x0164b8    0x52  uart3.o [1]
  .far_func.text     ro code  0x01650a    0x4f  ApiDisplay.o [1]
  .far_func.text     ro code  0x016559    0x4f  uart3.o [1]
  .far_func.text     ro code  0x0165a8    0x4e  CommonLib.o [1]
  .far_func.text     ro code  0x0165f6    0x4a  DrvGD83.o [1]
  .far_func.text     ro code  0x016640    0x4a  DrvGD83.o [1]
                            - 0x01668a  0x668a


*******************************************************************************
*** INIT TABLE
***

          Address   Size
          -------   ----
Zero (__iar_zero_init2)
    1 destination range, total size 0x13fe:
          0x00006b  0x13fe

Copy (__iar_copy_init2)
    1 source range, total size 0x5b:
          0x00a2e0    0x5b
    1 destination range, total size 0x5b:
          0x000010    0x5b



*******************************************************************************
*** MODULE SUMMARY
***

    Module                 ro code  ro data  rw data
    ------                 -------  -------  -------
E:\1-source\A508\PRJ\Debug\Obj: [1]
    ADC.o                      330                 1
    ApiAtCmd.o               1 172      252      147
    ApiDisplay.o             1 705    1 128      578
    ApiGpsCmd.o              3 126               466
    ApiKeyboard.o            1 740      161       28
    ApiLED.o                    96                 1
    ApiMenu.o                  345      228
    ApiPocCmd.o              2 064       45    3 139
    Beep.o                     867                18
    CommonLib.o                572       17
    Delay.o                    813       17       16
    DrvGD83.o                2 847       33      659
    DrvGT20L16S1Y.o            679
    DrvHTG12832.o              594                 2
    DrvKeyboard.o            1 440
    Flash_eeprom.o             206
    GT20L16P1Y_D.o             274    7 776
    McuConfig.o                355
    System.o                   373       67       26
    Task.o                   1 661      671       32
    Tone.o                     231                18
    Voice.o                    170                 6
    main.o                       4
    stm8s_adc2.o               379
    stm8s_clk.o                269        4
    stm8s_flash.o              190
    stm8s_gpio.o               195
    stm8s_it.o                 119
    stm8s_itc.o                259
    stm8s_tim1.o               392
    stm8s_tim3.o                71
    stm8s_uart1.o              716
    stm8s_uart3.o              752
    sysclock.o                 128
    uart3.o                  1 801       26       72
    ------------------------------------------------
    Total:                  26 935   10 425    5 209

command line: [2]
    ------------------------------------------------
    Total:

GT20L16_STM8_DOUBLE_MEDIUM_IAR.a: [3]
    GT20L16P1Y.o             1 770       62
    ------------------------------------------------
    Total:                   1 770       62

dbgstm8mmd.a: [4]
    __dbg_break.o                1
    __dbg_xxexit.o              22
    ------------------------------------------------
    Total:                      23

dlstm8mmn.a: [5]
    cexit.o                      6
    char.o                       6
    cstartup.o                  23
    dc_util.o                   88
    exit.o                       4
    far_util.o                  14
    init.o                      30
    init_small.o                70
    interrupt.o                  4      128
    long.o                     415
    long_util.o                100
    low_level_init.o             3
    memcmp.o                    54
    memcpy.o                    38
    memset.o                    23
    move.o                      37
    short.o                     68
    strlen.o                    18
    unhandled_exception.o        3
    vreg_util.o                348
    vregs.o                                       16
    ------------------------------------------------
    Total:                   1 352      128       16

    Linker created                       20      256
----------------------------------------------------
    Grand Total:            30 080   10 635    5 481


*******************************************************************************
*** ENTRY LIST
***

Entry                    Address    Size  Type      Object
-----                    -------    ----  ----      ------
.iar.init_table$$Base   0x00a483           --   Gb  - Linker created -
.iar.init_table$$Limit  0x00a497           --   Gb  - Linker created -
?add32_l0_l0_0x         0x01315c          Code  Gb  long.o [5]
?add32_l0_l0_l1         0x013159          Code  Gb  long.o [5]
?and32_l0_l0_0x         0x013298          Code  Gb  long.o [5]
?and32_l0_l0_l1         0x013295          Code  Gb  long.o [5]
?b0                     0x000000          Data  Gb  vregs.o [5]
?b1                     0x000001          Data  Gb  vregs.o [5]
?b10                    0x00000a          Data  Gb  vregs.o [5]
?b11                    0x00000b          Data  Gb  vregs.o [5]
?b12                    0x00000c          Data  Gb  vregs.o [5]
?b13                    0x00000d          Data  Gb  vregs.o [5]
?b14                    0x00000e          Data  Gb  vregs.o [5]
?b15                    0x00000f          Data  Gb  vregs.o [5]
?b2                     0x000002          Data  Gb  vregs.o [5]
?b3                     0x000003          Data  Gb  vregs.o [5]
?b4                     0x000004          Data  Gb  vregs.o [5]
?b5                     0x000005          Data  Gb  vregs.o [5]
?b6                     0x000006          Data  Gb  vregs.o [5]
?b7                     0x000007          Data  Gb  vregs.o [5]
?b8                     0x000008          Data  Gb  vregs.o [5]
?b9                     0x000009          Data  Gb  vregs.o [5]
?dc32_l0                0x0162b8          Code  Gb  dc_util.o [5]
?dc32_l1                0x0162e4          Code  Gb  dc_util.o [5]
?e0                     0x000001          Data  Gb  vregs.o [5]
?e1                     0x000005          Data  Gb  vregs.o [5]
?e2                     0x000009          Data  Gb  vregs.o [5]
?e3                     0x00000d          Data  Gb  vregs.o [5]
?epilogue_l2            0x013c39          Code  Gb  vreg_util.o [5]
?epilogue_l2_l3         0x013c35          Code  Gb  vreg_util.o [5]
?epilogue_l2_w6         0x013c3e          Code  Gb  vreg_util.o [5]
?epilogue_w4            0x013c47          Code  Gb  vreg_util.o [5]
?l0                     0x000000          Data  Gb  vregs.o [5]
?l1                     0x000004          Data  Gb  vregs.o [5]
?l2                     0x000008          Data  Gb  vregs.o [5]
?l3                     0x00000c          Data  Gb  vregs.o [5]
?load24_e1_0x           0x00b712          Code  Gb  far_util.o [5]
?load32_0x_l0           0x01607d          Code  Gb  long_util.o [5]
?load32_l0_0x           0x016041          Code  Gb  long_util.o [5]
?load32_l0_asp          0x016035          Code  Gb  long_util.o [5]
?load32_l0_dbsp         0x016027          Code  Gb  long_util.o [5]
?load32_l0_xsp          0x016037          Code  Gb  long_util.o [5]
?load32_l1_0x           0x016067          Code  Gb  long_util.o [5]
?load32_l1_asp          0x01605b          Code  Gb  long_util.o [5]
?load32_l1_dbsp         0x01604d          Code  Gb  long_util.o [5]
?load32_l1_xsp          0x01605d          Code  Gb  long_util.o [5]
?load32_xsp_l0          0x016073          Code  Gb  long_util.o [5]
?longfarg16_v_w0_a      0x00b307          Code  Gb  move.o [5]
?longfarg16_v_w0_x      0x00b309          Code  Gb  move.o [5]
?mov_e0_e1              0x013c64          Code  Gb  vreg_util.o [5]
?mov_e0_e2              0x013c71          Code  Gb  vreg_util.o [5]
?mov_e0_e3              0x013c7e          Code  Gb  vreg_util.o [5]
?mov_e1_e0              0x013c8b          Code  Gb  vreg_util.o [5]
?mov_e1_e2              0x013c98          Code  Gb  vreg_util.o [5]
?mov_e1_e3              0x013ca5          Code  Gb  vreg_util.o [5]
?mov_e2_e0              0x013cb2          Code  Gb  vreg_util.o [5]
?mov_e3_e0              0x013cc6          Code  Gb  vreg_util.o [5]
?mov_e3_e1              0x013cd3          Code  Gb  vreg_util.o [5]
?mov_l0_l1              0x013c61          Code  Gb  vreg_util.o [5]
?mov_l0_l2              0x013c6e          Code  Gb  vreg_util.o [5]
?mov_l0_l3              0x013c7b          Code  Gb  vreg_util.o [5]
?mov_l1_l0              0x013c88          Code  Gb  vreg_util.o [5]
?mov_l1_l2              0x013c95          Code  Gb  vreg_util.o [5]
?mov_l1_l3              0x013ca2          Code  Gb  vreg_util.o [5]
?mov_l2_l0              0x013caf          Code  Gb  vreg_util.o [5]
?mov_l3_l0              0x013cc3          Code  Gb  vreg_util.o [5]
?mov_l3_l1              0x013cd0          Code  Gb  vreg_util.o [5]
?mov_w1_w3              0x013c67          Code  Gb  vreg_util.o [5]
?mov_w1_w4              0x013c4c          Code  Gb  vreg_util.o [5]
?mov_w1_w5              0x013c74          Code  Gb  vreg_util.o [5]
?mov_w1_w7              0x013c81          Code  Gb  vreg_util.o [5]
?mov_w2_w1              0x013c53          Code  Gb  vreg_util.o [5]
?mov_w3_w1              0x013c8e          Code  Gb  vreg_util.o [5]
?mov_w3_w5              0x013c9b          Code  Gb  vreg_util.o [5]
?mov_w3_w7              0x013ca8          Code  Gb  vreg_util.o [5]
?mov_w5_w1              0x013cb5          Code  Gb  vreg_util.o [5]
?mov_w5_w3              0x013cbc          Code  Gb  vreg_util.o [5]
?mov_w6_w0              0x013c5a          Code  Gb  vreg_util.o [5]
?mov_w7_w1              0x013cc9          Code  Gb  vreg_util.o [5]
?mov_w7_w3              0x013cd6          Code  Gb  vreg_util.o [5]
?move1616_v_x_y_a       0x00b2fa          Code  Gb  move.o [5]
?mul16_x_x_w0           0x00abcf          Code  Gb  short.o [5]
?mul32_l0_l0_l1         0x01318f          Code  Gb  long.o [5]
?or32_l0_l0_0x          0x0132b3          Code  Gb  long.o [5]
?or32_l0_l0_l1          0x0132b0          Code  Gb  long.o [5]
?pop_l0                 0x013bfd          Code  Gb  vreg_util.o [5]
?pop_l1                 0x013c08          Code  Gb  vreg_util.o [5]
?pop_l2                 0x013c13          Code  Gb  vreg_util.o [5]
?pop_l3                 0x013c1e          Code  Gb  vreg_util.o [5]
?pop_w4                 0x013ba7          Code  Gb  vreg_util.o [5]
?pop_w5                 0x013bae          Code  Gb  vreg_util.o [5]
?pop_w6                 0x013bb5          Code  Gb  vreg_util.o [5]
?push_l0                0x013bc8          Code  Gb  vreg_util.o [5]
?push_l1                0x013bcd          Code  Gb  vreg_util.o [5]
?push_l2                0x013bd2          Code  Gb  vreg_util.o [5]
?push_l3                0x013bd7          Code  Gb  vreg_util.o [5]
?push_w4                0x013b81          Code  Gb  vreg_util.o [5]
?push_w5                0x013b86          Code  Gb  vreg_util.o [5]
?push_w6                0x013b8b          Code  Gb  vreg_util.o [5]
?sext16_x_a             0x00ac0c          Code  Gb  short.o [5]
?sext32_l0_x            0x0132ed          Code  Gb  long.o [5]
?sll16_x_x_4            0x00ac07          Code  Gb  short.o [5]
?sll16_x_x_5            0x00ac06          Code  Gb  short.o [5]
?sll16_x_x_6            0x00ac05          Code  Gb  short.o [5]
?sll16_x_x_a            0x00abfd          Code  Gb  short.o [5]
?sll32_0x_0x_a          0x0132ce          Code  Gb  long.o [5]
?sll32_l0_l0_a          0x0132cb          Code  Gb  long.o [5]
?smod16_y_x_y           0x00abed          Code  Gb  short.o [5]
?srl32_0x_0x_a          0x0132df          Code  Gb  long.o [5]
?srl32_l0_l0_a          0x0132dc          Code  Gb  long.o [5]
?srl8_a_a_5             0x00b805          Code  Gb  char.o [5]
?srl8_a_a_6             0x00b804          Code  Gb  char.o [5]
?sub32_l0_l0_0x         0x013177          Code  Gb  long.o [5]
?sub32_l0_l0_l1         0x013174          Code  Gb  long.o [5]
?ucmp32_c_l0_l1         0x01328a          Code  Gb  long.o [5]
?udiv32_l0_dl_l1        0x013213          Code  Gb  long.o [5]
?udiv32_l0_l0_dl        0x013219          Code  Gb  long.o [5]
?udiv32_l0_l0_l1        0x01321d          Code  Gb  long.o [5]
?umod32_l1_l0_dl        0x01320d          Code  Gb  long.o [5]
?umod32_l1_l0_l1        0x01321d          Code  Gb  long.o [5]
?w0                     0x000000          Data  Gb  vregs.o [5]
?w1                     0x000002          Data  Gb  vregs.o [5]
?w2                     0x000004          Data  Gb  vregs.o [5]
?w3                     0x000006          Data  Gb  vregs.o [5]
?w4                     0x000008          Data  Gb  vregs.o [5]
?w5                     0x00000a          Data  Gb  vregs.o [5]
?w6                     0x00000c          Data  Gb  vregs.o [5]
?w7                     0x00000e          Data  Gb  vregs.o [5]
ADC2_Cmd                0x00b754     0xd  Code  Gb  stm8s_adc2.o [1]
ADC2_ConversionConfig   0x00af93    0x2f  Code  Gb  stm8s_adc2.o [1]
ADC2_ExternalTriggerConfig
                        0x00b40c    0x21  Code  Gb  stm8s_adc2.o [1]
ADC2_GetConversionValue
                        0x016412    0x54  Code  Gb  stm8s_adc2.o [1]
ADC2_IRQHandler         0x00b87d     0x1  Code  Gb  stm8s_it.o [1]
ADC2_Init               0x00af05    0x30  Code  Gb  stm8s_adc2.o [1]
ADC2_PrescalerConfig    0x00b672    0x13  Code  Gb  stm8s_adc2.o [1]
ADC2_SchmittTriggerConfig
                        0x015bbf    0x82  Code  Gb  stm8s_adc2.o [1]
ADC2_StartConversion    0x00b810     0x5  Code  Gb  stm8s_adc2.o [1]
ADC_Init                0x00b343    0x22  Code  Gb  ADC.o [1]
AF_Mute_Init            0x00b72d     0xd  Code  Gb  McuConfig.o [1]
AUDIO_IOAFMUT           0x00b567    0x19  Code  Gb  McuConfig.o [1]
AUDIO_IOAFPOW           0x00b580    0x19  Code  Gb  McuConfig.o [1]
AWU_IRQHandler          0x00b86d     0x1  Code  Gb  stm8s_it.o [1]
AkeyvolumeCount         0x000035     0x1  Data  Gb  ApiKeyboard.o [1]
AlarmCount              0x000050     0x1  Data  Gb  Task.o [1]
ApGpsCmd_10msRenew      0x00b3a9    0x21  Code  Gb  ApiGpsCmd.o [1]
ApiAtCmd_100msRenew     0x012b39    0x81  Code  Gb  ApiAtCmd.o [1]
ApiAtCmd_10msRenew      0x015334    0xb4  Code  Gb  ApiAtCmd.o [1]
ApiAtCmd_GetGroupName   0x00b6ab    0x12  Code  Gb  ApiPocCmd.o [1]
ApiAtCmd_GetGroupNameLen
                        0x00b64c    0x13  Code  Gb  ApiPocCmd.o [1]
ApiAtCmd_GetGroupNum    0x00b828     0x4  Code  Gb  ApiPocCmd.o [1]
ApiAtCmd_GetLoginState  0x00b7ef     0x7  Code  Gb  ApiPocCmd.o [1]
ApiAtCmd_GetMainGroupId
                        0x00b830     0x4  Code  Gb  ApiPocCmd.o [1]
ApiAtCmd_GetMainUserId  0x00b834     0x4  Code  Gb  ApiPocCmd.o [1]
ApiAtCmd_GetMainWorkName
                        0x00b824     0x4  Code  Gb  ApiPocCmd.o [1]
ApiAtCmd_GetUserName    0x00b6bd    0x12  Code  Gb  ApiPocCmd.o [1]
ApiAtCmd_GetUserNameLen
                        0x00b65f    0x13  Code  Gb  ApiPocCmd.o [1]
ApiAtCmd_GetUserNum     0x00b82c     0x4  Code  Gb  ApiPocCmd.o [1]
ApiAtCmd_PlayVoice      0x015cc1    0x73  Code  Gb  ApiAtCmd.o [1]
ApiAtCmd_WritCommand    0x012974   0x178  Code  Gb  ApiAtCmd.o [1]
ApiAtCmd_tcp_state      0x00b7d3     0xa  Code  Gb  ApiAtCmd.o [1]
ApiCaretCmd_10msRenew   0x0145af   0x11d  Code  Gb  ApiAtCmd.o [1]
ApiGpsCmd_100msRenew    0x0110ba   0x1c4  Code  Gb  ApiGpsCmd.o [1]
ApiGpsCmd_PowerOnInitial
                        0x0149d9    0xff  Code  Gb  ApiGpsCmd.o [1]
ApiPocCmd_10msRenew     0x0116b0   0x36d  Code  Gb  ApiPocCmd.o [1]
ApiPocCmd_WritCommand   0x0138c2   0x163  Code  Gb  ApiPocCmd.o [1]
ApiPocCmd_user_info_set
                        0x014f5d    0xd8  Code  Gb  ApiPocCmd.o [1]
AtCmdDrvobj             0x00129d    0x69  Data  Lc  ApiAtCmd.o [1]
AtCmd_NetParamCode      0x012aec    0x4d  Code  Lc  ApiAtCmd.o [1]
AtNotify_Queue          0x01009a    0x4d  Code  Lc  DrvGD83.o [1]
AtNotify_Queue_Start    0x0100e7    0x56  Code  Lc  DrvGD83.o [1]
BEEP_Interrupt10ms      0x00b4c9    0x1c  Code  Gb  Beep.o [1]
BEEP_PowerOnInitial     0x011c59    0xd3  Code  Gb  Beep.o [1]
BEEP_SetOutput          0x011a1d   0x23c  Code  Gb  Beep.o [1]
BEEP_Time               0x00ad8d    0x38  Code  Gb  Beep.o [1]
BeepDrvObj              0x0013ee    0x12  Data  Lc  Beep.o [1]
BitTab                  0x00a905     0x8  Data  Gb  ApiDisplay.o [1]
BootProcess_PPPCFG_Flag
                        0x00143c     0x1  Data  Gb  ApiAtCmd.o [1]
BootProcess_PPPCFG_Flag_Zanshi
                        0x000010     0x1  Data  Gb  ApiAtCmd.o [1]
BootProcess_SIMST_Flag  0x00143b     0x1  Data  Gb  ApiAtCmd.o [1]
CHAR_HIGH               0x00a769    0x10  Data  Gb  ApiDisplay.o [1]
CHAR_WIDTH              0x00a779    0x10  Data  Gb  ApiDisplay.o [1]
CLK_ClockSwitchConfig   0x0155ea    0xa2  Code  Gb  stm8s_clk.o [1]
CLK_GetClockFreq        0x016260    0x58  Code  Gb  stm8s_clk.o [1]
CLK_HSIPrescalerConfig  0x00b685    0x13  Code  Gb  stm8s_clk.o [1]
CLK_IRQHandler          0x00b86e     0x1  Code  Gb  stm8s_it.o [1]
COMLHexArray2String     0x015fc3    0x64  Code  Lc  ApiGpsCmd.o [1]
COML_AscToHex           0x014ad8    0xfa  Code  Gb  CommonLib.o [1]
COML_HexToAsc2          0x015857    0x96  Code  Gb  CommonLib.o [1]
COML_StringReverse      0x01614c    0x5e  Code  Gb  CommonLib.o [1]
CSQ_Flag                0x00143e     0x1  Data  Gb  ApiAtCmd.o [1]
CSTACK$$Base            0x001700           --   Gb  - Linker created -
CSTACK$$Limit           0x001800           --   Gb  - Linker created -
C_TEST_OUT_SET          0x00b747     0xd  Code  Gb  McuConfig.o [1]
CaretNotify_Queue       0x010000    0x4d  Code  Lc  DrvGD83.o [1]
CaretNotify_Queue_Start
                        0x010193    0x56  Code  Lc  DrvGD83.o [1]
CharCode                0x001436     0x2  Data  Gb  ApiDisplay.o [1]
DEL_100msProcess        0x013af8    0x50  Code  Lc  Delay.o [1]
DEL_10msProcess         0x013b48    0x1d  Code  Lc  Delay.o [1]
DEL_1msProcess          0x013b65     0xc  Code  Lc  Delay.o [1]
DEL_500msProcess        0x013a25    0xd3  Code  Lc  Delay.o [1]
DEL_500ms_Count         0x00145e     0x1  Data  Gb  Delay.o [1]
DEL_GetTimer            0x0163bd    0x55  Code  Gb  Delay.o [1]
DEL_Interrupt           0x015547    0xa3  Code  Gb  Delay.o [1]
DEL_PowerOnInitial      0x00b3eb    0x21  Code  Gb  Delay.o [1]
DEL_Renew               0x013b71    0x10  Code  Gb  Delay.o [1]
DEL_SetTimer            0x015d34    0x73  Code  Gb  Delay.o [1]
DEL_Soft1ms             0x00b4e5    0x1c  Code  Gb  Delay.o [1]
DEL_TimerRenew          0x00b128    0x29  Code  Lc  Delay.o [1]
DISP_DataBuf            0x015035    0xc8  Code  Lc  ApiDisplay.o [1]
DISP_MulTypePro         0x0151be    0xc0  Code  Lc  ApiDisplay.o [1]
DISP_MulTypePro2        0x014e84    0xd9  Code  Lc  ApiDisplay.o [1]
Dec2Hex                 0x0165a8    0x4e  Code  Gb  CommonLib.o [1]
DefaultSystemClockForHSI
                        0x00b46e    0x1f  Code  Gb  sysclock.o [1]
DelDrvObj               0x001421     0xb  Data  Lc  Delay.o [1]
Delay_100ms             0x00ac99    0x40  Code  Gb  Task.o [1]
DisDataBit              0x00139a    0x40  Data  Gb  ApiDisplay.o [1]
DisDataBuf              0x000ecc   0x200  Data  Gb  ApiDisplay.o [1]
DrvGD83DrvObj           0x000c42   0x28a  Data  Lc  DrvGD83.o [1]
DrvGD83_UART_TxCommand  0x015c41    0x80  Code  Gb  DrvGD83.o [1]
DrvMC8332_AtNotify_Queue_front
                        0x016640    0x4a  Code  Gb  DrvGD83.o [1]
DrvMC8332_CaretNotify_Queue_front
                        0x0165f6    0x4a  Code  Gb  DrvGD83.o [1]
DrvMC8332_GpsNotify_Queue_front
                        0x00a9d5    0x4a  Code  Gb  DrvGD83.o [1]
DrvMC8332_PocNotify_Queue_front
                        0x00a98b    0x4a  Code  Gb  DrvGD83.o [1]
DrvMC8332_Software_Initial
                        0x00ad17    0x3d  Code  Gb  DrvGD83.o [1]
DrvMC8332_TxPort_SetValidable
                        0x00b0a6    0x2c  Code  Gb  DrvGD83.o [1]
DrvMC8332_UART_Interrupt
                        0x010458   0x3cb  Code  Gb  DrvGD83.o [1]
DrvMc8332_UART_TxTail   0x014bd2    0xeb  Code  Gb  DrvGD83.o [1]
EEPROM_EEC_IRQHandler   0x00b87f     0x1  Code  Gb  stm8s_it.o [1]
EXTI_PORTA_IRQHandler   0x00b86f     0x1  Code  Gb  stm8s_it.o [1]
EXTI_PORTB_IRQHandler   0x00b870     0x1  Code  Gb  stm8s_it.o [1]
EXTI_PORTC_IRQHandler   0x00b871     0x1  Code  Gb  stm8s_it.o [1]
EXTI_PORTD_IRQHandler   0x00b872     0x1  Code  Gb  stm8s_it.o [1]
EXTI_PORTE_IRQHandler   0x00b873     0x1  Code  Gb  stm8s_it.o [1]
FILE_Read               0x00aab0    0x48  Code  Gb  Flash_eeprom.o [1]
FILE_Write              0x00aa68    0x48  Code  Gb  Flash_eeprom.o [1]
FLASH_EraseOptionByte   0x00b17a    0x28  Code  Gb  stm8s_flash.o [1]
FLASH_GetFlagStatus     0x00b638    0x14  Code  Gb  stm8s_flash.o [1]
FLASH_Lock              0x00b7f6     0x7  Code  Gb  stm8s_flash.o [1]
FLASH_ProgramByte       0x00b815     0x5  Code  Gb  stm8s_flash.o [1]
FLASH_ProgramOptionByte
                        0x00b2b0    0x25  Code  Gb  stm8s_flash.o [1]
FLASH_ReadByte          0x00b81a     0x5  Code  Gb  stm8s_flash.o [1]
FLASH_Unlock            0x00b60c    0x16  Code  Gb  stm8s_flash.o [1]
FLASH_WaitForLastOperation
                        0x00adfd    0x36  Code  Gb  stm8s_flash.o [1]
GB2312_16_GetData       0x012723   0x251  Code  Gb  GT20L16P1Y.o [3]
GPIO_Init               0x015498    0xaf  Code  Gb  stm8s_gpio.o [1]
GPIO_ReadInputPin       0x00b7dd     0x9  Code  Gb  stm8s_gpio.o [1]
GPIO_WriteHigh          0x00b7fd     0x7  Code  Gb  stm8s_gpio.o [1]
GPIO_WriteLow           0x00b83c     0x4  Code  Gb  stm8s_gpio.o [1]
GeHuTest                0x00b86a     0x1  Code  Lc  ApiKeyboard.o [1]
GetPersonalCallingMode  0x00b7c8     0xb  Code  Gb  ApiPocCmd.o [1]
GetPointArrayData32     0x00aaf8    0x48  Code  Gb  GT20L16P1Y_D.o [1]
GetTaskId               0x00b850     0x4  Code  Gb  System.o [1]
GpsCmd_GbAnalytical     0x01227c   0x255  Code  Lc  ApiGpsCmd.o [1]
GpsCmd_GbDataTransave   0x011ff9   0x283  Code  Lc  ApiGpsCmd.o [1]
GpsCmd_GbWritCommand    0x010e09   0x2b1  Code  Lc  ApiGpsCmd.o [1]
GpsFunDrvObj            0x0010cc   0x1d1  Data  Lc  ApiGpsCmd.o [1]
GpsNotify_Queue         0x0103db    0x7d  Code  Lc  DrvGD83.o [1]
GpsNotify_Queue_Start   0x0101e9    0x9a  Code  Lc  DrvGD83.o [1]
GroupCallingNum         0x00003c     0x1  Data  Gb  ApiKeyboard.o [1]
HSE_ClockStartUpConfiguration
                        0x00ae33    0x36  Code  Lc  sysclock.o [1]
HSIDivFactor            0x00a97a     0x4  Data  Gb  stm8s_clk.o [1]
HexToChar_GroupCallingNum
                        0x00b44e    0x20  Code  Gb  ApiPocCmd.o [1]
HexToChar_MainGroupId   0x00b3ca    0x21  Code  Gb  ApiPocCmd.o [1]
HexToChar_MainUserId    0x00b365    0x22  Code  Gb  ApiPocCmd.o [1]
HexToChar_PersonalCallingNum
                        0x00b387    0x22  Code  Gb  ApiPocCmd.o [1]
HtgDrvObj               0x001438     0x2  Data  Lc  DrvHTG12832.o [1]
I2C_IRQHandler          0x00b87b     0x1  Code  Gb  stm8s_it.o [1]
INTVEC$$Base            0x008000           --   Gb  - Linker created -
INTVEC$$Limit           0x008080           --   Gb  - Linker created -
ITC_SetSoftwarePriority
                        0x0147d5   0x103  Code  Gb  stm8s_itc.o [1]
Ico_DataBuf             0x009b80   0x400  Data  Gb  ApiDisplay.o [1]
InputGBcode             0x009f80   0x1b0  Data  Gb  GT20L16P1Y_D.o [1]
InputUnicode            0x00a130   0x1b0  Data  Gb  GT20L16P1Y_D.o [1]
KEY_TABLE               0x00a985     0x3  Data  Lc  uart3.o [1]
KeyDownUpChoose_GroupOrUser_Flag
                        0x00143f     0x1  Data  Gb  ApiAtCmd.o [1]
KeyPersonalCallingCount
                        0x001443     0x1  Data  Gb  ApiKeyboard.o [1]
KeyUpDownCount          0x001442     0x1  Data  Gb  ApiKeyboard.o [1]
Key_Flag_0              0x001465     0x1  Data  Gb  Task.o [1]
Key_Flag_1              0x001444     0x1  Data  Gb  ApiKeyboard.o [1]
Key_Init                0x00ae9f    0x34  Code  Gb  McuConfig.o [1]
Key_PersonalCalling_Flag
                        0x001466     0x1  Data  Gb  Task.o [1]
Keyboard_Test           0x010823   0x5e6  Code  Gb  ApiKeyboard.o [1]
LED_Conut               0x001454     0x1  Data  Gb  ApiLED.o [1]
LED_Init                0x00b1f1    0x27  Code  Gb  McuConfig.o [1]
LED_IntOutputRenew      0x0160ec    0x60  Code  Gb  ApiLED.o [1]
LockingState_EnterOK_Flag
                        0x001447     0x1  Data  Gb  ApiKeyboard.o [1]
LockingState_Flag       0x001462     0x1  Data  Gb  Delay.o [1]
LowVoltageDetection     0x0148d8   0x101  Code  Gb  ADC.o [1]
LowVoltageDetection_Flag
                        0x00143a     0x1  Data  Gb  ADC.o [1]
MIC_GPIO_Init           0x00b720     0xd  Code  Gb  McuConfig.o [1]
MIC_IOMUT               0x00b54e    0x19  Code  Gb  McuConfig.o [1]
MenuDisplay             0x013cdd   0x159  Code  Gb  ApiMenu.o [1]
MenuModeCount           0x00003d     0x1  Data  Gb  ApiKeyboard.o [1]
MenuMode_Flag           0x001445     0x1  Data  Gb  ApiKeyboard.o [1]
NoUseNum                0x001464     0x1  Data  Gb  Task.o [1]
Noise_Mute_Init         0x00b73a     0xd  Code  Gb  McuConfig.o [1]
Notify_Queue_Stop       0x010283   0x158  Code  Lc  DrvGD83.o [1]
NumberKeyboardPressDown_flag
                        0x001446     0x1  Data  Gb  ApiKeyboard.o [1]
OneChannelGetADValue    0x00b1ca    0x27  Code  Lc  ADC.o [1]
PAS_NULLTBL             0x00a789    0x10  Data  Lc  uart3.o [1]
POC_AtEnterPersonalCalling_Flag
                        0x001457     0x1  Data  Gb  ApiPocCmd.o [1]
POC_AtQuitPersonalCalling_Flag
                        0x001458     0x1  Data  Gb  ApiPocCmd.o [1]
POC_EnterGroupCalling_Flag
                        0x001459     0x1  Data  Gb  ApiPocCmd.o [1]
POC_EnterPersonalCalling_Flag
                        0x001455     0x1  Data  Gb  ApiPocCmd.o [1]
POC_QuitGroupCalling_Flag
                        0x00145a     0x1  Data  Gb  ApiPocCmd.o [1]
POC_QuitPersonalCalling_Flag
                        0x001456     0x1  Data  Gb  ApiPocCmd.o [1]
POC_Receive86_Flag      0x00145d     0x1  Data  Gb  ApiPocCmd.o [1]
POC_ReceivedVoiceEnd_Flag
                        0x00145c     0x1  Data  Gb  ApiPocCmd.o [1]
POC_ReceivedVoiceStart_Flag
                        0x00145b     0x1  Data  Gb  ApiPocCmd.o [1]
POC_TABLE               0x00a988     0x3  Data  Lc  uart3.o [1]
PasObj                  0x001432     0x4  Data  Lc  uart3.o [1]
PersonalCallingNum      0x001441     0x1  Data  Gb  ApiKeyboard.o [1]
PocCmdDrvobj            0x00006b   0xbd7  Data  Lc  ApiPocCmd.o [1]
PocNotify_Queue         0x01004d    0x4d  Code  Lc  DrvGD83.o [1]
PocNotify_Queue_Start   0x01013d    0x56  Code  Lc  DrvGD83.o [1]
ReadBuffer              0x001306    0x50  Data  Gb  ApiPocCmd.o [1]
ReadByte                0x016310    0x57  Code  Gb  ApiDisplay.o [1]
Region$$Table$$Base     0x00a483           --   Gb  - Linker created -
Region$$Table$$Limit    0x00a497           --   Gb  - Linker created -
SPI_IRQHandler          0x00b874     0x1  Code  Gb  stm8s_it.o [1]
SendByte                0x015b37    0x88  Code  Gb  ApiDisplay.o [1]
SetTaskId               0x00b854     0x4  Code  Gb  System.o [1]
Set_GreenLed            0x00b51c    0x19  Code  Gb  McuConfig.o [1]
Set_RedLed              0x00b535    0x19  Code  Gb  McuConfig.o [1]
SystemClock_Init        0x00b0d2    0x2b  Code  Gb  sysclock.o [1]
TASK_Ptt_StartPersonCalling_Flag
                        0x001467     0x1  Data  Gb  Task.o [1]
TASK_RunLoBattery       0x00b0fd    0x2b  Code  Gb  Task.o [1]
TASK_WriteFreq          0x00b858     0x4  Code  Gb  Task.o [1]
TIM1_CAP_COM_IRQHandler
                        0x00b876     0x1  Code  Gb  stm8s_it.o [1]
TIM1_CCxCmd             0x00ac13    0x43  Code  Gb  stm8s_tim1.o [1]
TIM1_Cmd                0x00b761     0xd  Code  Gb  stm8s_tim1.o [1]
TIM1_CtrlPWMOutputs     0x00b76e     0xd  Code  Gb  stm8s_tim1.o [1]
TIM1_DeInit             0x015727    0x99  Code  Gb  stm8s_tim1.o [1]
TIM1_OC1Init            0x01608b    0x61  Code  Gb  stm8s_tim1.o [1]
TIM1_OC1PreloadConfig   0x00b77b     0xd  Code  Gb  stm8s_tim1.o [1]
TIM1_PWM_Init           0x016367    0x56  Code  Gb  Tone.o [1]
TIM1_TimeBaseInit       0x00b31f    0x24  Code  Gb  stm8s_tim1.o [1]
TIM1_UPD_OVF_TRG_BRK_IRQHandler
                        0x00b875     0x1  Code  Gb  stm8s_it.o [1]
TIM2_CAP_COM_IRQHandler
                        0x00b878     0x1  Code  Gb  stm8s_it.o [1]
TIM2_UPD_OVF_BRK_IRQHandler
                        0x00b877     0x1  Code  Gb  stm8s_it.o [1]
TIM3_ARRPreloadConfig   0x00b795     0xd  Code  Gb  stm8s_tim3.o [1]
TIM3_CAP_COM_IRQHandler
                        0x00b879     0x1  Code  Gb  stm8s_it.o [1]
TIM3_ClearITPendingBit  0x00b81f     0x5  Code  Gb  stm8s_tim3.o [1]
TIM3_Cmd                0x00b788     0xd  Code  Gb  stm8s_tim3.o [1]
TIM3_ITConfig           0x00b698    0x13  Code  Gb  stm8s_tim3.o [1]
TIM3_PrescalerConfig    0x00b7e6     0x9  Code  Gb  stm8s_tim3.o [1]
TIM3_TimeBaseInit       0x00b7bc     0xc  Code  Gb  stm8s_tim3.o [1]
TIM3_UPD_OVF_BRK_IRQHandler
                        0x00b42d    0x21  Code  Gb  stm8s_it.o [1]
TIM4_UPD_OVF_IRQHandler
                        0x00b87e     0x1  Code  Gb  stm8s_it.o [1]
TLI_IRQHandler          0x00b86c     0x1  Code  Gb  stm8s_it.o [1]
TONE_PowerOnInitial     0x015ef4    0x6b  Code  Gb  Tone.o [1]
TONE_Start              0x00b26d    0x1d  Code  Gb  Tone.o [1]
TONE_Stop               0x00b264     0x9  Code  Gb  Tone.o [1]
TRAP_IRQHandler         0x00b86b     0x1  Code  Gb  stm8s_it.o [1]
TaskDrvObj              0x0013da    0x14  Data  Lc  System.o [1]
Task_RunNormalOperation
                        0x01127e   0x432  Code  Gb  Task.o [1]
Task_RunStart           0x012dcb   0x1dc  Code  Gb  Task.o [1]
Test1                   0x001440     0x1  Data  Gb  ApiGpsCmd.o [1]
TestNum1                0x001448     0x1  Data  Gb  ApiKeyboard.o [1]
TestNum10               0x001451     0x1  Data  Gb  ApiKeyboard.o [1]
TestNum11               0x001452     0x1  Data  Gb  ApiKeyboard.o [1]
TestNum12               0x001453     0x1  Data  Gb  ApiKeyboard.o [1]
TestNum2                0x001449     0x1  Data  Gb  ApiKeyboard.o [1]
TestNum3                0x00144a     0x1  Data  Gb  ApiKeyboard.o [1]
TestNum4                0x00144b     0x1  Data  Gb  ApiKeyboard.o [1]
TestNum5                0x00144c     0x1  Data  Gb  ApiKeyboard.o [1]
TestNum6                0x00144d     0x1  Data  Gb  ApiKeyboard.o [1]
TestNum7                0x00144e     0x1  Data  Gb  ApiKeyboard.o [1]
TestNum8                0x00144f     0x1  Data  Gb  ApiKeyboard.o [1]
TestNum9                0x001450     0x1  Data  Gb  ApiKeyboard.o [1]
Tim3_Timer_Init         0x00b151    0x29  Code  Gb  McuConfig.o [1]
TimeCount               0x00145f     0x1  Data  Gb  Delay.o [1]
TimeCount2              0x001460     0x1  Data  Gb  Delay.o [1]
TimeCount3              0x001461     0x1  Data  Gb  Delay.o [1]
ToneDrvObj              0x001400    0x12  Data  Lc  Tone.o [1]
UART1_Cmd               0x00b7a2     0xd  Code  Gb  stm8s_uart1.o [1]
UART1_DeInit            0x00b079    0x2d  Code  Gb  stm8s_uart1.o [1]
UART1_GetFlagStatus     0x00aed3    0x32  Code  Gb  stm8s_uart1.o [1]
UART1_GetITStatus       0x015a18    0x92  Code  Gb  stm8s_uart1.o [1]
UART1_ITConfig          0x015e87    0x6d  Code  Gb  stm8s_uart1.o [1]
UART1_Init              0x013e36   0x159  Code  Gb  stm8s_uart1.o [1]
UART1_RX_IRQHandler     0x00b23e    0x26  Code  Gb  stm8s_it.o [1]
UART1_ReceiveData8      0x00b840     0x4  Code  Gb  stm8s_uart1.o [1]
UART1_SendData8         0x00b844     0x4  Code  Gb  stm8s_uart1.o [1]
UART1_TX_IRQHandler     0x00b87a     0x1  Code  Gb  stm8s_it.o [1]
UART3_Cmd               0x00b7af     0xd  Code  Gb  stm8s_uart3.o [1]
UART3_DeInit            0x00b2d5    0x25  Code  Gb  stm8s_uart3.o [1]
UART3_GetFlagStatus     0x00aa1f    0x49  Code  Gb  stm8s_uart3.o [1]
UART3_GetITStatus       0x01527e    0xb6  Code  Gb  stm8s_uart3.o [1]
UART3_ITConfig          0x015aaa    0x8d  Code  Gb  stm8s_uart3.o [1]
UART3_Init              0x014485   0x12a  Code  Gb  stm8s_uart3.o [1]
UART3_Interrupt         0x00b5c7    0x17  Code  Gb  uart3.o [1]
UART3_RX_IRQHandler     0x00b501    0x1b  Code  Gb  stm8s_it.o [1]
UART3_ReceiveData8      0x00b848     0x4  Code  Gb  stm8s_uart3.o [1]
UART3_SendByte          0x00b6f3    0x10  Code  Gb  uart3.o [1]
UART3_SendData8         0x00b84c     0x4  Code  Gb  stm8s_uart3.o [1]
UART3_TX_IRQHandler     0x00b87c     0x1  Code  Gb  stm8s_it.o [1]
UART3_ToMcuMain         0x00ac56    0x43  Code  Gb  uart3.o [1]
UART_Delay              0x00b6cf    0x12  Code  Lc  uart3.o [1]
UART_ErrorAck           0x016592    0x16  Code  Lc  uart3.o [1]
UART_GetCheckSum        0x015983    0x2e  Code  Lc  uart3.o [1]
UART_KeyCommand         0x0146cc   0x109  Code  Lc  uart3.o [1]
UART_Link               0x0159b1    0x67  Code  Lc  uart3.o [1]
UART_PasCommand         0x012fa7   0x1b2  Code  Lc  uart3.o [1]
UART_PocCommand         0x016466    0x52  Code  Lc  uart3.o [1]
UART_RightAck           0x015e19    0x6e  Code  Lc  uart3.o [1]
UART_RxFrame            0x0164b8    0x52  Code  Lc  uart3.o [1]
UART_TxSend             0x016559    0x39  Code  Lc  uart3.o [1]
UART_WriteCommand       0x0150fd    0xc1  Code  Lc  uart3.o [1]
UNICODE_16_GetData      0x0132f8   0x185  Code  Gb  GT20L16P1Y.o [3]
Uart1_Init              0x00b01e    0x2e  Code  Gb  McuConfig.o [1]
Uart3_Init              0x00ad54    0x39  Code  Gb  uart3.o [1]
UartDrvObj              0x001356    0x44  Data  Lc  uart3.o [1]
UnicodeForGbk_MainWorkName
                        0x01347d   0x173  Code  Gb  ApiPocCmd.o [1]
UnicodeForGbk_MainWorkNameBuf
                        0x001412     0xf  Data  Gb  ApiPocCmd.o [1]
UnicodeGetPointArrayData32
                        0x00ab40    0x48  Code  Gb  GT20L16P1Y_D.o [1]
UnicodeValueSearch      0x00b218    0x26  Code  Gb  GT20L16P1Y_D.o [1]
VOICE_1sProcess         0x00b703     0xf  Code  Gb  Voice.o [1]
VOICE_Renew             0x01568c    0x71  Code  Gb  Voice.o [1]
VOICE_SetOutput         0x0156fd    0x2a  Code  Gb  Voice.o [1]
ValueSearch             0x0161aa    0x5c  Code  Gb  GT20L16P1Y_D.o [1]
VerifyData              0x008080  0x1b00  Data  Gb  GT20L16P1Y_D.o [1]
VoiceDrvObj             0x00142c     0x6  Data  Lc  Voice.o [1]
VoiceEnd_Flag           0x00143d     0x1  Data  Gb  ApiAtCmd.o [1]
WRITE_TABLE             0x00a97e     0x4  Data  Lc  uart3.o [1]
WW_GetData              0x011d2c   0x2cd  Code  Gb  GT20L16P1Y.o [3]
WriteEEPROMByte         0x00acd9    0x3e  Code  Gb  Flash_eeprom.o [1]
__DebugBreak            0x00b880     0x1  Code  Gb  __dbg_break.o [4]
__exit                  0x00b622    0x16  Code  Gb  __dbg_xxexit.o [4]
__iar_copy_init2        0x00b1a2          Code  Gb  init_small.o [5]
__iar_data_init2        0x00b48d    0x1e  Code  Gb  init.o [5]
__iar_program_start     0x00b5de          Code  Gb  cstartup.o [5]
__iar_unhandled_exception
                        0x00b867          Code  Gb  unhandled_exception.o [5]
__iar_zero_init2        0x00b4ab          Code  Gb  init_small.o [5]
__intvec                0x008000          Data  Gb  interrupt.o [5]
__low_level_init        0x00b864     0x3  Code  Gb  low_level_init.o [5]
_exit                   0x00b80a          Code  Gb  cexit.o [5]
_interrupt_1            0x00b86b          Code  Gb  stm8s_it.o [1]
_interrupt_12           0x00b874          Code  Gb  stm8s_it.o [1]
_interrupt_13           0x00b875          Code  Gb  stm8s_it.o [1]
_interrupt_14           0x00b876          Code  Gb  stm8s_it.o [1]
_interrupt_15           0x00b877          Code  Gb  stm8s_it.o [1]
_interrupt_16           0x00b878          Code  Gb  stm8s_it.o [1]
_interrupt_17           0x00b42d          Code  Gb  stm8s_it.o [1]
_interrupt_18           0x00b879          Code  Gb  stm8s_it.o [1]
_interrupt_19           0x00b87a          Code  Gb  stm8s_it.o [1]
_interrupt_2            0x00b86c          Code  Gb  stm8s_it.o [1]
_interrupt_20           0x00b23e          Code  Gb  stm8s_it.o [1]
_interrupt_21           0x00b87b          Code  Gb  stm8s_it.o [1]
_interrupt_22           0x00b87c          Code  Gb  stm8s_it.o [1]
_interrupt_23           0x00b501          Code  Gb  stm8s_it.o [1]
_interrupt_24           0x00b87d          Code  Gb  stm8s_it.o [1]
_interrupt_25           0x00b87e          Code  Gb  stm8s_it.o [1]
_interrupt_26           0x00b87f          Code  Gb  stm8s_it.o [1]
_interrupt_3            0x00b86d          Code  Gb  stm8s_it.o [1]
_interrupt_4            0x00b86e          Code  Gb  stm8s_it.o [1]
_interrupt_5            0x00b86f          Code  Gb  stm8s_it.o [1]
_interrupt_6            0x00b870          Code  Gb  stm8s_it.o [1]
_interrupt_7            0x00b871          Code  Gb  stm8s_it.o [1]
_interrupt_8            0x00b872          Code  Gb  stm8s_it.o [1]
_interrupt_9            0x00b873          Code  Gb  stm8s_it.o [1]
api_diap_ico_pos_get    0x016206    0x5a  Code  Gb  ApiDisplay.o [1]
api_disp_all_screen_refresh
                        0x01650a    0x4f  Code  Gb  ApiDisplay.o [1]
api_disp_char_output    0x00b599    0x17  Code  Gb  ApiDisplay.o [1]
api_disp_char_output2   0x00b5b0    0x17  Code  Gb  ApiDisplay.o [1]
api_disp_ico_output     0x0153e8    0xb0  Code  Gb  ApiDisplay.o [1]
api_disp_icoid_output   0x0157c0    0x97  Code  Gb  ApiDisplay.o [1]
api_lcd_pwr_on_hint     0x00afc2    0x2e  Code  Gb  ApiDisplay.o [1]
api_lcd_pwr_on_hint2    0x00af35    0x2f  Code  Gb  ApiDisplay.o [1]
api_lcd_pwr_on_hint3    0x00b04c    0x2d  Code  Gb  ApiDisplay.o [1]
api_lcd_pwr_on_hint4    0x00af64    0x2f  Code  Gb  ApiDisplay.o [1]
api_lcd_pwr_on_hint5    0x00aff0    0x2e  Code  Gb  ApiDisplay.o [1]
api_poc_command_set     0x014da2    0xe2  Code  Gb  uart3.o [1]
drv_gt20_data_output    0x014351   0x134  Code  Gb  DrvGT20L16S1Y.o [1]
drv_gt20_data_output2   0x014216   0x13b  Code  Gb  DrvGT20L16S1Y.o [1]
drv_gt20_pwr_on_init    0x00adf9     0x4  Code  Gb  DrvGT20L16S1Y.o [1]
drv_htg_clr_allscr      0x01260a    0x35  Code  Gb  DrvHTG12832.o [1]
drv_htg_pwr_on_init     0x012717     0xc  Code  Gb  DrvHTG12832.o [1]
drv_htg_reset           0x0124d1     0x5  Code  Gb  DrvHTG12832.o [1]
drv_htg_set_address     0x012550    0x40  Code  Gb  DrvHTG12832.o [1]
drv_htg_write_command   0x0124d6    0x7a  Code  Gb  DrvHTG12832.o [1]
drv_htg_write_data      0x012590    0x7a  Code  Gb  DrvHTG12832.o [1]
drv_keypad_scan         0x012bba   0x211  Code  Gb  DrvKeyboard.o [1]
exit                    0x00b860     0x4  Code  Gb  exit.o [5]
find_zf_tab             0x00ab88    0x47  Code  Gb  GT20L16P1Y.o [3]
get_key_value           0x014cbd    0xe5  Code  Gb  ApiKeyboard.o [1]
htg_delay_ms            0x01263f    0x1e  Code  Lc  DrvHTG12832.o [1]
htg_initial             0x01265d    0x6c  Code  Lc  DrvHTG12832.o [1]
key_scan_board          0x0140d7   0x13f  Code  Gb  DrvKeyboard.o [1]
main                    0x00b838     0x4  Code  Gb  main.o [1]
main_app                0x0135f0   0x16d  Code  Gb  System.o [1]
mcu_gt20_initial        0x00adc5    0x34  Code  Lc  DrvGT20L16S1Y.o [1]
mcu_key_pad_out         0x0158ed    0x96  Code  Gb  DrvKeyboard.o [1]
mcu_key_pad_read        0x015da7    0x72  Code  Gb  DrvKeyboard.o [1]
mcu_key_pad_set         0x013f8f   0x148  Code  Gb  DrvKeyboard.o [1]
mcu_lcd_initial         0x0126c9    0x4e  Code  Lc  DrvHTG12832.o [1]
memcmp                  0x00ae69    0x36  Code  Gb  memcmp.o [5]
memcpy                  0x00b28a    0x26  Code  Gb  memcpy.o [5]
memset                  0x00b5f5    0x17  Code  Gb  memset.o [5]
pack_data               0x01375d   0x165  Code  Lc  ApiGpsCmd.o [1]
r_dat_bat               0x015f5f    0x64  Code  Gb  ApiDisplay.o [1]
strlen                  0x00b6e1    0x12  Code  Gb  strlen.o [5]
ucAtPocHead             0x00003e     0x2  Data  Gb  ApiPocCmd.o [1]
ucCLVL                  0x000057     0x2  Data  Gb  Task.o [1]
ucCODECCTL              0x00005b     0x2  Data  Gb  Task.o [1]
ucCSQ                   0x000063     0x2  Data  Gb  Task.o [1]
ucCaretPPPCFG           0x00001d     0x2  Data  Gb  ApiAtCmd.o [1]
ucCheckCard             0x000033     0x2  Data  Gb  ApiAtCmd.o [1]
ucCheckPPP              0x00002b     0x2  Data  Gb  ApiAtCmd.o [1]
ucCheckRssi             0x000031     0x2  Data  Gb  ApiAtCmd.o [1]
ucCheckTcp              0x000021     0x2  Data  Gb  ApiAtCmd.o [1]
ucEndPTT                0x000053     0x2  Data  Gb  Task.o [1]
ucGD83Reset             0x00004a     0x2  Data  Gb  System.o [1]
ucGPSSendToAtPort       0x00004c     0x2  Data  Gb  System.o [1]
ucGPSUploadTime_5s      0x00004e     0x2  Data  Gb  System.o [1]
ucOSSYSHWID             0x00005d     0x2  Data  Gb  Task.o [1]
ucPPPCFG                0x000065     0x2  Data  Gb  Task.o [1]
ucPlayZtts              0x00001f     0x2  Data  Gb  ApiAtCmd.o [1]
ucPocOpenConfig         0x000069     0x2  Data  Gb  Task.o [1]
ucPrefmode2             0x00005f     0x2  Data  Gb  Task.o [1]
ucPrefmode4             0x000061     0x2  Data  Gb  Task.o [1]
ucQuitPersonalCalling   0x00003a     0x2  Data  Gb  ApiKeyboard.o [1]
ucRequestUserListInfo   0x000055     0x2  Data  Gb  Task.o [1]
ucRxCSQ31               0x000015     0x2  Data  Gb  ApiAtCmd.o [1]
ucRxCSQ99               0x000017     0x2  Data  Gb  ApiAtCmd.o [1]
ucRxCheckCard           0x000011     0x2  Data  Gb  ApiAtCmd.o [1]
ucRxCheckPppClose       0x00002f     0x2  Data  Gb  ApiAtCmd.o [1]
ucRxCheckPppOpen        0x00002d     0x2  Data  Gb  ApiAtCmd.o [1]
ucRxCheckTcp            0x000027     0x2  Data  Gb  ApiAtCmd.o [1]
ucRxOkHeadInfo          0x000046     0x2  Data  Gb  DrvGD83.o [1]
ucRxPocHeadInfo         0x000044     0x2  Data  Gb  DrvGD83.o [1]
ucRxTcpDataHeadInfo     0x000048     0x2  Data  Gb  DrvGD83.o [1]
ucRxZTTS0               0x000013     0x2  Data  Gb  ApiAtCmd.o [1]
ucSIMST1                0x000019     0x2  Data  Gb  ApiAtCmd.o [1]
ucSIMST255              0x00001b     0x2  Data  Gb  ApiAtCmd.o [1]
ucSendTcp               0x000025     0x2  Data  Gb  ApiAtCmd.o [1]
ucSetIPAndID            0x000040     0x2  Data  Gb  ApiPocCmd.o [1]
ucSetIp                 0x000023     0x2  Data  Gb  ApiAtCmd.o [1]
ucStartPTT              0x000051     0x2  Data  Gb  Task.o [1]
ucTxPocHeadInfo         0x000042     0x2  Data  Gb  DrvGD83.o [1]
ucVGR                   0x000059     0x2  Data  Gb  Task.o [1]
ucVGR1                  0x000036     0x2  Data  Gb  ApiKeyboard.o [1]
ucVGR7                  0x000038     0x2  Data  Gb  ApiKeyboard.o [1]
ucZTTS_Abell            0x000067     0x2  Data  Gb  Task.o [1]
ucZpppOpen              0x000029     0x2  Data  Gb  ApiAtCmd.o [1]
x                       0x001468     0x1  Data  Gb  Task.o [1]


[1] = E:\1-source\A508\PRJ\Debug\Obj
[2] = command line
[3] = GT20L16_STM8_DOUBLE_MEDIUM_IAR.a
[4] = dbgstm8mmd.a
[5] = dlstm8mmn.a

  30 080 bytes of readonly  code memory
  10 635 bytes of readonly  data memory
   5 481 bytes of readwrite data memory

Errors: none
Warnings: none
