###############################################################################
#
# IAR ELF Linker V2.20.1.176 for STM8                     22/Nov/2017  13:44:30
# Copyright 2010-2015 IAR Systems AB.
#
#    Output file  =  E:\1-source\A508\PRJ\Debug\Exe\A508_DEMO1.out
#    Map file     =  E:\1-source\A508\PRJ\Debug\List\A508_DEMO1.map
#    Command line =  
#        E:\1-source\A508\PRJ\Debug\Obj\ApiAtCmd.o
#        E:\1-source\A508\PRJ\Debug\Obj\ApiDisplay.o
#        E:\1-source\A508\PRJ\Debug\Obj\ApiKeyboard.o
#        E:\1-source\A508\PRJ\Debug\Obj\ApiPocCmd.o
#        E:\1-source\A508\PRJ\Debug\Obj\Beep.o
#        E:\1-source\A508\PRJ\Debug\Obj\CommonLib.o
#        E:\1-source\A508\PRJ\Debug\Obj\Delay.o
#        E:\1-source\A508\PRJ\Debug\Obj\DrvGD83.o
#        E:\1-source\A508\PRJ\Debug\Obj\DrvGT20L16S1Y.o
#        E:\1-source\A508\PRJ\Debug\Obj\DrvHTG12832.o
#        E:\1-source\A508\PRJ\Debug\Obj\DrvKeyboard.o
#        E:\1-source\A508\PRJ\Debug\Obj\main.o
#        E:\1-source\A508\PRJ\Debug\Obj\McuConfig.o
#        E:\1-source\A508\PRJ\Debug\Obj\stm8s_adc2.o
#        E:\1-source\A508\PRJ\Debug\Obj\stm8s_awu.o
#        E:\1-source\A508\PRJ\Debug\Obj\stm8s_beep.o
#        E:\1-source\A508\PRJ\Debug\Obj\stm8s_clk.o
#        E:\1-source\A508\PRJ\Debug\Obj\stm8s_exti.o
#        E:\1-source\A508\PRJ\Debug\Obj\stm8s_flash.o
#        E:\1-source\A508\PRJ\Debug\Obj\stm8s_gpio.o
#        E:\1-source\A508\PRJ\Debug\Obj\stm8s_i2c.o
#        E:\1-source\A508\PRJ\Debug\Obj\stm8s_it.o
#        E:\1-source\A508\PRJ\Debug\Obj\stm8s_itc.o
#        E:\1-source\A508\PRJ\Debug\Obj\stm8s_iwdg.o
#        E:\1-source\A508\PRJ\Debug\Obj\stm8s_rst.o
#        E:\1-source\A508\PRJ\Debug\Obj\stm8s_spi.o
#        E:\1-source\A508\PRJ\Debug\Obj\stm8s_tim1.o
#        E:\1-source\A508\PRJ\Debug\Obj\stm8s_tim2.o
#        E:\1-source\A508\PRJ\Debug\Obj\stm8s_tim3.o
#        E:\1-source\A508\PRJ\Debug\Obj\stm8s_tim4.o
#        E:\1-source\A508\PRJ\Debug\Obj\stm8s_uart1.o
#        E:\1-source\A508\PRJ\Debug\Obj\stm8s_uart3.o
#        E:\1-source\A508\PRJ\Debug\Obj\stm8s_wwdg.o
#        E:\1-source\A508\PRJ\Debug\Obj\sysclock.o
#        E:\1-source\A508\PRJ\Debug\Obj\System.o
#        E:\1-source\A508\PRJ\Debug\Obj\Task.o
#        E:\1-source\A508\PRJ\Debug\Obj\Tone.o
#        E:\1-source\A508\PRJ\Debug\Obj\Voice.o --redirect _Printf=_PrintfSmall
#        --redirect _Scanf=_ScanfSmall -o
#        E:\1-source\A508\PRJ\Debug\Exe\A508_DEMO1.out --map
#        E:\1-source\A508\PRJ\Debug\List\A508_DEMO1.map --config "C:\Program
#        Files\IAR Systems\Embedded Workbench
#        7.3\stm8\config\lnkstm8s007c8.icf" --config_def _CSTACK_SIZE=0x100
#        --config_def _HEAP_SIZE=0x100 --entry __iar_program_start --debug_lib
#
###############################################################################

*******************************************************************************
*** RUNTIME MODEL ATTRIBUTES
***

__SystemLibrary            = DLib
__code_model               = small
__core                     = stm8
__data_model               = medium
__dlib_file_descriptor     = 0
__dlib_full_locale_support = 0
__rt_version               = 4


*******************************************************************************
*** PLACEMENT SUMMARY
***

"A1":  place at start of [0x000000-0x0000ff] { rw section .vregs };
"A2":  place at end of [0x000000-0x0017ff] { block CSTACK };
"P2":  place in [from 0x000000 to 0x0017ff] {
          block HEAP, rw section __DLIB_PERTHREAD, rw section .far.bss,
          rw section .far.data, rw section .far.noinit,
          rw section .far_func.textrw, rw section .huge.bss,
          rw section .huge.data, rw section .huge.noinit,
          rw section .huge_func.textrw, rw section .iar.dynexit,
          rw section .near.bss, rw section .near.data, rw section .near.noinit,
          rw section .near_func.textrw };
"A3":  place at start of [0x008000-0x00ffff] { block INTVEC };
"P3":  place in [from 0x008000 to 0x00ffff] {
          ro section __DLIB_PERTHREAD_init, ro section .far.data_init,
          ro section .far_func.textrw_init, ro section .huge.data_init,
          ro section .huge_func.textrw_init, ro section .iar.init_table,
          ro section .init_array, ro section .near.data_init,
          ro section .near.rodata, ro section .near_func.text,
          ro section .near_func.textrw_init, ro section .tiny.data_init,
          ro section .tiny.rodata_init };

  Section            Kind      Address    Size  Object
  -------            ----      -------    ----  ------
"A1":                                     0x10
  .vregs             uninit   0x000000    0x10  vregs.o [4]
                            - 0x000010    0x10

"P2", part 1 of 2:                        0x45
  P2-1                        0x000010    0x45  <Init block>
    .near.data       inited   0x000010     0x2  ApiAtCmd.o [1]
    .near.data       inited   0x000012     0x2  ApiAtCmd.o [1]
    .near.data       inited   0x000014     0x2  ApiAtCmd.o [1]
    .near.data       inited   0x000016     0x2  ApiAtCmd.o [1]
    .near.data       inited   0x000018     0x2  ApiAtCmd.o [1]
    .near.data       inited   0x00001a     0x1  ApiKeyboard.o [1]
    .near.data       inited   0x00001b     0x2  ApiPocCmd.o [1]
    .near.data       inited   0x00001d     0x2  DrvGD83.o [1]
    .near.data       inited   0x00001f     0x2  DrvGD83.o [1]
    .near.data       inited   0x000021     0x2  DrvGD83.o [1]
    .near.data       inited   0x000023     0x8  DrvGT20L16S1Y.o [1]
    .near.data       inited   0x00002b    0x20  DrvGT20L16S1Y.o [1]
    .near.data       inited   0x00004b     0x2  Task.o [1]
    .near.data       inited   0x00004d     0x2  Task.o [1]
    .near.data       inited   0x00004f     0x2  Task.o [1]
    .near.data       inited   0x000051     0x2  Task.o [1]
    .near.data       inited   0x000053     0x2  Task.o [1]
                            - 0x000055    0x45

"P2", part 2 of 2:                      0x119a
  .near.bss          zero     0x000055   0xbd1  ApiPocCmd.o [1]
  .near.bss          zero     0x000c26   0x28a  DrvGD83.o [1]
  .near.bss          zero     0x000eb0   0x200  ApiDisplay.o [1]
  .near.bss          zero     0x0010b0    0x77  ApiAtCmd.o [1]
  .near.bss          zero     0x001127    0x40  ApiDisplay.o [1]
  .near.bss          zero     0x001167    0x32  DrvGD83.o [1]
  .near.bss          zero     0x001199    0x14  System.o [1]
  .near.bss          zero     0x0011ad    0x12  Beep.o [1]
  .near.bss          zero     0x0011bf    0x12  Tone.o [1]
  .near.bss          zero     0x0011d1     0xb  Delay.o [1]
  .near.bss          zero     0x0011dc     0x6  Voice.o [1]
  .near.bss          zero     0x0011e2     0x4  ApiDisplay.o [1]
  .near.bss          zero     0x0011e6     0x2  DrvHTG12832.o [1]
  .near.bss          zero     0x0011e8     0x1  ApiAtCmd.o [1]
  .near.bss          zero     0x0011e9     0x1  ApiAtCmd.o [1]
  .near.bss          zero     0x0011ea     0x1  ApiAtCmd.o [1]
  .near.bss          zero     0x0011eb     0x1  ApiKeyboard.o [1]
  .near.bss          zero     0x0011ec     0x1  ApiKeyboard.o [1]
  .near.bss          zero     0x0011ed     0x1  ApiKeyboard.o [1]
  .near.bss          zero     0x0011ee     0x1  DrvGD83.o [1]
                            - 0x0011ef  0x119a

"A2":                                    0x100
  CSTACK                      0x001700   0x100  <Block>
    CSTACK           uninit   0x001700   0x100  <Block tail>
                            - 0x001800   0x100

"A3":                                     0x80
  INTVEC                      0x008000    0x80  <Block>
    .intvec          const    0x008000    0x80  interrupt.o [4]
                            - 0x008080    0x80

"P3":                                   0x3713
  .near_func.text    ro code  0x008080   0x635  DrvGD83.o [1]
  .near_func.text    ro code  0x0086b5   0x2ed  Beep.o [1]
  .near_func.text    ro code  0x0089a2   0x262  ApiKeyboard.o [1]
  .near_func.text    ro code  0x008c04   0x219  DrvHTG12832.o [1]
  .near_func.text    ro code  0x008e1d   0x1ef  ApiPocCmd.o [1]
  .near_func.text    ro code  0x00900c   0x1e7  DrvKeyboard.o [1]
  .near_func.text    ro code  0x0091f3   0x19a  DrvGT20L16S1Y.o [1]
  .near_func.text    ro code  0x00938d   0x17a  long.o [4]
  .near_func.text    ro code  0x009507   0x139  DrvKeyboard.o [1]
  .near_func.text    ro code  0x009640   0x136  DrvKeyboard.o [1]
  .near_func.text    ro code  0x009776   0x134  stm8s_uart1.o [1]
  .near_func.text    ro code  0x0098aa   0x11e  vreg_util.o [4]
  .near_func.text    ro code  0x0099c8   0x101  stm8s_itc.o [1]
  .near_func.text    ro code  0x009ac9    0xe5  ApiKeyboard.o [1]
  .near_func.text    ro code  0x009bae    0xe1  DrvGD83.o [1]
  .near_func.text    ro code  0x009c8f    0xdf  ApiDisplay.o [1]
  .near_func.text    ro code  0x009d6e    0xdb  CommonLib.o [1]
  .near_func.text    ro code  0x009e49    0xbb  ApiPocCmd.o [1]
  .near_func.text    ro code  0x009f04    0xb2  ApiDisplay.o [1]
  .near_func.text    ro code  0x009fb6    0xb2  System.o [1]
  .near_func.text    ro code  0x00a068    0xaf  stm8s_gpio.o [1]
  .near_func.text    ro code  0x00a117    0xa2  Delay.o [1]
  .near_func.text    ro code  0x00a1b9    0xa2  stm8s_clk.o [1]
  .near_func.text    ro code  0x00a25b    0x99  stm8s_tim1.o [1]
  .near_func.text    ro code  0x00a2f4    0x99  Voice.o [1]
  .near_func.text    ro code  0x00a38d    0x97  Task.o [1]
  .near_func.text    ro code  0x00a424    0x90  stm8s_uart1.o [1]
  .near_func.text    ro code  0x00a4b4    0x8a  DrvKeyboard.o [1]
  .near_func.text    ro code  0x00a53e    0x7f  ApiAtCmd.o [1]
  .near_func.text    ro code  0x00a5bd    0x7a  DrvGD83.o [1]
  .near_func.text    ro code  0x00a637    0x73  Delay.o [1]
  .near_func.text    ro code  0x00a6aa    0x6c  DrvKeyboard.o [1]
  .near_func.text    ro code  0x00a716    0x6c  stm8s_uart1.o [1]
  .near_func.text    ro code  0x00a782    0x68  ApiAtCmd.o [1]
  .near_func.text    ro code  0x00a7ea    0x67  Tone.o [1]
  .near_func.text    ro code  0x00a851    0x61  stm8s_tim1.o [1]
  .near_func.text    ro code  0x00a8b2    0x5f  DrvGT20L16S1Y.o [1]
  .near_func.text    ro code  0x00a911    0x5a  DrvGT20L16S1Y.o [1]
  .near_func.text    ro code  0x00a96b    0x57  stm8s_clk.o [1]
  .near_func.text    ro code  0x00a9c2    0x54  Delay.o [1]
  .near.rodata       const    0x00aa16    0x53  Task.o [1]
  .near_func.text    ro code  0x00aa69    0x4e  Tone.o [1]
  .near_func.text    ro code  0x00aab7    0x4d  ApiAtCmd.o [1]
  .near_func.text    ro code  0x00ab04    0x4c  DrvGD83.o [1]
  .near_func.text    ro code  0x00ab50    0x4c  DrvGT20L16S1Y.o [1]
  .near_func.text    ro code  0x00ab9c    0x4a  ApiDisplay.o [1]
  .near_func.text    ro code  0x00abe6    0x49  DrvGD83.o [1]
  .near_func.text    ro code  0x00ac2f    0x49  DrvGD83.o [1]
  .near_func.text    ro code  0x00ac78    0x49  DrvGD83.o [1]
  .near_func.text    ro code  0x00acc1    0x47  long_util.o [4]
  Initializer bytes  const    0x00ad08    0x45  <for P2-1>
  .near_func.text    ro code  0x00ad4d    0x43  stm8s_tim1.o [1]
  .near_func.text    ro code  0x00ad90    0x3d  ApiAtCmd.o [1]
  .near_func.text    ro code  0x00adcd    0x36  DrvGT20L16S1Y.o [1]
  .near_func.text    ro code  0x00ae03    0x36  stm8s_flash.o [1]
  .near_func.text    ro code  0x00ae39    0x36  memcmp.o [4]
  .near_func.text    ro code  0x00ae6f    0x33  ApiDisplay.o [1]
  .near_func.text    ro code  0x00aea2    0x33  DrvGT20L16S1Y.o [1]
  .near_func.text    ro code  0x00aed5    0x32  Beep.o [1]
  .near_func.text    ro code  0x00af07    0x32  stm8s_uart1.o [1]
  .near_func.text    ro code  0x00af39    0x32  short.o [4]
  .near_func.text    ro code  0x00af6b    0x30  McuConfig.o [1]
  .near_func.text    ro code  0x00af9b    0x30  sysclock.o [1]
  .near_func.text    ro code  0x00afcb    0x2d  Delay.o [1]
  .near_func.text    ro code  0x00aff8    0x2d  stm8s_uart1.o [1]
  .near_func.text    ro code  0x00b025    0x2c  DrvGD83.o [1]
  .near.rodata       const    0x00b051    0x2a  Task.o [1]
  .near_func.text    ro code  0x00b07b    0x2a  McuConfig.o [1]
  .near.rodata       const    0x00b0a5    0x29  Task.o [1]
  .near_func.text    ro code  0x00b0ce    0x28  Delay.o [1]
  .near_func.text    ro code  0x00b0f6    0x28  init_small.o [4]
  .near_func.text    ro code  0x00b11e    0x27  stm8s_flash.o [1]
  .near_func.text    ro code  0x00b145    0x27  sysclock.o [1]
  .near_func.text    ro code  0x00b16c    0x27  Task.o [1]
  .near_func.text    ro code  0x00b193    0x25  dc_util.o [4]
  .near_func.text    ro code  0x00b1b8    0x24  McuConfig.o [1]
  .near_func.text    ro code  0x00b1dc    0x24  stm8s_flash.o [1]
  .near_func.text    ro code  0x00b200    0x24  stm8s_tim1.o [1]
  .near_func.text    ro code  0x00b224    0x23  Tone.o [1]
  .iar.init_table    const    0x00b247    0x12  - Linker created -
  .near_func.text    ro code  0x00b259    0x20  stm8s_it.o [1]
  .near_func.text    ro code  0x00b279    0x1f  Delay.o [1]
  .near_func.text    ro code  0x00b298    0x1f  move.o [4]
  .near_func.text    ro code  0x00b2b7    0x1e  init_small.o [4]
  .near_func.text    ro code  0x00b2d5    0x1c  Delay.o [1]
  .near_func.text    ro code  0x00b2f1    0x1b  stm8s_it.o [1]
  .near_func.text    ro code  0x00b30c    0x1b  sysclock.o [1]
  .near_func.text    ro code  0x00b327    0x1a  Beep.o [1]
  .near_func.text    ro code  0x00b341    0x18  McuConfig.o [1]
  .near_func.text    ro code  0x00b359    0x18  McuConfig.o [1]
  .near_func.text    ro code  0x00b371    0x18  McuConfig.o [1]
  .near_func.text    ro code  0x00b389    0x17  McuConfig.o [1]
  .near_func.text    ro code  0x00b3a0    0x17  McuConfig.o [1]
  .near_func.text    ro code  0x00b3b7    0x17  McuConfig.o [1]
  .near_func.text    ro code  0x00b3ce    0x17  McuConfig.o [1]
  .near_func.text    ro code  0x00b3e5    0x17  McuConfig.o [1]
  .near_func.text    ro code  0x00b3fc    0x17  init.o [4]
  .near_func.text    ro code  0x00b413    0x16  stm8s_flash.o [1]
  .near_func.text    ro code  0x00b429    0x15  ApiDisplay.o [1]
  .near_func.text    ro code  0x00b43e    0x14  DrvGT20L16S1Y.o [1]
  .near_func.text    ro code  0x00b452    0x14  __dbg_xxexit.o [3]
  .near_func.text    ro code  0x00b466    0x13  stm8s_clk.o [1]
  .near_func.text    ro code  0x00b479    0x13  stm8s_tim3.o [1]
  .near_func.text    ro code  0x00b48c    0x13  cstartup.o [4]
  .near_func.text    ro code  0x00b49f    0x12  ApiPocCmd.o [1]
  .near_func.text    ro code  0x00b4b1    0x12  strlen.o [4]
  .near_func.text    ro code  0x00b4c3    0x11  ApiPocCmd.o [1]
  .near.rodata       const    0x00b4d4    0x10  ApiDisplay.o [1]
  .near.rodata       const    0x00b4e4    0x10  ApiDisplay.o [1]
  .near.rodata       const    0x00b4f4    0x10  ApiKeyboard.o [1]
  .near.rodata       const    0x00b504    0x10  ApiKeyboard.o [1]
  .near.rodata       const    0x00b514    0x10  ApiKeyboard.o [1]
  .near.rodata       const    0x00b524    0x10  ApiKeyboard.o [1]
  .near.rodata       const    0x00b534    0x10  ApiKeyboard.o [1]
  .near.rodata       const    0x00b544    0x10  ApiKeyboard.o [1]
  .near.rodata       const    0x00b554    0x10  ApiKeyboard.o [1]
  .near.rodata       const    0x00b564    0x10  ApiKeyboard.o [1]
  .near.rodata       const    0x00b574    0x10  ApiKeyboard.o [1]
  .near.rodata       const    0x00b584    0x10  ApiKeyboard.o [1]
  .near.rodata       const    0x00b594    0x10  ApiKeyboard.o [1]
  .near.rodata       const    0x00b5a4    0x10  ApiKeyboard.o [1]
  .near.rodata       const    0x00b5b4    0x10  ApiKeyboard.o [1]
  .near.rodata       const    0x00b5c4    0x10  ApiKeyboard.o [1]
  .near.rodata       const    0x00b5d4    0x10  ApiKeyboard.o [1]
  .near.rodata       const    0x00b5e4    0x10  ApiKeyboard.o [1]
  .near.rodata       const    0x00b5f4    0x10  ApiKeyboard.o [1]
  .near.rodata       const    0x00b604     0xf  Task.o [1]
  .near_func.text    ro code  0x00b613     0xf  Voice.o [1]
  .near.rodata       const    0x00b622     0xe  System.o [1]
  .near_func.text    ro code  0x00b630     0xd  stm8s_tim1.o [1]
  .near_func.text    ro code  0x00b63d     0xd  stm8s_tim1.o [1]
  .near_func.text    ro code  0x00b64a     0xd  stm8s_tim1.o [1]
  .near_func.text    ro code  0x00b657     0xd  stm8s_tim3.o [1]
  .near_func.text    ro code  0x00b664     0xd  stm8s_tim3.o [1]
  .near_func.text    ro code  0x00b671     0xd  stm8s_uart1.o [1]
  .near_func.text    ro code  0x00b67e     0xc  McuConfig.o [1]
  .near_func.text    ro code  0x00b68a     0xc  McuConfig.o [1]
  .near_func.text    ro code  0x00b696     0xc  McuConfig.o [1]
  .near_func.text    ro code  0x00b6a2     0xc  McuConfig.o [1]
  .near_func.text    ro code  0x00b6ae     0xc  stm8s_tim3.o [1]
  .near.rodata       const    0x00b6ba     0xb  Task.o [1]
  .near.rodata       const    0x00b6c5     0xa  ApiAtCmd.o [1]
  .near_func.text    ro code  0x00b6cf     0xa  ApiPocCmd.o [1]
  .near.rodata       const    0x00b6d9     0x9  ApiAtCmd.o [1]
  .near.rodata       const    0x00b6e2     0x9  ApiAtCmd.o [1]
  .near.rodata       const    0x00b6eb     0x9  DrvGD83.o [1]
  .near_func.text    ro code  0x00b6f4     0x9  stm8s_gpio.o [1]
  .near_func.text    ro code  0x00b6fd     0x9  stm8s_tim3.o [1]
  .near.rodata       const    0x00b706     0x8  ApiAtCmd.o [1]
  .near.rodata       const    0x00b70e     0x8  ApiDisplay.o [1]
  .near.rodata       const    0x00b716     0x8  ApiPocCmd.o [1]
  .near.rodata       const    0x00b71e     0x7  ApiAtCmd.o [1]
  .near_func.text    ro code  0x00b725     0x7  stm8s_flash.o [1]
  .near_func.text    ro code  0x00b72c     0x7  stm8s_gpio.o [1]
  .near.rodata       const    0x00b733     0x6  DrvGD83.o [1]
  .near_func.text    ro code  0x00b739     0x6  char.o [4]
  .near_func.text    ro code  0x00b73f     0x5  stm8s_tim3.o [1]
  .near_func.text    ro code  0x00b744     0x5  cexit.o [4]
  .near.rodata       const    0x00b749     0x4  stm8s_clk.o [1]
  .near_func.text    ro code  0x00b74d     0x4  ApiPocCmd.o [1]
  .near_func.text    ro code  0x00b751     0x4  ApiPocCmd.o [1]
  .near_func.text    ro code  0x00b755     0x4  ApiPocCmd.o [1]
  .near_func.text    ro code  0x00b759     0x4  ApiPocCmd.o [1]
  .near_func.text    ro code  0x00b75d     0x4  stm8s_gpio.o [1]
  .near_func.text    ro code  0x00b761     0x4  stm8s_uart1.o [1]
  .near_func.text    ro code  0x00b765     0x4  stm8s_uart1.o [1]
  .near.rodata       const    0x00b769     0x3  DrvGD83.o [1]
  .near_func.text    ro code  0x00b76c     0x3  main.o [1]
  .near_func.text    ro code  0x00b76f     0x3  interrupt.o [4]
  .near_func.text    ro code  0x00b772     0x3  low_level_init.o [4]
  .near_func.text    ro code  0x00b775     0x3  exit.o [4]
  .near_func.text    ro code  0x00b778     0x3  unhandled_exception.o [4]
  .near_func.text    ro code  0x00b77b     0x1  stm8s_it.o [1]
  .near_func.text    ro code  0x00b77c     0x1  stm8s_it.o [1]
  .near_func.text    ro code  0x00b77d     0x1  stm8s_it.o [1]
  .near_func.text    ro code  0x00b77e     0x1  stm8s_it.o [1]
  .near_func.text    ro code  0x00b77f     0x1  stm8s_it.o [1]
  .near_func.text    ro code  0x00b780     0x1  stm8s_it.o [1]
  .near_func.text    ro code  0x00b781     0x1  stm8s_it.o [1]
  .near_func.text    ro code  0x00b782     0x1  stm8s_it.o [1]
  .near_func.text    ro code  0x00b783     0x1  stm8s_it.o [1]
  .near_func.text    ro code  0x00b784     0x1  stm8s_it.o [1]
  .near_func.text    ro code  0x00b785     0x1  stm8s_it.o [1]
  .near_func.text    ro code  0x00b786     0x1  stm8s_it.o [1]
  .near_func.text    ro code  0x00b787     0x1  stm8s_it.o [1]
  .near_func.text    ro code  0x00b788     0x1  stm8s_it.o [1]
  .near_func.text    ro code  0x00b789     0x1  stm8s_it.o [1]
  .near_func.text    ro code  0x00b78a     0x1  stm8s_it.o [1]
  .near_func.text    ro code  0x00b78b     0x1  stm8s_it.o [1]
  .near_func.text    ro code  0x00b78c     0x1  stm8s_it.o [1]
  .near_func.text    ro code  0x00b78d     0x1  stm8s_it.o [1]
  .near_func.text    ro code  0x00b78e     0x1  stm8s_it.o [1]
  .near_func.text    ro code  0x00b78f     0x1  stm8s_it.o [1]
  .near_func.text    ro code  0x00b790     0x1  stm8s_it.o [1]
  .near_func.text    ro code  0x00b791     0x1  Task.o [1]
  .near_func.text    ro code  0x00b792     0x1  __dbg_break.o [3]
                            - 0x00b793  0x3713


*******************************************************************************
*** INIT TABLE
***

          Address   Size
          -------   ----
Zero (__iar_zero_init2)
    1 destination range, total size 0x119a:
          0x000055  0x119a

Copy (__iar_copy_init2)
    1 source range, total size 0x45:
          0x00ad08    0x45
    1 destination range, total size 0x45:
          0x000010    0x45



*******************************************************************************
*** MODULE SUMMARY
***

    Module                 ro code  ro data  rw data
    ------                 -------  -------  -------
E:\1-source\A508\PRJ\Debug\Obj: [1]
    ApiAtCmd.o                 369       53      132
    ApiDisplay.o               547       40      580
    ApiKeyboard.o              839      273        4
    ApiPocCmd.o                743       10    3 027
    Beep.o                     825                18
    CommonLib.o                219
    Delay.o                    505                11
    DrvGD83.o                2 275       24      707
    DrvGT20L16S1Y.o            796       40       40
    DrvHTG12832.o              537                 2
    DrvKeyboard.o            1 356
    McuConfig.o                361
    System.o                   178       14       20
    Task.o                     191      202       10
    Tone.o                     216                18
    Voice.o                    168                 6
    main.o                       3
    stm8s_clk.o                268        4
    stm8s_flash.o              158
    stm8s_gpio.o               195
    stm8s_it.o                  81
    stm8s_itc.o                257
    stm8s_tim1.o               392
    stm8s_tim3.o                71
    stm8s_uart1.o              676
    sysclock.o                 114
    ------------------------------------------------
    Total:                  12 340      660    4 575

command line: [2]
    ------------------------------------------------
    Total:

dbgstm8smd.a: [3]
    __dbg_break.o                1
    __dbg_xxexit.o              20
    ------------------------------------------------
    Total:                      21

dlstm8smn.a: [4]
    cexit.o                      5
    char.o                       6
    cstartup.o                  19
    dc_util.o                   37
    exit.o                       3
    init.o                      23
    init_small.o                70
    interrupt.o                  3      128
    long.o                     378
    long_util.o                 71
    low_level_init.o             3
    memcmp.o                    54
    move.o                      31
    short.o                     50
    strlen.o                    18
    unhandled_exception.o        3
    vreg_util.o                286
    vregs.o                                       16
    ------------------------------------------------
    Total:                   1 060      128       16

    Linker created                       18      256
----------------------------------------------------
    Grand Total:            13 421      806    4 847


*******************************************************************************
*** ENTRY LIST
***

Entry                    Address   Size  Type      Object
-----                    -------   ----  ----      ------
.iar.init_table$$Base   0x00b247          --   Gb  - Linker created -
.iar.init_table$$Limit  0x00b259          --   Gb  - Linker created -
?add32_l0_l0_0x         0x009390         Code  Gb  long.o [4]
?add32_l0_l0_l1         0x00938d         Code  Gb  long.o [4]
?b0                     0x000000         Data  Gb  vregs.o [4]
?b1                     0x000001         Data  Gb  vregs.o [4]
?b10                    0x00000a         Data  Gb  vregs.o [4]
?b11                    0x00000b         Data  Gb  vregs.o [4]
?b12                    0x00000c         Data  Gb  vregs.o [4]
?b13                    0x00000d         Data  Gb  vregs.o [4]
?b14                    0x00000e         Data  Gb  vregs.o [4]
?b15                    0x00000f         Data  Gb  vregs.o [4]
?b2                     0x000002         Data  Gb  vregs.o [4]
?b3                     0x000003         Data  Gb  vregs.o [4]
?b4                     0x000004         Data  Gb  vregs.o [4]
?b5                     0x000005         Data  Gb  vregs.o [4]
?b6                     0x000006         Data  Gb  vregs.o [4]
?b7                     0x000007         Data  Gb  vregs.o [4]
?b8                     0x000008         Data  Gb  vregs.o [4]
?b9                     0x000009         Data  Gb  vregs.o [4]
?dc32_l0                0x00b193         Code  Gb  dc_util.o [4]
?dc32_l1                0x00b1a0         Code  Gb  dc_util.o [4]
?dc32_px                0x00b1ad         Code  Gb  dc_util.o [4]
?e0                     0x000001         Data  Gb  vregs.o [4]
?e1                     0x000005         Data  Gb  vregs.o [4]
?e2                     0x000009         Data  Gb  vregs.o [4]
?e3                     0x00000d         Data  Gb  vregs.o [4]
?epilogue_l2            0x009951         Code  Gb  vreg_util.o [4]
?epilogue_l2_l3         0x00994e         Code  Gb  vreg_util.o [4]
?epilogue_l2_w6         0x009955         Code  Gb  vreg_util.o [4]
?epilogue_w4            0x00995c         Code  Gb  vreg_util.o [4]
?l0                     0x000000         Data  Gb  vregs.o [4]
?l1                     0x000004         Data  Gb  vregs.o [4]
?l2                     0x000008         Data  Gb  vregs.o [4]
?l3                     0x00000c         Data  Gb  vregs.o [4]
?load32_0x_l0           0x00acfa         Code  Gb  long_util.o [4]
?load32_asp_l0          0x00acee         Code  Gb  long_util.o [4]
?load32_dbsp_l0         0x00ace9         Code  Gb  long_util.o [4]
?load32_l0_0x           0x00acd1         Code  Gb  long_util.o [4]
?load32_l0_asp          0x00acc6         Code  Gb  long_util.o [4]
?load32_l0_dbsp         0x00acc1         Code  Gb  long_util.o [4]
?load32_l0_xsp          0x00acc8         Code  Gb  long_util.o [4]
?load32_l1_0x           0x00acdd         Code  Gb  long_util.o [4]
?load32_xsp_l0          0x00acf0         Code  Gb  long_util.o [4]
?longfarg16_v_w0_a      0x00b2a5         Code  Gb  move.o [4]
?longfarg16_v_w0_x      0x00b2a7         Code  Gb  move.o [4]
?mov_e0_e1              0x009963         Code  Gb  vreg_util.o [4]
?mov_e0_e2              0x009970         Code  Gb  vreg_util.o [4]
?mov_e0_e3              0x00997d         Code  Gb  vreg_util.o [4]
?mov_e1_e0              0x00998a         Code  Gb  vreg_util.o [4]
?mov_e1_e2              0x009997         Code  Gb  vreg_util.o [4]
?mov_e1_e3              0x0099a4         Code  Gb  vreg_util.o [4]
?mov_e2_e0              0x0099b1         Code  Gb  vreg_util.o [4]
?mov_e3_e0              0x0099be         Code  Gb  vreg_util.o [4]
?mov_l0_l1              0x009960         Code  Gb  vreg_util.o [4]
?mov_l0_l2              0x00996d         Code  Gb  vreg_util.o [4]
?mov_l0_l3              0x00997a         Code  Gb  vreg_util.o [4]
?mov_l1_l0              0x009987         Code  Gb  vreg_util.o [4]
?mov_l1_l2              0x009994         Code  Gb  vreg_util.o [4]
?mov_l1_l3              0x0099a1         Code  Gb  vreg_util.o [4]
?mov_l2_l0              0x0099ae         Code  Gb  vreg_util.o [4]
?mov_l3_l0              0x0099bb         Code  Gb  vreg_util.o [4]
?mov_w1_w3              0x009966         Code  Gb  vreg_util.o [4]
?mov_w1_w5              0x009973         Code  Gb  vreg_util.o [4]
?mov_w1_w7              0x009980         Code  Gb  vreg_util.o [4]
?mov_w3_w1              0x00998d         Code  Gb  vreg_util.o [4]
?mov_w3_w5              0x00999a         Code  Gb  vreg_util.o [4]
?mov_w3_w7              0x0099a7         Code  Gb  vreg_util.o [4]
?mov_w5_w1              0x0099b4         Code  Gb  vreg_util.o [4]
?mov_w7_w1              0x0099c1         Code  Gb  vreg_util.o [4]
?move1616_v_x_y_a       0x00b298         Code  Gb  move.o [4]
?mul16_x_x_w0           0x00af39         Code  Gb  short.o [4]
?mul32_l0_l0_0x         0x0093c6         Code  Gb  long.o [4]
?mul32_l0_l0_dl         0x0093c3         Code  Gb  long.o [4]
?mul32_l0_l0_l1         0x0093cf         Code  Gb  long.o [4]
?or32_l0_l0_0x          0x0094c2         Code  Gb  long.o [4]
?pop_l0                 0x00991a         Code  Gb  vreg_util.o [4]
?pop_l1                 0x009925         Code  Gb  vreg_util.o [4]
?pop_l2                 0x009930         Code  Gb  vreg_util.o [4]
?pop_l3                 0x00993b         Code  Gb  vreg_util.o [4]
?pop_w4                 0x0098cc         Code  Gb  vreg_util.o [4]
?pop_w6                 0x0098d3         Code  Gb  vreg_util.o [4]
?pop_w7                 0x0098da         Code  Gb  vreg_util.o [4]
?push_l0                0x0098e9         Code  Gb  vreg_util.o [4]
?push_l1                0x0098ee         Code  Gb  vreg_util.o [4]
?push_l2                0x0098f3         Code  Gb  vreg_util.o [4]
?push_l3                0x0098f8         Code  Gb  vreg_util.o [4]
?push_w4                0x0098aa         Code  Gb  vreg_util.o [4]
?push_w6                0x0098af         Code  Gb  vreg_util.o [4]
?push_w7                0x0098b4         Code  Gb  vreg_util.o [4]
?sext32_l0_x            0x0094fc         Code  Gb  long.o [4]
?sll16_x_x_4            0x00af61         Code  Gb  short.o [4]
?sll16_x_x_5            0x00af60         Code  Gb  short.o [4]
?sll16_x_x_6            0x00af5f         Code  Gb  short.o [4]
?sll16_x_x_a            0x00af57         Code  Gb  short.o [4]
?sll32_0x_0x_a          0x0094dd         Code  Gb  long.o [4]
?sll32_l0_l0_a          0x0094da         Code  Gb  long.o [4]
?srl16_x_x_4            0x00af66         Code  Gb  short.o [4]
?srl32_0x_0x_a          0x0094ee         Code  Gb  long.o [4]
?srl32_l0_l0_a          0x0094eb         Code  Gb  long.o [4]
?srl8_a_a_5             0x00b73a         Code  Gb  char.o [4]
?srl8_a_a_6             0x00b739         Code  Gb  char.o [4]
?sub32_l0_l0_0x         0x0093ab         Code  Gb  long.o [4]
?sub32_l0_l0_l1         0x0093a8         Code  Gb  long.o [4]
?udiv32_l0_dl_l1        0x00944d         Code  Gb  long.o [4]
?udiv32_l0_l0_dl        0x009452         Code  Gb  long.o [4]
?udiv32_l0_l0_l1        0x009455         Code  Gb  long.o [4]
?umod32_l1_l0_l1        0x009455         Code  Gb  long.o [4]
?w0                     0x000000         Data  Gb  vregs.o [4]
?w1                     0x000002         Data  Gb  vregs.o [4]
?w2                     0x000004         Data  Gb  vregs.o [4]
?w3                     0x000006         Data  Gb  vregs.o [4]
?w4                     0x000008         Data  Gb  vregs.o [4]
?w5                     0x00000a         Data  Gb  vregs.o [4]
?w6                     0x00000c         Data  Gb  vregs.o [4]
?w7                     0x00000e         Data  Gb  vregs.o [4]
ADC2_IRQHandler         0x00b78e    0x1  Code  Gb  stm8s_it.o [1]
AF_Mute_Init            0x00b68a    0xc  Code  Gb  McuConfig.o [1]
AUDIO_IOAFMUT           0x00b3ce   0x17  Code  Gb  McuConfig.o [1]
AUDIO_IOAFPOW           0x00b3e5   0x17  Code  Gb  McuConfig.o [1]
AWU_IRQHandler          0x00b77d    0x1  Code  Gb  stm8s_it.o [1]
ApiAtCmd_10msRenew      0x00a53e   0x7f  Code  Gb  ApiAtCmd.o [1]
ApiAtCmd_GetGroupName   0x00b4c3   0x11  Code  Gb  ApiPocCmd.o [1]
ApiAtCmd_GetGroupNameLen
                        0x00b49f   0x12  Code  Gb  ApiPocCmd.o [1]
ApiAtCmd_GetGroupNum    0x00b755    0x4  Code  Gb  ApiPocCmd.o [1]
ApiAtCmd_GetLoginState  0x00b6cf    0xa  Code  Gb  ApiPocCmd.o [1]
ApiAtCmd_GetMainGroupId
                        0x00b759    0x4  Code  Gb  ApiPocCmd.o [1]
ApiAtCmd_GetMainWorkName
                        0x00b74d    0x4  Code  Gb  ApiPocCmd.o [1]
ApiAtCmd_GetMainWorkNameLen
                        0x00b751    0x4  Code  Gb  ApiPocCmd.o [1]
ApiAtCmd_PlayVoice      0x00a782   0x68  Code  Gb  ApiAtCmd.o [1]
ApiAtCmd_WritCommand    0x00aab7   0x4d  Code  Gb  ApiAtCmd.o [1]
ApiCaretCmd_10msRenew   0x00ad90   0x3d  Code  Gb  ApiAtCmd.o [1]
ApiPocCmd_10msRenew     0x008e1d  0x1ef  Code  Gb  ApiPocCmd.o [1]
ApiPocCmd_WritCommand   0x009e49   0xbb  Code  Gb  ApiPocCmd.o [1]
AtCmdDrvobj             0x0010b0   0x77  Data  Lc  ApiAtCmd.o [1]
AtNotify_Queue          0x0080cc   0x4c  Code  Lc  DrvGD83.o [1]
AtNotify_Queue_Start    0x008118   0x55  Code  Lc  DrvGD83.o [1]
BEEP_Interrupt10ms      0x00b327   0x1a  Code  Gb  Beep.o [1]
BEEP_PowerOnInitial     0x0088e6   0xbc  Code  Gb  Beep.o [1]
BEEP_SetOutput          0x0086b5  0x231  Code  Gb  Beep.o [1]
BEEP_Time               0x00aed5   0x32  Code  Gb  Beep.o [1]
BaseAdd                 0x00002b   0x20  Data  Gb  DrvGT20L16S1Y.o [1]
BeepDrvObj              0x0011ad   0x12  Data  Lc  Beep.o [1]
BitTab                  0x00b70e    0x8  Data  Gb  ApiDisplay.o [1]
BootProcess_PPPCFG_Flag
                        0x0011e9    0x1  Data  Gb  ApiAtCmd.o [1]
BootProcess_SIMST_Flag  0x0011e8    0x1  Data  Gb  ApiAtCmd.o [1]
CHAR_HIGH               0x00b4d4   0x10  Data  Gb  ApiDisplay.o [1]
CHAR_WIDTH              0x00b4e4   0x10  Data  Gb  ApiDisplay.o [1]
CLK_ClockSwitchConfig   0x00a1b9   0xa2  Code  Gb  stm8s_clk.o [1]
CLK_GetClockFreq        0x00a96b   0x57  Code  Gb  stm8s_clk.o [1]
CLK_HSIPrescalerConfig  0x00b466   0x13  Code  Gb  stm8s_clk.o [1]
CLK_IRQHandler          0x00b77e    0x1  Code  Gb  stm8s_it.o [1]
COML_AscToHex           0x009d6e   0xdb  Code  Gb  CommonLib.o [1]
CSTACK$$Base            0x001700          --   Gb  - Linker created -
CSTACK$$Limit           0x001800          --   Gb  - Linker created -
C_TEST_OUT_SET          0x00b6a2    0xc  Code  Gb  McuConfig.o [1]
CaretNotify_Queue       0x00ab04   0x4c  Code  Lc  DrvGD83.o [1]
CaretNotify_Queue_Start
                        0x0081c2   0x55  Code  Lc  DrvGD83.o [1]
DEL_1msProcess          0x00afe9    0x9  Code  Lc  Delay.o [1]
DEL_500msProcess        0x00afcb   0x1e  Code  Lc  Delay.o [1]
DEL_GetTimer            0x00a9c2   0x54  Code  Gb  Delay.o [1]
DEL_Interrupt           0x00a117   0xa2  Code  Gb  Delay.o [1]
DEL_PowerOnInitial      0x00b279   0x1f  Code  Gb  Delay.o [1]
DEL_Renew               0x00aff2    0x6  Code  Gb  Delay.o [1]
DEL_SetTimer            0x00a637   0x73  Code  Gb  Delay.o [1]
DEL_Soft1ms             0x00b2d5   0x1c  Code  Gb  Delay.o [1]
DEL_TimerRenew          0x00b0ce   0x28  Code  Lc  Delay.o [1]
DISP_DataBuf            0x009c8f   0xdf  Code  Lc  ApiDisplay.o [1]
DISP_MulTypePro         0x009f04   0xb2  Code  Lc  ApiDisplay.o [1]
DefaultSystemClockForHSI
                        0x00b30c   0x1b  Code  Gb  sysclock.o [1]
DelDrvObj               0x0011d1    0xb  Data  Lc  Delay.o [1]
DisDataBit              0x001127   0x40  Data  Gb  ApiDisplay.o [1]
DisDataBuf              0x000eb0  0x200  Data  Gb  ApiDisplay.o [1]
DisDrvObj               0x0011e2    0x4  Data  Lc  ApiDisplay.o [1]
DrvGD83DrvObj           0x000c26  0x28a  Data  Lc  DrvGD83.o [1]
DrvGD83_Init            0x00b359   0x18  Code  Gb  McuConfig.o [1]
DrvGD83_UART_TxCommand  0x00a5bd   0x7a  Code  Gb  DrvGD83.o [1]
DrvMC8332_AtNotify_Queue_front
                        0x00ac2f   0x49  Code  Gb  DrvGD83.o [1]
DrvMC8332_CaretNotify_Queue_front
                        0x00abe6   0x49  Code  Gb  DrvGD83.o [1]
DrvMC8332_PocNotify_Queue_front
                        0x00ac78   0x49  Code  Gb  DrvGD83.o [1]
DrvMC8332_TxPort_SetValidable
                        0x00b025   0x2c  Code  Gb  DrvGD83.o [1]
DrvMC8332_UART_Interrupt
                        0x00836c  0x349  Code  Gb  DrvGD83.o [1]
DrvMc8332_UART_TxTail   0x009bae   0xe1  Code  Gb  DrvGD83.o [1]
EEPROM_EEC_IRQHandler   0x00b790    0x1  Code  Gb  stm8s_it.o [1]
EXTI_PORTA_IRQHandler   0x00b77f    0x1  Code  Gb  stm8s_it.o [1]
EXTI_PORTB_IRQHandler   0x00b780    0x1  Code  Gb  stm8s_it.o [1]
EXTI_PORTC_IRQHandler   0x00b781    0x1  Code  Gb  stm8s_it.o [1]
EXTI_PORTD_IRQHandler   0x00b782    0x1  Code  Gb  stm8s_it.o [1]
EXTI_PORTE_IRQHandler   0x00b783    0x1  Code  Gb  stm8s_it.o [1]
FLASH_EraseOptionByte   0x00b11e   0x27  Code  Gb  stm8s_flash.o [1]
FLASH_Lock              0x00b725    0x7  Code  Gb  stm8s_flash.o [1]
FLASH_ProgramOptionByte
                        0x00b1dc   0x24  Code  Gb  stm8s_flash.o [1]
FLASH_Unlock            0x00b413   0x16  Code  Gb  stm8s_flash.o [1]
FLASH_WaitForLastOperation
                        0x00ae03   0x36  Code  Gb  stm8s_flash.o [1]
GD83_ON                 0x00b371   0x18  Code  Gb  McuConfig.o [1]
GPIO_Init               0x00a068   0xaf  Code  Gb  stm8s_gpio.o [1]
GPIO_ReadInputPin       0x00b6f4    0x9  Code  Gb  stm8s_gpio.o [1]
GPIO_WriteHigh          0x00b72c    0x7  Code  Gb  stm8s_gpio.o [1]
GPIO_WriteLow           0x00b75d    0x4  Code  Gb  stm8s_gpio.o [1]
GT20_DelTime            0x00b43e   0x14  Code  Lc  DrvGT20L16S1Y.o [1]
GT20_GetData            0x00a8b2   0x5f  Code  Lc  DrvGT20L16S1Y.o [1]
GT20_GetDisData         0x00adcd   0x36  Code  Lc  DrvGT20L16S1Y.o [1]
GT20_SendByte           0x00a911   0x5a  Code  Lc  DrvGT20L16S1Y.o [1]
GT20_SendCommand        0x00ab50   0x4c  Code  Lc  DrvGT20L16S1Y.o [1]
GroupCallingNum         0x00001a    0x1  Data  Gb  ApiKeyboard.o [1]
HSE_ClockStartUpConfiguration
                        0x00af9b   0x30  Code  Lc  sysclock.o [1]
HSIDivFactor            0x00b749    0x4  Data  Gb  stm8s_clk.o [1]
HtgDrvObj               0x0011e6    0x2  Data  Lc  DrvHTG12832.o [1]
I2C_IRQHandler          0x00b78b    0x1  Code  Gb  stm8s_it.o [1]
INTVEC$$Base            0x008000          --   Gb  - Linker created -
INTVEC$$Limit           0x008080          --   Gb  - Linker created -
ITC_SetSoftwarePriority
                        0x0099c8  0x101  Code  Gb  stm8s_itc.o [1]
KeyDownCount            0x0011eb    0x1  Data  Gb  ApiKeyboard.o [1]
KeyUpCount              0x0011ec    0x1  Data  Gb  ApiKeyboard.o [1]
Key_Flag_1              0x0011ed    0x1  Data  Gb  ApiKeyboard.o [1]
Key_Init                0x00af6b   0x30  Code  Gb  McuConfig.o [1]
Keyboard_Test           0x0089a2  0x262  Code  Gb  ApiKeyboard.o [1]
LED_Init                0x00b341   0x18  Code  Gb  McuConfig.o [1]
MIC_GPIO_Init           0x00b67e    0xc  Code  Gb  McuConfig.o [1]
MIC_IOMUT               0x00b3b7   0x17  Code  Gb  McuConfig.o [1]
Noise_Mute_Init         0x00b696    0xc  Code  Gb  McuConfig.o [1]
Notify_Queue_Stop       0x008217  0x155  Code  Lc  DrvGD83.o [1]
PocCmdDrvobj            0x000055  0xbd1  Data  Lc  ApiPocCmd.o [1]
PocNotify_Queue         0x008080   0x4c  Code  Lc  DrvGD83.o [1]
PocNotify_Queue_Start   0x00816d   0x55  Code  Lc  DrvGD83.o [1]
Region$$Table$$Base     0x00b247          --   Gb  - Linker created -
Region$$Table$$Limit    0x00b259          --   Gb  - Linker created -
SPI_IRQHandler          0x00b784    0x1  Code  Gb  stm8s_it.o [1]
Set_GreenLed            0x00b389   0x17  Code  Gb  McuConfig.o [1]
Set_RedLed              0x00b3a0   0x17  Code  Gb  McuConfig.o [1]
SystemClock_Init        0x00b145   0x27  Code  Gb  sysclock.o [1]
TASK_WriteFreq          0x00b791    0x1  Code  Gb  Task.o [1]
TIM1_CAP_COM_IRQHandler
                        0x00b786    0x1  Code  Gb  stm8s_it.o [1]
TIM1_CCxCmd             0x00ad4d   0x43  Code  Gb  stm8s_tim1.o [1]
TIM1_Cmd                0x00b630    0xd  Code  Gb  stm8s_tim1.o [1]
TIM1_CtrlPWMOutputs     0x00b63d    0xd  Code  Gb  stm8s_tim1.o [1]
TIM1_DeInit             0x00a25b   0x99  Code  Gb  stm8s_tim1.o [1]
TIM1_OC1Init            0x00a851   0x61  Code  Gb  stm8s_tim1.o [1]
TIM1_OC1PreloadConfig   0x00b64a    0xd  Code  Gb  stm8s_tim1.o [1]
TIM1_PWM_Init           0x00aa69   0x4e  Code  Gb  Tone.o [1]
TIM1_TimeBaseInit       0x00b200   0x24  Code  Gb  stm8s_tim1.o [1]
TIM1_UPD_OVF_TRG_BRK_IRQHandler
                        0x00b785    0x1  Code  Gb  stm8s_it.o [1]
TIM2_CAP_COM_IRQHandler
                        0x00b788    0x1  Code  Gb  stm8s_it.o [1]
TIM2_UPD_OVF_BRK_IRQHandler
                        0x00b787    0x1  Code  Gb  stm8s_it.o [1]
TIM3_ARRPreloadConfig   0x00b664    0xd  Code  Gb  stm8s_tim3.o [1]
TIM3_CAP_COM_IRQHandler
                        0x00b789    0x1  Code  Gb  stm8s_it.o [1]
TIM3_ClearITPendingBit  0x00b73f    0x5  Code  Gb  stm8s_tim3.o [1]
TIM3_Cmd                0x00b657    0xd  Code  Gb  stm8s_tim3.o [1]
TIM3_ITConfig           0x00b479   0x13  Code  Gb  stm8s_tim3.o [1]
TIM3_PrescalerConfig    0x00b6fd    0x9  Code  Gb  stm8s_tim3.o [1]
TIM3_TimeBaseInit       0x00b6ae    0xc  Code  Gb  stm8s_tim3.o [1]
TIM3_UPD_OVF_BRK_IRQHandler
                        0x00b2f1   0x1b  Code  Gb  stm8s_it.o [1]
TIM4_UPD_OVF_IRQHandler
                        0x00b78f    0x1  Code  Gb  stm8s_it.o [1]
TLI_IRQHandler          0x00b77c    0x1  Code  Gb  stm8s_it.o [1]
TONE_PowerOnInitial     0x00a7ea   0x67  Code  Gb  Tone.o [1]
TONE_Start              0x00b22c   0x1b  Code  Gb  Tone.o [1]
TONE_Stop               0x00b224    0x8  Code  Gb  Tone.o [1]
TRAP_IRQHandler         0x00b77b    0x1  Code  Gb  stm8s_it.o [1]
TaskDrvObj              0x001199   0x14  Data  Lc  System.o [1]
Task_RunNormalOperation
                        0x00b16c   0x27  Code  Gb  Task.o [1]
Task_RunStart           0x00a38d   0x97  Code  Gb  Task.o [1]
Tim3_Timer_Init         0x00b1b8   0x24  Code  Gb  McuConfig.o [1]
TimeVal                 0x000023    0x8  Data  Gb  DrvGT20L16S1Y.o [1]
ToneDrvObj              0x0011bf   0x12  Data  Lc  Tone.o [1]
UART1_Cmd               0x00b671    0xd  Code  Gb  stm8s_uart1.o [1]
UART1_DeInit            0x00aff8   0x2d  Code  Gb  stm8s_uart1.o [1]
UART1_GetFlagStatus     0x00af07   0x32  Code  Gb  stm8s_uart1.o [1]
UART1_GetITStatus       0x00a424   0x90  Code  Gb  stm8s_uart1.o [1]
UART1_ITConfig          0x00a716   0x6c  Code  Gb  stm8s_uart1.o [1]
UART1_Init              0x009776  0x134  Code  Gb  stm8s_uart1.o [1]
UART1_RX_IRQHandler     0x00b259   0x20  Code  Gb  stm8s_it.o [1]
UART1_ReceiveData8      0x00b761    0x4  Code  Gb  stm8s_uart1.o [1]
UART1_SendData8         0x00b765    0x4  Code  Gb  stm8s_uart1.o [1]
UART1_TX_IRQHandler     0x00b78a    0x1  Code  Gb  stm8s_it.o [1]
UART3_RX_IRQHandler     0x00b78d    0x1  Code  Gb  stm8s_it.o [1]
UART3_TX_IRQHandler     0x00b78c    0x1  Code  Gb  stm8s_it.o [1]
Uart1_Init              0x00b07b   0x2a  Code  Gb  McuConfig.o [1]
VOICE_1sProcess         0x00b613    0xf  Code  Gb  Voice.o [1]
VOICE_Renew             0x00a2f4   0x70  Code  Gb  Voice.o [1]
VOICE_SetOutput         0x00a364   0x29  Code  Gb  Voice.o [1]
VoiceDrvObj             0x0011dc    0x6  Data  Lc  Voice.o [1]
VoiceEnd_Flag           0x0011ea    0x1  Data  Gb  ApiAtCmd.o [1]
__DebugBreak            0x00b792    0x1  Code  Gb  __dbg_break.o [3]
__exit                  0x00b452   0x14  Code  Gb  __dbg_xxexit.o [3]
__iar_copy_init2        0x00b0f6         Code  Gb  init_small.o [4]
__iar_data_init2        0x00b3fc   0x17  Code  Gb  init.o [4]
__iar_program_start     0x00b48c         Code  Gb  cstartup.o [4]
__iar_unhandled_exception
                        0x00b778         Code  Gb  unhandled_exception.o [4]
__iar_zero_init2        0x00b2b7         Code  Gb  init_small.o [4]
__intvec                0x008000         Data  Gb  interrupt.o [4]
__low_level_init        0x00b772    0x3  Code  Gb  low_level_init.o [4]
_exit                   0x00b744         Code  Gb  cexit.o [4]
_interrupt_1            0x00b77b         Code  Gb  stm8s_it.o [1]
_interrupt_12           0x00b784         Code  Gb  stm8s_it.o [1]
_interrupt_13           0x00b785         Code  Gb  stm8s_it.o [1]
_interrupt_14           0x00b786         Code  Gb  stm8s_it.o [1]
_interrupt_15           0x00b787         Code  Gb  stm8s_it.o [1]
_interrupt_16           0x00b788         Code  Gb  stm8s_it.o [1]
_interrupt_17           0x00b2f1         Code  Gb  stm8s_it.o [1]
_interrupt_18           0x00b789         Code  Gb  stm8s_it.o [1]
_interrupt_19           0x00b78a         Code  Gb  stm8s_it.o [1]
_interrupt_2            0x00b77c         Code  Gb  stm8s_it.o [1]
_interrupt_20           0x00b259         Code  Gb  stm8s_it.o [1]
_interrupt_21           0x00b78b         Code  Gb  stm8s_it.o [1]
_interrupt_22           0x00b78c         Code  Gb  stm8s_it.o [1]
_interrupt_23           0x00b78d         Code  Gb  stm8s_it.o [1]
_interrupt_24           0x00b78e         Code  Gb  stm8s_it.o [1]
_interrupt_25           0x00b78f         Code  Gb  stm8s_it.o [1]
_interrupt_26           0x00b790         Code  Gb  stm8s_it.o [1]
_interrupt_3            0x00b77d         Code  Gb  stm8s_it.o [1]
_interrupt_4            0x00b77e         Code  Gb  stm8s_it.o [1]
_interrupt_5            0x00b77f         Code  Gb  stm8s_it.o [1]
_interrupt_6            0x00b780         Code  Gb  stm8s_it.o [1]
_interrupt_7            0x00b781         Code  Gb  stm8s_it.o [1]
_interrupt_8            0x00b782         Code  Gb  stm8s_it.o [1]
_interrupt_9            0x00b783         Code  Gb  stm8s_it.o [1]
api_disp_all_screen_refresh
                        0x00ab9c   0x4a  Code  Gb  ApiDisplay.o [1]
api_disp_char_output    0x00b429   0x15  Code  Gb  ApiDisplay.o [1]
api_lcd_pwr_on_hint     0x00ae6f   0x33  Code  Gb  ApiDisplay.o [1]
drv_gt20_data_output    0x0091f3  0x19a  Code  Gb  DrvGT20L16S1Y.o [1]
drv_gt20_pwr_on_init    0x00aed2    0x3  Code  Gb  DrvGT20L16S1Y.o [1]
drv_htg_clr_allscr      0x008d22   0x31  Code  Gb  DrvHTG12832.o [1]
drv_htg_pwr_on_init     0x008e14    0x9  Code  Gb  DrvHTG12832.o [1]
drv_htg_reset           0x008c04    0x5  Code  Gb  DrvHTG12832.o [1]
drv_htg_set_address     0x008c78   0x3b  Code  Gb  DrvHTG12832.o [1]
drv_htg_write_command   0x008c09   0x6f  Code  Gb  DrvHTG12832.o [1]
drv_htg_write_data      0x008cb3   0x6f  Code  Gb  DrvHTG12832.o [1]
drv_keypad_scan         0x00900c  0x1e7  Code  Gb  DrvKeyboard.o [1]
exit                    0x00b775    0x3  Code  Gb  exit.o [4]
get_key_value           0x009ac9   0xe5  Code  Gb  ApiKeyboard.o [1]
htg_delay_ms            0x008d53   0x1e  Code  Lc  DrvHTG12832.o [1]
htg_initial             0x008d71   0x5b  Code  Lc  DrvHTG12832.o [1]
key_scan_board          0x009507  0x139  Code  Gb  DrvKeyboard.o [1]
main                    0x00b76c    0x3  Code  Gb  main.o [1]
main_app                0x009fb6   0xb2  Code  Gb  System.o [1]
mcu_gt20_initial        0x00aea2   0x30  Code  Lc  DrvGT20L16S1Y.o [1]
mcu_key_pad_out         0x00a4b4   0x8a  Code  Gb  DrvKeyboard.o [1]
mcu_key_pad_read        0x00a6aa   0x6c  Code  Gb  DrvKeyboard.o [1]
mcu_key_pad_set         0x009640  0x136  Code  Gb  DrvKeyboard.o [1]
mcu_lcd_initial         0x008dcc   0x48  Code  Lc  DrvHTG12832.o [1]
memcmp                  0x00ae39   0x36  Code  Gb  memcmp.o [4]
strlen                  0x00b4b1   0x12  Code  Gb  strlen.o [4]
ucAtPocHead             0x00001b    0x2  Data  Gb  ApiPocCmd.o [1]
ucCaretPPPCFG           0x000018    0x2  Data  Gb  ApiAtCmd.o [1]
ucOSSYSHWID             0x00004b    0x2  Data  Gb  Task.o [1]
ucPPPCFG                0x00004d    0x2  Data  Gb  Task.o [1]
ucPlayZtts              0x000010    0x2  Data  Gb  ApiAtCmd.o [1]
ucPocOpenConfig         0x000053    0x2  Data  Gb  Task.o [1]
ucRxCheckCard           0x000012    0x2  Data  Gb  ApiAtCmd.o [1]
ucRxOkHeadInfo          0x000021    0x2  Data  Gb  DrvGD83.o [1]
ucRxPocHeadInfo         0x00001f    0x2  Data  Gb  DrvGD83.o [1]
ucRxZTTS0               0x000014    0x2  Data  Gb  ApiAtCmd.o [1]
ucSIMST                 0x000016    0x2  Data  Gb  ApiAtCmd.o [1]
ucSetParamConfig        0x000051    0x2  Data  Gb  Task.o [1]
ucTxPocHeadInfo         0x00001d    0x2  Data  Gb  DrvGD83.o [1]
ucZTTS_Abell            0x00004f    0x2  Data  Gb  Task.o [1]


[1] = E:\1-source\A508\PRJ\Debug\Obj
[2] = command line
[3] = dbgstm8smd.a
[4] = dlstm8smn.a

  13 421 bytes of readonly  code memory
     806 bytes of readonly  data memory
   4 847 bytes of readwrite data memory

Errors: none
Warnings: none
