###############################################################################
#
# IAR ELF Linker V2.20.1.176 for STM8                     22/Nov/2017  14:09:29
# Copyright 2010-2015 IAR Systems AB.
#
#    Output file  =  E:\1-source\A508\PRJ\Debug\Exe\A508_DEMO1.out
#    Map file     =  E:\1-source\A508\PRJ\Debug\List\A508_DEMO1.map
#    Command line =  
#        E:\1-source\A508\PRJ\Debug\Obj\ApiAtCmd.o
#        E:\1-source\A508\PRJ\Debug\Obj\ApiDisplay.o
#        E:\1-source\A508\PRJ\Debug\Obj\ApiKeyboard.o
#        E:\1-source\A508\PRJ\Debug\Obj\ApiPocCmd.o
#        E:\1-source\A508\PRJ\Debug\Obj\Beep.o
#        E:\1-source\A508\PRJ\Debug\Obj\CommonLib.o
#        E:\1-source\A508\PRJ\Debug\Obj\Delay.o
#        E:\1-source\A508\PRJ\Debug\Obj\DrvGD83.o
#        E:\1-source\A508\PRJ\Debug\Obj\DrvGT20L16S1Y.o
#        E:\1-source\A508\PRJ\Debug\Obj\DrvHTG12832.o
#        E:\1-source\A508\PRJ\Debug\Obj\DrvKeyboard.o
#        E:\1-source\A508\PRJ\Debug\Obj\main.o
#        E:\1-source\A508\PRJ\Debug\Obj\McuConfig.o
#        E:\1-source\A508\PRJ\Debug\Obj\stm8s_adc2.o
#        E:\1-source\A508\PRJ\Debug\Obj\stm8s_awu.o
#        E:\1-source\A508\PRJ\Debug\Obj\stm8s_beep.o
#        E:\1-source\A508\PRJ\Debug\Obj\stm8s_clk.o
#        E:\1-source\A508\PRJ\Debug\Obj\stm8s_exti.o
#        E:\1-source\A508\PRJ\Debug\Obj\stm8s_flash.o
#        E:\1-source\A508\PRJ\Debug\Obj\stm8s_gpio.o
#        E:\1-source\A508\PRJ\Debug\Obj\stm8s_i2c.o
#        E:\1-source\A508\PRJ\Debug\Obj\stm8s_it.o
#        E:\1-source\A508\PRJ\Debug\Obj\stm8s_itc.o
#        E:\1-source\A508\PRJ\Debug\Obj\stm8s_iwdg.o
#        E:\1-source\A508\PRJ\Debug\Obj\stm8s_rst.o
#        E:\1-source\A508\PRJ\Debug\Obj\stm8s_spi.o
#        E:\1-source\A508\PRJ\Debug\Obj\stm8s_tim1.o
#        E:\1-source\A508\PRJ\Debug\Obj\stm8s_tim2.o
#        E:\1-source\A508\PRJ\Debug\Obj\stm8s_tim3.o
#        E:\1-source\A508\PRJ\Debug\Obj\stm8s_tim4.o
#        E:\1-source\A508\PRJ\Debug\Obj\stm8s_uart1.o
#        E:\1-source\A508\PRJ\Debug\Obj\stm8s_uart3.o
#        E:\1-source\A508\PRJ\Debug\Obj\stm8s_wwdg.o
#        E:\1-source\A508\PRJ\Debug\Obj\sysclock.o
#        E:\1-source\A508\PRJ\Debug\Obj\System.o
#        E:\1-source\A508\PRJ\Debug\Obj\Task.o
#        E:\1-source\A508\PRJ\Debug\Obj\Tone.o
#        E:\1-source\A508\PRJ\Debug\Obj\Voice.o --redirect _Printf=_PrintfSmall
#        --redirect _Scanf=_ScanfSmall -o
#        E:\1-source\A508\PRJ\Debug\Exe\A508_DEMO1.out --map
#        E:\1-source\A508\PRJ\Debug\List\A508_DEMO1.map --config "C:\Program
#        Files\IAR Systems\Embedded Workbench
#        7.3\stm8\config\lnkstm8s007c8.icf" --config_def _CSTACK_SIZE=0x100
#        --config_def _HEAP_SIZE=0x100 --entry __iar_program_start --debug_lib
#
###############################################################################

*******************************************************************************
*** RUNTIME MODEL ATTRIBUTES
***

__SystemLibrary            = DLib
__code_model               = small
__core                     = stm8
__data_model               = medium
__dlib_file_descriptor     = 0
__dlib_full_locale_support = 0
__rt_version               = 4


*******************************************************************************
*** PLACEMENT SUMMARY
***

"A1":  place at start of [0x000000-0x0000ff] { rw section .vregs };
"A2":  place at end of [0x000000-0x0017ff] { block CSTACK };
"P2":  place in [from 0x000000 to 0x0017ff] {
          block HEAP, rw section __DLIB_PERTHREAD, rw section .far.bss,
          rw section .far.data, rw section .far.noinit,
          rw section .far_func.textrw, rw section .huge.bss,
          rw section .huge.data, rw section .huge.noinit,
          rw section .huge_func.textrw, rw section .iar.dynexit,
          rw section .near.bss, rw section .near.data, rw section .near.noinit,
          rw section .near_func.textrw };
"A3":  place at start of [0x008000-0x00ffff] { block INTVEC };
"P3":  place in [from 0x008000 to 0x00ffff] {
          ro section __DLIB_PERTHREAD_init, ro section .far.data_init,
          ro section .far_func.textrw_init, ro section .huge.data_init,
          ro section .huge_func.textrw_init, ro section .iar.init_table,
          ro section .init_array, ro section .near.data_init,
          ro section .near.rodata, ro section .near_func.text,
          ro section .near_func.textrw_init, ro section .tiny.data_init,
          ro section .tiny.rodata_init };

  Section            Kind      Address    Size  Object
  -------            ----      -------    ----  ------
"A1":                                     0x10
  .vregs             uninit   0x000000    0x10  vregs.o [4]
                            - 0x000010    0x10

"P2", part 1 of 2:                        0x45
  P2-1                        0x000010    0x45  <Init block>
    .near.data       inited   0x000010     0x2  ApiAtCmd.o [1]
    .near.data       inited   0x000012     0x2  ApiAtCmd.o [1]
    .near.data       inited   0x000014     0x2  ApiAtCmd.o [1]
    .near.data       inited   0x000016     0x2  ApiAtCmd.o [1]
    .near.data       inited   0x000018     0x2  ApiAtCmd.o [1]
    .near.data       inited   0x00001a     0x1  ApiKeyboard.o [1]
    .near.data       inited   0x00001b     0x2  ApiPocCmd.o [1]
    .near.data       inited   0x00001d     0x2  DrvGD83.o [1]
    .near.data       inited   0x00001f     0x2  DrvGD83.o [1]
    .near.data       inited   0x000021     0x2  DrvGD83.o [1]
    .near.data       inited   0x000023     0x8  DrvGT20L16S1Y.o [1]
    .near.data       inited   0x00002b    0x20  DrvGT20L16S1Y.o [1]
    .near.data       inited   0x00004b     0x2  Task.o [1]
    .near.data       inited   0x00004d     0x2  Task.o [1]
    .near.data       inited   0x00004f     0x2  Task.o [1]
    .near.data       inited   0x000051     0x2  Task.o [1]
    .near.data       inited   0x000053     0x2  Task.o [1]
                            - 0x000055    0x45

"P2", part 2 of 2:                      0x119a
  .near.bss          zero     0x000055   0xbd1  ApiPocCmd.o [1]
  .near.bss          zero     0x000c26   0x28a  DrvGD83.o [1]
  .near.bss          zero     0x000eb0   0x200  ApiDisplay.o [1]
  .near.bss          zero     0x0010b0    0x77  ApiAtCmd.o [1]
  .near.bss          zero     0x001127    0x40  ApiDisplay.o [1]
  .near.bss          zero     0x001167    0x32  DrvGD83.o [1]
  .near.bss          zero     0x001199    0x14  System.o [1]
  .near.bss          zero     0x0011ad    0x12  Beep.o [1]
  .near.bss          zero     0x0011bf    0x12  Tone.o [1]
  .near.bss          zero     0x0011d1     0xb  Delay.o [1]
  .near.bss          zero     0x0011dc     0x6  Voice.o [1]
  .near.bss          zero     0x0011e2     0x4  ApiDisplay.o [1]
  .near.bss          zero     0x0011e6     0x2  DrvHTG12832.o [1]
  .near.bss          zero     0x0011e8     0x1  ApiAtCmd.o [1]
  .near.bss          zero     0x0011e9     0x1  ApiAtCmd.o [1]
  .near.bss          zero     0x0011ea     0x1  ApiAtCmd.o [1]
  .near.bss          zero     0x0011eb     0x1  ApiKeyboard.o [1]
  .near.bss          zero     0x0011ec     0x1  ApiKeyboard.o [1]
  .near.bss          zero     0x0011ed     0x1  ApiKeyboard.o [1]
  .near.bss          zero     0x0011ee     0x1  DrvGD83.o [1]
                            - 0x0011ef  0x119a

"A2":                                    0x100
  CSTACK                      0x001700   0x100  <Block>
    CSTACK           uninit   0x001700   0x100  <Block tail>
                            - 0x001800   0x100

"A3":                                     0x80
  INTVEC                      0x008000    0x80  <Block>
    .intvec          const    0x008000    0x80  interrupt.o [4]
                            - 0x008080    0x80

"P3":                                   0x371c
  .near_func.text    ro code  0x008080   0x635  DrvGD83.o [1]
  .near_func.text    ro code  0x0086b5   0x2ed  Beep.o [1]
  .near_func.text    ro code  0x0089a2   0x26b  ApiKeyboard.o [1]
  .near_func.text    ro code  0x008c0d   0x219  DrvHTG12832.o [1]
  .near_func.text    ro code  0x008e26   0x1ef  ApiPocCmd.o [1]
  .near_func.text    ro code  0x009015   0x1e7  DrvKeyboard.o [1]
  .near_func.text    ro code  0x0091fc   0x19a  DrvGT20L16S1Y.o [1]
  .near_func.text    ro code  0x009396   0x17a  long.o [4]
  .near_func.text    ro code  0x009510   0x139  DrvKeyboard.o [1]
  .near_func.text    ro code  0x009649   0x136  DrvKeyboard.o [1]
  .near_func.text    ro code  0x00977f   0x134  stm8s_uart1.o [1]
  .near_func.text    ro code  0x0098b3   0x11e  vreg_util.o [4]
  .near_func.text    ro code  0x0099d1   0x101  stm8s_itc.o [1]
  .near_func.text    ro code  0x009ad2    0xe5  ApiKeyboard.o [1]
  .near_func.text    ro code  0x009bb7    0xe1  DrvGD83.o [1]
  .near_func.text    ro code  0x009c98    0xdf  ApiDisplay.o [1]
  .near_func.text    ro code  0x009d77    0xdb  CommonLib.o [1]
  .near_func.text    ro code  0x009e52    0xbb  ApiPocCmd.o [1]
  .near_func.text    ro code  0x009f0d    0xb2  ApiDisplay.o [1]
  .near_func.text    ro code  0x009fbf    0xb2  System.o [1]
  .near_func.text    ro code  0x00a071    0xaf  stm8s_gpio.o [1]
  .near_func.text    ro code  0x00a120    0xa2  Delay.o [1]
  .near_func.text    ro code  0x00a1c2    0xa2  stm8s_clk.o [1]
  .near_func.text    ro code  0x00a264    0x99  stm8s_tim1.o [1]
  .near_func.text    ro code  0x00a2fd    0x99  Voice.o [1]
  .near_func.text    ro code  0x00a396    0x97  Task.o [1]
  .near_func.text    ro code  0x00a42d    0x90  stm8s_uart1.o [1]
  .near_func.text    ro code  0x00a4bd    0x8a  DrvKeyboard.o [1]
  .near_func.text    ro code  0x00a547    0x7f  ApiAtCmd.o [1]
  .near_func.text    ro code  0x00a5c6    0x7a  DrvGD83.o [1]
  .near_func.text    ro code  0x00a640    0x73  Delay.o [1]
  .near_func.text    ro code  0x00a6b3    0x6c  DrvKeyboard.o [1]
  .near_func.text    ro code  0x00a71f    0x6c  stm8s_uart1.o [1]
  .near_func.text    ro code  0x00a78b    0x68  ApiAtCmd.o [1]
  .near_func.text    ro code  0x00a7f3    0x67  Tone.o [1]
  .near_func.text    ro code  0x00a85a    0x61  stm8s_tim1.o [1]
  .near_func.text    ro code  0x00a8bb    0x5f  DrvGT20L16S1Y.o [1]
  .near_func.text    ro code  0x00a91a    0x5a  DrvGT20L16S1Y.o [1]
  .near_func.text    ro code  0x00a974    0x57  stm8s_clk.o [1]
  .near_func.text    ro code  0x00a9cb    0x54  Delay.o [1]
  .near.rodata       const    0x00aa1f    0x53  Task.o [1]
  .near_func.text    ro code  0x00aa72    0x4e  Tone.o [1]
  .near_func.text    ro code  0x00aac0    0x4d  ApiAtCmd.o [1]
  .near_func.text    ro code  0x00ab0d    0x4c  DrvGD83.o [1]
  .near_func.text    ro code  0x00ab59    0x4c  DrvGT20L16S1Y.o [1]
  .near_func.text    ro code  0x00aba5    0x4a  ApiDisplay.o [1]
  .near_func.text    ro code  0x00abef    0x49  DrvGD83.o [1]
  .near_func.text    ro code  0x00ac38    0x49  DrvGD83.o [1]
  .near_func.text    ro code  0x00ac81    0x49  DrvGD83.o [1]
  .near_func.text    ro code  0x00acca    0x47  long_util.o [4]
  Initializer bytes  const    0x00ad11    0x45  <for P2-1>
  .near_func.text    ro code  0x00ad56    0x43  stm8s_tim1.o [1]
  .near_func.text    ro code  0x00ad99    0x3d  ApiAtCmd.o [1]
  .near_func.text    ro code  0x00add6    0x36  DrvGT20L16S1Y.o [1]
  .near_func.text    ro code  0x00ae0c    0x36  stm8s_flash.o [1]
  .near_func.text    ro code  0x00ae42    0x36  memcmp.o [4]
  .near_func.text    ro code  0x00ae78    0x33  ApiDisplay.o [1]
  .near_func.text    ro code  0x00aeab    0x33  DrvGT20L16S1Y.o [1]
  .near_func.text    ro code  0x00aede    0x32  Beep.o [1]
  .near_func.text    ro code  0x00af10    0x32  stm8s_uart1.o [1]
  .near_func.text    ro code  0x00af42    0x32  short.o [4]
  .near_func.text    ro code  0x00af74    0x30  McuConfig.o [1]
  .near_func.text    ro code  0x00afa4    0x30  sysclock.o [1]
  .near_func.text    ro code  0x00afd4    0x2d  Delay.o [1]
  .near_func.text    ro code  0x00b001    0x2d  stm8s_uart1.o [1]
  .near_func.text    ro code  0x00b02e    0x2c  DrvGD83.o [1]
  .near.rodata       const    0x00b05a    0x2a  Task.o [1]
  .near_func.text    ro code  0x00b084    0x2a  McuConfig.o [1]
  .near.rodata       const    0x00b0ae    0x29  Task.o [1]
  .near_func.text    ro code  0x00b0d7    0x28  Delay.o [1]
  .near_func.text    ro code  0x00b0ff    0x28  init_small.o [4]
  .near_func.text    ro code  0x00b127    0x27  stm8s_flash.o [1]
  .near_func.text    ro code  0x00b14e    0x27  sysclock.o [1]
  .near_func.text    ro code  0x00b175    0x27  Task.o [1]
  .near_func.text    ro code  0x00b19c    0x25  dc_util.o [4]
  .near_func.text    ro code  0x00b1c1    0x24  McuConfig.o [1]
  .near_func.text    ro code  0x00b1e5    0x24  stm8s_flash.o [1]
  .near_func.text    ro code  0x00b209    0x24  stm8s_tim1.o [1]
  .near_func.text    ro code  0x00b22d    0x23  Tone.o [1]
  .iar.init_table    const    0x00b250    0x12  - Linker created -
  .near_func.text    ro code  0x00b262    0x20  stm8s_it.o [1]
  .near_func.text    ro code  0x00b282    0x1f  Delay.o [1]
  .near_func.text    ro code  0x00b2a1    0x1f  move.o [4]
  .near_func.text    ro code  0x00b2c0    0x1e  init_small.o [4]
  .near_func.text    ro code  0x00b2de    0x1c  Delay.o [1]
  .near_func.text    ro code  0x00b2fa    0x1b  stm8s_it.o [1]
  .near_func.text    ro code  0x00b315    0x1b  sysclock.o [1]
  .near_func.text    ro code  0x00b330    0x1a  Beep.o [1]
  .near_func.text    ro code  0x00b34a    0x18  McuConfig.o [1]
  .near_func.text    ro code  0x00b362    0x18  McuConfig.o [1]
  .near_func.text    ro code  0x00b37a    0x18  McuConfig.o [1]
  .near_func.text    ro code  0x00b392    0x17  McuConfig.o [1]
  .near_func.text    ro code  0x00b3a9    0x17  McuConfig.o [1]
  .near_func.text    ro code  0x00b3c0    0x17  McuConfig.o [1]
  .near_func.text    ro code  0x00b3d7    0x17  McuConfig.o [1]
  .near_func.text    ro code  0x00b3ee    0x17  McuConfig.o [1]
  .near_func.text    ro code  0x00b405    0x17  init.o [4]
  .near_func.text    ro code  0x00b41c    0x16  stm8s_flash.o [1]
  .near_func.text    ro code  0x00b432    0x15  ApiDisplay.o [1]
  .near_func.text    ro code  0x00b447    0x14  DrvGT20L16S1Y.o [1]
  .near_func.text    ro code  0x00b45b    0x14  __dbg_xxexit.o [3]
  .near_func.text    ro code  0x00b46f    0x13  stm8s_clk.o [1]
  .near_func.text    ro code  0x00b482    0x13  stm8s_tim3.o [1]
  .near_func.text    ro code  0x00b495    0x13  cstartup.o [4]
  .near_func.text    ro code  0x00b4a8    0x12  ApiPocCmd.o [1]
  .near_func.text    ro code  0x00b4ba    0x12  strlen.o [4]
  .near_func.text    ro code  0x00b4cc    0x11  ApiPocCmd.o [1]
  .near.rodata       const    0x00b4dd    0x10  ApiDisplay.o [1]
  .near.rodata       const    0x00b4ed    0x10  ApiDisplay.o [1]
  .near.rodata       const    0x00b4fd    0x10  ApiKeyboard.o [1]
  .near.rodata       const    0x00b50d    0x10  ApiKeyboard.o [1]
  .near.rodata       const    0x00b51d    0x10  ApiKeyboard.o [1]
  .near.rodata       const    0x00b52d    0x10  ApiKeyboard.o [1]
  .near.rodata       const    0x00b53d    0x10  ApiKeyboard.o [1]
  .near.rodata       const    0x00b54d    0x10  ApiKeyboard.o [1]
  .near.rodata       const    0x00b55d    0x10  ApiKeyboard.o [1]
  .near.rodata       const    0x00b56d    0x10  ApiKeyboard.o [1]
  .near.rodata       const    0x00b57d    0x10  ApiKeyboard.o [1]
  .near.rodata       const    0x00b58d    0x10  ApiKeyboard.o [1]
  .near.rodata       const    0x00b59d    0x10  ApiKeyboard.o [1]
  .near.rodata       const    0x00b5ad    0x10  ApiKeyboard.o [1]
  .near.rodata       const    0x00b5bd    0x10  ApiKeyboard.o [1]
  .near.rodata       const    0x00b5cd    0x10  ApiKeyboard.o [1]
  .near.rodata       const    0x00b5dd    0x10  ApiKeyboard.o [1]
  .near.rodata       const    0x00b5ed    0x10  ApiKeyboard.o [1]
  .near.rodata       const    0x00b5fd    0x10  ApiKeyboard.o [1]
  .near.rodata       const    0x00b60d     0xf  Task.o [1]
  .near_func.text    ro code  0x00b61c     0xf  Voice.o [1]
  .near.rodata       const    0x00b62b     0xe  System.o [1]
  .near_func.text    ro code  0x00b639     0xd  stm8s_tim1.o [1]
  .near_func.text    ro code  0x00b646     0xd  stm8s_tim1.o [1]
  .near_func.text    ro code  0x00b653     0xd  stm8s_tim1.o [1]
  .near_func.text    ro code  0x00b660     0xd  stm8s_tim3.o [1]
  .near_func.text    ro code  0x00b66d     0xd  stm8s_tim3.o [1]
  .near_func.text    ro code  0x00b67a     0xd  stm8s_uart1.o [1]
  .near_func.text    ro code  0x00b687     0xc  McuConfig.o [1]
  .near_func.text    ro code  0x00b693     0xc  McuConfig.o [1]
  .near_func.text    ro code  0x00b69f     0xc  McuConfig.o [1]
  .near_func.text    ro code  0x00b6ab     0xc  McuConfig.o [1]
  .near_func.text    ro code  0x00b6b7     0xc  stm8s_tim3.o [1]
  .near.rodata       const    0x00b6c3     0xb  Task.o [1]
  .near.rodata       const    0x00b6ce     0xa  ApiAtCmd.o [1]
  .near_func.text    ro code  0x00b6d8     0xa  ApiPocCmd.o [1]
  .near.rodata       const    0x00b6e2     0x9  ApiAtCmd.o [1]
  .near.rodata       const    0x00b6eb     0x9  ApiAtCmd.o [1]
  .near.rodata       const    0x00b6f4     0x9  DrvGD83.o [1]
  .near_func.text    ro code  0x00b6fd     0x9  stm8s_gpio.o [1]
  .near_func.text    ro code  0x00b706     0x9  stm8s_tim3.o [1]
  .near.rodata       const    0x00b70f     0x8  ApiAtCmd.o [1]
  .near.rodata       const    0x00b717     0x8  ApiDisplay.o [1]
  .near.rodata       const    0x00b71f     0x8  ApiPocCmd.o [1]
  .near.rodata       const    0x00b727     0x7  ApiAtCmd.o [1]
  .near_func.text    ro code  0x00b72e     0x7  stm8s_flash.o [1]
  .near_func.text    ro code  0x00b735     0x7  stm8s_gpio.o [1]
  .near.rodata       const    0x00b73c     0x6  DrvGD83.o [1]
  .near_func.text    ro code  0x00b742     0x6  char.o [4]
  .near_func.text    ro code  0x00b748     0x5  stm8s_tim3.o [1]
  .near_func.text    ro code  0x00b74d     0x5  cexit.o [4]
  .near.rodata       const    0x00b752     0x4  stm8s_clk.o [1]
  .near_func.text    ro code  0x00b756     0x4  ApiPocCmd.o [1]
  .near_func.text    ro code  0x00b75a     0x4  ApiPocCmd.o [1]
  .near_func.text    ro code  0x00b75e     0x4  ApiPocCmd.o [1]
  .near_func.text    ro code  0x00b762     0x4  ApiPocCmd.o [1]
  .near_func.text    ro code  0x00b766     0x4  stm8s_gpio.o [1]
  .near_func.text    ro code  0x00b76a     0x4  stm8s_uart1.o [1]
  .near_func.text    ro code  0x00b76e     0x4  stm8s_uart1.o [1]
  .near.rodata       const    0x00b772     0x3  DrvGD83.o [1]
  .near_func.text    ro code  0x00b775     0x3  main.o [1]
  .near_func.text    ro code  0x00b778     0x3  interrupt.o [4]
  .near_func.text    ro code  0x00b77b     0x3  low_level_init.o [4]
  .near_func.text    ro code  0x00b77e     0x3  exit.o [4]
  .near_func.text    ro code  0x00b781     0x3  unhandled_exception.o [4]
  .near_func.text    ro code  0x00b784     0x1  stm8s_it.o [1]
  .near_func.text    ro code  0x00b785     0x1  stm8s_it.o [1]
  .near_func.text    ro code  0x00b786     0x1  stm8s_it.o [1]
  .near_func.text    ro code  0x00b787     0x1  stm8s_it.o [1]
  .near_func.text    ro code  0x00b788     0x1  stm8s_it.o [1]
  .near_func.text    ro code  0x00b789     0x1  stm8s_it.o [1]
  .near_func.text    ro code  0x00b78a     0x1  stm8s_it.o [1]
  .near_func.text    ro code  0x00b78b     0x1  stm8s_it.o [1]
  .near_func.text    ro code  0x00b78c     0x1  stm8s_it.o [1]
  .near_func.text    ro code  0x00b78d     0x1  stm8s_it.o [1]
  .near_func.text    ro code  0x00b78e     0x1  stm8s_it.o [1]
  .near_func.text    ro code  0x00b78f     0x1  stm8s_it.o [1]
  .near_func.text    ro code  0x00b790     0x1  stm8s_it.o [1]
  .near_func.text    ro code  0x00b791     0x1  stm8s_it.o [1]
  .near_func.text    ro code  0x00b792     0x1  stm8s_it.o [1]
  .near_func.text    ro code  0x00b793     0x1  stm8s_it.o [1]
  .near_func.text    ro code  0x00b794     0x1  stm8s_it.o [1]
  .near_func.text    ro code  0x00b795     0x1  stm8s_it.o [1]
  .near_func.text    ro code  0x00b796     0x1  stm8s_it.o [1]
  .near_func.text    ro code  0x00b797     0x1  stm8s_it.o [1]
  .near_func.text    ro code  0x00b798     0x1  stm8s_it.o [1]
  .near_func.text    ro code  0x00b799     0x1  stm8s_it.o [1]
  .near_func.text    ro code  0x00b79a     0x1  Task.o [1]
  .near_func.text    ro code  0x00b79b     0x1  __dbg_break.o [3]
                            - 0x00b79c  0x371c


*******************************************************************************
*** INIT TABLE
***

          Address   Size
          -------   ----
Zero (__iar_zero_init2)
    1 destination range, total size 0x119a:
          0x000055  0x119a

Copy (__iar_copy_init2)
    1 source range, total size 0x45:
          0x00ad11    0x45
    1 destination range, total size 0x45:
          0x000010    0x45



*******************************************************************************
*** MODULE SUMMARY
***

    Module                 ro code  ro data  rw data
    ------                 -------  -------  -------
E:\1-source\A508\PRJ\Debug\Obj: [1]
    ApiAtCmd.o                 369       53      132
    ApiDisplay.o               547       40      580
    ApiKeyboard.o              848      273        4
    ApiPocCmd.o                743       10    3 027
    Beep.o                     825                18
    CommonLib.o                219
    Delay.o                    505                11
    DrvGD83.o                2 275       24      707
    DrvGT20L16S1Y.o            796       40       40
    DrvHTG12832.o              537                 2
    DrvKeyboard.o            1 356
    McuConfig.o                361
    System.o                   178       14       20
    Task.o                     191      202       10
    Tone.o                     216                18
    Voice.o                    168                 6
    main.o                       3
    stm8s_clk.o                268        4
    stm8s_flash.o              158
    stm8s_gpio.o               195
    stm8s_it.o                  81
    stm8s_itc.o                257
    stm8s_tim1.o               392
    stm8s_tim3.o                71
    stm8s_uart1.o              676
    sysclock.o                 114
    ------------------------------------------------
    Total:                  12 349      660    4 575

command line: [2]
    ------------------------------------------------
    Total:

dbgstm8smd.a: [3]
    __dbg_break.o                1
    __dbg_xxexit.o              20
    ------------------------------------------------
    Total:                      21

dlstm8smn.a: [4]
    cexit.o                      5
    char.o                       6
    cstartup.o                  19
    dc_util.o                   37
    exit.o                       3
    init.o                      23
    init_small.o                70
    interrupt.o                  3      128
    long.o                     378
    long_util.o                 71
    low_level_init.o             3
    memcmp.o                    54
    move.o                      31
    short.o                     50
    strlen.o                    18
    unhandled_exception.o        3
    vreg_util.o                286
    vregs.o                                       16
    ------------------------------------------------
    Total:                   1 060      128       16

    Linker created                       18      256
----------------------------------------------------
    Grand Total:            13 430      806    4 847


*******************************************************************************
*** ENTRY LIST
***

Entry                    Address   Size  Type      Object
-----                    -------   ----  ----      ------
.iar.init_table$$Base   0x00b250          --   Gb  - Linker created -
.iar.init_table$$Limit  0x00b262          --   Gb  - Linker created -
?add32_l0_l0_0x         0x009399         Code  Gb  long.o [4]
?add32_l0_l0_l1         0x009396         Code  Gb  long.o [4]
?b0                     0x000000         Data  Gb  vregs.o [4]
?b1                     0x000001         Data  Gb  vregs.o [4]
?b10                    0x00000a         Data  Gb  vregs.o [4]
?b11                    0x00000b         Data  Gb  vregs.o [4]
?b12                    0x00000c         Data  Gb  vregs.o [4]
?b13                    0x00000d         Data  Gb  vregs.o [4]
?b14                    0x00000e         Data  Gb  vregs.o [4]
?b15                    0x00000f         Data  Gb  vregs.o [4]
?b2                     0x000002         Data  Gb  vregs.o [4]
?b3                     0x000003         Data  Gb  vregs.o [4]
?b4                     0x000004         Data  Gb  vregs.o [4]
?b5                     0x000005         Data  Gb  vregs.o [4]
?b6                     0x000006         Data  Gb  vregs.o [4]
?b7                     0x000007         Data  Gb  vregs.o [4]
?b8                     0x000008         Data  Gb  vregs.o [4]
?b9                     0x000009         Data  Gb  vregs.o [4]
?dc32_l0                0x00b19c         Code  Gb  dc_util.o [4]
?dc32_l1                0x00b1a9         Code  Gb  dc_util.o [4]
?dc32_px                0x00b1b6         Code  Gb  dc_util.o [4]
?e0                     0x000001         Data  Gb  vregs.o [4]
?e1                     0x000005         Data  Gb  vregs.o [4]
?e2                     0x000009         Data  Gb  vregs.o [4]
?e3                     0x00000d         Data  Gb  vregs.o [4]
?epilogue_l2            0x00995a         Code  Gb  vreg_util.o [4]
?epilogue_l2_l3         0x009957         Code  Gb  vreg_util.o [4]
?epilogue_l2_w6         0x00995e         Code  Gb  vreg_util.o [4]
?epilogue_w4            0x009965         Code  Gb  vreg_util.o [4]
?l0                     0x000000         Data  Gb  vregs.o [4]
?l1                     0x000004         Data  Gb  vregs.o [4]
?l2                     0x000008         Data  Gb  vregs.o [4]
?l3                     0x00000c         Data  Gb  vregs.o [4]
?load32_0x_l0           0x00ad03         Code  Gb  long_util.o [4]
?load32_asp_l0          0x00acf7         Code  Gb  long_util.o [4]
?load32_dbsp_l0         0x00acf2         Code  Gb  long_util.o [4]
?load32_l0_0x           0x00acda         Code  Gb  long_util.o [4]
?load32_l0_asp          0x00accf         Code  Gb  long_util.o [4]
?load32_l0_dbsp         0x00acca         Code  Gb  long_util.o [4]
?load32_l0_xsp          0x00acd1         Code  Gb  long_util.o [4]
?load32_l1_0x           0x00ace6         Code  Gb  long_util.o [4]
?load32_xsp_l0          0x00acf9         Code  Gb  long_util.o [4]
?longfarg16_v_w0_a      0x00b2ae         Code  Gb  move.o [4]
?longfarg16_v_w0_x      0x00b2b0         Code  Gb  move.o [4]
?mov_e0_e1              0x00996c         Code  Gb  vreg_util.o [4]
?mov_e0_e2              0x009979         Code  Gb  vreg_util.o [4]
?mov_e0_e3              0x009986         Code  Gb  vreg_util.o [4]
?mov_e1_e0              0x009993         Code  Gb  vreg_util.o [4]
?mov_e1_e2              0x0099a0         Code  Gb  vreg_util.o [4]
?mov_e1_e3              0x0099ad         Code  Gb  vreg_util.o [4]
?mov_e2_e0              0x0099ba         Code  Gb  vreg_util.o [4]
?mov_e3_e0              0x0099c7         Code  Gb  vreg_util.o [4]
?mov_l0_l1              0x009969         Code  Gb  vreg_util.o [4]
?mov_l0_l2              0x009976         Code  Gb  vreg_util.o [4]
?mov_l0_l3              0x009983         Code  Gb  vreg_util.o [4]
?mov_l1_l0              0x009990         Code  Gb  vreg_util.o [4]
?mov_l1_l2              0x00999d         Code  Gb  vreg_util.o [4]
?mov_l1_l3              0x0099aa         Code  Gb  vreg_util.o [4]
?mov_l2_l0              0x0099b7         Code  Gb  vreg_util.o [4]
?mov_l3_l0              0x0099c4         Code  Gb  vreg_util.o [4]
?mov_w1_w3              0x00996f         Code  Gb  vreg_util.o [4]
?mov_w1_w5              0x00997c         Code  Gb  vreg_util.o [4]
?mov_w1_w7              0x009989         Code  Gb  vreg_util.o [4]
?mov_w3_w1              0x009996         Code  Gb  vreg_util.o [4]
?mov_w3_w5              0x0099a3         Code  Gb  vreg_util.o [4]
?mov_w3_w7              0x0099b0         Code  Gb  vreg_util.o [4]
?mov_w5_w1              0x0099bd         Code  Gb  vreg_util.o [4]
?mov_w7_w1              0x0099ca         Code  Gb  vreg_util.o [4]
?move1616_v_x_y_a       0x00b2a1         Code  Gb  move.o [4]
?mul16_x_x_w0           0x00af42         Code  Gb  short.o [4]
?mul32_l0_l0_0x         0x0093cf         Code  Gb  long.o [4]
?mul32_l0_l0_dl         0x0093cc         Code  Gb  long.o [4]
?mul32_l0_l0_l1         0x0093d8         Code  Gb  long.o [4]
?or32_l0_l0_0x          0x0094cb         Code  Gb  long.o [4]
?pop_l0                 0x009923         Code  Gb  vreg_util.o [4]
?pop_l1                 0x00992e         Code  Gb  vreg_util.o [4]
?pop_l2                 0x009939         Code  Gb  vreg_util.o [4]
?pop_l3                 0x009944         Code  Gb  vreg_util.o [4]
?pop_w4                 0x0098d5         Code  Gb  vreg_util.o [4]
?pop_w6                 0x0098dc         Code  Gb  vreg_util.o [4]
?pop_w7                 0x0098e3         Code  Gb  vreg_util.o [4]
?push_l0                0x0098f2         Code  Gb  vreg_util.o [4]
?push_l1                0x0098f7         Code  Gb  vreg_util.o [4]
?push_l2                0x0098fc         Code  Gb  vreg_util.o [4]
?push_l3                0x009901         Code  Gb  vreg_util.o [4]
?push_w4                0x0098b3         Code  Gb  vreg_util.o [4]
?push_w6                0x0098b8         Code  Gb  vreg_util.o [4]
?push_w7                0x0098bd         Code  Gb  vreg_util.o [4]
?sext32_l0_x            0x009505         Code  Gb  long.o [4]
?sll16_x_x_4            0x00af6a         Code  Gb  short.o [4]
?sll16_x_x_5            0x00af69         Code  Gb  short.o [4]
?sll16_x_x_6            0x00af68         Code  Gb  short.o [4]
?sll16_x_x_a            0x00af60         Code  Gb  short.o [4]
?sll32_0x_0x_a          0x0094e6         Code  Gb  long.o [4]
?sll32_l0_l0_a          0x0094e3         Code  Gb  long.o [4]
?srl16_x_x_4            0x00af6f         Code  Gb  short.o [4]
?srl32_0x_0x_a          0x0094f7         Code  Gb  long.o [4]
?srl32_l0_l0_a          0x0094f4         Code  Gb  long.o [4]
?srl8_a_a_5             0x00b743         Code  Gb  char.o [4]
?srl8_a_a_6             0x00b742         Code  Gb  char.o [4]
?sub32_l0_l0_0x         0x0093b4         Code  Gb  long.o [4]
?sub32_l0_l0_l1         0x0093b1         Code  Gb  long.o [4]
?udiv32_l0_dl_l1        0x009456         Code  Gb  long.o [4]
?udiv32_l0_l0_dl        0x00945b         Code  Gb  long.o [4]
?udiv32_l0_l0_l1        0x00945e         Code  Gb  long.o [4]
?umod32_l1_l0_l1        0x00945e         Code  Gb  long.o [4]
?w0                     0x000000         Data  Gb  vregs.o [4]
?w1                     0x000002         Data  Gb  vregs.o [4]
?w2                     0x000004         Data  Gb  vregs.o [4]
?w3                     0x000006         Data  Gb  vregs.o [4]
?w4                     0x000008         Data  Gb  vregs.o [4]
?w5                     0x00000a         Data  Gb  vregs.o [4]
?w6                     0x00000c         Data  Gb  vregs.o [4]
?w7                     0x00000e         Data  Gb  vregs.o [4]
ADC2_IRQHandler         0x00b797    0x1  Code  Gb  stm8s_it.o [1]
AF_Mute_Init            0x00b693    0xc  Code  Gb  McuConfig.o [1]
AUDIO_IOAFMUT           0x00b3d7   0x17  Code  Gb  McuConfig.o [1]
AUDIO_IOAFPOW           0x00b3ee   0x17  Code  Gb  McuConfig.o [1]
AWU_IRQHandler          0x00b786    0x1  Code  Gb  stm8s_it.o [1]
ApiAtCmd_10msRenew      0x00a547   0x7f  Code  Gb  ApiAtCmd.o [1]
ApiAtCmd_GetGroupName   0x00b4cc   0x11  Code  Gb  ApiPocCmd.o [1]
ApiAtCmd_GetGroupNameLen
                        0x00b4a8   0x12  Code  Gb  ApiPocCmd.o [1]
ApiAtCmd_GetGroupNum    0x00b75e    0x4  Code  Gb  ApiPocCmd.o [1]
ApiAtCmd_GetLoginState  0x00b6d8    0xa  Code  Gb  ApiPocCmd.o [1]
ApiAtCmd_GetMainGroupId
                        0x00b762    0x4  Code  Gb  ApiPocCmd.o [1]
ApiAtCmd_GetMainWorkName
                        0x00b756    0x4  Code  Gb  ApiPocCmd.o [1]
ApiAtCmd_GetMainWorkNameLen
                        0x00b75a    0x4  Code  Gb  ApiPocCmd.o [1]
ApiAtCmd_PlayVoice      0x00a78b   0x68  Code  Gb  ApiAtCmd.o [1]
ApiAtCmd_WritCommand    0x00aac0   0x4d  Code  Gb  ApiAtCmd.o [1]
ApiCaretCmd_10msRenew   0x00ad99   0x3d  Code  Gb  ApiAtCmd.o [1]
ApiPocCmd_10msRenew     0x008e26  0x1ef  Code  Gb  ApiPocCmd.o [1]
ApiPocCmd_WritCommand   0x009e52   0xbb  Code  Gb  ApiPocCmd.o [1]
AtCmdDrvobj             0x0010b0   0x77  Data  Lc  ApiAtCmd.o [1]
AtNotify_Queue          0x0080cc   0x4c  Code  Lc  DrvGD83.o [1]
AtNotify_Queue_Start    0x008118   0x55  Code  Lc  DrvGD83.o [1]
BEEP_Interrupt10ms      0x00b330   0x1a  Code  Gb  Beep.o [1]
BEEP_PowerOnInitial     0x0088e6   0xbc  Code  Gb  Beep.o [1]
BEEP_SetOutput          0x0086b5  0x231  Code  Gb  Beep.o [1]
BEEP_Time               0x00aede   0x32  Code  Gb  Beep.o [1]
BaseAdd                 0x00002b   0x20  Data  Gb  DrvGT20L16S1Y.o [1]
BeepDrvObj              0x0011ad   0x12  Data  Lc  Beep.o [1]
BitTab                  0x00b717    0x8  Data  Gb  ApiDisplay.o [1]
BootProcess_PPPCFG_Flag
                        0x0011e9    0x1  Data  Gb  ApiAtCmd.o [1]
BootProcess_SIMST_Flag  0x0011e8    0x1  Data  Gb  ApiAtCmd.o [1]
CHAR_HIGH               0x00b4dd   0x10  Data  Gb  ApiDisplay.o [1]
CHAR_WIDTH              0x00b4ed   0x10  Data  Gb  ApiDisplay.o [1]
CLK_ClockSwitchConfig   0x00a1c2   0xa2  Code  Gb  stm8s_clk.o [1]
CLK_GetClockFreq        0x00a974   0x57  Code  Gb  stm8s_clk.o [1]
CLK_HSIPrescalerConfig  0x00b46f   0x13  Code  Gb  stm8s_clk.o [1]
CLK_IRQHandler          0x00b787    0x1  Code  Gb  stm8s_it.o [1]
COML_AscToHex           0x009d77   0xdb  Code  Gb  CommonLib.o [1]
CSTACK$$Base            0x001700          --   Gb  - Linker created -
CSTACK$$Limit           0x001800          --   Gb  - Linker created -
C_TEST_OUT_SET          0x00b6ab    0xc  Code  Gb  McuConfig.o [1]
CaretNotify_Queue       0x00ab0d   0x4c  Code  Lc  DrvGD83.o [1]
CaretNotify_Queue_Start
                        0x0081c2   0x55  Code  Lc  DrvGD83.o [1]
DEL_1msProcess          0x00aff2    0x9  Code  Lc  Delay.o [1]
DEL_500msProcess        0x00afd4   0x1e  Code  Lc  Delay.o [1]
DEL_GetTimer            0x00a9cb   0x54  Code  Gb  Delay.o [1]
DEL_Interrupt           0x00a120   0xa2  Code  Gb  Delay.o [1]
DEL_PowerOnInitial      0x00b282   0x1f  Code  Gb  Delay.o [1]
DEL_Renew               0x00affb    0x6  Code  Gb  Delay.o [1]
DEL_SetTimer            0x00a640   0x73  Code  Gb  Delay.o [1]
DEL_Soft1ms             0x00b2de   0x1c  Code  Gb  Delay.o [1]
DEL_TimerRenew          0x00b0d7   0x28  Code  Lc  Delay.o [1]
DISP_DataBuf            0x009c98   0xdf  Code  Lc  ApiDisplay.o [1]
DISP_MulTypePro         0x009f0d   0xb2  Code  Lc  ApiDisplay.o [1]
DefaultSystemClockForHSI
                        0x00b315   0x1b  Code  Gb  sysclock.o [1]
DelDrvObj               0x0011d1    0xb  Data  Lc  Delay.o [1]
DisDataBit              0x001127   0x40  Data  Gb  ApiDisplay.o [1]
DisDataBuf              0x000eb0  0x200  Data  Gb  ApiDisplay.o [1]
DisDrvObj               0x0011e2    0x4  Data  Lc  ApiDisplay.o [1]
DrvGD83DrvObj           0x000c26  0x28a  Data  Lc  DrvGD83.o [1]
DrvGD83_Init            0x00b362   0x18  Code  Gb  McuConfig.o [1]
DrvGD83_UART_TxCommand  0x00a5c6   0x7a  Code  Gb  DrvGD83.o [1]
DrvMC8332_AtNotify_Queue_front
                        0x00ac38   0x49  Code  Gb  DrvGD83.o [1]
DrvMC8332_CaretNotify_Queue_front
                        0x00abef   0x49  Code  Gb  DrvGD83.o [1]
DrvMC8332_PocNotify_Queue_front
                        0x00ac81   0x49  Code  Gb  DrvGD83.o [1]
DrvMC8332_TxPort_SetValidable
                        0x00b02e   0x2c  Code  Gb  DrvGD83.o [1]
DrvMC8332_UART_Interrupt
                        0x00836c  0x349  Code  Gb  DrvGD83.o [1]
DrvMc8332_UART_TxTail   0x009bb7   0xe1  Code  Gb  DrvGD83.o [1]
EEPROM_EEC_IRQHandler   0x00b799    0x1  Code  Gb  stm8s_it.o [1]
EXTI_PORTA_IRQHandler   0x00b788    0x1  Code  Gb  stm8s_it.o [1]
EXTI_PORTB_IRQHandler   0x00b789    0x1  Code  Gb  stm8s_it.o [1]
EXTI_PORTC_IRQHandler   0x00b78a    0x1  Code  Gb  stm8s_it.o [1]
EXTI_PORTD_IRQHandler   0x00b78b    0x1  Code  Gb  stm8s_it.o [1]
EXTI_PORTE_IRQHandler   0x00b78c    0x1  Code  Gb  stm8s_it.o [1]
FLASH_EraseOptionByte   0x00b127   0x27  Code  Gb  stm8s_flash.o [1]
FLASH_Lock              0x00b72e    0x7  Code  Gb  stm8s_flash.o [1]
FLASH_ProgramOptionByte
                        0x00b1e5   0x24  Code  Gb  stm8s_flash.o [1]
FLASH_Unlock            0x00b41c   0x16  Code  Gb  stm8s_flash.o [1]
FLASH_WaitForLastOperation
                        0x00ae0c   0x36  Code  Gb  stm8s_flash.o [1]
GD83_ON                 0x00b37a   0x18  Code  Gb  McuConfig.o [1]
GPIO_Init               0x00a071   0xaf  Code  Gb  stm8s_gpio.o [1]
GPIO_ReadInputPin       0x00b6fd    0x9  Code  Gb  stm8s_gpio.o [1]
GPIO_WriteHigh          0x00b735    0x7  Code  Gb  stm8s_gpio.o [1]
GPIO_WriteLow           0x00b766    0x4  Code  Gb  stm8s_gpio.o [1]
GT20_DelTime            0x00b447   0x14  Code  Lc  DrvGT20L16S1Y.o [1]
GT20_GetData            0x00a8bb   0x5f  Code  Lc  DrvGT20L16S1Y.o [1]
GT20_GetDisData         0x00add6   0x36  Code  Lc  DrvGT20L16S1Y.o [1]
GT20_SendByte           0x00a91a   0x5a  Code  Lc  DrvGT20L16S1Y.o [1]
GT20_SendCommand        0x00ab59   0x4c  Code  Lc  DrvGT20L16S1Y.o [1]
GroupCallingNum         0x00001a    0x1  Data  Gb  ApiKeyboard.o [1]
HSE_ClockStartUpConfiguration
                        0x00afa4   0x30  Code  Lc  sysclock.o [1]
HSIDivFactor            0x00b752    0x4  Data  Gb  stm8s_clk.o [1]
HtgDrvObj               0x0011e6    0x2  Data  Lc  DrvHTG12832.o [1]
I2C_IRQHandler          0x00b794    0x1  Code  Gb  stm8s_it.o [1]
INTVEC$$Base            0x008000          --   Gb  - Linker created -
INTVEC$$Limit           0x008080          --   Gb  - Linker created -
ITC_SetSoftwarePriority
                        0x0099d1  0x101  Code  Gb  stm8s_itc.o [1]
KeyDownCount            0x0011eb    0x1  Data  Gb  ApiKeyboard.o [1]
KeyUpCount              0x0011ec    0x1  Data  Gb  ApiKeyboard.o [1]
Key_Flag_1              0x0011ed    0x1  Data  Gb  ApiKeyboard.o [1]
Key_Init                0x00af74   0x30  Code  Gb  McuConfig.o [1]
Keyboard_Test           0x0089a2  0x26b  Code  Gb  ApiKeyboard.o [1]
LED_Init                0x00b34a   0x18  Code  Gb  McuConfig.o [1]
MIC_GPIO_Init           0x00b687    0xc  Code  Gb  McuConfig.o [1]
MIC_IOMUT               0x00b3c0   0x17  Code  Gb  McuConfig.o [1]
Noise_Mute_Init         0x00b69f    0xc  Code  Gb  McuConfig.o [1]
Notify_Queue_Stop       0x008217  0x155  Code  Lc  DrvGD83.o [1]
PocCmdDrvobj            0x000055  0xbd1  Data  Lc  ApiPocCmd.o [1]
PocNotify_Queue         0x008080   0x4c  Code  Lc  DrvGD83.o [1]
PocNotify_Queue_Start   0x00816d   0x55  Code  Lc  DrvGD83.o [1]
Region$$Table$$Base     0x00b250          --   Gb  - Linker created -
Region$$Table$$Limit    0x00b262          --   Gb  - Linker created -
SPI_IRQHandler          0x00b78d    0x1  Code  Gb  stm8s_it.o [1]
Set_GreenLed            0x00b392   0x17  Code  Gb  McuConfig.o [1]
Set_RedLed              0x00b3a9   0x17  Code  Gb  McuConfig.o [1]
SystemClock_Init        0x00b14e   0x27  Code  Gb  sysclock.o [1]
TASK_WriteFreq          0x00b79a    0x1  Code  Gb  Task.o [1]
TIM1_CAP_COM_IRQHandler
                        0x00b78f    0x1  Code  Gb  stm8s_it.o [1]
TIM1_CCxCmd             0x00ad56   0x43  Code  Gb  stm8s_tim1.o [1]
TIM1_Cmd                0x00b639    0xd  Code  Gb  stm8s_tim1.o [1]
TIM1_CtrlPWMOutputs     0x00b646    0xd  Code  Gb  stm8s_tim1.o [1]
TIM1_DeInit             0x00a264   0x99  Code  Gb  stm8s_tim1.o [1]
TIM1_OC1Init            0x00a85a   0x61  Code  Gb  stm8s_tim1.o [1]
TIM1_OC1PreloadConfig   0x00b653    0xd  Code  Gb  stm8s_tim1.o [1]
TIM1_PWM_Init           0x00aa72   0x4e  Code  Gb  Tone.o [1]
TIM1_TimeBaseInit       0x00b209   0x24  Code  Gb  stm8s_tim1.o [1]
TIM1_UPD_OVF_TRG_BRK_IRQHandler
                        0x00b78e    0x1  Code  Gb  stm8s_it.o [1]
TIM2_CAP_COM_IRQHandler
                        0x00b791    0x1  Code  Gb  stm8s_it.o [1]
TIM2_UPD_OVF_BRK_IRQHandler
                        0x00b790    0x1  Code  Gb  stm8s_it.o [1]
TIM3_ARRPreloadConfig   0x00b66d    0xd  Code  Gb  stm8s_tim3.o [1]
TIM3_CAP_COM_IRQHandler
                        0x00b792    0x1  Code  Gb  stm8s_it.o [1]
TIM3_ClearITPendingBit  0x00b748    0x5  Code  Gb  stm8s_tim3.o [1]
TIM3_Cmd                0x00b660    0xd  Code  Gb  stm8s_tim3.o [1]
TIM3_ITConfig           0x00b482   0x13  Code  Gb  stm8s_tim3.o [1]
TIM3_PrescalerConfig    0x00b706    0x9  Code  Gb  stm8s_tim3.o [1]
TIM3_TimeBaseInit       0x00b6b7    0xc  Code  Gb  stm8s_tim3.o [1]
TIM3_UPD_OVF_BRK_IRQHandler
                        0x00b2fa   0x1b  Code  Gb  stm8s_it.o [1]
TIM4_UPD_OVF_IRQHandler
                        0x00b798    0x1  Code  Gb  stm8s_it.o [1]
TLI_IRQHandler          0x00b785    0x1  Code  Gb  stm8s_it.o [1]
TONE_PowerOnInitial     0x00a7f3   0x67  Code  Gb  Tone.o [1]
TONE_Start              0x00b235   0x1b  Code  Gb  Tone.o [1]
TONE_Stop               0x00b22d    0x8  Code  Gb  Tone.o [1]
TRAP_IRQHandler         0x00b784    0x1  Code  Gb  stm8s_it.o [1]
TaskDrvObj              0x001199   0x14  Data  Lc  System.o [1]
Task_RunNormalOperation
                        0x00b175   0x27  Code  Gb  Task.o [1]
Task_RunStart           0x00a396   0x97  Code  Gb  Task.o [1]
Tim3_Timer_Init         0x00b1c1   0x24  Code  Gb  McuConfig.o [1]
TimeVal                 0x000023    0x8  Data  Gb  DrvGT20L16S1Y.o [1]
ToneDrvObj              0x0011bf   0x12  Data  Lc  Tone.o [1]
UART1_Cmd               0x00b67a    0xd  Code  Gb  stm8s_uart1.o [1]
UART1_DeInit            0x00b001   0x2d  Code  Gb  stm8s_uart1.o [1]
UART1_GetFlagStatus     0x00af10   0x32  Code  Gb  stm8s_uart1.o [1]
UART1_GetITStatus       0x00a42d   0x90  Code  Gb  stm8s_uart1.o [1]
UART1_ITConfig          0x00a71f   0x6c  Code  Gb  stm8s_uart1.o [1]
UART1_Init              0x00977f  0x134  Code  Gb  stm8s_uart1.o [1]
UART1_RX_IRQHandler     0x00b262   0x20  Code  Gb  stm8s_it.o [1]
UART1_ReceiveData8      0x00b76a    0x4  Code  Gb  stm8s_uart1.o [1]
UART1_SendData8         0x00b76e    0x4  Code  Gb  stm8s_uart1.o [1]
UART1_TX_IRQHandler     0x00b793    0x1  Code  Gb  stm8s_it.o [1]
UART3_RX_IRQHandler     0x00b796    0x1  Code  Gb  stm8s_it.o [1]
UART3_TX_IRQHandler     0x00b795    0x1  Code  Gb  stm8s_it.o [1]
Uart1_Init              0x00b084   0x2a  Code  Gb  McuConfig.o [1]
VOICE_1sProcess         0x00b61c    0xf  Code  Gb  Voice.o [1]
VOICE_Renew             0x00a2fd   0x70  Code  Gb  Voice.o [1]
VOICE_SetOutput         0x00a36d   0x29  Code  Gb  Voice.o [1]
VoiceDrvObj             0x0011dc    0x6  Data  Lc  Voice.o [1]
VoiceEnd_Flag           0x0011ea    0x1  Data  Gb  ApiAtCmd.o [1]
__DebugBreak            0x00b79b    0x1  Code  Gb  __dbg_break.o [3]
__exit                  0x00b45b   0x14  Code  Gb  __dbg_xxexit.o [3]
__iar_copy_init2        0x00b0ff         Code  Gb  init_small.o [4]
__iar_data_init2        0x00b405   0x17  Code  Gb  init.o [4]
__iar_program_start     0x00b495         Code  Gb  cstartup.o [4]
__iar_unhandled_exception
                        0x00b781         Code  Gb  unhandled_exception.o [4]
__iar_zero_init2        0x00b2c0         Code  Gb  init_small.o [4]
__intvec                0x008000         Data  Gb  interrupt.o [4]
__low_level_init        0x00b77b    0x3  Code  Gb  low_level_init.o [4]
_exit                   0x00b74d         Code  Gb  cexit.o [4]
_interrupt_1            0x00b784         Code  Gb  stm8s_it.o [1]
_interrupt_12           0x00b78d         Code  Gb  stm8s_it.o [1]
_interrupt_13           0x00b78e         Code  Gb  stm8s_it.o [1]
_interrupt_14           0x00b78f         Code  Gb  stm8s_it.o [1]
_interrupt_15           0x00b790         Code  Gb  stm8s_it.o [1]
_interrupt_16           0x00b791         Code  Gb  stm8s_it.o [1]
_interrupt_17           0x00b2fa         Code  Gb  stm8s_it.o [1]
_interrupt_18           0x00b792         Code  Gb  stm8s_it.o [1]
_interrupt_19           0x00b793         Code  Gb  stm8s_it.o [1]
_interrupt_2            0x00b785         Code  Gb  stm8s_it.o [1]
_interrupt_20           0x00b262         Code  Gb  stm8s_it.o [1]
_interrupt_21           0x00b794         Code  Gb  stm8s_it.o [1]
_interrupt_22           0x00b795         Code  Gb  stm8s_it.o [1]
_interrupt_23           0x00b796         Code  Gb  stm8s_it.o [1]
_interrupt_24           0x00b797         Code  Gb  stm8s_it.o [1]
_interrupt_25           0x00b798         Code  Gb  stm8s_it.o [1]
_interrupt_26           0x00b799         Code  Gb  stm8s_it.o [1]
_interrupt_3            0x00b786         Code  Gb  stm8s_it.o [1]
_interrupt_4            0x00b787         Code  Gb  stm8s_it.o [1]
_interrupt_5            0x00b788         Code  Gb  stm8s_it.o [1]
_interrupt_6            0x00b789         Code  Gb  stm8s_it.o [1]
_interrupt_7            0x00b78a         Code  Gb  stm8s_it.o [1]
_interrupt_8            0x00b78b         Code  Gb  stm8s_it.o [1]
_interrupt_9            0x00b78c         Code  Gb  stm8s_it.o [1]
api_disp_all_screen_refresh
                        0x00aba5   0x4a  Code  Gb  ApiDisplay.o [1]
api_disp_char_output    0x00b432   0x15  Code  Gb  ApiDisplay.o [1]
api_lcd_pwr_on_hint     0x00ae78   0x33  Code  Gb  ApiDisplay.o [1]
drv_gt20_data_output    0x0091fc  0x19a  Code  Gb  DrvGT20L16S1Y.o [1]
drv_gt20_pwr_on_init    0x00aedb    0x3  Code  Gb  DrvGT20L16S1Y.o [1]
drv_htg_clr_allscr      0x008d2b   0x31  Code  Gb  DrvHTG12832.o [1]
drv_htg_pwr_on_init     0x008e1d    0x9  Code  Gb  DrvHTG12832.o [1]
drv_htg_reset           0x008c0d    0x5  Code  Gb  DrvHTG12832.o [1]
drv_htg_set_address     0x008c81   0x3b  Code  Gb  DrvHTG12832.o [1]
drv_htg_write_command   0x008c12   0x6f  Code  Gb  DrvHTG12832.o [1]
drv_htg_write_data      0x008cbc   0x6f  Code  Gb  DrvHTG12832.o [1]
drv_keypad_scan         0x009015  0x1e7  Code  Gb  DrvKeyboard.o [1]
exit                    0x00b77e    0x3  Code  Gb  exit.o [4]
get_key_value           0x009ad2   0xe5  Code  Gb  ApiKeyboard.o [1]
htg_delay_ms            0x008d5c   0x1e  Code  Lc  DrvHTG12832.o [1]
htg_initial             0x008d7a   0x5b  Code  Lc  DrvHTG12832.o [1]
key_scan_board          0x009510  0x139  Code  Gb  DrvKeyboard.o [1]
main                    0x00b775    0x3  Code  Gb  main.o [1]
main_app                0x009fbf   0xb2  Code  Gb  System.o [1]
mcu_gt20_initial        0x00aeab   0x30  Code  Lc  DrvGT20L16S1Y.o [1]
mcu_key_pad_out         0x00a4bd   0x8a  Code  Gb  DrvKeyboard.o [1]
mcu_key_pad_read        0x00a6b3   0x6c  Code  Gb  DrvKeyboard.o [1]
mcu_key_pad_set         0x009649  0x136  Code  Gb  DrvKeyboard.o [1]
mcu_lcd_initial         0x008dd5   0x48  Code  Lc  DrvHTG12832.o [1]
memcmp                  0x00ae42   0x36  Code  Gb  memcmp.o [4]
strlen                  0x00b4ba   0x12  Code  Gb  strlen.o [4]
ucAtPocHead             0x00001b    0x2  Data  Gb  ApiPocCmd.o [1]
ucCaretPPPCFG           0x000018    0x2  Data  Gb  ApiAtCmd.o [1]
ucOSSYSHWID             0x00004b    0x2  Data  Gb  Task.o [1]
ucPPPCFG                0x00004d    0x2  Data  Gb  Task.o [1]
ucPlayZtts              0x000010    0x2  Data  Gb  ApiAtCmd.o [1]
ucPocOpenConfig         0x000053    0x2  Data  Gb  Task.o [1]
ucRxCheckCard           0x000012    0x2  Data  Gb  ApiAtCmd.o [1]
ucRxOkHeadInfo          0x000021    0x2  Data  Gb  DrvGD83.o [1]
ucRxPocHeadInfo         0x00001f    0x2  Data  Gb  DrvGD83.o [1]
ucRxZTTS0               0x000014    0x2  Data  Gb  ApiAtCmd.o [1]
ucSIMST                 0x000016    0x2  Data  Gb  ApiAtCmd.o [1]
ucSetParamConfig        0x000051    0x2  Data  Gb  Task.o [1]
ucTxPocHeadInfo         0x00001d    0x2  Data  Gb  DrvGD83.o [1]
ucZTTS_Abell            0x00004f    0x2  Data  Gb  Task.o [1]


[1] = E:\1-source\A508\PRJ\Debug\Obj
[2] = command line
[3] = dbgstm8smd.a
[4] = dlstm8smn.a

  13 430 bytes of readonly  code memory
     806 bytes of readonly  data memory
   4 847 bytes of readwrite data memory

Errors: none
Warnings: none
