###############################################################################
#
# IAR ELF Linker V2.20.1.176 for STM8                     01/Dec/2017  17:04:38
# Copyright 2010-2015 IAR Systems AB.
#
#    Output file  =  E:\1-source\A508\PRJ\Debug\Exe\A508_DEMO1.out
#    Map file     =  E:\1-source\A508\PRJ\Debug\List\A508_DEMO1.map
#    Command line =  
#        E:\1-source\A508\PRJ\Debug\Obj\ApiAtCmd.o
#        E:\1-source\A508\PRJ\Debug\Obj\ApiDisplay.o
#        E:\1-source\A508\PRJ\Debug\Obj\ApiKeyboard.o
#        E:\1-source\A508\PRJ\Debug\Obj\ApiLED.o
#        E:\1-source\A508\PRJ\Debug\Obj\ApiPocCmd.o
#        E:\1-source\A508\PRJ\Debug\Obj\Beep.o
#        E:\1-source\A508\PRJ\Debug\Obj\CommonLib.o
#        E:\1-source\A508\PRJ\Debug\Obj\Delay.o
#        E:\1-source\A508\PRJ\Debug\Obj\DrvGD83.o
#        E:\1-source\A508\PRJ\Debug\Obj\DrvGT20L16S1Y.o
#        E:\1-source\A508\PRJ\Debug\Obj\DrvHTG12832.o
#        E:\1-source\A508\PRJ\Debug\Obj\DrvKeyboard.o
#        E:\1-source\A508\PRJ\Debug\Obj\main.o
#        E:\1-source\A508\PRJ\Debug\Obj\McuConfig.o
#        E:\1-source\A508\PRJ\Debug\Obj\stm8s_adc2.o
#        E:\1-source\A508\PRJ\Debug\Obj\stm8s_awu.o
#        E:\1-source\A508\PRJ\Debug\Obj\stm8s_beep.o
#        E:\1-source\A508\PRJ\Debug\Obj\stm8s_clk.o
#        E:\1-source\A508\PRJ\Debug\Obj\stm8s_exti.o
#        E:\1-source\A508\PRJ\Debug\Obj\stm8s_flash.o
#        E:\1-source\A508\PRJ\Debug\Obj\stm8s_gpio.o
#        E:\1-source\A508\PRJ\Debug\Obj\stm8s_i2c.o
#        E:\1-source\A508\PRJ\Debug\Obj\stm8s_it.o
#        E:\1-source\A508\PRJ\Debug\Obj\stm8s_itc.o
#        E:\1-source\A508\PRJ\Debug\Obj\stm8s_iwdg.o
#        E:\1-source\A508\PRJ\Debug\Obj\stm8s_rst.o
#        E:\1-source\A508\PRJ\Debug\Obj\stm8s_spi.o
#        E:\1-source\A508\PRJ\Debug\Obj\stm8s_tim1.o
#        E:\1-source\A508\PRJ\Debug\Obj\stm8s_tim2.o
#        E:\1-source\A508\PRJ\Debug\Obj\stm8s_tim3.o
#        E:\1-source\A508\PRJ\Debug\Obj\stm8s_tim4.o
#        E:\1-source\A508\PRJ\Debug\Obj\stm8s_uart1.o
#        E:\1-source\A508\PRJ\Debug\Obj\stm8s_uart3.o
#        E:\1-source\A508\PRJ\Debug\Obj\stm8s_wwdg.o
#        E:\1-source\A508\PRJ\Debug\Obj\sysclock.o
#        E:\1-source\A508\PRJ\Debug\Obj\System.o
#        E:\1-source\A508\PRJ\Debug\Obj\Task.o
#        E:\1-source\A508\PRJ\Debug\Obj\Tone.o
#        E:\1-source\A508\PRJ\Debug\Obj\Voice.o --redirect _Printf=_PrintfSmall
#        --redirect _Scanf=_ScanfSmall -o
#        E:\1-source\A508\PRJ\Debug\Exe\A508_DEMO1.out --map
#        E:\1-source\A508\PRJ\Debug\List\A508_DEMO1.map --config "C:\Program
#        Files\IAR Systems\Embedded Workbench
#        7.3\stm8\config\lnkstm8s007c8.icf" --config_def _CSTACK_SIZE=0x100
#        --config_def _HEAP_SIZE=0x100 --entry __iar_program_start --debug_lib
#
###############################################################################

*******************************************************************************
*** RUNTIME MODEL ATTRIBUTES
***

__SystemLibrary            = DLib
__code_model               = small
__core                     = stm8
__data_model               = medium
__dlib_file_descriptor     = 0
__dlib_full_locale_support = 0
__rt_version               = 4


*******************************************************************************
*** PLACEMENT SUMMARY
***

"A1":  place at start of [0x000000-0x0000ff] { rw section .vregs };
"A2":  place at end of [0x000000-0x0017ff] { block CSTACK };
"P2":  place in [from 0x000000 to 0x0017ff] {
          block HEAP, rw section __DLIB_PERTHREAD, rw section .far.bss,
          rw section .far.data, rw section .far.noinit,
          rw section .far_func.textrw, rw section .huge.bss,
          rw section .huge.data, rw section .huge.noinit,
          rw section .huge_func.textrw, rw section .iar.dynexit,
          rw section .near.bss, rw section .near.data, rw section .near.noinit,
          rw section .near_func.textrw };
"A3":  place at start of [0x008000-0x00ffff] { block INTVEC };
"P3":  place in [from 0x008000 to 0x00ffff] {
          ro section __DLIB_PERTHREAD_init, ro section .far.data_init,
          ro section .far_func.textrw_init, ro section .huge.data_init,
          ro section .huge_func.textrw_init, ro section .iar.init_table,
          ro section .init_array, ro section .near.data_init,
          ro section .near.rodata, ro section .near_func.text,
          ro section .near_func.textrw_init, ro section .tiny.data_init,
          ro section .tiny.rodata_init };

  Section            Kind      Address    Size  Object
  -------            ----      -------    ----  ------
"A1":                                     0x10
  .vregs             uninit   0x000000    0x10  vregs.o [4]
                            - 0x000010    0x10

"P2", part 1 of 2:                        0x5d
  P2-1                        0x000010    0x5d  <Init block>
    .near.data       inited   0x000010     0x2  ApiAtCmd.o [1]
    .near.data       inited   0x000012     0x2  ApiAtCmd.o [1]
    .near.data       inited   0x000014     0x2  ApiAtCmd.o [1]
    .near.data       inited   0x000016     0x2  ApiAtCmd.o [1]
    .near.data       inited   0x000018     0x2  ApiAtCmd.o [1]
    .near.data       inited   0x00001a     0x2  ApiAtCmd.o [1]
    .near.data       inited   0x00001c     0x2  ApiAtCmd.o [1]
    .near.data       inited   0x00001e     0x2  ApiAtCmd.o [1]
    .near.data       inited   0x000020     0x1  ApiKeyboard.o [1]
    .near.data       inited   0x000021     0x2  ApiPocCmd.o [1]
    .near.data       inited   0x000023     0x2  DrvGD83.o [1]
    .near.data       inited   0x000025     0x2  DrvGD83.o [1]
    .near.data       inited   0x000027     0x2  DrvGD83.o [1]
    .near.data       inited   0x000029     0x8  DrvGT20L16S1Y.o [1]
    .near.data       inited   0x000031    0x20  DrvGT20L16S1Y.o [1]
    .near.data       inited   0x000051     0x2  System.o [1]
    .near.data       inited   0x000053     0x2  Task.o [1]
    .near.data       inited   0x000055     0x2  Task.o [1]
    .near.data       inited   0x000057     0x2  Task.o [1]
    .near.data       inited   0x000059     0x2  Task.o [1]
    .near.data       inited   0x00005b     0x2  Task.o [1]
    .near.data       inited   0x00005d     0x2  Task.o [1]
    .near.data       inited   0x00005f     0x2  Task.o [1]
    .near.data       inited   0x000061     0x2  Task.o [1]
    .near.data       inited   0x000063     0x2  Task.o [1]
    .near.data       inited   0x000065     0x2  Task.o [1]
    .near.data       inited   0x000067     0x2  Task.o [1]
    .near.data       inited   0x000069     0x2  Task.o [1]
    .near.data       inited   0x00006b     0x2  Task.o [1]
                            - 0x00006d    0x5d

"P2", part 2 of 2:                      0x14ba
  .near.bss          zero     0x00006d   0xee9  ApiPocCmd.o [1]
  .near.bss          zero     0x000f56   0x28a  DrvGD83.o [1]
  .near.bss          zero     0x0011e0   0x200  ApiDisplay.o [1]
  .near.bss          zero     0x0013e0    0x77  ApiAtCmd.o [1]
  .near.bss          zero     0x001457    0x40  ApiDisplay.o [1]
  .near.bss          zero     0x001497    0x32  DrvGD83.o [1]
  .near.bss          zero     0x0014c9    0x14  System.o [1]
  .near.bss          zero     0x0014dd    0x12  Beep.o [1]
  .near.bss          zero     0x0014ef    0x12  Tone.o [1]
  .near.bss          zero     0x001501     0xb  Delay.o [1]
  .near.bss          zero     0x00150c     0x6  Voice.o [1]
  .near.bss          zero     0x001512     0x4  ApiDisplay.o [1]
  .near.bss          zero     0x001516     0x2  DrvHTG12832.o [1]
  .near.bss          zero     0x001518     0x1  ApiAtCmd.o [1]
  .near.bss          zero     0x001519     0x1  ApiAtCmd.o [1]
  .near.bss          zero     0x00151a     0x1  ApiAtCmd.o [1]
  .near.bss          zero     0x00151b     0x1  ApiAtCmd.o [1]
  .near.bss          zero     0x00151c     0x1  ApiAtCmd.o [1]
  .near.bss          zero     0x00151d     0x1  ApiKeyboard.o [1]
  .near.bss          zero     0x00151e     0x1  ApiKeyboard.o [1]
  .near.bss          zero     0x00151f     0x1  ApiKeyboard.o [1]
  .near.bss          zero     0x001520     0x1  ApiKeyboard.o [1]
  .near.bss          zero     0x001521     0x1  ApiKeyboard.o [1]
  .near.bss          zero     0x001522     0x1  ApiKeyboard.o [1]
  .near.bss          zero     0x001523     0x1  DrvGD83.o [1]
  .near.bss          zero     0x001524     0x1  Task.o [1]
  .near.bss          zero     0x001525     0x1  Task.o [1]
  .near.bss          zero     0x001526     0x1  Task.o [1]
                            - 0x001527  0x14ba

"A2":                                    0x100
  CSTACK                      0x001700   0x100  <Block>
    CSTACK           uninit   0x001700   0x100  <Block tail>
                            - 0x001800   0x100

"A3":                                     0x80
  INTVEC                      0x008000    0x80  <Block>
    .intvec          const    0x008000    0x80  interrupt.o [4]
                            - 0x008080    0x80

"P3":                                   0x3df8
  .near_func.text    ro code  0x008080   0x635  DrvGD83.o [1]
  .near_func.text    ro code  0x0086b5   0x334  ApiKeyboard.o [1]
  .near_func.text    ro code  0x0089e9   0x2ed  Beep.o [1]
  .near_func.text    ro code  0x008cd6   0x296  ApiPocCmd.o [1]
  .near_func.text    ro code  0x008f6c   0x219  DrvHTG12832.o [1]
  .near_func.text    ro code  0x009185   0x1f9  Task.o [1]
  .near_func.text    ro code  0x00937e   0x1e7  DrvKeyboard.o [1]
  .near_func.text    ro code  0x009565   0x19a  DrvGT20L16S1Y.o [1]
  .near_func.text    ro code  0x0096ff   0x190  Task.o [1]
  .near_func.text    ro code  0x00988f   0x17a  long.o [4]
  .near_func.text    ro code  0x009a09   0x139  DrvKeyboard.o [1]
  .near_func.text    ro code  0x009b42   0x136  DrvKeyboard.o [1]
  .near_func.text    ro code  0x009c78   0x134  stm8s_uart1.o [1]
  .near_func.text    ro code  0x009dac   0x126  ApiPocCmd.o [1]
  .near_func.text    ro code  0x009ed2   0x11e  vreg_util.o [4]
  .near_func.text    ro code  0x009ff0   0x101  stm8s_itc.o [1]
  .near_func.text    ro code  0x00a0f1    0xe5  ApiKeyboard.o [1]
  .near_func.text    ro code  0x00a1d6    0xe1  DrvGD83.o [1]
  .near_func.text    ro code  0x00a2b7    0xdf  ApiDisplay.o [1]
  .near_func.text    ro code  0x00a396    0xdb  CommonLib.o [1]
  .near_func.text    ro code  0x00a471    0xc2  System.o [1]
  .near_func.text    ro code  0x00a533    0xb2  ApiDisplay.o [1]
  .near_func.text    ro code  0x00a5e5    0xaf  ApiAtCmd.o [1]
  .near_func.text    ro code  0x00a694    0xaf  stm8s_gpio.o [1]
  .near_func.text    ro code  0x00a743    0xa2  Delay.o [1]
  .near_func.text    ro code  0x00a7e5    0xa2  stm8s_clk.o [1]
  .near_func.text    ro code  0x00a887    0x99  stm8s_tim1.o [1]
  .near_func.text    ro code  0x00a920    0x99  Voice.o [1]
  .near_func.text    ro code  0x00a9b9    0x90  stm8s_uart1.o [1]
  .near_func.text    ro code  0x00aa49    0x8e  ApiAtCmd.o [1]
  .near_func.text    ro code  0x00aad7    0x8a  DrvKeyboard.o [1]
  .near_func.text    ro code  0x00ab61    0x7a  DrvGD83.o [1]
  .near_func.text    ro code  0x00abdb    0x73  Delay.o [1]
  .near_func.text    ro code  0x00ac4e    0x6c  DrvKeyboard.o [1]
  .near_func.text    ro code  0x00acba    0x6c  stm8s_uart1.o [1]
  .near_func.text    ro code  0x00ad26    0x68  ApiAtCmd.o [1]
  .near_func.text    ro code  0x00ad8e    0x67  Tone.o [1]
  .near_func.text    ro code  0x00adf5    0x61  stm8s_tim1.o [1]
  .near_func.text    ro code  0x00ae56    0x5f  DrvGT20L16S1Y.o [1]
  Initializer bytes  const    0x00aeb5    0x5d  <for P2-1>
  .near_func.text    ro code  0x00af12    0x5a  DrvGT20L16S1Y.o [1]
  .near_func.text    ro code  0x00af6c    0x57  stm8s_clk.o [1]
  .near_func.text    ro code  0x00afc3    0x54  Delay.o [1]
  .near.rodata       const    0x00b017    0x53  Task.o [1]
  .near_func.text    ro code  0x00b06a    0x53  ApiAtCmd.o [1]
  .near_func.text    ro code  0x00b0bd    0x4e  Tone.o [1]
  .near_func.text    ro code  0x00b10b    0x4c  DrvGD83.o [1]
  .near_func.text    ro code  0x00b157    0x4c  DrvGT20L16S1Y.o [1]
  .near_func.text    ro code  0x00b1a3    0x4a  ApiDisplay.o [1]
  .near_func.text    ro code  0x00b1ed    0x49  DrvGD83.o [1]
  .near_func.text    ro code  0x00b236    0x49  DrvGD83.o [1]
  .near_func.text    ro code  0x00b27f    0x49  DrvGD83.o [1]
  .near_func.text    ro code  0x00b2c8    0x47  long_util.o [4]
  .near_func.text    ro code  0x00b30f    0x43  stm8s_tim1.o [1]
  .near_func.text    ro code  0x00b352    0x39  short.o [4]
  .near_func.text    ro code  0x00b38b    0x36  DrvGT20L16S1Y.o [1]
  .near_func.text    ro code  0x00b3c1    0x36  stm8s_flash.o [1]
  .near_func.text    ro code  0x00b3f7    0x36  memcmp.o [4]
  .near_func.text    ro code  0x00b42d    0x33  ApiDisplay.o [1]
  .near_func.text    ro code  0x00b460    0x33  DrvGT20L16S1Y.o [1]
  .near_func.text    ro code  0x00b493    0x32  Beep.o [1]
  .near_func.text    ro code  0x00b4c5    0x32  stm8s_uart1.o [1]
  .near_func.text    ro code  0x00b4f7    0x30  McuConfig.o [1]
  .near_func.text    ro code  0x00b527    0x30  sysclock.o [1]
  .near_func.text    ro code  0x00b557    0x2d  Delay.o [1]
  .near_func.text    ro code  0x00b584    0x2d  stm8s_uart1.o [1]
  .near_func.text    ro code  0x00b5b1    0x2c  DrvGD83.o [1]
  .near.rodata       const    0x00b5dd    0x2a  Task.o [1]
  .near_func.text    ro code  0x00b607    0x2a  McuConfig.o [1]
  .near.rodata       const    0x00b631    0x29  Task.o [1]
  .near_func.text    ro code  0x00b65a    0x28  Delay.o [1]
  .near_func.text    ro code  0x00b682    0x28  init_small.o [4]
  .near_func.text    ro code  0x00b6aa    0x27  stm8s_flash.o [1]
  .near_func.text    ro code  0x00b6d1    0x27  sysclock.o [1]
  .near_func.text    ro code  0x00b6f8    0x25  dc_util.o [4]
  .near_func.text    ro code  0x00b71d    0x24  McuConfig.o [1]
  .near_func.text    ro code  0x00b741    0x24  McuConfig.o [1]
  .near_func.text    ro code  0x00b765    0x24  stm8s_flash.o [1]
  .near_func.text    ro code  0x00b789    0x24  stm8s_tim1.o [1]
  .near_func.text    ro code  0x00b7ad    0x23  Tone.o [1]
  .iar.init_table    const    0x00b7d0    0x12  - Linker created -
  .near_func.text    ro code  0x00b7e2    0x20  stm8s_it.o [1]
  .near_func.text    ro code  0x00b802    0x1f  Delay.o [1]
  .near_func.text    ro code  0x00b821    0x1f  move.o [4]
  .near_func.text    ro code  0x00b840    0x1e  init_small.o [4]
  .near_func.text    ro code  0x00b85e    0x1c  Delay.o [1]
  .near_func.text    ro code  0x00b87a    0x1b  stm8s_it.o [1]
  .near_func.text    ro code  0x00b895    0x1b  sysclock.o [1]
  .near_func.text    ro code  0x00b8b0    0x1a  Beep.o [1]
  .near.rodata       const    0x00b8ca    0x18  Task.o [1]
  .near_func.text    ro code  0x00b8e2    0x18  McuConfig.o [1]
  .near_func.text    ro code  0x00b8fa    0x18  McuConfig.o [1]
  .near_func.text    ro code  0x00b912    0x17  McuConfig.o [1]
  .near_func.text    ro code  0x00b929    0x17  McuConfig.o [1]
  .near_func.text    ro code  0x00b940    0x17  McuConfig.o [1]
  .near_func.text    ro code  0x00b957    0x17  McuConfig.o [1]
  .near_func.text    ro code  0x00b96e    0x17  McuConfig.o [1]
  .near_func.text    ro code  0x00b985    0x17  init.o [4]
  .near_func.text    ro code  0x00b99c    0x16  stm8s_flash.o [1]
  .near_func.text    ro code  0x00b9b2    0x15  ApiDisplay.o [1]
  .near_func.text    ro code  0x00b9c7    0x15  ApiLED.o [1]
  .near_func.text    ro code  0x00b9dc    0x14  DrvGT20L16S1Y.o [1]
  .near_func.text    ro code  0x00b9f0    0x14  __dbg_xxexit.o [3]
  .near.rodata       const    0x00ba04    0x13  Task.o [1]
  .near_func.text    ro code  0x00ba17    0x13  stm8s_clk.o [1]
  .near_func.text    ro code  0x00ba2a    0x13  stm8s_tim3.o [1]
  .near_func.text    ro code  0x00ba3d    0x13  cstartup.o [4]
  .near_func.text    ro code  0x00ba50    0x12  ApiPocCmd.o [1]
  .near_func.text    ro code  0x00ba62    0x12  ApiPocCmd.o [1]
  .near_func.text    ro code  0x00ba74    0x12  strlen.o [4]
  .near.rodata       const    0x00ba86    0x11  Task.o [1]
  .near.rodata       const    0x00ba97    0x11  Task.o [1]
  .near.rodata       const    0x00baa8    0x11  Task.o [1]
  .near.rodata       const    0x00bab9    0x11  Task.o [1]
  .near.rodata       const    0x00baca    0x11  Task.o [1]
  .near.rodata       const    0x00badb    0x11  Task.o [1]
  .near.rodata       const    0x00baec    0x11  Task.o [1]
  .near_func.text    ro code  0x00bafd    0x11  ApiPocCmd.o [1]
  .near_func.text    ro code  0x00bb0e    0x11  ApiPocCmd.o [1]
  .near.rodata       const    0x00bb1f    0x10  ApiDisplay.o [1]
  .near.rodata       const    0x00bb2f    0x10  ApiDisplay.o [1]
  .near.rodata       const    0x00bb3f    0x10  ApiKeyboard.o [1]
  .near.rodata       const    0x00bb4f    0x10  ApiKeyboard.o [1]
  .near.rodata       const    0x00bb5f    0x10  ApiKeyboard.o [1]
  .near.rodata       const    0x00bb6f    0x10  ApiKeyboard.o [1]
  .near.rodata       const    0x00bb7f    0x10  ApiKeyboard.o [1]
  .near.rodata       const    0x00bb8f    0x10  ApiKeyboard.o [1]
  .near.rodata       const    0x00bb9f    0x10  ApiKeyboard.o [1]
  .near.rodata       const    0x00bbaf    0x10  ApiKeyboard.o [1]
  .near.rodata       const    0x00bbbf    0x10  ApiKeyboard.o [1]
  .near.rodata       const    0x00bbcf    0x10  ApiKeyboard.o [1]
  .near.rodata       const    0x00bbdf    0x10  ApiKeyboard.o [1]
  .near.rodata       const    0x00bbef    0x10  ApiKeyboard.o [1]
  .near.rodata       const    0x00bbff    0x10  ApiKeyboard.o [1]
  .near.rodata       const    0x00bc0f    0x10  ApiKeyboard.o [1]
  .near.rodata       const    0x00bc1f    0x10  ApiKeyboard.o [1]
  .near.rodata       const    0x00bc2f    0x10  ApiKeyboard.o [1]
  .near.rodata       const    0x00bc3f    0x10  ApiKeyboard.o [1]
  .near.rodata       const    0x00bc4f     0xf  System.o [1]
  .near.rodata       const    0x00bc5e     0xf  Task.o [1]
  .near.rodata       const    0x00bc6d     0xf  Task.o [1]
  .near_func.text    ro code  0x00bc7c     0xf  Voice.o [1]
  .near.rodata       const    0x00bc8b     0xe  Task.o [1]
  .near.rodata       const    0x00bc99     0xd  ApiPocCmd.o [1]
  .near.rodata       const    0x00bca6     0xd  ApiPocCmd.o [1]
  .near.rodata       const    0x00bcb3     0xd  Task.o [1]
  .near_func.text    ro code  0x00bcc0     0xd  stm8s_tim1.o [1]
  .near_func.text    ro code  0x00bccd     0xd  stm8s_tim1.o [1]
  .near_func.text    ro code  0x00bcda     0xd  stm8s_tim1.o [1]
  .near_func.text    ro code  0x00bce7     0xd  stm8s_tim3.o [1]
  .near_func.text    ro code  0x00bcf4     0xd  stm8s_tim3.o [1]
  .near_func.text    ro code  0x00bd01     0xd  stm8s_uart1.o [1]
  .near_func.text    ro code  0x00bd0e     0xc  McuConfig.o [1]
  .near_func.text    ro code  0x00bd1a     0xc  McuConfig.o [1]
  .near_func.text    ro code  0x00bd26     0xc  McuConfig.o [1]
  .near_func.text    ro code  0x00bd32     0xc  McuConfig.o [1]
  .near_func.text    ro code  0x00bd3e     0xc  stm8s_tim3.o [1]
  .near.rodata       const    0x00bd4a     0xb  ApiAtCmd.o [1]
  .near.rodata       const    0x00bd55     0xb  Task.o [1]
  .near_func.text    ro code  0x00bd60     0xb  char.o [4]
  .near.rodata       const    0x00bd6b     0xa  ApiAtCmd.o [1]
  .near.rodata       const    0x00bd75     0xa  Task.o [1]
  .near_func.text    ro code  0x00bd7f     0xa  ApiPocCmd.o [1]
  .near.rodata       const    0x00bd89     0x9  ApiAtCmd.o [1]
  .near.rodata       const    0x00bd92     0x9  ApiAtCmd.o [1]
  .near.rodata       const    0x00bd9b     0x9  ApiAtCmd.o [1]
  .near.rodata       const    0x00bda4     0x9  DrvGD83.o [1]
  .near.rodata       const    0x00bdad     0x9  System.o [1]
  .near.rodata       const    0x00bdb6     0x9  Task.o [1]
  .near_func.text    ro code  0x00bdbf     0x9  stm8s_gpio.o [1]
  .near_func.text    ro code  0x00bdc8     0x9  stm8s_tim3.o [1]
  .near.rodata       const    0x00bdd1     0x8  ApiDisplay.o [1]
  .near.rodata       const    0x00bdd9     0x8  ApiPocCmd.o [1]
  .near.rodata       const    0x00bde1     0x8  Task.o [1]
  .near.rodata       const    0x00bde9     0x7  ApiAtCmd.o [1]
  .near.rodata       const    0x00bdf0     0x7  ApiAtCmd.o [1]
  .near.rodata       const    0x00bdf7     0x7  ApiAtCmd.o [1]
  .near.rodata       const    0x00bdfe     0x7  Task.o [1]
  .near.rodata       const    0x00be05     0x7  Task.o [1]
  .near_func.text    ro code  0x00be0c     0x7  stm8s_flash.o [1]
  .near_func.text    ro code  0x00be13     0x7  stm8s_gpio.o [1]
  .near.rodata       const    0x00be1a     0x6  DrvGD83.o [1]
  .near_func.text    ro code  0x00be20     0x5  stm8s_tim3.o [1]
  .near_func.text    ro code  0x00be25     0x5  cexit.o [4]
  .near.rodata       const    0x00be2a     0x4  stm8s_clk.o [1]
  .near_func.text    ro code  0x00be2e     0x4  ApiPocCmd.o [1]
  .near_func.text    ro code  0x00be32     0x4  ApiPocCmd.o [1]
  .near_func.text    ro code  0x00be36     0x4  ApiPocCmd.o [1]
  .near_func.text    ro code  0x00be3a     0x4  ApiPocCmd.o [1]
  .near_func.text    ro code  0x00be3e     0x4  ApiPocCmd.o [1]
  .near_func.text    ro code  0x00be42     0x4  stm8s_gpio.o [1]
  .near_func.text    ro code  0x00be46     0x4  stm8s_uart1.o [1]
  .near_func.text    ro code  0x00be4a     0x4  stm8s_uart1.o [1]
  .near.rodata       const    0x00be4e     0x3  DrvGD83.o [1]
  .near_func.text    ro code  0x00be51     0x3  main.o [1]
  .near_func.text    ro code  0x00be54     0x3  interrupt.o [4]
  .near_func.text    ro code  0x00be57     0x3  low_level_init.o [4]
  .near_func.text    ro code  0x00be5a     0x3  exit.o [4]
  .near_func.text    ro code  0x00be5d     0x3  unhandled_exception.o [4]
  .near_func.text    ro code  0x00be60     0x1  stm8s_it.o [1]
  .near_func.text    ro code  0x00be61     0x1  stm8s_it.o [1]
  .near_func.text    ro code  0x00be62     0x1  stm8s_it.o [1]
  .near_func.text    ro code  0x00be63     0x1  stm8s_it.o [1]
  .near_func.text    ro code  0x00be64     0x1  stm8s_it.o [1]
  .near_func.text    ro code  0x00be65     0x1  stm8s_it.o [1]
  .near_func.text    ro code  0x00be66     0x1  stm8s_it.o [1]
  .near_func.text    ro code  0x00be67     0x1  stm8s_it.o [1]
  .near_func.text    ro code  0x00be68     0x1  stm8s_it.o [1]
  .near_func.text    ro code  0x00be69     0x1  stm8s_it.o [1]
  .near_func.text    ro code  0x00be6a     0x1  stm8s_it.o [1]
  .near_func.text    ro code  0x00be6b     0x1  stm8s_it.o [1]
  .near_func.text    ro code  0x00be6c     0x1  stm8s_it.o [1]
  .near_func.text    ro code  0x00be6d     0x1  stm8s_it.o [1]
  .near_func.text    ro code  0x00be6e     0x1  stm8s_it.o [1]
  .near_func.text    ro code  0x00be6f     0x1  stm8s_it.o [1]
  .near_func.text    ro code  0x00be70     0x1  stm8s_it.o [1]
  .near_func.text    ro code  0x00be71     0x1  stm8s_it.o [1]
  .near_func.text    ro code  0x00be72     0x1  stm8s_it.o [1]
  .near_func.text    ro code  0x00be73     0x1  stm8s_it.o [1]
  .near_func.text    ro code  0x00be74     0x1  stm8s_it.o [1]
  .near_func.text    ro code  0x00be75     0x1  stm8s_it.o [1]
  .near_func.text    ro code  0x00be76     0x1  Task.o [1]
  .near_func.text    ro code  0x00be77     0x1  __dbg_break.o [3]
                            - 0x00be78  0x3df8


*******************************************************************************
*** INIT TABLE
***

          Address   Size
          -------   ----
Zero (__iar_zero_init2)
    1 destination range, total size 0x14ba:
          0x00006d  0x14ba

Copy (__iar_copy_init2)
    1 source range, total size 0x5d:
          0x00aeb5    0x5d
    1 destination range, total size 0x5d:
          0x000010    0x5d



*******************************************************************************
*** MODULE SUMMARY
***

    Module                 ro code  ro data  rw data
    ------                 -------  -------  -------
E:\1-source\A508\PRJ\Debug\Obj: [1]
    ApiAtCmd.o                 504       85      140
    ApiDisplay.o               547       40      580
    ApiKeyboard.o            1 049      273        7
    ApiLED.o                    21
    ApiPocCmd.o              1 056       36    3 819
    Beep.o                     825                18
    CommonLib.o                219
    Delay.o                    505                11
    DrvGD83.o                2 275       24      707
    DrvGT20L16S1Y.o            796       40       40
    DrvHTG12832.o              537                 2
    DrvKeyboard.o            1 356
    McuConfig.o                373
    System.o                   194       26       22
    Task.o                     906      463       29
    Tone.o                     216                18
    Voice.o                    168                 6
    main.o                       3
    stm8s_clk.o                268        4
    stm8s_flash.o              158
    stm8s_gpio.o               195
    stm8s_it.o                  81
    stm8s_itc.o                257
    stm8s_tim1.o               392
    stm8s_tim3.o                71
    stm8s_uart1.o              676
    sysclock.o                 114
    ------------------------------------------------
    Total:                  13 762      991    5 399

command line: [2]
    ------------------------------------------------
    Total:

dbgstm8smd.a: [3]
    __dbg_break.o                1
    __dbg_xxexit.o              20
    ------------------------------------------------
    Total:                      21

dlstm8smn.a: [4]
    cexit.o                      5
    char.o                      11
    cstartup.o                  19
    dc_util.o                   37
    exit.o                       3
    init.o                      23
    init_small.o                70
    interrupt.o                  3      128
    long.o                     378
    long_util.o                 71
    low_level_init.o             3
    memcmp.o                    54
    move.o                      31
    short.o                     57
    strlen.o                    18
    unhandled_exception.o        3
    vreg_util.o                286
    vregs.o                                       16
    ------------------------------------------------
    Total:                   1 072      128       16

    Linker created                       18      256
----------------------------------------------------
    Grand Total:            14 855    1 137    5 671


*******************************************************************************
*** ENTRY LIST
***

Entry                    Address   Size  Type      Object
-----                    -------   ----  ----      ------
.iar.init_table$$Base   0x00b7d0          --   Gb  - Linker created -
.iar.init_table$$Limit  0x00b7e2          --   Gb  - Linker created -
?add32_l0_l0_0x         0x009892         Code  Gb  long.o [4]
?add32_l0_l0_l1         0x00988f         Code  Gb  long.o [4]
?b0                     0x000000         Data  Gb  vregs.o [4]
?b1                     0x000001         Data  Gb  vregs.o [4]
?b10                    0x00000a         Data  Gb  vregs.o [4]
?b11                    0x00000b         Data  Gb  vregs.o [4]
?b12                    0x00000c         Data  Gb  vregs.o [4]
?b13                    0x00000d         Data  Gb  vregs.o [4]
?b14                    0x00000e         Data  Gb  vregs.o [4]
?b15                    0x00000f         Data  Gb  vregs.o [4]
?b2                     0x000002         Data  Gb  vregs.o [4]
?b3                     0x000003         Data  Gb  vregs.o [4]
?b4                     0x000004         Data  Gb  vregs.o [4]
?b5                     0x000005         Data  Gb  vregs.o [4]
?b6                     0x000006         Data  Gb  vregs.o [4]
?b7                     0x000007         Data  Gb  vregs.o [4]
?b8                     0x000008         Data  Gb  vregs.o [4]
?b9                     0x000009         Data  Gb  vregs.o [4]
?dc32_l0                0x00b6f8         Code  Gb  dc_util.o [4]
?dc32_l1                0x00b705         Code  Gb  dc_util.o [4]
?dc32_px                0x00b712         Code  Gb  dc_util.o [4]
?e0                     0x000001         Data  Gb  vregs.o [4]
?e1                     0x000005         Data  Gb  vregs.o [4]
?e2                     0x000009         Data  Gb  vregs.o [4]
?e3                     0x00000d         Data  Gb  vregs.o [4]
?epilogue_l2            0x009f79         Code  Gb  vreg_util.o [4]
?epilogue_l2_l3         0x009f76         Code  Gb  vreg_util.o [4]
?epilogue_l2_w6         0x009f7d         Code  Gb  vreg_util.o [4]
?epilogue_w4            0x009f84         Code  Gb  vreg_util.o [4]
?l0                     0x000000         Data  Gb  vregs.o [4]
?l1                     0x000004         Data  Gb  vregs.o [4]
?l2                     0x000008         Data  Gb  vregs.o [4]
?l3                     0x00000c         Data  Gb  vregs.o [4]
?load32_0x_l0           0x00b301         Code  Gb  long_util.o [4]
?load32_asp_l0          0x00b2f5         Code  Gb  long_util.o [4]
?load32_dbsp_l0         0x00b2f0         Code  Gb  long_util.o [4]
?load32_l0_0x           0x00b2d8         Code  Gb  long_util.o [4]
?load32_l0_asp          0x00b2cd         Code  Gb  long_util.o [4]
?load32_l0_dbsp         0x00b2c8         Code  Gb  long_util.o [4]
?load32_l0_xsp          0x00b2cf         Code  Gb  long_util.o [4]
?load32_l1_0x           0x00b2e4         Code  Gb  long_util.o [4]
?load32_xsp_l0          0x00b2f7         Code  Gb  long_util.o [4]
?longfarg16_v_w0_a      0x00b82e         Code  Gb  move.o [4]
?longfarg16_v_w0_x      0x00b830         Code  Gb  move.o [4]
?mov_e0_e1              0x009f8b         Code  Gb  vreg_util.o [4]
?mov_e0_e2              0x009f98         Code  Gb  vreg_util.o [4]
?mov_e0_e3              0x009fa5         Code  Gb  vreg_util.o [4]
?mov_e1_e0              0x009fb2         Code  Gb  vreg_util.o [4]
?mov_e1_e2              0x009fbf         Code  Gb  vreg_util.o [4]
?mov_e1_e3              0x009fcc         Code  Gb  vreg_util.o [4]
?mov_e2_e0              0x009fd9         Code  Gb  vreg_util.o [4]
?mov_e3_e0              0x009fe6         Code  Gb  vreg_util.o [4]
?mov_l0_l1              0x009f88         Code  Gb  vreg_util.o [4]
?mov_l0_l2              0x009f95         Code  Gb  vreg_util.o [4]
?mov_l0_l3              0x009fa2         Code  Gb  vreg_util.o [4]
?mov_l1_l0              0x009faf         Code  Gb  vreg_util.o [4]
?mov_l1_l2              0x009fbc         Code  Gb  vreg_util.o [4]
?mov_l1_l3              0x009fc9         Code  Gb  vreg_util.o [4]
?mov_l2_l0              0x009fd6         Code  Gb  vreg_util.o [4]
?mov_l3_l0              0x009fe3         Code  Gb  vreg_util.o [4]
?mov_w1_w3              0x009f8e         Code  Gb  vreg_util.o [4]
?mov_w1_w5              0x009f9b         Code  Gb  vreg_util.o [4]
?mov_w1_w7              0x009fa8         Code  Gb  vreg_util.o [4]
?mov_w3_w1              0x009fb5         Code  Gb  vreg_util.o [4]
?mov_w3_w5              0x009fc2         Code  Gb  vreg_util.o [4]
?mov_w3_w7              0x009fcf         Code  Gb  vreg_util.o [4]
?mov_w5_w1              0x009fdc         Code  Gb  vreg_util.o [4]
?mov_w7_w1              0x009fe9         Code  Gb  vreg_util.o [4]
?move1616_v_x_y_a       0x00b821         Code  Gb  move.o [4]
?mul16_x_x_w0           0x00b352         Code  Gb  short.o [4]
?mul32_l0_l0_0x         0x0098c8         Code  Gb  long.o [4]
?mul32_l0_l0_dl         0x0098c5         Code  Gb  long.o [4]
?mul32_l0_l0_l1         0x0098d1         Code  Gb  long.o [4]
?or32_l0_l0_0x          0x0099c4         Code  Gb  long.o [4]
?pop_l0                 0x009f42         Code  Gb  vreg_util.o [4]
?pop_l1                 0x009f4d         Code  Gb  vreg_util.o [4]
?pop_l2                 0x009f58         Code  Gb  vreg_util.o [4]
?pop_l3                 0x009f63         Code  Gb  vreg_util.o [4]
?pop_w4                 0x009ef4         Code  Gb  vreg_util.o [4]
?pop_w6                 0x009efb         Code  Gb  vreg_util.o [4]
?pop_w7                 0x009f02         Code  Gb  vreg_util.o [4]
?push_l0                0x009f11         Code  Gb  vreg_util.o [4]
?push_l1                0x009f16         Code  Gb  vreg_util.o [4]
?push_l2                0x009f1b         Code  Gb  vreg_util.o [4]
?push_l3                0x009f20         Code  Gb  vreg_util.o [4]
?push_w4                0x009ed2         Code  Gb  vreg_util.o [4]
?push_w6                0x009ed7         Code  Gb  vreg_util.o [4]
?push_w7                0x009edc         Code  Gb  vreg_util.o [4]
?sext16_x_a             0x00b384         Code  Gb  short.o [4]
?sext32_l0_x            0x0099fe         Code  Gb  long.o [4]
?sll16_x_x_4            0x00b37a         Code  Gb  short.o [4]
?sll16_x_x_5            0x00b379         Code  Gb  short.o [4]
?sll16_x_x_6            0x00b378         Code  Gb  short.o [4]
?sll16_x_x_a            0x00b370         Code  Gb  short.o [4]
?sll32_0x_0x_a          0x0099df         Code  Gb  long.o [4]
?sll32_l0_l0_a          0x0099dc         Code  Gb  long.o [4]
?sra8_a_a_4             0x00bd66         Code  Gb  char.o [4]
?srl16_x_x_4            0x00b37f         Code  Gb  short.o [4]
?srl32_0x_0x_a          0x0099f0         Code  Gb  long.o [4]
?srl32_l0_l0_a          0x0099ed         Code  Gb  long.o [4]
?srl8_a_a_5             0x00bd61         Code  Gb  char.o [4]
?srl8_a_a_6             0x00bd60         Code  Gb  char.o [4]
?sub32_l0_l0_0x         0x0098ad         Code  Gb  long.o [4]
?sub32_l0_l0_l1         0x0098aa         Code  Gb  long.o [4]
?udiv32_l0_dl_l1        0x00994f         Code  Gb  long.o [4]
?udiv32_l0_l0_dl        0x009954         Code  Gb  long.o [4]
?udiv32_l0_l0_l1        0x009957         Code  Gb  long.o [4]
?umod32_l1_l0_l1        0x009957         Code  Gb  long.o [4]
?w0                     0x000000         Data  Gb  vregs.o [4]
?w1                     0x000002         Data  Gb  vregs.o [4]
?w2                     0x000004         Data  Gb  vregs.o [4]
?w3                     0x000006         Data  Gb  vregs.o [4]
?w4                     0x000008         Data  Gb  vregs.o [4]
?w5                     0x00000a         Data  Gb  vregs.o [4]
?w6                     0x00000c         Data  Gb  vregs.o [4]
?w7                     0x00000e         Data  Gb  vregs.o [4]
ADC2_IRQHandler         0x00be73    0x1  Code  Gb  stm8s_it.o [1]
AF_Mute_Init            0x00bd1a    0xc  Code  Gb  McuConfig.o [1]
AUDIO_IOAFMUT           0x00b957   0x17  Code  Gb  McuConfig.o [1]
AUDIO_IOAFPOW           0x00b96e   0x17  Code  Gb  McuConfig.o [1]
AWU_IRQHandler          0x00be62    0x1  Code  Gb  stm8s_it.o [1]
ApiAtCmd_10msRenew      0x00a5e5   0xaf  Code  Gb  ApiAtCmd.o [1]
ApiAtCmd_GetGroupName   0x00bafd   0x11  Code  Gb  ApiPocCmd.o [1]
ApiAtCmd_GetGroupNameLen
                        0x00ba50   0x12  Code  Gb  ApiPocCmd.o [1]
ApiAtCmd_GetGroupNum    0x00be36    0x4  Code  Gb  ApiPocCmd.o [1]
ApiAtCmd_GetLoginState  0x00bd7f    0xa  Code  Gb  ApiPocCmd.o [1]
ApiAtCmd_GetMainGroupId
                        0x00be3e    0x4  Code  Gb  ApiPocCmd.o [1]
ApiAtCmd_GetMainWorkName
                        0x00be2e    0x4  Code  Gb  ApiPocCmd.o [1]
ApiAtCmd_GetMainWorkNameLen
                        0x00be32    0x4  Code  Gb  ApiPocCmd.o [1]
ApiAtCmd_GetUserName    0x00bb0e   0x11  Code  Gb  ApiPocCmd.o [1]
ApiAtCmd_GetUserNameLen
                        0x00ba62   0x12  Code  Gb  ApiPocCmd.o [1]
ApiAtCmd_GetUserNum     0x00be3a    0x4  Code  Gb  ApiPocCmd.o [1]
ApiAtCmd_PlayVoice      0x00ad26   0x68  Code  Gb  ApiAtCmd.o [1]
ApiAtCmd_WritCommand    0x00aa49   0x8e  Code  Gb  ApiAtCmd.o [1]
ApiCaretCmd_10msRenew   0x00b06a   0x53  Code  Gb  ApiAtCmd.o [1]
ApiPocCmd_10msRenew     0x008cd6  0x296  Code  Gb  ApiPocCmd.o [1]
ApiPocCmd_WritCommand   0x009dac  0x126  Code  Gb  ApiPocCmd.o [1]
AtCmdDrvobj             0x0013e0   0x77  Data  Lc  ApiAtCmd.o [1]
AtNotify_Queue          0x0080cc   0x4c  Code  Lc  DrvGD83.o [1]
AtNotify_Queue_Start    0x008118   0x55  Code  Lc  DrvGD83.o [1]
BEEP_Interrupt10ms      0x00b8b0   0x1a  Code  Gb  Beep.o [1]
BEEP_PowerOnInitial     0x008c1a   0xbc  Code  Gb  Beep.o [1]
BEEP_SetOutput          0x0089e9  0x231  Code  Gb  Beep.o [1]
BEEP_Time               0x00b493   0x32  Code  Gb  Beep.o [1]
BaseAdd                 0x000031   0x20  Data  Gb  DrvGT20L16S1Y.o [1]
BeepDrvObj              0x0014dd   0x12  Data  Lc  Beep.o [1]
BitTab                  0x00bdd1    0x8  Data  Gb  ApiDisplay.o [1]
BootProcess_PPPCFG_Flag
                        0x001519    0x1  Data  Gb  ApiAtCmd.o [1]
BootProcess_SIMST_Flag  0x001518    0x1  Data  Gb  ApiAtCmd.o [1]
CHAR_HIGH               0x00bb1f   0x10  Data  Gb  ApiDisplay.o [1]
CHAR_WIDTH              0x00bb2f   0x10  Data  Gb  ApiDisplay.o [1]
CLK_ClockSwitchConfig   0x00a7e5   0xa2  Code  Gb  stm8s_clk.o [1]
CLK_GetClockFreq        0x00af6c   0x57  Code  Gb  stm8s_clk.o [1]
CLK_HSIPrescalerConfig  0x00ba17   0x13  Code  Gb  stm8s_clk.o [1]
CLK_IRQHandler          0x00be63    0x1  Code  Gb  stm8s_it.o [1]
COML_AscToHex           0x00a396   0xdb  Code  Gb  CommonLib.o [1]
CSQ_Flag                0x00151b    0x1  Data  Gb  ApiAtCmd.o [1]
CSTACK$$Base            0x001700          --   Gb  - Linker created -
CSTACK$$Limit           0x001800          --   Gb  - Linker created -
C_TEST_OUT_SET          0x00bd32    0xc  Code  Gb  McuConfig.o [1]
CaretNotify_Queue       0x00b10b   0x4c  Code  Lc  DrvGD83.o [1]
CaretNotify_Queue_Start
                        0x0081c2   0x55  Code  Lc  DrvGD83.o [1]
DEL_1msProcess          0x00b575    0x9  Code  Lc  Delay.o [1]
DEL_500msProcess        0x00b557   0x1e  Code  Lc  Delay.o [1]
DEL_GetTimer            0x00afc3   0x54  Code  Gb  Delay.o [1]
DEL_Interrupt           0x00a743   0xa2  Code  Gb  Delay.o [1]
DEL_PowerOnInitial      0x00b802   0x1f  Code  Gb  Delay.o [1]
DEL_Renew               0x00b57e    0x6  Code  Gb  Delay.o [1]
DEL_SetTimer            0x00abdb   0x73  Code  Gb  Delay.o [1]
DEL_Soft1ms             0x00b85e   0x1c  Code  Gb  Delay.o [1]
DEL_TimerRenew          0x00b65a   0x28  Code  Lc  Delay.o [1]
DISP_DataBuf            0x00a2b7   0xdf  Code  Lc  ApiDisplay.o [1]
DISP_MulTypePro         0x00a533   0xb2  Code  Lc  ApiDisplay.o [1]
DefaultSystemClockForHSI
                        0x00b895   0x1b  Code  Gb  sysclock.o [1]
DelDrvObj               0x001501    0xb  Data  Lc  Delay.o [1]
DisDataBit              0x001457   0x40  Data  Gb  ApiDisplay.o [1]
DisDataBuf              0x0011e0  0x200  Data  Gb  ApiDisplay.o [1]
DisDrvObj               0x001512    0x4  Data  Lc  ApiDisplay.o [1]
DrvGD83DrvObj           0x000f56  0x28a  Data  Lc  DrvGD83.o [1]
DrvGD83_Init            0x00b8e2   0x18  Code  Gb  McuConfig.o [1]
DrvGD83_UART_TxCommand  0x00ab61   0x7a  Code  Gb  DrvGD83.o [1]
DrvMC8332_AtNotify_Queue_front
                        0x00b236   0x49  Code  Gb  DrvGD83.o [1]
DrvMC8332_CaretNotify_Queue_front
                        0x00b1ed   0x49  Code  Gb  DrvGD83.o [1]
DrvMC8332_PocNotify_Queue_front
                        0x00b27f   0x49  Code  Gb  DrvGD83.o [1]
DrvMC8332_TxPort_SetValidable
                        0x00b5b1   0x2c  Code  Gb  DrvGD83.o [1]
DrvMC8332_UART_Interrupt
                        0x00836c  0x349  Code  Gb  DrvGD83.o [1]
DrvMc8332_UART_TxTail   0x00a1d6   0xe1  Code  Gb  DrvGD83.o [1]
EEPROM_EEC_IRQHandler   0x00be75    0x1  Code  Gb  stm8s_it.o [1]
EXTI_PORTA_IRQHandler   0x00be64    0x1  Code  Gb  stm8s_it.o [1]
EXTI_PORTB_IRQHandler   0x00be65    0x1  Code  Gb  stm8s_it.o [1]
EXTI_PORTC_IRQHandler   0x00be66    0x1  Code  Gb  stm8s_it.o [1]
EXTI_PORTD_IRQHandler   0x00be67    0x1  Code  Gb  stm8s_it.o [1]
EXTI_PORTE_IRQHandler   0x00be68    0x1  Code  Gb  stm8s_it.o [1]
FLASH_EraseOptionByte   0x00b6aa   0x27  Code  Gb  stm8s_flash.o [1]
FLASH_Lock              0x00be0c    0x7  Code  Gb  stm8s_flash.o [1]
FLASH_ProgramOptionByte
                        0x00b765   0x24  Code  Gb  stm8s_flash.o [1]
FLASH_Unlock            0x00b99c   0x16  Code  Gb  stm8s_flash.o [1]
FLASH_WaitForLastOperation
                        0x00b3c1   0x36  Code  Gb  stm8s_flash.o [1]
GD83_ON                 0x00b8fa   0x18  Code  Gb  McuConfig.o [1]
GPIO_Init               0x00a694   0xaf  Code  Gb  stm8s_gpio.o [1]
GPIO_ReadInputPin       0x00bdbf    0x9  Code  Gb  stm8s_gpio.o [1]
GPIO_WriteHigh          0x00be13    0x7  Code  Gb  stm8s_gpio.o [1]
GPIO_WriteLow           0x00be42    0x4  Code  Gb  stm8s_gpio.o [1]
GT20_DelTime            0x00b9dc   0x14  Code  Lc  DrvGT20L16S1Y.o [1]
GT20_GetData            0x00ae56   0x5f  Code  Lc  DrvGT20L16S1Y.o [1]
GT20_GetDisData         0x00b38b   0x36  Code  Lc  DrvGT20L16S1Y.o [1]
GT20_SendByte           0x00af12   0x5a  Code  Lc  DrvGT20L16S1Y.o [1]
GT20_SendCommand        0x00b157   0x4c  Code  Lc  DrvGT20L16S1Y.o [1]
GroupCallingNum         0x000020    0x1  Data  Gb  ApiKeyboard.o [1]
HSE_ClockStartUpConfiguration
                        0x00b527   0x30  Code  Lc  sysclock.o [1]
HSIDivFactor            0x00be2a    0x4  Data  Gb  stm8s_clk.o [1]
HtgDrvObj               0x001516    0x2  Data  Lc  DrvHTG12832.o [1]
I2C_IRQHandler          0x00be70    0x1  Code  Gb  stm8s_it.o [1]
INTVEC$$Base            0x008000          --   Gb  - Linker created -
INTVEC$$Limit           0x008080          --   Gb  - Linker created -
ITC_SetSoftwarePriority
                        0x009ff0  0x101  Code  Gb  stm8s_itc.o [1]
KeyDownCount            0x00151e    0x1  Data  Gb  ApiKeyboard.o [1]
KeyDownPersonalCallingCount
                        0x001521    0x1  Data  Gb  ApiKeyboard.o [1]
KeyDownUpChoose_GroupOrUser_Flag
                        0x00151c    0x1  Data  Gb  ApiAtCmd.o [1]
KeyUpCount              0x00151f    0x1  Data  Gb  ApiKeyboard.o [1]
KeyUpPersonalCallingCount
                        0x001520    0x1  Data  Gb  ApiKeyboard.o [1]
Key_Flag_0              0x001524    0x1  Data  Gb  Task.o [1]
Key_Flag_1              0x001522    0x1  Data  Gb  ApiKeyboard.o [1]
Key_Init                0x00b4f7   0x30  Code  Gb  McuConfig.o [1]
Key_PersonalCalling_Flag
                        0x001525    0x1  Data  Gb  Task.o [1]
Keyboard_Test           0x0086b5  0x334  Code  Gb  ApiKeyboard.o [1]
LED_Init                0x00b71d   0x24  Code  Gb  McuConfig.o [1]
LED_Test                0x00b9c7   0x15  Code  Gb  ApiLED.o [1]
MIC_GPIO_Init           0x00bd0e    0xc  Code  Gb  McuConfig.o [1]
MIC_IOMUT               0x00b940   0x17  Code  Gb  McuConfig.o [1]
Noise_Mute_Init         0x00bd26    0xc  Code  Gb  McuConfig.o [1]
Notify_Queue_Stop       0x008217  0x155  Code  Lc  DrvGD83.o [1]
PersonalCallingNum      0x00151d    0x1  Data  Gb  ApiKeyboard.o [1]
PocCmdDrvobj            0x00006d  0xee9  Data  Lc  ApiPocCmd.o [1]
PocNotify_Queue         0x008080   0x4c  Code  Lc  DrvGD83.o [1]
PocNotify_Queue_Start   0x00816d   0x55  Code  Lc  DrvGD83.o [1]
Region$$Table$$Base     0x00b7d0          --   Gb  - Linker created -
Region$$Table$$Limit    0x00b7e2          --   Gb  - Linker created -
SPI_IRQHandler          0x00be69    0x1  Code  Gb  stm8s_it.o [1]
Set_GreenLed            0x00b912   0x17  Code  Gb  McuConfig.o [1]
Set_RedLed              0x00b929   0x17  Code  Gb  McuConfig.o [1]
SystemClock_Init        0x00b6d1   0x27  Code  Gb  sysclock.o [1]
TASK_WriteFreq          0x00be76    0x1  Code  Gb  Task.o [1]
TIM1_CAP_COM_IRQHandler
                        0x00be6b    0x1  Code  Gb  stm8s_it.o [1]
TIM1_CCxCmd             0x00b30f   0x43  Code  Gb  stm8s_tim1.o [1]
TIM1_Cmd                0x00bcc0    0xd  Code  Gb  stm8s_tim1.o [1]
TIM1_CtrlPWMOutputs     0x00bccd    0xd  Code  Gb  stm8s_tim1.o [1]
TIM1_DeInit             0x00a887   0x99  Code  Gb  stm8s_tim1.o [1]
TIM1_OC1Init            0x00adf5   0x61  Code  Gb  stm8s_tim1.o [1]
TIM1_OC1PreloadConfig   0x00bcda    0xd  Code  Gb  stm8s_tim1.o [1]
TIM1_PWM_Init           0x00b0bd   0x4e  Code  Gb  Tone.o [1]
TIM1_TimeBaseInit       0x00b789   0x24  Code  Gb  stm8s_tim1.o [1]
TIM1_UPD_OVF_TRG_BRK_IRQHandler
                        0x00be6a    0x1  Code  Gb  stm8s_it.o [1]
TIM2_CAP_COM_IRQHandler
                        0x00be6d    0x1  Code  Gb  stm8s_it.o [1]
TIM2_UPD_OVF_BRK_IRQHandler
                        0x00be6c    0x1  Code  Gb  stm8s_it.o [1]
TIM3_ARRPreloadConfig   0x00bcf4    0xd  Code  Gb  stm8s_tim3.o [1]
TIM3_CAP_COM_IRQHandler
                        0x00be6e    0x1  Code  Gb  stm8s_it.o [1]
TIM3_ClearITPendingBit  0x00be20    0x5  Code  Gb  stm8s_tim3.o [1]
TIM3_Cmd                0x00bce7    0xd  Code  Gb  stm8s_tim3.o [1]
TIM3_ITConfig           0x00ba2a   0x13  Code  Gb  stm8s_tim3.o [1]
TIM3_PrescalerConfig    0x00bdc8    0x9  Code  Gb  stm8s_tim3.o [1]
TIM3_TimeBaseInit       0x00bd3e    0xc  Code  Gb  stm8s_tim3.o [1]
TIM3_UPD_OVF_BRK_IRQHandler
                        0x00b87a   0x1b  Code  Gb  stm8s_it.o [1]
TIM4_UPD_OVF_IRQHandler
                        0x00be74    0x1  Code  Gb  stm8s_it.o [1]
TLI_IRQHandler          0x00be61    0x1  Code  Gb  stm8s_it.o [1]
TONE_PowerOnInitial     0x00ad8e   0x67  Code  Gb  Tone.o [1]
TONE_Start              0x00b7b5   0x1b  Code  Gb  Tone.o [1]
TONE_Stop               0x00b7ad    0x8  Code  Gb  Tone.o [1]
TRAP_IRQHandler         0x00be60    0x1  Code  Gb  stm8s_it.o [1]
TaskDrvObj              0x0014c9   0x14  Data  Lc  System.o [1]
Task_RunNormalOperation
                        0x0096ff  0x190  Code  Gb  Task.o [1]
Task_RunStart           0x009185  0x1f9  Code  Gb  Task.o [1]
Tim3_Timer_Init         0x00b741   0x24  Code  Gb  McuConfig.o [1]
TimeVal                 0x000029    0x8  Data  Gb  DrvGT20L16S1Y.o [1]
ToneDrvObj              0x0014ef   0x12  Data  Lc  Tone.o [1]
UART1_Cmd               0x00bd01    0xd  Code  Gb  stm8s_uart1.o [1]
UART1_DeInit            0x00b584   0x2d  Code  Gb  stm8s_uart1.o [1]
UART1_GetFlagStatus     0x00b4c5   0x32  Code  Gb  stm8s_uart1.o [1]
UART1_GetITStatus       0x00a9b9   0x90  Code  Gb  stm8s_uart1.o [1]
UART1_ITConfig          0x00acba   0x6c  Code  Gb  stm8s_uart1.o [1]
UART1_Init              0x009c78  0x134  Code  Gb  stm8s_uart1.o [1]
UART1_RX_IRQHandler     0x00b7e2   0x20  Code  Gb  stm8s_it.o [1]
UART1_ReceiveData8      0x00be46    0x4  Code  Gb  stm8s_uart1.o [1]
UART1_SendData8         0x00be4a    0x4  Code  Gb  stm8s_uart1.o [1]
UART1_TX_IRQHandler     0x00be6f    0x1  Code  Gb  stm8s_it.o [1]
UART3_RX_IRQHandler     0x00be72    0x1  Code  Gb  stm8s_it.o [1]
UART3_TX_IRQHandler     0x00be71    0x1  Code  Gb  stm8s_it.o [1]
Uart1_Init              0x00b607   0x2a  Code  Gb  McuConfig.o [1]
VOICE_1sProcess         0x00bc7c    0xf  Code  Gb  Voice.o [1]
VOICE_Renew             0x00a920   0x70  Code  Gb  Voice.o [1]
VOICE_SetOutput         0x00a990   0x29  Code  Gb  Voice.o [1]
VoiceDrvObj             0x00150c    0x6  Data  Lc  Voice.o [1]
VoiceEnd_Flag           0x00151a    0x1  Data  Gb  ApiAtCmd.o [1]
__DebugBreak            0x00be77    0x1  Code  Gb  __dbg_break.o [3]
__exit                  0x00b9f0   0x14  Code  Gb  __dbg_xxexit.o [3]
__iar_copy_init2        0x00b682         Code  Gb  init_small.o [4]
__iar_data_init2        0x00b985   0x17  Code  Gb  init.o [4]
__iar_program_start     0x00ba3d         Code  Gb  cstartup.o [4]
__iar_unhandled_exception
                        0x00be5d         Code  Gb  unhandled_exception.o [4]
__iar_zero_init2        0x00b840         Code  Gb  init_small.o [4]
__intvec                0x008000         Data  Gb  interrupt.o [4]
__low_level_init        0x00be57    0x3  Code  Gb  low_level_init.o [4]
_exit                   0x00be25         Code  Gb  cexit.o [4]
_interrupt_1            0x00be60         Code  Gb  stm8s_it.o [1]
_interrupt_12           0x00be69         Code  Gb  stm8s_it.o [1]
_interrupt_13           0x00be6a         Code  Gb  stm8s_it.o [1]
_interrupt_14           0x00be6b         Code  Gb  stm8s_it.o [1]
_interrupt_15           0x00be6c         Code  Gb  stm8s_it.o [1]
_interrupt_16           0x00be6d         Code  Gb  stm8s_it.o [1]
_interrupt_17           0x00b87a         Code  Gb  stm8s_it.o [1]
_interrupt_18           0x00be6e         Code  Gb  stm8s_it.o [1]
_interrupt_19           0x00be6f         Code  Gb  stm8s_it.o [1]
_interrupt_2            0x00be61         Code  Gb  stm8s_it.o [1]
_interrupt_20           0x00b7e2         Code  Gb  stm8s_it.o [1]
_interrupt_21           0x00be70         Code  Gb  stm8s_it.o [1]
_interrupt_22           0x00be71         Code  Gb  stm8s_it.o [1]
_interrupt_23           0x00be72         Code  Gb  stm8s_it.o [1]
_interrupt_24           0x00be73         Code  Gb  stm8s_it.o [1]
_interrupt_25           0x00be74         Code  Gb  stm8s_it.o [1]
_interrupt_26           0x00be75         Code  Gb  stm8s_it.o [1]
_interrupt_3            0x00be62         Code  Gb  stm8s_it.o [1]
_interrupt_4            0x00be63         Code  Gb  stm8s_it.o [1]
_interrupt_5            0x00be64         Code  Gb  stm8s_it.o [1]
_interrupt_6            0x00be65         Code  Gb  stm8s_it.o [1]
_interrupt_7            0x00be66         Code  Gb  stm8s_it.o [1]
_interrupt_8            0x00be67         Code  Gb  stm8s_it.o [1]
_interrupt_9            0x00be68         Code  Gb  stm8s_it.o [1]
api_disp_all_screen_refresh
                        0x00b1a3   0x4a  Code  Gb  ApiDisplay.o [1]
api_disp_char_output    0x00b9b2   0x15  Code  Gb  ApiDisplay.o [1]
api_lcd_pwr_on_hint     0x00b42d   0x33  Code  Gb  ApiDisplay.o [1]
drv_gt20_data_output    0x009565  0x19a  Code  Gb  DrvGT20L16S1Y.o [1]
drv_gt20_pwr_on_init    0x00b490    0x3  Code  Gb  DrvGT20L16S1Y.o [1]
drv_htg_clr_allscr      0x00908a   0x31  Code  Gb  DrvHTG12832.o [1]
drv_htg_pwr_on_init     0x00917c    0x9  Code  Gb  DrvHTG12832.o [1]
drv_htg_reset           0x008f6c    0x5  Code  Gb  DrvHTG12832.o [1]
drv_htg_set_address     0x008fe0   0x3b  Code  Gb  DrvHTG12832.o [1]
drv_htg_write_command   0x008f71   0x6f  Code  Gb  DrvHTG12832.o [1]
drv_htg_write_data      0x00901b   0x6f  Code  Gb  DrvHTG12832.o [1]
drv_keypad_scan         0x00937e  0x1e7  Code  Gb  DrvKeyboard.o [1]
exit                    0x00be5a    0x3  Code  Gb  exit.o [4]
get_key_value           0x00a0f1   0xe5  Code  Gb  ApiKeyboard.o [1]
htg_delay_ms            0x0090bb   0x1e  Code  Lc  DrvHTG12832.o [1]
htg_initial             0x0090d9   0x5b  Code  Lc  DrvHTG12832.o [1]
key_scan_board          0x009a09  0x139  Code  Gb  DrvKeyboard.o [1]
main                    0x00be51    0x3  Code  Gb  main.o [1]
main_app                0x00a471   0xc2  Code  Gb  System.o [1]
mcu_gt20_initial        0x00b460   0x30  Code  Lc  DrvGT20L16S1Y.o [1]
mcu_key_pad_out         0x00aad7   0x8a  Code  Gb  DrvKeyboard.o [1]
mcu_key_pad_read        0x00ac4e   0x6c  Code  Gb  DrvKeyboard.o [1]
mcu_key_pad_set         0x009b42  0x136  Code  Gb  DrvKeyboard.o [1]
mcu_lcd_initial         0x009134   0x48  Code  Lc  DrvHTG12832.o [1]
memcmp                  0x00b3f7   0x36  Code  Gb  memcmp.o [4]
strlen                  0x00ba74   0x12  Code  Gb  strlen.o [4]
ucAtPocHead             0x000021    0x2  Data  Gb  ApiPocCmd.o [1]
ucCLVL                  0x00005b    0x2  Data  Gb  Task.o [1]
ucCODECCTL              0x00005f    0x2  Data  Gb  Task.o [1]
ucCSQ                   0x000065    0x2  Data  Gb  Task.o [1]
ucCaretPPPCFG           0x00001e    0x2  Data  Gb  ApiAtCmd.o [1]
ucEndPTT                0x000057    0x2  Data  Gb  Task.o [1]
ucGD83Reset             0x000051    0x2  Data  Gb  System.o [1]
ucOSSYSHWID             0x000061    0x2  Data  Gb  Task.o [1]
ucPPPCFG                0x000067    0x2  Data  Gb  Task.o [1]
ucPlayZtts              0x000010    0x2  Data  Gb  ApiAtCmd.o [1]
ucPocOpenConfig         0x00006b    0x2  Data  Gb  Task.o [1]
ucPrefmode              0x000063    0x2  Data  Gb  Task.o [1]
ucRequestUserListInfo   0x000059    0x2  Data  Gb  Task.o [1]
ucRxCSQ31               0x000016    0x2  Data  Gb  ApiAtCmd.o [1]
ucRxCSQ99               0x000018    0x2  Data  Gb  ApiAtCmd.o [1]
ucRxCheckCard           0x000012    0x2  Data  Gb  ApiAtCmd.o [1]
ucRxOkHeadInfo          0x000027    0x2  Data  Gb  DrvGD83.o [1]
ucRxPocHeadInfo         0x000025    0x2  Data  Gb  DrvGD83.o [1]
ucRxZTTS0               0x000014    0x2  Data  Gb  ApiAtCmd.o [1]
ucSIMST1                0x00001a    0x2  Data  Gb  ApiAtCmd.o [1]
ucSIMST255              0x00001c    0x2  Data  Gb  ApiAtCmd.o [1]
ucSetParamConfig        0x000053    0x2  Data  Gb  Task.o [1]
ucStartPTT              0x000055    0x2  Data  Gb  Task.o [1]
ucTxPocHeadInfo         0x000023    0x2  Data  Gb  DrvGD83.o [1]
ucVGR                   0x00005d    0x2  Data  Gb  Task.o [1]
ucZTTS_Abell            0x000069    0x2  Data  Gb  Task.o [1]
x                       0x001526    0x1  Data  Gb  Task.o [1]


[1] = E:\1-source\A508\PRJ\Debug\Obj
[2] = command line
[3] = dbgstm8smd.a
[4] = dlstm8smn.a

  14 855 bytes of readonly  code memory
   1 137 bytes of readonly  data memory
   5 671 bytes of readwrite data memory

Errors: none
Warnings: none
