###############################################################################
#
# IAR ELF Linker V2.20.1.176 for STM8                     17/Mar/2018  15:30:44
# Copyright 2010-2015 IAR Systems AB.
#
#    Output file  =  E:\1-source\A508\PRJ\Debug\Exe\A508_DEMO1.out
#    Map file     =  E:\1-source\A508\PRJ\Debug\List\A508_DEMO1.map
#    Command line =  
#        E:\1-source\A508\PRJ\Debug\Obj\ADC.o
#        E:\1-source\A508\PRJ\Debug\Obj\ApiAtCmd.o
#        E:\1-source\A508\PRJ\Debug\Obj\ApiBeidou.o
#        E:\1-source\A508\PRJ\Debug\Obj\ApiDisplay.o
#        E:\1-source\A508\PRJ\Debug\Obj\ApiGpsCmd.o
#        E:\1-source\A508\PRJ\Debug\Obj\ApiKeyboard.o
#        E:\1-source\A508\PRJ\Debug\Obj\ApiLED.o
#        E:\1-source\A508\PRJ\Debug\Obj\ApiMenu.o
#        E:\1-source\A508\PRJ\Debug\Obj\ApiPocCmd.o
#        E:\1-source\A508\PRJ\Debug\Obj\Beep.o
#        E:\1-source\A508\PRJ\Debug\Obj\CommonLib.o
#        E:\1-source\A508\PRJ\Debug\Obj\Config.o
#        E:\1-source\A508\PRJ\Debug\Obj\Delay.o
#        E:\1-source\A508\PRJ\Debug\Obj\DrvGD83.o
#        E:\1-source\A508\PRJ\Debug\Obj\DrvGT20L16S1Y.o
#        E:\1-source\A508\PRJ\Debug\Obj\DrvHTG12832.o
#        E:\1-source\A508\PRJ\Debug\Obj\DrvKeyboard.o
#        E:\1-source\A508\PRJ\Debug\Obj\Flash_eeprom.o
#        E:\1-source\A508\SRC\Syetem\GT20L16_STM8_DOUBLE_MEDIUM_IAR.a
#        E:\1-source\A508\PRJ\Debug\Obj\GT20L16P1Y_D.o
#        E:\1-source\A508\PRJ\Debug\Obj\KeyCmd.o
#        E:\1-source\A508\PRJ\Debug\Obj\main.o
#        E:\1-source\A508\PRJ\Debug\Obj\McuConfig.o
#        E:\1-source\A508\PRJ\Debug\Obj\stm8s_adc2.o
#        E:\1-source\A508\PRJ\Debug\Obj\stm8s_awu.o
#        E:\1-source\A508\PRJ\Debug\Obj\stm8s_beep.o
#        E:\1-source\A508\PRJ\Debug\Obj\stm8s_clk.o
#        E:\1-source\A508\PRJ\Debug\Obj\stm8s_exti.o
#        E:\1-source\A508\PRJ\Debug\Obj\stm8s_flash.o
#        E:\1-source\A508\PRJ\Debug\Obj\stm8s_gpio.o
#        E:\1-source\A508\PRJ\Debug\Obj\stm8s_i2c.o
#        E:\1-source\A508\PRJ\Debug\Obj\stm8s_it.o
#        E:\1-source\A508\PRJ\Debug\Obj\stm8s_itc.o
#        E:\1-source\A508\PRJ\Debug\Obj\stm8s_iwdg.o
#        E:\1-source\A508\PRJ\Debug\Obj\stm8s_rst.o
#        E:\1-source\A508\PRJ\Debug\Obj\stm8s_spi.o
#        E:\1-source\A508\PRJ\Debug\Obj\stm8s_tim1.o
#        E:\1-source\A508\PRJ\Debug\Obj\stm8s_tim2.o
#        E:\1-source\A508\PRJ\Debug\Obj\stm8s_tim3.o
#        E:\1-source\A508\PRJ\Debug\Obj\stm8s_tim4.o
#        E:\1-source\A508\PRJ\Debug\Obj\stm8s_uart1.o
#        E:\1-source\A508\PRJ\Debug\Obj\stm8s_uart3.o
#        E:\1-source\A508\PRJ\Debug\Obj\stm8s_wwdg.o
#        E:\1-source\A508\PRJ\Debug\Obj\sysclock.o
#        E:\1-source\A508\PRJ\Debug\Obj\System.o
#        E:\1-source\A508\PRJ\Debug\Obj\Task.o
#        E:\1-source\A508\PRJ\Debug\Obj\Tone.o
#        E:\1-source\A508\PRJ\Debug\Obj\uart3.o
#        E:\1-source\A508\PRJ\Debug\Obj\Voice.o --redirect _Printf=_PrintfSmall
#        --redirect _Scanf=_ScanfSmall -o
#        E:\1-source\A508\PRJ\Debug\Exe\A508_DEMO1.out --map
#        E:\1-source\A508\PRJ\Debug\List\A508_DEMO1.map --config "C:\Program
#        Files\IAR Systems\Embedded Workbench
#        7.3\stm8\config\lnkstm8s007c8.icf" --config_def _CSTACK_SIZE=0x100
#        --config_def _HEAP_SIZE=0x00 --entry __iar_program_start --debug_lib
#
###############################################################################

*******************************************************************************
*** RUNTIME MODEL ATTRIBUTES
***

__SystemLibrary            = DLib
__code_model               = medium_or_large
__core                     = stm8
__data_model               = medium
__dlib_file_descriptor     = 0
__dlib_full_locale_support = 0
__rt_version               = 4


*******************************************************************************
*** PLACEMENT SUMMARY
***

"A1":  place at start of [0x000000-0x0000ff] { rw section .vregs };
"A2":  place at end of [0x000000-0x0017ff] { block CSTACK };
"P2":  place in [from 0x000000 to 0x0017ff] {
          block HEAP, rw section __DLIB_PERTHREAD, rw section .far.bss,
          rw section .far.data, rw section .far.noinit,
          rw section .far_func.textrw, rw section .huge.bss,
          rw section .huge.data, rw section .huge.noinit,
          rw section .huge_func.textrw, rw section .iar.dynexit,
          rw section .near.bss, rw section .near.data, rw section .near.noinit,
          rw section .near_func.textrw };
"A3":  place at start of [0x008000-0x00ffff] { block INTVEC };
"P3":  place in [from 0x008000 to 0x00ffff] {
          ro section __DLIB_PERTHREAD_init, ro section .far.data_init,
          ro section .far_func.textrw_init, ro section .huge.data_init,
          ro section .huge_func.textrw_init, ro section .iar.init_table,
          ro section .init_array, ro section .near.data_init,
          ro section .near.rodata, ro section .near_func.text,
          ro section .near_func.textrw_init, ro section .tiny.data_init,
          ro section .tiny.rodata_init };
"P4":  place in [from 0x008000 to 0x00ffff repeat 2] {
          ro section .far.rodata, ro section .far_func.text };

  Section            Kind      Address    Size  Object
  -------            ----      -------    ----  ------
"A1":                                     0x10
  .vregs             uninit   0x000000    0x10  vregs.o [5]
                            - 0x000010    0x10

"P2", part 1 of 2:                        0x68
  P2-1                        0x000010    0x68  <Init block>
    .near.data       inited   0x000010     0x2  ApiAtCmd.o [1]
    .near.data       inited   0x000012     0x2  ApiAtCmd.o [1]
    .near.data       inited   0x000014     0x2  ApiAtCmd.o [1]
    .near.data       inited   0x000016     0x2  ApiAtCmd.o [1]
    .near.data       inited   0x000018     0x2  ApiAtCmd.o [1]
    .near.data       inited   0x00001a     0x2  ApiAtCmd.o [1]
    .near.data       inited   0x00001c     0x2  ApiAtCmd.o [1]
    .near.data       inited   0x00001e     0x2  ApiAtCmd.o [1]
    .near.data       inited   0x000020     0x2  ApiAtCmd.o [1]
    .near.data       inited   0x000022     0x2  ApiAtCmd.o [1]
    .near.data       inited   0x000024     0x2  ApiAtCmd.o [1]
    .near.data       inited   0x000026     0x2  ApiAtCmd.o [1]
    .near.data       inited   0x000028     0x2  ApiAtCmd.o [1]
    .near.data       inited   0x00002a     0x2  ApiAtCmd.o [1]
    .near.data       inited   0x00002c     0x2  ApiAtCmd.o [1]
    .near.data       inited   0x00002e     0x2  ApiAtCmd.o [1]
    .near.data       inited   0x000030     0x2  ApiAtCmd.o [1]
    .near.data       inited   0x000032     0x2  ApiAtCmd.o [1]
    .near.data       inited   0x000034     0x2  ApiAtCmd.o [1]
    .near.data       inited   0x000036     0x2  ApiAtCmd.o [1]
    .near.data       inited   0x000038     0x2  ApiAtCmd.o [1]
    .near.data       inited   0x00003a     0x2  ApiAtCmd.o [1]
    .near.data       inited   0x00003c     0x2  ApiAtCmd.o [1]
    .near.data       inited   0x00003e     0x2  ApiAtCmd.o [1]
    .near.data       inited   0x000040     0x2  ApiAtCmd.o [1]
    .near.data       inited   0x000042     0x1  ApiKeyboard.o [1]
    .near.data       inited   0x000043     0x2  ApiKeyboard.o [1]
    .near.data       inited   0x000045     0x2  ApiKeyboard.o [1]
    .near.data       inited   0x000047     0x2  ApiKeyboard.o [1]
    .near.data       inited   0x000049     0x1  ApiKeyboard.o [1]
    .near.data       inited   0x00004a     0x1  ApiKeyboard.o [1]
    .near.data       inited   0x00004b     0x1  ApiKeyboard.o [1]
    .near.data       inited   0x00004c     0x1  ApiKeyboard.o [1]
    .near.data       inited   0x00004d     0x2  ApiPocCmd.o [1]
    .near.data       inited   0x00004f     0x2  ApiPocCmd.o [1]
    .near.data       inited   0x000051     0x2  Delay.o [1]
    .near.data       inited   0x000053     0x2  DrvGD83.o [1]
    .near.data       inited   0x000055     0x2  DrvGD83.o [1]
    .near.data       inited   0x000057     0x2  DrvGD83.o [1]
    .near.data       inited   0x000059     0x2  DrvGD83.o [1]
    .near.data       inited   0x00005b     0x1  Task.o [1]
    .near.data       inited   0x00005c     0x1  Task.o [1]
    .near.data       inited   0x00005d     0x1  Task.o [1]
    .near.data       inited   0x00005e     0x2  Task.o [1]
    .near.data       inited   0x000060     0x2  Task.o [1]
    .near.data       inited   0x000062     0x2  Task.o [1]
    .near.data       inited   0x000064     0x2  Task.o [1]
    .near.data       inited   0x000066     0x2  Task.o [1]
    .near.data       inited   0x000068     0x2  Task.o [1]
    .near.data       inited   0x00006a     0x2  Task.o [1]
    .near.data       inited   0x00006c     0x2  Task.o [1]
    .near.data       inited   0x00006e     0x2  Task.o [1]
    .near.data       inited   0x000070     0x2  Task.o [1]
    .near.data       inited   0x000072     0x2  Task.o [1]
    .near.data       inited   0x000074     0x2  Task.o [1]
    .near.data       inited   0x000076     0x2  Task.o [1]
                            - 0x000078    0x68

"P2", part 2 of 2:                      0x1353
  .near.bss          zero     0x000078   0x8f6  ApiPocCmd.o [1]
  .near.bss          zero     0x00096e   0x3a6  DrvGD83.o [1]
  .near.bss          zero     0x000d14   0x200  ApiDisplay.o [1]
  .near.bss          zero     0x000f14   0x1c3  ApiGpsCmd.o [1]
  .near.bss          zero     0x0010d7    0x91  ApiAtCmd.o [1]
  .near.bss          zero     0x001168    0x50  ApiPocCmd.o [1]
  .near.bss          zero     0x0011b8    0x4b  ApiBeidou.o [1]
  .near.bss          zero     0x001203    0x44  uart3.o [1]
  .near.bss          zero     0x001247    0x40  ApiDisplay.o [1]
  .near.bss          zero     0x001287    0x2d  ApiPocCmd.o [1]
  .near.bss          zero     0x0012b4    0x16  ApiPocCmd.o [1]
  .near.bss          zero     0x0012ca    0x14  System.o [1]
  .near.bss          zero     0x0012de    0x12  Beep.o [1]
  .near.bss          zero     0x0012f0    0x12  Tone.o [1]
  .near.bss          zero     0x001302     0xf  ApiPocCmd.o [1]
  .near.bss          zero     0x001311     0xf  ApiPocCmd.o [1]
  .near.bss          zero     0x001320     0xf  ApiPocCmd.o [1]
  .near.bss          zero     0x00132f     0xb  ApiPocCmd.o [1]
  .near.bss          zero     0x00133a     0xb  Delay.o [1]
  .near.bss          zero     0x001345     0x6  ApiBeidou.o [1]
  .near.bss          zero     0x00134b     0x6  Voice.o [1]
  .near.bss          zero     0x001351     0x4  uart3.o [1]
  .near.bss          zero     0x001355     0x2  ApiDisplay.o [1]
  .near.bss          zero     0x001357     0x2  DrvHTG12832.o [1]
  .near.bss          zero     0x001359     0x1  ADC.o [1]
  .near.bss          zero     0x00135a     0x1  ADC.o [1]
  .near.bss          zero     0x00135b     0x1  ADC.o [1]
  .near.bss          zero     0x00135c     0x1  ADC.o [1]
  .near.bss          zero     0x00135d     0x1  ADC.o [1]
  .near.bss          zero     0x00135e     0x1  ApiAtCmd.o [1]
  .near.bss          zero     0x00135f     0x1  ApiAtCmd.o [1]
  .near.bss          zero     0x001360     0x1  ApiAtCmd.o [1]
  .near.bss          zero     0x001361     0x1  ApiAtCmd.o [1]
  .near.bss          zero     0x001362     0x1  ApiAtCmd.o [1]
  .near.bss          zero     0x001363     0x1  ApiAtCmd.o [1]
  .near.bss          zero     0x001364     0x1  ApiAtCmd.o [1]
  .near.bss          zero     0x001365     0x1  ApiAtCmd.o [1]
  .near.bss          zero     0x001366     0x1  ApiAtCmd.o [1]
  .near.bss          zero     0x001367     0x1  ApiAtCmd.o [1]
  .near.bss          zero     0x001368     0x1  ApiAtCmd.o [1]
  .near.bss          zero     0x001369     0x1  ApiAtCmd.o [1]
  .near.bss          zero     0x00136a     0x1  ApiBeidou.o [1]
  .near.bss          zero     0x00136b     0x1  ApiGpsCmd.o [1]
  .near.bss          zero     0x00136c     0x1  ApiGpsCmd.o [1]
  .near.bss          zero     0x00136d     0x1  ApiKeyboard.o [1]
  .near.bss          zero     0x00136e     0x1  ApiKeyboard.o [1]
  .near.bss          zero     0x00136f     0x1  ApiKeyboard.o [1]
  .near.bss          zero     0x001370     0x1  ApiKeyboard.o [1]
  .near.bss          zero     0x001371     0x1  ApiKeyboard.o [1]
  .near.bss          zero     0x001372     0x1  ApiKeyboard.o [1]
  .near.bss          zero     0x001373     0x1  ApiKeyboard.o [1]
  .near.bss          zero     0x001374     0x1  ApiKeyboard.o [1]
  .near.bss          zero     0x001375     0x1  ApiKeyboard.o [1]
  .near.bss          zero     0x001376     0x1  ApiKeyboard.o [1]
  .near.bss          zero     0x001377     0x1  ApiKeyboard.o [1]
  .near.bss          zero     0x001378     0x1  ApiKeyboard.o [1]
  .near.bss          zero     0x001379     0x1  ApiKeyboard.o [1]
  .near.bss          zero     0x00137a     0x1  ApiKeyboard.o [1]
  .near.bss          zero     0x00137b     0x1  ApiKeyboard.o [1]
  .near.bss          zero     0x00137c     0x1  ApiKeyboard.o [1]
  .near.bss          zero     0x00137d     0x1  ApiKeyboard.o [1]
  .near.bss          zero     0x00137e     0x1  ApiKeyboard.o [1]
  .near.bss          zero     0x00137f     0x1  ApiKeyboard.o [1]
  .near.bss          zero     0x001380     0x1  ApiKeyboard.o [1]
  .near.bss          zero     0x001381     0x1  ApiKeyboard.o [1]
  .near.bss          zero     0x001382     0x1  ApiKeyboard.o [1]
  .near.bss          zero     0x001383     0x1  ApiLED.o [1]
  .near.bss          zero     0x001384     0x1  ApiMenu.o [1]
  .near.bss          zero     0x001385     0x1  ApiMenu.o [1]
  .near.bss          zero     0x001386     0x1  ApiMenu.o [1]
  .near.bss          zero     0x001387     0x1  ApiMenu.o [1]
  .near.bss          zero     0x001388     0x1  ApiMenu.o [1]
  .near.bss          zero     0x001389     0x1  ApiMenu.o [1]
  .near.bss          zero     0x00138a     0x1  ApiMenu.o [1]
  .near.bss          zero     0x00138b     0x1  ApiPocCmd.o [1]
  .near.bss          zero     0x00138c     0x1  ApiPocCmd.o [1]
  .near.bss          zero     0x00138d     0x1  ApiPocCmd.o [1]
  .near.bss          zero     0x00138e     0x1  ApiPocCmd.o [1]
  .near.bss          zero     0x00138f     0x1  ApiPocCmd.o [1]
  .near.bss          zero     0x001390     0x1  ApiPocCmd.o [1]
  .near.bss          zero     0x001391     0x1  ApiPocCmd.o [1]
  .near.bss          zero     0x001392     0x1  ApiPocCmd.o [1]
  .near.bss          zero     0x001393     0x1  ApiPocCmd.o [1]
  .near.bss          zero     0x001394     0x1  ApiPocCmd.o [1]
  .near.bss          zero     0x001395     0x1  ApiPocCmd.o [1]
  .near.bss          zero     0x001396     0x1  ApiPocCmd.o [1]
  .near.bss          zero     0x001397     0x1  ApiPocCmd.o [1]
  .near.bss          zero     0x001398     0x1  ApiPocCmd.o [1]
  .near.bss          zero     0x001399     0x1  ApiPocCmd.o [1]
  .near.bss          zero     0x00139a     0x1  ApiPocCmd.o [1]
  .near.bss          zero     0x00139b     0x1  ApiPocCmd.o [1]
  .near.bss          zero     0x00139c     0x1  ApiPocCmd.o [1]
  .near.bss          zero     0x00139d     0x1  ApiPocCmd.o [1]
  .near.bss          zero     0x00139e     0x1  ApiPocCmd.o [1]
  .near.bss          zero     0x00139f     0x1  Delay.o [1]
  .near.bss          zero     0x0013a0     0x1  Delay.o [1]
  .near.bss          zero     0x0013a1     0x1  Delay.o [1]
  .near.bss          zero     0x0013a2     0x1  Delay.o [1]
  .near.bss          zero     0x0013a3     0x1  Delay.o [1]
  .near.bss          zero     0x0013a4     0x1  Delay.o [1]
  .near.bss          zero     0x0013a5     0x1  Delay.o [1]
  .near.bss          zero     0x0013a6     0x1  Delay.o [1]
  .near.bss          zero     0x0013a7     0x1  Delay.o [1]
  .near.bss          zero     0x0013a8     0x1  Delay.o [1]
  .near.bss          zero     0x0013a9     0x1  Delay.o [1]
  .near.bss          zero     0x0013aa     0x1  Delay.o [1]
  .near.bss          zero     0x0013ab     0x1  Delay.o [1]
  .near.bss          zero     0x0013ac     0x1  Delay.o [1]
  .near.bss          zero     0x0013ad     0x1  Delay.o [1]
  .near.bss          zero     0x0013ae     0x1  Delay.o [1]
  .near.bss          zero     0x0013af     0x1  Delay.o [1]
  .near.bss          zero     0x0013b0     0x1  Delay.o [1]
  .near.bss          zero     0x0013b1     0x1  Delay.o [1]
  .near.bss          zero     0x0013b2     0x1  Delay.o [1]
  .near.bss          zero     0x0013b3     0x1  Delay.o [1]
  .near.bss          zero     0x0013b4     0x1  Delay.o [1]
  .near.bss          zero     0x0013b5     0x1  Delay.o [1]
  .near.bss          zero     0x0013b6     0x1  Delay.o [1]
  .near.bss          zero     0x0013b7     0x1  Delay.o [1]
  .near.bss          zero     0x0013b8     0x1  DrvGD83.o [1]
  .near.bss          zero     0x0013b9     0x1  Task.o [1]
  .near.bss          zero     0x0013ba     0x1  Task.o [1]
  .near.bss          zero     0x0013bb     0x1  Task.o [1]
  .near.bss          zero     0x0013bc     0x1  Task.o [1]
  .near.bss          zero     0x0013bd     0x1  Task.o [1]
  .near.bss          zero     0x0013be     0x1  Task.o [1]
  .near.bss          zero     0x0013bf     0x1  Task.o [1]
  .near.bss          zero     0x0013c0     0x1  Task.o [1]
  .near.bss          zero     0x0013c1     0x1  Task.o [1]
  .near.bss          zero     0x0013c2     0x1  Task.o [1]
  .near.bss          zero     0x0013c3     0x1  Task.o [1]
  .near.bss          zero     0x0013c4     0x1  Task.o [1]
  .near.bss          zero     0x0013c5     0x1  Task.o [1]
  .near.bss          zero     0x0013c6     0x1  Task.o [1]
  .near.bss          zero     0x0013c7     0x1  Task.o [1]
  .near.bss          zero     0x0013c8     0x1  Task.o [1]
  .near.bss          zero     0x0013c9     0x1  Task.o [1]
  .near.bss          zero     0x0013ca     0x1  uart3.o [1]
                            - 0x0013cb  0x1353

"A2":                                    0x100
  CSTACK                      0x001700   0x100  <Block>
    CSTACK           uninit   0x001700   0x100  <Block tail>
                            - 0x001800   0x100

"A3":                                     0x80
  INTVEC                      0x008000    0x80  <Block>
    .intvec          const    0x008000    0x80  interrupt.o [5]
                            - 0x008080    0x80

"P3":                                   0x2bfa
  .near.rodata       const    0x008080  0x1b00  GT20L16P1Y_D.o [1]
  .near.rodata       const    0x009b80   0x400  ApiDisplay.o [1]
  .near.rodata       const    0x009f80   0x1b0  GT20L16P1Y_D.o [1]
  .near.rodata       const    0x00a130   0x1b0  GT20L16P1Y_D.o [1]
  Initializer bytes  const    0x00a2e0    0x68  <for P2-1>
  .near_func.text    const    0x00a348    0x40  ApiDisplay.o [1]
  .near.rodata       const    0x00a388    0x3e  GT20L16P1Y.o [3]
  .near.rodata       const    0x00a3c6    0x31  Task.o [1]
  .near.rodata       const    0x00a3f7    0x2d  Task.o [1]
  .near.rodata       const    0x00a424    0x2a  Task.o [1]
  .near.rodata       const    0x00a44e    0x25  Delay.o [1]
  .near.rodata       const    0x00a473    0x25  Task.o [1]
  .near.rodata       const    0x00a498    0x25  Task.o [1]
  .iar.init_table    const    0x00a4bd    0x14  - Linker created -
  .near.rodata       const    0x00a4d1    0x20  KeyCmd.o [1]
  .near.rodata       const    0x00a4f1    0x1d  ADC.o [1]
  .near.rodata       const    0x00a50e    0x1d  ADC.o [1]
  .near.rodata       const    0x00a52b    0x1d  ADC.o [1]
  .near.rodata       const    0x00a548    0x1d  ADC.o [1]
  .near.rodata       const    0x00a565    0x1d  ApiKeyboard.o [1]
  .near.rodata       const    0x00a582    0x1d  Task.o [1]
  .near.rodata       const    0x00a59f    0x19  ADC.o [1]
  .near.rodata       const    0x00a5b8    0x18  Task.o [1]
  .near.rodata       const    0x00a5d0    0x15  ADC.o [1]
  .near.rodata       const    0x00a5e5    0x15  Delay.o [1]
  .near.rodata       const    0x00a5fa    0x15  Task.o [1]
  .near.rodata       const    0x00a60f    0x13  Task.o [1]
  .near.rodata       const    0x00a622    0x13  Task.o [1]
  .near.rodata       const    0x00a635    0x12  KeyCmd.o [1]
  .near.rodata       const    0x00a647    0x12  Task.o [1]
  .near.rodata       const    0x00a659    0x11  ApiAtCmd.o [1]
  .near.rodata       const    0x00a66a    0x11  ApiAtCmd.o [1]
  .near.rodata       const    0x00a67b    0x11  ApiAtCmd.o [1]
  .near.rodata       const    0x00a68c    0x11  ApiKeyboard.o [1]
  .near.rodata       const    0x00a69d    0x11  ApiKeyboard.o [1]
  .near.rodata       const    0x00a6ae    0x11  ApiKeyboard.o [1]
  .near.rodata       const    0x00a6bf    0x11  ApiKeyboard.o [1]
  .near.rodata       const    0x00a6d0    0x11  ApiKeyboard.o [1]
  .near.rodata       const    0x00a6e1    0x11  ApiKeyboard.o [1]
  .near.rodata       const    0x00a6f2    0x11  ApiKeyboard.o [1]
  .near.rodata       const    0x00a703    0x11  ApiKeyboard.o [1]
  .near.rodata       const    0x00a714    0x11  ApiMenu.o [1]
  .near.rodata       const    0x00a725    0x11  ApiMenu.o [1]
  .near.rodata       const    0x00a736    0x11  ApiMenu.o [1]
  .near.rodata       const    0x00a747    0x11  ApiMenu.o [1]
  .near.rodata       const    0x00a758    0x11  ApiMenu.o [1]
  .near.rodata       const    0x00a769    0x11  ApiMenu.o [1]
  .near.rodata       const    0x00a77a    0x11  ApiMenu.o [1]
  .near.rodata       const    0x00a78b    0x11  ApiMenu.o [1]
  .near.rodata       const    0x00a79c    0x11  ApiMenu.o [1]
  .near.rodata       const    0x00a7ad    0x11  ApiMenu.o [1]
  .near.rodata       const    0x00a7be    0x11  ApiMenu.o [1]
  .near.rodata       const    0x00a7cf    0x11  ApiMenu.o [1]
  .near.rodata       const    0x00a7e0    0x11  ApiMenu.o [1]
  .near.rodata       const    0x00a7f1    0x11  ApiMenu.o [1]
  .near.rodata       const    0x00a802    0x11  ApiMenu.o [1]
  .near.rodata       const    0x00a813    0x11  ApiMenu.o [1]
  .near.rodata       const    0x00a824    0x11  ApiMenu.o [1]
  .near.rodata       const    0x00a835    0x11  ApiMenu.o [1]
  .near.rodata       const    0x00a846    0x11  ApiMenu.o [1]
  .near.rodata       const    0x00a857    0x11  ApiMenu.o [1]
  .near.rodata       const    0x00a868    0x11  ApiMenu.o [1]
  .near.rodata       const    0x00a879    0x11  ApiMenu.o [1]
  .near.rodata       const    0x00a88a    0x11  ApiMenu.o [1]
  .near.rodata       const    0x00a89b    0x11  ApiMenu.o [1]
  .near.rodata       const    0x00a8ac    0x11  ApiMenu.o [1]
  .near.rodata       const    0x00a8bd    0x11  ApiMenu.o [1]
  .near.rodata       const    0x00a8ce    0x11  CommonLib.o [1]
  .near.rodata       const    0x00a8df    0x11  Delay.o [1]
  .near.rodata       const    0x00a8f0    0x11  Delay.o [1]
  .near.rodata       const    0x00a901    0x11  KeyCmd.o [1]
  .near.rodata       const    0x00a912    0x11  System.o [1]
  .near.rodata       const    0x00a923    0x11  Task.o [1]
  .near.rodata       const    0x00a934    0x11  Task.o [1]
  .near.rodata       const    0x00a945    0x11  Task.o [1]
  .near.rodata       const    0x00a956    0x11  Task.o [1]
  .near.rodata       const    0x00a967    0x11  Task.o [1]
  .near.rodata       const    0x00a978    0x11  Task.o [1]
  .near.rodata       const    0x00a989    0x11  Task.o [1]
  .near.rodata       const    0x00a99a    0x11  Task.o [1]
  .near.rodata       const    0x00a9ab    0x11  Task.o [1]
  .near.rodata       const    0x00a9bc    0x11  Task.o [1]
  .near.rodata       const    0x00a9cd    0x10  ApiAtCmd.o [1]
  .near.rodata       const    0x00a9dd    0x10  ApiAtCmd.o [1]
  .near.rodata       const    0x00a9ed    0x10  ApiDisplay.o [1]
  .near.rodata       const    0x00a9fd    0x10  ApiDisplay.o [1]
  .near.rodata       const    0x00aa0d    0x10  ApiMenu.o [1]
  .near.rodata       const    0x00aa1d    0x10  uart3.o [1]
  .near.rodata       const    0x00aa2d     0xf  ApiAtCmd.o [1]
  .near.rodata       const    0x00aa3c     0xf  ApiKeyboard.o [1]
  .near.rodata       const    0x00aa4b     0xf  ApiKeyboard.o [1]
  .near.rodata       const    0x00aa5a     0xf  Task.o [1]
  .near.rodata       const    0x00aa69     0xf  Task.o [1]
  .near.rodata       const    0x00aa78     0xe  ApiAtCmd.o [1]
  .near.rodata       const    0x00aa86     0xe  ApiAtCmd.o [1]
  .near.rodata       const    0x00aa94     0xe  ApiAtCmd.o [1]
  .near.rodata       const    0x00aaa2     0xe  Task.o [1]
  .near.rodata       const    0x00aab0     0xe  Task.o [1]
  .near.rodata       const    0x00aabe     0xd  ApiKeyboard.o [1]
  .near.rodata       const    0x00aacb     0xd  ApiPocCmd.o [1]
  .near.rodata       const    0x00aad8     0xd  ApiPocCmd.o [1]
  .near.rodata       const    0x00aae5     0xd  Delay.o [1]
  .near.rodata       const    0x00aaf2     0xd  Task.o [1]
  .near.rodata       const    0x00aaff     0xc  ApiAtCmd.o [1]
  .near.rodata       const    0x00ab0b     0xc  Delay.o [1]
  .near.rodata       const    0x00ab17     0xb  ApiAtCmd.o [1]
  .near.rodata       const    0x00ab22     0xb  ApiAtCmd.o [1]
  .near.rodata       const    0x00ab2d     0xb  ApiKeyboard.o [1]
  .near.rodata       const    0x00ab38     0xb  Delay.o [1]
  .near.rodata       const    0x00ab43     0xb  Task.o [1]
  .near.rodata       const    0x00ab4e     0xa  ApiAtCmd.o [1]
  .near.rodata       const    0x00ab58     0xa  ApiAtCmd.o [1]
  .near.rodata       const    0x00ab62     0xa  ApiAtCmd.o [1]
  .near.rodata       const    0x00ab6c     0xa  ApiAtCmd.o [1]
  .near.rodata       const    0x00ab76     0xa  Delay.o [1]
  .near.rodata       const    0x00ab80     0xa  Task.o [1]
  .near.rodata       const    0x00ab8a     0x9  ApiAtCmd.o [1]
  .near.rodata       const    0x00ab93     0x9  ApiAtCmd.o [1]
  .near.rodata       const    0x00ab9c     0x9  ApiAtCmd.o [1]
  .near.rodata       const    0x00aba5     0x9  ApiAtCmd.o [1]
  .near.rodata       const    0x00abae     0x9  ApiAtCmd.o [1]
  .near.rodata       const    0x00abb7     0x9  ApiAtCmd.o [1]
  .near.rodata       const    0x00abc0     0x9  ApiKeyboard.o [1]
  .near.rodata       const    0x00abc9     0x9  ApiKeyboard.o [1]
  .near.rodata       const    0x00abd2     0x9  DrvGD83.o [1]
  .near.rodata       const    0x00abdb     0x9  Task.o [1]
  .near.rodata       const    0x00abe4     0x9  Task.o [1]
  .near.rodata       const    0x00abed     0x8  ApiAtCmd.o [1]
  .near.rodata       const    0x00abf5     0x8  ApiAtCmd.o [1]
  .near.rodata       const    0x00abfd     0x8  ApiDisplay.o [1]
  .near.rodata       const    0x00ac05     0x8  ApiPocCmd.o [1]
  .near.rodata       const    0x00ac0d     0x8  Task.o [1]
  .near.rodata       const    0x00ac15     0x7  ApiAtCmd.o [1]
  .near.rodata       const    0x00ac1c     0x7  ApiPocCmd.o [1]
  .near.rodata       const    0x00ac23     0x7  DrvGD83.o [1]
  .near.rodata       const    0x00ac2a     0x7  Task.o [1]
  .near.rodata       const    0x00ac31     0x7  Task.o [1]
  .near.rodata       const    0x00ac38     0x6  DrvGD83.o [1]
  .near.rodata       const    0x00ac3e     0x6  System.o [1]
  .near.rodata       const    0x00ac44     0x5  ApiAtCmd.o [1]
  .near.rodata       const    0x00ac49     0x4  ApiMenu.o [1]
  .near.rodata       const    0x00ac4d     0x4  ApiMenu.o [1]
  .near.rodata       const    0x00ac51     0x4  ApiMenu.o [1]
  .near.rodata       const    0x00ac55     0x4  ApiMenu.o [1]
  .near.rodata       const    0x00ac59     0x4  ApiMenu.o [1]
  .near.rodata       const    0x00ac5d     0x4  ApiMenu.o [1]
  .near.rodata       const    0x00ac61     0x4  ApiMenu.o [1]
  .near.rodata       const    0x00ac65     0x4  stm8s_clk.o [1]
  .near.rodata       const    0x00ac69     0x4  uart3.o [1]
  .near.rodata       const    0x00ac6d     0x4  uart3.o [1]
  .near.rodata       const    0x00ac71     0x3  DrvGD83.o [1]
  .near.rodata       const    0x00ac74     0x3  uart3.o [1]
  .near.rodata       const    0x00ac77     0x3  uart3.o [1]
                            - 0x00ac7a  0x2bfa

"P4", part 1 of 2:                      0x43df
  .far_func.text     ro code  0x00ac7a   0xaaf  ApiKeyboard.o [1]
  .far_func.text     ro code  0x00b729   0x823  DrvGD83.o [1]
  .far_func.text     ro code  0x00bf4c   0x77a  Task.o [1]
  .far_func.text     ro code  0x00c6c6   0x53d  ApiPocCmd.o [1]
  .far_func.text     ro code  0x00cc03   0x517  Delay.o [1]
  .far_func.text     ro code  0x00d11a   0x4ea  ApiGpsCmd.o [1]
  .far_func.text     ro code  0x00d604   0x349  ApiMenu.o [1]
  .far_func.text     ro code  0x00d94d   0x30f  Beep.o [1]
  .far_func.text     ro code  0x00dc5c   0x2d4  ApiAtCmd.o [1]
  .far_func.text     ro code  0x00df30   0x2ce  ApiGpsCmd.o [1]
  .far_func.text     ro code  0x00e1fe   0x2cd  GT20L16P1Y.o [3]
  .far_func.text     ro code  0x00e4cb   0x266  ApiAtCmd.o [1]
  .far_func.text     ro code  0x00e731   0x252  DrvHTG12832.o [1]
  .far_func.text     ro code  0x00e983   0x251  GT20L16P1Y.o [3]
  .far_func.text     ro code  0x00ebd4   0x24d  ApiGpsCmd.o [1]
  .far_func.text     ro code  0x00ee21   0x238  Task.o [1]
                            - 0x00f059  0x43df

"P4", part 2 of 2:                      0x597f
  .far_func.text     ro code  0x010000   0x232  ADC.o [1]
  .far_func.text     ro code  0x010232   0x22c  Config.o [1]
  .far_func.text     ro code  0x01045e   0x211  DrvKeyboard.o [1]
  .far_func.text     ro code  0x01066f   0x1b2  uart3.o [1]
  .far_func.text     ro code  0x010821   0x19f  long.o [5]
  .far_func.text     ro code  0x0109c0   0x193  ApiGpsCmd.o [1]
  .far_func.text     ro code  0x010b53   0x190  ApiAtCmd.o [1]
  .far_func.text     ro code  0x010ce3   0x185  GT20L16P1Y.o [3]
  .far_func.text     ro code  0x010e68   0x173  ApiMenu.o [1]
  .far_func.text     ro code  0x010fdb   0x173  ApiPocCmd.o [1]
  .far_func.text     ro code  0x01114e   0x173  ApiPocCmd.o [1]
  .far_func.text     ro code  0x0112c1   0x16e  ApiPocCmd.o [1]
  .far_func.text     ro code  0x01142f   0x165  ApiGpsCmd.o [1]
  .far_func.text     ro code  0x011594   0x163  ApiPocCmd.o [1]
  .far_func.text     ro code  0x0116f7   0x15c  vreg_util.o [5]
  .far_func.text     ro code  0x011853   0x159  stm8s_uart1.o [1]
  .far_func.text     ro code  0x0119ac   0x153  ApiAtCmd.o [1]
  .far_func.text     ro code  0x011aff   0x148  DrvKeyboard.o [1]
  .far_func.text     ro code  0x011c47   0x143  ApiMenu.o [1]
  .far_func.text     ro code  0x011d8a   0x13f  DrvKeyboard.o [1]
  .far_func.text     ro code  0x011ec9   0x13b  DrvGT20L16S1Y.o [1]
  .far_func.text     ro code  0x012004   0x134  CommonLib.o [1]
  .far_func.text     ro code  0x012138   0x134  DrvGT20L16S1Y.o [1]
  .far_func.text     ro code  0x01226c   0x12b  ApiAtCmd.o [1]
  .far_func.text     ro code  0x012397   0x12a  stm8s_uart3.o [1]
  .far_func.text     ro code  0x0124c1   0x103  stm8s_itc.o [1]
  .far_func.text     ro code  0x0125c4   0x103  System.o [1]
  .far_func.text     ro code  0x0126c7    0xfa  CommonLib.o [1]
  .far_func.text     ro code  0x0127c1    0xf3  uart3.o [1]
  .far_func.text     ro code  0x0128b4    0xeb  DrvGD83.o [1]
  .far_func.text     ro code  0x01299f    0xe9  uart3.o [1]
  .far_func.text     ro code  0x012a88    0xe5  ApiKeyboard.o [1]
  .far_func.text     ro code  0x012b6d    0xdf  uart3.o [1]
  .far_func.text     ro code  0x012c4c    0xd9  ApiDisplay.o [1]
  .far_func.text     ro code  0x012d25    0xd8  ApiPocCmd.o [1]
  .far_func.text     ro code  0x012dfd    0xc8  ApiDisplay.o [1]
  .far_func.text     ro code  0x012ec5    0xc0  ApiDisplay.o [1]
  .far_func.text     ro code  0x012f85    0xba  uart3.o [1]
  .far_func.text     ro code  0x01303f    0xb6  stm8s_uart3.o [1]
  .far_func.text     ro code  0x0130f5    0xb0  ApiDisplay.o [1]
  .far_func.text     ro code  0x0131a5    0xaf  stm8s_gpio.o [1]
  .far_func.text     ro code  0x013254    0xad  uart3.o [1]
  .far_func.text     ro code  0x013301    0xa3  ApiLED.o [1]
  .far_func.text     ro code  0x0133a4    0xa3  Delay.o [1]
  .far_func.text     ro code  0x013447    0xa2  stm8s_clk.o [1]
  .far_func.text     ro code  0x0134e9    0x9c  ApiAtCmd.o [1]
  .far_func.text     ro code  0x013585    0x99  stm8s_tim1.o [1]
  .far_func.text     ro code  0x01361e    0x97  ApiDisplay.o [1]
  .far_func.text     ro code  0x0136b5    0x96  CommonLib.o [1]
  .far_func.text     ro code  0x01374b    0x96  DrvKeyboard.o [1]
  .far_func.text     ro code  0x0137e1    0x95  uart3.o [1]
  .far_func.text     ro code  0x013876    0x92  stm8s_uart1.o [1]
  .far_func.text     ro code  0x013908    0x8f  uart3.o [1]
  .far_func.text     ro code  0x013997    0x8d  stm8s_uart3.o [1]
  .far_func.text     ro code  0x013a24    0x8b  ApiAtCmd.o [1]
  .far_func.text     ro code  0x013aaf    0x88  ApiDisplay.o [1]
  .far_func.text     ro code  0x013b37    0x85  ApiPocCmd.o [1]
  .far_func.text     ro code  0x013bbc    0x82  stm8s_adc2.o [1]
  .far_func.text     ro code  0x013c3e    0x80  DrvGD83.o [1]
  .far_func.text     ro code  0x013cbe    0x73  ApiAtCmd.o [1]
  .far_func.text     ro code  0x013d31    0x73  Delay.o [1]
  .far_func.text     ro code  0x013da4    0x72  DrvKeyboard.o [1]
  .far_func.text     ro code  0x013e16    0x71  Voice.o [1]
  .far_func.text     ro code  0x013e87    0x6e  uart3.o [1]
  .far_func.text     ro code  0x013ef5    0x6d  stm8s_uart1.o [1]
  .far_func.text     ro code  0x013f62    0x6b  Tone.o [1]
  .far_func.text     ro code  0x013fcd    0x69  uart3.o [1]
  .far_func.text     ro code  0x014036    0x67  ApiAtCmd.o [1]
  .far_func.text     ro code  0x01409d    0x64  ApiDisplay.o [1]
  .far_func.text     ro code  0x014101    0x64  ApiGpsCmd.o [1]
  .far_func.text     ro code  0x014165    0x64  CommonLib.o [1]
  .far_func.text     ro code  0x0141c9    0x64  long_util.o [5]
  .far_func.text     ro code  0x01422d    0x62  ApiPocCmd.o [1]
  .far_func.text     ro code  0x01428f    0x61  ApiDisplay.o [1]
  .far_func.text     ro code  0x0142f0    0x61  KeyCmd.o [1]
  .far_func.text     ro code  0x014351    0x61  stm8s_tim1.o [1]
  .far_func.text     ro code  0x0143b2    0x5f  ADC.o [1]
  .far_func.text     ro code  0x014411    0x5e  CommonLib.o [1]
  .far_func.text     ro code  0x01446f    0x5d  short.o [5]
  .far_func.text     ro code  0x0144cc    0x5c  GT20L16P1Y_D.o [1]
  .far_func.text     ro code  0x014528    0x5c  uart3.o [1]
  .far_func.text     ro code  0x014584    0x58  stm8s_clk.o [1]
  .far_func.text     ro code  0x0145dc    0x58  dc_util.o [5]
  .far_func.text     ro code  0x014634    0x57  ApiDisplay.o [1]
  .far_func.text     ro code  0x01468b    0x56  Tone.o [1]
  .far_func.text     ro code  0x0146e1    0x55  Delay.o [1]
  .far_func.text     ro code  0x014736    0x54  stm8s_adc2.o [1]
  .far_func.text     ro code  0x01478a    0x52  uart3.o [1]
  .far_func.text     ro code  0x0147dc    0x50  Flash_eeprom.o [1]
  .far_func.text     ro code  0x01482c    0x4f  ApiDisplay.o [1]
  .far_func.text     ro code  0x01487b    0x4f  Flash_eeprom.o [1]
  .far_func.text     ro code  0x0148ca    0x4f  uart3.o [1]
  .far_func.text     ro code  0x014919    0x4e  CommonLib.o [1]
  .far_func.text     ro code  0x014967    0x4e  System.o [1]
  .far_func.text     ro code  0x0149b5    0x4a  DrvGD83.o [1]
  .far_func.text     ro code  0x0149ff    0x4a  DrvGD83.o [1]
  .far_func.text     ro code  0x014a49    0x4a  DrvGD83.o [1]
  .far_func.text     ro code  0x014a93    0x4a  DrvGD83.o [1]
  .far_func.text     ro code  0x014add    0x49  stm8s_uart3.o [1]
  .far_func.text     ro code  0x014b26    0x48  Flash_eeprom.o [1]
  .far_func.text     ro code  0x014b6e    0x48  GT20L16P1Y_D.o [1]
  .far_func.text     ro code  0x014bb6    0x48  GT20L16P1Y_D.o [1]
  .far_func.text     ro code  0x014bfe    0x47  GT20L16P1Y.o [3]
  .far_func.text     ro code  0x014c45    0x45  Flash_eeprom.o [1]
  .far_func.text     ro code  0x014c8a    0x43  stm8s_tim1.o [1]
  .far_func.text     ro code  0x014ccd    0x40  Task.o [1]
  .far_func.text     ro code  0x014d0d    0x3e  Flash_eeprom.o [1]
  .far_func.text     ro code  0x014d4b    0x3d  DrvGD83.o [1]
  .far_func.text     ro code  0x014d88    0x39  uart3.o [1]
  .far_func.text     ro code  0x014dc1    0x38  Beep.o [1]
  .far_func.text     ro code  0x014df9    0x38  DrvGT20L16S1Y.o [1]
  .far_func.text     ro code  0x014e31    0x36  ApiPocCmd.o [1]
  .far_func.text     ro code  0x014e67    0x36  stm8s_flash.o [1]
  .far_func.text     ro code  0x014e9d    0x36  sysclock.o [1]
  .far_func.text     ro code  0x014ed3    0x36  memcmp.o [5]
  .far_func.text     ro code  0x014f09    0x34  McuConfig.o [1]
  .far_func.text     ro code  0x014f3d    0x32  stm8s_uart1.o [1]
  .far_func.text     ro code  0x014f6f    0x31  Voice.o [1]
  .far_func.text     ro code  0x014fa0    0x30  stm8s_adc2.o [1]
  .far_func.text     ro code  0x014fd0    0x2f  ApiDisplay.o [1]
  .far_func.text     ro code  0x014fff    0x2f  ApiDisplay.o [1]
  .far_func.text     ro code  0x01502e    0x2f  stm8s_adc2.o [1]
  .far_func.text     ro code  0x01505d    0x2e  ApiDisplay.o [1]
  .far_func.text     ro code  0x01508b    0x2e  ApiDisplay.o [1]
  .far_func.text     ro code  0x0150b9    0x2e  McuConfig.o [1]
  .far_func.text     ro code  0x0150e7    0x2d  ApiDisplay.o [1]
  .far_func.text     ro code  0x015114    0x2d  stm8s_uart1.o [1]
  .far_func.text     ro code  0x015141    0x2c  DrvGD83.o [1]
  .far_func.text     ro code  0x01516d    0x2b  sysclock.o [1]
  .far_func.text     ro code  0x015198    0x2b  Task.o [1]
  .far_func.text     ro code  0x0151c3    0x29  Delay.o [1]
  .far_func.text     ro code  0x0151ec    0x29  McuConfig.o [1]
  .far_func.text     ro code  0x015215    0x28  stm8s_flash.o [1]
  .far_func.text     ro code  0x01523d    0x28  init_small.o [5]
  .far_func.text     ro code  0x015265    0x27  ADC.o [1]
  .far_func.text     ro code  0x01528c    0x27  McuConfig.o [1]
  .far_func.text     ro code  0x0152b3    0x26  GT20L16P1Y_D.o [1]
  .far_func.text     ro code  0x0152d9    0x26  stm8s_it.o [1]
  .far_func.text     ro code  0x0152ff    0x26  Tone.o [1]
  .far_func.text     ro code  0x015325    0x26  memcpy.o [5]
  .far_func.text     ro code  0x01534b    0x25  stm8s_flash.o [1]
  .far_func.text     ro code  0x015370    0x25  stm8s_uart3.o [1]
  .far_func.text     ro code  0x015395    0x25  move.o [5]
  .far_func.text     ro code  0x0153ba    0x24  stm8s_tim1.o [1]
  .far_func.text     ro code  0x0153de    0x22  ADC.o [1]
  .far_func.text     ro code  0x015400    0x22  ApiPocCmd.o [1]
  .far_func.text     ro code  0x015422    0x22  ApiPocCmd.o [1]
  .far_func.text     ro code  0x015444    0x21  ApiGpsCmd.o [1]
  .far_func.text     ro code  0x015465    0x21  ApiPocCmd.o [1]
  .far_func.text     ro code  0x015486    0x21  Delay.o [1]
  .far_func.text     ro code  0x0154a7    0x21  stm8s_adc2.o [1]
  .far_func.text     ro code  0x0154c8    0x21  stm8s_it.o [1]
  .far_func.text     ro code  0x0154e9    0x20  ApiPocCmd.o [1]
  .far_func.text     ro code  0x015509    0x20  KeyCmd.o [1]
  .far_func.text     ro code  0x015529    0x1f  sysclock.o [1]
  .far_func.text     ro code  0x015548    0x1e  init.o [5]
  .far_func.text     ro code  0x015566    0x1e  init_small.o [5]
  .far_func.text     ro code  0x015584    0x1c  Beep.o [1]
  .far_func.text     ro code  0x0155a0    0x1c  Delay.o [1]
  .far_func.text     ro code  0x0155bc    0x1b  stm8s_it.o [1]
  .far_func.text     ro code  0x0155d7    0x19  McuConfig.o [1]
  .far_func.text     ro code  0x0155f0    0x19  McuConfig.o [1]
  .far_func.text     ro code  0x015609    0x19  McuConfig.o [1]
  .far_func.text     ro code  0x015622    0x19  McuConfig.o [1]
  .far_func.text     ro code  0x01563b    0x19  McuConfig.o [1]
  .far_func.text     ro code  0x015654    0x17  ApiDisplay.o [1]
  .far_func.text     ro code  0x01566b    0x17  ApiDisplay.o [1]
  .far_func.text     ro code  0x015682    0x17  cstartup.o [5]
  .far_func.text     ro code  0x015699    0x17  memset.o [5]
  .far_func.text     ro code  0x0156b0    0x16  stm8s_flash.o [1]
  .far_func.text     ro code  0x0156c6    0x16  __dbg_xxexit.o [4]
  .far_func.text     ro code  0x0156dc    0x14  stm8s_flash.o [1]
  .far_func.text     ro code  0x0156f0    0x13  ApiPocCmd.o [1]
  .far_func.text     ro code  0x015703    0x13  ApiPocCmd.o [1]
  .far_func.text     ro code  0x015716    0x13  stm8s_adc2.o [1]
  .far_func.text     ro code  0x015729    0x13  stm8s_clk.o [1]
  .far_func.text     ro code  0x01573c    0x13  stm8s_tim3.o [1]
  .far_func.text     ro code  0x01574f    0x12  ApiPocCmd.o [1]
  .far_func.text     ro code  0x015761    0x12  ApiPocCmd.o [1]
  .far_func.text     ro code  0x015773    0x12  uart3.o [1]
  .far_func.text     ro code  0x015785    0x12  strlen.o [5]
  .far_func.text     ro code  0x015797    0x10  uart3.o [1]
  .far_func.text     ro code  0x0157a7     0xf  Voice.o [1]
  .far_func.text     ro code  0x0157b6     0xe  ApiPocCmd.o [1]
  .far_func.text     ro code  0x0157c4     0xe  KeyCmd.o [1]
  .far_func.text     ro code  0x0157d2     0xe  far_util.o [5]
  .far_func.text     ro code  0x0157e0     0xd  McuConfig.o [1]
  .far_func.text     ro code  0x0157ed     0xd  McuConfig.o [1]
  .far_func.text     ro code  0x0157fa     0xd  McuConfig.o [1]
  .far_func.text     ro code  0x015807     0xd  McuConfig.o [1]
  .far_func.text     ro code  0x015814     0xd  stm8s_adc2.o [1]
  .far_func.text     ro code  0x015821     0xd  stm8s_tim1.o [1]
  .far_func.text     ro code  0x01582e     0xd  stm8s_tim1.o [1]
  .far_func.text     ro code  0x01583b     0xd  stm8s_tim1.o [1]
  .far_func.text     ro code  0x015848     0xd  stm8s_tim3.o [1]
  .far_func.text     ro code  0x015855     0xd  stm8s_tim3.o [1]
  .far_func.text     ro code  0x015862     0xd  stm8s_uart1.o [1]
  .far_func.text     ro code  0x01586f     0xd  stm8s_uart3.o [1]
  .far_func.text     ro code  0x01587c     0xc  stm8s_tim3.o [1]
  .far_func.text     ro code  0x015888     0xb  ApiPocCmd.o [1]
  .far_func.text     ro code  0x015893     0xa  ApiAtCmd.o [1]
  .far_func.text     ro code  0x01589d     0x9  stm8s_gpio.o [1]
  .far_func.text     ro code  0x0158a6     0x9  stm8s_tim3.o [1]
  .far_func.text     ro code  0x0158af     0x7  ApiAtCmd.o [1]
  .far_func.text     ro code  0x0158b6     0x7  ApiAtCmd.o [1]
  .far_func.text     ro code  0x0158bd     0x7  ApiPocCmd.o [1]
  .far_func.text     ro code  0x0158c4     0x7  stm8s_flash.o [1]
  .far_func.text     ro code  0x0158cb     0x7  stm8s_gpio.o [1]
  .far_func.text     ro code  0x0158d2     0x6  char.o [5]
  .far_func.text     ro code  0x0158d8     0x6  cexit.o [5]
  .far_func.text     ro code  0x0158de     0x5  stm8s_adc2.o [1]
  .far_func.text     ro code  0x0158e3     0x5  stm8s_flash.o [1]
  .far_func.text     ro code  0x0158e8     0x5  stm8s_flash.o [1]
  .far_func.text     ro code  0x0158ed     0x5  stm8s_tim3.o [1]
  .far_func.text     ro code  0x0158f2     0x4  ApiAtCmd.o [1]
  .far_func.text     ro code  0x0158f6     0x4  ApiAtCmd.o [1]
  .far_func.text     ro code  0x0158fa     0x4  ApiAtCmd.o [1]
  .far_func.text     ro code  0x0158fe     0x4  ApiAtCmd.o [1]
  .far_func.text     ro code  0x015902     0x4  ApiAtCmd.o [1]
  .far_func.text     ro code  0x015906     0x4  ApiAtCmd.o [1]
  .far_func.text     ro code  0x01590a     0x4  ApiAtCmd.o [1]
  .far_func.text     ro code  0x01590e     0x4  ApiAtCmd.o [1]
  .far_func.text     ro code  0x015912     0x4  ApiAtCmd.o [1]
  .far_func.text     ro code  0x015916     0x4  ApiGpsCmd.o [1]
  .far_func.text     ro code  0x01591a     0x4  ApiGpsCmd.o [1]
  .far_func.text     ro code  0x01591e     0x4  ApiPocCmd.o [1]
  .far_func.text     ro code  0x015922     0x4  ApiPocCmd.o [1]
  .far_func.text     ro code  0x015926     0x4  ApiPocCmd.o [1]
  .far_func.text     ro code  0x01592a     0x4  ApiPocCmd.o [1]
  .far_func.text     ro code  0x01592e     0x4  ApiPocCmd.o [1]
  .far_func.text     ro code  0x015932     0x4  ApiPocCmd.o [1]
  .far_func.text     ro code  0x015936     0x4  main.o [1]
  .far_func.text     ro code  0x01593a     0x4  stm8s_gpio.o [1]
  .far_func.text     ro code  0x01593e     0x4  stm8s_uart1.o [1]
  .far_func.text     ro code  0x015942     0x4  stm8s_uart1.o [1]
  .far_func.text     ro code  0x015946     0x4  stm8s_uart3.o [1]
  .far_func.text     ro code  0x01594a     0x4  stm8s_uart3.o [1]
  .far_func.text     ro code  0x01594e     0x4  System.o [1]
  .far_func.text     ro code  0x015952     0x4  System.o [1]
  .far_func.text     ro code  0x015956     0x4  Task.o [1]
  .far_func.text     ro code  0x01595a     0x4  interrupt.o [5]
  .far_func.text     ro code  0x01595e     0x4  exit.o [5]
  .far_func.text     ro code  0x015962     0x3  low_level_init.o [5]
  .far_func.text     ro code  0x015965     0x3  unhandled_exception.o [5]
  .far_func.text     ro code  0x015968     0x1  ApiKeyboard.o [1]
  .far_func.text     ro code  0x015969     0x1  stm8s_it.o [1]
  .far_func.text     ro code  0x01596a     0x1  stm8s_it.o [1]
  .far_func.text     ro code  0x01596b     0x1  stm8s_it.o [1]
  .far_func.text     ro code  0x01596c     0x1  stm8s_it.o [1]
  .far_func.text     ro code  0x01596d     0x1  stm8s_it.o [1]
  .far_func.text     ro code  0x01596e     0x1  stm8s_it.o [1]
  .far_func.text     ro code  0x01596f     0x1  stm8s_it.o [1]
  .far_func.text     ro code  0x015970     0x1  stm8s_it.o [1]
  .far_func.text     ro code  0x015971     0x1  stm8s_it.o [1]
  .far_func.text     ro code  0x015972     0x1  stm8s_it.o [1]
  .far_func.text     ro code  0x015973     0x1  stm8s_it.o [1]
  .far_func.text     ro code  0x015974     0x1  stm8s_it.o [1]
  .far_func.text     ro code  0x015975     0x1  stm8s_it.o [1]
  .far_func.text     ro code  0x015976     0x1  stm8s_it.o [1]
  .far_func.text     ro code  0x015977     0x1  stm8s_it.o [1]
  .far_func.text     ro code  0x015978     0x1  stm8s_it.o [1]
  .far_func.text     ro code  0x015979     0x1  stm8s_it.o [1]
  .far_func.text     ro code  0x01597a     0x1  stm8s_it.o [1]
  .far_func.text     ro code  0x01597b     0x1  stm8s_it.o [1]
  .far_func.text     ro code  0x01597c     0x1  stm8s_it.o [1]
  .far_func.text     ro code  0x01597d     0x1  stm8s_it.o [1]
  .far_func.text     ro code  0x01597e     0x1  __dbg_break.o [4]
                            - 0x01597f  0x597f


*******************************************************************************
*** INIT TABLE
***

          Address   Size
          -------   ----
Zero (__iar_zero_init2)
    1 destination range, total size 0x1353:
          0x000078  0x1353

Copy (__iar_copy_init2)
    1 source range, total size 0x68:
          0x00a2e0    0x68
    1 destination range, total size 0x68:
          0x000010    0x68



*******************************************************************************
*** MODULE SUMMARY
***

    Module                 ro code  ro data  rw data
    ------                 -------  -------  -------
E:\1-source\A508\PRJ\Debug\Obj: [1]
    ADC.o                      730      162        5
    ApiAtCmd.o               2 949      346      207
    ApiBeidou.o                                   82
    ApiDisplay.o             1 712    1 128      578
    ApiGpsCmd.o              3 466               453
    ApiKeyboard.o            2 965      248       33
    ApiLED.o                   163                 1
    ApiMenu.o                1 535      486        7
    ApiPocCmd.o              3 568       45    2 521
    Beep.o                     867                18
    CommonLib.o                980       17
    Config.o                   556
    Delay.o                  1 768      140       38
    DrvGD83.o                2 847       33      943
    DrvGT20L16S1Y.o            679
    DrvHTG12832.o              594                 2
    DrvKeyboard.o            1 440
    Flash_eeprom.o             362
    GT20L16P1Y_D.o             274    7 776
    KeyCmd.o                   143       67
    McuConfig.o                355
    System.o                   345       23       20
    Task.o                   2 593      671       46
    Tone.o                     231                18
    Voice.o                    177                 6
    main.o                       4
    stm8s_adc2.o               379
    stm8s_clk.o                269        4
    stm8s_flash.o              190
    stm8s_gpio.o               195
    stm8s_it.o                 119
    stm8s_itc.o                259
    stm8s_tim1.o               392
    stm8s_tim3.o                71
    stm8s_uart1.o              716
    stm8s_uart3.o              752
    sysclock.o                 128
    uart3.o                  2 343       30       73
    ------------------------------------------------
    Total:                  37 116   11 176    5 051

command line: [2]
    ------------------------------------------------
    Total:

GT20L16_STM8_DOUBLE_MEDIUM_IAR.a: [3]
    GT20L16P1Y.o             1 770       62
    ------------------------------------------------
    Total:                   1 770       62

dbgstm8mmd.a: [4]
    __dbg_break.o                1
    __dbg_xxexit.o              22
    ------------------------------------------------
    Total:                      23

dlstm8mmn.a: [5]
    cexit.o                      6
    char.o                       6
    cstartup.o                  23
    dc_util.o                   88
    exit.o                       4
    far_util.o                  14
    init.o                      30
    init_small.o                70
    interrupt.o                  4      128
    long.o                     415
    long_util.o                100
    low_level_init.o             3
    memcmp.o                    54
    memcpy.o                    38
    memset.o                    23
    move.o                      37
    short.o                     93
    strlen.o                    18
    unhandled_exception.o        3
    vreg_util.o                348
    vregs.o                                       16
    ------------------------------------------------
    Total:                   1 377      128       16

    Linker created                       20      256
----------------------------------------------------
    Grand Total:            40 286   11 386    5 323


*******************************************************************************
*** ENTRY LIST
***

Entry                    Address    Size  Type      Object
-----                    -------    ----  ----      ------
.iar.init_table$$Base   0x00a4bd           --   Gb  - Linker created -
.iar.init_table$$Limit  0x00a4d1           --   Gb  - Linker created -
?add32_l0_l0_0x         0x010824          Code  Gb  long.o [5]
?add32_l0_l0_l1         0x010821          Code  Gb  long.o [5]
?and32_l0_l0_0x         0x010960          Code  Gb  long.o [5]
?and32_l0_l0_l1         0x01095d          Code  Gb  long.o [5]
?b0                     0x000000          Data  Gb  vregs.o [5]
?b1                     0x000001          Data  Gb  vregs.o [5]
?b10                    0x00000a          Data  Gb  vregs.o [5]
?b11                    0x00000b          Data  Gb  vregs.o [5]
?b12                    0x00000c          Data  Gb  vregs.o [5]
?b13                    0x00000d          Data  Gb  vregs.o [5]
?b14                    0x00000e          Data  Gb  vregs.o [5]
?b15                    0x00000f          Data  Gb  vregs.o [5]
?b2                     0x000002          Data  Gb  vregs.o [5]
?b3                     0x000003          Data  Gb  vregs.o [5]
?b4                     0x000004          Data  Gb  vregs.o [5]
?b5                     0x000005          Data  Gb  vregs.o [5]
?b6                     0x000006          Data  Gb  vregs.o [5]
?b7                     0x000007          Data  Gb  vregs.o [5]
?b8                     0x000008          Data  Gb  vregs.o [5]
?b9                     0x000009          Data  Gb  vregs.o [5]
?dc32_l0                0x0145dc          Code  Gb  dc_util.o [5]
?dc32_l1                0x014608          Code  Gb  dc_util.o [5]
?e0                     0x000001          Data  Gb  vregs.o [5]
?e1                     0x000005          Data  Gb  vregs.o [5]
?e2                     0x000009          Data  Gb  vregs.o [5]
?e3                     0x00000d          Data  Gb  vregs.o [5]
?epilogue_l2            0x0117af          Code  Gb  vreg_util.o [5]
?epilogue_l2_l3         0x0117ab          Code  Gb  vreg_util.o [5]
?epilogue_l2_w6         0x0117b4          Code  Gb  vreg_util.o [5]
?epilogue_w4            0x0117bd          Code  Gb  vreg_util.o [5]
?l0                     0x000000          Data  Gb  vregs.o [5]
?l1                     0x000004          Data  Gb  vregs.o [5]
?l2                     0x000008          Data  Gb  vregs.o [5]
?l3                     0x00000c          Data  Gb  vregs.o [5]
?load24_e1_0x           0x0157d2          Code  Gb  far_util.o [5]
?load32_0x_l0           0x01421f          Code  Gb  long_util.o [5]
?load32_l0_0x           0x0141e3          Code  Gb  long_util.o [5]
?load32_l0_asp          0x0141d7          Code  Gb  long_util.o [5]
?load32_l0_dbsp         0x0141c9          Code  Gb  long_util.o [5]
?load32_l0_xsp          0x0141d9          Code  Gb  long_util.o [5]
?load32_l1_0x           0x014209          Code  Gb  long_util.o [5]
?load32_l1_asp          0x0141fd          Code  Gb  long_util.o [5]
?load32_l1_dbsp         0x0141ef          Code  Gb  long_util.o [5]
?load32_l1_xsp          0x0141ff          Code  Gb  long_util.o [5]
?load32_xsp_l0          0x014215          Code  Gb  long_util.o [5]
?longfarg16_v_w0_a      0x0153a2          Code  Gb  move.o [5]
?longfarg16_v_w0_x      0x0153a4          Code  Gb  move.o [5]
?mov_e0_e1              0x0117da          Code  Gb  vreg_util.o [5]
?mov_e0_e2              0x0117e7          Code  Gb  vreg_util.o [5]
?mov_e0_e3              0x0117f4          Code  Gb  vreg_util.o [5]
?mov_e1_e0              0x011801          Code  Gb  vreg_util.o [5]
?mov_e1_e2              0x01180e          Code  Gb  vreg_util.o [5]
?mov_e1_e3              0x01181b          Code  Gb  vreg_util.o [5]
?mov_e2_e0              0x011828          Code  Gb  vreg_util.o [5]
?mov_e3_e0              0x01183c          Code  Gb  vreg_util.o [5]
?mov_e3_e1              0x011849          Code  Gb  vreg_util.o [5]
?mov_l0_l1              0x0117d7          Code  Gb  vreg_util.o [5]
?mov_l0_l2              0x0117e4          Code  Gb  vreg_util.o [5]
?mov_l0_l3              0x0117f1          Code  Gb  vreg_util.o [5]
?mov_l1_l0              0x0117fe          Code  Gb  vreg_util.o [5]
?mov_l1_l2              0x01180b          Code  Gb  vreg_util.o [5]
?mov_l1_l3              0x011818          Code  Gb  vreg_util.o [5]
?mov_l2_l0              0x011825          Code  Gb  vreg_util.o [5]
?mov_l3_l0              0x011839          Code  Gb  vreg_util.o [5]
?mov_l3_l1              0x011846          Code  Gb  vreg_util.o [5]
?mov_w1_w3              0x0117dd          Code  Gb  vreg_util.o [5]
?mov_w1_w4              0x0117c2          Code  Gb  vreg_util.o [5]
?mov_w1_w5              0x0117ea          Code  Gb  vreg_util.o [5]
?mov_w1_w7              0x0117f7          Code  Gb  vreg_util.o [5]
?mov_w2_w1              0x0117c9          Code  Gb  vreg_util.o [5]
?mov_w3_w1              0x011804          Code  Gb  vreg_util.o [5]
?mov_w3_w5              0x011811          Code  Gb  vreg_util.o [5]
?mov_w3_w7              0x01181e          Code  Gb  vreg_util.o [5]
?mov_w5_w1              0x01182b          Code  Gb  vreg_util.o [5]
?mov_w5_w3              0x011832          Code  Gb  vreg_util.o [5]
?mov_w6_w0              0x0117d0          Code  Gb  vreg_util.o [5]
?mov_w7_w1              0x01183f          Code  Gb  vreg_util.o [5]
?mov_w7_w3              0x01184c          Code  Gb  vreg_util.o [5]
?move1616_v_x_y_a       0x015395          Code  Gb  move.o [5]
?mul16_x_x_w0           0x01446f          Code  Gb  short.o [5]
?mul32_l0_l0_l1         0x010857          Code  Gb  long.o [5]
?or32_l0_l0_0x          0x01097b          Code  Gb  long.o [5]
?or32_l0_l0_l1          0x010978          Code  Gb  long.o [5]
?pop_l0                 0x011773          Code  Gb  vreg_util.o [5]
?pop_l1                 0x01177e          Code  Gb  vreg_util.o [5]
?pop_l2                 0x011789          Code  Gb  vreg_util.o [5]
?pop_l3                 0x011794          Code  Gb  vreg_util.o [5]
?pop_w4                 0x01171d          Code  Gb  vreg_util.o [5]
?pop_w5                 0x011724          Code  Gb  vreg_util.o [5]
?pop_w6                 0x01172b          Code  Gb  vreg_util.o [5]
?push_l0                0x01173e          Code  Gb  vreg_util.o [5]
?push_l1                0x011743          Code  Gb  vreg_util.o [5]
?push_l2                0x011748          Code  Gb  vreg_util.o [5]
?push_l3                0x01174d          Code  Gb  vreg_util.o [5]
?push_w4                0x0116f7          Code  Gb  vreg_util.o [5]
?push_w5                0x0116fc          Code  Gb  vreg_util.o [5]
?push_w6                0x011701          Code  Gb  vreg_util.o [5]
?sdiv16_x_x_y           0x01448d          Code  Gb  short.o [5]
?sext16_x_a             0x0144c5          Code  Gb  short.o [5]
?sext32_l0_x            0x0109b5          Code  Gb  long.o [5]
?sll16_x_x_4            0x0144c0          Code  Gb  short.o [5]
?sll16_x_x_5            0x0144bf          Code  Gb  short.o [5]
?sll16_x_x_6            0x0144be          Code  Gb  short.o [5]
?sll16_x_x_a            0x0144b6          Code  Gb  short.o [5]
?sll32_0x_0x_a          0x010996          Code  Gb  long.o [5]
?sll32_l0_l0_a          0x010993          Code  Gb  long.o [5]
?smod16_y_x_y           0x0144a6          Code  Gb  short.o [5]
?srl32_0x_0x_a          0x0109a7          Code  Gb  long.o [5]
?srl32_l0_l0_a          0x0109a4          Code  Gb  long.o [5]
?srl8_a_a_5             0x0158d3          Code  Gb  char.o [5]
?srl8_a_a_6             0x0158d2          Code  Gb  char.o [5]
?sub32_l0_l0_0x         0x01083f          Code  Gb  long.o [5]
?sub32_l0_l0_l1         0x01083c          Code  Gb  long.o [5]
?ucmp32_c_l0_l1         0x010952          Code  Gb  long.o [5]
?udiv32_l0_dl_l1        0x0108db          Code  Gb  long.o [5]
?udiv32_l0_l0_dl        0x0108e1          Code  Gb  long.o [5]
?udiv32_l0_l0_l1        0x0108e5          Code  Gb  long.o [5]
?umod32_l1_l0_dl        0x0108d5          Code  Gb  long.o [5]
?umod32_l1_l0_l1        0x0108e5          Code  Gb  long.o [5]
?w0                     0x000000          Data  Gb  vregs.o [5]
?w1                     0x000002          Data  Gb  vregs.o [5]
?w2                     0x000004          Data  Gb  vregs.o [5]
?w3                     0x000006          Data  Gb  vregs.o [5]
?w4                     0x000008          Data  Gb  vregs.o [5]
?w5                     0x00000a          Data  Gb  vregs.o [5]
?w6                     0x00000c          Data  Gb  vregs.o [5]
?w7                     0x00000e          Data  Gb  vregs.o [5]
ADC2_Cmd                0x015814     0xd  Code  Gb  stm8s_adc2.o [1]
ADC2_ConversionConfig   0x01502e    0x2f  Code  Gb  stm8s_adc2.o [1]
ADC2_ExternalTriggerConfig
                        0x0154a7    0x21  Code  Gb  stm8s_adc2.o [1]
ADC2_GetConversionValue
                        0x014736    0x54  Code  Gb  stm8s_adc2.o [1]
ADC2_IRQHandler         0x01597b     0x1  Code  Gb  stm8s_it.o [1]
ADC2_Init               0x014fa0    0x30  Code  Gb  stm8s_adc2.o [1]
ADC2_PrescalerConfig    0x015716    0x13  Code  Gb  stm8s_adc2.o [1]
ADC2_SchmittTriggerConfig
                        0x013bbc    0x82  Code  Gb  stm8s_adc2.o [1]
ADC2_StartConversion    0x0158de     0x5  Code  Gb  stm8s_adc2.o [1]
ADC_Init                0x0153de    0x22  Code  Gb  ADC.o [1]
AF_Mute_Init            0x0157ed     0xd  Code  Gb  McuConfig.o [1]
ASCII_ActiveUserID      0x0012b4    0x16  Data  Gb  ApiPocCmd.o [1]
AUDIO_IOAFMUT           0x015622    0x19  Code  Gb  McuConfig.o [1]
AUDIO_IOAFPOW           0x01563b    0x19  Code  Gb  McuConfig.o [1]
AWU_IRQHandler          0x01596b     0x1  Code  Gb  stm8s_it.o [1]
AkeyvolumeCount         0x000042     0x1  Data  Gb  ApiKeyboard.o [1]
AlarmCount              0x00005b     0x1  Data  Gb  Task.o [1]
ApGpsCmd_10msRenew      0x015444    0x21  Code  Gb  ApiGpsCmd.o [1]
ApiAtCmd_100msRenew     0x00de7e    0xb2  Code  Gb  ApiAtCmd.o [1]
ApiAtCmd_10msRenew      0x01226c   0x12b  Code  Gb  ApiAtCmd.o [1]
ApiAtCmd_GetGroupName   0x01574f    0x12  Code  Gb  ApiPocCmd.o [1]
ApiAtCmd_GetGroupNameLen
                        0x0156f0    0x13  Code  Gb  ApiPocCmd.o [1]
ApiAtCmd_GetGroupNum    0x015926     0x4  Code  Gb  ApiPocCmd.o [1]
ApiAtCmd_GetLoginState  0x0158bd     0x7  Code  Gb  ApiPocCmd.o [1]
ApiAtCmd_GetMainGroupId
                        0x01592e     0x4  Code  Gb  ApiPocCmd.o [1]
ApiAtCmd_GetMainUserId  0x015932     0x4  Code  Gb  ApiPocCmd.o [1]
ApiAtCmd_GetMainUserName
                        0x015922     0x4  Code  Gb  ApiPocCmd.o [1]
ApiAtCmd_GetMainWorkName
                        0x01591e     0x4  Code  Gb  ApiPocCmd.o [1]
ApiAtCmd_GetUserName    0x015761    0x12  Code  Gb  ApiPocCmd.o [1]
ApiAtCmd_GetUserNameLen
                        0x015703    0x13  Code  Gb  ApiPocCmd.o [1]
ApiAtCmd_GetUserNum     0x01592a     0x4  Code  Gb  ApiPocCmd.o [1]
ApiAtCmd_Get_DateTime_Information
                        0x0119ac   0x153  Code  Gb  ApiAtCmd.o [1]
ApiAtCmd_Get_location_Information
                        0x010b53   0x190  Code  Gb  ApiAtCmd.o [1]
ApiAtCmd_PlayVoice      0x013cbe    0x73  Code  Gb  ApiAtCmd.o [1]
ApiAtCmd_SetLoginState  0x0157b6     0xe  Code  Gb  ApiPocCmd.o [1]
ApiAtCmd_TrumpetVoicePlay_Flag
                        0x001360     0x1  Data  Gb  ApiAtCmd.o [1]
ApiAtCmd_WritCommand    0x00dc5c   0x222  Code  Gb  ApiAtCmd.o [1]
ApiAtCmd_ZTTS0_Flag     0x001361     0x1  Data  Gb  ApiAtCmd.o [1]
ApiAtCmd_tcp_state      0x015893     0xa  Code  Gb  ApiAtCmd.o [1]
ApiCaretCmd_10msRenew   0x00e4cb   0x266  Code  Gb  ApiAtCmd.o [1]
ApiGpsCmd_100msRenew    0x00d414   0x1f0  Code  Gb  ApiGpsCmd.o [1]
ApiGpsCmd_PowerOnInitial
                        0x0109c0   0x193  Code  Gb  ApiGpsCmd.o [1]
ApiGps_GetTcpIpAddress  0x015916     0x4  Code  Gb  ApiGpsCmd.o [1]
ApiGps_GetTcpPortAddress
                        0x01591a     0x4  Code  Gb  ApiGpsCmd.o [1]
ApiMenu_BacklightTimeSet_Flag
                        0x001388     0x1  Data  Gb  ApiMenu.o [1]
ApiMenu_BeiDouOrWritingFrequency_Flag
                        0x00138a     0x1  Data  Gb  ApiMenu.o [1]
ApiMenu_GpsInfo_Flag    0x001386     0x1  Data  Gb  ApiMenu.o [1]
ApiMenu_KeylockTimeSet_Flag
                        0x001389     0x1  Data  Gb  ApiMenu.o [1]
ApiMenu_NativeInfo_Flag
                        0x001387     0x1  Data  Gb  ApiMenu.o [1]
ApiMenu_SwitchCallUser_Flag
                        0x001385     0x1  Data  Gb  ApiMenu.o [1]
ApiMenu_SwitchGroup_Flag
                        0x001384     0x1  Data  Gb  ApiMenu.o [1]
ApiPocCmd_10msRenew     0x00c6c6   0x53d  Code  Gb  ApiPocCmd.o [1]
ApiPocCmd_Tone_Flag     0x001393     0x1  Data  Gb  ApiPocCmd.o [1]
ApiPocCmd_WritCommand   0x011594   0x163  Code  Gb  ApiPocCmd.o [1]
ApiPocCmd_user_info_get
                        0x014e31    0x36  Code  Gb  ApiPocCmd.o [1]
ApiPocCmd_user_info_set
                        0x012d25    0xd8  Code  Gb  ApiPocCmd.o [1]
AtCmdDrvobj             0x0010d7    0x91  Data  Lc  ApiAtCmd.o [1]
AtCmd_NetParamCode      0x013a24    0x8b  Code  Lc  ApiAtCmd.o [1]
AtNotify_Queue          0x00b7c3    0x4d  Code  Lc  DrvGD83.o [1]
AtNotify_Queue_Start    0x00b810    0x56  Code  Lc  DrvGD83.o [1]
BEEP_Interrupt10ms      0x015584    0x1c  Code  Gb  Beep.o [1]
BEEP_PowerOnInitial     0x00db89    0xd3  Code  Gb  Beep.o [1]
BEEP_SetOutput          0x00d94d   0x23c  Code  Gb  Beep.o [1]
BEEP_Time               0x014dc1    0x38  Code  Gb  Beep.o [1]
BacklightTimeCount      0x0013b4     0x1  Data  Gb  Delay.o [1]
BacklightTimeSetCount   0x00004b     0x1  Data  Gb  ApiKeyboard.o [1]
BatteryLevel            0x001359     0x1  Data  Gb  ADC.o [1]
BeepDrvObj              0x0012de    0x12  Data  Lc  Beep.o [1]
BeidouRxData            0x0011b8    0x4b  Data  Gb  ApiBeidou.o [1]
BeidouRxDataLen         0x00136a     0x1  Data  Gb  ApiBeidou.o [1]
BitTab                  0x00abfd     0x8  Data  Gb  ApiDisplay.o [1]
BootProcess_PPPCFG_Flag
                        0x00135f     0x1  Data  Gb  ApiAtCmd.o [1]
BootProcess_SIMST_Flag  0x00135e     0x1  Data  Gb  ApiAtCmd.o [1]
CFG_GetCurAdr           0x010232   0x22c  Code  Gb  Config.o [1]
CHAR_HIGH               0x00a9ed    0x10  Data  Gb  ApiDisplay.o [1]
CHAR_TO_Digital         0x014036    0x67  Code  Gb  ApiAtCmd.o [1]
CHAR_WIDTH              0x00a9fd    0x10  Data  Gb  ApiDisplay.o [1]
CLK_ClockSwitchConfig   0x013447    0xa2  Code  Gb  stm8s_clk.o [1]
CLK_GetClockFreq        0x014584    0x58  Code  Gb  stm8s_clk.o [1]
CLK_HSIPrescalerConfig  0x015729    0x13  Code  Gb  stm8s_clk.o [1]
CLK_IRQHandler          0x01596c     0x1  Code  Gb  stm8s_it.o [1]
COMLHexArray2String     0x014101    0x64  Code  Lc  ApiGpsCmd.o [1]
COML_AscToHex           0x0126c7    0xfa  Code  Gb  CommonLib.o [1]
COML_DecToAsc           0x014165    0x64  Code  Gb  CommonLib.o [1]
COML_HexToAsc2          0x0136b5    0x96  Code  Gb  CommonLib.o [1]
COML_StringReverse      0x014411    0x5e  Code  Gb  CommonLib.o [1]
CSQTimeCount            0x0013a9     0x1  Data  Gb  Delay.o [1]
CSQValue                0x001365     0x1  Data  Gb  ApiAtCmd.o [1]
CSQ_Flag                0x001362     0x1  Data  Gb  ApiAtCmd.o [1]
CSTACK$$Base            0x001700           --   Gb  - Linker created -
CSTACK$$Limit           0x001800           --   Gb  - Linker created -
C_TEST_OUT_SET          0x015807     0xd  Code  Gb  McuConfig.o [1]
CaretNotify_Queue       0x00b729    0x4d  Code  Lc  DrvGD83.o [1]
CaretNotify_Queue_Start
                        0x00b8bc    0x56  Code  Lc  DrvGD83.o [1]
CharCode                0x001355     0x2  Data  Gb  ApiDisplay.o [1]
Combine2Hex             0x012004   0x134  Code  Gb  CommonLib.o [1]
Count                   0x00135a     0x1  Data  Gb  ADC.o [1]
Count2                  0x00135b     0x1  Data  Gb  ADC.o [1]
DEL_100msProcess        0x00d089    0x58  Code  Lc  Delay.o [1]
DEL_10msProcess         0x00d0e1    0x1d  Code  Lc  Delay.o [1]
DEL_1msProcess          0x00d0fe     0xc  Code  Lc  Delay.o [1]
DEL_500msProcess        0x00cc03   0x486  Code  Lc  Delay.o [1]
DEL_500ms_Count         0x0013a1     0x1  Data  Gb  Delay.o [1]
DEL_500ms_Count2        0x0013a2     0x1  Data  Gb  Delay.o [1]
DEL_GetTimer            0x0146e1    0x55  Code  Gb  Delay.o [1]
DEL_Interrupt           0x0133a4    0xa3  Code  Gb  Delay.o [1]
DEL_PowerOnInitial      0x015486    0x21  Code  Gb  Delay.o [1]
DEL_Renew               0x00d10a    0x10  Code  Gb  Delay.o [1]
DEL_SetTimer            0x013d31    0x73  Code  Gb  Delay.o [1]
DEL_Soft1ms             0x0155a0    0x1c  Code  Gb  Delay.o [1]
DEL_TimerRenew          0x0151c3    0x29  Code  Lc  Delay.o [1]
DISP_DataBuf            0x012dfd    0xc8  Code  Lc  ApiDisplay.o [1]
DISP_MulTypePro         0x012ec5    0xc0  Code  Lc  ApiDisplay.o [1]
DISP_MulTypePro2        0x012c4c    0xd9  Code  Lc  ApiDisplay.o [1]
Data_Date0              0x015906     0x4  Code  Gb  ApiAtCmd.o [1]
Data_Date1              0x01590a     0x4  Code  Gb  ApiAtCmd.o [1]
Data_Date2              0x01590e     0x4  Code  Gb  ApiAtCmd.o [1]
Data_Latitude_Minute    0x0158f6     0x4  Code  Gb  ApiAtCmd.o [1]
Data_Latitude_Second    0x0158b6     0x7  Code  Gb  ApiAtCmd.o [1]
Data_Longitude_Minute   0x0158f2     0x4  Code  Gb  ApiAtCmd.o [1]
Data_Longitude_Second   0x0158af     0x7  Code  Gb  ApiAtCmd.o [1]
Data_Speed              0x015912     0x4  Code  Gb  ApiAtCmd.o [1]
Data_Time0              0x0158fa     0x4  Code  Gb  ApiAtCmd.o [1]
Data_Time1              0x0158fe     0x4  Code  Gb  ApiAtCmd.o [1]
Data_Time2              0x015902     0x4  Code  Gb  ApiAtCmd.o [1]
Dec2Hex                 0x014919    0x4e  Code  Gb  CommonLib.o [1]
DefaultSystemClockForHSI
                        0x015529    0x1f  Code  Gb  sysclock.o [1]
DelDrvObj               0x00133a     0xb  Data  Lc  Delay.o [1]
Delay_100ms             0x014ccd    0x40  Code  Gb  Task.o [1]
DisDataBit              0x001247    0x40  Data  Gb  ApiDisplay.o [1]
DisDataBuf              0x000d14   0x200  Data  Gb  ApiDisplay.o [1]
DrvGD83DrvObj           0x00096e   0x3a6  Data  Lc  DrvGD83.o [1]
DrvGD83_UART_TxCommand  0x013c3e    0x80  Code  Gb  DrvGD83.o [1]
DrvMC8332_AtNotify_Queue_front
                        0x0149ff    0x4a  Code  Gb  DrvGD83.o [1]
DrvMC8332_CaretNotify_Queue_front
                        0x0149b5    0x4a  Code  Gb  DrvGD83.o [1]
DrvMC8332_GpsNotify_Queue_front
                        0x014a93    0x4a  Code  Gb  DrvGD83.o [1]
DrvMC8332_PocNotify_Queue_front
                        0x014a49    0x4a  Code  Gb  DrvGD83.o [1]
DrvMC8332_Software_Initial
                        0x014d4b    0x3d  Code  Gb  DrvGD83.o [1]
DrvMC8332_TxPort_SetValidable
                        0x015141    0x2c  Code  Gb  DrvGD83.o [1]
DrvMC8332_UART_Interrupt
                        0x00bb81   0x3cb  Code  Gb  DrvGD83.o [1]
DrvMc8332_UART_TxTail   0x0128b4    0xeb  Code  Gb  DrvGD83.o [1]
EEPROM_EEC_IRQHandler   0x01597d     0x1  Code  Gb  stm8s_it.o [1]
EXTI_PORTA_IRQHandler   0x01596d     0x1  Code  Gb  stm8s_it.o [1]
EXTI_PORTB_IRQHandler   0x01596e     0x1  Code  Gb  stm8s_it.o [1]
EXTI_PORTC_IRQHandler   0x01596f     0x1  Code  Gb  stm8s_it.o [1]
EXTI_PORTD_IRQHandler   0x015970     0x1  Code  Gb  stm8s_it.o [1]
EXTI_PORTE_IRQHandler   0x015971     0x1  Code  Gb  stm8s_it.o [1]
EnterKeyTimeCount       0x0013ac     0x1  Data  Gb  Delay.o [1]
EnterKeyTime_2s_Flag    0x0013c4     0x1  Data  Gb  Task.o [1]
EnterPersonalCalling    0x001396     0x1  Data  Gb  ApiPocCmd.o [1]
EnterPttMomentCount     0x0013c0     0x1  Data  Gb  Task.o [1]
EnterPttMoment_Flag     0x0013c2     0x1  Data  Gb  Task.o [1]
FILE_Read               0x014b26    0x48  Code  Gb  Flash_eeprom.o [1]
FILE_Read2              0x014c45    0x45  Code  Gb  Flash_eeprom.o [1]
FILE_Write              0x01487b    0x4f  Code  Gb  Flash_eeprom.o [1]
FILE_Write2             0x0147dc    0x50  Code  Gb  Flash_eeprom.o [1]
FLASH_EraseOptionByte   0x015215    0x28  Code  Gb  stm8s_flash.o [1]
FLASH_GetFlagStatus     0x0156dc    0x14  Code  Gb  stm8s_flash.o [1]
FLASH_Lock              0x0158c4     0x7  Code  Gb  stm8s_flash.o [1]
FLASH_ProgramByte       0x0158e3     0x5  Code  Gb  stm8s_flash.o [1]
FLASH_ProgramOptionByte
                        0x01534b    0x25  Code  Gb  stm8s_flash.o [1]
FLASH_ReadByte          0x0158e8     0x5  Code  Gb  stm8s_flash.o [1]
FLASH_Unlock            0x0156b0    0x16  Code  Gb  stm8s_flash.o [1]
FLASH_WaitForLastOperation
                        0x014e67    0x36  Code  Gb  stm8s_flash.o [1]
GB2312_16_GetData       0x00e983   0x251  Code  Gb  GT20L16P1Y.o [3]
GPIO_Init               0x0131a5    0xaf  Code  Gb  stm8s_gpio.o [1]
GPIO_ReadInputPin       0x01589d     0x9  Code  Gb  stm8s_gpio.o [1]
GPIO_WriteHigh          0x0158cb     0x7  Code  Gb  stm8s_gpio.o [1]
GPIO_WriteLow           0x01593a     0x4  Code  Gb  stm8s_gpio.o [1]
GeHuTest                0x015968     0x1  Code  Lc  ApiKeyboard.o [1]
GetPersonalCallingMode  0x015888     0xb  Code  Gb  ApiPocCmd.o [1]
GetPointArrayData32     0x014b6e    0x48  Code  Gb  GT20L16P1Y_D.o [1]
GetTaskId               0x01594e     0x4  Code  Gb  System.o [1]
Get_0X_ActiveUserIDBuf  0x00132f     0xb  Data  Gb  ApiPocCmd.o [1]
Get_GBK_ActiveUserID    0x01422d    0x62  Code  Gb  ApiPocCmd.o [1]
Get_Unicode_ActiveUserID
                        0x013b37    0x85  Code  Gb  ApiPocCmd.o [1]
Get_Unicode_ActiveUserIDBuf
                        0x001287    0x2d  Data  Gb  ApiPocCmd.o [1]
GettheOnlineMembersDone
                        0x00139e     0x1  Data  Gb  ApiPocCmd.o [1]
GpsCmd_GbAnalytical     0x00ebd4   0x24d  Code  Lc  ApiGpsCmd.o [1]
GpsCmd_GbDataTransave   0x00df30   0x2ce  Code  Lc  ApiGpsCmd.o [1]
GpsCmd_GbWritCommand    0x00d11a   0x2fa  Code  Lc  ApiGpsCmd.o [1]
GpsFunDrvObj            0x000f14   0x1c3  Data  Lc  ApiGpsCmd.o [1]
GpsNotify_Queue         0x00bb04    0x7d  Code  Lc  DrvGD83.o [1]
GpsNotify_Queue_Start   0x00b912    0x9a  Code  Lc  DrvGD83.o [1]
GpsReconnectionTimeCount
                        0x0013a8     0x1  Data  Gb  Delay.o [1]
GroupCallingNum         0x000049     0x1  Data  Gb  ApiKeyboard.o [1]
HDRCSQSignalIcons       0x0134e9    0x9c  Code  Gb  ApiAtCmd.o [1]
HDRCSQValue             0x001364     0x1  Data  Gb  ApiAtCmd.o [1]
HSE_ClockStartUpConfiguration
                        0x014e9d    0x36  Code  Lc  sysclock.o [1]
HSIDivFactor            0x00ac65     0x4  Data  Gb  stm8s_clk.o [1]
HexToChar_GroupCallingNum
                        0x0154e9    0x20  Code  Gb  ApiPocCmd.o [1]
HexToChar_MainGroupId   0x015465    0x21  Code  Gb  ApiPocCmd.o [1]
HexToChar_MainUserId    0x015400    0x22  Code  Gb  ApiPocCmd.o [1]
HexToChar_PersonalCallingNum
                        0x015422    0x22  Code  Gb  ApiPocCmd.o [1]
HtgDrvObj               0x001357     0x2  Data  Lc  DrvHTG12832.o [1]
I2C_IRQHandler          0x015979     0x1  Code  Gb  stm8s_it.o [1]
INTVEC$$Base            0x008000           --   Gb  - Linker created -
INTVEC$$Limit           0x008080           --   Gb  - Linker created -
ITC_SetSoftwarePriority
                        0x0124c1   0x103  Code  Gb  stm8s_itc.o [1]
Ico_DataBuf             0x009b80   0x400  Data  Gb  ApiDisplay.o [1]
InputGBcode             0x009f80   0x1b0  Data  Gb  GT20L16P1Y_D.o [1]
InputUnicode            0x00a130   0x1b0  Data  Gb  GT20L16P1Y_D.o [1]
KCMD_GetMcuVersion      0x0142f0    0x61  Code  Lc  KeyCmd.o [1]
KCMD_KeyCmdGet          0x015509    0x20  Code  Gb  KeyCmd.o [1]
KEY_TABLE               0x00ac74     0x3  Data  Lc  uart3.o [1]
KeyBatteryReport        0x0143b2    0x5f  Code  Gb  ADC.o [1]
KeyDownUpChoose_GroupOrUser_Flag
                        0x001363     0x1  Data  Gb  ApiAtCmd.o [1]
KeyPersonalCallingCount
                        0x00136f     0x1  Data  Gb  ApiKeyboard.o [1]
KeyPttState             0x00139d     0x1  Data  Gb  ApiPocCmd.o [1]
KeyUpDownCount          0x00136e     0x1  Data  Gb  ApiKeyboard.o [1]
Key_Flag_1              0x001370     0x1  Data  Gb  ApiKeyboard.o [1]
Key_Init                0x014f09    0x34  Code  Gb  McuConfig.o [1]
Key_PersonalCalling_Flag
                        0x0013bd     0x1  Data  Gb  Task.o [1]
Keyboard_Test           0x00ac7a   0xaaf  Code  Gb  ApiKeyboard.o [1]
KeylockTimeCount        0x0013b5     0x1  Data  Gb  Delay.o [1]
KeylockTimeSetCount     0x00004c     0x1  Data  Gb  ApiKeyboard.o [1]
LED_Conut               0x001383     0x1  Data  Gb  ApiLED.o [1]
LED_Init                0x01528c    0x27  Code  Gb  McuConfig.o [1]
LED_IntOutputRenew      0x013301    0xa3  Code  Gb  ApiLED.o [1]
LandingTimeCount        0x0013aa     0x1  Data  Gb  Delay.o [1]
Level3MenuDisplay       0x010e68   0x173  Code  Gb  ApiMenu.o [1]
LockingState_EnterOK_Flag
                        0x001374     0x1  Data  Gb  ApiKeyboard.o [1]
LockingState_Flag       0x0013b3     0x1  Data  Gb  Delay.o [1]
LoosenPttMomentCount    0x0013c1     0x1  Data  Gb  Task.o [1]
LoosenPttMoment_Flag    0x0013c3     0x1  Data  Gb  Task.o [1]
LowVoltageDetection     0x010000   0x232  Code  Gb  ADC.o [1]
LowVoltageDetection_Flag
                        0x00135c     0x1  Data  Gb  ADC.o [1]
MCU_VERSIONForMenu      0x0157c4     0xe  Code  Gb  KeyCmd.o [1]
MIC_GPIO_Init           0x0157e0     0xd  Code  Gb  McuConfig.o [1]
MIC_IOMUT               0x015609    0x19  Code  Gb  McuConfig.o [1]
Mcu_Version             0x00a4d1    0x20  Data  Lc  KeyCmd.o [1]
MenuDisplay             0x00d604   0x349  Code  Gb  ApiMenu.o [1]
MenuModeCount           0x00004a     0x1  Data  Gb  ApiKeyboard.o [1]
MenuMode_Flag           0x001371     0x1  Data  Gb  ApiKeyboard.o [1]
NetworkType_2Gor3G_Flag
                        0x00005c     0x1  Data  Gb  Task.o [1]
NoUseNum                0x0013bb     0x1  Data  Gb  Task.o [1]
Noise_Mute_Init         0x0157fa     0xd  Code  Gb  McuConfig.o [1]
Notify_Queue_Stop       0x00b9ac   0x158  Code  Lc  DrvGD83.o [1]
NumberKeyboardPressDown_flag
                        0x001373     0x1  Data  Gb  ApiKeyboard.o [1]
OffLineCount            0x00139b     0x1  Data  Gb  ApiPocCmd.o [1]
OneChannelGetADValue    0x015265    0x27  Code  Lc  ADC.o [1]
OnlineMembership        0x00139c     0x1  Data  Gb  ApiPocCmd.o [1]
PAS_NULLTBL             0x00aa1d    0x10  Data  Lc  uart3.o [1]
POC_AtEnterPersonalCalling_Flag
                        0x00138d     0x1  Data  Gb  ApiPocCmd.o [1]
POC_AtQuitPersonalCalling_Flag
                        0x00138e     0x1  Data  Gb  ApiPocCmd.o [1]
POC_EnterGroupCalling_Flag
                        0x00138f     0x1  Data  Gb  ApiPocCmd.o [1]
POC_EnterPersonalCalling_Flag
                        0x00138b     0x1  Data  Gb  ApiPocCmd.o [1]
POC_QuitGroupCalling_Flag
                        0x001390     0x1  Data  Gb  ApiPocCmd.o [1]
POC_QuitPersonalCalling_Flag
                        0x00138c     0x1  Data  Gb  ApiPocCmd.o [1]
POC_Receive86_Flag      0x00139a     0x1  Data  Gb  ApiPocCmd.o [1]
POC_ReceivedNoVoiceCount
                        0x0013ae     0x1  Data  Gb  Delay.o [1]
POC_ReceivedNoVoice_Flag
                        0x001395     0x1  Data  Gb  ApiPocCmd.o [1]
POC_ReceivedVoiceEndForXTSF_Flag
                        0x001399     0x1  Data  Gb  ApiPocCmd.o [1]
POC_ReceivedVoiceEnd_Flag
                        0x001398     0x1  Data  Gb  ApiPocCmd.o [1]
POC_ReceivedVoiceStart_Flag
                        0x001397     0x1  Data  Gb  ApiPocCmd.o [1]
POC_ReceivedVoice_Flag  0x001391     0x1  Data  Gb  ApiPocCmd.o [1]
POC_ReceivedVoice_forPTT_Flag
                        0x001392     0x1  Data  Gb  ApiPocCmd.o [1]
POC_TABLE               0x00ac77     0x3  Data  Lc  uart3.o [1]
PasObj                  0x001351     0x4  Data  Lc  uart3.o [1]
PersonCallIco_Flag      0x0013bc     0x1  Data  Gb  Task.o [1]
PersonalCallingNum      0x00136d     0x1  Data  Gb  ApiKeyboard.o [1]
PocCmdDrvobj            0x000078   0x8f6  Data  Lc  ApiPocCmd.o [1]
PocNotify_Queue         0x00b776    0x4d  Code  Lc  DrvGD83.o [1]
PocNotify_Queue_Start   0x00b866    0x56  Code  Lc  DrvGD83.o [1]
PositionInfoSendToATPORT_InfoDisplay_Flag
                        0x001369     0x1  Data  Gb  ApiAtCmd.o [1]
PositionInfoSendToATPORT_RedLed_Flag
                        0x001367     0x1  Data  Gb  ApiAtCmd.o [1]
PositionInfoSendToATPORT_SetPPP_Flag
                        0x001368     0x1  Data  Gb  ApiAtCmd.o [1]
PositionInformationSendToATPORT_Flag
                        0x001366     0x1  Data  Gb  ApiAtCmd.o [1]
PrimaryLowPowerCount    0x0013ab     0x1  Data  Gb  Delay.o [1]
PrimaryLowPower_Flag    0x00135d     0x1  Data  Gb  ADC.o [1]
READ_TABLE              0x00ac69     0x4  Data  Lc  uart3.o [1]
ReadBuffer              0x001168    0x50  Data  Gb  ApiPocCmd.o [1]
ReadBufferA             0x0013b6     0x1  Data  Gb  Delay.o [1]
ReadBufferB             0x0013b7     0x1  Data  Gb  Delay.o [1]
ReadByte                0x014634    0x57  Code  Gb  ApiDisplay.o [1]
Region$$Table$$Base     0x00a4bd           --   Gb  - Linker created -
Region$$Table$$Limit    0x00a4d1           --   Gb  - Linker created -
RxStartFlag             0x001345     0x6  Data  Gb  ApiBeidou.o [1]
SPI_IRQHandler          0x015972     0x1  Code  Gb  stm8s_it.o [1]
SSWLCount               0x0013b9     0x1  Data  Gb  Task.o [1]
SendByte                0x013aaf    0x88  Code  Gb  ApiDisplay.o [1]
SendGpsLoginInfoCount   0x00136c     0x1  Data  Gb  ApiGpsCmd.o [1]
SetTaskId               0x015952     0x4  Code  Gb  System.o [1]
Set_GreenLed            0x0155d7    0x19  Code  Gb  McuConfig.o [1]
Set_RedLed              0x0155f0    0x19  Code  Gb  McuConfig.o [1]
SignalPoorCount         0x00139f     0x1  Data  Gb  Delay.o [1]
StartingUpStep          0x0013ba     0x1  Data  Gb  Task.o [1]
SubmenuMenuDisplay      0x011c47   0x143  Code  Gb  ApiMenu.o [1]
SwitchGroupBUG          0x001394     0x1  Data  Gb  ApiPocCmd.o [1]
SystemClock_Init        0x01516d    0x2b  Code  Gb  sysclock.o [1]
TASK_Ptt_StartPersonCalling_Flag
                        0x0013be     0x1  Data  Gb  Task.o [1]
TASK_RunLoBattery       0x015198    0x2b  Code  Gb  Task.o [1]
TASK_WriteFreq          0x015956     0x4  Code  Gb  Task.o [1]
TIM1_CAP_COM_IRQHandler
                        0x015974     0x1  Code  Gb  stm8s_it.o [1]
TIM1_CCxCmd             0x014c8a    0x43  Code  Gb  stm8s_tim1.o [1]
TIM1_Cmd                0x015821     0xd  Code  Gb  stm8s_tim1.o [1]
TIM1_CtrlPWMOutputs     0x01582e     0xd  Code  Gb  stm8s_tim1.o [1]
TIM1_DeInit             0x013585    0x99  Code  Gb  stm8s_tim1.o [1]
TIM1_OC1Init            0x014351    0x61  Code  Gb  stm8s_tim1.o [1]
TIM1_OC1PreloadConfig   0x01583b     0xd  Code  Gb  stm8s_tim1.o [1]
TIM1_PWM_Init           0x01468b    0x56  Code  Gb  Tone.o [1]
TIM1_TimeBaseInit       0x0153ba    0x24  Code  Gb  stm8s_tim1.o [1]
TIM1_UPD_OVF_TRG_BRK_IRQHandler
                        0x015973     0x1  Code  Gb  stm8s_it.o [1]
TIM2_CAP_COM_IRQHandler
                        0x015976     0x1  Code  Gb  stm8s_it.o [1]
TIM2_UPD_OVF_BRK_IRQHandler
                        0x015975     0x1  Code  Gb  stm8s_it.o [1]
TIM3_ARRPreloadConfig   0x015855     0xd  Code  Gb  stm8s_tim3.o [1]
TIM3_CAP_COM_IRQHandler
                        0x015977     0x1  Code  Gb  stm8s_it.o [1]
TIM3_ClearITPendingBit  0x0158ed     0x5  Code  Gb  stm8s_tim3.o [1]
TIM3_Cmd                0x015848     0xd  Code  Gb  stm8s_tim3.o [1]
TIM3_ITConfig           0x01573c    0x13  Code  Gb  stm8s_tim3.o [1]
TIM3_PrescalerConfig    0x0158a6     0x9  Code  Gb  stm8s_tim3.o [1]
TIM3_TimeBaseInit       0x01587c     0xc  Code  Gb  stm8s_tim3.o [1]
TIM3_UPD_OVF_BRK_IRQHandler
                        0x0154c8    0x21  Code  Gb  stm8s_it.o [1]
TIM4_UPD_OVF_IRQHandler
                        0x01597c     0x1  Code  Gb  stm8s_it.o [1]
TLI_IRQHandler          0x01596a     0x1  Code  Gb  stm8s_it.o [1]
TONE_PowerOnInitial     0x013f62    0x6b  Code  Gb  Tone.o [1]
TONE_Start              0x015308    0x1d  Code  Gb  Tone.o [1]
TONE_Stop               0x0152ff     0x9  Code  Gb  Tone.o [1]
TRAP_IRQHandler         0x015969     0x1  Code  Gb  stm8s_it.o [1]
TaskDrvObj              0x0012ca    0x14  Data  Lc  System.o [1]
TaskStartDeleteDelay1   0x0013c5     0x1  Data  Gb  Task.o [1]
TaskStartDeleteDelay1Count
                        0x0013af     0x1  Data  Gb  Delay.o [1]
TaskStartDeleteDelay2   0x0013c6     0x1  Data  Gb  Task.o [1]
TaskStartDeleteDelay3   0x0013c7     0x1  Data  Gb  Task.o [1]
TaskStartDeleteDelay3Count
                        0x0013b0     0x1  Data  Gb  Delay.o [1]
TaskStartDeleteDelay4   0x00005d     0x1  Data  Gb  Task.o [1]
TaskStartDeleteDelay4Count
                        0x0013b1     0x1  Data  Gb  Delay.o [1]
TaskStartDeleteDelay5   0x0013c8     0x1  Data  Gb  Task.o [1]
TaskStartDeleteDelay6   0x0013c9     0x1  Data  Gb  Task.o [1]
TaskStartDeleteDelay6Count
                        0x0013b2     0x1  Data  Gb  Delay.o [1]
Task_Landing_Flag       0x0013bf     0x1  Data  Gb  Task.o [1]
Task_RunNormalOperation
                        0x00bf4c   0x77a  Code  Gb  Task.o [1]
Task_RunStart           0x00ee21   0x238  Code  Gb  Task.o [1]
Test1                   0x00136b     0x1  Data  Gb  ApiGpsCmd.o [1]
TestNum1                0x001376     0x1  Data  Gb  ApiKeyboard.o [1]
TestNum10               0x00137f     0x1  Data  Gb  ApiKeyboard.o [1]
TestNum11               0x001380     0x1  Data  Gb  ApiKeyboard.o [1]
TestNum12               0x001381     0x1  Data  Gb  ApiKeyboard.o [1]
TestNum2                0x001377     0x1  Data  Gb  ApiKeyboard.o [1]
TestNum3                0x001378     0x1  Data  Gb  ApiKeyboard.o [1]
TestNum4                0x001379     0x1  Data  Gb  ApiKeyboard.o [1]
TestNum5                0x00137a     0x1  Data  Gb  ApiKeyboard.o [1]
TestNum6                0x00137b     0x1  Data  Gb  ApiKeyboard.o [1]
TestNum7                0x00137c     0x1  Data  Gb  ApiKeyboard.o [1]
TestNum8                0x00137d     0x1  Data  Gb  ApiKeyboard.o [1]
TestNum9                0x00137e     0x1  Data  Gb  ApiKeyboard.o [1]
TheMenuLayer_Flag       0x001372     0x1  Data  Gb  ApiKeyboard.o [1]
Tim3_Timer_Init         0x0151ec    0x29  Code  Gb  McuConfig.o [1]
TimeCount               0x0013a3     0x1  Data  Gb  Delay.o [1]
TimeCount2              0x0013a4     0x1  Data  Gb  Delay.o [1]
TimeCount3              0x0013a5     0x1  Data  Gb  Delay.o [1]
TimeCount_Light         0x0013a6     0x1  Data  Gb  Delay.o [1]
ToneDrvObj              0x0012f0    0x12  Data  Lc  Tone.o [1]
ToneTimeCount           0x0013a7     0x1  Data  Gb  Delay.o [1]
UART1_Cmd               0x015862     0xd  Code  Gb  stm8s_uart1.o [1]
UART1_DeInit            0x015114    0x2d  Code  Gb  stm8s_uart1.o [1]
UART1_GetFlagStatus     0x014f3d    0x32  Code  Gb  stm8s_uart1.o [1]
UART1_GetITStatus       0x013876    0x92  Code  Gb  stm8s_uart1.o [1]
UART1_ITConfig          0x013ef5    0x6d  Code  Gb  stm8s_uart1.o [1]
UART1_Init              0x011853   0x159  Code  Gb  stm8s_uart1.o [1]
UART1_RX_IRQHandler     0x0152d9    0x26  Code  Gb  stm8s_it.o [1]
UART1_ReceiveData8      0x01593e     0x4  Code  Gb  stm8s_uart1.o [1]
UART1_SendData8         0x015942     0x4  Code  Gb  stm8s_uart1.o [1]
UART1_TX_IRQHandler     0x015978     0x1  Code  Gb  stm8s_it.o [1]
UART3_Cmd               0x01586f     0xd  Code  Gb  stm8s_uart3.o [1]
UART3_DeInit            0x015370    0x25  Code  Gb  stm8s_uart3.o [1]
UART3_GetFlagStatus     0x014add    0x49  Code  Gb  stm8s_uart3.o [1]
UART3_GetITStatus       0x01303f    0xb6  Code  Gb  stm8s_uart3.o [1]
UART3_ITConfig          0x013997    0x8d  Code  Gb  stm8s_uart3.o [1]
UART3_Init              0x012397   0x12a  Code  Gb  stm8s_uart3.o [1]
UART3_Interrupt         0x012f85    0xba  Code  Gb  uart3.o [1]
UART3_RX_IRQHandler     0x0155bc    0x1b  Code  Gb  stm8s_it.o [1]
UART3_ReceiveData8      0x015946     0x4  Code  Gb  stm8s_uart3.o [1]
UART3_SendByte          0x015797    0x10  Code  Gb  uart3.o [1]
UART3_SendData8         0x01594a     0x4  Code  Gb  stm8s_uart3.o [1]
UART3_TX_IRQHandler     0x01597a     0x1  Code  Gb  stm8s_it.o [1]
UART3_ToMcuMain         0x013fcd    0x69  Code  Gb  uart3.o [1]
UART_Delay              0x015773    0x12  Code  Lc  uart3.o [1]
UART_ErrorAck           0x014903    0x16  Code  Lc  uart3.o [1]
UART_GetCheckSum        0x0137e1    0x2e  Code  Lc  uart3.o [1]
UART_KeyCommand         0x013908    0x8f  Code  Lc  uart3.o [1]
UART_Link               0x01380f    0x67  Code  Lc  uart3.o [1]
UART_PasCommand         0x01066f   0x1b2  Code  Lc  uart3.o [1]
UART_PocCommand         0x014528    0x5c  Code  Lc  uart3.o [1]
UART_ReadCommand        0x01299f    0xe9  Code  Lc  uart3.o [1]
UART_RightAck           0x013e87    0x6e  Code  Lc  uart3.o [1]
UART_RxFrame            0x01478a    0x52  Code  Lc  uart3.o [1]
UART_TxSend             0x0148ca    0x39  Code  Lc  uart3.o [1]
UART_WriteCommand       0x0127c1    0xf3  Code  Lc  uart3.o [1]
UNICODE_16_GetData      0x010ce3   0x185  Code  Gb  GT20L16P1Y.o [3]
Uart1_Init              0x0150b9    0x2e  Code  Gb  McuConfig.o [1]
Uart3_Init              0x014d88    0x39  Code  Gb  uart3.o [1]
UartDrvObj              0x001203    0x44  Data  Lc  uart3.o [1]
UnicodeForGbk_MainUserName
                        0x01114e   0x173  Code  Gb  ApiPocCmd.o [1]
UnicodeForGbk_MainUserNameBuf
                        0x001311     0xf  Data  Gb  ApiPocCmd.o [1]
UnicodeForGbk_MainWorkName
                        0x010fdb   0x173  Code  Gb  ApiPocCmd.o [1]
UnicodeForGbk_MainWorkNameBuf
                        0x001302     0xf  Data  Gb  ApiPocCmd.o [1]
UnicodeForGbk_SpeakerRightnowName
                        0x0112c1   0x16e  Code  Gb  ApiPocCmd.o [1]
UnicodeForGbk_SpeakerRightnowNameBuf
                        0x001320     0xf  Data  Gb  ApiPocCmd.o [1]
UnicodeGetPointArrayData32
                        0x014bb6    0x48  Code  Gb  GT20L16P1Y_D.o [1]
UnicodeValueSearch      0x0152b3    0x26  Code  Gb  GT20L16P1Y_D.o [1]
UpDownSwitchingCount    0x0013ad     0x1  Data  Gb  Delay.o [1]
UpDownSwitching_Flag    0x001382     0x1  Data  Gb  ApiKeyboard.o [1]
VOICE_1sProcess         0x0157a7     0xf  Code  Gb  Voice.o [1]
VOICE_Renew             0x013e16    0x71  Code  Gb  Voice.o [1]
VOICE_SetOutput         0x014f6f    0x31  Code  Gb  Voice.o [1]
ValueSearch             0x0144cc    0x5c  Code  Gb  GT20L16P1Y_D.o [1]
VerifyData              0x008080  0x1b00  Data  Gb  GT20L16P1Y_D.o [1]
VoiceDrvObj             0x00134b     0x6  Data  Lc  Voice.o [1]
VoiceType_FreehandOrHandset_Flag
                        0x001375     0x1  Data  Gb  ApiKeyboard.o [1]
WRITE_TABLE             0x00ac6d     0x4  Data  Lc  uart3.o [1]
WW_GetData              0x00e1fe   0x2cd  Code  Gb  GT20L16P1Y.o [3]
WriteEEPROMByte         0x014d0d    0x3e  Code  Gb  Flash_eeprom.o [1]
WriteFreqTimeCount      0x0013a0     0x1  Data  Gb  Delay.o [1]
WriteFreq_Flag          0x0013ca     0x1  Data  Gb  uart3.o [1]
__DebugBreak            0x01597e     0x1  Code  Gb  __dbg_break.o [4]
__exit                  0x0156c6    0x16  Code  Gb  __dbg_xxexit.o [4]
__iar_copy_init2        0x01523d          Code  Gb  init_small.o [5]
__iar_data_init2        0x015548    0x1e  Code  Gb  init.o [5]
__iar_program_start     0x015682          Code  Gb  cstartup.o [5]
__iar_unhandled_exception
                        0x015965          Code  Gb  unhandled_exception.o [5]
__iar_zero_init2        0x015566          Code  Gb  init_small.o [5]
__intvec                0x008000          Data  Gb  interrupt.o [5]
__low_level_init        0x015962     0x3  Code  Gb  low_level_init.o [5]
_exit                   0x0158d8          Code  Gb  cexit.o [5]
_interrupt_1            0x015969          Code  Gb  stm8s_it.o [1]
_interrupt_12           0x015972          Code  Gb  stm8s_it.o [1]
_interrupt_13           0x015973          Code  Gb  stm8s_it.o [1]
_interrupt_14           0x015974          Code  Gb  stm8s_it.o [1]
_interrupt_15           0x015975          Code  Gb  stm8s_it.o [1]
_interrupt_16           0x015976          Code  Gb  stm8s_it.o [1]
_interrupt_17           0x0154c8          Code  Gb  stm8s_it.o [1]
_interrupt_18           0x015977          Code  Gb  stm8s_it.o [1]
_interrupt_19           0x015978          Code  Gb  stm8s_it.o [1]
_interrupt_2            0x01596a          Code  Gb  stm8s_it.o [1]
_interrupt_20           0x0152d9          Code  Gb  stm8s_it.o [1]
_interrupt_21           0x015979          Code  Gb  stm8s_it.o [1]
_interrupt_22           0x01597a          Code  Gb  stm8s_it.o [1]
_interrupt_23           0x0155bc          Code  Gb  stm8s_it.o [1]
_interrupt_24           0x01597b          Code  Gb  stm8s_it.o [1]
_interrupt_25           0x01597c          Code  Gb  stm8s_it.o [1]
_interrupt_26           0x01597d          Code  Gb  stm8s_it.o [1]
_interrupt_3            0x01596b          Code  Gb  stm8s_it.o [1]
_interrupt_4            0x01596c          Code  Gb  stm8s_it.o [1]
_interrupt_5            0x01596d          Code  Gb  stm8s_it.o [1]
_interrupt_6            0x01596e          Code  Gb  stm8s_it.o [1]
_interrupt_7            0x01596f          Code  Gb  stm8s_it.o [1]
_interrupt_8            0x015970          Code  Gb  stm8s_it.o [1]
_interrupt_9            0x015971          Code  Gb  stm8s_it.o [1]
api_diap_ico_pos_get    0x01428f    0x61  Code  Gb  ApiDisplay.o [1]
api_disp_all_screen_refresh
                        0x01482c    0x4f  Code  Gb  ApiDisplay.o [1]
api_disp_char_output    0x015654    0x17  Code  Gb  ApiDisplay.o [1]
api_disp_char_output2   0x01566b    0x17  Code  Gb  ApiDisplay.o [1]
api_disp_ico_output     0x0130f5    0xb0  Code  Gb  ApiDisplay.o [1]
api_disp_icoid_output   0x01361e    0x97  Code  Gb  ApiDisplay.o [1]
api_lcd_pwr_on_hint     0x01505d    0x2e  Code  Gb  ApiDisplay.o [1]
api_lcd_pwr_on_hint2    0x014fd0    0x2f  Code  Gb  ApiDisplay.o [1]
api_lcd_pwr_on_hint3    0x0150e7    0x2d  Code  Gb  ApiDisplay.o [1]
api_lcd_pwr_on_hint4    0x014fff    0x2f  Code  Gb  ApiDisplay.o [1]
api_lcd_pwr_on_hint5    0x01508b    0x2e  Code  Gb  ApiDisplay.o [1]
api_poc_command_get     0x013254    0xad  Code  Lc  uart3.o [1]
api_poc_command_set     0x012b6d    0xdf  Code  Lc  uart3.o [1]
drv_gt20_data_output    0x012138   0x134  Code  Gb  DrvGT20L16S1Y.o [1]
drv_gt20_data_output2   0x011ec9   0x13b  Code  Gb  DrvGT20L16S1Y.o [1]
drv_gt20_pwr_on_init    0x014e2d     0x4  Code  Gb  DrvGT20L16S1Y.o [1]
drv_htg_clr_allscr      0x00e86a    0x35  Code  Gb  DrvHTG12832.o [1]
drv_htg_pwr_on_init     0x00e977     0xc  Code  Gb  DrvHTG12832.o [1]
drv_htg_reset           0x00e731     0x5  Code  Gb  DrvHTG12832.o [1]
drv_htg_set_address     0x00e7b0    0x40  Code  Gb  DrvHTG12832.o [1]
drv_htg_write_command   0x00e736    0x7a  Code  Gb  DrvHTG12832.o [1]
drv_htg_write_data      0x00e7f0    0x7a  Code  Gb  DrvHTG12832.o [1]
drv_keypad_scan         0x01045e   0x211  Code  Gb  DrvKeyboard.o [1]
exit                    0x01595e     0x4  Code  Gb  exit.o [5]
find_zf_tab             0x014bfe    0x47  Code  Gb  GT20L16P1Y.o [3]
get_key_value           0x012a88    0xe5  Code  Gb  ApiKeyboard.o [1]
htg_delay_ms            0x00e89f    0x1e  Code  Lc  DrvHTG12832.o [1]
htg_initial             0x00e8bd    0x6c  Code  Lc  DrvHTG12832.o [1]
key_scan_board          0x011d8a   0x13f  Code  Gb  DrvKeyboard.o [1]
main                    0x015936     0x4  Code  Gb  main.o [1]
main_app                0x014967    0x4e  Code  Gb  System.o [1]
main_init               0x0125c4   0x103  Code  Gb  System.o [1]
mcu_gt20_initial        0x014df9    0x34  Code  Lc  DrvGT20L16S1Y.o [1]
mcu_key_pad_out         0x01374b    0x96  Code  Gb  DrvKeyboard.o [1]
mcu_key_pad_read        0x013da4    0x72  Code  Gb  DrvKeyboard.o [1]
mcu_key_pad_set         0x011aff   0x148  Code  Gb  DrvKeyboard.o [1]
mcu_lcd_initial         0x00e929    0x4e  Code  Lc  DrvHTG12832.o [1]
memcmp                  0x014ed3    0x36  Code  Gb  memcmp.o [5]
memcpy                  0x015325    0x26  Code  Gb  memcpy.o [5]
memset                  0x015699    0x17  Code  Gb  memset.o [5]
pack_data               0x01142f   0x165  Code  Lc  ApiGpsCmd.o [1]
r_dat_bat               0x01409d    0x64  Code  Gb  ApiDisplay.o [1]
strlen                  0x015785    0x12  Code  Gb  strlen.o [5]
ucAtPocHead             0x00004d     0x2  Data  Gb  ApiPocCmd.o [1]
ucCDMATIME              0x000022     0x2  Data  Gb  ApiAtCmd.o [1]
ucCLVL                  0x000064     0x2  Data  Gb  Task.o [1]
ucCODECCTL              0x000068     0x2  Data  Gb  Task.o [1]
ucCSQ                   0x000070     0x2  Data  Gb  Task.o [1]
ucCaretPPPCFG           0x00002c     0x2  Data  Gb  ApiAtCmd.o [1]
ucCheckCard             0x000040     0x2  Data  Gb  ApiAtCmd.o [1]
ucCheckPPP              0x00003a     0x2  Data  Gb  ApiAtCmd.o [1]
ucCheckRssi             0x000018     0x2  Data  Gb  ApiAtCmd.o [1]
ucCheckTcp              0x000030     0x2  Data  Gb  ApiAtCmd.o [1]
ucEndPTT                0x000060     0x2  Data  Gb  Task.o [1]
ucGD83Reset             0x000010     0x2  Data  Gb  ApiAtCmd.o [1]
ucGPSCNO                0x000026     0x2  Data  Gb  ApiAtCmd.o [1]
ucGPSINFO               0x000024     0x2  Data  Gb  ApiAtCmd.o [1]
ucGPSUploadTime_5s      0x000051     0x2  Data  Gb  Delay.o [1]
ucGpsPosition           0x000020     0x2  Data  Gb  ApiAtCmd.o [1]
ucHDRCSQ                0x00001a     0x2  Data  Gb  ApiAtCmd.o [1]
ucOSSYSHWID             0x00006a     0x2  Data  Gb  Task.o [1]
ucPPPCFG                0x000072     0x2  Data  Gb  Task.o [1]
ucPlayZtts              0x00002e     0x2  Data  Gb  ApiAtCmd.o [1]
ucPocOpenConfig         0x000076     0x2  Data  Gb  Task.o [1]
ucPrefmode2             0x00006c     0x2  Data  Gb  Task.o [1]
ucPrefmode4             0x00006e     0x2  Data  Gb  Task.o [1]
ucQuitPersonalCalling   0x000047     0x2  Data  Gb  ApiKeyboard.o [1]
ucRequestUserListInfo   0x000062     0x2  Data  Gb  Task.o [1]
ucRxCSQ                 0x00001c     0x2  Data  Gb  ApiAtCmd.o [1]
ucRxCheckPppClose       0x00003e     0x2  Data  Gb  ApiAtCmd.o [1]
ucRxCheckPppOpen        0x00003c     0x2  Data  Gb  ApiAtCmd.o [1]
ucRxCheckTcp            0x000036     0x2  Data  Gb  ApiAtCmd.o [1]
ucRxHDRCSQ              0x00001e     0x2  Data  Gb  ApiAtCmd.o [1]
ucRxOkHeadInfo          0x000057     0x2  Data  Gb  DrvGD83.o [1]
ucRxPASTATE0            0x000014     0x2  Data  Gb  ApiAtCmd.o [1]
ucRxPASTATE1            0x000012     0x2  Data  Gb  ApiAtCmd.o [1]
ucRxPocHeadInfo         0x000055     0x2  Data  Gb  DrvGD83.o [1]
ucRxTcpDataHeadInfo     0x000059     0x2  Data  Gb  DrvGD83.o [1]
ucRxZTTS0               0x000016     0x2  Data  Gb  ApiAtCmd.o [1]
ucSIMST1                0x000028     0x2  Data  Gb  ApiAtCmd.o [1]
ucSIMST255              0x00002a     0x2  Data  Gb  ApiAtCmd.o [1]
ucSendTcp               0x000034     0x2  Data  Gb  ApiAtCmd.o [1]
ucSetIPAndID            0x00004f     0x2  Data  Gb  ApiPocCmd.o [1]
ucSetIp                 0x000032     0x2  Data  Gb  ApiAtCmd.o [1]
ucStartPTT              0x00005e     0x2  Data  Gb  Task.o [1]
ucTxPocHeadInfo         0x000053     0x2  Data  Gb  DrvGD83.o [1]
ucVGR                   0x000066     0x2  Data  Gb  Task.o [1]
ucVGR1                  0x000043     0x2  Data  Gb  ApiKeyboard.o [1]
ucVGR7                  0x000045     0x2  Data  Gb  ApiKeyboard.o [1]
ucZTTS_Abell            0x000074     0x2  Data  Gb  Task.o [1]
ucZpppOpen              0x000038     0x2  Data  Gb  ApiAtCmd.o [1]


[1] = E:\1-source\A508\PRJ\Debug\Obj
[2] = command line
[3] = GT20L16_STM8_DOUBLE_MEDIUM_IAR.a
[4] = dbgstm8mmd.a
[5] = dlstm8mmn.a

  40 286 bytes of readonly  code memory
  11 386 bytes of readonly  data memory
   5 323 bytes of readwrite data memory

Errors: none
Warnings: none
