###############################################################################
#
# IAR ELF Linker V2.20.1.176 for STM8                     26/Jan/2018  15:24:07
# Copyright 2010-2015 IAR Systems AB.
#
#    Output file  =  E:\1-source\A508\PRJ\Debug\Exe\A508_DEMO1.out
#    Map file     =  E:\1-source\A508\PRJ\Debug\List\A508_DEMO1.map
#    Command line =  
#        E:\1-source\A508\PRJ\Debug\Obj\ADC.o
#        E:\1-source\A508\PRJ\Debug\Obj\ApiAtCmd.o
#        E:\1-source\A508\PRJ\Debug\Obj\ApiDisplay.o
#        E:\1-source\A508\PRJ\Debug\Obj\ApiGpsCmd.o
#        E:\1-source\A508\PRJ\Debug\Obj\ApiKeyboard.o
#        E:\1-source\A508\PRJ\Debug\Obj\ApiLED.o
#        E:\1-source\A508\PRJ\Debug\Obj\ApiMenu.o
#        E:\1-source\A508\PRJ\Debug\Obj\ApiPocCmd.o
#        E:\1-source\A508\PRJ\Debug\Obj\Beep.o
#        E:\1-source\A508\PRJ\Debug\Obj\CommonLib.o
#        E:\1-source\A508\PRJ\Debug\Obj\Config.o
#        E:\1-source\A508\PRJ\Debug\Obj\Delay.o
#        E:\1-source\A508\PRJ\Debug\Obj\DrvGD83.o
#        E:\1-source\A508\PRJ\Debug\Obj\DrvGT20L16S1Y.o
#        E:\1-source\A508\PRJ\Debug\Obj\DrvHTG12832.o
#        E:\1-source\A508\PRJ\Debug\Obj\DrvKeyboard.o
#        E:\1-source\A508\PRJ\Debug\Obj\Flash_eeprom.o
#        E:\1-source\A508\SRC\Syetem\GT20L16_STM8_DOUBLE_MEDIUM_IAR.a
#        E:\1-source\A508\PRJ\Debug\Obj\GT20L16P1Y_D.o
#        E:\1-source\A508\PRJ\Debug\Obj\main.o
#        E:\1-source\A508\PRJ\Debug\Obj\McuConfig.o
#        E:\1-source\A508\PRJ\Debug\Obj\stm8s_adc2.o
#        E:\1-source\A508\PRJ\Debug\Obj\stm8s_awu.o
#        E:\1-source\A508\PRJ\Debug\Obj\stm8s_beep.o
#        E:\1-source\A508\PRJ\Debug\Obj\stm8s_clk.o
#        E:\1-source\A508\PRJ\Debug\Obj\stm8s_exti.o
#        E:\1-source\A508\PRJ\Debug\Obj\stm8s_flash.o
#        E:\1-source\A508\PRJ\Debug\Obj\stm8s_gpio.o
#        E:\1-source\A508\PRJ\Debug\Obj\stm8s_i2c.o
#        E:\1-source\A508\PRJ\Debug\Obj\stm8s_it.o
#        E:\1-source\A508\PRJ\Debug\Obj\stm8s_itc.o
#        E:\1-source\A508\PRJ\Debug\Obj\stm8s_iwdg.o
#        E:\1-source\A508\PRJ\Debug\Obj\stm8s_rst.o
#        E:\1-source\A508\PRJ\Debug\Obj\stm8s_spi.o
#        E:\1-source\A508\PRJ\Debug\Obj\stm8s_tim1.o
#        E:\1-source\A508\PRJ\Debug\Obj\stm8s_tim2.o
#        E:\1-source\A508\PRJ\Debug\Obj\stm8s_tim3.o
#        E:\1-source\A508\PRJ\Debug\Obj\stm8s_tim4.o
#        E:\1-source\A508\PRJ\Debug\Obj\stm8s_uart1.o
#        E:\1-source\A508\PRJ\Debug\Obj\stm8s_uart3.o
#        E:\1-source\A508\PRJ\Debug\Obj\stm8s_wwdg.o
#        E:\1-source\A508\PRJ\Debug\Obj\sysclock.o
#        E:\1-source\A508\PRJ\Debug\Obj\System.o
#        E:\1-source\A508\PRJ\Debug\Obj\Task.o
#        E:\1-source\A508\PRJ\Debug\Obj\Tone.o
#        E:\1-source\A508\PRJ\Debug\Obj\uart3.o
#        E:\1-source\A508\PRJ\Debug\Obj\Voice.o --redirect _Printf=_PrintfSmall
#        --redirect _Scanf=_ScanfSmall -o
#        E:\1-source\A508\PRJ\Debug\Exe\A508_DEMO1.out --map
#        E:\1-source\A508\PRJ\Debug\List\A508_DEMO1.map --config "C:\Program
#        Files\IAR Systems\Embedded Workbench
#        7.3\stm8\config\lnkstm8s007c8.icf" --config_def _CSTACK_SIZE=0x100
#        --config_def _HEAP_SIZE=0x00 --entry __iar_program_start --debug_lib
#
###############################################################################

*******************************************************************************
*** RUNTIME MODEL ATTRIBUTES
***

__SystemLibrary            = DLib
__code_model               = medium_or_large
__core                     = stm8
__data_model               = medium
__dlib_file_descriptor     = 0
__dlib_full_locale_support = 0
__rt_version               = 4


*******************************************************************************
*** PLACEMENT SUMMARY
***

"A1":  place at start of [0x000000-0x0000ff] { rw section .vregs };
"A2":  place at end of [0x000000-0x0017ff] { block CSTACK };
"P2":  place in [from 0x000000 to 0x0017ff] {
          block HEAP, rw section __DLIB_PERTHREAD, rw section .far.bss,
          rw section .far.data, rw section .far.noinit,
          rw section .far_func.textrw, rw section .huge.bss,
          rw section .huge.data, rw section .huge.noinit,
          rw section .huge_func.textrw, rw section .iar.dynexit,
          rw section .near.bss, rw section .near.data, rw section .near.noinit,
          rw section .near_func.textrw };
"A3":  place at start of [0x008000-0x00ffff] { block INTVEC };
"P3":  place in [from 0x008000 to 0x00ffff] {
          ro section __DLIB_PERTHREAD_init, ro section .far.data_init,
          ro section .far_func.textrw_init, ro section .huge.data_init,
          ro section .huge_func.textrw_init, ro section .iar.init_table,
          ro section .init_array, ro section .near.data_init,
          ro section .near.rodata, ro section .near_func.text,
          ro section .near_func.textrw_init, ro section .tiny.data_init,
          ro section .tiny.rodata_init };
"P4":  place in [from 0x008000 to 0x00ffff repeat 2] {
          ro section .far.rodata, ro section .far_func.text };

  Section            Kind      Address    Size  Object
  -------            ----      -------    ----  ------
"A1":                                     0x10
  .vregs             uninit   0x000000    0x10  vregs.o [5]
                            - 0x000010    0x10

"P2", part 1 of 2:                        0x62
  P2-1                        0x000010    0x62  <Init block>
    .near.data       inited   0x000010     0x1  ApiAtCmd.o [1]
    .near.data       inited   0x000011     0x2  ApiAtCmd.o [1]
    .near.data       inited   0x000013     0x2  ApiAtCmd.o [1]
    .near.data       inited   0x000015     0x2  ApiAtCmd.o [1]
    .near.data       inited   0x000017     0x2  ApiAtCmd.o [1]
    .near.data       inited   0x000019     0x2  ApiAtCmd.o [1]
    .near.data       inited   0x00001b     0x2  ApiAtCmd.o [1]
    .near.data       inited   0x00001d     0x2  ApiAtCmd.o [1]
    .near.data       inited   0x00001f     0x2  ApiAtCmd.o [1]
    .near.data       inited   0x000021     0x2  ApiAtCmd.o [1]
    .near.data       inited   0x000023     0x2  ApiAtCmd.o [1]
    .near.data       inited   0x000025     0x2  ApiAtCmd.o [1]
    .near.data       inited   0x000027     0x2  ApiAtCmd.o [1]
    .near.data       inited   0x000029     0x2  ApiAtCmd.o [1]
    .near.data       inited   0x00002b     0x2  ApiAtCmd.o [1]
    .near.data       inited   0x00002d     0x2  ApiAtCmd.o [1]
    .near.data       inited   0x00002f     0x2  ApiAtCmd.o [1]
    .near.data       inited   0x000031     0x2  ApiAtCmd.o [1]
    .near.data       inited   0x000033     0x2  ApiAtCmd.o [1]
    .near.data       inited   0x000035     0x2  ApiAtCmd.o [1]
    .near.data       inited   0x000037     0x2  ApiAtCmd.o [1]
    .near.data       inited   0x000039     0x2  ApiAtCmd.o [1]
    .near.data       inited   0x00003b     0x1  ApiKeyboard.o [1]
    .near.data       inited   0x00003c     0x2  ApiKeyboard.o [1]
    .near.data       inited   0x00003e     0x2  ApiKeyboard.o [1]
    .near.data       inited   0x000040     0x2  ApiKeyboard.o [1]
    .near.data       inited   0x000042     0x1  ApiKeyboard.o [1]
    .near.data       inited   0x000043     0x1  ApiKeyboard.o [1]
    .near.data       inited   0x000044     0x2  ApiPocCmd.o [1]
    .near.data       inited   0x000046     0x2  ApiPocCmd.o [1]
    .near.data       inited   0x000048     0x2  DrvGD83.o [1]
    .near.data       inited   0x00004a     0x2  DrvGD83.o [1]
    .near.data       inited   0x00004c     0x2  DrvGD83.o [1]
    .near.data       inited   0x00004e     0x2  DrvGD83.o [1]
    .near.data       inited   0x000050     0x2  System.o [1]
    .near.data       inited   0x000052     0x2  System.o [1]
    .near.data       inited   0x000054     0x2  System.o [1]
    .near.data       inited   0x000056     0x1  Task.o [1]
    .near.data       inited   0x000057     0x1  Task.o [1]
    .near.data       inited   0x000058     0x2  Task.o [1]
    .near.data       inited   0x00005a     0x2  Task.o [1]
    .near.data       inited   0x00005c     0x2  Task.o [1]
    .near.data       inited   0x00005e     0x2  Task.o [1]
    .near.data       inited   0x000060     0x2  Task.o [1]
    .near.data       inited   0x000062     0x2  Task.o [1]
    .near.data       inited   0x000064     0x2  Task.o [1]
    .near.data       inited   0x000066     0x2  Task.o [1]
    .near.data       inited   0x000068     0x2  Task.o [1]
    .near.data       inited   0x00006a     0x2  Task.o [1]
    .near.data       inited   0x00006c     0x2  Task.o [1]
    .near.data       inited   0x00006e     0x2  Task.o [1]
    .near.data       inited   0x000070     0x2  Task.o [1]
                            - 0x000072    0x62

"P2", part 2 of 2:                      0x1511
  .near.bss          zero     0x000072   0xbd7  ApiPocCmd.o [1]
  .near.bss          zero     0x000c49   0x318  DrvGD83.o [1]
  .near.bss          zero     0x000f61   0x224  ApiGpsCmd.o [1]
  .near.bss          zero     0x001185   0x200  ApiDisplay.o [1]
  .near.bss          zero     0x001385    0x85  ApiAtCmd.o [1]
  .near.bss          zero     0x00140a    0x50  ApiPocCmd.o [1]
  .near.bss          zero     0x00145a    0x44  uart3.o [1]
  .near.bss          zero     0x00149e    0x40  ApiDisplay.o [1]
  .near.bss          zero     0x0014de    0x14  System.o [1]
  .near.bss          zero     0x0014f2    0x12  Beep.o [1]
  .near.bss          zero     0x001504    0x12  Tone.o [1]
  .near.bss          zero     0x001516     0xf  ApiPocCmd.o [1]
  .near.bss          zero     0x001525     0xf  ApiPocCmd.o [1]
  .near.bss          zero     0x001534     0xb  Delay.o [1]
  .near.bss          zero     0x00153f     0x6  Voice.o [1]
  .near.bss          zero     0x001545     0x4  uart3.o [1]
  .near.bss          zero     0x001549     0x2  ApiDisplay.o [1]
  .near.bss          zero     0x00154b     0x2  DrvHTG12832.o [1]
  .near.bss          zero     0x00154d     0x1  ADC.o [1]
  .near.bss          zero     0x00154e     0x1  ApiAtCmd.o [1]
  .near.bss          zero     0x00154f     0x1  ApiAtCmd.o [1]
  .near.bss          zero     0x001550     0x1  ApiAtCmd.o [1]
  .near.bss          zero     0x001551     0x1  ApiAtCmd.o [1]
  .near.bss          zero     0x001552     0x1  ApiAtCmd.o [1]
  .near.bss          zero     0x001553     0x1  ApiAtCmd.o [1]
  .near.bss          zero     0x001554     0x1  ApiAtCmd.o [1]
  .near.bss          zero     0x001555     0x1  ApiGpsCmd.o [1]
  .near.bss          zero     0x001556     0x1  ApiKeyboard.o [1]
  .near.bss          zero     0x001557     0x1  ApiKeyboard.o [1]
  .near.bss          zero     0x001558     0x1  ApiKeyboard.o [1]
  .near.bss          zero     0x001559     0x1  ApiKeyboard.o [1]
  .near.bss          zero     0x00155a     0x1  ApiKeyboard.o [1]
  .near.bss          zero     0x00155b     0x1  ApiKeyboard.o [1]
  .near.bss          zero     0x00155c     0x1  ApiKeyboard.o [1]
  .near.bss          zero     0x00155d     0x1  ApiKeyboard.o [1]
  .near.bss          zero     0x00155e     0x1  ApiKeyboard.o [1]
  .near.bss          zero     0x00155f     0x1  ApiKeyboard.o [1]
  .near.bss          zero     0x001560     0x1  ApiKeyboard.o [1]
  .near.bss          zero     0x001561     0x1  ApiKeyboard.o [1]
  .near.bss          zero     0x001562     0x1  ApiKeyboard.o [1]
  .near.bss          zero     0x001563     0x1  ApiKeyboard.o [1]
  .near.bss          zero     0x001564     0x1  ApiKeyboard.o [1]
  .near.bss          zero     0x001565     0x1  ApiKeyboard.o [1]
  .near.bss          zero     0x001566     0x1  ApiKeyboard.o [1]
  .near.bss          zero     0x001567     0x1  ApiKeyboard.o [1]
  .near.bss          zero     0x001568     0x1  ApiKeyboard.o [1]
  .near.bss          zero     0x001569     0x1  ApiLED.o [1]
  .near.bss          zero     0x00156a     0x1  ApiPocCmd.o [1]
  .near.bss          zero     0x00156b     0x1  ApiPocCmd.o [1]
  .near.bss          zero     0x00156c     0x1  ApiPocCmd.o [1]
  .near.bss          zero     0x00156d     0x1  ApiPocCmd.o [1]
  .near.bss          zero     0x00156e     0x1  ApiPocCmd.o [1]
  .near.bss          zero     0x00156f     0x1  ApiPocCmd.o [1]
  .near.bss          zero     0x001570     0x1  ApiPocCmd.o [1]
  .near.bss          zero     0x001571     0x1  ApiPocCmd.o [1]
  .near.bss          zero     0x001572     0x1  ApiPocCmd.o [1]
  .near.bss          zero     0x001573     0x1  ApiPocCmd.o [1]
  .near.bss          zero     0x001574     0x1  ApiPocCmd.o [1]
  .near.bss          zero     0x001575     0x1  Delay.o [1]
  .near.bss          zero     0x001576     0x1  Delay.o [1]
  .near.bss          zero     0x001577     0x1  Delay.o [1]
  .near.bss          zero     0x001578     0x1  Delay.o [1]
  .near.bss          zero     0x001579     0x1  Delay.o [1]
  .near.bss          zero     0x00157a     0x1  Delay.o [1]
  .near.bss          zero     0x00157b     0x1  Delay.o [1]
  .near.bss          zero     0x00157c     0x1  Delay.o [1]
  .near.bss          zero     0x00157d     0x1  DrvGD83.o [1]
  .near.bss          zero     0x00157e     0x1  Task.o [1]
  .near.bss          zero     0x00157f     0x1  Task.o [1]
  .near.bss          zero     0x001580     0x1  Task.o [1]
  .near.bss          zero     0x001581     0x1  Task.o [1]
  .near.bss          zero     0x001582     0x1  Task.o [1]
                            - 0x001583  0x1511

"A2":                                    0x100
  CSTACK                      0x001700   0x100  <Block>
    CSTACK           uninit   0x001700   0x100  <Block tail>
                            - 0x001800   0x100

"A3":                                     0x80
  INTVEC                      0x008000    0x80  <Block>
    .intvec          const    0x008000    0x80  interrupt.o [5]
                            - 0x008080    0x80

"P3":                                   0x2930
  .near.rodata       const    0x008080  0x1b00  GT20L16P1Y_D.o [1]
  .near.rodata       const    0x009b80   0x400  ApiDisplay.o [1]
  .near.rodata       const    0x009f80   0x1b0  GT20L16P1Y_D.o [1]
  .near.rodata       const    0x00a130   0x1b0  GT20L16P1Y_D.o [1]
  Initializer bytes  const    0x00a2e0    0x62  <for P2-1>
  .near_func.text    const    0x00a342    0x40  ApiDisplay.o [1]
  .near.rodata       const    0x00a382    0x3e  GT20L16P1Y.o [3]
  .near.rodata       const    0x00a3c0    0x31  Task.o [1]
  .near.rodata       const    0x00a3f1    0x2a  Task.o [1]
  .near.rodata       const    0x00a41b    0x25  Task.o [1]
  .near.rodata       const    0x00a440    0x25  Task.o [1]
  .near.rodata       const    0x00a465    0x25  Task.o [1]
  .iar.init_table    const    0x00a48a    0x14  - Linker created -
  .near.rodata       const    0x00a49e    0x1d  Task.o [1]
  .near.rodata       const    0x00a4bb    0x18  Task.o [1]
  .near.rodata       const    0x00a4d3    0x13  ApiAtCmd.o [1]
  .near.rodata       const    0x00a4e6    0x13  Task.o [1]
  .near.rodata       const    0x00a4f9    0x13  Task.o [1]
  .near.rodata       const    0x00a50c    0x12  ApiAtCmd.o [1]
  .near.rodata       const    0x00a51e    0x12  Task.o [1]
  .near.rodata       const    0x00a530    0x11  ApiKeyboard.o [1]
  .near.rodata       const    0x00a541    0x11  ApiKeyboard.o [1]
  .near.rodata       const    0x00a552    0x11  ApiKeyboard.o [1]
  .near.rodata       const    0x00a563    0x11  ApiKeyboard.o [1]
  .near.rodata       const    0x00a574    0x11  ApiKeyboard.o [1]
  .near.rodata       const    0x00a585    0x11  ApiKeyboard.o [1]
  .near.rodata       const    0x00a596    0x11  ApiKeyboard.o [1]
  .near.rodata       const    0x00a5a7    0x11  ApiMenu.o [1]
  .near.rodata       const    0x00a5b8    0x11  ApiMenu.o [1]
  .near.rodata       const    0x00a5c9    0x11  ApiMenu.o [1]
  .near.rodata       const    0x00a5da    0x11  ApiMenu.o [1]
  .near.rodata       const    0x00a5eb    0x11  ApiMenu.o [1]
  .near.rodata       const    0x00a5fc    0x11  ApiMenu.o [1]
  .near.rodata       const    0x00a60d    0x11  ApiMenu.o [1]
  .near.rodata       const    0x00a61e    0x11  ApiMenu.o [1]
  .near.rodata       const    0x00a62f    0x11  ApiMenu.o [1]
  .near.rodata       const    0x00a640    0x11  ApiMenu.o [1]
  .near.rodata       const    0x00a651    0x11  ApiMenu.o [1]
  .near.rodata       const    0x00a662    0x11  CommonLib.o [1]
  .near.rodata       const    0x00a673    0x11  Delay.o [1]
  .near.rodata       const    0x00a684    0x11  System.o [1]
  .near.rodata       const    0x00a695    0x11  Task.o [1]
  .near.rodata       const    0x00a6a6    0x11  Task.o [1]
  .near.rodata       const    0x00a6b7    0x11  Task.o [1]
  .near.rodata       const    0x00a6c8    0x11  Task.o [1]
  .near.rodata       const    0x00a6d9    0x11  Task.o [1]
  .near.rodata       const    0x00a6ea    0x11  Task.o [1]
  .near.rodata       const    0x00a6fb    0x11  Task.o [1]
  .near.rodata       const    0x00a70c    0x11  Task.o [1]
  .near.rodata       const    0x00a71d    0x11  Task.o [1]
  .near.rodata       const    0x00a72e    0x11  Task.o [1]
  .near.rodata       const    0x00a73f    0x11  Task.o [1]
  .near.rodata       const    0x00a750    0x10  ApiAtCmd.o [1]
  .near.rodata       const    0x00a760    0x10  ApiAtCmd.o [1]
  .near.rodata       const    0x00a770    0x10  ApiDisplay.o [1]
  .near.rodata       const    0x00a780    0x10  ApiDisplay.o [1]
  .near.rodata       const    0x00a790    0x10  uart3.o [1]
  .near.rodata       const    0x00a7a0     0xf  ApiAtCmd.o [1]
  .near.rodata       const    0x00a7af     0xf  ApiKeyboard.o [1]
  .near.rodata       const    0x00a7be     0xf  System.o [1]
  .near.rodata       const    0x00a7cd     0xf  Task.o [1]
  .near.rodata       const    0x00a7dc     0xf  Task.o [1]
  .near.rodata       const    0x00a7eb     0xe  ApiAtCmd.o [1]
  .near.rodata       const    0x00a7f9     0xe  ApiAtCmd.o [1]
  .near.rodata       const    0x00a807     0xe  ApiAtCmd.o [1]
  .near.rodata       const    0x00a815     0xe  System.o [1]
  .near.rodata       const    0x00a823     0xe  Task.o [1]
  .near.rodata       const    0x00a831     0xe  Task.o [1]
  .near.rodata       const    0x00a83f     0xd  ApiPocCmd.o [1]
  .near.rodata       const    0x00a84c     0xd  ApiPocCmd.o [1]
  .near.rodata       const    0x00a859     0xd  Task.o [1]
  .near.rodata       const    0x00a866     0xc  ApiAtCmd.o [1]
  .near.rodata       const    0x00a872     0xc  Delay.o [1]
  .near.rodata       const    0x00a87e     0xb  ApiAtCmd.o [1]
  .near.rodata       const    0x00a889     0xb  ApiAtCmd.o [1]
  .near.rodata       const    0x00a894     0xb  Task.o [1]
  .near.rodata       const    0x00a89f     0xa  ApiAtCmd.o [1]
  .near.rodata       const    0x00a8a9     0xa  ApiAtCmd.o [1]
  .near.rodata       const    0x00a8b3     0xa  ApiAtCmd.o [1]
  .near.rodata       const    0x00a8bd     0xa  Task.o [1]
  .near.rodata       const    0x00a8c7     0x9  ApiAtCmd.o [1]
  .near.rodata       const    0x00a8d0     0x9  ApiAtCmd.o [1]
  .near.rodata       const    0x00a8d9     0x9  ApiAtCmd.o [1]
  .near.rodata       const    0x00a8e2     0x9  ApiKeyboard.o [1]
  .near.rodata       const    0x00a8eb     0x9  ApiKeyboard.o [1]
  .near.rodata       const    0x00a8f4     0x9  ApiMenu.o [1]
  .near.rodata       const    0x00a8fd     0x9  DrvGD83.o [1]
  .near.rodata       const    0x00a906     0x9  System.o [1]
  .near.rodata       const    0x00a90f     0x9  Task.o [1]
  .near.rodata       const    0x00a918     0x9  Task.o [1]
  .near.rodata       const    0x00a921     0x8  ApiAtCmd.o [1]
  .near.rodata       const    0x00a929     0x8  ApiAtCmd.o [1]
  .near.rodata       const    0x00a931     0x8  ApiDisplay.o [1]
  .near.rodata       const    0x00a939     0x8  ApiPocCmd.o [1]
  .near.rodata       const    0x00a941     0x8  Task.o [1]
  .near.rodata       const    0x00a949     0x7  ApiAtCmd.o [1]
  .near.rodata       const    0x00a950     0x7  ApiAtCmd.o [1]
  .near.rodata       const    0x00a957     0x7  ApiPocCmd.o [1]
  .near.rodata       const    0x00a95e     0x7  DrvGD83.o [1]
  .near.rodata       const    0x00a965     0x7  Task.o [1]
  .near.rodata       const    0x00a96c     0x7  Task.o [1]
  .near.rodata       const    0x00a973     0x6  DrvGD83.o [1]
  .near.rodata       const    0x00a979     0x6  System.o [1]
  .near.rodata       const    0x00a97f     0x4  ApiMenu.o [1]
  .near.rodata       const    0x00a983     0x4  ApiMenu.o [1]
  .near.rodata       const    0x00a987     0x4  ApiMenu.o [1]
  .near.rodata       const    0x00a98b     0x4  ApiMenu.o [1]
  .near.rodata       const    0x00a98f     0x4  ApiMenu.o [1]
  .near.rodata       const    0x00a993     0x4  ApiMenu.o [1]
  .near.rodata       const    0x00a997     0x4  ApiMenu.o [1]
  .near.rodata       const    0x00a99b     0x4  ApiMenu.o [1]
  .near.rodata       const    0x00a99f     0x4  stm8s_clk.o [1]
  .near.rodata       const    0x00a9a3     0x4  uart3.o [1]
  .near.rodata       const    0x00a9a7     0x3  DrvGD83.o [1]
  .near.rodata       const    0x00a9aa     0x3  uart3.o [1]
  .near.rodata       const    0x00a9ad     0x3  uart3.o [1]
                            - 0x00a9b0  0x2930

"P4", part 1 of 2:                      0x458e
  .far_func.text     ro code  0x00a9b0   0x823  DrvGD83.o [1]
  .far_func.text     ro code  0x00b1d3   0x5e6  ApiKeyboard.o [1]
  .far_func.text     ro code  0x00b7b9   0x4a6  ApiGpsCmd.o [1]
  .far_func.text     ro code  0x00bc5f   0x487  Task.o [1]
  .far_func.text     ro code  0x00c0e6   0x3fc  ApiPocCmd.o [1]
  .far_func.text     ro code  0x00c4e2   0x30f  Beep.o [1]
  .far_func.text     ro code  0x00c7f1   0x2e3  ApiGpsCmd.o [1]
  .far_func.text     ro code  0x00cad4   0x2cd  GT20L16P1Y.o [3]
  .far_func.text     ro code  0x00cda1   0x284  ApiAtCmd.o [1]
  .far_func.text     ro code  0x00d025   0x255  ApiGpsCmd.o [1]
  .far_func.text     ro code  0x00d27a   0x252  DrvHTG12832.o [1]
  .far_func.text     ro code  0x00d4cc   0x251  GT20L16P1Y.o [3]
  .far_func.text     ro code  0x00d71d   0x237  ApiAtCmd.o [1]
  .far_func.text     ro code  0x00d954   0x22c  Config.o [1]
  .far_func.text     ro code  0x00db80   0x211  DrvKeyboard.o [1]
  .far_func.text     ro code  0x00dd91   0x1e5  Delay.o [1]
  .far_func.text     ro code  0x00df76   0x1dc  Task.o [1]
  .far_func.text     ro code  0x00e152   0x1d1  ApiGpsCmd.o [1]
  .far_func.text     ro code  0x00e323   0x1b2  uart3.o [1]
  .far_func.text     ro code  0x00e4d5   0x19f  long.o [5]
  .far_func.text     ro code  0x00e674   0x187  ApiMenu.o [1]
  .far_func.text     ro code  0x00e7fb   0x185  GT20L16P1Y.o [3]
  .far_func.text     ro code  0x00e980   0x173  ApiPocCmd.o [1]
  .far_func.text     ro code  0x00eaf3   0x173  ApiPocCmd.o [1]
  .far_func.text     ro code  0x00ec66   0x16d  System.o [1]
  .far_func.text     ro code  0x00edd3   0x16b  ApiAtCmd.o [1]
                            - 0x00ef3e  0x458e

"P4", part 2 of 2:                      0x3b50
  .far_func.text     ro code  0x010000   0x168  vreg_util.o [5]
  .far_func.text     ro code  0x010168   0x165  ApiGpsCmd.o [1]
  .far_func.text     ro code  0x0102cd   0x163  ApiPocCmd.o [1]
  .far_func.text     ro code  0x010430   0x159  stm8s_uart1.o [1]
  .far_func.text     ro code  0x010589   0x148  DrvKeyboard.o [1]
  .far_func.text     ro code  0x0106d1   0x13f  DrvKeyboard.o [1]
  .far_func.text     ro code  0x010810   0x13b  DrvGT20L16S1Y.o [1]
  .far_func.text     ro code  0x01094b   0x134  DrvGT20L16S1Y.o [1]
  .far_func.text     ro code  0x010a7f   0x12a  stm8s_uart3.o [1]
  .far_func.text     ro code  0x010ba9   0x119  ApiAtCmd.o [1]
  .far_func.text     ro code  0x010cc2   0x109  uart3.o [1]
  .far_func.text     ro code  0x010dcb   0x103  stm8s_itc.o [1]
  .far_func.text     ro code  0x010ece   0x101  ADC.o [1]
  .far_func.text     ro code  0x010fcf    0xfa  CommonLib.o [1]
  .far_func.text     ro code  0x0110c9    0xf3  uart3.o [1]
  .far_func.text     ro code  0x0111bc    0xeb  DrvGD83.o [1]
  .far_func.text     ro code  0x0112a7    0xe5  ApiKeyboard.o [1]
  .far_func.text     ro code  0x01138c    0xdf  uart3.o [1]
  .far_func.text     ro code  0x01146b    0xd9  ApiDisplay.o [1]
  .far_func.text     ro code  0x011544    0xd8  ApiPocCmd.o [1]
  .far_func.text     ro code  0x01161c    0xc8  ApiDisplay.o [1]
  .far_func.text     ro code  0x0116e4    0xc0  ApiDisplay.o [1]
  .far_func.text     ro code  0x0117a4    0xb6  stm8s_uart3.o [1]
  .far_func.text     ro code  0x01185a    0xb0  ApiDisplay.o [1]
  .far_func.text     ro code  0x01190a    0xaf  stm8s_gpio.o [1]
  .far_func.text     ro code  0x0119b9    0xa3  Delay.o [1]
  .far_func.text     ro code  0x011a5c    0xa2  stm8s_clk.o [1]
  .far_func.text     ro code  0x011afe    0x99  stm8s_tim1.o [1]
  .far_func.text     ro code  0x011b97    0x97  ApiDisplay.o [1]
  .far_func.text     ro code  0x011c2e    0x96  CommonLib.o [1]
  .far_func.text     ro code  0x011cc4    0x96  DrvKeyboard.o [1]
  .far_func.text     ro code  0x011d5a    0x95  uart3.o [1]
  .far_func.text     ro code  0x011def    0x92  stm8s_uart1.o [1]
  .far_func.text     ro code  0x011e81    0x8d  stm8s_uart3.o [1]
  .far_func.text     ro code  0x011f0e    0x88  ApiDisplay.o [1]
  .far_func.text     ro code  0x011f96    0x82  stm8s_adc2.o [1]
  .far_func.text     ro code  0x012018    0x80  DrvGD83.o [1]
  .far_func.text     ro code  0x012098    0x7a  ApiLED.o [1]
  .far_func.text     ro code  0x012112    0x73  ApiAtCmd.o [1]
  .far_func.text     ro code  0x012185    0x73  Delay.o [1]
  .far_func.text     ro code  0x0121f8    0x72  DrvKeyboard.o [1]
  .far_func.text     ro code  0x01226a    0x71  Voice.o [1]
  .far_func.text     ro code  0x0122db    0x6e  uart3.o [1]
  .far_func.text     ro code  0x012349    0x6d  stm8s_uart1.o [1]
  .far_func.text     ro code  0x0123b6    0x6b  Tone.o [1]
  .far_func.text     ro code  0x012421    0x67  ApiAtCmd.o [1]
  .far_func.text     ro code  0x012488    0x64  ApiDisplay.o [1]
  .far_func.text     ro code  0x0124ec    0x64  ApiGpsCmd.o [1]
  .far_func.text     ro code  0x012550    0x64  long_util.o [5]
  .far_func.text     ro code  0x0125b4    0x61  stm8s_tim1.o [1]
  .far_func.text     ro code  0x012615    0x5e  CommonLib.o [1]
  .far_func.text     ro code  0x012673    0x5c  GT20L16P1Y_D.o [1]
  .far_func.text     ro code  0x0126cf    0x5a  ApiDisplay.o [1]
  .far_func.text     ro code  0x012729    0x58  stm8s_clk.o [1]
  .far_func.text     ro code  0x012781    0x58  dc_util.o [5]
  .far_func.text     ro code  0x0127d9    0x57  ApiDisplay.o [1]
  .far_func.text     ro code  0x012830    0x56  Tone.o [1]
  .far_func.text     ro code  0x012886    0x55  Delay.o [1]
  .far_func.text     ro code  0x0128db    0x54  stm8s_adc2.o [1]
  .far_func.text     ro code  0x01292f    0x52  uart3.o [1]
  .far_func.text     ro code  0x012981    0x52  uart3.o [1]
  .far_func.text     ro code  0x0129d3    0x50  Flash_eeprom.o [1]
  .far_func.text     ro code  0x012a23    0x4f  ApiDisplay.o [1]
  .far_func.text     ro code  0x012a72    0x4f  Flash_eeprom.o [1]
  .far_func.text     ro code  0x012ac1    0x4f  uart3.o [1]
  .far_func.text     ro code  0x012b10    0x4e  CommonLib.o [1]
  .far_func.text     ro code  0x012b5e    0x4a  DrvGD83.o [1]
  .far_func.text     ro code  0x012ba8    0x4a  DrvGD83.o [1]
  .far_func.text     ro code  0x012bf2    0x4a  DrvGD83.o [1]
  .far_func.text     ro code  0x012c3c    0x4a  DrvGD83.o [1]
  .far_func.text     ro code  0x012c86    0x49  stm8s_uart3.o [1]
  .far_func.text     ro code  0x012ccf    0x48  Flash_eeprom.o [1]
  .far_func.text     ro code  0x012d17    0x48  GT20L16P1Y_D.o [1]
  .far_func.text     ro code  0x012d5f    0x48  GT20L16P1Y_D.o [1]
  .far_func.text     ro code  0x012da7    0x47  GT20L16P1Y.o [3]
  .far_func.text     ro code  0x012dee    0x45  Flash_eeprom.o [1]
  .far_func.text     ro code  0x012e33    0x44  short.o [5]
  .far_func.text     ro code  0x012e77    0x43  stm8s_tim1.o [1]
  .far_func.text     ro code  0x012eba    0x43  uart3.o [1]
  .far_func.text     ro code  0x012efd    0x40  Task.o [1]
  .far_func.text     ro code  0x012f3d    0x3e  Flash_eeprom.o [1]
  .far_func.text     ro code  0x012f7b    0x3d  DrvGD83.o [1]
  .far_func.text     ro code  0x012fb8    0x39  uart3.o [1]
  .far_func.text     ro code  0x012ff1    0x38  Beep.o [1]
  .far_func.text     ro code  0x013029    0x38  DrvGT20L16S1Y.o [1]
  .far_func.text     ro code  0x013061    0x36  stm8s_flash.o [1]
  .far_func.text     ro code  0x013097    0x36  sysclock.o [1]
  .far_func.text     ro code  0x0130cd    0x36  memcmp.o [5]
  .far_func.text     ro code  0x013103    0x34  McuConfig.o [1]
  .far_func.text     ro code  0x013137    0x32  stm8s_uart1.o [1]
  .far_func.text     ro code  0x013169    0x31  Voice.o [1]
  .far_func.text     ro code  0x01319a    0x30  stm8s_adc2.o [1]
  .far_func.text     ro code  0x0131ca    0x2f  ApiDisplay.o [1]
  .far_func.text     ro code  0x0131f9    0x2f  ApiDisplay.o [1]
  .far_func.text     ro code  0x013228    0x2f  stm8s_adc2.o [1]
  .far_func.text     ro code  0x013257    0x2e  ApiDisplay.o [1]
  .far_func.text     ro code  0x013285    0x2e  ApiDisplay.o [1]
  .far_func.text     ro code  0x0132b3    0x2e  McuConfig.o [1]
  .far_func.text     ro code  0x0132e1    0x2d  ApiDisplay.o [1]
  .far_func.text     ro code  0x01330e    0x2d  stm8s_uart1.o [1]
  .far_func.text     ro code  0x01333b    0x2c  DrvGD83.o [1]
  .far_func.text     ro code  0x013367    0x2b  sysclock.o [1]
  .far_func.text     ro code  0x013392    0x2b  Task.o [1]
  .far_func.text     ro code  0x0133bd    0x29  Delay.o [1]
  .far_func.text     ro code  0x0133e6    0x29  McuConfig.o [1]
  .far_func.text     ro code  0x01340f    0x28  stm8s_flash.o [1]
  .far_func.text     ro code  0x013437    0x28  init_small.o [5]
  .far_func.text     ro code  0x01345f    0x27  ADC.o [1]
  .far_func.text     ro code  0x013486    0x27  McuConfig.o [1]
  .far_func.text     ro code  0x0134ad    0x26  GT20L16P1Y_D.o [1]
  .far_func.text     ro code  0x0134d3    0x26  stm8s_it.o [1]
  .far_func.text     ro code  0x0134f9    0x26  Tone.o [1]
  .far_func.text     ro code  0x01351f    0x26  memcpy.o [5]
  .far_func.text     ro code  0x013545    0x25  stm8s_flash.o [1]
  .far_func.text     ro code  0x01356a    0x25  stm8s_uart3.o [1]
  .far_func.text     ro code  0x01358f    0x25  move.o [5]
  .far_func.text     ro code  0x0135b4    0x24  stm8s_tim1.o [1]
  .far_func.text     ro code  0x0135d8    0x22  ADC.o [1]
  .far_func.text     ro code  0x0135fa    0x22  ApiPocCmd.o [1]
  .far_func.text     ro code  0x01361c    0x22  ApiPocCmd.o [1]
  .far_func.text     ro code  0x01363e    0x21  ApiGpsCmd.o [1]
  .far_func.text     ro code  0x01365f    0x21  ApiPocCmd.o [1]
  .far_func.text     ro code  0x013680    0x21  Delay.o [1]
  .far_func.text     ro code  0x0136a1    0x21  stm8s_adc2.o [1]
  .far_func.text     ro code  0x0136c2    0x21  stm8s_it.o [1]
  .far_func.text     ro code  0x0136e3    0x20  ApiPocCmd.o [1]
  .far_func.text     ro code  0x013703    0x1f  sysclock.o [1]
  .far_func.text     ro code  0x013722    0x1e  init.o [5]
  .far_func.text     ro code  0x013740    0x1e  init_small.o [5]
  .far_func.text     ro code  0x01375e    0x1c  Beep.o [1]
  .far_func.text     ro code  0x01377a    0x1c  Delay.o [1]
  .far_func.text     ro code  0x013796    0x1b  stm8s_it.o [1]
  .far_func.text     ro code  0x0137b1    0x19  McuConfig.o [1]
  .far_func.text     ro code  0x0137ca    0x19  McuConfig.o [1]
  .far_func.text     ro code  0x0137e3    0x19  McuConfig.o [1]
  .far_func.text     ro code  0x0137fc    0x19  McuConfig.o [1]
  .far_func.text     ro code  0x013815    0x19  McuConfig.o [1]
  .far_func.text     ro code  0x01382e    0x17  ApiDisplay.o [1]
  .far_func.text     ro code  0x013845    0x17  ApiDisplay.o [1]
  .far_func.text     ro code  0x01385c    0x17  uart3.o [1]
  .far_func.text     ro code  0x013873    0x17  cstartup.o [5]
  .far_func.text     ro code  0x01388a    0x17  memset.o [5]
  .far_func.text     ro code  0x0138a1    0x16  stm8s_flash.o [1]
  .far_func.text     ro code  0x0138b7    0x16  __dbg_xxexit.o [4]
  .far_func.text     ro code  0x0138cd    0x14  stm8s_flash.o [1]
  .far_func.text     ro code  0x0138e1    0x13  ApiPocCmd.o [1]
  .far_func.text     ro code  0x0138f4    0x13  ApiPocCmd.o [1]
  .far_func.text     ro code  0x013907    0x13  stm8s_adc2.o [1]
  .far_func.text     ro code  0x01391a    0x13  stm8s_clk.o [1]
  .far_func.text     ro code  0x01392d    0x13  stm8s_tim3.o [1]
  .far_func.text     ro code  0x013940    0x12  ApiPocCmd.o [1]
  .far_func.text     ro code  0x013952    0x12  ApiPocCmd.o [1]
  .far_func.text     ro code  0x013964    0x12  uart3.o [1]
  .far_func.text     ro code  0x013976    0x12  strlen.o [5]
  .far_func.text     ro code  0x013988    0x10  uart3.o [1]
  .far_func.text     ro code  0x013998     0xf  Voice.o [1]
  .far_func.text     ro code  0x0139a7     0xe  far_util.o [5]
  .far_func.text     ro code  0x0139b5     0xd  McuConfig.o [1]
  .far_func.text     ro code  0x0139c2     0xd  McuConfig.o [1]
  .far_func.text     ro code  0x0139cf     0xd  McuConfig.o [1]
  .far_func.text     ro code  0x0139dc     0xd  McuConfig.o [1]
  .far_func.text     ro code  0x0139e9     0xd  stm8s_adc2.o [1]
  .far_func.text     ro code  0x0139f6     0xd  stm8s_tim1.o [1]
  .far_func.text     ro code  0x013a03     0xd  stm8s_tim1.o [1]
  .far_func.text     ro code  0x013a10     0xd  stm8s_tim1.o [1]
  .far_func.text     ro code  0x013a1d     0xd  stm8s_tim3.o [1]
  .far_func.text     ro code  0x013a2a     0xd  stm8s_tim3.o [1]
  .far_func.text     ro code  0x013a37     0xd  stm8s_uart1.o [1]
  .far_func.text     ro code  0x013a44     0xd  stm8s_uart3.o [1]
  .far_func.text     ro code  0x013a51     0xc  stm8s_tim3.o [1]
  .far_func.text     ro code  0x013a5d     0xb  ApiPocCmd.o [1]
  .far_func.text     ro code  0x013a68     0xa  ApiAtCmd.o [1]
  .far_func.text     ro code  0x013a72     0x9  stm8s_gpio.o [1]
  .far_func.text     ro code  0x013a7b     0x9  stm8s_tim3.o [1]
  .far_func.text     ro code  0x013a84     0x7  ApiAtCmd.o [1]
  .far_func.text     ro code  0x013a8b     0x7  ApiAtCmd.o [1]
  .far_func.text     ro code  0x013a92     0x7  ApiPocCmd.o [1]
  .far_func.text     ro code  0x013a99     0x7  stm8s_flash.o [1]
  .far_func.text     ro code  0x013aa0     0x7  stm8s_gpio.o [1]
  .far_func.text     ro code  0x013aa7     0x6  char.o [5]
  .far_func.text     ro code  0x013aad     0x6  cexit.o [5]
  .far_func.text     ro code  0x013ab3     0x5  stm8s_adc2.o [1]
  .far_func.text     ro code  0x013ab8     0x5  stm8s_flash.o [1]
  .far_func.text     ro code  0x013abd     0x5  stm8s_flash.o [1]
  .far_func.text     ro code  0x013ac2     0x5  stm8s_tim3.o [1]
  .far_func.text     ro code  0x013ac7     0x4  ApiAtCmd.o [1]
  .far_func.text     ro code  0x013acb     0x4  ApiAtCmd.o [1]
  .far_func.text     ro code  0x013acf     0x4  ApiAtCmd.o [1]
  .far_func.text     ro code  0x013ad3     0x4  ApiAtCmd.o [1]
  .far_func.text     ro code  0x013ad7     0x4  ApiAtCmd.o [1]
  .far_func.text     ro code  0x013adb     0x4  ApiAtCmd.o [1]
  .far_func.text     ro code  0x013adf     0x4  ApiAtCmd.o [1]
  .far_func.text     ro code  0x013ae3     0x4  ApiAtCmd.o [1]
  .far_func.text     ro code  0x013ae7     0x4  ApiGpsCmd.o [1]
  .far_func.text     ro code  0x013aeb     0x4  ApiGpsCmd.o [1]
  .far_func.text     ro code  0x013aef     0x4  ApiPocCmd.o [1]
  .far_func.text     ro code  0x013af3     0x4  ApiPocCmd.o [1]
  .far_func.text     ro code  0x013af7     0x4  ApiPocCmd.o [1]
  .far_func.text     ro code  0x013afb     0x4  ApiPocCmd.o [1]
  .far_func.text     ro code  0x013aff     0x4  ApiPocCmd.o [1]
  .far_func.text     ro code  0x013b03     0x4  ApiPocCmd.o [1]
  .far_func.text     ro code  0x013b07     0x4  main.o [1]
  .far_func.text     ro code  0x013b0b     0x4  stm8s_gpio.o [1]
  .far_func.text     ro code  0x013b0f     0x4  stm8s_uart1.o [1]
  .far_func.text     ro code  0x013b13     0x4  stm8s_uart1.o [1]
  .far_func.text     ro code  0x013b17     0x4  stm8s_uart3.o [1]
  .far_func.text     ro code  0x013b1b     0x4  stm8s_uart3.o [1]
  .far_func.text     ro code  0x013b1f     0x4  System.o [1]
  .far_func.text     ro code  0x013b23     0x4  System.o [1]
  .far_func.text     ro code  0x013b27     0x4  Task.o [1]
  .far_func.text     ro code  0x013b2b     0x4  interrupt.o [5]
  .far_func.text     ro code  0x013b2f     0x4  exit.o [5]
  .far_func.text     ro code  0x013b33     0x3  low_level_init.o [5]
  .far_func.text     ro code  0x013b36     0x3  unhandled_exception.o [5]
  .far_func.text     ro code  0x013b39     0x1  ApiKeyboard.o [1]
  .far_func.text     ro code  0x013b3a     0x1  stm8s_it.o [1]
  .far_func.text     ro code  0x013b3b     0x1  stm8s_it.o [1]
  .far_func.text     ro code  0x013b3c     0x1  stm8s_it.o [1]
  .far_func.text     ro code  0x013b3d     0x1  stm8s_it.o [1]
  .far_func.text     ro code  0x013b3e     0x1  stm8s_it.o [1]
  .far_func.text     ro code  0x013b3f     0x1  stm8s_it.o [1]
  .far_func.text     ro code  0x013b40     0x1  stm8s_it.o [1]
  .far_func.text     ro code  0x013b41     0x1  stm8s_it.o [1]
  .far_func.text     ro code  0x013b42     0x1  stm8s_it.o [1]
  .far_func.text     ro code  0x013b43     0x1  stm8s_it.o [1]
  .far_func.text     ro code  0x013b44     0x1  stm8s_it.o [1]
  .far_func.text     ro code  0x013b45     0x1  stm8s_it.o [1]
  .far_func.text     ro code  0x013b46     0x1  stm8s_it.o [1]
  .far_func.text     ro code  0x013b47     0x1  stm8s_it.o [1]
  .far_func.text     ro code  0x013b48     0x1  stm8s_it.o [1]
  .far_func.text     ro code  0x013b49     0x1  stm8s_it.o [1]
  .far_func.text     ro code  0x013b4a     0x1  stm8s_it.o [1]
  .far_func.text     ro code  0x013b4b     0x1  stm8s_it.o [1]
  .far_func.text     ro code  0x013b4c     0x1  stm8s_it.o [1]
  .far_func.text     ro code  0x013b4d     0x1  stm8s_it.o [1]
  .far_func.text     ro code  0x013b4e     0x1  stm8s_it.o [1]
  .far_func.text     ro code  0x013b4f     0x1  __dbg_break.o [4]
                            - 0x013b50  0x3b50


*******************************************************************************
*** INIT TABLE
***

          Address   Size
          -------   ----
Zero (__iar_zero_init2)
    1 destination range, total size 0x1511:
          0x000072  0x1511

Copy (__iar_copy_init2)
    1 source range, total size 0x62:
          0x00a2e0    0x62
    1 destination range, total size 0x62:
          0x000010    0x62



*******************************************************************************
*** MODULE SUMMARY
***

    Module                 ro code  ro data  rw data
    ------                 -------  -------  -------
E:\1-source\A508\PRJ\Debug\Obj: [1]
    ADC.o                      330                 1
    ApiAtCmd.o               2 129      290      183
    ApiDisplay.o             1 705    1 128      578
    ApiGpsCmd.o              3 489               549
    ApiKeyboard.o            1 740      161       28
    ApiLED.o                   122                 1
    ApiMenu.o                  391      228
    ApiPocCmd.o              2 582       45    3 156
    Beep.o                     867                18
    CommonLib.o                572       17
    Config.o                   556
    Delay.o                    950       29       19
    DrvGD83.o                2 847       33      801
    DrvGT20L16S1Y.o            679
    DrvHTG12832.o              594                 2
    DrvKeyboard.o            1 440
    Flash_eeprom.o             362
    GT20L16P1Y_D.o             274    7 776
    McuConfig.o                355
    System.o                   373       67       26
    Task.o                   1 746      658       33
    Tone.o                     231                18
    Voice.o                    177                 6
    main.o                       4
    stm8s_adc2.o               379
    stm8s_clk.o                269        4
    stm8s_flash.o              190
    stm8s_gpio.o               195
    stm8s_it.o                 119
    stm8s_itc.o                259
    stm8s_tim1.o               392
    stm8s_tim3.o                71
    stm8s_uart1.o              716
    stm8s_uart3.o              752
    sysclock.o                 128
    uart3.o                  1 848       26       72
    ------------------------------------------------
    Total:                  29 833   10 462    5 491

command line: [2]
    ------------------------------------------------
    Total:

GT20L16_STM8_DOUBLE_MEDIUM_IAR.a: [3]
    GT20L16P1Y.o             1 770       62
    ------------------------------------------------
    Total:                   1 770       62

dbgstm8mmd.a: [4]
    __dbg_break.o                1
    __dbg_xxexit.o              22
    ------------------------------------------------
    Total:                      23

dlstm8mmn.a: [5]
    cexit.o                      6
    char.o                       6
    cstartup.o                  23
    dc_util.o                   88
    exit.o                       4
    far_util.o                  14
    init.o                      30
    init_small.o                70
    interrupt.o                  4      128
    long.o                     415
    long_util.o                100
    low_level_init.o             3
    memcmp.o                    54
    memcpy.o                    38
    memset.o                    23
    move.o                      37
    short.o                     68
    strlen.o                    18
    unhandled_exception.o        3
    vreg_util.o                360
    vregs.o                                       16
    ------------------------------------------------
    Total:                   1 364      128       16

    Linker created                       20      256
----------------------------------------------------
    Grand Total:            32 990   10 672    5 763


*******************************************************************************
*** ENTRY LIST
***

Entry                    Address    Size  Type      Object
-----                    -------    ----  ----      ------
.iar.init_table$$Base   0x00a48a           --   Gb  - Linker created -
.iar.init_table$$Limit  0x00a49e           --   Gb  - Linker created -
?add32_l0_l0_0x         0x00e4d8          Code  Gb  long.o [5]
?add32_l0_l0_l1         0x00e4d5          Code  Gb  long.o [5]
?and32_l0_l0_0x         0x00e614          Code  Gb  long.o [5]
?and32_l0_l0_l1         0x00e611          Code  Gb  long.o [5]
?b0                     0x000000          Data  Gb  vregs.o [5]
?b1                     0x000001          Data  Gb  vregs.o [5]
?b10                    0x00000a          Data  Gb  vregs.o [5]
?b11                    0x00000b          Data  Gb  vregs.o [5]
?b12                    0x00000c          Data  Gb  vregs.o [5]
?b13                    0x00000d          Data  Gb  vregs.o [5]
?b14                    0x00000e          Data  Gb  vregs.o [5]
?b15                    0x00000f          Data  Gb  vregs.o [5]
?b2                     0x000002          Data  Gb  vregs.o [5]
?b3                     0x000003          Data  Gb  vregs.o [5]
?b4                     0x000004          Data  Gb  vregs.o [5]
?b5                     0x000005          Data  Gb  vregs.o [5]
?b6                     0x000006          Data  Gb  vregs.o [5]
?b7                     0x000007          Data  Gb  vregs.o [5]
?b8                     0x000008          Data  Gb  vregs.o [5]
?b9                     0x000009          Data  Gb  vregs.o [5]
?dc32_l0                0x012781          Code  Gb  dc_util.o [5]
?dc32_l1                0x0127ad          Code  Gb  dc_util.o [5]
?e0                     0x000001          Data  Gb  vregs.o [5]
?e1                     0x000005          Data  Gb  vregs.o [5]
?e2                     0x000009          Data  Gb  vregs.o [5]
?e3                     0x00000d          Data  Gb  vregs.o [5]
?epilogue_l2            0x0100c4          Code  Gb  vreg_util.o [5]
?epilogue_l2_l3         0x0100c0          Code  Gb  vreg_util.o [5]
?epilogue_l2_w6         0x0100c9          Code  Gb  vreg_util.o [5]
?epilogue_w4            0x0100d2          Code  Gb  vreg_util.o [5]
?l0                     0x000000          Data  Gb  vregs.o [5]
?l1                     0x000004          Data  Gb  vregs.o [5]
?l2                     0x000008          Data  Gb  vregs.o [5]
?l3                     0x00000c          Data  Gb  vregs.o [5]
?load24_e1_0x           0x0139a7          Code  Gb  far_util.o [5]
?load32_0x_l0           0x0125a6          Code  Gb  long_util.o [5]
?load32_l0_0x           0x01256a          Code  Gb  long_util.o [5]
?load32_l0_asp          0x01255e          Code  Gb  long_util.o [5]
?load32_l0_dbsp         0x012550          Code  Gb  long_util.o [5]
?load32_l0_xsp          0x012560          Code  Gb  long_util.o [5]
?load32_l1_0x           0x012590          Code  Gb  long_util.o [5]
?load32_l1_asp          0x012584          Code  Gb  long_util.o [5]
?load32_l1_dbsp         0x012576          Code  Gb  long_util.o [5]
?load32_l1_xsp          0x012586          Code  Gb  long_util.o [5]
?load32_xsp_l0          0x01259c          Code  Gb  long_util.o [5]
?longfarg16_v_w0_a      0x01359c          Code  Gb  move.o [5]
?longfarg16_v_w0_x      0x01359e          Code  Gb  move.o [5]
?mov_e0_e1              0x0100ef          Code  Gb  vreg_util.o [5]
?mov_e0_e2              0x0100fc          Code  Gb  vreg_util.o [5]
?mov_e0_e3              0x010109          Code  Gb  vreg_util.o [5]
?mov_e1_e0              0x010116          Code  Gb  vreg_util.o [5]
?mov_e1_e2              0x010123          Code  Gb  vreg_util.o [5]
?mov_e1_e3              0x010130          Code  Gb  vreg_util.o [5]
?mov_e2_e0              0x01013d          Code  Gb  vreg_util.o [5]
?mov_e3_e0              0x010151          Code  Gb  vreg_util.o [5]
?mov_e3_e1              0x01015e          Code  Gb  vreg_util.o [5]
?mov_l0_l1              0x0100ec          Code  Gb  vreg_util.o [5]
?mov_l0_l2              0x0100f9          Code  Gb  vreg_util.o [5]
?mov_l0_l3              0x010106          Code  Gb  vreg_util.o [5]
?mov_l1_l0              0x010113          Code  Gb  vreg_util.o [5]
?mov_l1_l2              0x010120          Code  Gb  vreg_util.o [5]
?mov_l1_l3              0x01012d          Code  Gb  vreg_util.o [5]
?mov_l2_l0              0x01013a          Code  Gb  vreg_util.o [5]
?mov_l3_l0              0x01014e          Code  Gb  vreg_util.o [5]
?mov_l3_l1              0x01015b          Code  Gb  vreg_util.o [5]
?mov_w1_w3              0x0100f2          Code  Gb  vreg_util.o [5]
?mov_w1_w4              0x0100d7          Code  Gb  vreg_util.o [5]
?mov_w1_w5              0x0100ff          Code  Gb  vreg_util.o [5]
?mov_w1_w7              0x01010c          Code  Gb  vreg_util.o [5]
?mov_w2_w1              0x0100de          Code  Gb  vreg_util.o [5]
?mov_w3_w1              0x010119          Code  Gb  vreg_util.o [5]
?mov_w3_w5              0x010126          Code  Gb  vreg_util.o [5]
?mov_w3_w7              0x010133          Code  Gb  vreg_util.o [5]
?mov_w5_w1              0x010140          Code  Gb  vreg_util.o [5]
?mov_w5_w3              0x010147          Code  Gb  vreg_util.o [5]
?mov_w6_w0              0x0100e5          Code  Gb  vreg_util.o [5]
?mov_w7_w1              0x010154          Code  Gb  vreg_util.o [5]
?mov_w7_w3              0x010161          Code  Gb  vreg_util.o [5]
?move1616_v_x_y_a       0x01358f          Code  Gb  move.o [5]
?mul16_x_x_w0           0x012e33          Code  Gb  short.o [5]
?mul32_l0_l0_l1         0x00e50b          Code  Gb  long.o [5]
?or32_l0_l0_0x          0x00e62f          Code  Gb  long.o [5]
?or32_l0_l0_l1          0x00e62c          Code  Gb  long.o [5]
?pop_l0                 0x010088          Code  Gb  vreg_util.o [5]
?pop_l1                 0x010093          Code  Gb  vreg_util.o [5]
?pop_l2                 0x01009e          Code  Gb  vreg_util.o [5]
?pop_l3                 0x0100a9          Code  Gb  vreg_util.o [5]
?pop_w4                 0x01002b          Code  Gb  vreg_util.o [5]
?pop_w5                 0x010032          Code  Gb  vreg_util.o [5]
?pop_w6                 0x010039          Code  Gb  vreg_util.o [5]
?pop_w7                 0x010040          Code  Gb  vreg_util.o [5]
?push_l0                0x010053          Code  Gb  vreg_util.o [5]
?push_l1                0x010058          Code  Gb  vreg_util.o [5]
?push_l2                0x01005d          Code  Gb  vreg_util.o [5]
?push_l3                0x010062          Code  Gb  vreg_util.o [5]
?push_w4                0x010000          Code  Gb  vreg_util.o [5]
?push_w5                0x010005          Code  Gb  vreg_util.o [5]
?push_w6                0x01000a          Code  Gb  vreg_util.o [5]
?push_w7                0x01000f          Code  Gb  vreg_util.o [5]
?sext16_x_a             0x012e70          Code  Gb  short.o [5]
?sext32_l0_x            0x00e669          Code  Gb  long.o [5]
?sll16_x_x_4            0x012e6b          Code  Gb  short.o [5]
?sll16_x_x_5            0x012e6a          Code  Gb  short.o [5]
?sll16_x_x_6            0x012e69          Code  Gb  short.o [5]
?sll16_x_x_a            0x012e61          Code  Gb  short.o [5]
?sll32_0x_0x_a          0x00e64a          Code  Gb  long.o [5]
?sll32_l0_l0_a          0x00e647          Code  Gb  long.o [5]
?smod16_y_x_y           0x012e51          Code  Gb  short.o [5]
?srl32_0x_0x_a          0x00e65b          Code  Gb  long.o [5]
?srl32_l0_l0_a          0x00e658          Code  Gb  long.o [5]
?srl8_a_a_5             0x013aa8          Code  Gb  char.o [5]
?srl8_a_a_6             0x013aa7          Code  Gb  char.o [5]
?sub32_l0_l0_0x         0x00e4f3          Code  Gb  long.o [5]
?sub32_l0_l0_l1         0x00e4f0          Code  Gb  long.o [5]
?ucmp32_c_l0_l1         0x00e606          Code  Gb  long.o [5]
?udiv32_l0_dl_l1        0x00e58f          Code  Gb  long.o [5]
?udiv32_l0_l0_dl        0x00e595          Code  Gb  long.o [5]
?udiv32_l0_l0_l1        0x00e599          Code  Gb  long.o [5]
?umod32_l1_l0_dl        0x00e589          Code  Gb  long.o [5]
?umod32_l1_l0_l1        0x00e599          Code  Gb  long.o [5]
?w0                     0x000000          Data  Gb  vregs.o [5]
?w1                     0x000002          Data  Gb  vregs.o [5]
?w2                     0x000004          Data  Gb  vregs.o [5]
?w3                     0x000006          Data  Gb  vregs.o [5]
?w4                     0x000008          Data  Gb  vregs.o [5]
?w5                     0x00000a          Data  Gb  vregs.o [5]
?w6                     0x00000c          Data  Gb  vregs.o [5]
?w7                     0x00000e          Data  Gb  vregs.o [5]
ADC2_Cmd                0x0139e9     0xd  Code  Gb  stm8s_adc2.o [1]
ADC2_ConversionConfig   0x013228    0x2f  Code  Gb  stm8s_adc2.o [1]
ADC2_ExternalTriggerConfig
                        0x0136a1    0x21  Code  Gb  stm8s_adc2.o [1]
ADC2_GetConversionValue
                        0x0128db    0x54  Code  Gb  stm8s_adc2.o [1]
ADC2_IRQHandler         0x013b4c     0x1  Code  Gb  stm8s_it.o [1]
ADC2_Init               0x01319a    0x30  Code  Gb  stm8s_adc2.o [1]
ADC2_PrescalerConfig    0x013907    0x13  Code  Gb  stm8s_adc2.o [1]
ADC2_SchmittTriggerConfig
                        0x011f96    0x82  Code  Gb  stm8s_adc2.o [1]
ADC2_StartConversion    0x013ab3     0x5  Code  Gb  stm8s_adc2.o [1]
ADC_Init                0x0135d8    0x22  Code  Gb  ADC.o [1]
AF_Mute_Init            0x0139c2     0xd  Code  Gb  McuConfig.o [1]
AUDIO_IOAFMUT           0x0137fc    0x19  Code  Gb  McuConfig.o [1]
AUDIO_IOAFPOW           0x013815    0x19  Code  Gb  McuConfig.o [1]
AWU_IRQHandler          0x013b3c     0x1  Code  Gb  stm8s_it.o [1]
AkeyvolumeCount         0x00003b     0x1  Data  Gb  ApiKeyboard.o [1]
AlarmCount              0x000056     0x1  Data  Gb  Task.o [1]
ApGpsCmd_10msRenew      0x01363e    0x21  Code  Gb  ApiGpsCmd.o [1]
ApiAtCmd_100msRenew     0x00cfa4    0x81  Code  Gb  ApiAtCmd.o [1]
ApiAtCmd_10msRenew      0x010ba9   0x119  Code  Gb  ApiAtCmd.o [1]
ApiAtCmd_GetGroupName   0x013940    0x12  Code  Gb  ApiPocCmd.o [1]
ApiAtCmd_GetGroupNameLen
                        0x0138e1    0x13  Code  Gb  ApiPocCmd.o [1]
ApiAtCmd_GetGroupNum    0x013af7     0x4  Code  Gb  ApiPocCmd.o [1]
ApiAtCmd_GetLoginState  0x013a92     0x7  Code  Gb  ApiPocCmd.o [1]
ApiAtCmd_GetMainGroupId
                        0x013aff     0x4  Code  Gb  ApiPocCmd.o [1]
ApiAtCmd_GetMainUserId  0x013b03     0x4  Code  Gb  ApiPocCmd.o [1]
ApiAtCmd_GetMainUserName
                        0x013af3     0x4  Code  Gb  ApiPocCmd.o [1]
ApiAtCmd_GetMainWorkName
                        0x013aef     0x4  Code  Gb  ApiPocCmd.o [1]
ApiAtCmd_GetUserName    0x013952    0x12  Code  Gb  ApiPocCmd.o [1]
ApiAtCmd_GetUserNameLen
                        0x0138f4    0x13  Code  Gb  ApiPocCmd.o [1]
ApiAtCmd_GetUserNum     0x013afb     0x4  Code  Gb  ApiPocCmd.o [1]
ApiAtCmd_Get_location_Information
                        0x00d71d   0x237  Code  Gb  ApiAtCmd.o [1]
ApiAtCmd_PlayVoice      0x012112    0x73  Code  Gb  ApiAtCmd.o [1]
ApiAtCmd_TrumpetVoicePlay_Flag
                        0x001550     0x1  Data  Gb  ApiAtCmd.o [1]
ApiAtCmd_WritCommand    0x00cda1   0x178  Code  Gb  ApiAtCmd.o [1]
ApiAtCmd_tcp_state      0x013a68     0xa  Code  Gb  ApiAtCmd.o [1]
ApiCaretCmd_10msRenew   0x00edd3   0x16b  Code  Gb  ApiAtCmd.o [1]
ApiGpsCmd_100msRenew    0x00ba85   0x1da  Code  Gb  ApiGpsCmd.o [1]
ApiGpsCmd_PowerOnInitial
                        0x00e152   0x1d1  Code  Gb  ApiGpsCmd.o [1]
ApiGps_GetTcpIpAddress  0x013ae7     0x4  Code  Gb  ApiGpsCmd.o [1]
ApiGps_GetTcpPortAddress
                        0x013aeb     0x4  Code  Gb  ApiGpsCmd.o [1]
ApiPocCmd_10msRenew     0x00c0e6   0x3fc  Code  Gb  ApiPocCmd.o [1]
ApiPocCmd_Tone_Flag     0x001571     0x1  Data  Gb  ApiPocCmd.o [1]
ApiPocCmd_WritCommand   0x0102cd   0x163  Code  Gb  ApiPocCmd.o [1]
ApiPocCmd_user_info_set
                        0x011544    0xd8  Code  Gb  ApiPocCmd.o [1]
AtCmdDrvobj             0x001385    0x85  Data  Lc  ApiAtCmd.o [1]
AtCmd_NetParamCode      0x00cf19    0x8b  Code  Lc  ApiAtCmd.o [1]
AtNotify_Queue          0x00aa4a    0x4d  Code  Lc  DrvGD83.o [1]
AtNotify_Queue_Start    0x00aa97    0x56  Code  Lc  DrvGD83.o [1]
BEEP_Interrupt10ms      0x01375e    0x1c  Code  Gb  Beep.o [1]
BEEP_PowerOnInitial     0x00c71e    0xd3  Code  Gb  Beep.o [1]
BEEP_SetOutput          0x00c4e2   0x23c  Code  Gb  Beep.o [1]
BEEP_Time               0x012ff1    0x38  Code  Gb  Beep.o [1]
BeepDrvObj              0x0014f2    0x12  Data  Lc  Beep.o [1]
BitTab                  0x00a931     0x8  Data  Gb  ApiDisplay.o [1]
BootProcess_PPPCFG_Flag
                        0x00154f     0x1  Data  Gb  ApiAtCmd.o [1]
BootProcess_PPPCFG_Flag_Zanshi
                        0x000010     0x1  Data  Gb  ApiAtCmd.o [1]
BootProcess_SIMST_Flag  0x00154e     0x1  Data  Gb  ApiAtCmd.o [1]
CFG_GetCurAdr           0x00d954   0x22c  Code  Gb  Config.o [1]
CHAR_HIGH               0x00a770    0x10  Data  Gb  ApiDisplay.o [1]
CHAR_TO_Digital         0x012421    0x67  Code  Gb  ApiAtCmd.o [1]
CHAR_WIDTH              0x00a780    0x10  Data  Gb  ApiDisplay.o [1]
CLK_ClockSwitchConfig   0x011a5c    0xa2  Code  Gb  stm8s_clk.o [1]
CLK_GetClockFreq        0x012729    0x58  Code  Gb  stm8s_clk.o [1]
CLK_HSIPrescalerConfig  0x01391a    0x13  Code  Gb  stm8s_clk.o [1]
CLK_IRQHandler          0x013b3d     0x1  Code  Gb  stm8s_it.o [1]
COMLHexArray2String     0x0124ec    0x64  Code  Lc  ApiGpsCmd.o [1]
COML_AscToHex           0x010fcf    0xfa  Code  Gb  CommonLib.o [1]
COML_HexToAsc2          0x011c2e    0x96  Code  Gb  CommonLib.o [1]
COML_StringReverse      0x012615    0x5e  Code  Gb  CommonLib.o [1]
CSQ_Flag                0x001551     0x1  Data  Gb  ApiAtCmd.o [1]
CSTACK$$Base            0x001700           --   Gb  - Linker created -
CSTACK$$Limit           0x001800           --   Gb  - Linker created -
C_TEST_OUT_SET          0x0139dc     0xd  Code  Gb  McuConfig.o [1]
CaretNotify_Queue       0x00a9b0    0x4d  Code  Lc  DrvGD83.o [1]
CaretNotify_Queue_Start
                        0x00ab43    0x56  Code  Lc  DrvGD83.o [1]
CharCode                0x001549     0x2  Data  Gb  ApiDisplay.o [1]
DEL_100msProcess        0x00dee9    0x54  Code  Lc  Delay.o [1]
DEL_10msProcess         0x00df3d    0x1d  Code  Lc  Delay.o [1]
DEL_1msProcess          0x00df5a     0xc  Code  Lc  Delay.o [1]
DEL_500msProcess        0x00dd91   0x158  Code  Lc  Delay.o [1]
DEL_500ms_Count         0x001575     0x1  Data  Gb  Delay.o [1]
DEL_500ms_Count2        0x001576     0x1  Data  Gb  Delay.o [1]
DEL_GetTimer            0x012886    0x55  Code  Gb  Delay.o [1]
DEL_Interrupt           0x0119b9    0xa3  Code  Gb  Delay.o [1]
DEL_PowerOnInitial      0x013680    0x21  Code  Gb  Delay.o [1]
DEL_Renew               0x00df66    0x10  Code  Gb  Delay.o [1]
DEL_SetTimer            0x012185    0x73  Code  Gb  Delay.o [1]
DEL_Soft1ms             0x01377a    0x1c  Code  Gb  Delay.o [1]
DEL_TimerRenew          0x0133bd    0x29  Code  Lc  Delay.o [1]
DISP_DataBuf            0x01161c    0xc8  Code  Lc  ApiDisplay.o [1]
DISP_MulTypePro         0x0116e4    0xc0  Code  Lc  ApiDisplay.o [1]
DISP_MulTypePro2        0x01146b    0xd9  Code  Lc  ApiDisplay.o [1]
Data_Date0              0x013adb     0x4  Code  Gb  ApiAtCmd.o [1]
Data_Date1              0x013adf     0x4  Code  Gb  ApiAtCmd.o [1]
Data_Date2              0x013ae3     0x4  Code  Gb  ApiAtCmd.o [1]
Data_Latitude_Minute    0x013acb     0x4  Code  Gb  ApiAtCmd.o [1]
Data_Latitude_Second    0x013a8b     0x7  Code  Gb  ApiAtCmd.o [1]
Data_Longitude_Minute   0x013ac7     0x4  Code  Gb  ApiAtCmd.o [1]
Data_Longitude_Second   0x013a84     0x7  Code  Gb  ApiAtCmd.o [1]
Data_Time0              0x013acf     0x4  Code  Gb  ApiAtCmd.o [1]
Data_Time1              0x013ad3     0x4  Code  Gb  ApiAtCmd.o [1]
Data_Time2              0x013ad7     0x4  Code  Gb  ApiAtCmd.o [1]
Dec2Hex                 0x012b10    0x4e  Code  Gb  CommonLib.o [1]
DefaultSystemClockForHSI
                        0x013703    0x1f  Code  Gb  sysclock.o [1]
DelDrvObj               0x001534     0xb  Data  Lc  Delay.o [1]
Delay_100ms             0x012efd    0x40  Code  Gb  Task.o [1]
DisDataBit              0x00149e    0x40  Data  Gb  ApiDisplay.o [1]
DisDataBuf              0x001185   0x200  Data  Gb  ApiDisplay.o [1]
DrvGD83DrvObj           0x000c49   0x318  Data  Lc  DrvGD83.o [1]
DrvGD83_UART_TxCommand  0x012018    0x80  Code  Gb  DrvGD83.o [1]
DrvMC8332_AtNotify_Queue_front
                        0x012ba8    0x4a  Code  Gb  DrvGD83.o [1]
DrvMC8332_CaretNotify_Queue_front
                        0x012b5e    0x4a  Code  Gb  DrvGD83.o [1]
DrvMC8332_GpsNotify_Queue_front
                        0x012c3c    0x4a  Code  Gb  DrvGD83.o [1]
DrvMC8332_PocNotify_Queue_front
                        0x012bf2    0x4a  Code  Gb  DrvGD83.o [1]
DrvMC8332_Software_Initial
                        0x012f7b    0x3d  Code  Gb  DrvGD83.o [1]
DrvMC8332_TxPort_SetValidable
                        0x01333b    0x2c  Code  Gb  DrvGD83.o [1]
DrvMC8332_UART_Interrupt
                        0x00ae08   0x3cb  Code  Gb  DrvGD83.o [1]
DrvMc8332_UART_TxTail   0x0111bc    0xeb  Code  Gb  DrvGD83.o [1]
EEPROM_EEC_IRQHandler   0x013b4e     0x1  Code  Gb  stm8s_it.o [1]
EXTI_PORTA_IRQHandler   0x013b3e     0x1  Code  Gb  stm8s_it.o [1]
EXTI_PORTB_IRQHandler   0x013b3f     0x1  Code  Gb  stm8s_it.o [1]
EXTI_PORTC_IRQHandler   0x013b40     0x1  Code  Gb  stm8s_it.o [1]
EXTI_PORTD_IRQHandler   0x013b41     0x1  Code  Gb  stm8s_it.o [1]
EXTI_PORTE_IRQHandler   0x013b42     0x1  Code  Gb  stm8s_it.o [1]
FILE_Read               0x012ccf    0x48  Code  Gb  Flash_eeprom.o [1]
FILE_Read2              0x012dee    0x45  Code  Gb  Flash_eeprom.o [1]
FILE_Write              0x012a72    0x4f  Code  Gb  Flash_eeprom.o [1]
FILE_Write2             0x0129d3    0x50  Code  Gb  Flash_eeprom.o [1]
FLASH_EraseOptionByte   0x01340f    0x28  Code  Gb  stm8s_flash.o [1]
FLASH_GetFlagStatus     0x0138cd    0x14  Code  Gb  stm8s_flash.o [1]
FLASH_Lock              0x013a99     0x7  Code  Gb  stm8s_flash.o [1]
FLASH_ProgramByte       0x013ab8     0x5  Code  Gb  stm8s_flash.o [1]
FLASH_ProgramOptionByte
                        0x013545    0x25  Code  Gb  stm8s_flash.o [1]
FLASH_ReadByte          0x013abd     0x5  Code  Gb  stm8s_flash.o [1]
FLASH_Unlock            0x0138a1    0x16  Code  Gb  stm8s_flash.o [1]
FLASH_WaitForLastOperation
                        0x013061    0x36  Code  Gb  stm8s_flash.o [1]
GB2312_16_GetData       0x00d4cc   0x251  Code  Gb  GT20L16P1Y.o [3]
GPIO_Init               0x01190a    0xaf  Code  Gb  stm8s_gpio.o [1]
GPIO_ReadInputPin       0x013a72     0x9  Code  Gb  stm8s_gpio.o [1]
GPIO_WriteHigh          0x013aa0     0x7  Code  Gb  stm8s_gpio.o [1]
GPIO_WriteLow           0x013b0b     0x4  Code  Gb  stm8s_gpio.o [1]
GeHuTest                0x013b39     0x1  Code  Lc  ApiKeyboard.o [1]
GetPersonalCallingMode  0x013a5d     0xb  Code  Gb  ApiPocCmd.o [1]
GetPointArrayData32     0x012d17    0x48  Code  Gb  GT20L16P1Y_D.o [1]
GetTaskId               0x013b1f     0x4  Code  Gb  System.o [1]
GpsCmd_GbAnalytical     0x00d025   0x255  Code  Lc  ApiGpsCmd.o [1]
GpsCmd_GbDataTransave   0x00c7f1   0x2e3  Code  Lc  ApiGpsCmd.o [1]
GpsCmd_GbWritCommand    0x00b7b9   0x2cc  Code  Lc  ApiGpsCmd.o [1]
GpsFunDrvObj            0x000f61   0x224  Data  Lc  ApiGpsCmd.o [1]
GpsNotify_Queue         0x00ad8b    0x7d  Code  Lc  DrvGD83.o [1]
GpsNotify_Queue_Start   0x00ab99    0x9a  Code  Lc  DrvGD83.o [1]
GroupCallingNum         0x000042     0x1  Data  Gb  ApiKeyboard.o [1]
HSE_ClockStartUpConfiguration
                        0x013097    0x36  Code  Lc  sysclock.o [1]
HSIDivFactor            0x00a99f     0x4  Data  Gb  stm8s_clk.o [1]
HexToChar_GroupCallingNum
                        0x0136e3    0x20  Code  Gb  ApiPocCmd.o [1]
HexToChar_MainGroupId   0x01365f    0x21  Code  Gb  ApiPocCmd.o [1]
HexToChar_MainUserId    0x0135fa    0x22  Code  Gb  ApiPocCmd.o [1]
HexToChar_PersonalCallingNum
                        0x01361c    0x22  Code  Gb  ApiPocCmd.o [1]
HtgDrvObj               0x00154b     0x2  Data  Lc  DrvHTG12832.o [1]
I2C_IRQHandler          0x013b4a     0x1  Code  Gb  stm8s_it.o [1]
INTVEC$$Base            0x008000           --   Gb  - Linker created -
INTVEC$$Limit           0x008080           --   Gb  - Linker created -
ITC_SetSoftwarePriority
                        0x010dcb   0x103  Code  Gb  stm8s_itc.o [1]
Ico_DataBuf             0x009b80   0x400  Data  Gb  ApiDisplay.o [1]
InputGBcode             0x009f80   0x1b0  Data  Gb  GT20L16P1Y_D.o [1]
InputUnicode            0x00a130   0x1b0  Data  Gb  GT20L16P1Y_D.o [1]
KEY_TABLE               0x00a9aa     0x3  Data  Lc  uart3.o [1]
KeyCount_PersonalCalling
                        0x001582     0x1  Data  Gb  Task.o [1]
KeyDownUpChoose_GroupOrUser_Flag
                        0x001552     0x1  Data  Gb  ApiAtCmd.o [1]
KeyPersonalCallingCount
                        0x001558     0x1  Data  Gb  ApiKeyboard.o [1]
KeyUpDownCount          0x001557     0x1  Data  Gb  ApiKeyboard.o [1]
Key_Flag_0              0x00157f     0x1  Data  Gb  Task.o [1]
Key_Flag_1              0x001559     0x1  Data  Gb  ApiKeyboard.o [1]
Key_Init                0x013103    0x34  Code  Gb  McuConfig.o [1]
Key_PersonalCalling_Flag
                        0x001580     0x1  Data  Gb  Task.o [1]
Keyboard_Test           0x00b1d3   0x5e6  Code  Gb  ApiKeyboard.o [1]
LED_Conut               0x001569     0x1  Data  Gb  ApiLED.o [1]
LED_Init                0x013486    0x27  Code  Gb  McuConfig.o [1]
LED_IntOutputRenew      0x012098    0x7a  Code  Gb  ApiLED.o [1]
LockingState_EnterOK_Flag
                        0x00155c     0x1  Data  Gb  ApiKeyboard.o [1]
LockingState_Flag       0x00157c     0x1  Data  Gb  Delay.o [1]
LowVoltageDetection     0x010ece   0x101  Code  Gb  ADC.o [1]
LowVoltageDetection_Flag
                        0x00154d     0x1  Data  Gb  ADC.o [1]
MIC_GPIO_Init           0x0139b5     0xd  Code  Gb  McuConfig.o [1]
MIC_IOMUT               0x0137e3    0x19  Code  Gb  McuConfig.o [1]
MenuDisplay             0x00e674   0x187  Code  Gb  ApiMenu.o [1]
MenuModeCount           0x000043     0x1  Data  Gb  ApiKeyboard.o [1]
MenuMode_Flag           0x00155a     0x1  Data  Gb  ApiKeyboard.o [1]
NetworkType_2Gor3G_Flag
                        0x000057     0x1  Data  Gb  Task.o [1]
NoUseNum                0x00157e     0x1  Data  Gb  Task.o [1]
Noise_Mute_Init         0x0139cf     0xd  Code  Gb  McuConfig.o [1]
Notify_Queue_Stop       0x00ac33   0x158  Code  Lc  DrvGD83.o [1]
NumberKeyboardPressDown_flag
                        0x00155b     0x1  Data  Gb  ApiKeyboard.o [1]
OneChannelGetADValue    0x01345f    0x27  Code  Lc  ADC.o [1]
PAS_NULLTBL             0x00a790    0x10  Data  Lc  uart3.o [1]
POC_AtEnterPersonalCalling_Flag
                        0x00156c     0x1  Data  Gb  ApiPocCmd.o [1]
POC_AtQuitPersonalCalling_Flag
                        0x00156d     0x1  Data  Gb  ApiPocCmd.o [1]
POC_EnterGroupCalling_Flag
                        0x00156e     0x1  Data  Gb  ApiPocCmd.o [1]
POC_EnterPersonalCalling_Flag
                        0x00156a     0x1  Data  Gb  ApiPocCmd.o [1]
POC_QuitGroupCalling_Flag
                        0x00156f     0x1  Data  Gb  ApiPocCmd.o [1]
POC_QuitPersonalCalling_Flag
                        0x00156b     0x1  Data  Gb  ApiPocCmd.o [1]
POC_Receive86_Flag      0x001574     0x1  Data  Gb  ApiPocCmd.o [1]
POC_ReceivedVoiceEnd_Flag
                        0x001573     0x1  Data  Gb  ApiPocCmd.o [1]
POC_ReceivedVoiceStart_Flag
                        0x001572     0x1  Data  Gb  ApiPocCmd.o [1]
POC_ReceivedVoice_Flag  0x001570     0x1  Data  Gb  ApiPocCmd.o [1]
POC_TABLE               0x00a9ad     0x3  Data  Lc  uart3.o [1]
PasObj                  0x001545     0x4  Data  Lc  uart3.o [1]
PersonalCallingNum      0x001556     0x1  Data  Gb  ApiKeyboard.o [1]
PocCmdDrvobj            0x000072   0xbd7  Data  Lc  ApiPocCmd.o [1]
PocNotify_Queue         0x00a9fd    0x4d  Code  Lc  DrvGD83.o [1]
PocNotify_Queue_Start   0x00aaed    0x56  Code  Lc  DrvGD83.o [1]
PositionInfoSendToATPORT_RedLed_Flag
                        0x001554     0x1  Data  Gb  ApiAtCmd.o [1]
PositionInformationSendToATPORT_Flag
                        0x001553     0x1  Data  Gb  ApiAtCmd.o [1]
ReadBuffer              0x00140a    0x50  Data  Gb  ApiPocCmd.o [1]
ReadByte                0x0127d9    0x57  Code  Gb  ApiDisplay.o [1]
Region$$Table$$Base     0x00a48a           --   Gb  - Linker created -
Region$$Table$$Limit    0x00a49e           --   Gb  - Linker created -
SPI_IRQHandler          0x013b43     0x1  Code  Gb  stm8s_it.o [1]
SendByte                0x011f0e    0x88  Code  Gb  ApiDisplay.o [1]
SetTaskId               0x013b23     0x4  Code  Gb  System.o [1]
Set_GreenLed            0x0137b1    0x19  Code  Gb  McuConfig.o [1]
Set_RedLed              0x0137ca    0x19  Code  Gb  McuConfig.o [1]
SystemClock_Init        0x013367    0x2b  Code  Gb  sysclock.o [1]
TASK_Ptt_StartPersonCalling_Flag
                        0x001581     0x1  Data  Gb  Task.o [1]
TASK_RunLoBattery       0x013392    0x2b  Code  Gb  Task.o [1]
TASK_WriteFreq          0x013b27     0x4  Code  Gb  Task.o [1]
TIM1_CAP_COM_IRQHandler
                        0x013b45     0x1  Code  Gb  stm8s_it.o [1]
TIM1_CCxCmd             0x012e77    0x43  Code  Gb  stm8s_tim1.o [1]
TIM1_Cmd                0x0139f6     0xd  Code  Gb  stm8s_tim1.o [1]
TIM1_CtrlPWMOutputs     0x013a03     0xd  Code  Gb  stm8s_tim1.o [1]
TIM1_DeInit             0x011afe    0x99  Code  Gb  stm8s_tim1.o [1]
TIM1_OC1Init            0x0125b4    0x61  Code  Gb  stm8s_tim1.o [1]
TIM1_OC1PreloadConfig   0x013a10     0xd  Code  Gb  stm8s_tim1.o [1]
TIM1_PWM_Init           0x012830    0x56  Code  Gb  Tone.o [1]
TIM1_TimeBaseInit       0x0135b4    0x24  Code  Gb  stm8s_tim1.o [1]
TIM1_UPD_OVF_TRG_BRK_IRQHandler
                        0x013b44     0x1  Code  Gb  stm8s_it.o [1]
TIM2_CAP_COM_IRQHandler
                        0x013b47     0x1  Code  Gb  stm8s_it.o [1]
TIM2_UPD_OVF_BRK_IRQHandler
                        0x013b46     0x1  Code  Gb  stm8s_it.o [1]
TIM3_ARRPreloadConfig   0x013a2a     0xd  Code  Gb  stm8s_tim3.o [1]
TIM3_CAP_COM_IRQHandler
                        0x013b48     0x1  Code  Gb  stm8s_it.o [1]
TIM3_ClearITPendingBit  0x013ac2     0x5  Code  Gb  stm8s_tim3.o [1]
TIM3_Cmd                0x013a1d     0xd  Code  Gb  stm8s_tim3.o [1]
TIM3_ITConfig           0x01392d    0x13  Code  Gb  stm8s_tim3.o [1]
TIM3_PrescalerConfig    0x013a7b     0x9  Code  Gb  stm8s_tim3.o [1]
TIM3_TimeBaseInit       0x013a51     0xc  Code  Gb  stm8s_tim3.o [1]
TIM3_UPD_OVF_BRK_IRQHandler
                        0x0136c2    0x21  Code  Gb  stm8s_it.o [1]
TIM4_UPD_OVF_IRQHandler
                        0x013b4d     0x1  Code  Gb  stm8s_it.o [1]
TLI_IRQHandler          0x013b3b     0x1  Code  Gb  stm8s_it.o [1]
TONE_PowerOnInitial     0x0123b6    0x6b  Code  Gb  Tone.o [1]
TONE_Start              0x013502    0x1d  Code  Gb  Tone.o [1]
TONE_Stop               0x0134f9     0x9  Code  Gb  Tone.o [1]
TRAP_IRQHandler         0x013b3a     0x1  Code  Gb  stm8s_it.o [1]
TaskDrvObj              0x0014de    0x14  Data  Lc  System.o [1]
Task_RunNormalOperation
                        0x00bc5f   0x487  Code  Gb  Task.o [1]
Task_RunStart           0x00df76   0x1dc  Code  Gb  Task.o [1]
Test1                   0x001555     0x1  Data  Gb  ApiGpsCmd.o [1]
TestNum1                0x00155d     0x1  Data  Gb  ApiKeyboard.o [1]
TestNum10               0x001566     0x1  Data  Gb  ApiKeyboard.o [1]
TestNum11               0x001567     0x1  Data  Gb  ApiKeyboard.o [1]
TestNum12               0x001568     0x1  Data  Gb  ApiKeyboard.o [1]
TestNum2                0x00155e     0x1  Data  Gb  ApiKeyboard.o [1]
TestNum3                0x00155f     0x1  Data  Gb  ApiKeyboard.o [1]
TestNum4                0x001560     0x1  Data  Gb  ApiKeyboard.o [1]
TestNum5                0x001561     0x1  Data  Gb  ApiKeyboard.o [1]
TestNum6                0x001562     0x1  Data  Gb  ApiKeyboard.o [1]
TestNum7                0x001563     0x1  Data  Gb  ApiKeyboard.o [1]
TestNum8                0x001564     0x1  Data  Gb  ApiKeyboard.o [1]
TestNum9                0x001565     0x1  Data  Gb  ApiKeyboard.o [1]
Tim3_Timer_Init         0x0133e6    0x29  Code  Gb  McuConfig.o [1]
TimeCount               0x001577     0x1  Data  Gb  Delay.o [1]
TimeCount2              0x001578     0x1  Data  Gb  Delay.o [1]
TimeCount3              0x001579     0x1  Data  Gb  Delay.o [1]
TimeCount_Light         0x00157a     0x1  Data  Gb  Delay.o [1]
ToneDrvObj              0x001504    0x12  Data  Lc  Tone.o [1]
ToneTimeCount           0x00157b     0x1  Data  Gb  Delay.o [1]
UART1_Cmd               0x013a37     0xd  Code  Gb  stm8s_uart1.o [1]
UART1_DeInit            0x01330e    0x2d  Code  Gb  stm8s_uart1.o [1]
UART1_GetFlagStatus     0x013137    0x32  Code  Gb  stm8s_uart1.o [1]
UART1_GetITStatus       0x011def    0x92  Code  Gb  stm8s_uart1.o [1]
UART1_ITConfig          0x012349    0x6d  Code  Gb  stm8s_uart1.o [1]
UART1_Init              0x010430   0x159  Code  Gb  stm8s_uart1.o [1]
UART1_RX_IRQHandler     0x0134d3    0x26  Code  Gb  stm8s_it.o [1]
UART1_ReceiveData8      0x013b0f     0x4  Code  Gb  stm8s_uart1.o [1]
UART1_SendData8         0x013b13     0x4  Code  Gb  stm8s_uart1.o [1]
UART1_TX_IRQHandler     0x013b49     0x1  Code  Gb  stm8s_it.o [1]
UART3_Cmd               0x013a44     0xd  Code  Gb  stm8s_uart3.o [1]
UART3_DeInit            0x01356a    0x25  Code  Gb  stm8s_uart3.o [1]
UART3_GetFlagStatus     0x012c86    0x49  Code  Gb  stm8s_uart3.o [1]
UART3_GetITStatus       0x0117a4    0xb6  Code  Gb  stm8s_uart3.o [1]
UART3_ITConfig          0x011e81    0x8d  Code  Gb  stm8s_uart3.o [1]
UART3_Init              0x010a7f   0x12a  Code  Gb  stm8s_uart3.o [1]
UART3_Interrupt         0x01385c    0x17  Code  Gb  uart3.o [1]
UART3_RX_IRQHandler     0x013796    0x1b  Code  Gb  stm8s_it.o [1]
UART3_ReceiveData8      0x013b17     0x4  Code  Gb  stm8s_uart3.o [1]
UART3_SendByte          0x013988    0x10  Code  Gb  uart3.o [1]
UART3_SendData8         0x013b1b     0x4  Code  Gb  stm8s_uart3.o [1]
UART3_TX_IRQHandler     0x013b4b     0x1  Code  Gb  stm8s_it.o [1]
UART3_ToMcuMain         0x012eba    0x43  Code  Gb  uart3.o [1]
UART_Delay              0x013964    0x12  Code  Lc  uart3.o [1]
UART_ErrorAck           0x012afa    0x16  Code  Lc  uart3.o [1]
UART_GetCheckSum        0x011d5a    0x2e  Code  Lc  uart3.o [1]
UART_KeyCommand         0x010cc2   0x109  Code  Lc  uart3.o [1]
UART_Link               0x011d88    0x67  Code  Lc  uart3.o [1]
UART_PasCommand         0x00e323   0x1b2  Code  Lc  uart3.o [1]
UART_PocCommand         0x01292f    0x52  Code  Lc  uart3.o [1]
UART_RightAck           0x0122db    0x6e  Code  Lc  uart3.o [1]
UART_RxFrame            0x012981    0x52  Code  Lc  uart3.o [1]
UART_TxSend             0x012ac1    0x39  Code  Lc  uart3.o [1]
UART_WriteCommand       0x0110c9    0xf3  Code  Lc  uart3.o [1]
UNICODE_16_GetData      0x00e7fb   0x185  Code  Gb  GT20L16P1Y.o [3]
Uart1_Init              0x0132b3    0x2e  Code  Gb  McuConfig.o [1]
Uart3_Init              0x012fb8    0x39  Code  Gb  uart3.o [1]
UartDrvObj              0x00145a    0x44  Data  Lc  uart3.o [1]
UnicodeForGbk_MainUserName
                        0x00eaf3   0x173  Code  Gb  ApiPocCmd.o [1]
UnicodeForGbk_MainUserNameBuf
                        0x001525     0xf  Data  Gb  ApiPocCmd.o [1]
UnicodeForGbk_MainWorkName
                        0x00e980   0x173  Code  Gb  ApiPocCmd.o [1]
UnicodeForGbk_MainWorkNameBuf
                        0x001516     0xf  Data  Gb  ApiPocCmd.o [1]
UnicodeGetPointArrayData32
                        0x012d5f    0x48  Code  Gb  GT20L16P1Y_D.o [1]
UnicodeValueSearch      0x0134ad    0x26  Code  Gb  GT20L16P1Y_D.o [1]
VOICE_1sProcess         0x013998     0xf  Code  Gb  Voice.o [1]
VOICE_Renew             0x01226a    0x71  Code  Gb  Voice.o [1]
VOICE_SetOutput         0x013169    0x31  Code  Gb  Voice.o [1]
ValueSearch             0x012673    0x5c  Code  Gb  GT20L16P1Y_D.o [1]
VerifyData              0x008080  0x1b00  Data  Gb  GT20L16P1Y_D.o [1]
VoiceDrvObj             0x00153f     0x6  Data  Lc  Voice.o [1]
WRITE_TABLE             0x00a9a3     0x4  Data  Lc  uart3.o [1]
WW_GetData              0x00cad4   0x2cd  Code  Gb  GT20L16P1Y.o [3]
WriteEEPROMByte         0x012f3d    0x3e  Code  Gb  Flash_eeprom.o [1]
__DebugBreak            0x013b4f     0x1  Code  Gb  __dbg_break.o [4]
__exit                  0x0138b7    0x16  Code  Gb  __dbg_xxexit.o [4]
__iar_copy_init2        0x013437          Code  Gb  init_small.o [5]
__iar_data_init2        0x013722    0x1e  Code  Gb  init.o [5]
__iar_program_start     0x013873          Code  Gb  cstartup.o [5]
__iar_unhandled_exception
                        0x013b36          Code  Gb  unhandled_exception.o [5]
__iar_zero_init2        0x013740          Code  Gb  init_small.o [5]
__intvec                0x008000          Data  Gb  interrupt.o [5]
__low_level_init        0x013b33     0x3  Code  Gb  low_level_init.o [5]
_exit                   0x013aad          Code  Gb  cexit.o [5]
_interrupt_1            0x013b3a          Code  Gb  stm8s_it.o [1]
_interrupt_12           0x013b43          Code  Gb  stm8s_it.o [1]
_interrupt_13           0x013b44          Code  Gb  stm8s_it.o [1]
_interrupt_14           0x013b45          Code  Gb  stm8s_it.o [1]
_interrupt_15           0x013b46          Code  Gb  stm8s_it.o [1]
_interrupt_16           0x013b47          Code  Gb  stm8s_it.o [1]
_interrupt_17           0x0136c2          Code  Gb  stm8s_it.o [1]
_interrupt_18           0x013b48          Code  Gb  stm8s_it.o [1]
_interrupt_19           0x013b49          Code  Gb  stm8s_it.o [1]
_interrupt_2            0x013b3b          Code  Gb  stm8s_it.o [1]
_interrupt_20           0x0134d3          Code  Gb  stm8s_it.o [1]
_interrupt_21           0x013b4a          Code  Gb  stm8s_it.o [1]
_interrupt_22           0x013b4b          Code  Gb  stm8s_it.o [1]
_interrupt_23           0x013796          Code  Gb  stm8s_it.o [1]
_interrupt_24           0x013b4c          Code  Gb  stm8s_it.o [1]
_interrupt_25           0x013b4d          Code  Gb  stm8s_it.o [1]
_interrupt_26           0x013b4e          Code  Gb  stm8s_it.o [1]
_interrupt_3            0x013b3c          Code  Gb  stm8s_it.o [1]
_interrupt_4            0x013b3d          Code  Gb  stm8s_it.o [1]
_interrupt_5            0x013b3e          Code  Gb  stm8s_it.o [1]
_interrupt_6            0x013b3f          Code  Gb  stm8s_it.o [1]
_interrupt_7            0x013b40          Code  Gb  stm8s_it.o [1]
_interrupt_8            0x013b41          Code  Gb  stm8s_it.o [1]
_interrupt_9            0x013b42          Code  Gb  stm8s_it.o [1]
api_diap_ico_pos_get    0x0126cf    0x5a  Code  Gb  ApiDisplay.o [1]
api_disp_all_screen_refresh
                        0x012a23    0x4f  Code  Gb  ApiDisplay.o [1]
api_disp_char_output    0x01382e    0x17  Code  Gb  ApiDisplay.o [1]
api_disp_char_output2   0x013845    0x17  Code  Gb  ApiDisplay.o [1]
api_disp_ico_output     0x01185a    0xb0  Code  Gb  ApiDisplay.o [1]
api_disp_icoid_output   0x011b97    0x97  Code  Gb  ApiDisplay.o [1]
api_lcd_pwr_on_hint     0x013257    0x2e  Code  Gb  ApiDisplay.o [1]
api_lcd_pwr_on_hint2    0x0131ca    0x2f  Code  Gb  ApiDisplay.o [1]
api_lcd_pwr_on_hint3    0x0132e1    0x2d  Code  Gb  ApiDisplay.o [1]
api_lcd_pwr_on_hint4    0x0131f9    0x2f  Code  Gb  ApiDisplay.o [1]
api_lcd_pwr_on_hint5    0x013285    0x2e  Code  Gb  ApiDisplay.o [1]
api_poc_command_set     0x01138c    0xdf  Code  Gb  uart3.o [1]
drv_gt20_data_output    0x01094b   0x134  Code  Gb  DrvGT20L16S1Y.o [1]
drv_gt20_data_output2   0x010810   0x13b  Code  Gb  DrvGT20L16S1Y.o [1]
drv_gt20_pwr_on_init    0x01305d     0x4  Code  Gb  DrvGT20L16S1Y.o [1]
drv_htg_clr_allscr      0x00d3b3    0x35  Code  Gb  DrvHTG12832.o [1]
drv_htg_pwr_on_init     0x00d4c0     0xc  Code  Gb  DrvHTG12832.o [1]
drv_htg_reset           0x00d27a     0x5  Code  Gb  DrvHTG12832.o [1]
drv_htg_set_address     0x00d2f9    0x40  Code  Gb  DrvHTG12832.o [1]
drv_htg_write_command   0x00d27f    0x7a  Code  Gb  DrvHTG12832.o [1]
drv_htg_write_data      0x00d339    0x7a  Code  Gb  DrvHTG12832.o [1]
drv_keypad_scan         0x00db80   0x211  Code  Gb  DrvKeyboard.o [1]
exit                    0x013b2f     0x4  Code  Gb  exit.o [5]
find_zf_tab             0x012da7    0x47  Code  Gb  GT20L16P1Y.o [3]
get_key_value           0x0112a7    0xe5  Code  Gb  ApiKeyboard.o [1]
htg_delay_ms            0x00d3e8    0x1e  Code  Lc  DrvHTG12832.o [1]
htg_initial             0x00d406    0x6c  Code  Lc  DrvHTG12832.o [1]
key_scan_board          0x0106d1   0x13f  Code  Gb  DrvKeyboard.o [1]
main                    0x013b07     0x4  Code  Gb  main.o [1]
main_app                0x00ec66   0x16d  Code  Gb  System.o [1]
mcu_gt20_initial        0x013029    0x34  Code  Lc  DrvGT20L16S1Y.o [1]
mcu_key_pad_out         0x011cc4    0x96  Code  Gb  DrvKeyboard.o [1]
mcu_key_pad_read        0x0121f8    0x72  Code  Gb  DrvKeyboard.o [1]
mcu_key_pad_set         0x010589   0x148  Code  Gb  DrvKeyboard.o [1]
mcu_lcd_initial         0x00d472    0x4e  Code  Lc  DrvHTG12832.o [1]
memcmp                  0x0130cd    0x36  Code  Gb  memcmp.o [5]
memcpy                  0x01351f    0x26  Code  Gb  memcpy.o [5]
memset                  0x01388a    0x17  Code  Gb  memset.o [5]
pack_data               0x010168   0x165  Code  Lc  ApiGpsCmd.o [1]
r_dat_bat               0x012488    0x64  Code  Gb  ApiDisplay.o [1]
strlen                  0x013976    0x12  Code  Gb  strlen.o [5]
ucAtPocHead             0x000044     0x2  Data  Gb  ApiPocCmd.o [1]
ucCDMATIME              0x00001d     0x2  Data  Gb  ApiAtCmd.o [1]
ucCLVL                  0x00005e     0x2  Data  Gb  Task.o [1]
ucCODECCTL              0x000062     0x2  Data  Gb  Task.o [1]
ucCSQ                   0x00006a     0x2  Data  Gb  Task.o [1]
ucCaretPPPCFG           0x000023     0x2  Data  Gb  ApiAtCmd.o [1]
ucCheckCard             0x000039     0x2  Data  Gb  ApiAtCmd.o [1]
ucCheckPPP              0x000031     0x2  Data  Gb  ApiAtCmd.o [1]
ucCheckRssi             0x000037     0x2  Data  Gb  ApiAtCmd.o [1]
ucCheckTcp              0x000027     0x2  Data  Gb  ApiAtCmd.o [1]
ucEndPTT                0x00005a     0x2  Data  Gb  Task.o [1]
ucGD83Reset             0x000050     0x2  Data  Gb  System.o [1]
ucGPSSendToAtPort       0x000052     0x2  Data  Gb  System.o [1]
ucGPSUploadTime_5s      0x000054     0x2  Data  Gb  System.o [1]
ucGpsPosition           0x00001b     0x2  Data  Gb  ApiAtCmd.o [1]
ucOSSYSHWID             0x000064     0x2  Data  Gb  Task.o [1]
ucPPPCFG                0x00006c     0x2  Data  Gb  Task.o [1]
ucPlayZtts              0x000025     0x2  Data  Gb  ApiAtCmd.o [1]
ucPocOpenConfig         0x000070     0x2  Data  Gb  Task.o [1]
ucPrefmode2             0x000066     0x2  Data  Gb  Task.o [1]
ucPrefmode4             0x000068     0x2  Data  Gb  Task.o [1]
ucQuitPersonalCalling   0x000040     0x2  Data  Gb  ApiKeyboard.o [1]
ucRequestUserListInfo   0x00005c     0x2  Data  Gb  Task.o [1]
ucRxCSQ31               0x000017     0x2  Data  Gb  ApiAtCmd.o [1]
ucRxCSQ99               0x000019     0x2  Data  Gb  ApiAtCmd.o [1]
ucRxCheckCard           0x000011     0x2  Data  Gb  ApiAtCmd.o [1]
ucRxCheckPppClose       0x000035     0x2  Data  Gb  ApiAtCmd.o [1]
ucRxCheckPppOpen        0x000033     0x2  Data  Gb  ApiAtCmd.o [1]
ucRxCheckTcp            0x00002d     0x2  Data  Gb  ApiAtCmd.o [1]
ucRxOkHeadInfo          0x00004c     0x2  Data  Gb  DrvGD83.o [1]
ucRxPASTATE0            0x000015     0x2  Data  Gb  ApiAtCmd.o [1]
ucRxPASTATE1            0x000013     0x2  Data  Gb  ApiAtCmd.o [1]
ucRxPocHeadInfo         0x00004a     0x2  Data  Gb  DrvGD83.o [1]
ucRxTcpDataHeadInfo     0x00004e     0x2  Data  Gb  DrvGD83.o [1]
ucSIMST1                0x00001f     0x2  Data  Gb  ApiAtCmd.o [1]
ucSIMST255              0x000021     0x2  Data  Gb  ApiAtCmd.o [1]
ucSendTcp               0x00002b     0x2  Data  Gb  ApiAtCmd.o [1]
ucSetIPAndID            0x000046     0x2  Data  Gb  ApiPocCmd.o [1]
ucSetIp                 0x000029     0x2  Data  Gb  ApiAtCmd.o [1]
ucStartPTT              0x000058     0x2  Data  Gb  Task.o [1]
ucTxPocHeadInfo         0x000048     0x2  Data  Gb  DrvGD83.o [1]
ucVGR                   0x000060     0x2  Data  Gb  Task.o [1]
ucVGR1                  0x00003c     0x2  Data  Gb  ApiKeyboard.o [1]
ucVGR7                  0x00003e     0x2  Data  Gb  ApiKeyboard.o [1]
ucZTTS_Abell            0x00006e     0x2  Data  Gb  Task.o [1]
ucZpppOpen              0x00002f     0x2  Data  Gb  ApiAtCmd.o [1]


[1] = E:\1-source\A508\PRJ\Debug\Obj
[2] = command line
[3] = GT20L16_STM8_DOUBLE_MEDIUM_IAR.a
[4] = dbgstm8mmd.a
[5] = dlstm8mmn.a

  32 990 bytes of readonly  code memory
  10 672 bytes of readonly  data memory
   5 763 bytes of readwrite data memory

Errors: none
Warnings: none
