###############################################################################
#
# IAR ELF Linker V2.20.1.176 for STM8                     13/Nov/2017  18:47:06
# Copyright 2010-2015 IAR Systems AB.
#
#    Output file  =  E:\1-source\A508\PRJ\Debug\Exe\A508_DEMO1.out
#    Map file     =  E:\1-source\A508\PRJ\Debug\List\A508_DEMO1.map
#    Command line =  
#        E:\1-source\A508\PRJ\Debug\Obj\ApiAtCmd.o
#        E:\1-source\A508\PRJ\Debug\Obj\ApiDisplay.o
#        E:\1-source\A508\PRJ\Debug\Obj\ApiKeyboard.o
#        E:\1-source\A508\PRJ\Debug\Obj\ApiPocCmd.o
#        E:\1-source\A508\PRJ\Debug\Obj\CommonLib.o
#        E:\1-source\A508\PRJ\Debug\Obj\Delay.o
#        E:\1-source\A508\PRJ\Debug\Obj\DrvGD83.o
#        E:\1-source\A508\PRJ\Debug\Obj\DrvGT20L16S1Y.o
#        E:\1-source\A508\PRJ\Debug\Obj\DrvHTG12832.o
#        E:\1-source\A508\PRJ\Debug\Obj\DrvKeyboard.o
#        E:\1-source\A508\PRJ\Debug\Obj\main.o
#        E:\1-source\A508\PRJ\Debug\Obj\McuConfig.o
#        E:\1-source\A508\PRJ\Debug\Obj\stm8s_adc2.o
#        E:\1-source\A508\PRJ\Debug\Obj\stm8s_awu.o
#        E:\1-source\A508\PRJ\Debug\Obj\stm8s_beep.o
#        E:\1-source\A508\PRJ\Debug\Obj\stm8s_clk.o
#        E:\1-source\A508\PRJ\Debug\Obj\stm8s_exti.o
#        E:\1-source\A508\PRJ\Debug\Obj\stm8s_flash.o
#        E:\1-source\A508\PRJ\Debug\Obj\stm8s_gpio.o
#        E:\1-source\A508\PRJ\Debug\Obj\stm8s_i2c.o
#        E:\1-source\A508\PRJ\Debug\Obj\stm8s_it.o
#        E:\1-source\A508\PRJ\Debug\Obj\stm8s_itc.o
#        E:\1-source\A508\PRJ\Debug\Obj\stm8s_iwdg.o
#        E:\1-source\A508\PRJ\Debug\Obj\stm8s_rst.o
#        E:\1-source\A508\PRJ\Debug\Obj\stm8s_spi.o
#        E:\1-source\A508\PRJ\Debug\Obj\stm8s_tim1.o
#        E:\1-source\A508\PRJ\Debug\Obj\stm8s_tim2.o
#        E:\1-source\A508\PRJ\Debug\Obj\stm8s_tim3.o
#        E:\1-source\A508\PRJ\Debug\Obj\stm8s_tim4.o
#        E:\1-source\A508\PRJ\Debug\Obj\stm8s_uart1.o
#        E:\1-source\A508\PRJ\Debug\Obj\stm8s_uart3.o
#        E:\1-source\A508\PRJ\Debug\Obj\stm8s_wwdg.o
#        E:\1-source\A508\PRJ\Debug\Obj\sysclock.o
#        E:\1-source\A508\PRJ\Debug\Obj\System.o --redirect
#        _Printf=_PrintfSmall --redirect _Scanf=_ScanfSmall -o
#        E:\1-source\A508\PRJ\Debug\Exe\A508_DEMO1.out --map
#        E:\1-source\A508\PRJ\Debug\List\A508_DEMO1.map --config "C:\Program
#        Files\IAR Systems\Embedded Workbench
#        7.3\stm8\config\lnkstm8s007c8.icf" --config_def _CSTACK_SIZE=0x100
#        --config_def _HEAP_SIZE=0x100 --entry __iar_program_start --debug_lib
#
###############################################################################

*******************************************************************************
*** RUNTIME MODEL ATTRIBUTES
***

__SystemLibrary            = DLib
__code_model               = small
__core                     = stm8
__data_model               = medium
__dlib_file_descriptor     = 0
__dlib_full_locale_support = 0
__rt_version               = 4


*******************************************************************************
*** PLACEMENT SUMMARY
***

"A1":  place at start of [0x000000-0x0000ff] { rw section .vregs };
"A2":  place at end of [0x000000-0x0017ff] { block CSTACK };
"P2":  place in [from 0x000000 to 0x0017ff] {
          block HEAP, rw section __DLIB_PERTHREAD, rw section .far.bss,
          rw section .far.data, rw section .far.noinit,
          rw section .far_func.textrw, rw section .huge.bss,
          rw section .huge.data, rw section .huge.noinit,
          rw section .huge_func.textrw, rw section .iar.dynexit,
          rw section .near.bss, rw section .near.data, rw section .near.noinit,
          rw section .near_func.textrw };
"A3":  place at start of [0x008000-0x00ffff] { block INTVEC };
"P3":  place in [from 0x008000 to 0x00ffff] {
          ro section __DLIB_PERTHREAD_init, ro section .far.data_init,
          ro section .far_func.textrw_init, ro section .huge.data_init,
          ro section .huge_func.textrw_init, ro section .iar.init_table,
          ro section .init_array, ro section .near.data_init,
          ro section .near.rodata, ro section .near_func.text,
          ro section .near_func.textrw_init, ro section .tiny.data_init,
          ro section .tiny.rodata_init };

  Section            Kind      Address    Size  Object
  -------            ----      -------    ----  ------
"A1":                                     0x10
  .vregs             uninit   0x000000    0x10  vregs.o [4]
                            - 0x000010    0x10

"P2", part 1 of 2:                        0x32
  P2-1                        0x000010    0x32  <Init block>
    .near.data       inited   0x000010     0x2  ApiPocCmd.o [1]
    .near.data       inited   0x000012     0x2  DrvGD83.o [1]
    .near.data       inited   0x000014     0x2  DrvGD83.o [1]
    .near.data       inited   0x000016     0x2  DrvGD83.o [1]
    .near.data       inited   0x000018     0x8  DrvGT20L16S1Y.o [1]
    .near.data       inited   0x000020    0x20  DrvGT20L16S1Y.o [1]
    .near.data       inited   0x000040     0x2  System.o [1]
                            - 0x000042    0x32

"P2", part 2 of 2:                       0x490
  .near.bss          zero     0x000042   0x20c  DrvGD83.o [1]
  .near.bss          zero     0x00024e   0x200  ApiDisplay.o [1]
  .near.bss          zero     0x00044e    0x40  ApiDisplay.o [1]
  .near.bss          zero     0x00048e    0x32  DrvGD83.o [1]
  .near.bss          zero     0x0004c0     0xb  Delay.o [1]
  .near.bss          zero     0x0004cb     0x4  ApiDisplay.o [1]
  .near.bss          zero     0x0004cf     0x2  DrvHTG12832.o [1]
  .near.bss          zero     0x0004d1     0x1  DrvGD83.o [1]
                            - 0x0004d2   0x490

"A2":                                    0x100
  CSTACK                      0x001700   0x100  <Block>
    CSTACK           uninit   0x001700   0x100  <Block tail>
                            - 0x001800   0x100

"A3":                                     0x80
  INTVEC                      0x008000    0x80  <Block>
    .intvec          const    0x008000    0x80  interrupt.o [4]
                            - 0x008080    0x80

"P3":                                   0x1d48
  .near_func.text    ro code  0x008080   0x4c8  DrvGD83.o [1]
  .near_func.text    ro code  0x008548   0x219  DrvHTG12832.o [1]
  .near_func.text    ro code  0x008761   0x19a  DrvGT20L16S1Y.o [1]
  .near_func.text    ro code  0x0088fb   0x177  long.o [4]
  .near_func.text    ro code  0x008a72   0x134  stm8s_uart1.o [1]
  .near_func.text    ro code  0x008ba6   0x11e  vreg_util.o [4]
  .near_func.text    ro code  0x008cc4   0x101  stm8s_itc.o [1]
  .near_func.text    ro code  0x008dc5    0xe1  DrvGD83.o [1]
  .near_func.text    ro code  0x008ea6    0xdf  ApiDisplay.o [1]
  .near_func.text    ro code  0x008f85    0xbb  ApiPocCmd.o [1]
  .near_func.text    ro code  0x009040    0xb2  ApiDisplay.o [1]
  .near_func.text    ro code  0x0090f2    0xaf  stm8s_gpio.o [1]
  .near_func.text    ro code  0x0091a1    0xa2  Delay.o [1]
  .near_func.text    ro code  0x009243    0xa2  stm8s_clk.o [1]
  .near_func.text    ro code  0x0092e5    0x90  stm8s_uart1.o [1]
  .near_func.text    ro code  0x009375    0x7a  DrvGD83.o [1]
  .near_func.text    ro code  0x0093ef    0x78  System.o [1]
  .near_func.text    ro code  0x009467    0x6c  stm8s_uart1.o [1]
  .near_func.text    ro code  0x0094d3    0x5f  DrvGT20L16S1Y.o [1]
  .near_func.text    ro code  0x009532    0x5a  DrvGT20L16S1Y.o [1]
  .near_func.text    ro code  0x00958c    0x57  stm8s_clk.o [1]
  .near_func.text    ro code  0x0095e3    0x4c  DrvGD83.o [1]
  .near_func.text    ro code  0x00962f    0x4c  DrvGT20L16S1Y.o [1]
  .near_func.text    ro code  0x00967b    0x4a  ApiDisplay.o [1]
  .near_func.text    ro code  0x0096c5    0x47  long_util.o [4]
  .near_func.text    ro code  0x00970c    0x36  DrvGT20L16S1Y.o [1]
  .near_func.text    ro code  0x009742    0x36  stm8s_flash.o [1]
  .near_func.text    ro code  0x009778    0x33  ApiDisplay.o [1]
  .near_func.text    ro code  0x0097ab    0x33  DrvGT20L16S1Y.o [1]
  .near_func.text    ro code  0x0097de    0x32  stm8s_uart1.o [1]
  Initializer bytes  const    0x009810    0x32  <for P2-1>
  .near_func.text    ro code  0x009842    0x30  McuConfig.o [1]
  .near_func.text    ro code  0x009872    0x30  sysclock.o [1]
  .near_func.text    ro code  0x0098a2    0x2d  stm8s_uart1.o [1]
  .near_func.text    ro code  0x0098cf    0x2c  DrvGD83.o [1]
  .near_func.text    ro code  0x0098fb    0x2b  short.o [4]
  .near_func.text    ro code  0x009926    0x2a  McuConfig.o [1]
  .near_func.text    ro code  0x009950    0x28  Delay.o [1]
  .near_func.text    ro code  0x009978    0x28  init_small.o [4]
  .near_func.text    ro code  0x0099a0    0x27  stm8s_flash.o [1]
  .near_func.text    ro code  0x0099c7    0x27  sysclock.o [1]
  .near_func.text    ro code  0x0099ee    0x25  dc_util.o [4]
  .near_func.text    ro code  0x009a13    0x24  McuConfig.o [1]
  .near_func.text    ro code  0x009a37    0x24  stm8s_flash.o [1]
  .iar.init_table    const    0x009a5b    0x12  - Linker created -
  .near_func.text    ro code  0x009a6d    0x20  stm8s_it.o [1]
  .near_func.text    ro code  0x009a8d    0x1f  Delay.o [1]
  .near_func.text    ro code  0x009aac    0x1f  move.o [4]
  .near_func.text    ro code  0x009acb    0x1e  init_small.o [4]
  .near_func.text    ro code  0x009ae9    0x1c  Delay.o [1]
  .near_func.text    ro code  0x009b05    0x1b  stm8s_it.o [1]
  .near_func.text    ro code  0x009b20    0x1b  sysclock.o [1]
  .near_func.text    ro code  0x009b3b    0x18  McuConfig.o [1]
  .near_func.text    ro code  0x009b53    0x18  McuConfig.o [1]
  .near_func.text    ro code  0x009b6b    0x18  McuConfig.o [1]
  .near_func.text    ro code  0x009b83    0x17  McuConfig.o [1]
  .near_func.text    ro code  0x009b9a    0x17  McuConfig.o [1]
  .near_func.text    ro code  0x009bb1    0x17  McuConfig.o [1]
  .near_func.text    ro code  0x009bc8    0x17  McuConfig.o [1]
  .near_func.text    ro code  0x009bdf    0x17  McuConfig.o [1]
  .near_func.text    ro code  0x009bf6    0x17  init.o [4]
  .near_func.text    ro code  0x009c0d    0x16  stm8s_flash.o [1]
  .near_func.text    ro code  0x009c23    0x15  ApiDisplay.o [1]
  .near_func.text    ro code  0x009c38    0x14  DrvGT20L16S1Y.o [1]
  .near_func.text    ro code  0x009c4c    0x14  __dbg_xxexit.o [3]
  .near_func.text    ro code  0x009c60    0x13  stm8s_clk.o [1]
  .near_func.text    ro code  0x009c73    0x13  stm8s_tim3.o [1]
  .near_func.text    ro code  0x009c86    0x13  cstartup.o [4]
  .near_func.text    ro code  0x009c99    0x12  strlen.o [4]
  .near.rodata       const    0x009cab    0x10  ApiDisplay.o [1]
  .near.rodata       const    0x009cbb    0x10  ApiDisplay.o [1]
  .near_func.text    ro code  0x009ccb     0xd  stm8s_tim3.o [1]
  .near_func.text    ro code  0x009cd8     0xd  stm8s_tim3.o [1]
  .near_func.text    ro code  0x009ce5     0xd  stm8s_uart1.o [1]
  .near_func.text    ro code  0x009cf2     0xc  McuConfig.o [1]
  .near_func.text    ro code  0x009cfe     0xc  McuConfig.o [1]
  .near_func.text    ro code  0x009d0a     0xc  McuConfig.o [1]
  .near_func.text    ro code  0x009d16     0xc  McuConfig.o [1]
  .near_func.text    ro code  0x009d22     0xc  stm8s_tim3.o [1]
  .near.rodata       const    0x009d2e     0xb  System.o [1]
  .near.rodata       const    0x009d39     0x9  DrvGD83.o [1]
  .near_func.text    ro code  0x009d42     0x9  stm8s_gpio.o [1]
  .near_func.text    ro code  0x009d4b     0x9  stm8s_tim3.o [1]
  .near.rodata       const    0x009d54     0x8  ApiDisplay.o [1]
  .near.rodata       const    0x009d5c     0x8  ApiPocCmd.o [1]
  .near.rodata       const    0x009d64     0x8  System.o [1]
  .near_func.text    ro code  0x009d6c     0x7  stm8s_flash.o [1]
  .near_func.text    ro code  0x009d73     0x7  stm8s_gpio.o [1]
  .near.rodata       const    0x009d7a     0x6  DrvGD83.o [1]
  .near_func.text    ro code  0x009d80     0x5  stm8s_tim3.o [1]
  .near_func.text    ro code  0x009d85     0x5  char.o [4]
  .near_func.text    ro code  0x009d8a     0x5  cexit.o [4]
  .near.rodata       const    0x009d8f     0x4  stm8s_clk.o [1]
  .near_func.text    ro code  0x009d93     0x4  stm8s_gpio.o [1]
  .near_func.text    ro code  0x009d97     0x4  stm8s_uart1.o [1]
  .near_func.text    ro code  0x009d9b     0x4  stm8s_uart1.o [1]
  .near.rodata       const    0x009d9f     0x3  DrvGD83.o [1]
  .near_func.text    ro code  0x009da2     0x3  main.o [1]
  .near_func.text    ro code  0x009da5     0x3  interrupt.o [4]
  .near_func.text    ro code  0x009da8     0x3  low_level_init.o [4]
  .near_func.text    ro code  0x009dab     0x3  exit.o [4]
  .near_func.text    ro code  0x009dae     0x3  unhandled_exception.o [4]
  .near_func.text    ro code  0x009db1     0x1  stm8s_it.o [1]
  .near_func.text    ro code  0x009db2     0x1  stm8s_it.o [1]
  .near_func.text    ro code  0x009db3     0x1  stm8s_it.o [1]
  .near_func.text    ro code  0x009db4     0x1  stm8s_it.o [1]
  .near_func.text    ro code  0x009db5     0x1  stm8s_it.o [1]
  .near_func.text    ro code  0x009db6     0x1  stm8s_it.o [1]
  .near_func.text    ro code  0x009db7     0x1  stm8s_it.o [1]
  .near_func.text    ro code  0x009db8     0x1  stm8s_it.o [1]
  .near_func.text    ro code  0x009db9     0x1  stm8s_it.o [1]
  .near_func.text    ro code  0x009dba     0x1  stm8s_it.o [1]
  .near_func.text    ro code  0x009dbb     0x1  stm8s_it.o [1]
  .near_func.text    ro code  0x009dbc     0x1  stm8s_it.o [1]
  .near_func.text    ro code  0x009dbd     0x1  stm8s_it.o [1]
  .near_func.text    ro code  0x009dbe     0x1  stm8s_it.o [1]
  .near_func.text    ro code  0x009dbf     0x1  stm8s_it.o [1]
  .near_func.text    ro code  0x009dc0     0x1  stm8s_it.o [1]
  .near_func.text    ro code  0x009dc1     0x1  stm8s_it.o [1]
  .near_func.text    ro code  0x009dc2     0x1  stm8s_it.o [1]
  .near_func.text    ro code  0x009dc3     0x1  stm8s_it.o [1]
  .near_func.text    ro code  0x009dc4     0x1  stm8s_it.o [1]
  .near_func.text    ro code  0x009dc5     0x1  stm8s_it.o [1]
  .near_func.text    ro code  0x009dc6     0x1  stm8s_it.o [1]
  .near_func.text    ro code  0x009dc7     0x1  __dbg_break.o [3]
                            - 0x009dc8  0x1d48


*******************************************************************************
*** INIT TABLE
***

          Address   Size
          -------   ----
Zero (__iar_zero_init2)
    1 destination range, total size 0x490:
          0x000042  0x490

Copy (__iar_copy_init2)
    1 source range, total size 0x32:
          0x009810   0x32
    1 destination range, total size 0x32:
          0x000010   0x32



*******************************************************************************
*** MODULE SUMMARY
***

    Module                 ro code  ro data  rw data
    ------                 -------  -------  -------
E:\1-source\A508\PRJ\Debug\Obj: [1]
    ApiDisplay.o               547       40      580
    ApiPocCmd.o                187       10        2
    Delay.o                    261                11
    DrvGD83.o                1 691       24      581
    DrvGT20L16S1Y.o            796       40       40
    DrvHTG12832.o              537                 2
    McuConfig.o                361
    System.o                   120       21        2
    main.o                       3
    stm8s_clk.o                268        4
    stm8s_flash.o              158
    stm8s_gpio.o               195
    stm8s_it.o                  81
    stm8s_itc.o                257
    stm8s_tim3.o                71
    stm8s_uart1.o              676
    sysclock.o                 114
    ------------------------------------------------
    Total:                   6 323      139    1 218

command line: [2]
    ------------------------------------------------
    Total:

dbgstm8smd.a: [3]
    __dbg_break.o                1
    __dbg_xxexit.o              20
    ------------------------------------------------
    Total:                      21

dlstm8smn.a: [4]
    cexit.o                      5
    char.o                       5
    cstartup.o                  19
    dc_util.o                   37
    exit.o                       3
    init.o                      23
    init_small.o                70
    interrupt.o                  3      128
    long.o                     375
    long_util.o                 71
    low_level_init.o             3
    move.o                      31
    short.o                     43
    strlen.o                    18
    unhandled_exception.o        3
    vreg_util.o                286
    vregs.o                                       16
    ------------------------------------------------
    Total:                     995      128       16

    Linker created                       18      256
----------------------------------------------------
    Grand Total:             7 339      285    1 490


*******************************************************************************
*** ENTRY LIST
***

Entry                    Address   Size  Type      Object
-----                    -------   ----  ----      ------
.iar.init_table$$Base   0x009a5b          --   Gb  - Linker created -
.iar.init_table$$Limit  0x009a6d          --   Gb  - Linker created -
?add32_l0_l0_0x         0x0088fb         Code  Gb  long.o [4]
?b0                     0x000000         Data  Gb  vregs.o [4]
?b1                     0x000001         Data  Gb  vregs.o [4]
?b10                    0x00000a         Data  Gb  vregs.o [4]
?b11                    0x00000b         Data  Gb  vregs.o [4]
?b12                    0x00000c         Data  Gb  vregs.o [4]
?b13                    0x00000d         Data  Gb  vregs.o [4]
?b14                    0x00000e         Data  Gb  vregs.o [4]
?b15                    0x00000f         Data  Gb  vregs.o [4]
?b2                     0x000002         Data  Gb  vregs.o [4]
?b3                     0x000003         Data  Gb  vregs.o [4]
?b4                     0x000004         Data  Gb  vregs.o [4]
?b5                     0x000005         Data  Gb  vregs.o [4]
?b6                     0x000006         Data  Gb  vregs.o [4]
?b7                     0x000007         Data  Gb  vregs.o [4]
?b8                     0x000008         Data  Gb  vregs.o [4]
?b9                     0x000009         Data  Gb  vregs.o [4]
?dc32_l0                0x0099ee         Code  Gb  dc_util.o [4]
?dc32_l1                0x0099fb         Code  Gb  dc_util.o [4]
?dc32_px                0x009a08         Code  Gb  dc_util.o [4]
?e0                     0x000001         Data  Gb  vregs.o [4]
?e1                     0x000005         Data  Gb  vregs.o [4]
?e2                     0x000009         Data  Gb  vregs.o [4]
?e3                     0x00000d         Data  Gb  vregs.o [4]
?epilogue_l2            0x008c4d         Code  Gb  vreg_util.o [4]
?epilogue_l2_l3         0x008c4a         Code  Gb  vreg_util.o [4]
?epilogue_l2_w6         0x008c51         Code  Gb  vreg_util.o [4]
?epilogue_w4            0x008c58         Code  Gb  vreg_util.o [4]
?l0                     0x000000         Data  Gb  vregs.o [4]
?l1                     0x000004         Data  Gb  vregs.o [4]
?l2                     0x000008         Data  Gb  vregs.o [4]
?l3                     0x00000c         Data  Gb  vregs.o [4]
?load32_0x_l0           0x0096fe         Code  Gb  long_util.o [4]
?load32_asp_l0          0x0096f2         Code  Gb  long_util.o [4]
?load32_dbsp_l0         0x0096ed         Code  Gb  long_util.o [4]
?load32_l0_0x           0x0096d5         Code  Gb  long_util.o [4]
?load32_l0_asp          0x0096ca         Code  Gb  long_util.o [4]
?load32_l0_dbsp         0x0096c5         Code  Gb  long_util.o [4]
?load32_l0_xsp          0x0096cc         Code  Gb  long_util.o [4]
?load32_l1_0x           0x0096e1         Code  Gb  long_util.o [4]
?load32_xsp_l0          0x0096f4         Code  Gb  long_util.o [4]
?longfarg16_v_w0_a      0x009ab9         Code  Gb  move.o [4]
?longfarg16_v_w0_x      0x009abb         Code  Gb  move.o [4]
?mov_e0_e1              0x008c5f         Code  Gb  vreg_util.o [4]
?mov_e0_e2              0x008c6c         Code  Gb  vreg_util.o [4]
?mov_e0_e3              0x008c79         Code  Gb  vreg_util.o [4]
?mov_e1_e0              0x008c86         Code  Gb  vreg_util.o [4]
?mov_e1_e2              0x008c93         Code  Gb  vreg_util.o [4]
?mov_e1_e3              0x008ca0         Code  Gb  vreg_util.o [4]
?mov_e2_e0              0x008cad         Code  Gb  vreg_util.o [4]
?mov_e3_e0              0x008cba         Code  Gb  vreg_util.o [4]
?mov_l0_l1              0x008c5c         Code  Gb  vreg_util.o [4]
?mov_l0_l2              0x008c69         Code  Gb  vreg_util.o [4]
?mov_l0_l3              0x008c76         Code  Gb  vreg_util.o [4]
?mov_l1_l0              0x008c83         Code  Gb  vreg_util.o [4]
?mov_l1_l2              0x008c90         Code  Gb  vreg_util.o [4]
?mov_l1_l3              0x008c9d         Code  Gb  vreg_util.o [4]
?mov_l2_l0              0x008caa         Code  Gb  vreg_util.o [4]
?mov_l3_l0              0x008cb7         Code  Gb  vreg_util.o [4]
?mov_w1_w3              0x008c62         Code  Gb  vreg_util.o [4]
?mov_w1_w5              0x008c6f         Code  Gb  vreg_util.o [4]
?mov_w1_w7              0x008c7c         Code  Gb  vreg_util.o [4]
?mov_w3_w1              0x008c89         Code  Gb  vreg_util.o [4]
?mov_w3_w5              0x008c96         Code  Gb  vreg_util.o [4]
?mov_w3_w7              0x008ca3         Code  Gb  vreg_util.o [4]
?mov_w5_w1              0x008cb0         Code  Gb  vreg_util.o [4]
?mov_w7_w1              0x008cbd         Code  Gb  vreg_util.o [4]
?move1616_v_x_y_a       0x009aac         Code  Gb  move.o [4]
?mul16_x_x_w0           0x0098fb         Code  Gb  short.o [4]
?mul32_l0_l0_0x         0x008931         Code  Gb  long.o [4]
?mul32_l0_l0_dl         0x00892e         Code  Gb  long.o [4]
?mul32_l0_l0_l1         0x00893a         Code  Gb  long.o [4]
?or32_l0_l0_0x          0x008a2d         Code  Gb  long.o [4]
?pop_l0                 0x008c16         Code  Gb  vreg_util.o [4]
?pop_l1                 0x008c21         Code  Gb  vreg_util.o [4]
?pop_l2                 0x008c2c         Code  Gb  vreg_util.o [4]
?pop_l3                 0x008c37         Code  Gb  vreg_util.o [4]
?pop_w4                 0x008bc8         Code  Gb  vreg_util.o [4]
?pop_w6                 0x008bcf         Code  Gb  vreg_util.o [4]
?pop_w7                 0x008bd6         Code  Gb  vreg_util.o [4]
?push_l0                0x008be5         Code  Gb  vreg_util.o [4]
?push_l1                0x008bea         Code  Gb  vreg_util.o [4]
?push_l2                0x008bef         Code  Gb  vreg_util.o [4]
?push_l3                0x008bf4         Code  Gb  vreg_util.o [4]
?push_w4                0x008ba6         Code  Gb  vreg_util.o [4]
?push_w6                0x008bab         Code  Gb  vreg_util.o [4]
?push_w7                0x008bb0         Code  Gb  vreg_util.o [4]
?sext32_l0_x            0x008a67         Code  Gb  long.o [4]
?sll16_x_x_a            0x009919         Code  Gb  short.o [4]
?sll32_0x_0x_a          0x008a48         Code  Gb  long.o [4]
?sll32_l0_l0_a          0x008a45         Code  Gb  long.o [4]
?srl16_x_x_4            0x009921         Code  Gb  short.o [4]
?srl32_0x_0x_a          0x008a59         Code  Gb  long.o [4]
?srl32_l0_l0_a          0x008a56         Code  Gb  long.o [4]
?srl8_a_a_5             0x009d85         Code  Gb  char.o [4]
?sub32_l0_l0_0x         0x008916         Code  Gb  long.o [4]
?sub32_l0_l0_l1         0x008913         Code  Gb  long.o [4]
?udiv32_l0_dl_l1        0x0089b8         Code  Gb  long.o [4]
?udiv32_l0_l0_dl        0x0089bd         Code  Gb  long.o [4]
?udiv32_l0_l0_l1        0x0089c0         Code  Gb  long.o [4]
?umod32_l1_l0_l1        0x0089c0         Code  Gb  long.o [4]
?w0                     0x000000         Data  Gb  vregs.o [4]
?w1                     0x000002         Data  Gb  vregs.o [4]
?w2                     0x000004         Data  Gb  vregs.o [4]
?w3                     0x000006         Data  Gb  vregs.o [4]
?w4                     0x000008         Data  Gb  vregs.o [4]
?w5                     0x00000a         Data  Gb  vregs.o [4]
?w6                     0x00000c         Data  Gb  vregs.o [4]
?w7                     0x00000e         Data  Gb  vregs.o [4]
ADC2_IRQHandler         0x009dc4    0x1  Code  Gb  stm8s_it.o [1]
AF_Mute_Init            0x009cfe    0xc  Code  Gb  McuConfig.o [1]
AUDIO_IOAFMUT           0x009bc8   0x17  Code  Gb  McuConfig.o [1]
AUDIO_IOAFPOW           0x009bdf   0x17  Code  Gb  McuConfig.o [1]
AWU_IRQHandler          0x009db3    0x1  Code  Gb  stm8s_it.o [1]
ApiPocCmd_WritCommand   0x008f85   0xbb  Code  Gb  ApiPocCmd.o [1]
AtNotify_Queue          0x008080   0x4c  Code  Lc  DrvGD83.o [1]
AtNotify_Queue_Start    0x0080cc   0x55  Code  Lc  DrvGD83.o [1]
BaseAdd                 0x000020   0x20  Data  Gb  DrvGT20L16S1Y.o [1]
BitTab                  0x009d54    0x8  Data  Gb  ApiDisplay.o [1]
CHAR_HIGH               0x009cab   0x10  Data  Gb  ApiDisplay.o [1]
CHAR_WIDTH              0x009cbb   0x10  Data  Gb  ApiDisplay.o [1]
CLK_ClockSwitchConfig   0x009243   0xa2  Code  Gb  stm8s_clk.o [1]
CLK_GetClockFreq        0x00958c   0x57  Code  Gb  stm8s_clk.o [1]
CLK_HSIPrescalerConfig  0x009c60   0x13  Code  Gb  stm8s_clk.o [1]
CLK_IRQHandler          0x009db4    0x1  Code  Gb  stm8s_it.o [1]
CSTACK$$Base            0x001700          --   Gb  - Linker created -
CSTACK$$Limit           0x001800          --   Gb  - Linker created -
C_TEST_OUT_SET          0x009d16    0xc  Code  Gb  McuConfig.o [1]
DEL_Interrupt           0x0091a1   0xa2  Code  Gb  Delay.o [1]
DEL_PowerOnInitial      0x009a8d   0x1f  Code  Gb  Delay.o [1]
DEL_Soft1ms             0x009ae9   0x1c  Code  Gb  Delay.o [1]
DEL_TimerRenew          0x009950   0x28  Code  Lc  Delay.o [1]
DISP_DataBuf            0x008ea6   0xdf  Code  Lc  ApiDisplay.o [1]
DISP_MulTypePro         0x009040   0xb2  Code  Lc  ApiDisplay.o [1]
DefaultSystemClockForHSI
                        0x009b20   0x1b  Code  Gb  sysclock.o [1]
DelDrvObj               0x0004c0    0xb  Data  Lc  Delay.o [1]
DisDataBit              0x00044e   0x40  Data  Gb  ApiDisplay.o [1]
DisDataBuf              0x00024e  0x200  Data  Gb  ApiDisplay.o [1]
DisDrvObj               0x0004cb    0x4  Data  Lc  ApiDisplay.o [1]
DrvGD83DrvObj           0x000042  0x20c  Data  Lc  DrvGD83.o [1]
DrvGD83_Init            0x009b53   0x18  Code  Gb  McuConfig.o [1]
DrvGD83_UART_TxCommand  0x009375   0x7a  Code  Gb  DrvGD83.o [1]
DrvMC8332_TxPort_SetValidable
                        0x0098cf   0x2c  Code  Gb  DrvGD83.o [1]
DrvMC8332_UART_Interrupt
                        0x008271  0x2d7  Code  Gb  DrvGD83.o [1]
DrvMc8332_UART_TxTail   0x008dc5   0xe1  Code  Gb  DrvGD83.o [1]
EEPROM_EEC_IRQHandler   0x009dc6    0x1  Code  Gb  stm8s_it.o [1]
EXTI_PORTA_IRQHandler   0x009db5    0x1  Code  Gb  stm8s_it.o [1]
EXTI_PORTB_IRQHandler   0x009db6    0x1  Code  Gb  stm8s_it.o [1]
EXTI_PORTC_IRQHandler   0x009db7    0x1  Code  Gb  stm8s_it.o [1]
EXTI_PORTD_IRQHandler   0x009db8    0x1  Code  Gb  stm8s_it.o [1]
EXTI_PORTE_IRQHandler   0x009db9    0x1  Code  Gb  stm8s_it.o [1]
FLASH_EraseOptionByte   0x0099a0   0x27  Code  Gb  stm8s_flash.o [1]
FLASH_Lock              0x009d6c    0x7  Code  Gb  stm8s_flash.o [1]
FLASH_ProgramOptionByte
                        0x009a37   0x24  Code  Gb  stm8s_flash.o [1]
FLASH_Unlock            0x009c0d   0x16  Code  Gb  stm8s_flash.o [1]
FLASH_WaitForLastOperation
                        0x009742   0x36  Code  Gb  stm8s_flash.o [1]
GD83_ON                 0x009b6b   0x18  Code  Gb  McuConfig.o [1]
GPIO_Init               0x0090f2   0xaf  Code  Gb  stm8s_gpio.o [1]
GPIO_ReadInputPin       0x009d42    0x9  Code  Gb  stm8s_gpio.o [1]
GPIO_WriteHigh          0x009d73    0x7  Code  Gb  stm8s_gpio.o [1]
GPIO_WriteLow           0x009d93    0x4  Code  Gb  stm8s_gpio.o [1]
GT20_DelTime            0x009c38   0x14  Code  Lc  DrvGT20L16S1Y.o [1]
GT20_GetData            0x0094d3   0x5f  Code  Lc  DrvGT20L16S1Y.o [1]
GT20_GetDisData         0x00970c   0x36  Code  Lc  DrvGT20L16S1Y.o [1]
GT20_SendByte           0x009532   0x5a  Code  Lc  DrvGT20L16S1Y.o [1]
GT20_SendCommand        0x00962f   0x4c  Code  Lc  DrvGT20L16S1Y.o [1]
HSE_ClockStartUpConfiguration
                        0x009872   0x30  Code  Lc  sysclock.o [1]
HSIDivFactor            0x009d8f    0x4  Data  Gb  stm8s_clk.o [1]
HtgDrvObj               0x0004cf    0x2  Data  Lc  DrvHTG12832.o [1]
I2C_IRQHandler          0x009dc1    0x1  Code  Gb  stm8s_it.o [1]
INTVEC$$Base            0x008000          --   Gb  - Linker created -
INTVEC$$Limit           0x008080          --   Gb  - Linker created -
ITC_SetSoftwarePriority
                        0x008cc4  0x101  Code  Gb  stm8s_itc.o [1]
Key_Init                0x009842   0x30  Code  Gb  McuConfig.o [1]
LED_Init                0x009b3b   0x18  Code  Gb  McuConfig.o [1]
MIC_GPIO_Init           0x009cf2    0xc  Code  Gb  McuConfig.o [1]
MIC_IOMUT               0x009bb1   0x17  Code  Gb  McuConfig.o [1]
Noise_Mute_Init         0x009d0a    0xc  Code  Gb  McuConfig.o [1]
Notify_Queue_Stop       0x008176   0xfb  Code  Lc  DrvGD83.o [1]
PocNotify_Queue         0x0095e3   0x4c  Code  Lc  DrvGD83.o [1]
PocNotify_Queue_Start   0x008121   0x55  Code  Lc  DrvGD83.o [1]
Region$$Table$$Base     0x009a5b          --   Gb  - Linker created -
Region$$Table$$Limit    0x009a6d          --   Gb  - Linker created -
SPI_IRQHandler          0x009dba    0x1  Code  Gb  stm8s_it.o [1]
Set_GreenLed            0x009b83   0x17  Code  Gb  McuConfig.o [1]
Set_RedLed              0x009b9a   0x17  Code  Gb  McuConfig.o [1]
SystemClock_Init        0x0099c7   0x27  Code  Gb  sysclock.o [1]
TIM1_CAP_COM_IRQHandler
                        0x009dbc    0x1  Code  Gb  stm8s_it.o [1]
TIM1_UPD_OVF_TRG_BRK_IRQHandler
                        0x009dbb    0x1  Code  Gb  stm8s_it.o [1]
TIM2_CAP_COM_IRQHandler
                        0x009dbe    0x1  Code  Gb  stm8s_it.o [1]
TIM2_UPD_OVF_BRK_IRQHandler
                        0x009dbd    0x1  Code  Gb  stm8s_it.o [1]
TIM3_ARRPreloadConfig   0x009cd8    0xd  Code  Gb  stm8s_tim3.o [1]
TIM3_CAP_COM_IRQHandler
                        0x009dbf    0x1  Code  Gb  stm8s_it.o [1]
TIM3_ClearITPendingBit  0x009d80    0x5  Code  Gb  stm8s_tim3.o [1]
TIM3_Cmd                0x009ccb    0xd  Code  Gb  stm8s_tim3.o [1]
TIM3_ITConfig           0x009c73   0x13  Code  Gb  stm8s_tim3.o [1]
TIM3_PrescalerConfig    0x009d4b    0x9  Code  Gb  stm8s_tim3.o [1]
TIM3_TimeBaseInit       0x009d22    0xc  Code  Gb  stm8s_tim3.o [1]
TIM3_UPD_OVF_BRK_IRQHandler
                        0x009b05   0x1b  Code  Gb  stm8s_it.o [1]
TIM4_UPD_OVF_IRQHandler
                        0x009dc5    0x1  Code  Gb  stm8s_it.o [1]
TLI_IRQHandler          0x009db2    0x1  Code  Gb  stm8s_it.o [1]
TRAP_IRQHandler         0x009db1    0x1  Code  Gb  stm8s_it.o [1]
Tim3_Timer_Init         0x009a13   0x24  Code  Gb  McuConfig.o [1]
TimeVal                 0x000018    0x8  Data  Gb  DrvGT20L16S1Y.o [1]
UART1_Cmd               0x009ce5    0xd  Code  Gb  stm8s_uart1.o [1]
UART1_DeInit            0x0098a2   0x2d  Code  Gb  stm8s_uart1.o [1]
UART1_GetFlagStatus     0x0097de   0x32  Code  Gb  stm8s_uart1.o [1]
UART1_GetITStatus       0x0092e5   0x90  Code  Gb  stm8s_uart1.o [1]
UART1_ITConfig          0x009467   0x6c  Code  Gb  stm8s_uart1.o [1]
UART1_Init              0x008a72  0x134  Code  Gb  stm8s_uart1.o [1]
UART1_RX_IRQHandler     0x009a6d   0x20  Code  Gb  stm8s_it.o [1]
UART1_ReceiveData8      0x009d97    0x4  Code  Gb  stm8s_uart1.o [1]
UART1_SendData8         0x009d9b    0x4  Code  Gb  stm8s_uart1.o [1]
UART1_TX_IRQHandler     0x009dc0    0x1  Code  Gb  stm8s_it.o [1]
UART3_RX_IRQHandler     0x009dc3    0x1  Code  Gb  stm8s_it.o [1]
UART3_TX_IRQHandler     0x009dc2    0x1  Code  Gb  stm8s_it.o [1]
Uart1_Init              0x009926   0x2a  Code  Gb  McuConfig.o [1]
__DebugBreak            0x009dc7    0x1  Code  Gb  __dbg_break.o [3]
__exit                  0x009c4c   0x14  Code  Gb  __dbg_xxexit.o [3]
__iar_copy_init2        0x009978         Code  Gb  init_small.o [4]
__iar_data_init2        0x009bf6   0x17  Code  Gb  init.o [4]
__iar_program_start     0x009c86         Code  Gb  cstartup.o [4]
__iar_unhandled_exception
                        0x009dae         Code  Gb  unhandled_exception.o [4]
__iar_zero_init2        0x009acb         Code  Gb  init_small.o [4]
__intvec                0x008000         Data  Gb  interrupt.o [4]
__low_level_init        0x009da8    0x3  Code  Gb  low_level_init.o [4]
_exit                   0x009d8a         Code  Gb  cexit.o [4]
_interrupt_1            0x009db1         Code  Gb  stm8s_it.o [1]
_interrupt_12           0x009dba         Code  Gb  stm8s_it.o [1]
_interrupt_13           0x009dbb         Code  Gb  stm8s_it.o [1]
_interrupt_14           0x009dbc         Code  Gb  stm8s_it.o [1]
_interrupt_15           0x009dbd         Code  Gb  stm8s_it.o [1]
_interrupt_16           0x009dbe         Code  Gb  stm8s_it.o [1]
_interrupt_17           0x009b05         Code  Gb  stm8s_it.o [1]
_interrupt_18           0x009dbf         Code  Gb  stm8s_it.o [1]
_interrupt_19           0x009dc0         Code  Gb  stm8s_it.o [1]
_interrupt_2            0x009db2         Code  Gb  stm8s_it.o [1]
_interrupt_20           0x009a6d         Code  Gb  stm8s_it.o [1]
_interrupt_21           0x009dc1         Code  Gb  stm8s_it.o [1]
_interrupt_22           0x009dc2         Code  Gb  stm8s_it.o [1]
_interrupt_23           0x009dc3         Code  Gb  stm8s_it.o [1]
_interrupt_24           0x009dc4         Code  Gb  stm8s_it.o [1]
_interrupt_25           0x009dc5         Code  Gb  stm8s_it.o [1]
_interrupt_26           0x009dc6         Code  Gb  stm8s_it.o [1]
_interrupt_3            0x009db3         Code  Gb  stm8s_it.o [1]
_interrupt_4            0x009db4         Code  Gb  stm8s_it.o [1]
_interrupt_5            0x009db5         Code  Gb  stm8s_it.o [1]
_interrupt_6            0x009db6         Code  Gb  stm8s_it.o [1]
_interrupt_7            0x009db7         Code  Gb  stm8s_it.o [1]
_interrupt_8            0x009db8         Code  Gb  stm8s_it.o [1]
_interrupt_9            0x009db9         Code  Gb  stm8s_it.o [1]
api_disp_all_screen_refresh
                        0x00967b   0x4a  Code  Gb  ApiDisplay.o [1]
api_disp_char_output    0x009c23   0x15  Code  Gb  ApiDisplay.o [1]
api_lcd_pwr_on_hint     0x009778   0x33  Code  Gb  ApiDisplay.o [1]
drv_gt20_data_output    0x008761  0x19a  Code  Gb  DrvGT20L16S1Y.o [1]
drv_gt20_pwr_on_init    0x0097db    0x3  Code  Gb  DrvGT20L16S1Y.o [1]
drv_htg_clr_allscr      0x008666   0x31  Code  Gb  DrvHTG12832.o [1]
drv_htg_pwr_on_init     0x008758    0x9  Code  Gb  DrvHTG12832.o [1]
drv_htg_reset           0x008548    0x5  Code  Gb  DrvHTG12832.o [1]
drv_htg_set_address     0x0085bc   0x3b  Code  Gb  DrvHTG12832.o [1]
drv_htg_write_command   0x00854d   0x6f  Code  Gb  DrvHTG12832.o [1]
drv_htg_write_data      0x0085f7   0x6f  Code  Gb  DrvHTG12832.o [1]
exit                    0x009dab    0x3  Code  Gb  exit.o [4]
htg_delay_ms            0x008697   0x1e  Code  Lc  DrvHTG12832.o [1]
htg_initial             0x0086b5   0x5b  Code  Lc  DrvHTG12832.o [1]
main                    0x009da2    0x3  Code  Gb  main.o [1]
main_app                0x0093ef   0x78  Code  Gb  System.o [1]
mcu_gt20_initial        0x0097ab   0x30  Code  Lc  DrvGT20L16S1Y.o [1]
mcu_lcd_initial         0x008710   0x48  Code  Lc  DrvHTG12832.o [1]
strlen                  0x009c99   0x12  Code  Gb  strlen.o [4]
ucAtPocHead             0x000010    0x2  Data  Gb  ApiPocCmd.o [1]
ucPocOpenConfig         0x000040    0x2  Data  Gb  System.o [1]
ucRxOkHeadInfo          0x000016    0x2  Data  Gb  DrvGD83.o [1]
ucRxPocHeadInfo         0x000014    0x2  Data  Gb  DrvGD83.o [1]
ucTxPocHeadInfo         0x000012    0x2  Data  Gb  DrvGD83.o [1]


[1] = E:\1-source\A508\PRJ\Debug\Obj
[2] = command line
[3] = dbgstm8smd.a
[4] = dlstm8smn.a

  7 339 bytes of readonly  code memory
    285 bytes of readonly  data memory
  1 490 bytes of readwrite data memory

Errors: none
Warnings: none
