###############################################################################
#
# IAR ELF Linker V2.20.1.176 for STM8                     14/Nov/2017  16:56:04
# Copyright 2010-2015 IAR Systems AB.
#
#    Output file  =  E:\1-source\A508\PRJ\Debug\Exe\A508_DEMO1.out
#    Map file     =  E:\1-source\A508\PRJ\Debug\List\A508_DEMO1.map
#    Command line =  
#        E:\1-source\A508\PRJ\Debug\Obj\ApiAtCmd.o
#        E:\1-source\A508\PRJ\Debug\Obj\ApiDisplay.o
#        E:\1-source\A508\PRJ\Debug\Obj\ApiKeyboard.o
#        E:\1-source\A508\PRJ\Debug\Obj\ApiPocCmd.o
#        E:\1-source\A508\PRJ\Debug\Obj\CommonLib.o
#        E:\1-source\A508\PRJ\Debug\Obj\Delay.o
#        E:\1-source\A508\PRJ\Debug\Obj\DrvGD83.o
#        E:\1-source\A508\PRJ\Debug\Obj\DrvGT20L16S1Y.o
#        E:\1-source\A508\PRJ\Debug\Obj\DrvHTG12832.o
#        E:\1-source\A508\PRJ\Debug\Obj\DrvKeyboard.o
#        E:\1-source\A508\PRJ\Debug\Obj\main.o
#        E:\1-source\A508\PRJ\Debug\Obj\McuConfig.o
#        E:\1-source\A508\PRJ\Debug\Obj\stm8s_adc2.o
#        E:\1-source\A508\PRJ\Debug\Obj\stm8s_awu.o
#        E:\1-source\A508\PRJ\Debug\Obj\stm8s_beep.o
#        E:\1-source\A508\PRJ\Debug\Obj\stm8s_clk.o
#        E:\1-source\A508\PRJ\Debug\Obj\stm8s_exti.o
#        E:\1-source\A508\PRJ\Debug\Obj\stm8s_flash.o
#        E:\1-source\A508\PRJ\Debug\Obj\stm8s_gpio.o
#        E:\1-source\A508\PRJ\Debug\Obj\stm8s_i2c.o
#        E:\1-source\A508\PRJ\Debug\Obj\stm8s_it.o
#        E:\1-source\A508\PRJ\Debug\Obj\stm8s_itc.o
#        E:\1-source\A508\PRJ\Debug\Obj\stm8s_iwdg.o
#        E:\1-source\A508\PRJ\Debug\Obj\stm8s_rst.o
#        E:\1-source\A508\PRJ\Debug\Obj\stm8s_spi.o
#        E:\1-source\A508\PRJ\Debug\Obj\stm8s_tim1.o
#        E:\1-source\A508\PRJ\Debug\Obj\stm8s_tim2.o
#        E:\1-source\A508\PRJ\Debug\Obj\stm8s_tim3.o
#        E:\1-source\A508\PRJ\Debug\Obj\stm8s_tim4.o
#        E:\1-source\A508\PRJ\Debug\Obj\stm8s_uart1.o
#        E:\1-source\A508\PRJ\Debug\Obj\stm8s_uart3.o
#        E:\1-source\A508\PRJ\Debug\Obj\stm8s_wwdg.o
#        E:\1-source\A508\PRJ\Debug\Obj\sysclock.o
#        E:\1-source\A508\PRJ\Debug\Obj\System.o --redirect
#        _Printf=_PrintfSmall --redirect _Scanf=_ScanfSmall -o
#        E:\1-source\A508\PRJ\Debug\Exe\A508_DEMO1.out --map
#        E:\1-source\A508\PRJ\Debug\List\A508_DEMO1.map --config "C:\Program
#        Files\IAR Systems\Embedded Workbench
#        7.3\stm8\config\lnkstm8s007c8.icf" --config_def _CSTACK_SIZE=0x100
#        --config_def _HEAP_SIZE=0x100 --entry __iar_program_start --debug_lib
#
###############################################################################

*******************************************************************************
*** RUNTIME MODEL ATTRIBUTES
***

__SystemLibrary            = DLib
__code_model               = small
__core                     = stm8
__data_model               = medium
__dlib_file_descriptor     = 0
__dlib_full_locale_support = 0
__rt_version               = 4


*******************************************************************************
*** PLACEMENT SUMMARY
***

"A1":  place at start of [0x000000-0x0000ff] { rw section .vregs };
"A2":  place at end of [0x000000-0x0017ff] { block CSTACK };
"P2":  place in [from 0x000000 to 0x0017ff] {
          block HEAP, rw section __DLIB_PERTHREAD, rw section .far.bss,
          rw section .far.data, rw section .far.noinit,
          rw section .far_func.textrw, rw section .huge.bss,
          rw section .huge.data, rw section .huge.noinit,
          rw section .huge_func.textrw, rw section .iar.dynexit,
          rw section .near.bss, rw section .near.data, rw section .near.noinit,
          rw section .near_func.textrw };
"A3":  place at start of [0x008000-0x00ffff] { block INTVEC };
"P3":  place in [from 0x008000 to 0x00ffff] {
          ro section __DLIB_PERTHREAD_init, ro section .far.data_init,
          ro section .far_func.textrw_init, ro section .huge.data_init,
          ro section .huge_func.textrw_init, ro section .iar.init_table,
          ro section .init_array, ro section .near.data_init,
          ro section .near.rodata, ro section .near_func.text,
          ro section .near_func.textrw_init, ro section .tiny.data_init,
          ro section .tiny.rodata_init };

  Section            Kind      Address    Size  Object
  -------            ----      -------    ----  ------
"A1":                                     0x10
  .vregs             uninit   0x000000    0x10  vregs.o [4]
                            - 0x000010    0x10

"P2", part 1 of 2:                        0x3e
  P2-1                        0x000010    0x3e  <Init block>
    .near.data       inited   0x000010     0x2  ApiAtCmd.o [1]
    .near.data       inited   0x000012     0x2  ApiKeyboard.o [1]
    .near.data       inited   0x000014     0x2  ApiKeyboard.o [1]
    .near.data       inited   0x000016     0x2  ApiPocCmd.o [1]
    .near.data       inited   0x000018     0x2  DrvGD83.o [1]
    .near.data       inited   0x00001a     0x2  DrvGD83.o [1]
    .near.data       inited   0x00001c     0x2  DrvGD83.o [1]
    .near.data       inited   0x00001e     0x8  DrvGT20L16S1Y.o [1]
    .near.data       inited   0x000026    0x20  DrvGT20L16S1Y.o [1]
    .near.data       inited   0x000046     0x2  System.o [1]
    .near.data       inited   0x000048     0x2  System.o [1]
    .near.data       inited   0x00004a     0x2  System.o [1]
    .near.data       inited   0x00004c     0x2  System.o [1]
                            - 0x00004e    0x3e

"P2", part 2 of 2:                       0x85d
  .near.bss          zero     0x00004e   0x355  ApiPocCmd.o [1]
  .near.bss          zero     0x0003a3   0x20c  DrvGD83.o [1]
  .near.bss          zero     0x0005af   0x200  ApiDisplay.o [1]
  .near.bss          zero     0x0007af    0x77  ApiAtCmd.o [1]
  .near.bss          zero     0x000826    0x40  ApiDisplay.o [1]
  .near.bss          zero     0x000866    0x32  DrvGD83.o [1]
  .near.bss          zero     0x000898     0xb  Delay.o [1]
  .near.bss          zero     0x0008a3     0x4  ApiDisplay.o [1]
  .near.bss          zero     0x0008a7     0x2  DrvHTG12832.o [1]
  .near.bss          zero     0x0008a9     0x1  ApiKeyboard.o [1]
  .near.bss          zero     0x0008aa     0x1  DrvGD83.o [1]
                            - 0x0008ab   0x85d

"A2":                                    0x100
  CSTACK                      0x001700   0x100  <Block>
    CSTACK           uninit   0x001700   0x100  <Block tail>
                            - 0x001800   0x100

"A3":                                     0x80
  INTVEC                      0x008000    0x80  <Block>
    .intvec          const    0x008000    0x80  interrupt.o [4]
                            - 0x008080    0x80

"P3":                                   0x2b1f
  .near_func.text    ro code  0x008080   0x4c8  DrvGD83.o [1]
  .near_func.text    ro code  0x008548   0x21a  ApiKeyboard.o [1]
  .near_func.text    ro code  0x008762   0x219  DrvHTG12832.o [1]
  .near_func.text    ro code  0x00897b   0x1e7  DrvKeyboard.o [1]
  .near_func.text    ro code  0x008b62   0x19a  DrvGT20L16S1Y.o [1]
  .near_func.text    ro code  0x008cfc   0x17a  long.o [4]
  .near_func.text    ro code  0x008e76   0x14a  System.o [1]
  .near_func.text    ro code  0x008fc0   0x139  DrvKeyboard.o [1]
  .near_func.text    ro code  0x0090f9   0x136  DrvKeyboard.o [1]
  .near_func.text    ro code  0x00922f   0x134  stm8s_uart1.o [1]
  .near_func.text    ro code  0x009363   0x11e  vreg_util.o [4]
  .near_func.text    ro code  0x009481   0x101  stm8s_itc.o [1]
  .near_func.text    ro code  0x009582    0xe5  ApiKeyboard.o [1]
  .near_func.text    ro code  0x009667    0xe1  DrvGD83.o [1]
  .near_func.text    ro code  0x009748    0xdf  ApiDisplay.o [1]
  .near_func.text    ro code  0x009827    0xdb  CommonLib.o [1]
  .near_func.text    ro code  0x009902    0xbb  ApiPocCmd.o [1]
  .near_func.text    ro code  0x0099bd    0xb2  ApiDisplay.o [1]
  .near_func.text    ro code  0x009a6f    0xaf  stm8s_gpio.o [1]
  .near_func.text    ro code  0x009b1e    0xa2  Delay.o [1]
  .near_func.text    ro code  0x009bc0    0xa2  stm8s_clk.o [1]
  .near_func.text    ro code  0x009c62    0x90  stm8s_uart1.o [1]
  .near_func.text    ro code  0x009cf2    0x8a  DrvKeyboard.o [1]
  .near_func.text    ro code  0x009d7c    0x7a  DrvGD83.o [1]
  .near_func.text    ro code  0x009df6    0x73  Delay.o [1]
  .near_func.text    ro code  0x009e69    0x6c  DrvKeyboard.o [1]
  .near_func.text    ro code  0x009ed5    0x6c  stm8s_uart1.o [1]
  .near_func.text    ro code  0x009f41    0x63  ApiAtCmd.o [1]
  .near_func.text    ro code  0x009fa4    0x5f  DrvGT20L16S1Y.o [1]
  .near_func.text    ro code  0x00a003    0x5a  DrvGT20L16S1Y.o [1]
  .near_func.text    ro code  0x00a05d    0x57  stm8s_clk.o [1]
  .near_func.text    ro code  0x00a0b4    0x54  Delay.o [1]
  .near_func.text    ro code  0x00a108    0x4d  ApiPocCmd.o [1]
  .near_func.text    ro code  0x00a155    0x4c  DrvGD83.o [1]
  .near_func.text    ro code  0x00a1a1    0x4c  DrvGT20L16S1Y.o [1]
  .near_func.text    ro code  0x00a1ed    0x4a  ApiDisplay.o [1]
  .near_func.text    ro code  0x00a237    0x49  DrvGD83.o [1]
  .near_func.text    ro code  0x00a280    0x49  DrvGD83.o [1]
  .near_func.text    ro code  0x00a2c9    0x47  long_util.o [4]
  Initializer bytes  const    0x00a310    0x3e  <for P2-1>
  .near_func.text    ro code  0x00a34e    0x36  DrvGT20L16S1Y.o [1]
  .near_func.text    ro code  0x00a384    0x36  stm8s_flash.o [1]
  .near_func.text    ro code  0x00a3ba    0x36  memcmp.o [4]
  .near_func.text    ro code  0x00a3f0    0x33  ApiDisplay.o [1]
  .near_func.text    ro code  0x00a423    0x33  DrvGT20L16S1Y.o [1]
  .near_func.text    ro code  0x00a456    0x32  stm8s_uart1.o [1]
  .near_func.text    ro code  0x00a488    0x30  McuConfig.o [1]
  .near_func.text    ro code  0x00a4b8    0x30  sysclock.o [1]
  .near_func.text    ro code  0x00a4e8    0x2d  stm8s_uart1.o [1]
  .near_func.text    ro code  0x00a515    0x2c  DrvGD83.o [1]
  .near_func.text    ro code  0x00a541    0x2b  short.o [4]
  .near_func.text    ro code  0x00a56c    0x2a  McuConfig.o [1]
  .near_func.text    ro code  0x00a596    0x28  Delay.o [1]
  .near_func.text    ro code  0x00a5be    0x28  init_small.o [4]
  .near_func.text    ro code  0x00a5e6    0x27  stm8s_flash.o [1]
  .near_func.text    ro code  0x00a60d    0x27  sysclock.o [1]
  .near_func.text    ro code  0x00a634    0x25  dc_util.o [4]
  .near_func.text    ro code  0x00a659    0x24  McuConfig.o [1]
  .near_func.text    ro code  0x00a67d    0x24  stm8s_flash.o [1]
  .iar.init_table    const    0x00a6a1    0x12  - Linker created -
  .near_func.text    ro code  0x00a6b3    0x20  stm8s_it.o [1]
  .near_func.text    ro code  0x00a6d3    0x1f  Delay.o [1]
  .near_func.text    ro code  0x00a6f2    0x1f  move.o [4]
  .near_func.text    ro code  0x00a711    0x1e  ApiPocCmd.o [1]
  .near_func.text    ro code  0x00a72f    0x1e  init_small.o [4]
  .near_func.text    ro code  0x00a74d    0x1c  Delay.o [1]
  .near_func.text    ro code  0x00a769    0x1b  stm8s_it.o [1]
  .near_func.text    ro code  0x00a784    0x1b  sysclock.o [1]
  .near_func.text    ro code  0x00a79f    0x18  McuConfig.o [1]
  .near_func.text    ro code  0x00a7b7    0x18  McuConfig.o [1]
  .near_func.text    ro code  0x00a7cf    0x18  McuConfig.o [1]
  .near_func.text    ro code  0x00a7e7    0x17  McuConfig.o [1]
  .near_func.text    ro code  0x00a7fe    0x17  McuConfig.o [1]
  .near_func.text    ro code  0x00a815    0x17  McuConfig.o [1]
  .near_func.text    ro code  0x00a82c    0x17  McuConfig.o [1]
  .near_func.text    ro code  0x00a843    0x17  McuConfig.o [1]
  .near_func.text    ro code  0x00a85a    0x17  init.o [4]
  .near_func.text    ro code  0x00a871    0x16  stm8s_flash.o [1]
  .near_func.text    ro code  0x00a887    0x15  ApiDisplay.o [1]
  .near_func.text    ro code  0x00a89c    0x14  DrvGT20L16S1Y.o [1]
  .near_func.text    ro code  0x00a8b0    0x14  __dbg_xxexit.o [3]
  .near_func.text    ro code  0x00a8c4    0x13  stm8s_clk.o [1]
  .near_func.text    ro code  0x00a8d7    0x13  stm8s_tim3.o [1]
  .near_func.text    ro code  0x00a8ea    0x13  cstartup.o [4]
  .near_func.text    ro code  0x00a8fd    0x12  strlen.o [4]
  .near.rodata       const    0x00a90f    0x10  ApiDisplay.o [1]
  .near.rodata       const    0x00a91f    0x10  ApiDisplay.o [1]
  .near.rodata       const    0x00a92f    0x10  ApiKeyboard.o [1]
  .near.rodata       const    0x00a93f    0x10  ApiKeyboard.o [1]
  .near.rodata       const    0x00a94f    0x10  ApiKeyboard.o [1]
  .near.rodata       const    0x00a95f    0x10  ApiKeyboard.o [1]
  .near.rodata       const    0x00a96f    0x10  ApiKeyboard.o [1]
  .near.rodata       const    0x00a97f    0x10  ApiKeyboard.o [1]
  .near.rodata       const    0x00a98f    0x10  ApiKeyboard.o [1]
  .near.rodata       const    0x00a99f    0x10  ApiKeyboard.o [1]
  .near.rodata       const    0x00a9af    0x10  ApiKeyboard.o [1]
  .near.rodata       const    0x00a9bf    0x10  ApiKeyboard.o [1]
  .near.rodata       const    0x00a9cf    0x10  ApiKeyboard.o [1]
  .near.rodata       const    0x00a9df    0x10  ApiKeyboard.o [1]
  .near.rodata       const    0x00a9ef    0x10  ApiKeyboard.o [1]
  .near.rodata       const    0x00a9ff    0x10  ApiKeyboard.o [1]
  .near.rodata       const    0x00aa0f    0x10  ApiKeyboard.o [1]
  .near.rodata       const    0x00aa1f    0x10  ApiKeyboard.o [1]
  .near.rodata       const    0x00aa2f    0x10  ApiKeyboard.o [1]
  .near.rodata       const    0x00aa3f    0x10  System.o [1]
  .near.rodata       const    0x00aa4f    0x10  System.o [1]
  .near.rodata       const    0x00aa5f     0xe  System.o [1]
  .near_func.text    ro code  0x00aa6d     0xd  stm8s_tim3.o [1]
  .near_func.text    ro code  0x00aa7a     0xd  stm8s_tim3.o [1]
  .near_func.text    ro code  0x00aa87     0xd  stm8s_uart1.o [1]
  .near_func.text    ro code  0x00aa94     0xc  McuConfig.o [1]
  .near_func.text    ro code  0x00aaa0     0xc  McuConfig.o [1]
  .near_func.text    ro code  0x00aaac     0xc  McuConfig.o [1]
  .near_func.text    ro code  0x00aab8     0xc  McuConfig.o [1]
  .near_func.text    ro code  0x00aac4     0xc  stm8s_tim3.o [1]
  .near.rodata       const    0x00aad0     0xb  System.o [1]
  .near.rodata       const    0x00aadb     0xa  ApiAtCmd.o [1]
  .near.rodata       const    0x00aae5     0x9  ApiKeyboard.o [1]
  .near.rodata       const    0x00aaee     0x9  ApiKeyboard.o [1]
  .near.rodata       const    0x00aaf7     0x9  DrvGD83.o [1]
  .near.rodata       const    0x00ab00     0x9  System.o [1]
  .near_func.text    ro code  0x00ab09     0x9  Delay.o [1]
  .near_func.text    ro code  0x00ab12     0x9  stm8s_gpio.o [1]
  .near_func.text    ro code  0x00ab1b     0x9  stm8s_tim3.o [1]
  .near.rodata       const    0x00ab24     0x8  ApiDisplay.o [1]
  .near.rodata       const    0x00ab2c     0x8  ApiPocCmd.o [1]
  .near.rodata       const    0x00ab34     0x7  System.o [1]
  .near.rodata       const    0x00ab3b     0x7  System.o [1]
  .near_func.text    ro code  0x00ab42     0x7  stm8s_flash.o [1]
  .near_func.text    ro code  0x00ab49     0x7  stm8s_gpio.o [1]
  .near.rodata       const    0x00ab50     0x6  DrvGD83.o [1]
  .near_func.text    ro code  0x00ab56     0x6  char.o [4]
  .near_func.text    ro code  0x00ab5c     0x5  stm8s_tim3.o [1]
  .near_func.text    ro code  0x00ab61     0x5  cexit.o [4]
  .near.rodata       const    0x00ab66     0x4  stm8s_clk.o [1]
  .near_func.text    ro code  0x00ab6a     0x4  stm8s_gpio.o [1]
  .near_func.text    ro code  0x00ab6e     0x4  stm8s_uart1.o [1]
  .near_func.text    ro code  0x00ab72     0x4  stm8s_uart1.o [1]
  .near.rodata       const    0x00ab76     0x3  DrvGD83.o [1]
  .near_func.text    ro code  0x00ab79     0x3  main.o [1]
  .near_func.text    ro code  0x00ab7c     0x3  interrupt.o [4]
  .near_func.text    ro code  0x00ab7f     0x3  low_level_init.o [4]
  .near_func.text    ro code  0x00ab82     0x3  exit.o [4]
  .near_func.text    ro code  0x00ab85     0x3  unhandled_exception.o [4]
  .near_func.text    ro code  0x00ab88     0x1  stm8s_it.o [1]
  .near_func.text    ro code  0x00ab89     0x1  stm8s_it.o [1]
  .near_func.text    ro code  0x00ab8a     0x1  stm8s_it.o [1]
  .near_func.text    ro code  0x00ab8b     0x1  stm8s_it.o [1]
  .near_func.text    ro code  0x00ab8c     0x1  stm8s_it.o [1]
  .near_func.text    ro code  0x00ab8d     0x1  stm8s_it.o [1]
  .near_func.text    ro code  0x00ab8e     0x1  stm8s_it.o [1]
  .near_func.text    ro code  0x00ab8f     0x1  stm8s_it.o [1]
  .near_func.text    ro code  0x00ab90     0x1  stm8s_it.o [1]
  .near_func.text    ro code  0x00ab91     0x1  stm8s_it.o [1]
  .near_func.text    ro code  0x00ab92     0x1  stm8s_it.o [1]
  .near_func.text    ro code  0x00ab93     0x1  stm8s_it.o [1]
  .near_func.text    ro code  0x00ab94     0x1  stm8s_it.o [1]
  .near_func.text    ro code  0x00ab95     0x1  stm8s_it.o [1]
  .near_func.text    ro code  0x00ab96     0x1  stm8s_it.o [1]
  .near_func.text    ro code  0x00ab97     0x1  stm8s_it.o [1]
  .near_func.text    ro code  0x00ab98     0x1  stm8s_it.o [1]
  .near_func.text    ro code  0x00ab99     0x1  stm8s_it.o [1]
  .near_func.text    ro code  0x00ab9a     0x1  stm8s_it.o [1]
  .near_func.text    ro code  0x00ab9b     0x1  stm8s_it.o [1]
  .near_func.text    ro code  0x00ab9c     0x1  stm8s_it.o [1]
  .near_func.text    ro code  0x00ab9d     0x1  stm8s_it.o [1]
  .near_func.text    ro code  0x00ab9e     0x1  __dbg_break.o [3]
                            - 0x00ab9f  0x2b1f


*******************************************************************************
*** INIT TABLE
***

          Address   Size
          -------   ----
Zero (__iar_zero_init2)
    1 destination range, total size 0x85d:
          0x00004e  0x85d

Copy (__iar_copy_init2)
    1 source range, total size 0x3e:
          0x00a310   0x3e
    1 destination range, total size 0x3e:
          0x000010   0x3e



*******************************************************************************
*** MODULE SUMMARY
***

    Module                 ro code  ro data  rw data
    ------                 -------  -------  -------
E:\1-source\A508\PRJ\Debug\Obj: [1]
    ApiAtCmd.o                  99       12      121
    ApiDisplay.o               547       40      580
    ApiKeyboard.o              767      294        5
    ApiPocCmd.o                294       10      855
    CommonLib.o                219
    Delay.o                    469                11
    DrvGD83.o                1 837       24      581
    DrvGT20L16S1Y.o            796       40       40
    DrvHTG12832.o              537                 2
    DrvKeyboard.o            1 356
    McuConfig.o                361
    System.o                   330       88        8
    main.o                       3
    stm8s_clk.o                268        4
    stm8s_flash.o              158
    stm8s_gpio.o               195
    stm8s_it.o                  81
    stm8s_itc.o                257
    stm8s_tim3.o                71
    stm8s_uart1.o              676
    sysclock.o                 114
    ------------------------------------------------
    Total:                   9 435      512    2 203

command line: [2]
    ------------------------------------------------
    Total:

dbgstm8smd.a: [3]
    __dbg_break.o                1
    __dbg_xxexit.o              20
    ------------------------------------------------
    Total:                      21

dlstm8smn.a: [4]
    cexit.o                      5
    char.o                       6
    cstartup.o                  19
    dc_util.o                   37
    exit.o                       3
    init.o                      23
    init_small.o                70
    interrupt.o                  3      128
    long.o                     378
    long_util.o                 71
    low_level_init.o             3
    memcmp.o                    54
    move.o                      31
    short.o                     43
    strlen.o                    18
    unhandled_exception.o        3
    vreg_util.o                286
    vregs.o                                       16
    ------------------------------------------------
    Total:                   1 053      128       16

    Linker created                       18      256
----------------------------------------------------
    Grand Total:            10 509      658    2 475


*******************************************************************************
*** ENTRY LIST
***

Entry                    Address   Size  Type      Object
-----                    -------   ----  ----      ------
.iar.init_table$$Base   0x00a6a1          --   Gb  - Linker created -
.iar.init_table$$Limit  0x00a6b3          --   Gb  - Linker created -
?add32_l0_l0_0x         0x008cff         Code  Gb  long.o [4]
?add32_l0_l0_l1         0x008cfc         Code  Gb  long.o [4]
?b0                     0x000000         Data  Gb  vregs.o [4]
?b1                     0x000001         Data  Gb  vregs.o [4]
?b10                    0x00000a         Data  Gb  vregs.o [4]
?b11                    0x00000b         Data  Gb  vregs.o [4]
?b12                    0x00000c         Data  Gb  vregs.o [4]
?b13                    0x00000d         Data  Gb  vregs.o [4]
?b14                    0x00000e         Data  Gb  vregs.o [4]
?b15                    0x00000f         Data  Gb  vregs.o [4]
?b2                     0x000002         Data  Gb  vregs.o [4]
?b3                     0x000003         Data  Gb  vregs.o [4]
?b4                     0x000004         Data  Gb  vregs.o [4]
?b5                     0x000005         Data  Gb  vregs.o [4]
?b6                     0x000006         Data  Gb  vregs.o [4]
?b7                     0x000007         Data  Gb  vregs.o [4]
?b8                     0x000008         Data  Gb  vregs.o [4]
?b9                     0x000009         Data  Gb  vregs.o [4]
?dc32_l0                0x00a634         Code  Gb  dc_util.o [4]
?dc32_l1                0x00a641         Code  Gb  dc_util.o [4]
?dc32_px                0x00a64e         Code  Gb  dc_util.o [4]
?e0                     0x000001         Data  Gb  vregs.o [4]
?e1                     0x000005         Data  Gb  vregs.o [4]
?e2                     0x000009         Data  Gb  vregs.o [4]
?e3                     0x00000d         Data  Gb  vregs.o [4]
?epilogue_l2            0x00940a         Code  Gb  vreg_util.o [4]
?epilogue_l2_l3         0x009407         Code  Gb  vreg_util.o [4]
?epilogue_l2_w6         0x00940e         Code  Gb  vreg_util.o [4]
?epilogue_w4            0x009415         Code  Gb  vreg_util.o [4]
?l0                     0x000000         Data  Gb  vregs.o [4]
?l1                     0x000004         Data  Gb  vregs.o [4]
?l2                     0x000008         Data  Gb  vregs.o [4]
?l3                     0x00000c         Data  Gb  vregs.o [4]
?load32_0x_l0           0x00a302         Code  Gb  long_util.o [4]
?load32_asp_l0          0x00a2f6         Code  Gb  long_util.o [4]
?load32_dbsp_l0         0x00a2f1         Code  Gb  long_util.o [4]
?load32_l0_0x           0x00a2d9         Code  Gb  long_util.o [4]
?load32_l0_asp          0x00a2ce         Code  Gb  long_util.o [4]
?load32_l0_dbsp         0x00a2c9         Code  Gb  long_util.o [4]
?load32_l0_xsp          0x00a2d0         Code  Gb  long_util.o [4]
?load32_l1_0x           0x00a2e5         Code  Gb  long_util.o [4]
?load32_xsp_l0          0x00a2f8         Code  Gb  long_util.o [4]
?longfarg16_v_w0_a      0x00a6ff         Code  Gb  move.o [4]
?longfarg16_v_w0_x      0x00a701         Code  Gb  move.o [4]
?mov_e0_e1              0x00941c         Code  Gb  vreg_util.o [4]
?mov_e0_e2              0x009429         Code  Gb  vreg_util.o [4]
?mov_e0_e3              0x009436         Code  Gb  vreg_util.o [4]
?mov_e1_e0              0x009443         Code  Gb  vreg_util.o [4]
?mov_e1_e2              0x009450         Code  Gb  vreg_util.o [4]
?mov_e1_e3              0x00945d         Code  Gb  vreg_util.o [4]
?mov_e2_e0              0x00946a         Code  Gb  vreg_util.o [4]
?mov_e3_e0              0x009477         Code  Gb  vreg_util.o [4]
?mov_l0_l1              0x009419         Code  Gb  vreg_util.o [4]
?mov_l0_l2              0x009426         Code  Gb  vreg_util.o [4]
?mov_l0_l3              0x009433         Code  Gb  vreg_util.o [4]
?mov_l1_l0              0x009440         Code  Gb  vreg_util.o [4]
?mov_l1_l2              0x00944d         Code  Gb  vreg_util.o [4]
?mov_l1_l3              0x00945a         Code  Gb  vreg_util.o [4]
?mov_l2_l0              0x009467         Code  Gb  vreg_util.o [4]
?mov_l3_l0              0x009474         Code  Gb  vreg_util.o [4]
?mov_w1_w3              0x00941f         Code  Gb  vreg_util.o [4]
?mov_w1_w5              0x00942c         Code  Gb  vreg_util.o [4]
?mov_w1_w7              0x009439         Code  Gb  vreg_util.o [4]
?mov_w3_w1              0x009446         Code  Gb  vreg_util.o [4]
?mov_w3_w5              0x009453         Code  Gb  vreg_util.o [4]
?mov_w3_w7              0x009460         Code  Gb  vreg_util.o [4]
?mov_w5_w1              0x00946d         Code  Gb  vreg_util.o [4]
?mov_w7_w1              0x00947a         Code  Gb  vreg_util.o [4]
?move1616_v_x_y_a       0x00a6f2         Code  Gb  move.o [4]
?mul16_x_x_w0           0x00a541         Code  Gb  short.o [4]
?mul32_l0_l0_0x         0x008d35         Code  Gb  long.o [4]
?mul32_l0_l0_dl         0x008d32         Code  Gb  long.o [4]
?mul32_l0_l0_l1         0x008d3e         Code  Gb  long.o [4]
?or32_l0_l0_0x          0x008e31         Code  Gb  long.o [4]
?pop_l0                 0x0093d3         Code  Gb  vreg_util.o [4]
?pop_l1                 0x0093de         Code  Gb  vreg_util.o [4]
?pop_l2                 0x0093e9         Code  Gb  vreg_util.o [4]
?pop_l3                 0x0093f4         Code  Gb  vreg_util.o [4]
?pop_w4                 0x009385         Code  Gb  vreg_util.o [4]
?pop_w6                 0x00938c         Code  Gb  vreg_util.o [4]
?pop_w7                 0x009393         Code  Gb  vreg_util.o [4]
?push_l0                0x0093a2         Code  Gb  vreg_util.o [4]
?push_l1                0x0093a7         Code  Gb  vreg_util.o [4]
?push_l2                0x0093ac         Code  Gb  vreg_util.o [4]
?push_l3                0x0093b1         Code  Gb  vreg_util.o [4]
?push_w4                0x009363         Code  Gb  vreg_util.o [4]
?push_w6                0x009368         Code  Gb  vreg_util.o [4]
?push_w7                0x00936d         Code  Gb  vreg_util.o [4]
?sext32_l0_x            0x008e6b         Code  Gb  long.o [4]
?sll16_x_x_a            0x00a55f         Code  Gb  short.o [4]
?sll32_0x_0x_a          0x008e4c         Code  Gb  long.o [4]
?sll32_l0_l0_a          0x008e49         Code  Gb  long.o [4]
?srl16_x_x_4            0x00a567         Code  Gb  short.o [4]
?srl32_0x_0x_a          0x008e5d         Code  Gb  long.o [4]
?srl32_l0_l0_a          0x008e5a         Code  Gb  long.o [4]
?srl8_a_a_5             0x00ab57         Code  Gb  char.o [4]
?srl8_a_a_6             0x00ab56         Code  Gb  char.o [4]
?sub32_l0_l0_0x         0x008d1a         Code  Gb  long.o [4]
?sub32_l0_l0_l1         0x008d17         Code  Gb  long.o [4]
?udiv32_l0_dl_l1        0x008dbc         Code  Gb  long.o [4]
?udiv32_l0_l0_dl        0x008dc1         Code  Gb  long.o [4]
?udiv32_l0_l0_l1        0x008dc4         Code  Gb  long.o [4]
?umod32_l1_l0_l1        0x008dc4         Code  Gb  long.o [4]
?w0                     0x000000         Data  Gb  vregs.o [4]
?w1                     0x000002         Data  Gb  vregs.o [4]
?w2                     0x000004         Data  Gb  vregs.o [4]
?w3                     0x000006         Data  Gb  vregs.o [4]
?w4                     0x000008         Data  Gb  vregs.o [4]
?w5                     0x00000a         Data  Gb  vregs.o [4]
?w6                     0x00000c         Data  Gb  vregs.o [4]
?w7                     0x00000e         Data  Gb  vregs.o [4]
ADC2_IRQHandler         0x00ab9b    0x1  Code  Gb  stm8s_it.o [1]
AF_Mute_Init            0x00aaa0    0xc  Code  Gb  McuConfig.o [1]
AUDIO_IOAFMUT           0x00a82c   0x17  Code  Gb  McuConfig.o [1]
AUDIO_IOAFPOW           0x00a843   0x17  Code  Gb  McuConfig.o [1]
AWU_IRQHandler          0x00ab8a    0x1  Code  Gb  stm8s_it.o [1]
ApiAtCmd_10msRenew      0x009f41   0x63  Code  Gb  ApiAtCmd.o [1]
ApiPocCmd_10msRenew     0x00a108   0x4d  Code  Gb  ApiPocCmd.o [1]
ApiPocCmd_WritCommand   0x009902   0xbb  Code  Gb  ApiPocCmd.o [1]
AtCmdDrvobj             0x0007af   0x77  Data  Lc  ApiAtCmd.o [1]
AtNotify_Queue          0x008080   0x4c  Code  Lc  DrvGD83.o [1]
AtNotify_Queue_Start    0x0080cc   0x55  Code  Lc  DrvGD83.o [1]
BaseAdd                 0x000026   0x20  Data  Gb  DrvGT20L16S1Y.o [1]
BitTab                  0x00ab24    0x8  Data  Gb  ApiDisplay.o [1]
CHAR_HIGH               0x00a90f   0x10  Data  Gb  ApiDisplay.o [1]
CHAR_WIDTH              0x00a91f   0x10  Data  Gb  ApiDisplay.o [1]
CLK_ClockSwitchConfig   0x009bc0   0xa2  Code  Gb  stm8s_clk.o [1]
CLK_GetClockFreq        0x00a05d   0x57  Code  Gb  stm8s_clk.o [1]
CLK_HSIPrescalerConfig  0x00a8c4   0x13  Code  Gb  stm8s_clk.o [1]
CLK_IRQHandler          0x00ab8b    0x1  Code  Gb  stm8s_it.o [1]
COML_AscToHex           0x009827   0xdb  Code  Gb  CommonLib.o [1]
CSTACK$$Base            0x001700          --   Gb  - Linker created -
CSTACK$$Limit           0x001800          --   Gb  - Linker created -
C_TEST_OUT_SET          0x00aab8    0xc  Code  Gb  McuConfig.o [1]
DEL_1msProcess          0x00ab09    0x6  Code  Lc  Delay.o [1]
DEL_GetTimer            0x00a0b4   0x54  Code  Gb  Delay.o [1]
DEL_Interrupt           0x009b1e   0xa2  Code  Gb  Delay.o [1]
DEL_PowerOnInitial      0x00a6d3   0x1f  Code  Gb  Delay.o [1]
DEL_Renew               0x00ab0f    0x3  Code  Gb  Delay.o [1]
DEL_SetTimer            0x009df6   0x73  Code  Gb  Delay.o [1]
DEL_Soft1ms             0x00a74d   0x1c  Code  Gb  Delay.o [1]
DEL_TimerRenew          0x00a596   0x28  Code  Lc  Delay.o [1]
DISP_DataBuf            0x009748   0xdf  Code  Lc  ApiDisplay.o [1]
DISP_MulTypePro         0x0099bd   0xb2  Code  Lc  ApiDisplay.o [1]
DefaultSystemClockForHSI
                        0x00a784   0x1b  Code  Gb  sysclock.o [1]
DelDrvObj               0x000898    0xb  Data  Lc  Delay.o [1]
DisDataBit              0x000826   0x40  Data  Gb  ApiDisplay.o [1]
DisDataBuf              0x0005af  0x200  Data  Gb  ApiDisplay.o [1]
DisDrvObj               0x0008a3    0x4  Data  Lc  ApiDisplay.o [1]
DrvGD83DrvObj           0x0003a3  0x20c  Data  Lc  DrvGD83.o [1]
DrvGD83_Init            0x00a7b7   0x18  Code  Gb  McuConfig.o [1]
DrvGD83_UART_TxCommand  0x009d7c   0x7a  Code  Gb  DrvGD83.o [1]
DrvMC8332_AtNotify_Queue_front
                        0x00a237   0x49  Code  Gb  DrvGD83.o [1]
DrvMC8332_PocNotify_Queue_front
                        0x00a280   0x49  Code  Gb  DrvGD83.o [1]
DrvMC8332_TxPort_SetValidable
                        0x00a515   0x2c  Code  Gb  DrvGD83.o [1]
DrvMC8332_UART_Interrupt
                        0x008271  0x2d7  Code  Gb  DrvGD83.o [1]
DrvMc8332_UART_TxTail   0x009667   0xe1  Code  Gb  DrvGD83.o [1]
EEPROM_EEC_IRQHandler   0x00ab9d    0x1  Code  Gb  stm8s_it.o [1]
EXTI_PORTA_IRQHandler   0x00ab8c    0x1  Code  Gb  stm8s_it.o [1]
EXTI_PORTB_IRQHandler   0x00ab8d    0x1  Code  Gb  stm8s_it.o [1]
EXTI_PORTC_IRQHandler   0x00ab8e    0x1  Code  Gb  stm8s_it.o [1]
EXTI_PORTD_IRQHandler   0x00ab8f    0x1  Code  Gb  stm8s_it.o [1]
EXTI_PORTE_IRQHandler   0x00ab90    0x1  Code  Gb  stm8s_it.o [1]
FLASH_EraseOptionByte   0x00a5e6   0x27  Code  Gb  stm8s_flash.o [1]
FLASH_Lock              0x00ab42    0x7  Code  Gb  stm8s_flash.o [1]
FLASH_ProgramOptionByte
                        0x00a67d   0x24  Code  Gb  stm8s_flash.o [1]
FLASH_Unlock            0x00a871   0x16  Code  Gb  stm8s_flash.o [1]
FLASH_WaitForLastOperation
                        0x00a384   0x36  Code  Gb  stm8s_flash.o [1]
GD83_ON                 0x00a7cf   0x18  Code  Gb  McuConfig.o [1]
GPIO_Init               0x009a6f   0xaf  Code  Gb  stm8s_gpio.o [1]
GPIO_ReadInputPin       0x00ab12    0x9  Code  Gb  stm8s_gpio.o [1]
GPIO_WriteHigh          0x00ab49    0x7  Code  Gb  stm8s_gpio.o [1]
GPIO_WriteLow           0x00ab6a    0x4  Code  Gb  stm8s_gpio.o [1]
GT20_DelTime            0x00a89c   0x14  Code  Lc  DrvGT20L16S1Y.o [1]
GT20_GetData            0x009fa4   0x5f  Code  Lc  DrvGT20L16S1Y.o [1]
GT20_GetDisData         0x00a34e   0x36  Code  Lc  DrvGT20L16S1Y.o [1]
GT20_SendByte           0x00a003   0x5a  Code  Lc  DrvGT20L16S1Y.o [1]
GT20_SendCommand        0x00a1a1   0x4c  Code  Lc  DrvGT20L16S1Y.o [1]
HSE_ClockStartUpConfiguration
                        0x00a4b8   0x30  Code  Lc  sysclock.o [1]
HSIDivFactor            0x00ab66    0x4  Data  Gb  stm8s_clk.o [1]
HtgDrvObj               0x0008a7    0x2  Data  Lc  DrvHTG12832.o [1]
I2C_IRQHandler          0x00ab98    0x1  Code  Gb  stm8s_it.o [1]
INTVEC$$Base            0x008000          --   Gb  - Linker created -
INTVEC$$Limit           0x008080          --   Gb  - Linker created -
ITC_SetSoftwarePriority
                        0x009481  0x101  Code  Gb  stm8s_itc.o [1]
Key_Flag_1              0x0008a9    0x1  Data  Gb  ApiKeyboard.o [1]
Key_Init                0x00a488   0x30  Code  Gb  McuConfig.o [1]
Keyboard_Test           0x008548  0x21a  Code  Gb  ApiKeyboard.o [1]
LED_Init                0x00a79f   0x18  Code  Gb  McuConfig.o [1]
ListenState             0x00a711   0x1e  Code  Gb  ApiPocCmd.o [1]
MIC_GPIO_Init           0x00aa94    0xc  Code  Gb  McuConfig.o [1]
MIC_IOMUT               0x00a815   0x17  Code  Gb  McuConfig.o [1]
Noise_Mute_Init         0x00aaac    0xc  Code  Gb  McuConfig.o [1]
Notify_Queue_Stop       0x008176   0xfb  Code  Lc  DrvGD83.o [1]
PocCmdDrvobj            0x00004e  0x355  Data  Lc  ApiPocCmd.o [1]
PocNotify_Queue         0x00a155   0x4c  Code  Lc  DrvGD83.o [1]
PocNotify_Queue_Start   0x008121   0x55  Code  Lc  DrvGD83.o [1]
Region$$Table$$Base     0x00a6a1          --   Gb  - Linker created -
Region$$Table$$Limit    0x00a6b3          --   Gb  - Linker created -
SPI_IRQHandler          0x00ab91    0x1  Code  Gb  stm8s_it.o [1]
Set_GreenLed            0x00a7e7   0x17  Code  Gb  McuConfig.o [1]
Set_RedLed              0x00a7fe   0x17  Code  Gb  McuConfig.o [1]
SystemClock_Init        0x00a60d   0x27  Code  Gb  sysclock.o [1]
TIM1_CAP_COM_IRQHandler
                        0x00ab93    0x1  Code  Gb  stm8s_it.o [1]
TIM1_UPD_OVF_TRG_BRK_IRQHandler
                        0x00ab92    0x1  Code  Gb  stm8s_it.o [1]
TIM2_CAP_COM_IRQHandler
                        0x00ab95    0x1  Code  Gb  stm8s_it.o [1]
TIM2_UPD_OVF_BRK_IRQHandler
                        0x00ab94    0x1  Code  Gb  stm8s_it.o [1]
TIM3_ARRPreloadConfig   0x00aa7a    0xd  Code  Gb  stm8s_tim3.o [1]
TIM3_CAP_COM_IRQHandler
                        0x00ab96    0x1  Code  Gb  stm8s_it.o [1]
TIM3_ClearITPendingBit  0x00ab5c    0x5  Code  Gb  stm8s_tim3.o [1]
TIM3_Cmd                0x00aa6d    0xd  Code  Gb  stm8s_tim3.o [1]
TIM3_ITConfig           0x00a8d7   0x13  Code  Gb  stm8s_tim3.o [1]
TIM3_PrescalerConfig    0x00ab1b    0x9  Code  Gb  stm8s_tim3.o [1]
TIM3_TimeBaseInit       0x00aac4    0xc  Code  Gb  stm8s_tim3.o [1]
TIM3_UPD_OVF_BRK_IRQHandler
                        0x00a769   0x1b  Code  Gb  stm8s_it.o [1]
TIM4_UPD_OVF_IRQHandler
                        0x00ab9c    0x1  Code  Gb  stm8s_it.o [1]
TLI_IRQHandler          0x00ab89    0x1  Code  Gb  stm8s_it.o [1]
TRAP_IRQHandler         0x00ab88    0x1  Code  Gb  stm8s_it.o [1]
Tim3_Timer_Init         0x00a659   0x24  Code  Gb  McuConfig.o [1]
TimeVal                 0x00001e    0x8  Data  Gb  DrvGT20L16S1Y.o [1]
UART1_Cmd               0x00aa87    0xd  Code  Gb  stm8s_uart1.o [1]
UART1_DeInit            0x00a4e8   0x2d  Code  Gb  stm8s_uart1.o [1]
UART1_GetFlagStatus     0x00a456   0x32  Code  Gb  stm8s_uart1.o [1]
UART1_GetITStatus       0x009c62   0x90  Code  Gb  stm8s_uart1.o [1]
UART1_ITConfig          0x009ed5   0x6c  Code  Gb  stm8s_uart1.o [1]
UART1_Init              0x00922f  0x134  Code  Gb  stm8s_uart1.o [1]
UART1_RX_IRQHandler     0x00a6b3   0x20  Code  Gb  stm8s_it.o [1]
UART1_ReceiveData8      0x00ab6e    0x4  Code  Gb  stm8s_uart1.o [1]
UART1_SendData8         0x00ab72    0x4  Code  Gb  stm8s_uart1.o [1]
UART1_TX_IRQHandler     0x00ab97    0x1  Code  Gb  stm8s_it.o [1]
UART3_RX_IRQHandler     0x00ab9a    0x1  Code  Gb  stm8s_it.o [1]
UART3_TX_IRQHandler     0x00ab99    0x1  Code  Gb  stm8s_it.o [1]
Uart1_Init              0x00a56c   0x2a  Code  Gb  McuConfig.o [1]
__DebugBreak            0x00ab9e    0x1  Code  Gb  __dbg_break.o [3]
__exit                  0x00a8b0   0x14  Code  Gb  __dbg_xxexit.o [3]
__iar_copy_init2        0x00a5be         Code  Gb  init_small.o [4]
__iar_data_init2        0x00a85a   0x17  Code  Gb  init.o [4]
__iar_program_start     0x00a8ea         Code  Gb  cstartup.o [4]
__iar_unhandled_exception
                        0x00ab85         Code  Gb  unhandled_exception.o [4]
__iar_zero_init2        0x00a72f         Code  Gb  init_small.o [4]
__intvec                0x008000         Data  Gb  interrupt.o [4]
__low_level_init        0x00ab7f    0x3  Code  Gb  low_level_init.o [4]
_exit                   0x00ab61         Code  Gb  cexit.o [4]
_interrupt_1            0x00ab88         Code  Gb  stm8s_it.o [1]
_interrupt_12           0x00ab91         Code  Gb  stm8s_it.o [1]
_interrupt_13           0x00ab92         Code  Gb  stm8s_it.o [1]
_interrupt_14           0x00ab93         Code  Gb  stm8s_it.o [1]
_interrupt_15           0x00ab94         Code  Gb  stm8s_it.o [1]
_interrupt_16           0x00ab95         Code  Gb  stm8s_it.o [1]
_interrupt_17           0x00a769         Code  Gb  stm8s_it.o [1]
_interrupt_18           0x00ab96         Code  Gb  stm8s_it.o [1]
_interrupt_19           0x00ab97         Code  Gb  stm8s_it.o [1]
_interrupt_2            0x00ab89         Code  Gb  stm8s_it.o [1]
_interrupt_20           0x00a6b3         Code  Gb  stm8s_it.o [1]
_interrupt_21           0x00ab98         Code  Gb  stm8s_it.o [1]
_interrupt_22           0x00ab99         Code  Gb  stm8s_it.o [1]
_interrupt_23           0x00ab9a         Code  Gb  stm8s_it.o [1]
_interrupt_24           0x00ab9b         Code  Gb  stm8s_it.o [1]
_interrupt_25           0x00ab9c         Code  Gb  stm8s_it.o [1]
_interrupt_26           0x00ab9d         Code  Gb  stm8s_it.o [1]
_interrupt_3            0x00ab8a         Code  Gb  stm8s_it.o [1]
_interrupt_4            0x00ab8b         Code  Gb  stm8s_it.o [1]
_interrupt_5            0x00ab8c         Code  Gb  stm8s_it.o [1]
_interrupt_6            0x00ab8d         Code  Gb  stm8s_it.o [1]
_interrupt_7            0x00ab8e         Code  Gb  stm8s_it.o [1]
_interrupt_8            0x00ab8f         Code  Gb  stm8s_it.o [1]
_interrupt_9            0x00ab90         Code  Gb  stm8s_it.o [1]
api_disp_all_screen_refresh
                        0x00a1ed   0x4a  Code  Gb  ApiDisplay.o [1]
api_disp_char_output    0x00a887   0x15  Code  Gb  ApiDisplay.o [1]
api_lcd_pwr_on_hint     0x00a3f0   0x33  Code  Gb  ApiDisplay.o [1]
drv_gt20_data_output    0x008b62  0x19a  Code  Gb  DrvGT20L16S1Y.o [1]
drv_gt20_pwr_on_init    0x00a453    0x3  Code  Gb  DrvGT20L16S1Y.o [1]
drv_htg_clr_allscr      0x008880   0x31  Code  Gb  DrvHTG12832.o [1]
drv_htg_pwr_on_init     0x008972    0x9  Code  Gb  DrvHTG12832.o [1]
drv_htg_reset           0x008762    0x5  Code  Gb  DrvHTG12832.o [1]
drv_htg_set_address     0x0087d6   0x3b  Code  Gb  DrvHTG12832.o [1]
drv_htg_write_command   0x008767   0x6f  Code  Gb  DrvHTG12832.o [1]
drv_htg_write_data      0x008811   0x6f  Code  Gb  DrvHTG12832.o [1]
drv_keypad_scan         0x00897b  0x1e7  Code  Gb  DrvKeyboard.o [1]
exit                    0x00ab82    0x3  Code  Gb  exit.o [4]
get_key_value           0x009582   0xe5  Code  Gb  ApiKeyboard.o [1]
htg_delay_ms            0x0088b1   0x1e  Code  Lc  DrvHTG12832.o [1]
htg_initial             0x0088cf   0x5b  Code  Lc  DrvHTG12832.o [1]
key_scan_board          0x008fc0  0x139  Code  Gb  DrvKeyboard.o [1]
main                    0x00ab79    0x3  Code  Gb  main.o [1]
main_app                0x008e76  0x14a  Code  Gb  System.o [1]
mcu_gt20_initial        0x00a423   0x30  Code  Lc  DrvGT20L16S1Y.o [1]
mcu_key_pad_out         0x009cf2   0x8a  Code  Gb  DrvKeyboard.o [1]
mcu_key_pad_read        0x009e69   0x6c  Code  Gb  DrvKeyboard.o [1]
mcu_key_pad_set         0x0090f9  0x136  Code  Gb  DrvKeyboard.o [1]
mcu_lcd_initial         0x00892a   0x48  Code  Lc  DrvHTG12832.o [1]
memcmp                  0x00a3ba   0x36  Code  Gb  memcmp.o [4]
strlen                  0x00a8fd   0x12  Code  Gb  strlen.o [4]
ucAtPocHead             0x000016    0x2  Data  Gb  ApiPocCmd.o [1]
ucEndPTT                0x00004a    0x2  Data  Gb  System.o [1]
ucKeyDown               0x000014    0x2  Data  Gb  ApiKeyboard.o [1]
ucKeyUp                 0x000012    0x2  Data  Gb  ApiKeyboard.o [1]
ucPocOpenConfig         0x000046    0x2  Data  Gb  System.o [1]
ucRxCheckCard           0x000010    0x2  Data  Gb  ApiAtCmd.o [1]
ucRxOkHeadInfo          0x00001c    0x2  Data  Gb  DrvGD83.o [1]
ucRxPocHeadInfo         0x00001a    0x2  Data  Gb  DrvGD83.o [1]
ucStartPTT              0x000048    0x2  Data  Gb  System.o [1]
ucSwitch                0x00004c    0x2  Data  Gb  System.o [1]
ucTxPocHeadInfo         0x000018    0x2  Data  Gb  DrvGD83.o [1]


[1] = E:\1-source\A508\PRJ\Debug\Obj
[2] = command line
[3] = dbgstm8smd.a
[4] = dlstm8smn.a

  10 509 bytes of readonly  code memory
     658 bytes of readonly  data memory
   2 475 bytes of readwrite data memory

Errors: none
Warnings: none
