###############################################################################
#
# IAR ELF Linker V2.20.1.176 for STM8                     01/Feb/2018  20:40:13
# Copyright 2010-2015 IAR Systems AB.
#
#    Output file  =  E:\1-source\A508\PRJ\Debug\Exe\A508_DEMO1.out
#    Map file     =  E:\1-source\A508\PRJ\Debug\List\A508_DEMO1.map
#    Command line =  
#        E:\1-source\A508\PRJ\Debug\Obj\ADC.o
#        E:\1-source\A508\PRJ\Debug\Obj\ApiAtCmd.o
#        E:\1-source\A508\PRJ\Debug\Obj\ApiBeidou.o
#        E:\1-source\A508\PRJ\Debug\Obj\ApiDisplay.o
#        E:\1-source\A508\PRJ\Debug\Obj\ApiGpsCmd.o
#        E:\1-source\A508\PRJ\Debug\Obj\ApiKeyboard.o
#        E:\1-source\A508\PRJ\Debug\Obj\ApiLED.o
#        E:\1-source\A508\PRJ\Debug\Obj\ApiMenu.o
#        E:\1-source\A508\PRJ\Debug\Obj\ApiPocCmd.o
#        E:\1-source\A508\PRJ\Debug\Obj\Beep.o
#        E:\1-source\A508\PRJ\Debug\Obj\CommonLib.o
#        E:\1-source\A508\PRJ\Debug\Obj\Config.o
#        E:\1-source\A508\PRJ\Debug\Obj\Delay.o
#        E:\1-source\A508\PRJ\Debug\Obj\DrvGD83.o
#        E:\1-source\A508\PRJ\Debug\Obj\DrvGT20L16S1Y.o
#        E:\1-source\A508\PRJ\Debug\Obj\DrvHTG12832.o
#        E:\1-source\A508\PRJ\Debug\Obj\DrvKeyboard.o
#        E:\1-source\A508\PRJ\Debug\Obj\Flash_eeprom.o
#        E:\1-source\A508\SRC\Syetem\GT20L16_STM8_DOUBLE_MEDIUM_IAR.a
#        E:\1-source\A508\PRJ\Debug\Obj\GT20L16P1Y_D.o
#        E:\1-source\A508\PRJ\Debug\Obj\main.o
#        E:\1-source\A508\PRJ\Debug\Obj\McuConfig.o
#        E:\1-source\A508\PRJ\Debug\Obj\stm8s_adc2.o
#        E:\1-source\A508\PRJ\Debug\Obj\stm8s_awu.o
#        E:\1-source\A508\PRJ\Debug\Obj\stm8s_beep.o
#        E:\1-source\A508\PRJ\Debug\Obj\stm8s_clk.o
#        E:\1-source\A508\PRJ\Debug\Obj\stm8s_exti.o
#        E:\1-source\A508\PRJ\Debug\Obj\stm8s_flash.o
#        E:\1-source\A508\PRJ\Debug\Obj\stm8s_gpio.o
#        E:\1-source\A508\PRJ\Debug\Obj\stm8s_i2c.o
#        E:\1-source\A508\PRJ\Debug\Obj\stm8s_it.o
#        E:\1-source\A508\PRJ\Debug\Obj\stm8s_itc.o
#        E:\1-source\A508\PRJ\Debug\Obj\stm8s_iwdg.o
#        E:\1-source\A508\PRJ\Debug\Obj\stm8s_rst.o
#        E:\1-source\A508\PRJ\Debug\Obj\stm8s_spi.o
#        E:\1-source\A508\PRJ\Debug\Obj\stm8s_tim1.o
#        E:\1-source\A508\PRJ\Debug\Obj\stm8s_tim2.o
#        E:\1-source\A508\PRJ\Debug\Obj\stm8s_tim3.o
#        E:\1-source\A508\PRJ\Debug\Obj\stm8s_tim4.o
#        E:\1-source\A508\PRJ\Debug\Obj\stm8s_uart1.o
#        E:\1-source\A508\PRJ\Debug\Obj\stm8s_uart3.o
#        E:\1-source\A508\PRJ\Debug\Obj\stm8s_wwdg.o
#        E:\1-source\A508\PRJ\Debug\Obj\sysclock.o
#        E:\1-source\A508\PRJ\Debug\Obj\System.o
#        E:\1-source\A508\PRJ\Debug\Obj\Task.o
#        E:\1-source\A508\PRJ\Debug\Obj\Tone.o
#        E:\1-source\A508\PRJ\Debug\Obj\uart3.o
#        E:\1-source\A508\PRJ\Debug\Obj\Voice.o --redirect _Printf=_PrintfSmall
#        --redirect _Scanf=_ScanfSmall -o
#        E:\1-source\A508\PRJ\Debug\Exe\A508_DEMO1.out --map
#        E:\1-source\A508\PRJ\Debug\List\A508_DEMO1.map --config "C:\Program
#        Files\IAR Systems\Embedded Workbench
#        7.3\stm8\config\lnkstm8s007c8.icf" --config_def _CSTACK_SIZE=0x100
#        --config_def _HEAP_SIZE=0x00 --entry __iar_program_start --debug_lib
#
###############################################################################

*******************************************************************************
*** RUNTIME MODEL ATTRIBUTES
***

__SystemLibrary            = DLib
__code_model               = medium_or_large
__core                     = stm8
__data_model               = medium
__dlib_file_descriptor     = 0
__dlib_full_locale_support = 0
__rt_version               = 4


*******************************************************************************
*** PLACEMENT SUMMARY
***

"A1":  place at start of [0x000000-0x0000ff] { rw section .vregs };
"A2":  place at end of [0x000000-0x0017ff] { block CSTACK };
"P2":  place in [from 0x000000 to 0x0017ff] {
          block HEAP, rw section __DLIB_PERTHREAD, rw section .far.bss,
          rw section .far.data, rw section .far.noinit,
          rw section .far_func.textrw, rw section .huge.bss,
          rw section .huge.data, rw section .huge.noinit,
          rw section .huge_func.textrw, rw section .iar.dynexit,
          rw section .near.bss, rw section .near.data, rw section .near.noinit,
          rw section .near_func.textrw };
"A3":  place at start of [0x008000-0x00ffff] { block INTVEC };
"P3":  place in [from 0x008000 to 0x00ffff] {
          ro section __DLIB_PERTHREAD_init, ro section .far.data_init,
          ro section .far_func.textrw_init, ro section .huge.data_init,
          ro section .huge_func.textrw_init, ro section .iar.init_table,
          ro section .init_array, ro section .near.data_init,
          ro section .near.rodata, ro section .near_func.text,
          ro section .near_func.textrw_init, ro section .tiny.data_init,
          ro section .tiny.rodata_init };
"P4":  place in [from 0x008000 to 0x00ffff repeat 2] {
          ro section .far.rodata, ro section .far_func.text };

  Section            Kind      Address    Size  Object
  -------            ----      -------    ----  ------
"A1":                                     0x10
  .vregs             uninit   0x000000    0x10  vregs.o [5]
                            - 0x000010    0x10

"P2", part 1 of 4:                       0xbf7
  .near.bss          zero     0x000010   0xbf7  ApiPocCmd.o [1]
                            - 0x000c07   0xbf7

"P2", part 2 of 4:                       0x3a6
  .near.bss          zero     0x000c07   0x3a6  DrvGD83.o [1]
                            - 0x000fad   0x3a6

"P2", part 3 of 4:                       0x6ef
  .near.bss          zero     0x000fad   0x224  ApiGpsCmd.o [1]
  .near.bss          zero     0x0011d1   0x200  ApiDisplay.o [1]
  .near.bss          zero     0x0013d1    0x82  ApiAtCmd.o [1]
  .near.bss          zero     0x001453    0x50  ApiPocCmd.o [1]
  .near.bss          zero     0x0014a3    0x4b  ApiBeidou.o [1]
  .near.bss          zero     0x0014ee    0x44  uart3.o [1]
  .near.bss          zero     0x001532    0x40  ApiDisplay.o [1]
  .near.bss          zero     0x001572    0x2d  ApiPocCmd.o [1]
  .near.bss          zero     0x00159f    0x16  ApiPocCmd.o [1]
  .near.bss          zero     0x0015b5    0x14  System.o [1]
  .near.bss          zero     0x0015c9    0x12  Beep.o [1]
  .near.bss          zero     0x0015db    0x12  Tone.o [1]
  .near.bss          zero     0x0015ed     0xf  ApiPocCmd.o [1]
  .near.bss          zero     0x0015fc     0xf  ApiPocCmd.o [1]
  .near.bss          zero     0x00160b     0xf  ApiPocCmd.o [1]
  .near.bss          zero     0x00161a     0xb  ApiPocCmd.o [1]
  .near.bss          zero     0x001625     0xb  Delay.o [1]
  .near.bss          zero     0x001630     0x6  ApiBeidou.o [1]
  .near.bss          zero     0x001636     0x6  Voice.o [1]
  .near.bss          zero     0x00163c     0x4  ApiBeidou.o [1]
  .near.bss          zero     0x001640     0x4  ApiBeidou.o [1]
  .near.bss          zero     0x001644     0x4  ApiBeidou.o [1]
  .near.bss          zero     0x001648     0x4  ApiBeidou.o [1]
  .near.bss          zero     0x00164c     0x4  ApiBeidou.o [1]
  .near.bss          zero     0x001650     0x4  ApiBeidou.o [1]
  .near.bss          zero     0x001654     0x4  uart3.o [1]
  .near.bss          zero     0x001658     0x2  ApiBeidou.o [1]
  .near.bss          zero     0x00165a     0x2  ApiBeidou.o [1]
  .near.bss          zero     0x00165c     0x2  ApiDisplay.o [1]
  .near.bss          zero     0x00165e     0x2  DrvHTG12832.o [1]
  .near.bss          zero     0x001660     0x1  ADC.o [1]
  .near.bss          zero     0x001661     0x1  ADC.o [1]
  .near.bss          zero     0x001662     0x1  ADC.o [1]
  .near.bss          zero     0x001663     0x1  ApiAtCmd.o [1]
  .near.bss          zero     0x001664     0x1  ApiAtCmd.o [1]
  .near.bss          zero     0x001665     0x1  ApiAtCmd.o [1]
  .near.bss          zero     0x001666     0x1  ApiAtCmd.o [1]
  .near.bss          zero     0x001667     0x1  ApiAtCmd.o [1]
  .near.bss          zero     0x001668     0x1  ApiAtCmd.o [1]
  .near.bss          zero     0x001669     0x1  ApiAtCmd.o [1]
  .near.bss          zero     0x00166a     0x1  ApiBeidou.o [1]
  .near.bss          zero     0x00166b     0x1  ApiBeidou.o [1]
  .near.bss          zero     0x00166c     0x1  ApiGpsCmd.o [1]
  .near.bss          zero     0x00166d     0x1  ApiKeyboard.o [1]
  .near.bss          zero     0x00166e     0x1  ApiKeyboard.o [1]
  .near.bss          zero     0x00166f     0x1  ApiKeyboard.o [1]
  .near.bss          zero     0x001670     0x1  ApiKeyboard.o [1]
  .near.bss          zero     0x001671     0x1  ApiKeyboard.o [1]
  .near.bss          zero     0x001672     0x1  ApiKeyboard.o [1]
  .near.bss          zero     0x001673     0x1  ApiKeyboard.o [1]
  .near.bss          zero     0x001674     0x1  ApiKeyboard.o [1]
  .near.bss          zero     0x001675     0x1  ApiKeyboard.o [1]
  .near.bss          zero     0x001676     0x1  ApiKeyboard.o [1]
  .near.bss          zero     0x001677     0x1  ApiKeyboard.o [1]
  .near.bss          zero     0x001678     0x1  ApiKeyboard.o [1]
  .near.bss          zero     0x001679     0x1  ApiKeyboard.o [1]
  .near.bss          zero     0x00167a     0x1  ApiKeyboard.o [1]
  .near.bss          zero     0x00167b     0x1  ApiKeyboard.o [1]
  .near.bss          zero     0x00167c     0x1  ApiKeyboard.o [1]
  .near.bss          zero     0x00167d     0x1  ApiKeyboard.o [1]
  .near.bss          zero     0x00167e     0x1  ApiKeyboard.o [1]
  .near.bss          zero     0x00167f     0x1  ApiKeyboard.o [1]
  .near.bss          zero     0x001680     0x1  ApiLED.o [1]
  .near.bss          zero     0x001681     0x1  ApiPocCmd.o [1]
  .near.bss          zero     0x001682     0x1  ApiPocCmd.o [1]
  .near.bss          zero     0x001683     0x1  ApiPocCmd.o [1]
  .near.bss          zero     0x001684     0x1  ApiPocCmd.o [1]
  .near.bss          zero     0x001685     0x1  ApiPocCmd.o [1]
  .near.bss          zero     0x001686     0x1  ApiPocCmd.o [1]
  .near.bss          zero     0x001687     0x1  ApiPocCmd.o [1]
  .near.bss          zero     0x001688     0x1  ApiPocCmd.o [1]
  .near.bss          zero     0x001689     0x1  ApiPocCmd.o [1]
  .near.bss          zero     0x00168a     0x1  ApiPocCmd.o [1]
  .near.bss          zero     0x00168b     0x1  ApiPocCmd.o [1]
  .near.bss          zero     0x00168c     0x1  Delay.o [1]
  .near.bss          zero     0x00168d     0x1  Delay.o [1]
  .near.bss          zero     0x00168e     0x1  Delay.o [1]
  .near.bss          zero     0x00168f     0x1  Delay.o [1]
  .near.bss          zero     0x001690     0x1  Delay.o [1]
  .near.bss          zero     0x001691     0x1  Delay.o [1]
  .near.bss          zero     0x001692     0x1  Delay.o [1]
  .near.bss          zero     0x001693     0x1  Delay.o [1]
  .near.bss          zero     0x001694     0x1  Delay.o [1]
  .near.bss          zero     0x001695     0x1  DrvGD83.o [1]
  .near.bss          zero     0x001696     0x1  Task.o [1]
  .near.bss          zero     0x001697     0x1  Task.o [1]
  .near.bss          zero     0x001698     0x1  Task.o [1]
  .near.bss          zero     0x001699     0x1  Task.o [1]
  .near.bss          zero     0x00169a     0x1  Task.o [1]
  .near.bss          zero     0x00169b     0x1  Task.o [1]
                            - 0x00169c   0x6ef

"P2", part 4 of 4:                        0x62
  P2-1                        0x00169c    0x62  <Init block>
    .near.data       inited   0x00169c     0x1  ApiAtCmd.o [1]
    .near.data       inited   0x00169d     0x2  ApiAtCmd.o [1]
    .near.data       inited   0x00169f     0x2  ApiAtCmd.o [1]
    .near.data       inited   0x0016a1     0x2  ApiAtCmd.o [1]
    .near.data       inited   0x0016a3     0x2  ApiAtCmd.o [1]
    .near.data       inited   0x0016a5     0x2  ApiAtCmd.o [1]
    .near.data       inited   0x0016a7     0x2  ApiAtCmd.o [1]
    .near.data       inited   0x0016a9     0x2  ApiAtCmd.o [1]
    .near.data       inited   0x0016ab     0x2  ApiAtCmd.o [1]
    .near.data       inited   0x0016ad     0x2  ApiAtCmd.o [1]
    .near.data       inited   0x0016af     0x2  ApiAtCmd.o [1]
    .near.data       inited   0x0016b1     0x2  ApiAtCmd.o [1]
    .near.data       inited   0x0016b3     0x2  ApiAtCmd.o [1]
    .near.data       inited   0x0016b5     0x2  ApiAtCmd.o [1]
    .near.data       inited   0x0016b7     0x2  ApiAtCmd.o [1]
    .near.data       inited   0x0016b9     0x2  ApiAtCmd.o [1]
    .near.data       inited   0x0016bb     0x2  ApiAtCmd.o [1]
    .near.data       inited   0x0016bd     0x2  ApiAtCmd.o [1]
    .near.data       inited   0x0016bf     0x2  ApiAtCmd.o [1]
    .near.data       inited   0x0016c1     0x2  ApiAtCmd.o [1]
    .near.data       inited   0x0016c3     0x2  ApiAtCmd.o [1]
    .near.data       inited   0x0016c5     0x2  ApiAtCmd.o [1]
    .near.data       inited   0x0016c7     0x1  ApiKeyboard.o [1]
    .near.data       inited   0x0016c8     0x2  ApiKeyboard.o [1]
    .near.data       inited   0x0016ca     0x2  ApiKeyboard.o [1]
    .near.data       inited   0x0016cc     0x2  ApiKeyboard.o [1]
    .near.data       inited   0x0016ce     0x1  ApiKeyboard.o [1]
    .near.data       inited   0x0016cf     0x1  ApiKeyboard.o [1]
    .near.data       inited   0x0016d0     0x2  ApiPocCmd.o [1]
    .near.data       inited   0x0016d2     0x2  ApiPocCmd.o [1]
    .near.data       inited   0x0016d4     0x2  Delay.o [1]
    .near.data       inited   0x0016d6     0x2  Delay.o [1]
    .near.data       inited   0x0016d8     0x2  DrvGD83.o [1]
    .near.data       inited   0x0016da     0x2  DrvGD83.o [1]
    .near.data       inited   0x0016dc     0x2  DrvGD83.o [1]
    .near.data       inited   0x0016de     0x2  DrvGD83.o [1]
    .near.data       inited   0x0016e0     0x2  System.o [1]
    .near.data       inited   0x0016e2     0x1  Task.o [1]
    .near.data       inited   0x0016e3     0x1  Task.o [1]
    .near.data       inited   0x0016e4     0x2  Task.o [1]
    .near.data       inited   0x0016e6     0x2  Task.o [1]
    .near.data       inited   0x0016e8     0x2  Task.o [1]
    .near.data       inited   0x0016ea     0x2  Task.o [1]
    .near.data       inited   0x0016ec     0x2  Task.o [1]
    .near.data       inited   0x0016ee     0x2  Task.o [1]
    .near.data       inited   0x0016f0     0x2  Task.o [1]
    .near.data       inited   0x0016f2     0x2  Task.o [1]
    .near.data       inited   0x0016f4     0x2  Task.o [1]
    .near.data       inited   0x0016f6     0x2  Task.o [1]
    .near.data       inited   0x0016f8     0x2  Task.o [1]
    .near.data       inited   0x0016fa     0x2  Task.o [1]
    .near.data       inited   0x0016fc     0x2  Task.o [1]
                            - 0x0016fe    0x62

"A2":                                    0x100
  CSTACK                      0x001700   0x100  <Block>
    CSTACK           uninit   0x001700   0x100  <Block tail>
                            - 0x001800   0x100

"A3":                                     0x80
  INTVEC                      0x008000    0x80  <Block>
    .intvec          const    0x008000    0x80  interrupt.o [5]
                            - 0x008080    0x80

"P3":                                   0x29d8
  .near.rodata       const    0x008080  0x1b00  GT20L16P1Y_D.o [1]
  .near.rodata       const    0x009b80   0x400  ApiDisplay.o [1]
  .near.rodata       const    0x009f80   0x1b0  GT20L16P1Y_D.o [1]
  .near.rodata       const    0x00a130   0x1b0  GT20L16P1Y_D.o [1]
  Initializer bytes  const    0x00a2e0    0x62  <for P2-1>
  .near_func.text    const    0x00a342    0x40  ApiDisplay.o [1]
  .near.rodata       const    0x00a382    0x3e  GT20L16P1Y.o [3]
  .near.rodata       const    0x00a3c0    0x31  Task.o [1]
  .near.rodata       const    0x00a3f1    0x2a  Task.o [1]
  .near.rodata       const    0x00a41b    0x25  Task.o [1]
  .near.rodata       const    0x00a440    0x25  Task.o [1]
  .near.rodata       const    0x00a465    0x25  Task.o [1]
  .iar.init_table    const    0x00a48a    0x1c  - Linker created -
  .near.rodata       const    0x00a4a6    0x1d  ADC.o [1]
  .near.rodata       const    0x00a4c3    0x1d  ADC.o [1]
  .near.rodata       const    0x00a4e0    0x1d  ADC.o [1]
  .near.rodata       const    0x00a4fd    0x1d  ADC.o [1]
  .near.rodata       const    0x00a51a    0x1d  Task.o [1]
  .near.rodata       const    0x00a537    0x19  ADC.o [1]
  .near.rodata       const    0x00a550    0x18  Task.o [1]
  .near.rodata       const    0x00a568    0x15  ADC.o [1]
  .near.rodata       const    0x00a57d    0x13  ApiAtCmd.o [1]
  .near.rodata       const    0x00a590    0x13  Task.o [1]
  .near.rodata       const    0x00a5a3    0x13  Task.o [1]
  .near.rodata       const    0x00a5b6    0x12  ApiAtCmd.o [1]
  .near.rodata       const    0x00a5c8    0x12  Task.o [1]
  .near.rodata       const    0x00a5da    0x11  ApiKeyboard.o [1]
  .near.rodata       const    0x00a5eb    0x11  ApiKeyboard.o [1]
  .near.rodata       const    0x00a5fc    0x11  ApiKeyboard.o [1]
  .near.rodata       const    0x00a60d    0x11  ApiKeyboard.o [1]
  .near.rodata       const    0x00a61e    0x11  ApiKeyboard.o [1]
  .near.rodata       const    0x00a62f    0x11  ApiKeyboard.o [1]
  .near.rodata       const    0x00a640    0x11  ApiKeyboard.o [1]
  .near.rodata       const    0x00a651    0x11  ApiMenu.o [1]
  .near.rodata       const    0x00a662    0x11  ApiMenu.o [1]
  .near.rodata       const    0x00a673    0x11  ApiMenu.o [1]
  .near.rodata       const    0x00a684    0x11  ApiMenu.o [1]
  .near.rodata       const    0x00a695    0x11  ApiMenu.o [1]
  .near.rodata       const    0x00a6a6    0x11  ApiMenu.o [1]
  .near.rodata       const    0x00a6b7    0x11  ApiMenu.o [1]
  .near.rodata       const    0x00a6c8    0x11  ApiMenu.o [1]
  .near.rodata       const    0x00a6d9    0x11  ApiMenu.o [1]
  .near.rodata       const    0x00a6ea    0x11  ApiMenu.o [1]
  .near.rodata       const    0x00a6fb    0x11  ApiMenu.o [1]
  .near.rodata       const    0x00a70c    0x11  CommonLib.o [1]
  .near.rodata       const    0x00a71d    0x11  Delay.o [1]
  .near.rodata       const    0x00a72e    0x11  System.o [1]
  .near.rodata       const    0x00a73f    0x11  Task.o [1]
  .near.rodata       const    0x00a750    0x11  Task.o [1]
  .near.rodata       const    0x00a761    0x11  Task.o [1]
  .near.rodata       const    0x00a772    0x11  Task.o [1]
  .near.rodata       const    0x00a783    0x11  Task.o [1]
  .near.rodata       const    0x00a794    0x11  Task.o [1]
  .near.rodata       const    0x00a7a5    0x11  Task.o [1]
  .near.rodata       const    0x00a7b6    0x11  Task.o [1]
  .near.rodata       const    0x00a7c7    0x11  Task.o [1]
  .near.rodata       const    0x00a7d8    0x11  Task.o [1]
  .near.rodata       const    0x00a7e9    0x10  ApiAtCmd.o [1]
  .near.rodata       const    0x00a7f9    0x10  ApiAtCmd.o [1]
  .near.rodata       const    0x00a809    0x10  ApiDisplay.o [1]
  .near.rodata       const    0x00a819    0x10  ApiDisplay.o [1]
  .near.rodata       const    0x00a829    0x10  uart3.o [1]
  .near.rodata       const    0x00a839     0xf  ApiAtCmd.o [1]
  .near.rodata       const    0x00a848     0xf  ApiKeyboard.o [1]
  .near.rodata       const    0x00a857     0xf  Delay.o [1]
  .near.rodata       const    0x00a866     0xf  Task.o [1]
  .near.rodata       const    0x00a875     0xf  Task.o [1]
  .near.rodata       const    0x00a884     0xe  ApiAtCmd.o [1]
  .near.rodata       const    0x00a892     0xe  ApiAtCmd.o [1]
  .near.rodata       const    0x00a8a0     0xe  ApiAtCmd.o [1]
  .near.rodata       const    0x00a8ae     0xe  Delay.o [1]
  .near.rodata       const    0x00a8bc     0xe  Task.o [1]
  .near.rodata       const    0x00a8ca     0xe  Task.o [1]
  .near.rodata       const    0x00a8d8     0xd  ApiPocCmd.o [1]
  .near.rodata       const    0x00a8e5     0xd  ApiPocCmd.o [1]
  .near.rodata       const    0x00a8f2     0xd  Task.o [1]
  .near.rodata       const    0x00a8ff     0xc  ApiAtCmd.o [1]
  .near.rodata       const    0x00a90b     0xc  Delay.o [1]
  .near.rodata       const    0x00a917     0xb  ApiAtCmd.o [1]
  .near.rodata       const    0x00a922     0xb  ApiAtCmd.o [1]
  .near.rodata       const    0x00a92d     0xb  Delay.o [1]
  .near.rodata       const    0x00a938     0xb  Task.o [1]
  .near.rodata       const    0x00a943     0xa  ApiAtCmd.o [1]
  .near.rodata       const    0x00a94d     0xa  ApiAtCmd.o [1]
  .near.rodata       const    0x00a957     0xa  ApiAtCmd.o [1]
  .near.rodata       const    0x00a961     0xa  Task.o [1]
  .near.rodata       const    0x00a96b     0x9  ApiAtCmd.o [1]
  .near.rodata       const    0x00a974     0x9  ApiAtCmd.o [1]
  .near.rodata       const    0x00a97d     0x9  ApiAtCmd.o [1]
  .near.rodata       const    0x00a986     0x9  ApiKeyboard.o [1]
  .near.rodata       const    0x00a98f     0x9  ApiKeyboard.o [1]
  .near.rodata       const    0x00a998     0x9  ApiMenu.o [1]
  .near.rodata       const    0x00a9a1     0x9  DrvGD83.o [1]
  .near.rodata       const    0x00a9aa     0x9  System.o [1]
  .near.rodata       const    0x00a9b3     0x9  Task.o [1]
  .near.rodata       const    0x00a9bc     0x9  Task.o [1]
  .near.rodata       const    0x00a9c5     0x8  ApiAtCmd.o [1]
  .near.rodata       const    0x00a9cd     0x8  ApiAtCmd.o [1]
  .near.rodata       const    0x00a9d5     0x8  ApiDisplay.o [1]
  .near.rodata       const    0x00a9dd     0x8  ApiPocCmd.o [1]
  .near.rodata       const    0x00a9e5     0x8  Task.o [1]
  .near.rodata       const    0x00a9ed     0x7  ApiAtCmd.o [1]
  .near.rodata       const    0x00a9f4     0x7  ApiAtCmd.o [1]
  .near.rodata       const    0x00a9fb     0x7  ApiPocCmd.o [1]
  .near.rodata       const    0x00aa02     0x7  DrvGD83.o [1]
  .near.rodata       const    0x00aa09     0x7  Task.o [1]
  .near.rodata       const    0x00aa10     0x7  Task.o [1]
  .near.rodata       const    0x00aa17     0x6  DrvGD83.o [1]
  .near.rodata       const    0x00aa1d     0x6  System.o [1]
  .near.rodata       const    0x00aa23     0x4  ApiMenu.o [1]
  .near.rodata       const    0x00aa27     0x4  ApiMenu.o [1]
  .near.rodata       const    0x00aa2b     0x4  ApiMenu.o [1]
  .near.rodata       const    0x00aa2f     0x4  ApiMenu.o [1]
  .near.rodata       const    0x00aa33     0x4  ApiMenu.o [1]
  .near.rodata       const    0x00aa37     0x4  ApiMenu.o [1]
  .near.rodata       const    0x00aa3b     0x4  ApiMenu.o [1]
  .near.rodata       const    0x00aa3f     0x4  ApiMenu.o [1]
  .near.rodata       const    0x00aa43     0x4  stm8s_clk.o [1]
  .near.rodata       const    0x00aa47     0x4  uart3.o [1]
  .near.rodata       const    0x00aa4b     0x4  uart3.o [1]
  .near.rodata       const    0x00aa4f     0x3  DrvGD83.o [1]
  .near.rodata       const    0x00aa52     0x3  uart3.o [1]
  .near.rodata       const    0x00aa55     0x3  uart3.o [1]
                            - 0x00aa58  0x29d8

"P4", part 1 of 2:                      0x44fa
  .far_func.text     ro code  0x00aa58   0x823  DrvGD83.o [1]
  .far_func.text     ro code  0x00b27b   0x5e6  ApiKeyboard.o [1]
  .far_func.text     ro code  0x00b861   0x541  Task.o [1]
  .far_func.text     ro code  0x00bda2   0x4a2  ApiGpsCmd.o [1]
  .far_func.text     ro code  0x00c244   0x43c  ApiPocCmd.o [1]
  .far_func.text     ro code  0x00c680   0x332  ApiGpsCmd.o [1]
  .far_func.text     ro code  0x00c9b2   0x30f  Beep.o [1]
  .far_func.text     ro code  0x00ccc1   0x2cd  GT20L16P1Y.o [3]
  .far_func.text     ro code  0x00cf8e   0x284  ApiAtCmd.o [1]
  .far_func.text     ro code  0x00d212   0x255  ApiGpsCmd.o [1]
  .far_func.text     ro code  0x00d467   0x252  DrvHTG12832.o [1]
  .far_func.text     ro code  0x00d6b9   0x251  GT20L16P1Y.o [3]
  .far_func.text     ro code  0x00d90a   0x24e  Delay.o [1]
  .far_func.text     ro code  0x00db58   0x22c  Config.o [1]
  .far_func.text     ro code  0x00dd84   0x211  DrvKeyboard.o [1]
  .far_func.text     ro code  0x00df95   0x20b  float.o [5]
  .far_func.text     ro code  0x00e1a0   0x1eb  ApiBeidou.o [1]
  .far_func.text     ro code  0x00e38b   0x1dc  Task.o [1]
  .far_func.text     ro code  0x00e567   0x1d1  ApiGpsCmd.o [1]
  .far_func.text     ro code  0x00e738   0x1b4  ApiAtCmd.o [1]
  .far_func.text     ro code  0x00e8ec   0x1b2  uart3.o [1]
  .far_func.text     ro code  0x00ea9e   0x1a8  long.o [5]
  .far_func.text     ro code  0x00ec46   0x187  ApiMenu.o [1]
  .far_func.text     ro code  0x00edcd   0x185  GT20L16P1Y.o [3]
                            - 0x00ef52  0x44fa

"P4", part 2 of 2:                      0x44f6
  .far_func.text     ro code  0x010000   0x173  ApiPocCmd.o [1]
  .far_func.text     ro code  0x010173   0x173  ApiPocCmd.o [1]
  .far_func.text     ro code  0x0102e6   0x16e  ApiPocCmd.o [1]
  .far_func.text     ro code  0x010454   0x165  ApiGpsCmd.o [1]
  .far_func.text     ro code  0x0105b9   0x163  ApiPocCmd.o [1]
  .far_func.text     ro code  0x01071c   0x15c  vreg_util.o [5]
  .far_func.text     ro code  0x010878   0x159  stm8s_uart1.o [1]
  .far_func.text     ro code  0x0109d1   0x153  ApiAtCmd.o [1]
  .far_func.text     ro code  0x010b24   0x148  DrvKeyboard.o [1]
  .far_func.text     ro code  0x010c6c   0x143  System.o [1]
  .far_func.text     ro code  0x010daf   0x13f  DrvKeyboard.o [1]
  .far_func.text     ro code  0x010eee   0x13b  DrvGT20L16S1Y.o [1]
  .far_func.text     ro code  0x011029   0x138  ADC.o [1]
  .far_func.text     ro code  0x011161   0x134  DrvGT20L16S1Y.o [1]
  .far_func.text     ro code  0x011295   0x12a  stm8s_uart3.o [1]
  .far_func.text     ro code  0x0113bf   0x109  uart3.o [1]
  .far_func.text     ro code  0x0114c8   0x103  stm8s_itc.o [1]
  .far_func.text     ro code  0x0115cb    0xfa  CommonLib.o [1]
  .far_func.text     ro code  0x0116c5    0xf3  uart3.o [1]
  .far_func.text     ro code  0x0117b8    0xeb  DrvGD83.o [1]
  .far_func.text     ro code  0x0118a3    0xe9  uart3.o [1]
  .far_func.text     ro code  0x01198c    0xe5  ApiKeyboard.o [1]
  .far_func.text     ro code  0x011a71    0xdf  uart3.o [1]
  .far_func.text     ro code  0x011b50    0xd9  ApiDisplay.o [1]
  .far_func.text     ro code  0x011c29    0xd8  ApiPocCmd.o [1]
  .far_func.text     ro code  0x011d01    0xcd  ApiAtCmd.o [1]
  .far_func.text     ro code  0x011dce    0xc8  ApiDisplay.o [1]
  .far_func.text     ro code  0x011e96    0xc0  ApiDisplay.o [1]
  .far_func.text     ro code  0x011f56    0xba  uart3.o [1]
  .far_func.text     ro code  0x012010    0xb6  stm8s_uart3.o [1]
  .far_func.text     ro code  0x0120c6    0xb0  ApiDisplay.o [1]
  .far_func.text     ro code  0x012176    0xaf  stm8s_gpio.o [1]
  .far_func.text     ro code  0x012225    0xa3  Delay.o [1]
  .far_func.text     ro code  0x0122c8    0xa2  stm8s_clk.o [1]
  .far_func.text     ro code  0x01236a    0x99  stm8s_tim1.o [1]
  .far_func.text     ro code  0x012403    0x97  ApiDisplay.o [1]
  .far_func.text     ro code  0x01249a    0x96  CommonLib.o [1]
  .far_func.text     ro code  0x012530    0x96  DrvKeyboard.o [1]
  .far_func.text     ro code  0x0125c6    0x95  uart3.o [1]
  .far_func.text     ro code  0x01265b    0x92  stm8s_uart1.o [1]
  .far_func.text     ro code  0x0126ed    0x8d  stm8s_uart3.o [1]
  .far_func.text     ro code  0x01277a    0x88  ApiDisplay.o [1]
  .far_func.text     ro code  0x012802    0x85  ApiPocCmd.o [1]
  .far_func.text     ro code  0x012887    0x82  stm8s_adc2.o [1]
  .far_func.text     ro code  0x012909    0x80  DrvGD83.o [1]
  .far_func.text     ro code  0x012989    0x7a  ApiLED.o [1]
  .far_func.text     ro code  0x012a03    0x73  ApiAtCmd.o [1]
  .far_func.text     ro code  0x012a76    0x73  Delay.o [1]
  .far_func.text     ro code  0x012ae9    0x72  DrvKeyboard.o [1]
  .far_func.text     ro code  0x012b5b    0x71  Voice.o [1]
  .far_func.text     ro code  0x012bcc    0x6e  uart3.o [1]
  .far_func.text     ro code  0x012c3a    0x6d  stm8s_uart1.o [1]
  .far_func.text     ro code  0x012ca7    0x6b  Tone.o [1]
  .far_func.text     ro code  0x012d12    0x67  ApiAtCmd.o [1]
  .far_func.text     ro code  0x012d79    0x64  ApiDisplay.o [1]
  .far_func.text     ro code  0x012ddd    0x64  ApiGpsCmd.o [1]
  .far_func.text     ro code  0x012e41    0x64  long_util.o [5]
  .far_func.text     ro code  0x012ea5    0x62  ApiPocCmd.o [1]
  .far_func.text     ro code  0x012f07    0x61  stm8s_tim1.o [1]
  .far_func.text     ro code  0x012f68    0x5f  ADC.o [1]
  .far_func.text     ro code  0x012fc7    0x5e  CommonLib.o [1]
  .far_func.text     ro code  0x013025    0x5d  short.o [5]
  .far_func.text     ro code  0x013082    0x5c  GT20L16P1Y_D.o [1]
  .far_func.text     ro code  0x0130de    0x5a  ApiDisplay.o [1]
  .far_func.text     ro code  0x013138    0x58  stm8s_clk.o [1]
  .far_func.text     ro code  0x013190    0x58  dc_util.o [5]
  .far_func.text     ro code  0x0131e8    0x57  ApiDisplay.o [1]
  .far_func.text     ro code  0x01323f    0x56  Tone.o [1]
  .far_func.text     ro code  0x013295    0x55  Delay.o [1]
  .far_func.text     ro code  0x0132ea    0x54  stm8s_adc2.o [1]
  .far_func.text     ro code  0x01333e    0x52  uart3.o [1]
  .far_func.text     ro code  0x013390    0x52  uart3.o [1]
  .far_func.text     ro code  0x0133e2    0x50  Flash_eeprom.o [1]
  .far_func.text     ro code  0x013432    0x4f  ApiDisplay.o [1]
  .far_func.text     ro code  0x013481    0x4f  Flash_eeprom.o [1]
  .far_func.text     ro code  0x0134d0    0x4f  uart3.o [1]
  .far_func.text     ro code  0x01351f    0x4e  CommonLib.o [1]
  .far_func.text     ro code  0x01356d    0x4b  uart3.o [1]
  .far_func.text     ro code  0x0135b8    0x4a  DrvGD83.o [1]
  .far_func.text     ro code  0x013602    0x4a  DrvGD83.o [1]
  .far_func.text     ro code  0x01364c    0x4a  DrvGD83.o [1]
  .far_func.text     ro code  0x013696    0x4a  DrvGD83.o [1]
  .far_func.text     ro code  0x0136e0    0x49  stm8s_uart3.o [1]
  .far_func.text     ro code  0x013729    0x48  Flash_eeprom.o [1]
  .far_func.text     ro code  0x013771    0x48  GT20L16P1Y_D.o [1]
  .far_func.text     ro code  0x0137b9    0x48  GT20L16P1Y_D.o [1]
  .far_func.text     ro code  0x013801    0x47  GT20L16P1Y.o [3]
  .far_func.text     ro code  0x013848    0x45  Flash_eeprom.o [1]
  .far_func.text     ro code  0x01388d    0x43  stm8s_tim1.o [1]
  .far_func.text     ro code  0x0138d0    0x40  Task.o [1]
  .far_func.text     ro code  0x013910    0x3e  Flash_eeprom.o [1]
  .far_func.text     ro code  0x01394e    0x3d  DrvGD83.o [1]
  .far_func.text     ro code  0x01398b    0x39  uart3.o [1]
  .far_func.text     ro code  0x0139c4    0x38  Beep.o [1]
  .far_func.text     ro code  0x0139fc    0x38  DrvGT20L16S1Y.o [1]
  .far_func.text     ro code  0x013a34    0x36  stm8s_flash.o [1]
  .far_func.text     ro code  0x013a6a    0x36  sysclock.o [1]
  .far_func.text     ro code  0x013aa0    0x36  memcmp.o [5]
  .far_func.text     ro code  0x013ad6    0x34  McuConfig.o [1]
  .far_func.text     ro code  0x013b0a    0x32  stm8s_uart1.o [1]
  .far_func.text     ro code  0x013b3c    0x31  Voice.o [1]
  .far_func.text     ro code  0x013b6d    0x30  stm8s_adc2.o [1]
  .far_func.text     ro code  0x013b9d    0x2f  ApiDisplay.o [1]
  .far_func.text     ro code  0x013bcc    0x2f  ApiDisplay.o [1]
  .far_func.text     ro code  0x013bfb    0x2f  stm8s_adc2.o [1]
  .far_func.text     ro code  0x013c2a    0x2e  ApiDisplay.o [1]
  .far_func.text     ro code  0x013c58    0x2e  ApiDisplay.o [1]
  .far_func.text     ro code  0x013c86    0x2e  McuConfig.o [1]
  .far_func.text     ro code  0x013cb4    0x2d  ApiDisplay.o [1]
  .far_func.text     ro code  0x013ce1    0x2d  stm8s_uart1.o [1]
  .far_func.text     ro code  0x013d0e    0x2c  DrvGD83.o [1]
  .far_func.text     ro code  0x013d3a    0x2b  sysclock.o [1]
  .far_func.text     ro code  0x013d65    0x2b  Task.o [1]
  .far_func.text     ro code  0x013d90    0x29  Delay.o [1]
  .far_func.text     ro code  0x013db9    0x29  McuConfig.o [1]
  .far_func.text     ro code  0x013de2    0x28  stm8s_flash.o [1]
  .far_func.text     ro code  0x013e0a    0x28  init_small.o [5]
  .far_func.text     ro code  0x013e32    0x27  ADC.o [1]
  .far_func.text     ro code  0x013e59    0x27  McuConfig.o [1]
  .far_func.text     ro code  0x013e80    0x26  GT20L16P1Y_D.o [1]
  .far_func.text     ro code  0x013ea6    0x26  stm8s_it.o [1]
  .far_func.text     ro code  0x013ecc    0x26  Tone.o [1]
  .far_func.text     ro code  0x013ef2    0x26  memcpy.o [5]
  .far_func.text     ro code  0x013f18    0x25  stm8s_flash.o [1]
  .far_func.text     ro code  0x013f3d    0x25  stm8s_uart3.o [1]
  .far_func.text     ro code  0x013f62    0x25  move.o [5]
  .far_func.text     ro code  0x013f87    0x24  stm8s_tim1.o [1]
  .far_func.text     ro code  0x013fab    0x22  ADC.o [1]
  .far_func.text     ro code  0x013fcd    0x22  ApiPocCmd.o [1]
  .far_func.text     ro code  0x013fef    0x22  ApiPocCmd.o [1]
  .far_func.text     ro code  0x014011    0x21  ApiGpsCmd.o [1]
  .far_func.text     ro code  0x014032    0x21  ApiPocCmd.o [1]
  .far_func.text     ro code  0x014053    0x21  Delay.o [1]
  .far_func.text     ro code  0x014074    0x21  stm8s_adc2.o [1]
  .far_func.text     ro code  0x014095    0x21  stm8s_it.o [1]
  .far_func.text     ro code  0x0140b6    0x20  ApiPocCmd.o [1]
  .far_func.text     ro code  0x0140d6    0x1f  sysclock.o [1]
  .far_func.text     ro code  0x0140f5    0x1e  init.o [5]
  .far_func.text     ro code  0x014113    0x1e  init_small.o [5]
  .far_func.text     ro code  0x014131    0x1c  Beep.o [1]
  .far_func.text     ro code  0x01414d    0x1c  Delay.o [1]
  .far_func.text     ro code  0x014169    0x1b  stm8s_it.o [1]
  .far_func.text     ro code  0x014184    0x19  McuConfig.o [1]
  .far_func.text     ro code  0x01419d    0x19  McuConfig.o [1]
  .far_func.text     ro code  0x0141b6    0x19  McuConfig.o [1]
  .far_func.text     ro code  0x0141cf    0x19  McuConfig.o [1]
  .far_func.text     ro code  0x0141e8    0x19  McuConfig.o [1]
  .far_func.text     ro code  0x014201    0x17  ApiDisplay.o [1]
  .far_func.text     ro code  0x014218    0x17  ApiDisplay.o [1]
  .far_func.text     ro code  0x01422f    0x17  cstartup.o [5]
  .far_func.text     ro code  0x014246    0x17  memset.o [5]
  .far_func.text     ro code  0x01425d    0x16  stm8s_flash.o [1]
  .far_func.text     ro code  0x014273    0x16  __dbg_xxexit.o [4]
  .far_func.text     ro code  0x014289    0x14  stm8s_flash.o [1]
  .far_func.text     ro code  0x01429d    0x13  ApiPocCmd.o [1]
  .far_func.text     ro code  0x0142b0    0x13  ApiPocCmd.o [1]
  .far_func.text     ro code  0x0142c3    0x13  stm8s_adc2.o [1]
  .far_func.text     ro code  0x0142d6    0x13  stm8s_clk.o [1]
  .far_func.text     ro code  0x0142e9    0x13  stm8s_tim3.o [1]
  .far_func.text     ro code  0x0142fc    0x12  ApiPocCmd.o [1]
  .far_func.text     ro code  0x01430e    0x12  ApiPocCmd.o [1]
  .far_func.text     ro code  0x014320    0x12  uart3.o [1]
  .far_func.text     ro code  0x014332    0x12  strlen.o [5]
  .far_func.text     ro code  0x014344    0x10  uart3.o [1]
  .far_func.text     ro code  0x014354     0xf  Voice.o [1]
  .far_func.text     ro code  0x014363     0xe  far_util.o [5]
  .far_func.text     ro code  0x014371     0xd  McuConfig.o [1]
  .far_func.text     ro code  0x01437e     0xd  McuConfig.o [1]
  .far_func.text     ro code  0x01438b     0xd  McuConfig.o [1]
  .far_func.text     ro code  0x014398     0xd  McuConfig.o [1]
  .far_func.text     ro code  0x0143a5     0xd  stm8s_adc2.o [1]
  .far_func.text     ro code  0x0143b2     0xd  stm8s_tim1.o [1]
  .far_func.text     ro code  0x0143bf     0xd  stm8s_tim1.o [1]
  .far_func.text     ro code  0x0143cc     0xd  stm8s_tim1.o [1]
  .far_func.text     ro code  0x0143d9     0xd  stm8s_tim3.o [1]
  .far_func.text     ro code  0x0143e6     0xd  stm8s_tim3.o [1]
  .far_func.text     ro code  0x0143f3     0xd  stm8s_uart1.o [1]
  .far_func.text     ro code  0x014400     0xd  stm8s_uart3.o [1]
  .far_func.text     ro code  0x01440d     0xc  stm8s_tim3.o [1]
  .far_func.text     ro code  0x014419     0xb  ApiPocCmd.o [1]
  .far_func.text     ro code  0x014424     0xa  ApiAtCmd.o [1]
  .far_func.text     ro code  0x01442e     0x9  stm8s_gpio.o [1]
  .far_func.text     ro code  0x014437     0x9  stm8s_tim3.o [1]
  .far_func.text     ro code  0x014440     0x7  ApiPocCmd.o [1]
  .far_func.text     ro code  0x014447     0x7  stm8s_flash.o [1]
  .far_func.text     ro code  0x01444e     0x7  stm8s_gpio.o [1]
  .far_func.text     ro code  0x014455     0x6  char.o [5]
  .far_func.text     ro code  0x01445b     0x6  cexit.o [5]
  .far_func.text     ro code  0x014461     0x5  stm8s_adc2.o [1]
  .far_func.text     ro code  0x014466     0x5  stm8s_flash.o [1]
  .far_func.text     ro code  0x01446b     0x5  stm8s_flash.o [1]
  .far_func.text     ro code  0x014470     0x5  stm8s_tim3.o [1]
  .far_func.text     ro code  0x014475     0x4  ApiAtCmd.o [1]
  .far_func.text     ro code  0x014479     0x4  ApiAtCmd.o [1]
  .far_func.text     ro code  0x01447d     0x4  ApiAtCmd.o [1]
  .far_func.text     ro code  0x014481     0x4  ApiAtCmd.o [1]
  .far_func.text     ro code  0x014485     0x4  ApiAtCmd.o [1]
  .far_func.text     ro code  0x014489     0x4  ApiAtCmd.o [1]
  .far_func.text     ro code  0x01448d     0x4  ApiGpsCmd.o [1]
  .far_func.text     ro code  0x014491     0x4  ApiGpsCmd.o [1]
  .far_func.text     ro code  0x014495     0x4  ApiPocCmd.o [1]
  .far_func.text     ro code  0x014499     0x4  ApiPocCmd.o [1]
  .far_func.text     ro code  0x01449d     0x4  ApiPocCmd.o [1]
  .far_func.text     ro code  0x0144a1     0x4  ApiPocCmd.o [1]
  .far_func.text     ro code  0x0144a5     0x4  ApiPocCmd.o [1]
  .far_func.text     ro code  0x0144a9     0x4  ApiPocCmd.o [1]
  .far_func.text     ro code  0x0144ad     0x4  main.o [1]
  .far_func.text     ro code  0x0144b1     0x4  stm8s_gpio.o [1]
  .far_func.text     ro code  0x0144b5     0x4  stm8s_uart1.o [1]
  .far_func.text     ro code  0x0144b9     0x4  stm8s_uart1.o [1]
  .far_func.text     ro code  0x0144bd     0x4  stm8s_uart3.o [1]
  .far_func.text     ro code  0x0144c1     0x4  stm8s_uart3.o [1]
  .far_func.text     ro code  0x0144c5     0x4  System.o [1]
  .far_func.text     ro code  0x0144c9     0x4  System.o [1]
  .far_func.text     ro code  0x0144cd     0x4  Task.o [1]
  .far_func.text     ro code  0x0144d1     0x4  interrupt.o [5]
  .far_func.text     ro code  0x0144d5     0x4  exit.o [5]
  .far_func.text     ro code  0x0144d9     0x3  low_level_init.o [5]
  .far_func.text     ro code  0x0144dc     0x3  unhandled_exception.o [5]
  .far_func.text     ro code  0x0144df     0x1  ApiKeyboard.o [1]
  .far_func.text     ro code  0x0144e0     0x1  stm8s_it.o [1]
  .far_func.text     ro code  0x0144e1     0x1  stm8s_it.o [1]
  .far_func.text     ro code  0x0144e2     0x1  stm8s_it.o [1]
  .far_func.text     ro code  0x0144e3     0x1  stm8s_it.o [1]
  .far_func.text     ro code  0x0144e4     0x1  stm8s_it.o [1]
  .far_func.text     ro code  0x0144e5     0x1  stm8s_it.o [1]
  .far_func.text     ro code  0x0144e6     0x1  stm8s_it.o [1]
  .far_func.text     ro code  0x0144e7     0x1  stm8s_it.o [1]
  .far_func.text     ro code  0x0144e8     0x1  stm8s_it.o [1]
  .far_func.text     ro code  0x0144e9     0x1  stm8s_it.o [1]
  .far_func.text     ro code  0x0144ea     0x1  stm8s_it.o [1]
  .far_func.text     ro code  0x0144eb     0x1  stm8s_it.o [1]
  .far_func.text     ro code  0x0144ec     0x1  stm8s_it.o [1]
  .far_func.text     ro code  0x0144ed     0x1  stm8s_it.o [1]
  .far_func.text     ro code  0x0144ee     0x1  stm8s_it.o [1]
  .far_func.text     ro code  0x0144ef     0x1  stm8s_it.o [1]
  .far_func.text     ro code  0x0144f0     0x1  stm8s_it.o [1]
  .far_func.text     ro code  0x0144f1     0x1  stm8s_it.o [1]
  .far_func.text     ro code  0x0144f2     0x1  stm8s_it.o [1]
  .far_func.text     ro code  0x0144f3     0x1  stm8s_it.o [1]
  .far_func.text     ro code  0x0144f4     0x1  stm8s_it.o [1]
  .far_func.text     ro code  0x0144f5     0x1  __dbg_break.o [4]
                            - 0x0144f6  0x44f6


*******************************************************************************
*** INIT TABLE
***

          Address   Size
          -------   ----
Zero (__iar_zero_init2)
    3 destination ranges, total size 0x168c:
          0x000010  0xbf7
          0x000c07  0x3a6
          0x000fad  0x6ef

Copy (__iar_copy_init2)
    1 source range, total size 0x62:
          0x00a2e0   0x62
    1 destination range, total size 0x62:
          0x00169c   0x62



*******************************************************************************
*** MODULE SUMMARY
***

    Module                 ro code  ro data  rw data
    ------                 -------  -------  -------
E:\1-source\A508\PRJ\Debug\Obj: [1]
    ADC.o                      480      162        3
    ApiAtCmd.o               1 876      290      180
    ApiBeidou.o                491               111
    ApiDisplay.o             1 705    1 128      578
    ApiGpsCmd.o              3 564               549
    ApiKeyboard.o            1 740      161       28
    ApiLED.o                   122                 1
    ApiMenu.o                  391      228
    ApiPocCmd.o              3 243       45    3 281
    Beep.o                     867                18
    CommonLib.o                572       17
    Config.o                   556
    Delay.o                  1 055       73       24
    DrvGD83.o                2 847       33      943
    DrvGT20L16S1Y.o            679
    DrvHTG12832.o              594                 2
    DrvKeyboard.o            1 440
    Flash_eeprom.o             362
    GT20L16P1Y_D.o             274    7 776
    McuConfig.o                355
    System.o                   331       34       22
    Task.o                   1 932      641       34
    Tone.o                     231                18
    Voice.o                    177                 6
    main.o                       4
    stm8s_adc2.o               379
    stm8s_clk.o                269        4
    stm8s_flash.o              190
    stm8s_gpio.o               195
    stm8s_it.o                 119
    stm8s_itc.o                259
    stm8s_tim1.o               392
    stm8s_tim3.o                71
    stm8s_uart1.o              716
    stm8s_uart3.o              752
    sysclock.o                 128
    uart3.o                  2 252       30       72
    ------------------------------------------------
    Total:                  31 610   10 622    5 870

command line: [2]
    ------------------------------------------------
    Total:

GT20L16_STM8_DOUBLE_MEDIUM_IAR.a: [3]
    GT20L16P1Y.o             1 770       62
    ------------------------------------------------
    Total:                   1 770       62

dbgstm8mmd.a: [4]
    __dbg_break.o                1
    __dbg_xxexit.o              22
    ------------------------------------------------
    Total:                      23

dlstm8mmn.a: [5]
    cexit.o                      6
    char.o                       6
    cstartup.o                  23
    dc_util.o                   88
    exit.o                       4
    far_util.o                  14
    float.o                    523
    init.o                      30
    init_small.o                70
    interrupt.o                  4      128
    long.o                     424
    long_util.o                100
    low_level_init.o             3
    memcmp.o                    54
    memcpy.o                    38
    memset.o                    23
    move.o                      37
    short.o                     93
    strlen.o                    18
    unhandled_exception.o        3
    vreg_util.o                348
    vregs.o                                       16
    ------------------------------------------------
    Total:                   1 909      128       16

    Linker created                       28      256
----------------------------------------------------
    Grand Total:            35 312   10 840    6 142


*******************************************************************************
*** ENTRY LIST
***

Entry                    Address    Size  Type      Object
-----                    -------    ----  ----      ------
.iar.init_table$$Base   0x00a48a           --   Gb  - Linker created -
.iar.init_table$$Limit  0x00a4a6           --   Gb  - Linker created -
?add32_l0_l0_0x         0x00eaa1          Code  Gb  long.o [5]
?add32_l0_l0_l1         0x00ea9e          Code  Gb  long.o [5]
?and32_l0_l0_0x         0x00ebe6          Code  Gb  long.o [5]
?and32_l0_l0_l1         0x00ebe3          Code  Gb  long.o [5]
?b0                     0x000000          Data  Gb  vregs.o [5]
?b1                     0x000001          Data  Gb  vregs.o [5]
?b10                    0x00000a          Data  Gb  vregs.o [5]
?b11                    0x00000b          Data  Gb  vregs.o [5]
?b12                    0x00000c          Data  Gb  vregs.o [5]
?b13                    0x00000d          Data  Gb  vregs.o [5]
?b14                    0x00000e          Data  Gb  vregs.o [5]
?b15                    0x00000f          Data  Gb  vregs.o [5]
?b2                     0x000002          Data  Gb  vregs.o [5]
?b3                     0x000003          Data  Gb  vregs.o [5]
?b4                     0x000004          Data  Gb  vregs.o [5]
?b5                     0x000005          Data  Gb  vregs.o [5]
?b6                     0x000006          Data  Gb  vregs.o [5]
?b7                     0x000007          Data  Gb  vregs.o [5]
?b8                     0x000008          Data  Gb  vregs.o [5]
?b9                     0x000009          Data  Gb  vregs.o [5]
?dc32_l0                0x013190          Code  Gb  dc_util.o [5]
?dc32_l1                0x0131bc          Code  Gb  dc_util.o [5]
?e0                     0x000001          Data  Gb  vregs.o [5]
?e1                     0x000005          Data  Gb  vregs.o [5]
?e2                     0x000009          Data  Gb  vregs.o [5]
?e3                     0x00000d          Data  Gb  vregs.o [5]
?epilogue_l2            0x0107d4          Code  Gb  vreg_util.o [5]
?epilogue_l2_l3         0x0107d0          Code  Gb  vreg_util.o [5]
?epilogue_l2_w6         0x0107d9          Code  Gb  vreg_util.o [5]
?epilogue_w4            0x0107e2          Code  Gb  vreg_util.o [5]
?fcastf32u32_l0_l0      0x00e065          Code  Gb  float.o [5]
?fcasts16f32_x_l0       0x00e030          Code  Gb  float.o [5]
?fmul32_l0_l0_dc32      0x00df95          Code  Gb  float.o [5]
?fmul32_l0_l0_l1        0x00df9b          Code  Gb  float.o [5]
?l0                     0x000000          Data  Gb  vregs.o [5]
?l1                     0x000004          Data  Gb  vregs.o [5]
?l2                     0x000008          Data  Gb  vregs.o [5]
?l3                     0x00000c          Data  Gb  vregs.o [5]
?load24_e1_0x           0x014363          Code  Gb  far_util.o [5]
?load32_0x_l0           0x012e97          Code  Gb  long_util.o [5]
?load32_l0_0x           0x012e5b          Code  Gb  long_util.o [5]
?load32_l0_asp          0x012e4f          Code  Gb  long_util.o [5]
?load32_l0_dbsp         0x012e41          Code  Gb  long_util.o [5]
?load32_l0_xsp          0x012e51          Code  Gb  long_util.o [5]
?load32_l1_0x           0x012e81          Code  Gb  long_util.o [5]
?load32_l1_asp          0x012e75          Code  Gb  long_util.o [5]
?load32_l1_dbsp         0x012e67          Code  Gb  long_util.o [5]
?load32_l1_xsp          0x012e77          Code  Gb  long_util.o [5]
?load32_xsp_l0          0x012e8d          Code  Gb  long_util.o [5]
?longfarg16_v_w0_a      0x013f6f          Code  Gb  move.o [5]
?longfarg16_v_w0_x      0x013f71          Code  Gb  move.o [5]
?mov_e0_e1              0x0107ff          Code  Gb  vreg_util.o [5]
?mov_e0_e2              0x01080c          Code  Gb  vreg_util.o [5]
?mov_e0_e3              0x010819          Code  Gb  vreg_util.o [5]
?mov_e1_e0              0x010826          Code  Gb  vreg_util.o [5]
?mov_e1_e2              0x010833          Code  Gb  vreg_util.o [5]
?mov_e1_e3              0x010840          Code  Gb  vreg_util.o [5]
?mov_e2_e0              0x01084d          Code  Gb  vreg_util.o [5]
?mov_e3_e0              0x010861          Code  Gb  vreg_util.o [5]
?mov_e3_e1              0x01086e          Code  Gb  vreg_util.o [5]
?mov_l0_l1              0x0107fc          Code  Gb  vreg_util.o [5]
?mov_l0_l2              0x010809          Code  Gb  vreg_util.o [5]
?mov_l0_l3              0x010816          Code  Gb  vreg_util.o [5]
?mov_l1_l0              0x010823          Code  Gb  vreg_util.o [5]
?mov_l1_l2              0x010830          Code  Gb  vreg_util.o [5]
?mov_l1_l3              0x01083d          Code  Gb  vreg_util.o [5]
?mov_l2_l0              0x01084a          Code  Gb  vreg_util.o [5]
?mov_l3_l0              0x01085e          Code  Gb  vreg_util.o [5]
?mov_l3_l1              0x01086b          Code  Gb  vreg_util.o [5]
?mov_w1_w3              0x010802          Code  Gb  vreg_util.o [5]
?mov_w1_w4              0x0107e7          Code  Gb  vreg_util.o [5]
?mov_w1_w5              0x01080f          Code  Gb  vreg_util.o [5]
?mov_w1_w7              0x01081c          Code  Gb  vreg_util.o [5]
?mov_w2_w1              0x0107ee          Code  Gb  vreg_util.o [5]
?mov_w3_w1              0x010829          Code  Gb  vreg_util.o [5]
?mov_w3_w5              0x010836          Code  Gb  vreg_util.o [5]
?mov_w3_w7              0x010843          Code  Gb  vreg_util.o [5]
?mov_w5_w1              0x010850          Code  Gb  vreg_util.o [5]
?mov_w5_w3              0x010857          Code  Gb  vreg_util.o [5]
?mov_w6_w0              0x0107f5          Code  Gb  vreg_util.o [5]
?mov_w7_w1              0x010864          Code  Gb  vreg_util.o [5]
?mov_w7_w3              0x010871          Code  Gb  vreg_util.o [5]
?move1616_v_x_y_a       0x013f62          Code  Gb  move.o [5]
?mul16_x_x_w0           0x013025          Code  Gb  short.o [5]
?mul32_l0_l0_0x         0x00ead4          Code  Gb  long.o [5]
?mul32_l0_l0_l1         0x00eadd          Code  Gb  long.o [5]
?or32_l0_l0_0x          0x00ec01          Code  Gb  long.o [5]
?or32_l0_l0_l1          0x00ebfe          Code  Gb  long.o [5]
?pop_l0                 0x010798          Code  Gb  vreg_util.o [5]
?pop_l1                 0x0107a3          Code  Gb  vreg_util.o [5]
?pop_l2                 0x0107ae          Code  Gb  vreg_util.o [5]
?pop_l3                 0x0107b9          Code  Gb  vreg_util.o [5]
?pop_w4                 0x010742          Code  Gb  vreg_util.o [5]
?pop_w5                 0x010749          Code  Gb  vreg_util.o [5]
?pop_w6                 0x010750          Code  Gb  vreg_util.o [5]
?push_l0                0x010763          Code  Gb  vreg_util.o [5]
?push_l1                0x010768          Code  Gb  vreg_util.o [5]
?push_l2                0x01076d          Code  Gb  vreg_util.o [5]
?push_l3                0x010772          Code  Gb  vreg_util.o [5]
?push_w4                0x01071c          Code  Gb  vreg_util.o [5]
?push_w5                0x010721          Code  Gb  vreg_util.o [5]
?push_w6                0x010726          Code  Gb  vreg_util.o [5]
?sdiv16_x_x_y           0x013043          Code  Gb  short.o [5]
?sext16_x_a             0x01307b          Code  Gb  short.o [5]
?sext32_l0_x            0x00ec3b          Code  Gb  long.o [5]
?sll16_x_x_4            0x013076          Code  Gb  short.o [5]
?sll16_x_x_5            0x013075          Code  Gb  short.o [5]
?sll16_x_x_6            0x013074          Code  Gb  short.o [5]
?sll16_x_x_a            0x01306c          Code  Gb  short.o [5]
?sll32_0x_0x_a          0x00ec1c          Code  Gb  long.o [5]
?sll32_l0_l0_a          0x00ec19          Code  Gb  long.o [5]
?smod16_y_x_y           0x01305c          Code  Gb  short.o [5]
?srl32_0x_0x_a          0x00ec2d          Code  Gb  long.o [5]
?srl32_l0_l0_a          0x00ec2a          Code  Gb  long.o [5]
?srl8_a_a_5             0x014456          Code  Gb  char.o [5]
?srl8_a_a_6             0x014455          Code  Gb  char.o [5]
?sub32_l0_l0_0x         0x00eabc          Code  Gb  long.o [5]
?sub32_l0_l0_l1         0x00eab9          Code  Gb  long.o [5]
?ucmp32_c_l0_l1         0x00ebd8          Code  Gb  long.o [5]
?udiv32_l0_dl_l1        0x00eb61          Code  Gb  long.o [5]
?udiv32_l0_l0_dl        0x00eb67          Code  Gb  long.o [5]
?udiv32_l0_l0_l1        0x00eb6b          Code  Gb  long.o [5]
?umod32_l1_l0_dl        0x00eb5b          Code  Gb  long.o [5]
?umod32_l1_l0_l1        0x00eb6b          Code  Gb  long.o [5]
?w0                     0x000000          Data  Gb  vregs.o [5]
?w1                     0x000002          Data  Gb  vregs.o [5]
?w2                     0x000004          Data  Gb  vregs.o [5]
?w3                     0x000006          Data  Gb  vregs.o [5]
?w4                     0x000008          Data  Gb  vregs.o [5]
?w5                     0x00000a          Data  Gb  vregs.o [5]
?w6                     0x00000c          Data  Gb  vregs.o [5]
?w7                     0x00000e          Data  Gb  vregs.o [5]
ADC2_Cmd                0x0143a5     0xd  Code  Gb  stm8s_adc2.o [1]
ADC2_ConversionConfig   0x013bfb    0x2f  Code  Gb  stm8s_adc2.o [1]
ADC2_ExternalTriggerConfig
                        0x014074    0x21  Code  Gb  stm8s_adc2.o [1]
ADC2_GetConversionValue
                        0x0132ea    0x54  Code  Gb  stm8s_adc2.o [1]
ADC2_IRQHandler         0x0144f2     0x1  Code  Gb  stm8s_it.o [1]
ADC2_Init               0x013b6d    0x30  Code  Gb  stm8s_adc2.o [1]
ADC2_PrescalerConfig    0x0142c3    0x13  Code  Gb  stm8s_adc2.o [1]
ADC2_SchmittTriggerConfig
                        0x012887    0x82  Code  Gb  stm8s_adc2.o [1]
ADC2_StartConversion    0x014461     0x5  Code  Gb  stm8s_adc2.o [1]
ADC_Init                0x013fab    0x22  Code  Gb  ADC.o [1]
AF_Mute_Init            0x01437e     0xd  Code  Gb  McuConfig.o [1]
ASCII_ActiveUserID      0x00159f    0x16  Data  Gb  ApiPocCmd.o [1]
AUDIO_IOAFMUT           0x0141cf    0x19  Code  Gb  McuConfig.o [1]
AUDIO_IOAFPOW           0x0141e8    0x19  Code  Gb  McuConfig.o [1]
AWU_IRQHandler          0x0144e2     0x1  Code  Gb  stm8s_it.o [1]
AkeyvolumeCount         0x0016c7     0x1  Data  Gb  ApiKeyboard.o [1]
AlarmCount              0x0016e2     0x1  Data  Gb  Task.o [1]
ApGpsCmd_10msRenew      0x014011    0x21  Code  Gb  ApiGpsCmd.o [1]
ApiAtCmd_100msRenew     0x00d191    0x81  Code  Gb  ApiAtCmd.o [1]
ApiAtCmd_10msRenew      0x011d01    0xcd  Code  Gb  ApiAtCmd.o [1]
ApiAtCmd_GetGroupName   0x0142fc    0x12  Code  Gb  ApiPocCmd.o [1]
ApiAtCmd_GetGroupNameLen
                        0x01429d    0x13  Code  Gb  ApiPocCmd.o [1]
ApiAtCmd_GetGroupNum    0x01449d     0x4  Code  Gb  ApiPocCmd.o [1]
ApiAtCmd_GetLoginState  0x014440     0x7  Code  Gb  ApiPocCmd.o [1]
ApiAtCmd_GetMainGroupId
                        0x0144a5     0x4  Code  Gb  ApiPocCmd.o [1]
ApiAtCmd_GetMainUserId  0x0144a9     0x4  Code  Gb  ApiPocCmd.o [1]
ApiAtCmd_GetMainUserName
                        0x014499     0x4  Code  Gb  ApiPocCmd.o [1]
ApiAtCmd_GetMainWorkName
                        0x014495     0x4  Code  Gb  ApiPocCmd.o [1]
ApiAtCmd_GetUserName    0x01430e    0x12  Code  Gb  ApiPocCmd.o [1]
ApiAtCmd_GetUserNameLen
                        0x0142b0    0x13  Code  Gb  ApiPocCmd.o [1]
ApiAtCmd_GetUserNum     0x0144a1     0x4  Code  Gb  ApiPocCmd.o [1]
ApiAtCmd_Get_DateTime_Information
                        0x0109d1   0x153  Code  Gb  ApiAtCmd.o [1]
ApiAtCmd_PlayVoice      0x012a03    0x73  Code  Gb  ApiAtCmd.o [1]
ApiAtCmd_TrumpetVoicePlay_Flag
                        0x001665     0x1  Data  Gb  ApiAtCmd.o [1]
ApiAtCmd_WritCommand    0x00cf8e   0x178  Code  Gb  ApiAtCmd.o [1]
ApiAtCmd_tcp_state      0x014424     0xa  Code  Gb  ApiAtCmd.o [1]
ApiBeidou_Get_location_Information
                        0x00e1a0   0x1eb  Code  Gb  ApiBeidou.o [1]
ApiCaretCmd_10msRenew   0x00e738   0x1b4  Code  Gb  ApiAtCmd.o [1]
ApiGpsCmd_100msRenew    0x00c06e   0x1d6  Code  Gb  ApiGpsCmd.o [1]
ApiGpsCmd_PowerOnInitial
                        0x00e567   0x1d1  Code  Gb  ApiGpsCmd.o [1]
ApiGps_GetTcpIpAddress  0x01448d     0x4  Code  Gb  ApiGpsCmd.o [1]
ApiGps_GetTcpPortAddress
                        0x014491     0x4  Code  Gb  ApiGpsCmd.o [1]
ApiPocCmd_10msRenew     0x00c244   0x43c  Code  Gb  ApiPocCmd.o [1]
ApiPocCmd_Tone_Flag     0x001688     0x1  Data  Gb  ApiPocCmd.o [1]
ApiPocCmd_WritCommand   0x0105b9   0x163  Code  Gb  ApiPocCmd.o [1]
ApiPocCmd_user_info_set
                        0x011c29    0xd8  Code  Gb  ApiPocCmd.o [1]
AtCmdDrvobj             0x0013d1    0x82  Data  Lc  ApiAtCmd.o [1]
AtCmd_NetParamCode      0x00d106    0x8b  Code  Lc  ApiAtCmd.o [1]
AtNotify_Queue          0x00aaf2    0x4d  Code  Lc  DrvGD83.o [1]
AtNotify_Queue_Start    0x00ab3f    0x56  Code  Lc  DrvGD83.o [1]
BDDirection             0x00165a     0x2  Data  Gb  ApiBeidou.o [1]
BDLatitude_Degree       0x001648     0x4  Data  Gb  ApiBeidou.o [1]
BDLatitude_Minute       0x00164c     0x4  Data  Gb  ApiBeidou.o [1]
BDLatitude_Second       0x001650     0x4  Data  Gb  ApiBeidou.o [1]
BDLongitude_Degree      0x00163c     0x4  Data  Gb  ApiBeidou.o [1]
BDLongitude_Minute      0x001640     0x4  Data  Gb  ApiBeidou.o [1]
BDLongitude_Second      0x001644     0x4  Data  Gb  ApiBeidou.o [1]
BDSpeed                 0x001658     0x2  Data  Gb  ApiBeidou.o [1]
BDValid                 0x00166b     0x1  Data  Gb  ApiBeidou.o [1]
BEEP_Interrupt10ms      0x014131    0x1c  Code  Gb  Beep.o [1]
BEEP_PowerOnInitial     0x00cbee    0xd3  Code  Gb  Beep.o [1]
BEEP_SetOutput          0x00c9b2   0x23c  Code  Gb  Beep.o [1]
BEEP_Time               0x0139c4    0x38  Code  Gb  Beep.o [1]
BatteryLevel            0x001660     0x1  Data  Gb  ADC.o [1]
BeepDrvObj              0x0015c9    0x12  Data  Lc  Beep.o [1]
BeidouRxData            0x0014a3    0x4b  Data  Gb  ApiBeidou.o [1]
BeidouRxDataLen         0x00166a     0x1  Data  Gb  ApiBeidou.o [1]
BitTab                  0x00a9d5     0x8  Data  Gb  ApiDisplay.o [1]
BootProcess_PPPCFG_Flag
                        0x001664     0x1  Data  Gb  ApiAtCmd.o [1]
BootProcess_PPPCFG_Flag_Zanshi
                        0x00169c     0x1  Data  Gb  ApiAtCmd.o [1]
BootProcess_SIMST_Flag  0x001663     0x1  Data  Gb  ApiAtCmd.o [1]
CFG_GetCurAdr           0x00db58   0x22c  Code  Gb  Config.o [1]
CHAR_HIGH               0x00a809    0x10  Data  Gb  ApiDisplay.o [1]
CHAR_TO_Digital         0x012d12    0x67  Code  Gb  ApiAtCmd.o [1]
CHAR_WIDTH              0x00a819    0x10  Data  Gb  ApiDisplay.o [1]
CLK_ClockSwitchConfig   0x0122c8    0xa2  Code  Gb  stm8s_clk.o [1]
CLK_GetClockFreq        0x013138    0x58  Code  Gb  stm8s_clk.o [1]
CLK_HSIPrescalerConfig  0x0142d6    0x13  Code  Gb  stm8s_clk.o [1]
CLK_IRQHandler          0x0144e3     0x1  Code  Gb  stm8s_it.o [1]
COMLHexArray2String     0x012ddd    0x64  Code  Lc  ApiGpsCmd.o [1]
COML_AscToHex           0x0115cb    0xfa  Code  Gb  CommonLib.o [1]
COML_HexToAsc2          0x01249a    0x96  Code  Gb  CommonLib.o [1]
COML_StringReverse      0x012fc7    0x5e  Code  Gb  CommonLib.o [1]
CSQ_Flag                0x001666     0x1  Data  Gb  ApiAtCmd.o [1]
CSTACK$$Base            0x001700           --   Gb  - Linker created -
CSTACK$$Limit           0x001800           --   Gb  - Linker created -
C_TEST_OUT_SET          0x014398     0xd  Code  Gb  McuConfig.o [1]
CaretNotify_Queue       0x00aa58    0x4d  Code  Lc  DrvGD83.o [1]
CaretNotify_Queue_Start
                        0x00abeb    0x56  Code  Lc  DrvGD83.o [1]
CharCode                0x00165c     0x2  Data  Gb  ApiDisplay.o [1]
Count                   0x001661     0x1  Data  Gb  ADC.o [1]
DEL_100msProcess        0x00dac7    0x58  Code  Lc  Delay.o [1]
DEL_10msProcess         0x00db1f    0x1d  Code  Lc  Delay.o [1]
DEL_1msProcess          0x00db3c     0xc  Code  Lc  Delay.o [1]
DEL_500msProcess        0x00d90a   0x1bd  Code  Lc  Delay.o [1]
DEL_500ms_Count         0x00168c     0x1  Data  Gb  Delay.o [1]
DEL_500ms_Count2        0x00168d     0x1  Data  Gb  Delay.o [1]
DEL_GetTimer            0x013295    0x55  Code  Gb  Delay.o [1]
DEL_Interrupt           0x012225    0xa3  Code  Gb  Delay.o [1]
DEL_PowerOnInitial      0x014053    0x21  Code  Gb  Delay.o [1]
DEL_Renew               0x00db48    0x10  Code  Gb  Delay.o [1]
DEL_SetTimer            0x012a76    0x73  Code  Gb  Delay.o [1]
DEL_Soft1ms             0x01414d    0x1c  Code  Gb  Delay.o [1]
DEL_TimerRenew          0x013d90    0x29  Code  Lc  Delay.o [1]
DISP_DataBuf            0x011dce    0xc8  Code  Lc  ApiDisplay.o [1]
DISP_MulTypePro         0x011e96    0xc0  Code  Lc  ApiDisplay.o [1]
DISP_MulTypePro2        0x011b50    0xd9  Code  Lc  ApiDisplay.o [1]
Data_Date0              0x014481     0x4  Code  Gb  ApiAtCmd.o [1]
Data_Date1              0x014485     0x4  Code  Gb  ApiAtCmd.o [1]
Data_Date2              0x014489     0x4  Code  Gb  ApiAtCmd.o [1]
Data_Time0              0x014475     0x4  Code  Gb  ApiAtCmd.o [1]
Data_Time1              0x014479     0x4  Code  Gb  ApiAtCmd.o [1]
Data_Time2              0x01447d     0x4  Code  Gb  ApiAtCmd.o [1]
Dec2Hex                 0x01351f    0x4e  Code  Gb  CommonLib.o [1]
DefaultSystemClockForHSI
                        0x0140d6    0x1f  Code  Gb  sysclock.o [1]
DelDrvObj               0x001625     0xb  Data  Lc  Delay.o [1]
Delay_100ms             0x0138d0    0x40  Code  Gb  Task.o [1]
DisDataBit              0x001532    0x40  Data  Gb  ApiDisplay.o [1]
DisDataBuf              0x0011d1   0x200  Data  Gb  ApiDisplay.o [1]
DrvGD83DrvObj           0x000c07   0x3a6  Data  Lc  DrvGD83.o [1]
DrvGD83_UART_TxCommand  0x012909    0x80  Code  Gb  DrvGD83.o [1]
DrvMC8332_AtNotify_Queue_front
                        0x013602    0x4a  Code  Gb  DrvGD83.o [1]
DrvMC8332_CaretNotify_Queue_front
                        0x0135b8    0x4a  Code  Gb  DrvGD83.o [1]
DrvMC8332_GpsNotify_Queue_front
                        0x013696    0x4a  Code  Gb  DrvGD83.o [1]
DrvMC8332_PocNotify_Queue_front
                        0x01364c    0x4a  Code  Gb  DrvGD83.o [1]
DrvMC8332_Software_Initial
                        0x01394e    0x3d  Code  Gb  DrvGD83.o [1]
DrvMC8332_TxPort_SetValidable
                        0x013d0e    0x2c  Code  Gb  DrvGD83.o [1]
DrvMC8332_UART_Interrupt
                        0x00aeb0   0x3cb  Code  Gb  DrvGD83.o [1]
DrvMc8332_UART_TxTail   0x0117b8    0xeb  Code  Gb  DrvGD83.o [1]
EEPROM_EEC_IRQHandler   0x0144f4     0x1  Code  Gb  stm8s_it.o [1]
EXTI_PORTA_IRQHandler   0x0144e4     0x1  Code  Gb  stm8s_it.o [1]
EXTI_PORTB_IRQHandler   0x0144e5     0x1  Code  Gb  stm8s_it.o [1]
EXTI_PORTC_IRQHandler   0x0144e6     0x1  Code  Gb  stm8s_it.o [1]
EXTI_PORTD_IRQHandler   0x0144e7     0x1  Code  Gb  stm8s_it.o [1]
EXTI_PORTE_IRQHandler   0x0144e8     0x1  Code  Gb  stm8s_it.o [1]
FILE_Read               0x013729    0x48  Code  Gb  Flash_eeprom.o [1]
FILE_Read2              0x013848    0x45  Code  Gb  Flash_eeprom.o [1]
FILE_Write              0x013481    0x4f  Code  Gb  Flash_eeprom.o [1]
FILE_Write2             0x0133e2    0x50  Code  Gb  Flash_eeprom.o [1]
FLASH_EraseOptionByte   0x013de2    0x28  Code  Gb  stm8s_flash.o [1]
FLASH_GetFlagStatus     0x014289    0x14  Code  Gb  stm8s_flash.o [1]
FLASH_Lock              0x014447     0x7  Code  Gb  stm8s_flash.o [1]
FLASH_ProgramByte       0x014466     0x5  Code  Gb  stm8s_flash.o [1]
FLASH_ProgramOptionByte
                        0x013f18    0x25  Code  Gb  stm8s_flash.o [1]
FLASH_ReadByte          0x01446b     0x5  Code  Gb  stm8s_flash.o [1]
FLASH_Unlock            0x01425d    0x16  Code  Gb  stm8s_flash.o [1]
FLASH_WaitForLastOperation
                        0x013a34    0x36  Code  Gb  stm8s_flash.o [1]
GB2312_16_GetData       0x00d6b9   0x251  Code  Gb  GT20L16P1Y.o [3]
GPIO_Init               0x012176    0xaf  Code  Gb  stm8s_gpio.o [1]
GPIO_ReadInputPin       0x01442e     0x9  Code  Gb  stm8s_gpio.o [1]
GPIO_WriteHigh          0x01444e     0x7  Code  Gb  stm8s_gpio.o [1]
GPIO_WriteLow           0x0144b1     0x4  Code  Gb  stm8s_gpio.o [1]
GeHuTest                0x0144df     0x1  Code  Lc  ApiKeyboard.o [1]
GetPersonalCallingMode  0x014419     0xb  Code  Gb  ApiPocCmd.o [1]
GetPointArrayData32     0x013771    0x48  Code  Gb  GT20L16P1Y_D.o [1]
GetTaskId               0x0144c5     0x4  Code  Gb  System.o [1]
Get_0X_ActiveUserIDBuf  0x00161a     0xb  Data  Gb  ApiPocCmd.o [1]
Get_GBK_ActiveUserID    0x012ea5    0x62  Code  Gb  ApiPocCmd.o [1]
Get_Unicode_ActiveUserID
                        0x012802    0x85  Code  Gb  ApiPocCmd.o [1]
Get_Unicode_ActiveUserIDBuf
                        0x001572    0x2d  Data  Gb  ApiPocCmd.o [1]
GpsCmd_GbAnalytical     0x00d212   0x255  Code  Lc  ApiGpsCmd.o [1]
GpsCmd_GbDataTransave   0x00c680   0x332  Code  Lc  ApiGpsCmd.o [1]
GpsCmd_GbWritCommand    0x00bda2   0x2cc  Code  Lc  ApiGpsCmd.o [1]
GpsFunDrvObj            0x000fad   0x224  Data  Lc  ApiGpsCmd.o [1]
GpsNotify_Queue         0x00ae33    0x7d  Code  Lc  DrvGD83.o [1]
GpsNotify_Queue_Start   0x00ac41    0x9a  Code  Lc  DrvGD83.o [1]
GpsReconnectionTimeCount
                        0x001693     0x1  Data  Gb  Delay.o [1]
GroupCallingNum         0x0016ce     0x1  Data  Gb  ApiKeyboard.o [1]
HSE_ClockStartUpConfiguration
                        0x013a6a    0x36  Code  Lc  sysclock.o [1]
HSIDivFactor            0x00aa43     0x4  Data  Gb  stm8s_clk.o [1]
HexToChar_GroupCallingNum
                        0x0140b6    0x20  Code  Gb  ApiPocCmd.o [1]
HexToChar_MainGroupId   0x014032    0x21  Code  Gb  ApiPocCmd.o [1]
HexToChar_MainUserId    0x013fcd    0x22  Code  Gb  ApiPocCmd.o [1]
HexToChar_PersonalCallingNum
                        0x013fef    0x22  Code  Gb  ApiPocCmd.o [1]
HtgDrvObj               0x00165e     0x2  Data  Lc  DrvHTG12832.o [1]
I2C_IRQHandler          0x0144f0     0x1  Code  Gb  stm8s_it.o [1]
INTVEC$$Base            0x008000           --   Gb  - Linker created -
INTVEC$$Limit           0x008080           --   Gb  - Linker created -
ITC_SetSoftwarePriority
                        0x0114c8   0x103  Code  Gb  stm8s_itc.o [1]
Ico_DataBuf             0x009b80   0x400  Data  Gb  ApiDisplay.o [1]
InputGBcode             0x009f80   0x1b0  Data  Gb  GT20L16P1Y_D.o [1]
InputUnicode            0x00a130   0x1b0  Data  Gb  GT20L16P1Y_D.o [1]
KEY_TABLE               0x00aa52     0x3  Data  Lc  uart3.o [1]
KeyBatteryReport        0x012f68    0x5f  Code  Gb  ADC.o [1]
KeyCount_PersonalCalling
                        0x00169b     0x1  Data  Gb  Task.o [1]
KeyDownUpChoose_GroupOrUser_Flag
                        0x001667     0x1  Data  Gb  ApiAtCmd.o [1]
KeyPersonalCallingCount
                        0x00166f     0x1  Data  Gb  ApiKeyboard.o [1]
KeyUpDownCount          0x00166e     0x1  Data  Gb  ApiKeyboard.o [1]
Key_Flag_0              0x001698     0x1  Data  Gb  Task.o [1]
Key_Flag_1              0x001670     0x1  Data  Gb  ApiKeyboard.o [1]
Key_Init                0x013ad6    0x34  Code  Gb  McuConfig.o [1]
Key_PersonalCalling_Flag
                        0x001699     0x1  Data  Gb  Task.o [1]
Keyboard_Test           0x00b27b   0x5e6  Code  Gb  ApiKeyboard.o [1]
LED_Conut               0x001680     0x1  Data  Gb  ApiLED.o [1]
LED_Init                0x013e59    0x27  Code  Gb  McuConfig.o [1]
LED_IntOutputRenew      0x012989    0x7a  Code  Gb  ApiLED.o [1]
LockingState_EnterOK_Flag
                        0x001673     0x1  Data  Gb  ApiKeyboard.o [1]
LockingState_Flag       0x001694     0x1  Data  Gb  Delay.o [1]
LowVoltageDetection     0x011029   0x138  Code  Gb  ADC.o [1]
LowVoltageDetection_Flag
                        0x001662     0x1  Data  Gb  ADC.o [1]
MIC_GPIO_Init           0x014371     0xd  Code  Gb  McuConfig.o [1]
MIC_IOMUT               0x0141b6    0x19  Code  Gb  McuConfig.o [1]
MenuDisplay             0x00ec46   0x187  Code  Gb  ApiMenu.o [1]
MenuModeCount           0x0016cf     0x1  Data  Gb  ApiKeyboard.o [1]
MenuMode_Flag           0x001671     0x1  Data  Gb  ApiKeyboard.o [1]
NetworkType_2Gor3G_Flag
                        0x0016e3     0x1  Data  Gb  Task.o [1]
NoUseNum                0x001696     0x1  Data  Gb  Task.o [1]
Noise_Mute_Init         0x01438b     0xd  Code  Gb  McuConfig.o [1]
Notify_Queue_Stop       0x00acdb   0x158  Code  Lc  DrvGD83.o [1]
NumberKeyboardPressDown_flag
                        0x001672     0x1  Data  Gb  ApiKeyboard.o [1]
OneChannelGetADValue    0x013e32    0x27  Code  Lc  ADC.o [1]
PAS_NULLTBL             0x00a829    0x10  Data  Lc  uart3.o [1]
POC_AtEnterPersonalCalling_Flag
                        0x001683     0x1  Data  Gb  ApiPocCmd.o [1]
POC_AtQuitPersonalCalling_Flag
                        0x001684     0x1  Data  Gb  ApiPocCmd.o [1]
POC_EnterGroupCalling_Flag
                        0x001685     0x1  Data  Gb  ApiPocCmd.o [1]
POC_EnterPersonalCalling_Flag
                        0x001681     0x1  Data  Gb  ApiPocCmd.o [1]
POC_QuitGroupCalling_Flag
                        0x001686     0x1  Data  Gb  ApiPocCmd.o [1]
POC_QuitPersonalCalling_Flag
                        0x001682     0x1  Data  Gb  ApiPocCmd.o [1]
POC_Receive86_Flag      0x00168b     0x1  Data  Gb  ApiPocCmd.o [1]
POC_ReceivedVoiceEnd_Flag
                        0x00168a     0x1  Data  Gb  ApiPocCmd.o [1]
POC_ReceivedVoiceStart_Flag
                        0x001689     0x1  Data  Gb  ApiPocCmd.o [1]
POC_ReceivedVoice_Flag  0x001687     0x1  Data  Gb  ApiPocCmd.o [1]
POC_TABLE               0x00aa55     0x3  Data  Lc  uart3.o [1]
PasObj                  0x001654     0x4  Data  Lc  uart3.o [1]
PersonCallIco_Flag      0x001697     0x1  Data  Gb  Task.o [1]
PersonalCallingNum      0x00166d     0x1  Data  Gb  ApiKeyboard.o [1]
PocCmdDrvobj            0x000010   0xbf7  Data  Lc  ApiPocCmd.o [1]
PocNotify_Queue         0x00aaa5    0x4d  Code  Lc  DrvGD83.o [1]
PocNotify_Queue_Start   0x00ab95    0x56  Code  Lc  DrvGD83.o [1]
PositionInfoSendToATPORT_RedLed_Flag
                        0x001669     0x1  Data  Gb  ApiAtCmd.o [1]
PositionInformationSendToATPORT_Flag
                        0x001668     0x1  Data  Gb  ApiAtCmd.o [1]
READ_TABLE              0x00aa47     0x4  Data  Lc  uart3.o [1]
ReadBuffer              0x001453    0x50  Data  Gb  ApiPocCmd.o [1]
ReadByte                0x0131e8    0x57  Code  Gb  ApiDisplay.o [1]
Region$$Table$$Base     0x00a48a           --   Gb  - Linker created -
Region$$Table$$Limit    0x00a4a6           --   Gb  - Linker created -
RxStartFlag             0x001630     0x6  Data  Gb  ApiBeidou.o [1]
SPI_IRQHandler          0x0144e9     0x1  Code  Gb  stm8s_it.o [1]
SendByte                0x01277a    0x88  Code  Gb  ApiDisplay.o [1]
SetTaskId               0x0144c9     0x4  Code  Gb  System.o [1]
Set_GreenLed            0x014184    0x19  Code  Gb  McuConfig.o [1]
Set_RedLed              0x01419d    0x19  Code  Gb  McuConfig.o [1]
SystemClock_Init        0x013d3a    0x2b  Code  Gb  sysclock.o [1]
TASK_Ptt_StartPersonCalling_Flag
                        0x00169a     0x1  Data  Gb  Task.o [1]
TASK_RunLoBattery       0x013d65    0x2b  Code  Gb  Task.o [1]
TASK_WriteFreq          0x0144cd     0x4  Code  Gb  Task.o [1]
TIM1_CAP_COM_IRQHandler
                        0x0144eb     0x1  Code  Gb  stm8s_it.o [1]
TIM1_CCxCmd             0x01388d    0x43  Code  Gb  stm8s_tim1.o [1]
TIM1_Cmd                0x0143b2     0xd  Code  Gb  stm8s_tim1.o [1]
TIM1_CtrlPWMOutputs     0x0143bf     0xd  Code  Gb  stm8s_tim1.o [1]
TIM1_DeInit             0x01236a    0x99  Code  Gb  stm8s_tim1.o [1]
TIM1_OC1Init            0x012f07    0x61  Code  Gb  stm8s_tim1.o [1]
TIM1_OC1PreloadConfig   0x0143cc     0xd  Code  Gb  stm8s_tim1.o [1]
TIM1_PWM_Init           0x01323f    0x56  Code  Gb  Tone.o [1]
TIM1_TimeBaseInit       0x013f87    0x24  Code  Gb  stm8s_tim1.o [1]
TIM1_UPD_OVF_TRG_BRK_IRQHandler
                        0x0144ea     0x1  Code  Gb  stm8s_it.o [1]
TIM2_CAP_COM_IRQHandler
                        0x0144ed     0x1  Code  Gb  stm8s_it.o [1]
TIM2_UPD_OVF_BRK_IRQHandler
                        0x0144ec     0x1  Code  Gb  stm8s_it.o [1]
TIM3_ARRPreloadConfig   0x0143e6     0xd  Code  Gb  stm8s_tim3.o [1]
TIM3_CAP_COM_IRQHandler
                        0x0144ee     0x1  Code  Gb  stm8s_it.o [1]
TIM3_ClearITPendingBit  0x014470     0x5  Code  Gb  stm8s_tim3.o [1]
TIM3_Cmd                0x0143d9     0xd  Code  Gb  stm8s_tim3.o [1]
TIM3_ITConfig           0x0142e9    0x13  Code  Gb  stm8s_tim3.o [1]
TIM3_PrescalerConfig    0x014437     0x9  Code  Gb  stm8s_tim3.o [1]
TIM3_TimeBaseInit       0x01440d     0xc  Code  Gb  stm8s_tim3.o [1]
TIM3_UPD_OVF_BRK_IRQHandler
                        0x014095    0x21  Code  Gb  stm8s_it.o [1]
TIM4_UPD_OVF_IRQHandler
                        0x0144f3     0x1  Code  Gb  stm8s_it.o [1]
TLI_IRQHandler          0x0144e1     0x1  Code  Gb  stm8s_it.o [1]
TONE_PowerOnInitial     0x012ca7    0x6b  Code  Gb  Tone.o [1]
TONE_Start              0x013ed5    0x1d  Code  Gb  Tone.o [1]
TONE_Stop               0x013ecc     0x9  Code  Gb  Tone.o [1]
TRAP_IRQHandler         0x0144e0     0x1  Code  Gb  stm8s_it.o [1]
TaskDrvObj              0x0015b5    0x14  Data  Lc  System.o [1]
Task_RunNormalOperation
                        0x00b861   0x541  Code  Gb  Task.o [1]
Task_RunStart           0x00e38b   0x1dc  Code  Gb  Task.o [1]
Test1                   0x00166c     0x1  Data  Gb  ApiGpsCmd.o [1]
TestNum1                0x001674     0x1  Data  Gb  ApiKeyboard.o [1]
TestNum10               0x00167d     0x1  Data  Gb  ApiKeyboard.o [1]
TestNum11               0x00167e     0x1  Data  Gb  ApiKeyboard.o [1]
TestNum12               0x00167f     0x1  Data  Gb  ApiKeyboard.o [1]
TestNum2                0x001675     0x1  Data  Gb  ApiKeyboard.o [1]
TestNum3                0x001676     0x1  Data  Gb  ApiKeyboard.o [1]
TestNum4                0x001677     0x1  Data  Gb  ApiKeyboard.o [1]
TestNum5                0x001678     0x1  Data  Gb  ApiKeyboard.o [1]
TestNum6                0x001679     0x1  Data  Gb  ApiKeyboard.o [1]
TestNum7                0x00167a     0x1  Data  Gb  ApiKeyboard.o [1]
TestNum8                0x00167b     0x1  Data  Gb  ApiKeyboard.o [1]
TestNum9                0x00167c     0x1  Data  Gb  ApiKeyboard.o [1]
Tim3_Timer_Init         0x013db9    0x29  Code  Gb  McuConfig.o [1]
TimeCount               0x00168e     0x1  Data  Gb  Delay.o [1]
TimeCount2              0x00168f     0x1  Data  Gb  Delay.o [1]
TimeCount3              0x001690     0x1  Data  Gb  Delay.o [1]
TimeCount_Light         0x001691     0x1  Data  Gb  Delay.o [1]
ToneDrvObj              0x0015db    0x12  Data  Lc  Tone.o [1]
ToneTimeCount           0x001692     0x1  Data  Gb  Delay.o [1]
UART1_Cmd               0x0143f3     0xd  Code  Gb  stm8s_uart1.o [1]
UART1_DeInit            0x013ce1    0x2d  Code  Gb  stm8s_uart1.o [1]
UART1_GetFlagStatus     0x013b0a    0x32  Code  Gb  stm8s_uart1.o [1]
UART1_GetITStatus       0x01265b    0x92  Code  Gb  stm8s_uart1.o [1]
UART1_ITConfig          0x012c3a    0x6d  Code  Gb  stm8s_uart1.o [1]
UART1_Init              0x010878   0x159  Code  Gb  stm8s_uart1.o [1]
UART1_RX_IRQHandler     0x013ea6    0x26  Code  Gb  stm8s_it.o [1]
UART1_ReceiveData8      0x0144b5     0x4  Code  Gb  stm8s_uart1.o [1]
UART1_SendData8         0x0144b9     0x4  Code  Gb  stm8s_uart1.o [1]
UART1_TX_IRQHandler     0x0144ef     0x1  Code  Gb  stm8s_it.o [1]
UART3_Cmd               0x014400     0xd  Code  Gb  stm8s_uart3.o [1]
UART3_DeInit            0x013f3d    0x25  Code  Gb  stm8s_uart3.o [1]
UART3_GetFlagStatus     0x0136e0    0x49  Code  Gb  stm8s_uart3.o [1]
UART3_GetITStatus       0x012010    0xb6  Code  Gb  stm8s_uart3.o [1]
UART3_ITConfig          0x0126ed    0x8d  Code  Gb  stm8s_uart3.o [1]
UART3_Init              0x011295   0x12a  Code  Gb  stm8s_uart3.o [1]
UART3_Interrupt         0x011f56    0xba  Code  Gb  uart3.o [1]
UART3_RX_IRQHandler     0x014169    0x1b  Code  Gb  stm8s_it.o [1]
UART3_ReceiveData8      0x0144bd     0x4  Code  Gb  stm8s_uart3.o [1]
UART3_SendByte          0x014344    0x10  Code  Gb  uart3.o [1]
UART3_SendData8         0x0144c1     0x4  Code  Gb  stm8s_uart3.o [1]
UART3_TX_IRQHandler     0x0144f1     0x1  Code  Gb  stm8s_it.o [1]
UART3_ToMcuMain         0x01356d    0x4b  Code  Gb  uart3.o [1]
UART_Delay              0x014320    0x12  Code  Lc  uart3.o [1]
UART_ErrorAck           0x013509    0x16  Code  Lc  uart3.o [1]
UART_GetCheckSum        0x0125c6    0x2e  Code  Lc  uart3.o [1]
UART_KeyCommand         0x0113bf   0x109  Code  Lc  uart3.o [1]
UART_Link               0x0125f4    0x67  Code  Lc  uart3.o [1]
UART_PasCommand         0x00e8ec   0x1b2  Code  Lc  uart3.o [1]
UART_PocCommand         0x01333e    0x52  Code  Lc  uart3.o [1]
UART_ReadCommand        0x0118a3    0xe9  Code  Lc  uart3.o [1]
UART_RightAck           0x012bcc    0x6e  Code  Lc  uart3.o [1]
UART_RxFrame            0x013390    0x52  Code  Lc  uart3.o [1]
UART_TxSend             0x0134d0    0x39  Code  Lc  uart3.o [1]
UART_WriteCommand       0x0116c5    0xf3  Code  Lc  uart3.o [1]
UNICODE_16_GetData      0x00edcd   0x185  Code  Gb  GT20L16P1Y.o [3]
Uart1_Init              0x013c86    0x2e  Code  Gb  McuConfig.o [1]
Uart3_Init              0x01398b    0x39  Code  Gb  uart3.o [1]
UartDrvObj              0x0014ee    0x44  Data  Lc  uart3.o [1]
UnicodeForGbk_MainUserName
                        0x010173   0x173  Code  Gb  ApiPocCmd.o [1]
UnicodeForGbk_MainUserNameBuf
                        0x0015fc     0xf  Data  Gb  ApiPocCmd.o [1]
UnicodeForGbk_MainWorkName
                        0x010000   0x173  Code  Gb  ApiPocCmd.o [1]
UnicodeForGbk_MainWorkNameBuf
                        0x0015ed     0xf  Data  Gb  ApiPocCmd.o [1]
UnicodeForGbk_SpeakerRightnowName
                        0x0102e6   0x16e  Code  Gb  ApiPocCmd.o [1]
UnicodeForGbk_SpeakerRightnowNameBuf
                        0x00160b     0xf  Data  Gb  ApiPocCmd.o [1]
UnicodeGetPointArrayData32
                        0x0137b9    0x48  Code  Gb  GT20L16P1Y_D.o [1]
UnicodeValueSearch      0x013e80    0x26  Code  Gb  GT20L16P1Y_D.o [1]
VOICE_1sProcess         0x014354     0xf  Code  Gb  Voice.o [1]
VOICE_Renew             0x012b5b    0x71  Code  Gb  Voice.o [1]
VOICE_SetOutput         0x013b3c    0x31  Code  Gb  Voice.o [1]
ValueSearch             0x013082    0x5c  Code  Gb  GT20L16P1Y_D.o [1]
VerifyData              0x008080  0x1b00  Data  Gb  GT20L16P1Y_D.o [1]
VoiceDrvObj             0x001636     0x6  Data  Lc  Voice.o [1]
WRITE_TABLE             0x00aa4b     0x4  Data  Lc  uart3.o [1]
WW_GetData              0x00ccc1   0x2cd  Code  Gb  GT20L16P1Y.o [3]
WriteEEPROMByte         0x013910    0x3e  Code  Gb  Flash_eeprom.o [1]
__DebugBreak            0x0144f5     0x1  Code  Gb  __dbg_break.o [4]
__exit                  0x014273    0x16  Code  Gb  __dbg_xxexit.o [4]
__iar_copy_init2        0x013e0a          Code  Gb  init_small.o [5]
__iar_data_init2        0x0140f5    0x1e  Code  Gb  init.o [5]
__iar_program_start     0x01422f          Code  Gb  cstartup.o [5]
__iar_unhandled_exception
                        0x0144dc          Code  Gb  unhandled_exception.o [5]
__iar_zero_init2        0x014113          Code  Gb  init_small.o [5]
__intvec                0x008000          Data  Gb  interrupt.o [5]
__low_level_init        0x0144d9     0x3  Code  Gb  low_level_init.o [5]
_exit                   0x01445b          Code  Gb  cexit.o [5]
_interrupt_1            0x0144e0          Code  Gb  stm8s_it.o [1]
_interrupt_12           0x0144e9          Code  Gb  stm8s_it.o [1]
_interrupt_13           0x0144ea          Code  Gb  stm8s_it.o [1]
_interrupt_14           0x0144eb          Code  Gb  stm8s_it.o [1]
_interrupt_15           0x0144ec          Code  Gb  stm8s_it.o [1]
_interrupt_16           0x0144ed          Code  Gb  stm8s_it.o [1]
_interrupt_17           0x014095          Code  Gb  stm8s_it.o [1]
_interrupt_18           0x0144ee          Code  Gb  stm8s_it.o [1]
_interrupt_19           0x0144ef          Code  Gb  stm8s_it.o [1]
_interrupt_2            0x0144e1          Code  Gb  stm8s_it.o [1]
_interrupt_20           0x013ea6          Code  Gb  stm8s_it.o [1]
_interrupt_21           0x0144f0          Code  Gb  stm8s_it.o [1]
_interrupt_22           0x0144f1          Code  Gb  stm8s_it.o [1]
_interrupt_23           0x014169          Code  Gb  stm8s_it.o [1]
_interrupt_24           0x0144f2          Code  Gb  stm8s_it.o [1]
_interrupt_25           0x0144f3          Code  Gb  stm8s_it.o [1]
_interrupt_26           0x0144f4          Code  Gb  stm8s_it.o [1]
_interrupt_3            0x0144e2          Code  Gb  stm8s_it.o [1]
_interrupt_4            0x0144e3          Code  Gb  stm8s_it.o [1]
_interrupt_5            0x0144e4          Code  Gb  stm8s_it.o [1]
_interrupt_6            0x0144e5          Code  Gb  stm8s_it.o [1]
_interrupt_7            0x0144e6          Code  Gb  stm8s_it.o [1]
_interrupt_8            0x0144e7          Code  Gb  stm8s_it.o [1]
_interrupt_9            0x0144e8          Code  Gb  stm8s_it.o [1]
api_diap_ico_pos_get    0x0130de    0x5a  Code  Gb  ApiDisplay.o [1]
api_disp_all_screen_refresh
                        0x013432    0x4f  Code  Gb  ApiDisplay.o [1]
api_disp_char_output    0x014201    0x17  Code  Gb  ApiDisplay.o [1]
api_disp_char_output2   0x014218    0x17  Code  Gb  ApiDisplay.o [1]
api_disp_ico_output     0x0120c6    0xb0  Code  Gb  ApiDisplay.o [1]
api_disp_icoid_output   0x012403    0x97  Code  Gb  ApiDisplay.o [1]
api_lcd_pwr_on_hint     0x013c2a    0x2e  Code  Gb  ApiDisplay.o [1]
api_lcd_pwr_on_hint2    0x013b9d    0x2f  Code  Gb  ApiDisplay.o [1]
api_lcd_pwr_on_hint3    0x013cb4    0x2d  Code  Gb  ApiDisplay.o [1]
api_lcd_pwr_on_hint4    0x013bcc    0x2f  Code  Gb  ApiDisplay.o [1]
api_lcd_pwr_on_hint5    0x013c58    0x2e  Code  Gb  ApiDisplay.o [1]
api_poc_command_set     0x011a71    0xdf  Code  Gb  uart3.o [1]
drv_gt20_data_output    0x011161   0x134  Code  Gb  DrvGT20L16S1Y.o [1]
drv_gt20_data_output2   0x010eee   0x13b  Code  Gb  DrvGT20L16S1Y.o [1]
drv_gt20_pwr_on_init    0x013a30     0x4  Code  Gb  DrvGT20L16S1Y.o [1]
drv_htg_clr_allscr      0x00d5a0    0x35  Code  Gb  DrvHTG12832.o [1]
drv_htg_pwr_on_init     0x00d6ad     0xc  Code  Gb  DrvHTG12832.o [1]
drv_htg_reset           0x00d467     0x5  Code  Gb  DrvHTG12832.o [1]
drv_htg_set_address     0x00d4e6    0x40  Code  Gb  DrvHTG12832.o [1]
drv_htg_write_command   0x00d46c    0x7a  Code  Gb  DrvHTG12832.o [1]
drv_htg_write_data      0x00d526    0x7a  Code  Gb  DrvHTG12832.o [1]
drv_keypad_scan         0x00dd84   0x211  Code  Gb  DrvKeyboard.o [1]
exit                    0x0144d5     0x4  Code  Gb  exit.o [5]
find_zf_tab             0x013801    0x47  Code  Gb  GT20L16P1Y.o [3]
get_key_value           0x01198c    0xe5  Code  Gb  ApiKeyboard.o [1]
htg_delay_ms            0x00d5d5    0x1e  Code  Lc  DrvHTG12832.o [1]
htg_initial             0x00d5f3    0x6c  Code  Lc  DrvHTG12832.o [1]
key_scan_board          0x010daf   0x13f  Code  Gb  DrvKeyboard.o [1]
main                    0x0144ad     0x4  Code  Gb  main.o [1]
main_app                0x010c6c   0x143  Code  Gb  System.o [1]
mcu_gt20_initial        0x0139fc    0x34  Code  Lc  DrvGT20L16S1Y.o [1]
mcu_key_pad_out         0x012530    0x96  Code  Gb  DrvKeyboard.o [1]
mcu_key_pad_read        0x012ae9    0x72  Code  Gb  DrvKeyboard.o [1]
mcu_key_pad_set         0x010b24   0x148  Code  Gb  DrvKeyboard.o [1]
mcu_lcd_initial         0x00d65f    0x4e  Code  Lc  DrvHTG12832.o [1]
memcmp                  0x013aa0    0x36  Code  Gb  memcmp.o [5]
memcpy                  0x013ef2    0x26  Code  Gb  memcpy.o [5]
memset                  0x014246    0x17  Code  Gb  memset.o [5]
pack_data               0x010454   0x165  Code  Lc  ApiGpsCmd.o [1]
r_dat_bat               0x012d79    0x64  Code  Gb  ApiDisplay.o [1]
strlen                  0x014332    0x12  Code  Gb  strlen.o [5]
ucAtPocHead             0x0016d0     0x2  Data  Gb  ApiPocCmd.o [1]
ucCDMATIME              0x0016a7     0x2  Data  Gb  ApiAtCmd.o [1]
ucCLVL                  0x0016ea     0x2  Data  Gb  Task.o [1]
ucCODECCTL              0x0016ee     0x2  Data  Gb  Task.o [1]
ucCSQ                   0x0016f6     0x2  Data  Gb  Task.o [1]
ucCaretPPPCFG           0x0016af     0x2  Data  Gb  ApiAtCmd.o [1]
ucCheckCard             0x0016c5     0x2  Data  Gb  ApiAtCmd.o [1]
ucCheckPPP              0x0016bd     0x2  Data  Gb  ApiAtCmd.o [1]
ucCheckRssi             0x0016c3     0x2  Data  Gb  ApiAtCmd.o [1]
ucCheckTcp              0x0016b3     0x2  Data  Gb  ApiAtCmd.o [1]
ucEndPTT                0x0016e6     0x2  Data  Gb  Task.o [1]
ucGD83Reset             0x0016e0     0x2  Data  Gb  System.o [1]
ucGPSINFO               0x0016a9     0x2  Data  Gb  ApiAtCmd.o [1]
ucGPSSendToAtPort       0x0016d4     0x2  Data  Gb  Delay.o [1]
ucGPSUploadTime_5s      0x0016d6     0x2  Data  Gb  Delay.o [1]
ucGpsPosition           0x0016a5     0x2  Data  Gb  ApiAtCmd.o [1]
ucOSSYSHWID             0x0016f0     0x2  Data  Gb  Task.o [1]
ucPPPCFG                0x0016f8     0x2  Data  Gb  Task.o [1]
ucPlayZtts              0x0016b1     0x2  Data  Gb  ApiAtCmd.o [1]
ucPocOpenConfig         0x0016fc     0x2  Data  Gb  Task.o [1]
ucPrefmode2             0x0016f2     0x2  Data  Gb  Task.o [1]
ucPrefmode4             0x0016f4     0x2  Data  Gb  Task.o [1]
ucQuitPersonalCalling   0x0016cc     0x2  Data  Gb  ApiKeyboard.o [1]
ucRequestUserListInfo   0x0016e8     0x2  Data  Gb  Task.o [1]
ucRxCSQ31               0x0016a1     0x2  Data  Gb  ApiAtCmd.o [1]
ucRxCSQ99               0x0016a3     0x2  Data  Gb  ApiAtCmd.o [1]
ucRxCheckPppClose       0x0016c1     0x2  Data  Gb  ApiAtCmd.o [1]
ucRxCheckPppOpen        0x0016bf     0x2  Data  Gb  ApiAtCmd.o [1]
ucRxCheckTcp            0x0016b9     0x2  Data  Gb  ApiAtCmd.o [1]
ucRxOkHeadInfo          0x0016dc     0x2  Data  Gb  DrvGD83.o [1]
ucRxPASTATE0            0x00169f     0x2  Data  Gb  ApiAtCmd.o [1]
ucRxPASTATE1            0x00169d     0x2  Data  Gb  ApiAtCmd.o [1]
ucRxPocHeadInfo         0x0016da     0x2  Data  Gb  DrvGD83.o [1]
ucRxTcpDataHeadInfo     0x0016de     0x2  Data  Gb  DrvGD83.o [1]
ucSIMST1                0x0016ab     0x2  Data  Gb  ApiAtCmd.o [1]
ucSIMST255              0x0016ad     0x2  Data  Gb  ApiAtCmd.o [1]
ucSendTcp               0x0016b7     0x2  Data  Gb  ApiAtCmd.o [1]
ucSetIPAndID            0x0016d2     0x2  Data  Gb  ApiPocCmd.o [1]
ucSetIp                 0x0016b5     0x2  Data  Gb  ApiAtCmd.o [1]
ucStartPTT              0x0016e4     0x2  Data  Gb  Task.o [1]
ucTxPocHeadInfo         0x0016d8     0x2  Data  Gb  DrvGD83.o [1]
ucVGR                   0x0016ec     0x2  Data  Gb  Task.o [1]
ucVGR1                  0x0016c8     0x2  Data  Gb  ApiKeyboard.o [1]
ucVGR7                  0x0016ca     0x2  Data  Gb  ApiKeyboard.o [1]
ucZTTS_Abell            0x0016fa     0x2  Data  Gb  Task.o [1]
ucZpppOpen              0x0016bb     0x2  Data  Gb  ApiAtCmd.o [1]


[1] = E:\1-source\A508\PRJ\Debug\Obj
[2] = command line
[3] = GT20L16_STM8_DOUBLE_MEDIUM_IAR.a
[4] = dbgstm8mmd.a
[5] = dlstm8mmn.a

  35 312 bytes of readonly  code memory
  10 840 bytes of readonly  data memory
   6 142 bytes of readwrite data memory

Errors: none
Warnings: none
