###############################################################################
#
# IAR ELF Linker V2.20.1.176 for STM8                     09/Jan/2018  15:22:05
# Copyright 2010-2015 IAR Systems AB.
#
#    Output file  =  E:\1-source\A508\PRJ\Debug\Exe\A508_DEMO1.out
#    Map file     =  E:\1-source\A508\PRJ\Debug\List\A508_DEMO1.map
#    Command line =  
#        E:\1-source\A508\PRJ\Debug\Obj\ADC.o
#        E:\1-source\A508\PRJ\Debug\Obj\ApiAtCmd.o
#        E:\1-source\A508\PRJ\Debug\Obj\ApiDisplay.o
#        E:\1-source\A508\PRJ\Debug\Obj\ApiGpsCmd.o
#        E:\1-source\A508\PRJ\Debug\Obj\ApiKeyboard.o
#        E:\1-source\A508\PRJ\Debug\Obj\ApiLED.o
#        E:\1-source\A508\PRJ\Debug\Obj\ApiPocCmd.o
#        E:\1-source\A508\PRJ\Debug\Obj\Beep.o
#        E:\1-source\A508\PRJ\Debug\Obj\CommonLib.o
#        E:\1-source\A508\PRJ\Debug\Obj\Delay.o
#        E:\1-source\A508\PRJ\Debug\Obj\DrvGD83.o
#        E:\1-source\A508\PRJ\Debug\Obj\DrvGT20L16S1Y.o
#        E:\1-source\A508\PRJ\Debug\Obj\DrvHTG12832.o
#        E:\1-source\A508\PRJ\Debug\Obj\DrvKeyboard.o
#        E:\1-source\A508\PRJ\Debug\Obj\Flash_eeprom.o
#        E:\1-source\A508\SRC\Syetem\GT20L16_STM8_DOUBLE_MEDIUM_IAR.a
#        E:\1-source\A508\PRJ\Debug\Obj\GT20L16P1Y_D.o
#        E:\1-source\A508\PRJ\Debug\Obj\main.o
#        E:\1-source\A508\PRJ\Debug\Obj\McuConfig.o
#        E:\1-source\A508\PRJ\Debug\Obj\stm8s_adc2.o
#        E:\1-source\A508\PRJ\Debug\Obj\stm8s_awu.o
#        E:\1-source\A508\PRJ\Debug\Obj\stm8s_beep.o
#        E:\1-source\A508\PRJ\Debug\Obj\stm8s_clk.o
#        E:\1-source\A508\PRJ\Debug\Obj\stm8s_exti.o
#        E:\1-source\A508\PRJ\Debug\Obj\stm8s_flash.o
#        E:\1-source\A508\PRJ\Debug\Obj\stm8s_gpio.o
#        E:\1-source\A508\PRJ\Debug\Obj\stm8s_i2c.o
#        E:\1-source\A508\PRJ\Debug\Obj\stm8s_it.o
#        E:\1-source\A508\PRJ\Debug\Obj\stm8s_itc.o
#        E:\1-source\A508\PRJ\Debug\Obj\stm8s_iwdg.o
#        E:\1-source\A508\PRJ\Debug\Obj\stm8s_rst.o
#        E:\1-source\A508\PRJ\Debug\Obj\stm8s_spi.o
#        E:\1-source\A508\PRJ\Debug\Obj\stm8s_tim1.o
#        E:\1-source\A508\PRJ\Debug\Obj\stm8s_tim2.o
#        E:\1-source\A508\PRJ\Debug\Obj\stm8s_tim3.o
#        E:\1-source\A508\PRJ\Debug\Obj\stm8s_tim4.o
#        E:\1-source\A508\PRJ\Debug\Obj\stm8s_uart1.o
#        E:\1-source\A508\PRJ\Debug\Obj\stm8s_uart3.o
#        E:\1-source\A508\PRJ\Debug\Obj\stm8s_wwdg.o
#        E:\1-source\A508\PRJ\Debug\Obj\sysclock.o
#        E:\1-source\A508\PRJ\Debug\Obj\System.o
#        E:\1-source\A508\PRJ\Debug\Obj\Task.o
#        E:\1-source\A508\PRJ\Debug\Obj\Tone.o
#        E:\1-source\A508\PRJ\Debug\Obj\uart3.o
#        E:\1-source\A508\PRJ\Debug\Obj\Voice.o --redirect _Printf=_PrintfSmall
#        --redirect _Scanf=_ScanfSmall -o
#        E:\1-source\A508\PRJ\Debug\Exe\A508_DEMO1.out --map
#        E:\1-source\A508\PRJ\Debug\List\A508_DEMO1.map --config "C:\Program
#        Files\IAR Systems\Embedded Workbench
#        7.3\stm8\config\lnkstm8s007c8.icf" --config_def _CSTACK_SIZE=0x200
#        --config_def _HEAP_SIZE=0x100 --entry __iar_program_start --debug_lib
#
###############################################################################

*******************************************************************************
*** RUNTIME MODEL ATTRIBUTES
***

__SystemLibrary            = DLib
__code_model               = medium_or_large
__core                     = stm8
__data_model               = medium
__dlib_file_descriptor     = 0
__dlib_full_locale_support = 0
__rt_version               = 4


*******************************************************************************
*** PLACEMENT SUMMARY
***

"A1":  place at start of [0x000000-0x0000ff] { rw section .vregs };
"A2":  place at end of [0x000000-0x0017ff] { block CSTACK };
"P2":  place in [from 0x000000 to 0x0017ff] {
          block HEAP, rw section __DLIB_PERTHREAD, rw section .far.bss,
          rw section .far.data, rw section .far.noinit,
          rw section .far_func.textrw, rw section .huge.bss,
          rw section .huge.data, rw section .huge.noinit,
          rw section .huge_func.textrw, rw section .iar.dynexit,
          rw section .near.bss, rw section .near.data, rw section .near.noinit,
          rw section .near_func.textrw };
"A3":  place at start of [0x008000-0x00ffff] { block INTVEC };
"P3":  place in [from 0x008000 to 0x00ffff] {
          ro section __DLIB_PERTHREAD_init, ro section .far.data_init,
          ro section .far_func.textrw_init, ro section .huge.data_init,
          ro section .huge_func.textrw_init, ro section .iar.init_table,
          ro section .init_array, ro section .near.data_init,
          ro section .near.rodata, ro section .near_func.text,
          ro section .near_func.textrw_init, ro section .tiny.data_init,
          ro section .tiny.rodata_init };
"P4":  place in [from 0x008000 to 0x00ffff repeat 2] {
          ro section .far.rodata, ro section .far_func.text };

  Section            Kind      Address    Size  Object
  -------            ----      -------    ----  ------
"A1":                                     0x10
  .vregs             uninit   0x000000    0x10  vregs.o [5]
                            - 0x000010    0x10

"P2", part 1 of 5:                       0xef5
  .near.bss          zero     0x000010   0xef5  ApiPocCmd.o [1]
                            - 0x000f05   0xef5

"P2", part 2 of 5:                       0x28a
  .near.bss          zero     0x000f05   0x28a  DrvGD83.o [1]
                            - 0x00118f   0x28a

"P2", part 3 of 5:                       0x200
  .near.bss          zero     0x00118f   0x200  ApiDisplay.o [1]
                            - 0x00138f   0x200

"P2", part 4 of 5:                       0x1cf
  .near.bss          zero     0x00138f    0x77  ApiAtCmd.o [1]
  .near.bss          zero     0x001406    0x50  ApiPocCmd.o [1]
  .near.bss          zero     0x001456    0x44  uart3.o [1]
  .near.bss          zero     0x00149a    0x40  ApiDisplay.o [1]
  .near.bss          zero     0x0014da    0x14  System.o [1]
  .near.bss          zero     0x0014ee    0x12  Beep.o [1]
  .near.bss          zero     0x001500    0x12  Tone.o [1]
  .near.bss          zero     0x001512     0xf  ApiPocCmd.o [1]
  .near.bss          zero     0x001521     0xb  Delay.o [1]
  .near.bss          zero     0x00152c     0x6  ApiKeyboard.o [1]
  .near.bss          zero     0x001532     0x6  Voice.o [1]
  .near.bss          zero     0x001538     0x4  uart3.o [1]
  .near.bss          zero     0x00153c     0x2  ApiDisplay.o [1]
  .near.bss          zero     0x00153e     0x2  ApiGpsCmd.o [1]
  .near.bss          zero     0x001540     0x2  DrvHTG12832.o [1]
  .near.bss          zero     0x001542     0x1  ADC.o [1]
  .near.bss          zero     0x001543     0x1  ApiAtCmd.o [1]
  .near.bss          zero     0x001544     0x1  ApiAtCmd.o [1]
  .near.bss          zero     0x001545     0x1  ApiAtCmd.o [1]
  .near.bss          zero     0x001546     0x1  ApiAtCmd.o [1]
  .near.bss          zero     0x001547     0x1  ApiAtCmd.o [1]
  .near.bss          zero     0x001548     0x1  ApiGpsCmd.o [1]
  .near.bss          zero     0x001549     0x1  ApiKeyboard.o [1]
  .near.bss          zero     0x00154a     0x1  ApiKeyboard.o [1]
  .near.bss          zero     0x00154b     0x1  ApiKeyboard.o [1]
  .near.bss          zero     0x00154c     0x1  ApiKeyboard.o [1]
  .near.bss          zero     0x00154d     0x1  ApiKeyboard.o [1]
  .near.bss          zero     0x00154e     0x1  ApiKeyboard.o [1]
  .near.bss          zero     0x00154f     0x1  ApiKeyboard.o [1]
  .near.bss          zero     0x001550     0x1  ApiKeyboard.o [1]
  .near.bss          zero     0x001551     0x1  ApiKeyboard.o [1]
  .near.bss          zero     0x001552     0x1  ApiKeyboard.o [1]
  .near.bss          zero     0x001553     0x1  ApiKeyboard.o [1]
  .near.bss          zero     0x001554     0x1  ApiKeyboard.o [1]
  .near.bss          zero     0x001555     0x1  ApiKeyboard.o [1]
  .near.bss          zero     0x001556     0x1  ApiLED.o [1]
  .near.bss          zero     0x001557     0x1  ApiPocCmd.o [1]
  .near.bss          zero     0x001558     0x1  ApiPocCmd.o [1]
  .near.bss          zero     0x001559     0x1  DrvGD83.o [1]
  .near.bss          zero     0x00155a     0x1  Task.o [1]
  .near.bss          zero     0x00155b     0x1  Task.o [1]
  .near.bss          zero     0x00155c     0x1  Task.o [1]
  .near.bss          zero     0x00155d     0x1  Task.o [1]
                            - 0x00155e   0x1cf

"P2", part 5 of 5:                        0x56
  P2-1                        0x00155e    0x56  <Init block>
    .near.data       inited   0x00155e     0x1  ApiAtCmd.o [1]
    .near.data       inited   0x00155f     0x2  ApiAtCmd.o [1]
    .near.data       inited   0x001561     0x2  ApiAtCmd.o [1]
    .near.data       inited   0x001563     0x2  ApiAtCmd.o [1]
    .near.data       inited   0x001565     0x2  ApiAtCmd.o [1]
    .near.data       inited   0x001567     0x2  ApiAtCmd.o [1]
    .near.data       inited   0x001569     0x2  ApiAtCmd.o [1]
    .near.data       inited   0x00156b     0x2  ApiAtCmd.o [1]
    .near.data       inited   0x00156d     0x2  ApiAtCmd.o [1]
    .near.data       inited   0x00156f     0x2  ApiAtCmd.o [1]
    .near.data       inited   0x001571     0x2  ApiAtCmd.o [1]
    .near.data       inited   0x001573     0x2  ApiAtCmd.o [1]
    .near.data       inited   0x001575     0x2  ApiAtCmd.o [1]
    .near.data       inited   0x001577     0x2  ApiAtCmd.o [1]
    .near.data       inited   0x001579     0x2  ApiAtCmd.o [1]
    .near.data       inited   0x00157b     0x2  ApiAtCmd.o [1]
    .near.data       inited   0x00157d     0x2  ApiAtCmd.o [1]
    .near.data       inited   0x00157f     0x2  ApiAtCmd.o [1]
    .near.data       inited   0x001581     0x2  ApiAtCmd.o [1]
    .near.data       inited   0x001583     0x1  ApiKeyboard.o [1]
    .near.data       inited   0x001584     0x2  ApiKeyboard.o [1]
    .near.data       inited   0x001586     0x2  ApiKeyboard.o [1]
    .near.data       inited   0x001588     0x2  ApiKeyboard.o [1]
    .near.data       inited   0x00158a     0x1  ApiKeyboard.o [1]
    .near.data       inited   0x00158b     0x2  ApiPocCmd.o [1]
    .near.data       inited   0x00158d     0x2  ApiPocCmd.o [1]
    .near.data       inited   0x00158f     0x2  DrvGD83.o [1]
    .near.data       inited   0x001591     0x2  DrvGD83.o [1]
    .near.data       inited   0x001593     0x2  DrvGD83.o [1]
    .near.data       inited   0x001595     0x2  DrvGD83.o [1]
    .near.data       inited   0x001597     0x2  System.o [1]
    .near.data       inited   0x001599     0x1  Task.o [1]
    .near.data       inited   0x00159a     0x2  Task.o [1]
    .near.data       inited   0x00159c     0x2  Task.o [1]
    .near.data       inited   0x00159e     0x2  Task.o [1]
    .near.data       inited   0x0015a0     0x2  Task.o [1]
    .near.data       inited   0x0015a2     0x2  Task.o [1]
    .near.data       inited   0x0015a4     0x2  Task.o [1]
    .near.data       inited   0x0015a6     0x2  Task.o [1]
    .near.data       inited   0x0015a8     0x2  Task.o [1]
    .near.data       inited   0x0015aa     0x2  Task.o [1]
    .near.data       inited   0x0015ac     0x2  Task.o [1]
    .near.data       inited   0x0015ae     0x2  Task.o [1]
    .near.data       inited   0x0015b0     0x2  Task.o [1]
    .near.data       inited   0x0015b2     0x2  Task.o [1]
                            - 0x0015b4    0x56

"A2":                                    0x200
  CSTACK                      0x001600   0x200  <Block>
    CSTACK           uninit   0x001600   0x200  <Block tail>
                            - 0x001800   0x200

"A3":                                     0x80
  INTVEC                      0x008000    0x80  <Block>
    .intvec          const    0x008000    0x80  interrupt.o [5]
                            - 0x008080    0x80

"P3":                                   0x2840
  .near.rodata       const    0x008080  0x1b00  GT20L16P1Y_D.o [1]
  .near.rodata       const    0x009b80   0x400  ApiDisplay.o [1]
  .near.rodata       const    0x009f80   0x1b0  GT20L16P1Y_D.o [1]
  .near.rodata       const    0x00a130   0x1b0  GT20L16P1Y_D.o [1]
  Initializer bytes  const    0x00a2e0    0x56  <for P2-1>
  .near_func.text    const    0x00a336    0x40  ApiDisplay.o [1]
  .near.rodata       const    0x00a376    0x3e  GT20L16P1Y.o [3]
  .near.rodata       const    0x00a3b4    0x31  Task.o [1]
  .near.rodata       const    0x00a3e5    0x2a  Task.o [1]
  .near.rodata       const    0x00a40f    0x25  Task.o [1]
  .near.rodata       const    0x00a434    0x25  Task.o [1]
  .near.rodata       const    0x00a459    0x25  Task.o [1]
  .iar.init_table    const    0x00a47e    0x20  - Linker created -
  .near.rodata       const    0x00a49e    0x1d  Task.o [1]
  .near.rodata       const    0x00a4bb    0x18  Task.o [1]
  .near.rodata       const    0x00a4d3    0x13  ApiAtCmd.o [1]
  .near.rodata       const    0x00a4e6    0x13  Task.o [1]
  .near.rodata       const    0x00a4f9    0x13  Task.o [1]
  .near.rodata       const    0x00a50c    0x12  ApiAtCmd.o [1]
  .near.rodata       const    0x00a51e    0x12  Task.o [1]
  .near.rodata       const    0x00a530    0x11  ApiKeyboard.o [1]
  .near.rodata       const    0x00a541    0x11  ApiKeyboard.o [1]
  .near.rodata       const    0x00a552    0x11  ApiKeyboard.o [1]
  .near.rodata       const    0x00a563    0x11  ApiKeyboard.o [1]
  .near.rodata       const    0x00a574    0x11  ApiKeyboard.o [1]
  .near.rodata       const    0x00a585    0x11  ApiKeyboard.o [1]
  .near.rodata       const    0x00a596    0x11  ApiKeyboard.o [1]
  .near.rodata       const    0x00a5a7    0x11  ApiKeyboard.o [1]
  .near.rodata       const    0x00a5b8    0x11  ApiKeyboard.o [1]
  .near.rodata       const    0x00a5c9    0x11  ApiKeyboard.o [1]
  .near.rodata       const    0x00a5da    0x11  CommonLib.o [1]
  .near.rodata       const    0x00a5eb    0x11  System.o [1]
  .near.rodata       const    0x00a5fc    0x11  Task.o [1]
  .near.rodata       const    0x00a60d    0x11  Task.o [1]
  .near.rodata       const    0x00a61e    0x11  Task.o [1]
  .near.rodata       const    0x00a62f    0x11  Task.o [1]
  .near.rodata       const    0x00a640    0x11  Task.o [1]
  .near.rodata       const    0x00a651    0x11  Task.o [1]
  .near.rodata       const    0x00a662    0x11  Task.o [1]
  .near.rodata       const    0x00a673    0x11  Task.o [1]
  .near.rodata       const    0x00a684    0x11  Task.o [1]
  .near.rodata       const    0x00a695    0x11  Task.o [1]
  .near.rodata       const    0x00a6a6    0x11  Task.o [1]
  .near.rodata       const    0x00a6b7    0x11  Task.o [1]
  .near.rodata       const    0x00a6c8    0x10  ApiAtCmd.o [1]
  .near.rodata       const    0x00a6d8    0x10  ApiAtCmd.o [1]
  .near.rodata       const    0x00a6e8    0x10  ApiDisplay.o [1]
  .near.rodata       const    0x00a6f8    0x10  ApiDisplay.o [1]
  .near.rodata       const    0x00a708    0x10  uart3.o [1]
  .near.rodata       const    0x00a718     0xf  ApiAtCmd.o [1]
  .near.rodata       const    0x00a727     0xf  ApiKeyboard.o [1]
  .near.rodata       const    0x00a736     0xf  Task.o [1]
  .near.rodata       const    0x00a745     0xf  Task.o [1]
  .near.rodata       const    0x00a754     0xe  ApiAtCmd.o [1]
  .near.rodata       const    0x00a762     0xe  ApiAtCmd.o [1]
  .near.rodata       const    0x00a770     0xe  ApiAtCmd.o [1]
  .near.rodata       const    0x00a77e     0xe  Task.o [1]
  .near.rodata       const    0x00a78c     0xe  Task.o [1]
  .near.rodata       const    0x00a79a     0xd  ApiPocCmd.o [1]
  .near.rodata       const    0x00a7a7     0xd  ApiPocCmd.o [1]
  .near.rodata       const    0x00a7b4     0xd  Task.o [1]
  .near.rodata       const    0x00a7c1     0xc  ApiAtCmd.o [1]
  .near.rodata       const    0x00a7cd     0xb  ApiAtCmd.o [1]
  .near.rodata       const    0x00a7d8     0xb  Task.o [1]
  .near.rodata       const    0x00a7e3     0xa  ApiAtCmd.o [1]
  .near.rodata       const    0x00a7ed     0xa  Task.o [1]
  .near.rodata       const    0x00a7f7     0xa  Task.o [1]
  .near.rodata       const    0x00a801     0x9  ApiAtCmd.o [1]
  .near.rodata       const    0x00a80a     0x9  ApiAtCmd.o [1]
  .near.rodata       const    0x00a813     0x9  ApiAtCmd.o [1]
  .near.rodata       const    0x00a81c     0x9  ApiKeyboard.o [1]
  .near.rodata       const    0x00a825     0x9  ApiKeyboard.o [1]
  .near.rodata       const    0x00a82e     0x9  ApiKeyboard.o [1]
  .near.rodata       const    0x00a837     0x9  DrvGD83.o [1]
  .near.rodata       const    0x00a840     0x9  System.o [1]
  .near.rodata       const    0x00a849     0x9  Task.o [1]
  .near.rodata       const    0x00a852     0x8  ApiAtCmd.o [1]
  .near.rodata       const    0x00a85a     0x8  ApiDisplay.o [1]
  .near.rodata       const    0x00a862     0x8  ApiPocCmd.o [1]
  .near.rodata       const    0x00a86a     0x8  Task.o [1]
  .near.rodata       const    0x00a872     0x7  ApiAtCmd.o [1]
  .near.rodata       const    0x00a879     0x7  ApiAtCmd.o [1]
  .near.rodata       const    0x00a880     0x7  ApiAtCmd.o [1]
  .near.rodata       const    0x00a887     0x7  ApiPocCmd.o [1]
  .near.rodata       const    0x00a88e     0x7  DrvGD83.o [1]
  .near.rodata       const    0x00a895     0x7  Task.o [1]
  .near.rodata       const    0x00a89c     0x7  Task.o [1]
  .near.rodata       const    0x00a8a3     0x6  DrvGD83.o [1]
  .near.rodata       const    0x00a8a9     0x6  System.o [1]
  .near.rodata       const    0x00a8af     0x4  stm8s_clk.o [1]
  .near.rodata       const    0x00a8b3     0x4  uart3.o [1]
  .near.rodata       const    0x00a8b7     0x3  DrvGD83.o [1]
  .near.rodata       const    0x00a8ba     0x3  uart3.o [1]
  .near.rodata       const    0x00a8bd     0x3  uart3.o [1]
                            - 0x00a8c0  0x2840

"P4", part 1 of 2:                       0xfc2
  .far_func.text     ro code  0x00a8c0    0x4e  CommonLib.o [1]
  .far_func.text     ro code  0x00a90e    0x4a  DrvGD83.o [1]
  .far_func.text     ro code  0x00a958    0x4a  DrvGD83.o [1]
  .far_func.text     ro code  0x00a9a2    0x4a  DrvGD83.o [1]
  .far_func.text     ro code  0x00a9ec    0x4a  DrvGD83.o [1]
  .far_func.text     ro code  0x00aa36    0x49  stm8s_uart3.o [1]
  .far_func.text     ro code  0x00aa7f    0x48  Flash_eeprom.o [1]
  .far_func.text     ro code  0x00aac7    0x48  Flash_eeprom.o [1]
  .far_func.text     ro code  0x00ab0f    0x48  GT20L16P1Y_D.o [1]
  .far_func.text     ro code  0x00ab57    0x48  GT20L16P1Y_D.o [1]
  .far_func.text     ro code  0x00ab9f    0x47  GT20L16P1Y.o [3]
  .far_func.text     ro code  0x00abe6    0x43  stm8s_tim1.o [1]
  .far_func.text     ro code  0x00ac29    0x43  uart3.o [1]
  .far_func.text     ro code  0x00ac6c    0x40  Task.o [1]
  .far_func.text     ro code  0x00acac    0x3e  Flash_eeprom.o [1]
  .far_func.text     ro code  0x00acea    0x3d  DrvGD83.o [1]
  .far_func.text     ro code  0x00ad27    0x39  uart3.o [1]
  .far_func.text     ro code  0x00ad60    0x38  Beep.o [1]
  .far_func.text     ro code  0x00ad98    0x38  DrvGT20L16S1Y.o [1]
  .far_func.text     ro code  0x00add0    0x36  stm8s_flash.o [1]
  .far_func.text     ro code  0x00ae06    0x36  sysclock.o [1]
  .far_func.text     ro code  0x00ae3c    0x36  memcmp.o [5]
  .far_func.text     ro code  0x00ae72    0x34  McuConfig.o [1]
  .far_func.text     ro code  0x00aea6    0x32  stm8s_uart1.o [1]
  .far_func.text     ro code  0x00aed8    0x30  stm8s_adc2.o [1]
  .far_func.text     ro code  0x00af08    0x2f  ApiDisplay.o [1]
  .far_func.text     ro code  0x00af37    0x2f  ApiDisplay.o [1]
  .far_func.text     ro code  0x00af66    0x2f  stm8s_adc2.o [1]
  .far_func.text     ro code  0x00af95    0x2e  ApiDisplay.o [1]
  .far_func.text     ro code  0x00afc3    0x2e  McuConfig.o [1]
  .far_func.text     ro code  0x00aff1    0x2d  ApiDisplay.o [1]
  .far_func.text     ro code  0x00b01e    0x2d  stm8s_uart1.o [1]
  .far_func.text     ro code  0x00b04b    0x2c  DrvGD83.o [1]
  .far_func.text     ro code  0x00b077    0x2b  sysclock.o [1]
  .far_func.text     ro code  0x00b0a2    0x2b  Task.o [1]
  .far_func.text     ro code  0x00b0cd    0x29  Delay.o [1]
  .far_func.text     ro code  0x00b0f6    0x29  McuConfig.o [1]
  .far_func.text     ro code  0x00b11f    0x28  stm8s_flash.o [1]
  .far_func.text     ro code  0x00b147    0x28  init_small.o [5]
  .far_func.text     ro code  0x00b16f    0x27  ADC.o [1]
  .far_func.text     ro code  0x00b196    0x27  McuConfig.o [1]
  .far_func.text     ro code  0x00b1bd    0x26  GT20L16P1Y_D.o [1]
  .far_func.text     ro code  0x00b1e3    0x26  stm8s_it.o [1]
  .far_func.text     ro code  0x00b209    0x26  Tone.o [1]
  .far_func.text     ro code  0x00b22f    0x26  memcpy.o [5]
  .far_func.text     ro code  0x00b255    0x25  ApiGpsCmd.o [1]
  .far_func.text     ro code  0x00b27a    0x25  stm8s_flash.o [1]
  .far_func.text     ro code  0x00b29f    0x25  stm8s_uart3.o [1]
  .far_func.text     ro code  0x00b2c4    0x25  move.o [5]
  .far_func.text     ro code  0x00b2e9    0x24  stm8s_tim1.o [1]
  .far_func.text     ro code  0x00b30d    0x22  ADC.o [1]
  .far_func.text     ro code  0x00b32f    0x22  ApiPocCmd.o [1]
  .far_func.text     ro code  0x00b351    0x22  ApiPocCmd.o [1]
  .far_func.text     ro code  0x00b373    0x21  ApiPocCmd.o [1]
  .far_func.text     ro code  0x00b394    0x21  Delay.o [1]
  .far_func.text     ro code  0x00b3b5    0x21  stm8s_adc2.o [1]
  .far_func.text     ro code  0x00b3d6    0x21  stm8s_it.o [1]
  .far_func.text     ro code  0x00b3f7    0x20  ApiPocCmd.o [1]
  .far_func.text     ro code  0x00b417    0x1f  sysclock.o [1]
  .far_func.text     ro code  0x00b436    0x1e  init.o [5]
  .far_func.text     ro code  0x00b454    0x1e  init_small.o [5]
  .far_func.text     ro code  0x00b472    0x1c  Beep.o [1]
  .far_func.text     ro code  0x00b48e    0x1c  Delay.o [1]
  .far_func.text     ro code  0x00b4aa    0x1b  McuConfig.o [1]
  .far_func.text     ro code  0x00b4c5    0x1b  stm8s_it.o [1]
  .far_func.text     ro code  0x00b4e0    0x1a  McuConfig.o [1]
  .far_func.text     ro code  0x00b4fa    0x19  McuConfig.o [1]
  .far_func.text     ro code  0x00b513    0x19  McuConfig.o [1]
  .far_func.text     ro code  0x00b52c    0x19  McuConfig.o [1]
  .far_func.text     ro code  0x00b545    0x19  McuConfig.o [1]
  .far_func.text     ro code  0x00b55e    0x19  McuConfig.o [1]
  .far_func.text     ro code  0x00b577    0x17  ApiDisplay.o [1]
  .far_func.text     ro code  0x00b58e    0x17  ApiDisplay.o [1]
  .far_func.text     ro code  0x00b5a5    0x17  uart3.o [1]
  .far_func.text     ro code  0x00b5bc    0x17  cstartup.o [5]
  .far_func.text     ro code  0x00b5d3    0x17  memset.o [5]
  .far_func.text     ro code  0x00b5ea    0x16  stm8s_flash.o [1]
  .far_func.text     ro code  0x00b600    0x16  __dbg_xxexit.o [4]
  .far_func.text     ro code  0x00b616    0x14  stm8s_flash.o [1]
  .far_func.text     ro code  0x00b62a    0x13  ApiPocCmd.o [1]
  .far_func.text     ro code  0x00b63d    0x13  ApiPocCmd.o [1]
  .far_func.text     ro code  0x00b650    0x13  stm8s_adc2.o [1]
  .far_func.text     ro code  0x00b663    0x13  stm8s_clk.o [1]
  .far_func.text     ro code  0x00b676    0x13  stm8s_tim3.o [1]
  .far_func.text     ro code  0x00b689    0x12  ApiPocCmd.o [1]
  .far_func.text     ro code  0x00b69b    0x12  ApiPocCmd.o [1]
  .far_func.text     ro code  0x00b6ad    0x12  uart3.o [1]
  .far_func.text     ro code  0x00b6bf    0x12  strlen.o [5]
  .far_func.text     ro code  0x00b6d1    0x10  uart3.o [1]
  .far_func.text     ro code  0x00b6e1     0xf  ApiPocCmd.o [1]
  .far_func.text     ro code  0x00b6f0     0xf  ApiPocCmd.o [1]
  .far_func.text     ro code  0x00b6ff     0xf  Voice.o [1]
  .far_func.text     ro code  0x00b70e     0xe  far_util.o [5]
  .far_func.text     ro code  0x00b71c     0xd  McuConfig.o [1]
  .far_func.text     ro code  0x00b729     0xd  McuConfig.o [1]
  .far_func.text     ro code  0x00b736     0xd  McuConfig.o [1]
  .far_func.text     ro code  0x00b743     0xd  McuConfig.o [1]
  .far_func.text     ro code  0x00b750     0xd  stm8s_adc2.o [1]
  .far_func.text     ro code  0x00b75d     0xd  stm8s_tim1.o [1]
  .far_func.text     ro code  0x00b76a     0xd  stm8s_tim1.o [1]
  .far_func.text     ro code  0x00b777     0xd  stm8s_tim1.o [1]
  .far_func.text     ro code  0x00b784     0xd  stm8s_tim3.o [1]
  .far_func.text     ro code  0x00b791     0xd  stm8s_tim3.o [1]
  .far_func.text     ro code  0x00b79e     0xd  stm8s_uart1.o [1]
  .far_func.text     ro code  0x00b7ab     0xd  stm8s_uart3.o [1]
  .far_func.text     ro code  0x00b7b8     0xc  stm8s_tim3.o [1]
  .far_func.text     ro code  0x00b7c4     0xa  ApiAtCmd.o [1]
  .far_func.text     ro code  0x00b7ce     0xa  ApiPocCmd.o [1]
  .far_func.text     ro code  0x00b7d8     0xa  ApiPocCmd.o [1]
  .far_func.text     ro code  0x00b7e2     0x9  stm8s_gpio.o [1]
  .far_func.text     ro code  0x00b7eb     0x9  stm8s_tim3.o [1]
  .far_func.text     ro code  0x00b7f4     0x7  stm8s_flash.o [1]
  .far_func.text     ro code  0x00b7fb     0x7  stm8s_gpio.o [1]
  .far_func.text     ro code  0x00b802     0x6  char.o [5]
  .far_func.text     ro code  0x00b808     0x6  cexit.o [5]
  .far_func.text     ro code  0x00b80e     0x5  stm8s_adc2.o [1]
  .far_func.text     ro code  0x00b813     0x5  stm8s_flash.o [1]
  .far_func.text     ro code  0x00b818     0x5  stm8s_flash.o [1]
  .far_func.text     ro code  0x00b81d     0x5  stm8s_tim3.o [1]
  .far_func.text     ro code  0x00b822     0x4  ApiPocCmd.o [1]
  .far_func.text     ro code  0x00b826     0x4  ApiPocCmd.o [1]
  .far_func.text     ro code  0x00b82a     0x4  ApiPocCmd.o [1]
  .far_func.text     ro code  0x00b82e     0x4  ApiPocCmd.o [1]
  .far_func.text     ro code  0x00b832     0x4  ApiPocCmd.o [1]
  .far_func.text     ro code  0x00b836     0x4  ApiPocCmd.o [1]
  .far_func.text     ro code  0x00b83a     0x4  main.o [1]
  .far_func.text     ro code  0x00b83e     0x4  stm8s_gpio.o [1]
  .far_func.text     ro code  0x00b842     0x4  stm8s_uart1.o [1]
  .far_func.text     ro code  0x00b846     0x4  stm8s_uart1.o [1]
  .far_func.text     ro code  0x00b84a     0x4  stm8s_uart3.o [1]
  .far_func.text     ro code  0x00b84e     0x4  stm8s_uart3.o [1]
  .far_func.text     ro code  0x00b852     0x4  System.o [1]
  .far_func.text     ro code  0x00b856     0x4  System.o [1]
  .far_func.text     ro code  0x00b85a     0x4  Task.o [1]
  .far_func.text     ro code  0x00b85e     0x4  interrupt.o [5]
  .far_func.text     ro code  0x00b862     0x4  exit.o [5]
  .far_func.text     ro code  0x00b866     0x3  low_level_init.o [5]
  .far_func.text     ro code  0x00b869     0x3  unhandled_exception.o [5]
  .far_func.text     ro code  0x00b86c     0x1  stm8s_it.o [1]
  .far_func.text     ro code  0x00b86d     0x1  stm8s_it.o [1]
  .far_func.text     ro code  0x00b86e     0x1  stm8s_it.o [1]
  .far_func.text     ro code  0x00b86f     0x1  stm8s_it.o [1]
  .far_func.text     ro code  0x00b870     0x1  stm8s_it.o [1]
  .far_func.text     ro code  0x00b871     0x1  stm8s_it.o [1]
  .far_func.text     ro code  0x00b872     0x1  stm8s_it.o [1]
  .far_func.text     ro code  0x00b873     0x1  stm8s_it.o [1]
  .far_func.text     ro code  0x00b874     0x1  stm8s_it.o [1]
  .far_func.text     ro code  0x00b875     0x1  stm8s_it.o [1]
  .far_func.text     ro code  0x00b876     0x1  stm8s_it.o [1]
  .far_func.text     ro code  0x00b877     0x1  stm8s_it.o [1]
  .far_func.text     ro code  0x00b878     0x1  stm8s_it.o [1]
  .far_func.text     ro code  0x00b879     0x1  stm8s_it.o [1]
  .far_func.text     ro code  0x00b87a     0x1  stm8s_it.o [1]
  .far_func.text     ro code  0x00b87b     0x1  stm8s_it.o [1]
  .far_func.text     ro code  0x00b87c     0x1  stm8s_it.o [1]
  .far_func.text     ro code  0x00b87d     0x1  stm8s_it.o [1]
  .far_func.text     ro code  0x00b87e     0x1  stm8s_it.o [1]
  .far_func.text     ro code  0x00b87f     0x1  stm8s_it.o [1]
  .far_func.text     ro code  0x00b880     0x1  stm8s_it.o [1]
  .far_func.text     ro code  0x00b881     0x1  __dbg_break.o [4]
                            - 0x00b882   0xfc2

"P4", part 2 of 2:                      0x665d
  .far_func.text     ro code  0x010000   0x823  DrvGD83.o [1]
  .far_func.text     ro code  0x010823   0x703  ApiGpsCmd.o [1]
  .far_func.text     ro code  0x010f26   0x3c8  ApiKeyboard.o [1]
  .far_func.text     ro code  0x0112ee   0x39f  Task.o [1]
  .far_func.text     ro code  0x01168d   0x318  ApiGpsCmd.o [1]
  .far_func.text     ro code  0x0119a5   0x30f  Beep.o [1]
  .far_func.text     ro code  0x011cb4   0x30e  ApiPocCmd.o [1]
  .far_func.text     ro code  0x011fc2   0x2cd  GT20L16P1Y.o [3]
  .far_func.text     ro code  0x01228f   0x2a4  ApiGpsCmd.o [1]
  .far_func.text     ro code  0x012533   0x298  ApiGpsCmd.o [1]
  .far_func.text     ro code  0x0127cb   0x28b  ApiKeyboard.o [1]
  .far_func.text     ro code  0x012a56   0x252  DrvHTG12832.o [1]
  .far_func.text     ro code  0x012ca8   0x251  GT20L16P1Y.o [3]
  .far_func.text     ro code  0x012ef9   0x246  ApiAtCmd.o [1]
  .far_func.text     ro code  0x01313f   0x211  DrvKeyboard.o [1]
  .far_func.text     ro code  0x013350   0x1dc  Task.o [1]
  .far_func.text     ro code  0x01352c   0x1b2  uart3.o [1]
  .far_func.text     ro code  0x0136de   0x188  long.o [5]
  .far_func.text     ro code  0x013866   0x185  GT20L16P1Y.o [3]
  .far_func.text     ro code  0x0139eb   0x170  ApiPocCmd.o [1]
  .far_func.text     ro code  0x013b5b   0x163  ApiPocCmd.o [1]
  .far_func.text     ro code  0x013cbe   0x15c  vreg_util.o [5]
  .far_func.text     ro code  0x013e1a   0x159  stm8s_uart1.o [1]
  .far_func.text     ro code  0x013f73   0x148  DrvKeyboard.o [1]
  .far_func.text     ro code  0x0140bb   0x13f  DrvKeyboard.o [1]
  .far_func.text     ro code  0x0141fa   0x13b  DrvGT20L16S1Y.o [1]
  .far_func.text     ro code  0x014335   0x134  DrvGT20L16S1Y.o [1]
  .far_func.text     ro code  0x014469   0x12a  stm8s_uart3.o [1]
  .far_func.text     ro code  0x014593   0x11f  System.o [1]
  .far_func.text     ro code  0x0146b2   0x11d  ApiAtCmd.o [1]
  .far_func.text     ro code  0x0147cf   0x109  uart3.o [1]
  .far_func.text     ro code  0x0148d8   0x103  stm8s_itc.o [1]
  .far_func.text     ro code  0x0149db   0x101  ADC.o [1]
  .far_func.text     ro code  0x014adc    0xfa  CommonLib.o [1]
  .far_func.text     ro code  0x014bd6    0xeb  DrvGD83.o [1]
  .far_func.text     ro code  0x014cc1    0xe5  ApiKeyboard.o [1]
  .far_func.text     ro code  0x014da6    0xe2  uart3.o [1]
  .far_func.text     ro code  0x014e88    0xd9  ApiDisplay.o [1]
  .far_func.text     ro code  0x014f61    0xd8  ApiPocCmd.o [1]
  .far_func.text     ro code  0x015039    0xc8  ApiDisplay.o [1]
  .far_func.text     ro code  0x015101    0xc1  uart3.o [1]
  .far_func.text     ro code  0x0151c2    0xc0  ApiDisplay.o [1]
  .far_func.text     ro code  0x015282    0xb6  stm8s_uart3.o [1]
  .far_func.text     ro code  0x015338    0xb4  ApiAtCmd.o [1]
  .far_func.text     ro code  0x0153ec    0xb2  ApiGpsCmd.o [1]
  .far_func.text     ro code  0x01549e    0xb0  ApiDisplay.o [1]
  .far_func.text     ro code  0x01554e    0xaf  stm8s_gpio.o [1]
  .far_func.text     ro code  0x0155fd    0xa8  Delay.o [1]
  .far_func.text     ro code  0x0156a5    0xa3  Delay.o [1]
  .far_func.text     ro code  0x015748    0xa2  stm8s_clk.o [1]
  .far_func.text     ro code  0x0157ea    0x9b  Voice.o [1]
  .far_func.text     ro code  0x015885    0x99  stm8s_tim1.o [1]
  .far_func.text     ro code  0x01591e    0x97  ApiDisplay.o [1]
  .far_func.text     ro code  0x0159b5    0x96  DrvKeyboard.o [1]
  .far_func.text     ro code  0x015a4b    0x95  uart3.o [1]
  .far_func.text     ro code  0x015ae0    0x92  stm8s_uart1.o [1]
  .far_func.text     ro code  0x015b72    0x8d  stm8s_uart3.o [1]
  .far_func.text     ro code  0x015bff    0x88  ApiDisplay.o [1]
  .far_func.text     ro code  0x015c87    0x82  stm8s_adc2.o [1]
  .far_func.text     ro code  0x015d09    0x80  DrvGD83.o [1]
  .far_func.text     ro code  0x015d89    0x73  ApiAtCmd.o [1]
  .far_func.text     ro code  0x015dfc    0x73  Delay.o [1]
  .far_func.text     ro code  0x015e6f    0x72  DrvKeyboard.o [1]
  .far_func.text     ro code  0x015ee1    0x6e  uart3.o [1]
  .far_func.text     ro code  0x015f4f    0x6d  stm8s_uart1.o [1]
  .far_func.text     ro code  0x015fbc    0x6b  Tone.o [1]
  .far_func.text     ro code  0x016027    0x64  ApiDisplay.o [1]
  .far_func.text     ro code  0x01608b    0x64  long_util.o [5]
  .far_func.text     ro code  0x0160ef    0x62  ApiLED.o [1]
  .far_func.text     ro code  0x016151    0x61  stm8s_tim1.o [1]
  .far_func.text     ro code  0x0161b2    0x5e  CommonLib.o [1]
  .far_func.text     ro code  0x016210    0x5a  ApiDisplay.o [1]
  .far_func.text     ro code  0x01626a    0x5a  GT20L16P1Y_D.o [1]
  .far_func.text     ro code  0x0162c4    0x58  stm8s_clk.o [1]
  .far_func.text     ro code  0x01631c    0x58  dc_util.o [5]
  .far_func.text     ro code  0x016374    0x57  ApiDisplay.o [1]
  .far_func.text     ro code  0x0163cb    0x56  Tone.o [1]
  .far_func.text     ro code  0x016421    0x55  Delay.o [1]
  .far_func.text     ro code  0x016476    0x54  stm8s_adc2.o [1]
  .far_func.text     ro code  0x0164ca    0x52  uart3.o [1]
  .far_func.text     ro code  0x01651c    0x52  uart3.o [1]
  .far_func.text     ro code  0x01656e    0x51  short.o [5]
  .far_func.text     ro code  0x0165bf    0x4f  ApiDisplay.o [1]
  .far_func.text     ro code  0x01660e    0x4f  uart3.o [1]
                            - 0x01665d  0x665d


*******************************************************************************
*** INIT TABLE
***

          Address   Size
          -------   ----
Zero (__iar_zero_init2)
    4 destination ranges, total size 0x154e:
          0x000010  0xef5
          0x000f05  0x28a
          0x00118f  0x200
          0x00138f  0x1cf

Copy (__iar_copy_init2)
    1 source range, total size 0x56:
          0x00a2e0   0x56
    1 destination range, total size 0x56:
          0x00155e   0x56



*******************************************************************************
*** MODULE SUMMARY
***

    Module                 ro code  ro data  rw data
    ------                 -------  -------  -------
E:\1-source\A508\PRJ\Debug\Obj: [1]
    ADC.o                      330                 1
    ApiAtCmd.o               1 172      252      161
    ApiDisplay.o             1 659    1 128      578
    ApiGpsCmd.o              4 142                 3
    ApiKeyboard.o            1 848      220       27
    ApiLED.o                    98                 1
    ApiPocCmd.o              2 002       45    3 930
    Beep.o                     867                18
    CommonLib.o                422       17
    Delay.o                    633                11
    DrvGD83.o                2 847       33      659
    DrvGT20L16S1Y.o            679
    DrvHTG12832.o              594                 2
    DrvKeyboard.o            1 440
    Flash_eeprom.o             206
    GT20L16P1Y_D.o             272    7 776
    McuConfig.o                408
    System.o                   295       34       22
    Task.o                   1 514      675       31
    Tone.o                     231                18
    Voice.o                    170                 6
    main.o                       4
    stm8s_adc2.o               379
    stm8s_clk.o                269        4
    stm8s_flash.o              190
    stm8s_gpio.o               195
    stm8s_it.o                 119
    stm8s_itc.o                259
    stm8s_tim1.o               392
    stm8s_tim3.o                71
    stm8s_uart1.o              716
    stm8s_uart3.o              752
    sysclock.o                 128
    uart3.o                  1 801       26       72
    ------------------------------------------------
    Total:                  27 104   10 210    5 540

command line: [2]
    ------------------------------------------------
    Total:

GT20L16_STM8_DOUBLE_MEDIUM_IAR.a: [3]
    GT20L16P1Y.o             1 770       62
    ------------------------------------------------
    Total:                   1 770       62

dbgstm8mmd.a: [4]
    __dbg_break.o                1
    __dbg_xxexit.o              22
    ------------------------------------------------
    Total:                      23

dlstm8mmn.a: [5]
    cexit.o                      6
    char.o                       6
    cstartup.o                  23
    dc_util.o                   88
    exit.o                       4
    far_util.o                  14
    init.o                      30
    init_small.o                70
    interrupt.o                  4      128
    long.o                     392
    long_util.o                100
    low_level_init.o             3
    memcmp.o                    54
    memcpy.o                    38
    memset.o                    23
    move.o                      37
    short.o                     81
    strlen.o                    18
    unhandled_exception.o        3
    vreg_util.o                348
    vregs.o                                       16
    ------------------------------------------------
    Total:                   1 342      128       16

    Linker created                       32      512
----------------------------------------------------
    Grand Total:            30 239   10 432    6 068


*******************************************************************************
*** ENTRY LIST
***

Entry                    Address    Size  Type      Object
-----                    -------    ----  ----      ------
.iar.init_table$$Base   0x00a47e           --   Gb  - Linker created -
.iar.init_table$$Limit  0x00a49e           --   Gb  - Linker created -
?add32_l0_l0_0x         0x0136e1          Code  Gb  long.o [5]
?add32_l0_l0_l1         0x0136de          Code  Gb  long.o [5]
?and32_l0_l0_0x         0x013817          Code  Gb  long.o [5]
?and32_l0_l0_l1         0x013814          Code  Gb  long.o [5]
?b0                     0x000000          Data  Gb  vregs.o [5]
?b1                     0x000001          Data  Gb  vregs.o [5]
?b10                    0x00000a          Data  Gb  vregs.o [5]
?b11                    0x00000b          Data  Gb  vregs.o [5]
?b12                    0x00000c          Data  Gb  vregs.o [5]
?b13                    0x00000d          Data  Gb  vregs.o [5]
?b14                    0x00000e          Data  Gb  vregs.o [5]
?b15                    0x00000f          Data  Gb  vregs.o [5]
?b2                     0x000002          Data  Gb  vregs.o [5]
?b3                     0x000003          Data  Gb  vregs.o [5]
?b4                     0x000004          Data  Gb  vregs.o [5]
?b5                     0x000005          Data  Gb  vregs.o [5]
?b6                     0x000006          Data  Gb  vregs.o [5]
?b7                     0x000007          Data  Gb  vregs.o [5]
?b8                     0x000008          Data  Gb  vregs.o [5]
?b9                     0x000009          Data  Gb  vregs.o [5]
?dc32_l0                0x01631c          Code  Gb  dc_util.o [5]
?dc32_l1                0x016348          Code  Gb  dc_util.o [5]
?e0                     0x000001          Data  Gb  vregs.o [5]
?e1                     0x000005          Data  Gb  vregs.o [5]
?e2                     0x000009          Data  Gb  vregs.o [5]
?e3                     0x00000d          Data  Gb  vregs.o [5]
?epilogue_l2            0x013d76          Code  Gb  vreg_util.o [5]
?epilogue_l2_l3         0x013d72          Code  Gb  vreg_util.o [5]
?epilogue_l2_w6         0x013d7b          Code  Gb  vreg_util.o [5]
?epilogue_w4            0x013d84          Code  Gb  vreg_util.o [5]
?l0                     0x000000          Data  Gb  vregs.o [5]
?l1                     0x000004          Data  Gb  vregs.o [5]
?l2                     0x000008          Data  Gb  vregs.o [5]
?l3                     0x00000c          Data  Gb  vregs.o [5]
?load24_e1_0x           0x00b70e          Code  Gb  far_util.o [5]
?load32_0x_l0           0x0160e1          Code  Gb  long_util.o [5]
?load32_l0_0x           0x0160a5          Code  Gb  long_util.o [5]
?load32_l0_asp          0x016099          Code  Gb  long_util.o [5]
?load32_l0_dbsp         0x01608b          Code  Gb  long_util.o [5]
?load32_l0_xsp          0x01609b          Code  Gb  long_util.o [5]
?load32_l1_0x           0x0160cb          Code  Gb  long_util.o [5]
?load32_l1_asp          0x0160bf          Code  Gb  long_util.o [5]
?load32_l1_dbsp         0x0160b1          Code  Gb  long_util.o [5]
?load32_l1_xsp          0x0160c1          Code  Gb  long_util.o [5]
?load32_xsp_l0          0x0160d7          Code  Gb  long_util.o [5]
?longfarg16_v_w0_a      0x00b2d1          Code  Gb  move.o [5]
?longfarg16_v_w0_x      0x00b2d3          Code  Gb  move.o [5]
?mov_e0_e1              0x013da1          Code  Gb  vreg_util.o [5]
?mov_e0_e2              0x013dae          Code  Gb  vreg_util.o [5]
?mov_e0_e3              0x013dbb          Code  Gb  vreg_util.o [5]
?mov_e1_e0              0x013dc8          Code  Gb  vreg_util.o [5]
?mov_e1_e2              0x013dd5          Code  Gb  vreg_util.o [5]
?mov_e1_e3              0x013de2          Code  Gb  vreg_util.o [5]
?mov_e2_e0              0x013def          Code  Gb  vreg_util.o [5]
?mov_e3_e0              0x013e03          Code  Gb  vreg_util.o [5]
?mov_e3_e1              0x013e10          Code  Gb  vreg_util.o [5]
?mov_l0_l1              0x013d9e          Code  Gb  vreg_util.o [5]
?mov_l0_l2              0x013dab          Code  Gb  vreg_util.o [5]
?mov_l0_l3              0x013db8          Code  Gb  vreg_util.o [5]
?mov_l1_l0              0x013dc5          Code  Gb  vreg_util.o [5]
?mov_l1_l2              0x013dd2          Code  Gb  vreg_util.o [5]
?mov_l1_l3              0x013ddf          Code  Gb  vreg_util.o [5]
?mov_l2_l0              0x013dec          Code  Gb  vreg_util.o [5]
?mov_l3_l0              0x013e00          Code  Gb  vreg_util.o [5]
?mov_l3_l1              0x013e0d          Code  Gb  vreg_util.o [5]
?mov_w1_w3              0x013da4          Code  Gb  vreg_util.o [5]
?mov_w1_w4              0x013d89          Code  Gb  vreg_util.o [5]
?mov_w1_w5              0x013db1          Code  Gb  vreg_util.o [5]
?mov_w1_w7              0x013dbe          Code  Gb  vreg_util.o [5]
?mov_w2_w1              0x013d90          Code  Gb  vreg_util.o [5]
?mov_w3_w1              0x013dcb          Code  Gb  vreg_util.o [5]
?mov_w3_w5              0x013dd8          Code  Gb  vreg_util.o [5]
?mov_w3_w7              0x013de5          Code  Gb  vreg_util.o [5]
?mov_w5_w1              0x013df2          Code  Gb  vreg_util.o [5]
?mov_w5_w3              0x013df9          Code  Gb  vreg_util.o [5]
?mov_w6_w0              0x013d97          Code  Gb  vreg_util.o [5]
?mov_w7_w1              0x013e06          Code  Gb  vreg_util.o [5]
?mov_w7_w3              0x013e13          Code  Gb  vreg_util.o [5]
?move1616_v_x_y_a       0x00b2c4          Code  Gb  move.o [5]
?mul16_x_x_w0           0x01656e          Code  Gb  short.o [5]
?mul32_l0_l0_l1         0x013714          Code  Gb  long.o [5]
?or32_l0_l0_0x          0x013832          Code  Gb  long.o [5]
?or32_l0_l0_l1          0x01382f          Code  Gb  long.o [5]
?pop_l0                 0x013d3a          Code  Gb  vreg_util.o [5]
?pop_l1                 0x013d45          Code  Gb  vreg_util.o [5]
?pop_l2                 0x013d50          Code  Gb  vreg_util.o [5]
?pop_l3                 0x013d5b          Code  Gb  vreg_util.o [5]
?pop_w4                 0x013ce4          Code  Gb  vreg_util.o [5]
?pop_w5                 0x013ceb          Code  Gb  vreg_util.o [5]
?pop_w6                 0x013cf2          Code  Gb  vreg_util.o [5]
?push_l0                0x013d05          Code  Gb  vreg_util.o [5]
?push_l1                0x013d0a          Code  Gb  vreg_util.o [5]
?push_l2                0x013d0f          Code  Gb  vreg_util.o [5]
?push_l3                0x013d14          Code  Gb  vreg_util.o [5]
?push_w4                0x013cbe          Code  Gb  vreg_util.o [5]
?push_w5                0x013cc3          Code  Gb  vreg_util.o [5]
?push_w6                0x013cc8          Code  Gb  vreg_util.o [5]
?sext16_x_a             0x0165b8          Code  Gb  short.o [5]
?sext32_l0_x            0x01385b          Code  Gb  long.o [5]
?sll16_x_x_4            0x0165a6          Code  Gb  short.o [5]
?sll16_x_x_5            0x0165a5          Code  Gb  short.o [5]
?sll16_x_x_6            0x0165a4          Code  Gb  short.o [5]
?sll16_x_x_a            0x01659c          Code  Gb  short.o [5]
?sll32_0x_0x_a          0x01384d          Code  Gb  long.o [5]
?sll32_l0_l0_a          0x01384a          Code  Gb  long.o [5]
?smod16_y_x_y           0x01658c          Code  Gb  short.o [5]
?srl16_x_x_10           0x0165ad          Code  Gb  short.o [5]
?srl16_x_x_11           0x0165ac          Code  Gb  short.o [5]
?srl16_x_x_12           0x0165ab          Code  Gb  short.o [5]
?srl16_x_x_4            0x0165b3          Code  Gb  short.o [5]
?srl16_x_x_5            0x0165b2          Code  Gb  short.o [5]
?srl16_x_x_6            0x0165b1          Code  Gb  short.o [5]
?srl16_x_x_7            0x0165b0          Code  Gb  short.o [5]
?srl16_x_x_8            0x0165af          Code  Gb  short.o [5]
?srl16_x_x_9            0x0165ae          Code  Gb  short.o [5]
?srl8_a_a_5             0x00b803          Code  Gb  char.o [5]
?srl8_a_a_6             0x00b802          Code  Gb  char.o [5]
?sub32_l0_l0_0x         0x0136fc          Code  Gb  long.o [5]
?sub32_l0_l0_l1         0x0136f9          Code  Gb  long.o [5]
?ucmp32_c_l0_l1         0x013809          Code  Gb  long.o [5]
?udiv32_l0_dl_l1        0x013792          Code  Gb  long.o [5]
?udiv32_l0_l0_dl        0x013798          Code  Gb  long.o [5]
?udiv32_l0_l0_l1        0x01379c          Code  Gb  long.o [5]
?umod32_l1_l0_l1        0x01379c          Code  Gb  long.o [5]
?w0                     0x000000          Data  Gb  vregs.o [5]
?w1                     0x000002          Data  Gb  vregs.o [5]
?w2                     0x000004          Data  Gb  vregs.o [5]
?w3                     0x000006          Data  Gb  vregs.o [5]
?w4                     0x000008          Data  Gb  vregs.o [5]
?w5                     0x00000a          Data  Gb  vregs.o [5]
?w6                     0x00000c          Data  Gb  vregs.o [5]
?w7                     0x00000e          Data  Gb  vregs.o [5]
ADC2_Cmd                0x00b750     0xd  Code  Gb  stm8s_adc2.o [1]
ADC2_ConversionConfig   0x00af66    0x2f  Code  Gb  stm8s_adc2.o [1]
ADC2_ExternalTriggerConfig
                        0x00b3b5    0x21  Code  Gb  stm8s_adc2.o [1]
ADC2_GetConversionValue
                        0x016476    0x54  Code  Gb  stm8s_adc2.o [1]
ADC2_IRQHandler         0x00b87e     0x1  Code  Gb  stm8s_it.o [1]
ADC2_Init               0x00aed8    0x30  Code  Gb  stm8s_adc2.o [1]
ADC2_PrescalerConfig    0x00b650    0x13  Code  Gb  stm8s_adc2.o [1]
ADC2_SchmittTriggerConfig
                        0x015c87    0x82  Code  Gb  stm8s_adc2.o [1]
ADC2_StartConversion    0x00b80e     0x5  Code  Gb  stm8s_adc2.o [1]
ADC_Init                0x00b30d    0x22  Code  Gb  ADC.o [1]
AF_Mute_Init            0x00b729     0xd  Code  Gb  McuConfig.o [1]
AUDIO_IOAFMUT           0x00b545    0x19  Code  Gb  McuConfig.o [1]
AUDIO_IOAFPOW           0x00b55e    0x19  Code  Gb  McuConfig.o [1]
AWU_IRQHandler          0x00b86e     0x1  Code  Gb  stm8s_it.o [1]
AkeyvolumeCount         0x001583     0x1  Data  Gb  ApiKeyboard.o [1]
AlarmCount              0x001599     0x1  Data  Gb  Task.o [1]
ApGpsCmd_10msRenew      0x00b255    0x25  Code  Gb  ApiGpsCmd.o [1]
ApiAtCmd_100msRenew     0x0130be    0x81  Code  Gb  ApiAtCmd.o [1]
ApiAtCmd_10msRenew      0x015338    0xb4  Code  Gb  ApiAtCmd.o [1]
ApiAtCmd_GetGroupName   0x00b689    0x12  Code  Gb  ApiPocCmd.o [1]
ApiAtCmd_GetGroupNameLen
                        0x00b62a    0x13  Code  Gb  ApiPocCmd.o [1]
ApiAtCmd_GetGroupNum    0x00b82a     0x4  Code  Gb  ApiPocCmd.o [1]
ApiAtCmd_GetLoginState  0x00b7ce     0xa  Code  Gb  ApiPocCmd.o [1]
ApiAtCmd_GetMainGroupId
                        0x00b832     0x4  Code  Gb  ApiPocCmd.o [1]
ApiAtCmd_GetMainUserId  0x00b836     0x4  Code  Gb  ApiPocCmd.o [1]
ApiAtCmd_GetMainWorkName
                        0x00b822     0x4  Code  Gb  ApiPocCmd.o [1]
ApiAtCmd_GetMainWorkNameLen
                        0x00b826     0x4  Code  Gb  ApiPocCmd.o [1]
ApiAtCmd_GetUserName    0x00b69b    0x12  Code  Gb  ApiPocCmd.o [1]
ApiAtCmd_GetUserNameLen
                        0x00b63d    0x13  Code  Gb  ApiPocCmd.o [1]
ApiAtCmd_GetUserNum     0x00b82e     0x4  Code  Gb  ApiPocCmd.o [1]
ApiAtCmd_PlayVoice      0x015d89    0x73  Code  Gb  ApiAtCmd.o [1]
ApiAtCmd_WritCommand    0x012ef9   0x178  Code  Gb  ApiAtCmd.o [1]
ApiAtCmd_tcp_state      0x00b7c4     0xa  Code  Gb  ApiAtCmd.o [1]
ApiCaretCmd_10msRenew   0x0146b2   0x11d  Code  Gb  ApiAtCmd.o [1]
ApiGpsCmd_100msRenew    0x010c66   0x2c0  Code  Gb  ApiGpsCmd.o [1]
ApiGpsCmd_PowerOnInitial
                        0x0153ec    0xb2  Code  Gb  ApiGpsCmd.o [1]
ApiPocCmd_10msRenew     0x011cb4   0x30e  Code  Gb  ApiPocCmd.o [1]
ApiPocCmd_WritCommand   0x013b5b   0x163  Code  Gb  ApiPocCmd.o [1]
ApiPocCmd_user_info_set
                        0x014f61    0xd8  Code  Gb  ApiPocCmd.o [1]
AtCmdDrvobj             0x00138f    0x77  Data  Lc  ApiAtCmd.o [1]
AtCmd_NetParamCode      0x013071    0x4d  Code  Lc  ApiAtCmd.o [1]
AtNotify_Queue          0x01009a    0x4d  Code  Lc  DrvGD83.o [1]
AtNotify_Queue_Start    0x0100e7    0x56  Code  Lc  DrvGD83.o [1]
BEEP_Interrupt10ms      0x00b472    0x1c  Code  Gb  Beep.o [1]
BEEP_PowerOnInitial     0x011be1    0xd3  Code  Gb  Beep.o [1]
BEEP_SetOutput          0x0119a5   0x23c  Code  Gb  Beep.o [1]
BEEP_Time               0x00ad60    0x38  Code  Gb  Beep.o [1]
BeepDrvObj              0x0014ee    0x12  Data  Lc  Beep.o [1]
BitTab                  0x00a85a     0x8  Data  Gb  ApiDisplay.o [1]
BootProcess_PPPCFG_Flag
                        0x001544     0x1  Data  Gb  ApiAtCmd.o [1]
BootProcess_PPPCFG_Flag_Zanshi
                        0x00155e     0x1  Data  Gb  ApiAtCmd.o [1]
BootProcess_SIMST_Flag  0x001543     0x1  Data  Gb  ApiAtCmd.o [1]
CHAR_HIGH               0x00a6e8    0x10  Data  Gb  ApiDisplay.o [1]
CHAR_WIDTH              0x00a6f8    0x10  Data  Gb  ApiDisplay.o [1]
CLK_ClockSwitchConfig   0x015748    0xa2  Code  Gb  stm8s_clk.o [1]
CLK_GetClockFreq        0x0162c4    0x58  Code  Gb  stm8s_clk.o [1]
CLK_HSIPrescalerConfig  0x00b663    0x13  Code  Gb  stm8s_clk.o [1]
CLK_IRQHandler          0x00b86f     0x1  Code  Gb  stm8s_it.o [1]
COML_AscToHex           0x014adc    0xfa  Code  Gb  CommonLib.o [1]
COML_StringReverse      0x0161b2    0x5e  Code  Gb  CommonLib.o [1]
CSQ_Flag                0x001546     0x1  Data  Gb  ApiAtCmd.o [1]
CSTACK$$Base            0x001600           --   Gb  - Linker created -
CSTACK$$Limit           0x001800           --   Gb  - Linker created -
C_TEST_OUT_SET          0x00b743     0xd  Code  Gb  McuConfig.o [1]
CaretNotify_Queue       0x010000    0x4d  Code  Lc  DrvGD83.o [1]
CaretNotify_Queue_Start
                        0x010193    0x56  Code  Lc  DrvGD83.o [1]
CharCode                0x00153c     0x2  Data  Gb  ApiDisplay.o [1]
DEL_100msProcess        0x01561c    0x50  Code  Lc  Delay.o [1]
DEL_10msProcess         0x01566c    0x1d  Code  Lc  Delay.o [1]
DEL_1msProcess          0x015689     0xc  Code  Lc  Delay.o [1]
DEL_500msProcess        0x0155fd    0x1f  Code  Lc  Delay.o [1]
DEL_GetTimer            0x016421    0x55  Code  Gb  Delay.o [1]
DEL_Interrupt           0x0156a5    0xa3  Code  Gb  Delay.o [1]
DEL_PowerOnInitial      0x00b394    0x21  Code  Gb  Delay.o [1]
DEL_Renew               0x015695    0x10  Code  Gb  Delay.o [1]
DEL_SetTimer            0x015dfc    0x73  Code  Gb  Delay.o [1]
DEL_Soft1ms             0x00b48e    0x1c  Code  Gb  Delay.o [1]
DEL_TimerRenew          0x00b0cd    0x29  Code  Lc  Delay.o [1]
DISP_DataBuf            0x015039    0xc8  Code  Lc  ApiDisplay.o [1]
DISP_MulTypePro         0x0151c2    0xc0  Code  Lc  ApiDisplay.o [1]
DISP_MulTypePro2        0x014e88    0xd9  Code  Lc  ApiDisplay.o [1]
Dec2Hex                 0x00a8c0    0x4e  Code  Gb  CommonLib.o [1]
DefaultSystemClockForHSI
                        0x00b417    0x1f  Code  Gb  sysclock.o [1]
DelDrvObj               0x001521     0xb  Data  Lc  Delay.o [1]
Delay_100ms             0x00ac6c    0x40  Code  Gb  Task.o [1]
DisDataBit              0x00149a    0x40  Data  Gb  ApiDisplay.o [1]
DisDataBuf              0x00118f   0x200  Data  Gb  ApiDisplay.o [1]
DrvGD83DrvObj           0x000f05   0x28a  Data  Lc  DrvGD83.o [1]
DrvGD83_Init            0x00b4e0    0x1a  Code  Gb  McuConfig.o [1]
DrvGD83_UART_TxCommand  0x015d09    0x80  Code  Gb  DrvGD83.o [1]
DrvMC8332_AtNotify_Queue_front
                        0x00a958    0x4a  Code  Gb  DrvGD83.o [1]
DrvMC8332_CaretNotify_Queue_front
                        0x00a90e    0x4a  Code  Gb  DrvGD83.o [1]
DrvMC8332_GpsNotify_Queue_front
                        0x00a9ec    0x4a  Code  Gb  DrvGD83.o [1]
DrvMC8332_PocNotify_Queue_front
                        0x00a9a2    0x4a  Code  Gb  DrvGD83.o [1]
DrvMC8332_Software_Initial
                        0x00acea    0x3d  Code  Gb  DrvGD83.o [1]
DrvMC8332_TxPort_SetValidable
                        0x00b04b    0x2c  Code  Gb  DrvGD83.o [1]
DrvMC8332_UART_Interrupt
                        0x010458   0x3cb  Code  Gb  DrvGD83.o [1]
DrvMc8332_UART_TxTail   0x014bd6    0xeb  Code  Gb  DrvGD83.o [1]
EEPROM_EEC_IRQHandler   0x00b880     0x1  Code  Gb  stm8s_it.o [1]
EXTI_PORTA_IRQHandler   0x00b870     0x1  Code  Gb  stm8s_it.o [1]
EXTI_PORTB_IRQHandler   0x00b871     0x1  Code  Gb  stm8s_it.o [1]
EXTI_PORTC_IRQHandler   0x00b872     0x1  Code  Gb  stm8s_it.o [1]
EXTI_PORTD_IRQHandler   0x00b873     0x1  Code  Gb  stm8s_it.o [1]
EXTI_PORTE_IRQHandler   0x00b874     0x1  Code  Gb  stm8s_it.o [1]
FILE_Read               0x00aac7    0x48  Code  Gb  Flash_eeprom.o [1]
FILE_Write              0x00aa7f    0x48  Code  Gb  Flash_eeprom.o [1]
FLASH_EraseOptionByte   0x00b11f    0x28  Code  Gb  stm8s_flash.o [1]
FLASH_GetFlagStatus     0x00b616    0x14  Code  Gb  stm8s_flash.o [1]
FLASH_Lock              0x00b7f4     0x7  Code  Gb  stm8s_flash.o [1]
FLASH_ProgramByte       0x00b813     0x5  Code  Gb  stm8s_flash.o [1]
FLASH_ProgramOptionByte
                        0x00b27a    0x25  Code  Gb  stm8s_flash.o [1]
FLASH_ReadByte          0x00b818     0x5  Code  Gb  stm8s_flash.o [1]
FLASH_Unlock            0x00b5ea    0x16  Code  Gb  stm8s_flash.o [1]
FLASH_WaitForLastOperation
                        0x00add0    0x36  Code  Gb  stm8s_flash.o [1]
GB2312_16_GetData       0x012ca8   0x251  Code  Gb  GT20L16P1Y.o [3]
GD83_ON                 0x00b4aa    0x1b  Code  Gb  McuConfig.o [1]
GPIO_Init               0x01554e    0xaf  Code  Gb  stm8s_gpio.o [1]
GPIO_ReadInputPin       0x00b7e2     0x9  Code  Gb  stm8s_gpio.o [1]
GPIO_WriteHigh          0x00b7fb     0x7  Code  Gb  stm8s_gpio.o [1]
GPIO_WriteLow           0x00b83e     0x4  Code  Gb  stm8s_gpio.o [1]
GeHuTest                0x0127cb   0x28b  Code  Lc  ApiKeyboard.o [1]
GetAnswerPersonalCallingMode
                        0x00b6f0     0xf  Code  Gb  ApiPocCmd.o [1]
GetPersonalCallingMode  0x00b6e1     0xf  Code  Gb  ApiPocCmd.o [1]
GetPlayState            0x00b7d8     0xa  Code  Gb  ApiPocCmd.o [1]
GetPointArrayData32     0x00ab0f    0x48  Code  Gb  GT20L16P1Y_D.o [1]
GetTaskId               0x00b852     0x4  Code  Gb  System.o [1]
GpsCmd_GbAnalytical     0x01228f   0x2a4  Code  Lc  ApiGpsCmd.o [1]
GpsCmd_GbDataTransave   0x01168d   0x318  Code  Lc  ApiGpsCmd.o [1]
GpsCmd_GbWritCommand    0x010823   0x443  Code  Lc  ApiGpsCmd.o [1]
GpsFunDrvObj            0x00153e     0x2  Data  Lc  ApiGpsCmd.o [1]
GpsNotify_Queue         0x0103db    0x7d  Code  Lc  DrvGD83.o [1]
GpsNotify_Queue_Start   0x0101e9    0x9a  Code  Lc  DrvGD83.o [1]
GroupCallingNum         0x00158a     0x1  Data  Gb  ApiKeyboard.o [1]
HSE_ClockStartUpConfiguration
                        0x00ae06    0x36  Code  Lc  sysclock.o [1]
HSIDivFactor            0x00a8af     0x4  Data  Gb  stm8s_clk.o [1]
HexToChar_GroupCallingNum
                        0x00b3f7    0x20  Code  Gb  ApiPocCmd.o [1]
HexToChar_MainGroupId   0x00b373    0x21  Code  Gb  ApiPocCmd.o [1]
HexToChar_MainUserId    0x00b32f    0x22  Code  Gb  ApiPocCmd.o [1]
HexToChar_PersonalCallingNum
                        0x00b351    0x22  Code  Gb  ApiPocCmd.o [1]
HtgDrvObj               0x001540     0x2  Data  Lc  DrvHTG12832.o [1]
I2C_IRQHandler          0x00b87c     0x1  Code  Gb  stm8s_it.o [1]
INTVEC$$Base            0x008000           --   Gb  - Linker created -
INTVEC$$Limit           0x008080           --   Gb  - Linker created -
ITC_SetSoftwarePriority
                        0x0148d8   0x103  Code  Gb  stm8s_itc.o [1]
Ico_DataBuf             0x009b80   0x400  Data  Gb  ApiDisplay.o [1]
InputGBcode             0x009f80   0x1b0  Data  Gb  GT20L16P1Y_D.o [1]
InputUnicode            0x00a130   0x1b0  Data  Gb  GT20L16P1Y_D.o [1]
KEY_TABLE               0x00a8ba     0x3  Data  Lc  uart3.o [1]
KeyBoardState           0x001555     0x1  Data  Gb  ApiKeyboard.o [1]
KeyDownUpChoose_GroupOrUser_Flag
                        0x001547     0x1  Data  Gb  ApiAtCmd.o [1]
KeyPersonalCallingCount
                        0x00154b     0x1  Data  Gb  ApiKeyboard.o [1]
KeyUpDownCount          0x00154a     0x1  Data  Gb  ApiKeyboard.o [1]
Key_Flag_0              0x00155b     0x1  Data  Gb  Task.o [1]
Key_Flag_1              0x00154c     0x1  Data  Gb  ApiKeyboard.o [1]
Key_Init                0x00ae72    0x34  Code  Gb  McuConfig.o [1]
Key_PersonalCalling_Flag
                        0x00155c     0x1  Data  Gb  Task.o [1]
Keyboard_Test           0x010f26   0x3c8  Code  Gb  ApiKeyboard.o [1]
LED_Conut               0x001556     0x1  Data  Gb  ApiLED.o [1]
LED_Init                0x00b196    0x27  Code  Gb  McuConfig.o [1]
LED_IntOutputRenew      0x0160ef    0x62  Code  Gb  ApiLED.o [1]
LowVoltageDetection     0x0149db   0x101  Code  Gb  ADC.o [1]
LowVoltageDetection_Flag
                        0x001542     0x1  Data  Gb  ADC.o [1]
MIC_GPIO_Init           0x00b71c     0xd  Code  Gb  McuConfig.o [1]
MIC_IOMUT               0x00b52c    0x19  Code  Gb  McuConfig.o [1]
NoUseNum                0x00155a     0x1  Data  Gb  Task.o [1]
Noise_Mute_Init         0x00b736     0xd  Code  Gb  McuConfig.o [1]
Notify_Queue_Stop       0x010283   0x158  Code  Lc  DrvGD83.o [1]
OneChannelGetADValue    0x00b16f    0x27  Code  Lc  ADC.o [1]
PAS_NULLTBL             0x00a708    0x10  Data  Lc  uart3.o [1]
POC_GetGroupInformationFlag
                        0x001557     0x1  Data  Gb  ApiPocCmd.o [1]
POC_GetGroupInformationFlag2
                        0x001558     0x1  Data  Gb  ApiPocCmd.o [1]
POC_TABLE               0x00a8bd     0x3  Data  Lc  uart3.o [1]
PasObj                  0x001538     0x4  Data  Lc  uart3.o [1]
PersonalCallingNum      0x001549     0x1  Data  Gb  ApiKeyboard.o [1]
PocCmdDrvobj            0x000010   0xef5  Data  Lc  ApiPocCmd.o [1]
PocNotify_Queue         0x01004d    0x4d  Code  Lc  DrvGD83.o [1]
PocNotify_Queue_Start   0x01013d    0x56  Code  Lc  DrvGD83.o [1]
PressButton             0x001554     0x1  Data  Gb  ApiKeyboard.o [1]
ReadBuffer              0x001406    0x50  Data  Gb  ApiPocCmd.o [1]
ReadByte                0x016374    0x57  Code  Gb  ApiDisplay.o [1]
Region$$Table$$Base     0x00a47e           --   Gb  - Linker created -
Region$$Table$$Limit    0x00a49e           --   Gb  - Linker created -
SPI_IRQHandler          0x00b875     0x1  Code  Gb  stm8s_it.o [1]
SendByte                0x015bff    0x88  Code  Gb  ApiDisplay.o [1]
SetTaskId               0x00b856     0x4  Code  Gb  System.o [1]
Set_GreenLed            0x00b4fa    0x19  Code  Gb  McuConfig.o [1]
Set_RedLed              0x00b513    0x19  Code  Gb  McuConfig.o [1]
SystemClock_Init        0x00b077    0x2b  Code  Gb  sysclock.o [1]
TASK_RunLoBattery       0x00b0a2    0x2b  Code  Gb  Task.o [1]
TASK_WriteFreq          0x00b85a     0x4  Code  Gb  Task.o [1]
TIM1_CAP_COM_IRQHandler
                        0x00b877     0x1  Code  Gb  stm8s_it.o [1]
TIM1_CCxCmd             0x00abe6    0x43  Code  Gb  stm8s_tim1.o [1]
TIM1_Cmd                0x00b75d     0xd  Code  Gb  stm8s_tim1.o [1]
TIM1_CtrlPWMOutputs     0x00b76a     0xd  Code  Gb  stm8s_tim1.o [1]
TIM1_DeInit             0x015885    0x99  Code  Gb  stm8s_tim1.o [1]
TIM1_OC1Init            0x016151    0x61  Code  Gb  stm8s_tim1.o [1]
TIM1_OC1PreloadConfig   0x00b777     0xd  Code  Gb  stm8s_tim1.o [1]
TIM1_PWM_Init           0x0163cb    0x56  Code  Gb  Tone.o [1]
TIM1_TimeBaseInit       0x00b2e9    0x24  Code  Gb  stm8s_tim1.o [1]
TIM1_UPD_OVF_TRG_BRK_IRQHandler
                        0x00b876     0x1  Code  Gb  stm8s_it.o [1]
TIM2_CAP_COM_IRQHandler
                        0x00b879     0x1  Code  Gb  stm8s_it.o [1]
TIM2_UPD_OVF_BRK_IRQHandler
                        0x00b878     0x1  Code  Gb  stm8s_it.o [1]
TIM3_ARRPreloadConfig   0x00b791     0xd  Code  Gb  stm8s_tim3.o [1]
TIM3_CAP_COM_IRQHandler
                        0x00b87a     0x1  Code  Gb  stm8s_it.o [1]
TIM3_ClearITPendingBit  0x00b81d     0x5  Code  Gb  stm8s_tim3.o [1]
TIM3_Cmd                0x00b784     0xd  Code  Gb  stm8s_tim3.o [1]
TIM3_ITConfig           0x00b676    0x13  Code  Gb  stm8s_tim3.o [1]
TIM3_PrescalerConfig    0x00b7eb     0x9  Code  Gb  stm8s_tim3.o [1]
TIM3_TimeBaseInit       0x00b7b8     0xc  Code  Gb  stm8s_tim3.o [1]
TIM3_UPD_OVF_BRK_IRQHandler
                        0x00b3d6    0x21  Code  Gb  stm8s_it.o [1]
TIM4_UPD_OVF_IRQHandler
                        0x00b87f     0x1  Code  Gb  stm8s_it.o [1]
TLI_IRQHandler          0x00b86d     0x1  Code  Gb  stm8s_it.o [1]
TONE_PowerOnInitial     0x015fbc    0x6b  Code  Gb  Tone.o [1]
TONE_Start              0x00b212    0x1d  Code  Gb  Tone.o [1]
TONE_Stop               0x00b209     0x9  Code  Gb  Tone.o [1]
TRAP_IRQHandler         0x00b86c     0x1  Code  Gb  stm8s_it.o [1]
TaskDrvObj              0x0014da    0x14  Data  Lc  System.o [1]
Task_RunNormalOperation
                        0x0112ee   0x39f  Code  Gb  Task.o [1]
Task_RunStart           0x013350   0x1dc  Code  Gb  Task.o [1]
Test1                   0x001548     0x1  Data  Gb  ApiGpsCmd.o [1]
TestBuf1                0x00152c     0x6  Data  Gb  ApiKeyboard.o [1]
Tim3_Timer_Init         0x00b0f6    0x29  Code  Gb  McuConfig.o [1]
ToneDrvObj              0x001500    0x12  Data  Lc  Tone.o [1]
UART1_Cmd               0x00b79e     0xd  Code  Gb  stm8s_uart1.o [1]
UART1_DeInit            0x00b01e    0x2d  Code  Gb  stm8s_uart1.o [1]
UART1_GetFlagStatus     0x00aea6    0x32  Code  Gb  stm8s_uart1.o [1]
UART1_GetITStatus       0x015ae0    0x92  Code  Gb  stm8s_uart1.o [1]
UART1_ITConfig          0x015f4f    0x6d  Code  Gb  stm8s_uart1.o [1]
UART1_Init              0x013e1a   0x159  Code  Gb  stm8s_uart1.o [1]
UART1_RX_IRQHandler     0x00b1e3    0x26  Code  Gb  stm8s_it.o [1]
UART1_ReceiveData8      0x00b842     0x4  Code  Gb  stm8s_uart1.o [1]
UART1_SendData8         0x00b846     0x4  Code  Gb  stm8s_uart1.o [1]
UART1_TX_IRQHandler     0x00b87b     0x1  Code  Gb  stm8s_it.o [1]
UART3_Cmd               0x00b7ab     0xd  Code  Gb  stm8s_uart3.o [1]
UART3_DeInit            0x00b29f    0x25  Code  Gb  stm8s_uart3.o [1]
UART3_GetFlagStatus     0x00aa36    0x49  Code  Gb  stm8s_uart3.o [1]
UART3_GetITStatus       0x015282    0xb6  Code  Gb  stm8s_uart3.o [1]
UART3_ITConfig          0x015b72    0x8d  Code  Gb  stm8s_uart3.o [1]
UART3_Init              0x014469   0x12a  Code  Gb  stm8s_uart3.o [1]
UART3_Interrupt         0x00b5a5    0x17  Code  Gb  uart3.o [1]
UART3_RX_IRQHandler     0x00b4c5    0x1b  Code  Gb  stm8s_it.o [1]
UART3_ReceiveData8      0x00b84a     0x4  Code  Gb  stm8s_uart3.o [1]
UART3_SendByte          0x00b6d1    0x10  Code  Gb  uart3.o [1]
UART3_SendData8         0x00b84e     0x4  Code  Gb  stm8s_uart3.o [1]
UART3_TX_IRQHandler     0x00b87d     0x1  Code  Gb  stm8s_it.o [1]
UART3_ToMcuMain         0x00ac29    0x43  Code  Gb  uart3.o [1]
UART_Delay              0x00b6ad    0x12  Code  Lc  uart3.o [1]
UART_ErrorAck           0x016647    0x16  Code  Lc  uart3.o [1]
UART_GetCheckSum        0x015a4b    0x2e  Code  Lc  uart3.o [1]
UART_KeyCommand         0x0147cf   0x109  Code  Lc  uart3.o [1]
UART_Link               0x015a79    0x67  Code  Lc  uart3.o [1]
UART_PasCommand         0x01352c   0x1b2  Code  Lc  uart3.o [1]
UART_PocCommand         0x0164ca    0x52  Code  Lc  uart3.o [1]
UART_RightAck           0x015ee1    0x6e  Code  Lc  uart3.o [1]
UART_RxFrame            0x01651c    0x52  Code  Lc  uart3.o [1]
UART_TxSend             0x01660e    0x39  Code  Lc  uart3.o [1]
UART_WriteCommand       0x015101    0xc1  Code  Lc  uart3.o [1]
UNICODE_16_GetData      0x013866   0x185  Code  Gb  GT20L16P1Y.o [3]
Uart1_Init              0x00afc3    0x2e  Code  Gb  McuConfig.o [1]
Uart3_Init              0x00ad27    0x39  Code  Gb  uart3.o [1]
UartDrvObj              0x001456    0x44  Data  Lc  uart3.o [1]
UnicodeForGbk_MainWorkName
                        0x0139eb   0x170  Code  Gb  ApiPocCmd.o [1]
UnicodeForGbk_MainWorkNameBuf
                        0x001512     0xf  Data  Gb  ApiPocCmd.o [1]
UnicodeGetPointArrayData32
                        0x00ab57    0x48  Code  Gb  GT20L16P1Y_D.o [1]
UnicodeValueSearch      0x00b1bd    0x26  Code  Gb  GT20L16P1Y_D.o [1]
VOICE_1sProcess         0x00b6ff     0xf  Code  Gb  Voice.o [1]
VOICE_Renew             0x0157ea    0x71  Code  Gb  Voice.o [1]
VOICE_SetOutput         0x01585b    0x2a  Code  Gb  Voice.o [1]
ValueSearch             0x01626a    0x5a  Code  Gb  GT20L16P1Y_D.o [1]
VerifyData              0x008080  0x1b00  Data  Gb  GT20L16P1Y_D.o [1]
VoiceDrvObj             0x001532     0x6  Data  Lc  Voice.o [1]
VoiceEnd_Flag           0x001545     0x1  Data  Gb  ApiAtCmd.o [1]
WRITE_TABLE             0x00a8b3     0x4  Data  Lc  uart3.o [1]
WW_GetData              0x011fc2   0x2cd  Code  Gb  GT20L16P1Y.o [3]
WriteEEPROMByte         0x00acac    0x3e  Code  Gb  Flash_eeprom.o [1]
__DebugBreak            0x00b881     0x1  Code  Gb  __dbg_break.o [4]
__exit                  0x00b600    0x16  Code  Gb  __dbg_xxexit.o [4]
__iar_copy_init2        0x00b147          Code  Gb  init_small.o [5]
__iar_data_init2        0x00b436    0x1e  Code  Gb  init.o [5]
__iar_program_start     0x00b5bc          Code  Gb  cstartup.o [5]
__iar_unhandled_exception
                        0x00b869          Code  Gb  unhandled_exception.o [5]
__iar_zero_init2        0x00b454          Code  Gb  init_small.o [5]
__intvec                0x008000          Data  Gb  interrupt.o [5]
__low_level_init        0x00b866     0x3  Code  Gb  low_level_init.o [5]
_exit                   0x00b808          Code  Gb  cexit.o [5]
_interrupt_1            0x00b86c          Code  Gb  stm8s_it.o [1]
_interrupt_12           0x00b875          Code  Gb  stm8s_it.o [1]
_interrupt_13           0x00b876          Code  Gb  stm8s_it.o [1]
_interrupt_14           0x00b877          Code  Gb  stm8s_it.o [1]
_interrupt_15           0x00b878          Code  Gb  stm8s_it.o [1]
_interrupt_16           0x00b879          Code  Gb  stm8s_it.o [1]
_interrupt_17           0x00b3d6          Code  Gb  stm8s_it.o [1]
_interrupt_18           0x00b87a          Code  Gb  stm8s_it.o [1]
_interrupt_19           0x00b87b          Code  Gb  stm8s_it.o [1]
_interrupt_2            0x00b86d          Code  Gb  stm8s_it.o [1]
_interrupt_20           0x00b1e3          Code  Gb  stm8s_it.o [1]
_interrupt_21           0x00b87c          Code  Gb  stm8s_it.o [1]
_interrupt_22           0x00b87d          Code  Gb  stm8s_it.o [1]
_interrupt_23           0x00b4c5          Code  Gb  stm8s_it.o [1]
_interrupt_24           0x00b87e          Code  Gb  stm8s_it.o [1]
_interrupt_25           0x00b87f          Code  Gb  stm8s_it.o [1]
_interrupt_26           0x00b880          Code  Gb  stm8s_it.o [1]
_interrupt_3            0x00b86e          Code  Gb  stm8s_it.o [1]
_interrupt_4            0x00b86f          Code  Gb  stm8s_it.o [1]
_interrupt_5            0x00b870          Code  Gb  stm8s_it.o [1]
_interrupt_6            0x00b871          Code  Gb  stm8s_it.o [1]
_interrupt_7            0x00b872          Code  Gb  stm8s_it.o [1]
_interrupt_8            0x00b873          Code  Gb  stm8s_it.o [1]
_interrupt_9            0x00b874          Code  Gb  stm8s_it.o [1]
api_diap_ico_pos_get    0x016210    0x5a  Code  Gb  ApiDisplay.o [1]
api_disp_all_screen_refresh
                        0x0165bf    0x4f  Code  Gb  ApiDisplay.o [1]
api_disp_char_output    0x00b577    0x17  Code  Gb  ApiDisplay.o [1]
api_disp_char_output2   0x00b58e    0x17  Code  Gb  ApiDisplay.o [1]
api_disp_ico_output     0x01549e    0xb0  Code  Gb  ApiDisplay.o [1]
api_disp_icoid_output   0x01591e    0x97  Code  Gb  ApiDisplay.o [1]
api_lcd_pwr_on_hint     0x00af95    0x2e  Code  Gb  ApiDisplay.o [1]
api_lcd_pwr_on_hint2    0x00af08    0x2f  Code  Gb  ApiDisplay.o [1]
api_lcd_pwr_on_hint3    0x00aff1    0x2d  Code  Gb  ApiDisplay.o [1]
api_lcd_pwr_on_hint4    0x00af37    0x2f  Code  Gb  ApiDisplay.o [1]
api_poc_command_set     0x014da6    0xe2  Code  Gb  uart3.o [1]
drv_gt20_data_output    0x014335   0x134  Code  Gb  DrvGT20L16S1Y.o [1]
drv_gt20_data_output2   0x0141fa   0x13b  Code  Gb  DrvGT20L16S1Y.o [1]
drv_gt20_pwr_on_init    0x00adcc     0x4  Code  Gb  DrvGT20L16S1Y.o [1]
drv_htg_clr_allscr      0x012b8f    0x35  Code  Gb  DrvHTG12832.o [1]
drv_htg_pwr_on_init     0x012c9c     0xc  Code  Gb  DrvHTG12832.o [1]
drv_htg_reset           0x012a56     0x5  Code  Gb  DrvHTG12832.o [1]
drv_htg_set_address     0x012ad5    0x40  Code  Gb  DrvHTG12832.o [1]
drv_htg_write_command   0x012a5b    0x7a  Code  Gb  DrvHTG12832.o [1]
drv_htg_write_data      0x012b15    0x7a  Code  Gb  DrvHTG12832.o [1]
drv_keypad_scan         0x01313f   0x211  Code  Gb  DrvKeyboard.o [1]
exit                    0x00b862     0x4  Code  Gb  exit.o [5]
find_zf_tab             0x00ab9f    0x47  Code  Gb  GT20L16P1Y.o [3]
get_key_value           0x014cc1    0xe5  Code  Gb  ApiKeyboard.o [1]
htg_delay_ms            0x012bc4    0x1e  Code  Lc  DrvHTG12832.o [1]
htg_initial             0x012be2    0x6c  Code  Lc  DrvHTG12832.o [1]
key_scan_board          0x0140bb   0x13f  Code  Gb  DrvKeyboard.o [1]
main                    0x00b83a     0x4  Code  Gb  main.o [1]
main_app                0x014593   0x11f  Code  Gb  System.o [1]
mcu_gt20_initial        0x00ad98    0x34  Code  Lc  DrvGT20L16S1Y.o [1]
mcu_key_pad_out         0x0159b5    0x96  Code  Gb  DrvKeyboard.o [1]
mcu_key_pad_read        0x015e6f    0x72  Code  Gb  DrvKeyboard.o [1]
mcu_key_pad_set         0x013f73   0x148  Code  Gb  DrvKeyboard.o [1]
mcu_lcd_initial         0x012c4e    0x4e  Code  Lc  DrvHTG12832.o [1]
memcmp                  0x00ae3c    0x36  Code  Gb  memcmp.o [5]
memcpy                  0x00b22f    0x26  Code  Gb  memcpy.o [5]
memset                  0x00b5d3    0x17  Code  Gb  memset.o [5]
num1                    0x00154d     0x1  Data  Gb  ApiKeyboard.o [1]
num2                    0x00154e     0x1  Data  Gb  ApiKeyboard.o [1]
num3                    0x00154f     0x1  Data  Gb  ApiKeyboard.o [1]
num4                    0x001550     0x1  Data  Gb  ApiKeyboard.o [1]
num5                    0x001551     0x1  Data  Gb  ApiKeyboard.o [1]
num6                    0x001552     0x1  Data  Gb  ApiKeyboard.o [1]
numCount                0x001553     0x1  Data  Gb  ApiKeyboard.o [1]
pack_data               0x012533   0x298  Code  Lc  ApiGpsCmd.o [1]
r_dat_bat               0x016027    0x64  Code  Gb  ApiDisplay.o [1]
strlen                  0x00b6bf    0x12  Code  Gb  strlen.o [5]
ucAtPocHead             0x00158b     0x2  Data  Gb  ApiPocCmd.o [1]
ucCLVL                  0x0015a0     0x2  Data  Gb  Task.o [1]
ucCODECCTL              0x0015a4     0x2  Data  Gb  Task.o [1]
ucCSQ                   0x0015ac     0x2  Data  Gb  Task.o [1]
ucCaretPPPCFG           0x00156b     0x2  Data  Gb  ApiAtCmd.o [1]
ucCheckCard             0x001581     0x2  Data  Gb  ApiAtCmd.o [1]
ucCheckPPP              0x001579     0x2  Data  Gb  ApiAtCmd.o [1]
ucCheckRssi             0x00157f     0x2  Data  Gb  ApiAtCmd.o [1]
ucCheckTcp              0x00156f     0x2  Data  Gb  ApiAtCmd.o [1]
ucEndPTT                0x00159c     0x2  Data  Gb  Task.o [1]
ucGD83Reset             0x001597     0x2  Data  Gb  System.o [1]
ucOSSYSHWID             0x0015a6     0x2  Data  Gb  Task.o [1]
ucPPPCFG                0x0015ae     0x2  Data  Gb  Task.o [1]
ucPlayZtts              0x00156d     0x2  Data  Gb  ApiAtCmd.o [1]
ucPocOpenConfig         0x0015b2     0x2  Data  Gb  Task.o [1]
ucPrefmode2             0x0015a8     0x2  Data  Gb  Task.o [1]
ucPrefmode4             0x0015aa     0x2  Data  Gb  Task.o [1]
ucQuitPersonalCalling   0x001588     0x2  Data  Gb  ApiKeyboard.o [1]
ucRequestUserListInfo   0x00159e     0x2  Data  Gb  Task.o [1]
ucRxCSQ31               0x001563     0x2  Data  Gb  ApiAtCmd.o [1]
ucRxCSQ99               0x001565     0x2  Data  Gb  ApiAtCmd.o [1]
ucRxCheckCard           0x00155f     0x2  Data  Gb  ApiAtCmd.o [1]
ucRxCheckPppClose       0x00157d     0x2  Data  Gb  ApiAtCmd.o [1]
ucRxCheckPppOpen        0x00157b     0x2  Data  Gb  ApiAtCmd.o [1]
ucRxCheckTcp            0x001575     0x2  Data  Gb  ApiAtCmd.o [1]
ucRxOkHeadInfo          0x001593     0x2  Data  Gb  DrvGD83.o [1]
ucRxPocHeadInfo         0x001591     0x2  Data  Gb  DrvGD83.o [1]
ucRxTcpDataHeadInfo     0x001595     0x2  Data  Gb  DrvGD83.o [1]
ucRxZTTS0               0x001561     0x2  Data  Gb  ApiAtCmd.o [1]
ucSIMST1                0x001567     0x2  Data  Gb  ApiAtCmd.o [1]
ucSIMST255              0x001569     0x2  Data  Gb  ApiAtCmd.o [1]
ucSendTcp               0x001573     0x2  Data  Gb  ApiAtCmd.o [1]
ucSetIPAndID            0x00158d     0x2  Data  Gb  ApiPocCmd.o [1]
ucSetIp                 0x001571     0x2  Data  Gb  ApiAtCmd.o [1]
ucStartPTT              0x00159a     0x2  Data  Gb  Task.o [1]
ucTxPocHeadInfo         0x00158f     0x2  Data  Gb  DrvGD83.o [1]
ucVGR                   0x0015a2     0x2  Data  Gb  Task.o [1]
ucVGR1                  0x001584     0x2  Data  Gb  ApiKeyboard.o [1]
ucVGR7                  0x001586     0x2  Data  Gb  ApiKeyboard.o [1]
ucZTTS_Abell            0x0015b0     0x2  Data  Gb  Task.o [1]
ucZpppOpen              0x001577     0x2  Data  Gb  ApiAtCmd.o [1]
x                       0x00155d     0x1  Data  Gb  Task.o [1]


[1] = E:\1-source\A508\PRJ\Debug\Obj
[2] = command line
[3] = GT20L16_STM8_DOUBLE_MEDIUM_IAR.a
[4] = dbgstm8mmd.a
[5] = dlstm8mmn.a

  30 239 bytes of readonly  code memory
  10 432 bytes of readonly  data memory
   6 068 bytes of readwrite data memory

Errors: none
Warnings: none
