###############################################################################
#
# IAR ELF Linker V2.20.1.176 for STM8                     12/Apr/2018  09:10:22
# Copyright 2010-2015 IAR Systems AB.
#
#    Output file  =  E:\1-source\A508\PRJ\Debug\Exe\A508_DEMO1.out
#    Map file     =  E:\1-source\A508\PRJ\Debug\List\A508_DEMO1.map
#    Command line =  
#        E:\1-source\A508\PRJ\Debug\Obj\ADC.o
#        E:\1-source\A508\PRJ\Debug\Obj\ApiAtCmd.o
#        E:\1-source\A508\PRJ\Debug\Obj\ApiBeidou.o
#        E:\1-source\A508\PRJ\Debug\Obj\ApiDisplay.o
#        E:\1-source\A508\PRJ\Debug\Obj\ApiGpsCmd.o
#        E:\1-source\A508\PRJ\Debug\Obj\ApiKeyboard.o
#        E:\1-source\A508\PRJ\Debug\Obj\ApiLED.o
#        E:\1-source\A508\PRJ\Debug\Obj\ApiMenu.o
#        E:\1-source\A508\PRJ\Debug\Obj\ApiPocCmd.o
#        E:\1-source\A508\PRJ\Debug\Obj\Beep.o
#        E:\1-source\A508\PRJ\Debug\Obj\CommonLib.o
#        E:\1-source\A508\PRJ\Debug\Obj\Config.o
#        E:\1-source\A508\PRJ\Debug\Obj\Delay.o
#        E:\1-source\A508\PRJ\Debug\Obj\DrvGD83.o
#        E:\1-source\A508\PRJ\Debug\Obj\DrvGT20L16S1Y.o
#        E:\1-source\A508\PRJ\Debug\Obj\DrvHTG12832.o
#        E:\1-source\A508\PRJ\Debug\Obj\DrvKeyboard.o
#        E:\1-source\A508\PRJ\Debug\Obj\Flash_eeprom.o
#        E:\1-source\A508\SRC\Syetem\GT20L16_STM8_DOUBLE_MEDIUM_IAR.a
#        E:\1-source\A508\PRJ\Debug\Obj\GT20L16P1Y_D.o
#        E:\1-source\A508\PRJ\Debug\Obj\KeyCmd.o
#        E:\1-source\A508\PRJ\Debug\Obj\main.o
#        E:\1-source\A508\PRJ\Debug\Obj\McuConfig.o
#        E:\1-source\A508\PRJ\Debug\Obj\stm8s_adc2.o
#        E:\1-source\A508\PRJ\Debug\Obj\stm8s_awu.o
#        E:\1-source\A508\PRJ\Debug\Obj\stm8s_beep.o
#        E:\1-source\A508\PRJ\Debug\Obj\stm8s_clk.o
#        E:\1-source\A508\PRJ\Debug\Obj\stm8s_exti.o
#        E:\1-source\A508\PRJ\Debug\Obj\stm8s_flash.o
#        E:\1-source\A508\PRJ\Debug\Obj\stm8s_gpio.o
#        E:\1-source\A508\PRJ\Debug\Obj\stm8s_i2c.o
#        E:\1-source\A508\PRJ\Debug\Obj\stm8s_it.o
#        E:\1-source\A508\PRJ\Debug\Obj\stm8s_itc.o
#        E:\1-source\A508\PRJ\Debug\Obj\stm8s_iwdg.o
#        E:\1-source\A508\PRJ\Debug\Obj\stm8s_rst.o
#        E:\1-source\A508\PRJ\Debug\Obj\stm8s_spi.o
#        E:\1-source\A508\PRJ\Debug\Obj\stm8s_tim1.o
#        E:\1-source\A508\PRJ\Debug\Obj\stm8s_tim2.o
#        E:\1-source\A508\PRJ\Debug\Obj\stm8s_tim3.o
#        E:\1-source\A508\PRJ\Debug\Obj\stm8s_tim4.o
#        E:\1-source\A508\PRJ\Debug\Obj\stm8s_uart1.o
#        E:\1-source\A508\PRJ\Debug\Obj\stm8s_uart3.o
#        E:\1-source\A508\PRJ\Debug\Obj\stm8s_wwdg.o
#        E:\1-source\A508\PRJ\Debug\Obj\sysclock.o
#        E:\1-source\A508\PRJ\Debug\Obj\System.o
#        E:\1-source\A508\PRJ\Debug\Obj\Task.o
#        E:\1-source\A508\PRJ\Debug\Obj\Tone.o
#        E:\1-source\A508\PRJ\Debug\Obj\uart3.o
#        E:\1-source\A508\PRJ\Debug\Obj\Voice.o --redirect _Printf=_PrintfSmall
#        --redirect _Scanf=_ScanfSmall -o
#        E:\1-source\A508\PRJ\Debug\Exe\A508_DEMO1.out --map
#        E:\1-source\A508\PRJ\Debug\List\A508_DEMO1.map --config "C:\Program
#        Files\IAR Systems\Embedded Workbench
#        7.3\stm8\config\lnkstm8s007c8.icf" --config_def _CSTACK_SIZE=0x100
#        --config_def _HEAP_SIZE=0x00 --entry __iar_program_start --debug_lib
#
###############################################################################

*******************************************************************************
*** RUNTIME MODEL ATTRIBUTES
***

__SystemLibrary            = DLib
__code_model               = medium_or_large
__core                     = stm8
__data_model               = medium
__dlib_file_descriptor     = 0
__dlib_full_locale_support = 0
__rt_version               = 4


*******************************************************************************
*** PLACEMENT SUMMARY
***

"A1":  place at start of [0x000000-0x0000ff] { rw section .vregs };
"A2":  place at end of [0x000000-0x0017ff] { block CSTACK };
"P2":  place in [from 0x000000 to 0x0017ff] {
          block HEAP, rw section __DLIB_PERTHREAD, rw section .far.bss,
          rw section .far.data, rw section .far.noinit,
          rw section .far_func.textrw, rw section .huge.bss,
          rw section .huge.data, rw section .huge.noinit,
          rw section .huge_func.textrw, rw section .iar.dynexit,
          rw section .near.bss, rw section .near.data, rw section .near.noinit,
          rw section .near_func.textrw };
"A3":  place at start of [0x008000-0x00ffff] { block INTVEC };
"P3":  place in [from 0x008000 to 0x00ffff] {
          ro section __DLIB_PERTHREAD_init, ro section .far.data_init,
          ro section .far_func.textrw_init, ro section .huge.data_init,
          ro section .huge_func.textrw_init, ro section .iar.init_table,
          ro section .init_array, ro section .near.data_init,
          ro section .near.rodata, ro section .near_func.text,
          ro section .near_func.textrw_init, ro section .tiny.data_init,
          ro section .tiny.rodata_init };
"P4":  place in [from 0x008000 to 0x00ffff repeat 2] {
          ro section .far.rodata, ro section .far_func.text };

  Section            Kind      Address    Size  Object
  -------            ----      -------    ----  ------
"A1":                                     0x10
  .vregs             uninit   0x000000    0x10  vregs.o [5]
                            - 0x000010    0x10

"P2", part 1 of 2:                        0x68
  P2-1                        0x000010    0x68  <Init block>
    .near.data       inited   0x000010     0x2  ApiAtCmd.o [1]
    .near.data       inited   0x000012     0x2  ApiAtCmd.o [1]
    .near.data       inited   0x000014     0x2  ApiAtCmd.o [1]
    .near.data       inited   0x000016     0x2  ApiAtCmd.o [1]
    .near.data       inited   0x000018     0x2  ApiAtCmd.o [1]
    .near.data       inited   0x00001a     0x2  ApiAtCmd.o [1]
    .near.data       inited   0x00001c     0x2  ApiAtCmd.o [1]
    .near.data       inited   0x00001e     0x2  ApiAtCmd.o [1]
    .near.data       inited   0x000020     0x2  ApiAtCmd.o [1]
    .near.data       inited   0x000022     0x2  ApiAtCmd.o [1]
    .near.data       inited   0x000024     0x2  ApiAtCmd.o [1]
    .near.data       inited   0x000026     0x2  ApiAtCmd.o [1]
    .near.data       inited   0x000028     0x2  ApiAtCmd.o [1]
    .near.data       inited   0x00002a     0x2  ApiAtCmd.o [1]
    .near.data       inited   0x00002c     0x2  ApiAtCmd.o [1]
    .near.data       inited   0x00002e     0x2  ApiAtCmd.o [1]
    .near.data       inited   0x000030     0x2  ApiAtCmd.o [1]
    .near.data       inited   0x000032     0x2  ApiAtCmd.o [1]
    .near.data       inited   0x000034     0x2  ApiAtCmd.o [1]
    .near.data       inited   0x000036     0x2  ApiAtCmd.o [1]
    .near.data       inited   0x000038     0x2  ApiAtCmd.o [1]
    .near.data       inited   0x00003a     0x2  ApiAtCmd.o [1]
    .near.data       inited   0x00003c     0x2  ApiAtCmd.o [1]
    .near.data       inited   0x00003e     0x2  ApiAtCmd.o [1]
    .near.data       inited   0x000040     0x2  ApiAtCmd.o [1]
    .near.data       inited   0x000042     0x1  ApiKeyboard.o [1]
    .near.data       inited   0x000043     0x2  ApiKeyboard.o [1]
    .near.data       inited   0x000045     0x2  ApiKeyboard.o [1]
    .near.data       inited   0x000047     0x2  ApiKeyboard.o [1]
    .near.data       inited   0x000049     0x1  ApiKeyboard.o [1]
    .near.data       inited   0x00004a     0x1  ApiKeyboard.o [1]
    .near.data       inited   0x00004b     0x1  ApiKeyboard.o [1]
    .near.data       inited   0x00004c     0x1  ApiKeyboard.o [1]
    .near.data       inited   0x00004d     0x2  ApiPocCmd.o [1]
    .near.data       inited   0x00004f     0x2  ApiPocCmd.o [1]
    .near.data       inited   0x000051     0x2  Delay.o [1]
    .near.data       inited   0x000053     0x2  DrvGD83.o [1]
    .near.data       inited   0x000055     0x2  DrvGD83.o [1]
    .near.data       inited   0x000057     0x2  DrvGD83.o [1]
    .near.data       inited   0x000059     0x2  DrvGD83.o [1]
    .near.data       inited   0x00005b     0x1  Task.o [1]
    .near.data       inited   0x00005c     0x1  Task.o [1]
    .near.data       inited   0x00005d     0x1  Task.o [1]
    .near.data       inited   0x00005e     0x2  Task.o [1]
    .near.data       inited   0x000060     0x2  Task.o [1]
    .near.data       inited   0x000062     0x2  Task.o [1]
    .near.data       inited   0x000064     0x2  Task.o [1]
    .near.data       inited   0x000066     0x2  Task.o [1]
    .near.data       inited   0x000068     0x2  Task.o [1]
    .near.data       inited   0x00006a     0x2  Task.o [1]
    .near.data       inited   0x00006c     0x2  Task.o [1]
    .near.data       inited   0x00006e     0x2  Task.o [1]
    .near.data       inited   0x000070     0x2  Task.o [1]
    .near.data       inited   0x000072     0x2  Task.o [1]
    .near.data       inited   0x000074     0x2  Task.o [1]
    .near.data       inited   0x000076     0x2  Task.o [1]
                            - 0x000078    0x68

"P2", part 2 of 2:                      0x1360
  .near.bss          zero     0x000078   0x8f6  ApiPocCmd.o [1]
  .near.bss          zero     0x00096e   0x3a6  DrvGD83.o [1]
  .near.bss          zero     0x000d14   0x200  ApiDisplay.o [1]
  .near.bss          zero     0x000f14   0x1c3  ApiGpsCmd.o [1]
  .near.bss          zero     0x0010d7    0x92  ApiAtCmd.o [1]
  .near.bss          zero     0x001169    0x50  ApiPocCmd.o [1]
  .near.bss          zero     0x0011b9    0x4b  ApiBeidou.o [1]
  .near.bss          zero     0x001204    0x44  uart3.o [1]
  .near.bss          zero     0x001248    0x40  ApiDisplay.o [1]
  .near.bss          zero     0x001288    0x2d  ApiPocCmd.o [1]
  .near.bss          zero     0x0012b5    0x16  ApiPocCmd.o [1]
  .near.bss          zero     0x0012cb    0x14  System.o [1]
  .near.bss          zero     0x0012df    0x12  Beep.o [1]
  .near.bss          zero     0x0012f1    0x12  Tone.o [1]
  .near.bss          zero     0x001303     0xf  ApiPocCmd.o [1]
  .near.bss          zero     0x001312     0xf  ApiPocCmd.o [1]
  .near.bss          zero     0x001321     0xf  ApiPocCmd.o [1]
  .near.bss          zero     0x001330     0xb  ApiPocCmd.o [1]
  .near.bss          zero     0x00133b     0xb  Delay.o [1]
  .near.bss          zero     0x001346     0x6  ApiBeidou.o [1]
  .near.bss          zero     0x00134c     0x6  Voice.o [1]
  .near.bss          zero     0x001352     0x4  uart3.o [1]
  .near.bss          zero     0x001356     0x2  ApiDisplay.o [1]
  .near.bss          zero     0x001358     0x2  Delay.o [1]
  .near.bss          zero     0x00135a     0x2  Delay.o [1]
  .near.bss          zero     0x00135c     0x2  Delay.o [1]
  .near.bss          zero     0x00135e     0x2  DrvHTG12832.o [1]
  .near.bss          zero     0x001360     0x1  ADC.o [1]
  .near.bss          zero     0x001361     0x1  ADC.o [1]
  .near.bss          zero     0x001362     0x1  ADC.o [1]
  .near.bss          zero     0x001363     0x1  ADC.o [1]
  .near.bss          zero     0x001364     0x1  ADC.o [1]
  .near.bss          zero     0x001365     0x1  ADC.o [1]
  .near.bss          zero     0x001366     0x1  ADC.o [1]
  .near.bss          zero     0x001367     0x1  ApiAtCmd.o [1]
  .near.bss          zero     0x001368     0x1  ApiAtCmd.o [1]
  .near.bss          zero     0x001369     0x1  ApiAtCmd.o [1]
  .near.bss          zero     0x00136a     0x1  ApiAtCmd.o [1]
  .near.bss          zero     0x00136b     0x1  ApiAtCmd.o [1]
  .near.bss          zero     0x00136c     0x1  ApiAtCmd.o [1]
  .near.bss          zero     0x00136d     0x1  ApiAtCmd.o [1]
  .near.bss          zero     0x00136e     0x1  ApiAtCmd.o [1]
  .near.bss          zero     0x00136f     0x1  ApiAtCmd.o [1]
  .near.bss          zero     0x001370     0x1  ApiAtCmd.o [1]
  .near.bss          zero     0x001371     0x1  ApiAtCmd.o [1]
  .near.bss          zero     0x001372     0x1  ApiAtCmd.o [1]
  .near.bss          zero     0x001373     0x1  ApiBeidou.o [1]
  .near.bss          zero     0x001374     0x1  ApiGpsCmd.o [1]
  .near.bss          zero     0x001375     0x1  ApiGpsCmd.o [1]
  .near.bss          zero     0x001376     0x1  ApiGpsCmd.o [1]
  .near.bss          zero     0x001377     0x1  ApiGpsCmd.o [1]
  .near.bss          zero     0x001378     0x1  ApiKeyboard.o [1]
  .near.bss          zero     0x001379     0x1  ApiKeyboard.o [1]
  .near.bss          zero     0x00137a     0x1  ApiKeyboard.o [1]
  .near.bss          zero     0x00137b     0x1  ApiKeyboard.o [1]
  .near.bss          zero     0x00137c     0x1  ApiKeyboard.o [1]
  .near.bss          zero     0x00137d     0x1  ApiKeyboard.o [1]
  .near.bss          zero     0x00137e     0x1  ApiKeyboard.o [1]
  .near.bss          zero     0x00137f     0x1  ApiKeyboard.o [1]
  .near.bss          zero     0x001380     0x1  ApiKeyboard.o [1]
  .near.bss          zero     0x001381     0x1  ApiKeyboard.o [1]
  .near.bss          zero     0x001382     0x1  ApiKeyboard.o [1]
  .near.bss          zero     0x001383     0x1  ApiKeyboard.o [1]
  .near.bss          zero     0x001384     0x1  ApiKeyboard.o [1]
  .near.bss          zero     0x001385     0x1  ApiKeyboard.o [1]
  .near.bss          zero     0x001386     0x1  ApiKeyboard.o [1]
  .near.bss          zero     0x001387     0x1  ApiKeyboard.o [1]
  .near.bss          zero     0x001388     0x1  ApiKeyboard.o [1]
  .near.bss          zero     0x001389     0x1  ApiKeyboard.o [1]
  .near.bss          zero     0x00138a     0x1  ApiKeyboard.o [1]
  .near.bss          zero     0x00138b     0x1  ApiKeyboard.o [1]
  .near.bss          zero     0x00138c     0x1  ApiKeyboard.o [1]
  .near.bss          zero     0x00138d     0x1  ApiKeyboard.o [1]
  .near.bss          zero     0x00138e     0x1  ApiLED.o [1]
  .near.bss          zero     0x00138f     0x1  ApiMenu.o [1]
  .near.bss          zero     0x001390     0x1  ApiMenu.o [1]
  .near.bss          zero     0x001391     0x1  ApiMenu.o [1]
  .near.bss          zero     0x001392     0x1  ApiMenu.o [1]
  .near.bss          zero     0x001393     0x1  ApiMenu.o [1]
  .near.bss          zero     0x001394     0x1  ApiMenu.o [1]
  .near.bss          zero     0x001395     0x1  ApiMenu.o [1]
  .near.bss          zero     0x001396     0x1  ApiPocCmd.o [1]
  .near.bss          zero     0x001397     0x1  ApiPocCmd.o [1]
  .near.bss          zero     0x001398     0x1  ApiPocCmd.o [1]
  .near.bss          zero     0x001399     0x1  ApiPocCmd.o [1]
  .near.bss          zero     0x00139a     0x1  ApiPocCmd.o [1]
  .near.bss          zero     0x00139b     0x1  ApiPocCmd.o [1]
  .near.bss          zero     0x00139c     0x1  ApiPocCmd.o [1]
  .near.bss          zero     0x00139d     0x1  ApiPocCmd.o [1]
  .near.bss          zero     0x00139e     0x1  ApiPocCmd.o [1]
  .near.bss          zero     0x00139f     0x1  ApiPocCmd.o [1]
  .near.bss          zero     0x0013a0     0x1  ApiPocCmd.o [1]
  .near.bss          zero     0x0013a1     0x1  ApiPocCmd.o [1]
  .near.bss          zero     0x0013a2     0x1  ApiPocCmd.o [1]
  .near.bss          zero     0x0013a3     0x1  ApiPocCmd.o [1]
  .near.bss          zero     0x0013a4     0x1  ApiPocCmd.o [1]
  .near.bss          zero     0x0013a5     0x1  ApiPocCmd.o [1]
  .near.bss          zero     0x0013a6     0x1  ApiPocCmd.o [1]
  .near.bss          zero     0x0013a7     0x1  ApiPocCmd.o [1]
  .near.bss          zero     0x0013a8     0x1  ApiPocCmd.o [1]
  .near.bss          zero     0x0013a9     0x1  ApiPocCmd.o [1]
  .near.bss          zero     0x0013aa     0x1  Delay.o [1]
  .near.bss          zero     0x0013ab     0x1  Delay.o [1]
  .near.bss          zero     0x0013ac     0x1  Delay.o [1]
  .near.bss          zero     0x0013ad     0x1  Delay.o [1]
  .near.bss          zero     0x0013ae     0x1  Delay.o [1]
  .near.bss          zero     0x0013af     0x1  Delay.o [1]
  .near.bss          zero     0x0013b0     0x1  Delay.o [1]
  .near.bss          zero     0x0013b1     0x1  Delay.o [1]
  .near.bss          zero     0x0013b2     0x1  Delay.o [1]
  .near.bss          zero     0x0013b3     0x1  Delay.o [1]
  .near.bss          zero     0x0013b4     0x1  Delay.o [1]
  .near.bss          zero     0x0013b5     0x1  Delay.o [1]
  .near.bss          zero     0x0013b6     0x1  Delay.o [1]
  .near.bss          zero     0x0013b7     0x1  Delay.o [1]
  .near.bss          zero     0x0013b8     0x1  Delay.o [1]
  .near.bss          zero     0x0013b9     0x1  Delay.o [1]
  .near.bss          zero     0x0013ba     0x1  Delay.o [1]
  .near.bss          zero     0x0013bb     0x1  Delay.o [1]
  .near.bss          zero     0x0013bc     0x1  Delay.o [1]
  .near.bss          zero     0x0013bd     0x1  Delay.o [1]
  .near.bss          zero     0x0013be     0x1  Delay.o [1]
  .near.bss          zero     0x0013bf     0x1  Delay.o [1]
  .near.bss          zero     0x0013c0     0x1  Delay.o [1]
  .near.bss          zero     0x0013c1     0x1  Delay.o [1]
  .near.bss          zero     0x0013c2     0x1  Delay.o [1]
  .near.bss          zero     0x0013c3     0x1  Delay.o [1]
  .near.bss          zero     0x0013c4     0x1  DrvGD83.o [1]
  .near.bss          zero     0x0013c5     0x1  Task.o [1]
  .near.bss          zero     0x0013c6     0x1  Task.o [1]
  .near.bss          zero     0x0013c7     0x1  Task.o [1]
  .near.bss          zero     0x0013c8     0x1  Task.o [1]
  .near.bss          zero     0x0013c9     0x1  Task.o [1]
  .near.bss          zero     0x0013ca     0x1  Task.o [1]
  .near.bss          zero     0x0013cb     0x1  Task.o [1]
  .near.bss          zero     0x0013cc     0x1  Task.o [1]
  .near.bss          zero     0x0013cd     0x1  Task.o [1]
  .near.bss          zero     0x0013ce     0x1  Task.o [1]
  .near.bss          zero     0x0013cf     0x1  Task.o [1]
  .near.bss          zero     0x0013d0     0x1  Task.o [1]
  .near.bss          zero     0x0013d1     0x1  Task.o [1]
  .near.bss          zero     0x0013d2     0x1  Task.o [1]
  .near.bss          zero     0x0013d3     0x1  Task.o [1]
  .near.bss          zero     0x0013d4     0x1  Task.o [1]
  .near.bss          zero     0x0013d5     0x1  Task.o [1]
  .near.bss          zero     0x0013d6     0x1  Task.o [1]
  .near.bss          zero     0x0013d7     0x1  uart3.o [1]
                            - 0x0013d8  0x1360

"A2":                                    0x100
  CSTACK                      0x001700   0x100  <Block>
    CSTACK           uninit   0x001700   0x100  <Block tail>
                            - 0x001800   0x100

"A3":                                     0x80
  INTVEC                      0x008000    0x80  <Block>
    .intvec          const    0x008000    0x80  interrupt.o [5]
                            - 0x008080    0x80

"P3":                                   0x2c39
  .near.rodata       const    0x008080  0x1b00  GT20L16P1Y_D.o [1]
  .near.rodata       const    0x009b80   0x400  ApiDisplay.o [1]
  .near.rodata       const    0x009f80   0x1b0  GT20L16P1Y_D.o [1]
  .near.rodata       const    0x00a130   0x1b0  GT20L16P1Y_D.o [1]
  Initializer bytes  const    0x00a2e0    0x68  <for P2-1>
  .near_func.text    const    0x00a348    0x40  ApiDisplay.o [1]
  .near.rodata       const    0x00a388    0x3e  GT20L16P1Y.o [3]
  .near.rodata       const    0x00a3c6    0x3d  Task.o [1]
  .near.rodata       const    0x00a403    0x31  Task.o [1]
  .near.rodata       const    0x00a434    0x2d  Task.o [1]
  .near.rodata       const    0x00a461    0x2a  Task.o [1]
  .near.rodata       const    0x00a48b    0x25  Delay.o [1]
  .near.rodata       const    0x00a4b0    0x25  Task.o [1]
  .near.rodata       const    0x00a4d5    0x25  Task.o [1]
  .iar.init_table    const    0x00a4fa    0x14  - Linker created -
  .near.rodata       const    0x00a50e    0x20  KeyCmd.o [1]
  .near.rodata       const    0x00a52e    0x1d  ADC.o [1]
  .near.rodata       const    0x00a54b    0x1d  ADC.o [1]
  .near.rodata       const    0x00a568    0x1d  ADC.o [1]
  .near.rodata       const    0x00a585    0x1d  ADC.o [1]
  .near.rodata       const    0x00a5a2    0x1d  ApiKeyboard.o [1]
  .near.rodata       const    0x00a5bf    0x1d  Task.o [1]
  .near.rodata       const    0x00a5dc    0x19  ADC.o [1]
  .near.rodata       const    0x00a5f5    0x18  Task.o [1]
  .near.rodata       const    0x00a60d    0x15  ADC.o [1]
  .near.rodata       const    0x00a622    0x15  Delay.o [1]
  .near.rodata       const    0x00a637    0x15  Task.o [1]
  .near.rodata       const    0x00a64c    0x13  Task.o [1]
  .near.rodata       const    0x00a65f    0x13  Task.o [1]
  .near.rodata       const    0x00a672    0x12  KeyCmd.o [1]
  .near.rodata       const    0x00a684    0x12  Task.o [1]
  .near.rodata       const    0x00a696    0x11  ApiAtCmd.o [1]
  .near.rodata       const    0x00a6a7    0x11  ApiAtCmd.o [1]
  .near.rodata       const    0x00a6b8    0x11  ApiAtCmd.o [1]
  .near.rodata       const    0x00a6c9    0x11  ApiKeyboard.o [1]
  .near.rodata       const    0x00a6da    0x11  ApiKeyboard.o [1]
  .near.rodata       const    0x00a6eb    0x11  ApiKeyboard.o [1]
  .near.rodata       const    0x00a6fc    0x11  ApiKeyboard.o [1]
  .near.rodata       const    0x00a70d    0x11  ApiKeyboard.o [1]
  .near.rodata       const    0x00a71e    0x11  ApiKeyboard.o [1]
  .near.rodata       const    0x00a72f    0x11  ApiKeyboard.o [1]
  .near.rodata       const    0x00a740    0x11  ApiKeyboard.o [1]
  .near.rodata       const    0x00a751    0x11  ApiMenu.o [1]
  .near.rodata       const    0x00a762    0x11  ApiMenu.o [1]
  .near.rodata       const    0x00a773    0x11  ApiMenu.o [1]
  .near.rodata       const    0x00a784    0x11  ApiMenu.o [1]
  .near.rodata       const    0x00a795    0x11  ApiMenu.o [1]
  .near.rodata       const    0x00a7a6    0x11  ApiMenu.o [1]
  .near.rodata       const    0x00a7b7    0x11  ApiMenu.o [1]
  .near.rodata       const    0x00a7c8    0x11  ApiMenu.o [1]
  .near.rodata       const    0x00a7d9    0x11  ApiMenu.o [1]
  .near.rodata       const    0x00a7ea    0x11  ApiMenu.o [1]
  .near.rodata       const    0x00a7fb    0x11  ApiMenu.o [1]
  .near.rodata       const    0x00a80c    0x11  ApiMenu.o [1]
  .near.rodata       const    0x00a81d    0x11  ApiMenu.o [1]
  .near.rodata       const    0x00a82e    0x11  ApiMenu.o [1]
  .near.rodata       const    0x00a83f    0x11  ApiMenu.o [1]
  .near.rodata       const    0x00a850    0x11  ApiMenu.o [1]
  .near.rodata       const    0x00a861    0x11  ApiMenu.o [1]
  .near.rodata       const    0x00a872    0x11  ApiMenu.o [1]
  .near.rodata       const    0x00a883    0x11  ApiMenu.o [1]
  .near.rodata       const    0x00a894    0x11  ApiMenu.o [1]
  .near.rodata       const    0x00a8a5    0x11  ApiMenu.o [1]
  .near.rodata       const    0x00a8b6    0x11  CommonLib.o [1]
  .near.rodata       const    0x00a8c7    0x11  Delay.o [1]
  .near.rodata       const    0x00a8d8    0x11  Delay.o [1]
  .near.rodata       const    0x00a8e9    0x11  KeyCmd.o [1]
  .near.rodata       const    0x00a8fa    0x11  System.o [1]
  .near.rodata       const    0x00a90b    0x11  Task.o [1]
  .near.rodata       const    0x00a91c    0x11  Task.o [1]
  .near.rodata       const    0x00a92d    0x11  Task.o [1]
  .near.rodata       const    0x00a93e    0x11  Task.o [1]
  .near.rodata       const    0x00a94f    0x11  Task.o [1]
  .near.rodata       const    0x00a960    0x11  Task.o [1]
  .near.rodata       const    0x00a971    0x11  Task.o [1]
  .near.rodata       const    0x00a982    0x11  Task.o [1]
  .near.rodata       const    0x00a993    0x11  Task.o [1]
  .near.rodata       const    0x00a9a4    0x11  Task.o [1]
  .near.rodata       const    0x00a9b5    0x10  ApiAtCmd.o [1]
  .near.rodata       const    0x00a9c5    0x10  ApiAtCmd.o [1]
  .near.rodata       const    0x00a9d5    0x10  ApiDisplay.o [1]
  .near.rodata       const    0x00a9e5    0x10  ApiDisplay.o [1]
  .near.rodata       const    0x00a9f5    0x10  ApiMenu.o [1]
  .near.rodata       const    0x00aa05    0x10  ApiMenu.o [1]
  .near.rodata       const    0x00aa15    0x10  ApiMenu.o [1]
  .near.rodata       const    0x00aa25    0x10  ApiMenu.o [1]
  .near.rodata       const    0x00aa35    0x10  uart3.o [1]
  .near.rodata       const    0x00aa45     0xf  ApiAtCmd.o [1]
  .near.rodata       const    0x00aa54     0xf  ApiKeyboard.o [1]
  .near.rodata       const    0x00aa63     0xf  ApiKeyboard.o [1]
  .near.rodata       const    0x00aa72     0xf  Task.o [1]
  .near.rodata       const    0x00aa81     0xf  Task.o [1]
  .near.rodata       const    0x00aa90     0xe  ApiAtCmd.o [1]
  .near.rodata       const    0x00aa9e     0xe  ApiAtCmd.o [1]
  .near.rodata       const    0x00aaac     0xe  ApiAtCmd.o [1]
  .near.rodata       const    0x00aaba     0xe  Task.o [1]
  .near.rodata       const    0x00aac8     0xe  Task.o [1]
  .near.rodata       const    0x00aad6     0xd  ApiKeyboard.o [1]
  .near.rodata       const    0x00aae3     0xd  ApiKeyboard.o [1]
  .near.rodata       const    0x00aaf0     0xd  ApiPocCmd.o [1]
  .near.rodata       const    0x00aafd     0xd  ApiPocCmd.o [1]
  .near.rodata       const    0x00ab0a     0xd  Delay.o [1]
  .near.rodata       const    0x00ab17     0xd  Delay.o [1]
  .near.rodata       const    0x00ab24     0xd  Task.o [1]
  .near.rodata       const    0x00ab31     0xd  Task.o [1]
  .near.rodata       const    0x00ab3e     0xc  ApiAtCmd.o [1]
  .near.rodata       const    0x00ab4a     0xc  Delay.o [1]
  .near.rodata       const    0x00ab56     0xb  ApiAtCmd.o [1]
  .near.rodata       const    0x00ab61     0xb  ApiAtCmd.o [1]
  .near.rodata       const    0x00ab6c     0xb  ApiKeyboard.o [1]
  .near.rodata       const    0x00ab77     0xb  Delay.o [1]
  .near.rodata       const    0x00ab82     0xb  Task.o [1]
  .near.rodata       const    0x00ab8d     0xa  ApiAtCmd.o [1]
  .near.rodata       const    0x00ab97     0xa  ApiAtCmd.o [1]
  .near.rodata       const    0x00aba1     0xa  ApiAtCmd.o [1]
  .near.rodata       const    0x00abab     0xa  ApiAtCmd.o [1]
  .near.rodata       const    0x00abb5     0xa  Delay.o [1]
  .near.rodata       const    0x00abbf     0xa  Task.o [1]
  .near.rodata       const    0x00abc9     0x9  ApiAtCmd.o [1]
  .near.rodata       const    0x00abd2     0x9  ApiAtCmd.o [1]
  .near.rodata       const    0x00abdb     0x9  ApiAtCmd.o [1]
  .near.rodata       const    0x00abe4     0x9  ApiAtCmd.o [1]
  .near.rodata       const    0x00abed     0x9  ApiAtCmd.o [1]
  .near.rodata       const    0x00abf6     0x9  ApiAtCmd.o [1]
  .near.rodata       const    0x00abff     0x9  ApiKeyboard.o [1]
  .near.rodata       const    0x00ac08     0x9  ApiKeyboard.o [1]
  .near.rodata       const    0x00ac11     0x9  DrvGD83.o [1]
  .near.rodata       const    0x00ac1a     0x9  Task.o [1]
  .near.rodata       const    0x00ac23     0x9  Task.o [1]
  .near.rodata       const    0x00ac2c     0x8  ApiAtCmd.o [1]
  .near.rodata       const    0x00ac34     0x8  ApiAtCmd.o [1]
  .near.rodata       const    0x00ac3c     0x8  ApiDisplay.o [1]
  .near.rodata       const    0x00ac44     0x8  ApiPocCmd.o [1]
  .near.rodata       const    0x00ac4c     0x8  Task.o [1]
  .near.rodata       const    0x00ac54     0x7  ApiAtCmd.o [1]
  .near.rodata       const    0x00ac5b     0x7  ApiPocCmd.o [1]
  .near.rodata       const    0x00ac62     0x7  DrvGD83.o [1]
  .near.rodata       const    0x00ac69     0x7  Task.o [1]
  .near.rodata       const    0x00ac70     0x7  Task.o [1]
  .near.rodata       const    0x00ac77     0x6  DrvGD83.o [1]
  .near.rodata       const    0x00ac7d     0x6  System.o [1]
  .near.rodata       const    0x00ac83     0x5  ApiAtCmd.o [1]
  .near.rodata       const    0x00ac88     0x4  ApiMenu.o [1]
  .near.rodata       const    0x00ac8c     0x4  ApiMenu.o [1]
  .near.rodata       const    0x00ac90     0x4  ApiMenu.o [1]
  .near.rodata       const    0x00ac94     0x4  ApiMenu.o [1]
  .near.rodata       const    0x00ac98     0x4  ApiMenu.o [1]
  .near.rodata       const    0x00ac9c     0x4  ApiMenu.o [1]
  .near.rodata       const    0x00aca0     0x4  ApiMenu.o [1]
  .near.rodata       const    0x00aca4     0x4  stm8s_clk.o [1]
  .near.rodata       const    0x00aca8     0x4  uart3.o [1]
  .near.rodata       const    0x00acac     0x4  uart3.o [1]
  .near.rodata       const    0x00acb0     0x3  DrvGD83.o [1]
  .near.rodata       const    0x00acb3     0x3  uart3.o [1]
  .near.rodata       const    0x00acb6     0x3  uart3.o [1]
                            - 0x00acb9  0x2c39

"P4", part 1 of 2:                      0x4336
  .far_func.text     ro code  0x00acb9   0xafc  ApiKeyboard.o [1]
  .far_func.text     ro code  0x00b7b5   0x823  DrvGD83.o [1]
  .far_func.text     ro code  0x00bfd8   0x736  Task.o [1]
  .far_func.text     ro code  0x00c70e   0x649  Delay.o [1]
  .far_func.text     ro code  0x00cd57   0x54b  ApiPocCmd.o [1]
  .far_func.text     ro code  0x00d2a2   0x4ea  ApiGpsCmd.o [1]
  .far_func.text     ro code  0x00d78c   0x357  ApiMenu.o [1]
  .far_func.text     ro code  0x00dae3   0x30f  Beep.o [1]
  .far_func.text     ro code  0x00ddf2   0x2d4  ApiAtCmd.o [1]
  .far_func.text     ro code  0x00e0c6   0x2cd  GT20L16P1Y.o [3]
  .far_func.text     ro code  0x00e393   0x2c0  ApiGpsCmd.o [1]
  .far_func.text     ro code  0x00e653   0x2a3  ApiAtCmd.o [1]
  .far_func.text     ro code  0x00e8f6   0x256  ADC.o [1]
  .far_func.text     ro code  0x00eb4c   0x252  DrvHTG12832.o [1]
  .far_func.text     ro code  0x00ed9e   0x251  GT20L16P1Y.o [3]
                            - 0x00efef  0x4336

"P4", part 2 of 2:                      0x5e50
  .far_func.text     ro code  0x010000   0x24d  ApiGpsCmd.o [1]
  .far_func.text     ro code  0x01024d   0x248  Task.o [1]
  .far_func.text     ro code  0x010495   0x22c  Config.o [1]
  .far_func.text     ro code  0x0106c1   0x211  DrvKeyboard.o [1]
  .far_func.text     ro code  0x0108d2   0x20d  ApiGpsCmd.o [1]
  .far_func.text     ro code  0x010adf   0x1d0  Task.o [1]
  .far_func.text     ro code  0x010caf   0x1b2  uart3.o [1]
  .far_func.text     ro code  0x010e61   0x19f  long.o [5]
  .far_func.text     ro code  0x011000   0x190  ApiAtCmd.o [1]
  .far_func.text     ro code  0x011190   0x185  GT20L16P1Y.o [3]
  .far_func.text     ro code  0x011315   0x173  ApiMenu.o [1]
  .far_func.text     ro code  0x011488   0x173  ApiPocCmd.o [1]
  .far_func.text     ro code  0x0115fb   0x173  ApiPocCmd.o [1]
  .far_func.text     ro code  0x01176e   0x16e  ApiPocCmd.o [1]
  .far_func.text     ro code  0x0118dc   0x165  ApiGpsCmd.o [1]
  .far_func.text     ro code  0x011a41   0x15c  vreg_util.o [5]
  .far_func.text     ro code  0x011b9d   0x159  stm8s_uart1.o [1]
  .far_func.text     ro code  0x011cf6   0x155  ApiPocCmd.o [1]
  .far_func.text     ro code  0x011e4b   0x153  ApiAtCmd.o [1]
  .far_func.text     ro code  0x011f9e   0x148  DrvKeyboard.o [1]
  .far_func.text     ro code  0x0120e6   0x143  ApiMenu.o [1]
  .far_func.text     ro code  0x012229   0x13f  DrvKeyboard.o [1]
  .far_func.text     ro code  0x012368   0x13b  DrvGT20L16S1Y.o [1]
  .far_func.text     ro code  0x0124a3   0x134  CommonLib.o [1]
  .far_func.text     ro code  0x0125d7   0x134  DrvGT20L16S1Y.o [1]
  .far_func.text     ro code  0x01270b   0x133  ApiAtCmd.o [1]
  .far_func.text     ro code  0x01283e   0x12a  stm8s_uart3.o [1]
  .far_func.text     ro code  0x012968   0x103  stm8s_itc.o [1]
  .far_func.text     ro code  0x012a6b   0x103  System.o [1]
  .far_func.text     ro code  0x012b6e    0xfa  CommonLib.o [1]
  .far_func.text     ro code  0x012c68    0xf3  uart3.o [1]
  .far_func.text     ro code  0x012d5b    0xeb  DrvGD83.o [1]
  .far_func.text     ro code  0x012e46    0xe9  uart3.o [1]
  .far_func.text     ro code  0x012f2f    0xe5  ApiKeyboard.o [1]
  .far_func.text     ro code  0x013014    0xdf  uart3.o [1]
  .far_func.text     ro code  0x0130f3    0xd9  ApiDisplay.o [1]
  .far_func.text     ro code  0x0131cc    0xd8  ApiPocCmd.o [1]
  .far_func.text     ro code  0x0132a4    0xc8  ApiDisplay.o [1]
  .far_func.text     ro code  0x01336c    0xc0  ApiDisplay.o [1]
  .far_func.text     ro code  0x01342c    0xba  uart3.o [1]
  .far_func.text     ro code  0x0134e6    0xb6  stm8s_uart3.o [1]
  .far_func.text     ro code  0x01359c    0xb0  ApiDisplay.o [1]
  .far_func.text     ro code  0x01364c    0xaf  stm8s_gpio.o [1]
  .far_func.text     ro code  0x0136fb    0xad  uart3.o [1]
  .far_func.text     ro code  0x0137a8    0xa3  Delay.o [1]
  .far_func.text     ro code  0x01384b    0xa2  stm8s_clk.o [1]
  .far_func.text     ro code  0x0138ed    0x9c  ApiAtCmd.o [1]
  .far_func.text     ro code  0x013989    0x99  stm8s_tim1.o [1]
  .far_func.text     ro code  0x013a22    0x97  ApiDisplay.o [1]
  .far_func.text     ro code  0x013ab9    0x96  CommonLib.o [1]
  .far_func.text     ro code  0x013b4f    0x96  DrvKeyboard.o [1]
  .far_func.text     ro code  0x013be5    0x95  ApiLED.o [1]
  .far_func.text     ro code  0x013c7a    0x95  uart3.o [1]
  .far_func.text     ro code  0x013d0f    0x92  stm8s_uart1.o [1]
  .far_func.text     ro code  0x013da1    0x8f  uart3.o [1]
  .far_func.text     ro code  0x013e30    0x8d  stm8s_uart3.o [1]
  .far_func.text     ro code  0x013ebd    0x8b  ApiAtCmd.o [1]
  .far_func.text     ro code  0x013f48    0x88  ApiDisplay.o [1]
  .far_func.text     ro code  0x013fd0    0x85  ApiPocCmd.o [1]
  .far_func.text     ro code  0x014055    0x82  stm8s_adc2.o [1]
  .far_func.text     ro code  0x0140d7    0x80  DrvGD83.o [1]
  .far_func.text     ro code  0x014157    0x73  ApiAtCmd.o [1]
  .far_func.text     ro code  0x0141ca    0x73  Delay.o [1]
  .far_func.text     ro code  0x01423d    0x72  DrvKeyboard.o [1]
  .far_func.text     ro code  0x0142af    0x71  Voice.o [1]
  .far_func.text     ro code  0x014320    0x6e  uart3.o [1]
  .far_func.text     ro code  0x01438e    0x6d  stm8s_uart1.o [1]
  .far_func.text     ro code  0x0143fb    0x6b  Tone.o [1]
  .far_func.text     ro code  0x014466    0x69  uart3.o [1]
  .far_func.text     ro code  0x0144cf    0x67  ApiAtCmd.o [1]
  .far_func.text     ro code  0x014536    0x64  ApiDisplay.o [1]
  .far_func.text     ro code  0x01459a    0x64  ApiGpsCmd.o [1]
  .far_func.text     ro code  0x0145fe    0x64  CommonLib.o [1]
  .far_func.text     ro code  0x014662    0x64  long_util.o [5]
  .far_func.text     ro code  0x0146c6    0x62  ApiPocCmd.o [1]
  .far_func.text     ro code  0x014728    0x61  ApiDisplay.o [1]
  .far_func.text     ro code  0x014789    0x61  KeyCmd.o [1]
  .far_func.text     ro code  0x0147ea    0x61  stm8s_tim1.o [1]
  .far_func.text     ro code  0x01484b    0x5f  ADC.o [1]
  .far_func.text     ro code  0x0148aa    0x5e  CommonLib.o [1]
  .far_func.text     ro code  0x014908    0x5d  short.o [5]
  .far_func.text     ro code  0x014965    0x5c  GT20L16P1Y_D.o [1]
  .far_func.text     ro code  0x0149c1    0x5c  uart3.o [1]
  .far_func.text     ro code  0x014a1d    0x58  stm8s_clk.o [1]
  .far_func.text     ro code  0x014a75    0x58  dc_util.o [5]
  .far_func.text     ro code  0x014acd    0x57  ApiDisplay.o [1]
  .far_func.text     ro code  0x014b24    0x56  Tone.o [1]
  .far_func.text     ro code  0x014b7a    0x55  Delay.o [1]
  .far_func.text     ro code  0x014bcf    0x54  stm8s_adc2.o [1]
  .far_func.text     ro code  0x014c23    0x52  uart3.o [1]
  .far_func.text     ro code  0x014c75    0x50  Flash_eeprom.o [1]
  .far_func.text     ro code  0x014cc5    0x4f  ApiDisplay.o [1]
  .far_func.text     ro code  0x014d14    0x4f  Flash_eeprom.o [1]
  .far_func.text     ro code  0x014d63    0x4f  uart3.o [1]
  .far_func.text     ro code  0x014db2    0x4e  CommonLib.o [1]
  .far_func.text     ro code  0x014e00    0x4e  System.o [1]
  .far_func.text     ro code  0x014e4e    0x4a  DrvGD83.o [1]
  .far_func.text     ro code  0x014e98    0x4a  DrvGD83.o [1]
  .far_func.text     ro code  0x014ee2    0x4a  DrvGD83.o [1]
  .far_func.text     ro code  0x014f2c    0x4a  DrvGD83.o [1]
  .far_func.text     ro code  0x014f76    0x49  stm8s_uart3.o [1]
  .far_func.text     ro code  0x014fbf    0x48  Flash_eeprom.o [1]
  .far_func.text     ro code  0x015007    0x48  GT20L16P1Y_D.o [1]
  .far_func.text     ro code  0x01504f    0x48  GT20L16P1Y_D.o [1]
  .far_func.text     ro code  0x015097    0x47  GT20L16P1Y.o [3]
  .far_func.text     ro code  0x0150de    0x45  Flash_eeprom.o [1]
  .far_func.text     ro code  0x015123    0x43  stm8s_tim1.o [1]
  .far_func.text     ro code  0x015166    0x40  Task.o [1]
  .far_func.text     ro code  0x0151a6    0x3e  Flash_eeprom.o [1]
  .far_func.text     ro code  0x0151e4    0x3d  DrvGD83.o [1]
  .far_func.text     ro code  0x015221    0x39  uart3.o [1]
  .far_func.text     ro code  0x01525a    0x38  Beep.o [1]
  .far_func.text     ro code  0x015292    0x38  DrvGT20L16S1Y.o [1]
  .far_func.text     ro code  0x0152ca    0x36  ApiPocCmd.o [1]
  .far_func.text     ro code  0x015300    0x36  stm8s_flash.o [1]
  .far_func.text     ro code  0x015336    0x36  sysclock.o [1]
  .far_func.text     ro code  0x01536c    0x36  memcmp.o [5]
  .far_func.text     ro code  0x0153a2    0x34  McuConfig.o [1]
  .far_func.text     ro code  0x0153d6    0x32  stm8s_uart1.o [1]
  .far_func.text     ro code  0x015408    0x31  main.o [1]
  .far_func.text     ro code  0x015439    0x31  Voice.o [1]
  .far_func.text     ro code  0x01546a    0x30  stm8s_adc2.o [1]
  .far_func.text     ro code  0x01549a    0x2f  ApiDisplay.o [1]
  .far_func.text     ro code  0x0154c9    0x2f  ApiDisplay.o [1]
  .far_func.text     ro code  0x0154f8    0x2f  stm8s_adc2.o [1]
  .far_func.text     ro code  0x015527    0x2e  ApiDisplay.o [1]
  .far_func.text     ro code  0x015555    0x2e  ApiDisplay.o [1]
  .far_func.text     ro code  0x015583    0x2e  McuConfig.o [1]
  .far_func.text     ro code  0x0155b1    0x2d  ApiDisplay.o [1]
  .far_func.text     ro code  0x0155de    0x2d  stm8s_uart1.o [1]
  .far_func.text     ro code  0x01560b    0x2c  DrvGD83.o [1]
  .far_func.text     ro code  0x015637    0x2b  sysclock.o [1]
  .far_func.text     ro code  0x015662    0x2b  Task.o [1]
  .far_func.text     ro code  0x01568d    0x29  Delay.o [1]
  .far_func.text     ro code  0x0156b6    0x29  McuConfig.o [1]
  .far_func.text     ro code  0x0156df    0x28  stm8s_flash.o [1]
  .far_func.text     ro code  0x015707    0x28  init_small.o [5]
  .far_func.text     ro code  0x01572f    0x27  ADC.o [1]
  .far_func.text     ro code  0x015756    0x27  McuConfig.o [1]
  .far_func.text     ro code  0x01577d    0x26  GT20L16P1Y_D.o [1]
  .far_func.text     ro code  0x0157a3    0x26  stm8s_it.o [1]
  .far_func.text     ro code  0x0157c9    0x26  Tone.o [1]
  .far_func.text     ro code  0x0157ef    0x26  memcpy.o [5]
  .far_func.text     ro code  0x015815    0x25  stm8s_flash.o [1]
  .far_func.text     ro code  0x01583a    0x25  stm8s_uart3.o [1]
  .far_func.text     ro code  0x01585f    0x25  move.o [5]
  .far_func.text     ro code  0x015884    0x24  stm8s_tim1.o [1]
  .far_func.text     ro code  0x0158a8    0x22  ADC.o [1]
  .far_func.text     ro code  0x0158ca    0x22  ApiPocCmd.o [1]
  .far_func.text     ro code  0x0158ec    0x22  ApiPocCmd.o [1]
  .far_func.text     ro code  0x01590e    0x21  ApiGpsCmd.o [1]
  .far_func.text     ro code  0x01592f    0x21  ApiPocCmd.o [1]
  .far_func.text     ro code  0x015950    0x21  Delay.o [1]
  .far_func.text     ro code  0x015971    0x21  stm8s_adc2.o [1]
  .far_func.text     ro code  0x015992    0x21  stm8s_it.o [1]
  .far_func.text     ro code  0x0159b3    0x20  ApiPocCmd.o [1]
  .far_func.text     ro code  0x0159d3    0x20  KeyCmd.o [1]
  .far_func.text     ro code  0x0159f3    0x1f  sysclock.o [1]
  .far_func.text     ro code  0x015a12    0x1e  init.o [5]
  .far_func.text     ro code  0x015a30    0x1e  init_small.o [5]
  .far_func.text     ro code  0x015a4e    0x1c  Beep.o [1]
  .far_func.text     ro code  0x015a6a    0x1c  Delay.o [1]
  .far_func.text     ro code  0x015a86    0x1b  stm8s_it.o [1]
  .far_func.text     ro code  0x015aa1    0x19  McuConfig.o [1]
  .far_func.text     ro code  0x015aba    0x19  McuConfig.o [1]
  .far_func.text     ro code  0x015ad3    0x19  McuConfig.o [1]
  .far_func.text     ro code  0x015aec    0x19  McuConfig.o [1]
  .far_func.text     ro code  0x015b05    0x19  McuConfig.o [1]
  .far_func.text     ro code  0x015b1e    0x17  ApiDisplay.o [1]
  .far_func.text     ro code  0x015b35    0x17  ApiDisplay.o [1]
  .far_func.text     ro code  0x015b4c    0x17  cstartup.o [5]
  .far_func.text     ro code  0x015b63    0x17  memset.o [5]
  .far_func.text     ro code  0x015b7a    0x16  stm8s_flash.o [1]
  .far_func.text     ro code  0x015b90    0x16  __dbg_xxexit.o [4]
  .far_func.text     ro code  0x015ba6    0x14  stm8s_flash.o [1]
  .far_func.text     ro code  0x015bba    0x13  ApiPocCmd.o [1]
  .far_func.text     ro code  0x015bcd    0x13  ApiPocCmd.o [1]
  .far_func.text     ro code  0x015be0    0x13  stm8s_adc2.o [1]
  .far_func.text     ro code  0x015bf3    0x13  stm8s_clk.o [1]
  .far_func.text     ro code  0x015c06    0x13  stm8s_tim3.o [1]
  .far_func.text     ro code  0x015c19    0x12  ApiPocCmd.o [1]
  .far_func.text     ro code  0x015c2b    0x12  ApiPocCmd.o [1]
  .far_func.text     ro code  0x015c3d    0x12  uart3.o [1]
  .far_func.text     ro code  0x015c4f    0x12  strlen.o [5]
  .far_func.text     ro code  0x015c61    0x10  uart3.o [1]
  .far_func.text     ro code  0x015c71     0xf  Voice.o [1]
  .far_func.text     ro code  0x015c80     0xe  ApiPocCmd.o [1]
  .far_func.text     ro code  0x015c8e     0xe  KeyCmd.o [1]
  .far_func.text     ro code  0x015c9c     0xe  far_util.o [5]
  .far_func.text     ro code  0x015caa     0xd  McuConfig.o [1]
  .far_func.text     ro code  0x015cb7     0xd  McuConfig.o [1]
  .far_func.text     ro code  0x015cc4     0xd  McuConfig.o [1]
  .far_func.text     ro code  0x015cd1     0xd  McuConfig.o [1]
  .far_func.text     ro code  0x015cde     0xd  stm8s_adc2.o [1]
  .far_func.text     ro code  0x015ceb     0xd  stm8s_tim1.o [1]
  .far_func.text     ro code  0x015cf8     0xd  stm8s_tim1.o [1]
  .far_func.text     ro code  0x015d05     0xd  stm8s_tim1.o [1]
  .far_func.text     ro code  0x015d12     0xd  stm8s_tim3.o [1]
  .far_func.text     ro code  0x015d1f     0xd  stm8s_tim3.o [1]
  .far_func.text     ro code  0x015d2c     0xd  stm8s_uart1.o [1]
  .far_func.text     ro code  0x015d39     0xd  stm8s_uart3.o [1]
  .far_func.text     ro code  0x015d46     0xc  stm8s_tim3.o [1]
  .far_func.text     ro code  0x015d52     0xb  ApiPocCmd.o [1]
  .far_func.text     ro code  0x015d5d     0xb  stm8s_flash.o [1]
  .far_func.text     ro code  0x015d68     0xa  ApiAtCmd.o [1]
  .far_func.text     ro code  0x015d72     0x9  stm8s_gpio.o [1]
  .far_func.text     ro code  0x015d7b     0x9  stm8s_tim3.o [1]
  .far_func.text     ro code  0x015d84     0x7  ApiAtCmd.o [1]
  .far_func.text     ro code  0x015d8b     0x7  ApiAtCmd.o [1]
  .far_func.text     ro code  0x015d92     0x7  ApiPocCmd.o [1]
  .far_func.text     ro code  0x015d99     0x7  stm8s_flash.o [1]
  .far_func.text     ro code  0x015da0     0x7  stm8s_gpio.o [1]
  .far_func.text     ro code  0x015da7     0x6  char.o [5]
  .far_func.text     ro code  0x015dad     0x6  cexit.o [5]
  .far_func.text     ro code  0x015db3     0x5  stm8s_adc2.o [1]
  .far_func.text     ro code  0x015db8     0x5  stm8s_flash.o [1]
  .far_func.text     ro code  0x015dbd     0x5  stm8s_flash.o [1]
  .far_func.text     ro code  0x015dc2     0x5  stm8s_tim3.o [1]
  .far_func.text     ro code  0x015dc7     0x4  ApiAtCmd.o [1]
  .far_func.text     ro code  0x015dcb     0x4  ApiAtCmd.o [1]
  .far_func.text     ro code  0x015dcf     0x4  ApiAtCmd.o [1]
  .far_func.text     ro code  0x015dd3     0x4  ApiAtCmd.o [1]
  .far_func.text     ro code  0x015dd7     0x4  ApiAtCmd.o [1]
  .far_func.text     ro code  0x015ddb     0x4  ApiAtCmd.o [1]
  .far_func.text     ro code  0x015ddf     0x4  ApiAtCmd.o [1]
  .far_func.text     ro code  0x015de3     0x4  ApiAtCmd.o [1]
  .far_func.text     ro code  0x015de7     0x4  ApiAtCmd.o [1]
  .far_func.text     ro code  0x015deb     0x4  ApiGpsCmd.o [1]
  .far_func.text     ro code  0x015def     0x4  ApiGpsCmd.o [1]
  .far_func.text     ro code  0x015df3     0x4  ApiPocCmd.o [1]
  .far_func.text     ro code  0x015df7     0x4  ApiPocCmd.o [1]
  .far_func.text     ro code  0x015dfb     0x4  ApiPocCmd.o [1]
  .far_func.text     ro code  0x015dff     0x4  ApiPocCmd.o [1]
  .far_func.text     ro code  0x015e03     0x4  ApiPocCmd.o [1]
  .far_func.text     ro code  0x015e07     0x4  ApiPocCmd.o [1]
  .far_func.text     ro code  0x015e0b     0x4  stm8s_gpio.o [1]
  .far_func.text     ro code  0x015e0f     0x4  stm8s_uart1.o [1]
  .far_func.text     ro code  0x015e13     0x4  stm8s_uart1.o [1]
  .far_func.text     ro code  0x015e17     0x4  stm8s_uart3.o [1]
  .far_func.text     ro code  0x015e1b     0x4  stm8s_uart3.o [1]
  .far_func.text     ro code  0x015e1f     0x4  System.o [1]
  .far_func.text     ro code  0x015e23     0x4  System.o [1]
  .far_func.text     ro code  0x015e27     0x4  Task.o [1]
  .far_func.text     ro code  0x015e2b     0x4  interrupt.o [5]
  .far_func.text     ro code  0x015e2f     0x4  exit.o [5]
  .far_func.text     ro code  0x015e33     0x3  low_level_init.o [5]
  .far_func.text     ro code  0x015e36     0x3  unhandled_exception.o [5]
  .far_func.text     ro code  0x015e39     0x1  ApiKeyboard.o [1]
  .far_func.text     ro code  0x015e3a     0x1  stm8s_it.o [1]
  .far_func.text     ro code  0x015e3b     0x1  stm8s_it.o [1]
  .far_func.text     ro code  0x015e3c     0x1  stm8s_it.o [1]
  .far_func.text     ro code  0x015e3d     0x1  stm8s_it.o [1]
  .far_func.text     ro code  0x015e3e     0x1  stm8s_it.o [1]
  .far_func.text     ro code  0x015e3f     0x1  stm8s_it.o [1]
  .far_func.text     ro code  0x015e40     0x1  stm8s_it.o [1]
  .far_func.text     ro code  0x015e41     0x1  stm8s_it.o [1]
  .far_func.text     ro code  0x015e42     0x1  stm8s_it.o [1]
  .far_func.text     ro code  0x015e43     0x1  stm8s_it.o [1]
  .far_func.text     ro code  0x015e44     0x1  stm8s_it.o [1]
  .far_func.text     ro code  0x015e45     0x1  stm8s_it.o [1]
  .far_func.text     ro code  0x015e46     0x1  stm8s_it.o [1]
  .far_func.text     ro code  0x015e47     0x1  stm8s_it.o [1]
  .far_func.text     ro code  0x015e48     0x1  stm8s_it.o [1]
  .far_func.text     ro code  0x015e49     0x1  stm8s_it.o [1]
  .far_func.text     ro code  0x015e4a     0x1  stm8s_it.o [1]
  .far_func.text     ro code  0x015e4b     0x1  stm8s_it.o [1]
  .far_func.text     ro code  0x015e4c     0x1  stm8s_it.o [1]
  .far_func.text     ro code  0x015e4d     0x1  stm8s_it.o [1]
  .far_func.text     ro code  0x015e4e     0x1  stm8s_it.o [1]
  .far_func.text     ro code  0x015e4f     0x1  __dbg_break.o [4]
                            - 0x015e50  0x5e50


*******************************************************************************
*** INIT TABLE
***

          Address   Size
          -------   ----
Zero (__iar_zero_init2)
    1 destination range, total size 0x1360:
          0x000078  0x1360

Copy (__iar_copy_init2)
    1 source range, total size 0x68:
          0x00a2e0    0x68
    1 destination range, total size 0x68:
          0x000010    0x68



*******************************************************************************
*** MODULE SUMMARY
***

    Module                 ro code  ro data  rw data
    ------                 -------  -------  -------
E:\1-source\A508\PRJ\Debug\Obj: [1]
    ADC.o                      766      162        7
    ApiAtCmd.o               3 018      346      208
    ApiBeidou.o                                   82
    ApiDisplay.o             1 712    1 128      578
    ApiGpsCmd.o              3 574               455
    ApiKeyboard.o            3 042      261       33
    ApiLED.o                   149                 1
    ApiMenu.o                1 549      449        7
    ApiPocCmd.o              3 568       45    2 521
    Beep.o                     867                18
    CommonLib.o                980       17
    Config.o                   556
    Delay.o                  2 074      153       45
    DrvGD83.o                2 847       33      943
    DrvGT20L16S1Y.o            679
    DrvHTG12832.o              594                 2
    DrvKeyboard.o            1 440
    Flash_eeprom.o             362
    GT20L16P1Y_D.o             274    7 776
    KeyCmd.o                   143       67
    McuConfig.o                355
    System.o                   345       23       20
    Task.o                   3 005      745       47
    Tone.o                     231                18
    Voice.o                    177                 6
    main.o                      49
    stm8s_adc2.o               379
    stm8s_clk.o                269        4
    stm8s_flash.o              201
    stm8s_gpio.o               195
    stm8s_it.o                 119
    stm8s_itc.o                259
    stm8s_tim1.o               392
    stm8s_tim3.o                71
    stm8s_uart1.o              716
    stm8s_uart3.o              752
    sysclock.o                 128
    uart3.o                  2 343       30       73
    ------------------------------------------------
    Total:                  38 180   11 239    5 064

command line: [2]
    ------------------------------------------------
    Total:

GT20L16_STM8_DOUBLE_MEDIUM_IAR.a: [3]
    GT20L16P1Y.o             1 770       62
    ------------------------------------------------
    Total:                   1 770       62

dbgstm8mmd.a: [4]
    __dbg_break.o                1
    __dbg_xxexit.o              22
    ------------------------------------------------
    Total:                      23

dlstm8mmn.a: [5]
    cexit.o                      6
    char.o                       6
    cstartup.o                  23
    dc_util.o                   88
    exit.o                       4
    far_util.o                  14
    init.o                      30
    init_small.o                70
    interrupt.o                  4      128
    long.o                     415
    long_util.o                100
    low_level_init.o             3
    memcmp.o                    54
    memcpy.o                    38
    memset.o                    23
    move.o                      37
    short.o                     93
    strlen.o                    18
    unhandled_exception.o        3
    vreg_util.o                348
    vregs.o                                       16
    ------------------------------------------------
    Total:                   1 377      128       16

    Linker created                       20      256
----------------------------------------------------
    Grand Total:            41 350   11 449    5 336


*******************************************************************************
*** ENTRY LIST
***

Entry                    Address    Size  Type      Object
-----                    -------    ----  ----      ------
.iar.init_table$$Base   0x00a4fa           --   Gb  - Linker created -
.iar.init_table$$Limit  0x00a50e           --   Gb  - Linker created -
?add32_l0_l0_0x         0x010e64          Code  Gb  long.o [5]
?add32_l0_l0_l1         0x010e61          Code  Gb  long.o [5]
?and32_l0_l0_0x         0x010fa0          Code  Gb  long.o [5]
?and32_l0_l0_l1         0x010f9d          Code  Gb  long.o [5]
?b0                     0x000000          Data  Gb  vregs.o [5]
?b1                     0x000001          Data  Gb  vregs.o [5]
?b10                    0x00000a          Data  Gb  vregs.o [5]
?b11                    0x00000b          Data  Gb  vregs.o [5]
?b12                    0x00000c          Data  Gb  vregs.o [5]
?b13                    0x00000d          Data  Gb  vregs.o [5]
?b14                    0x00000e          Data  Gb  vregs.o [5]
?b15                    0x00000f          Data  Gb  vregs.o [5]
?b2                     0x000002          Data  Gb  vregs.o [5]
?b3                     0x000003          Data  Gb  vregs.o [5]
?b4                     0x000004          Data  Gb  vregs.o [5]
?b5                     0x000005          Data  Gb  vregs.o [5]
?b6                     0x000006          Data  Gb  vregs.o [5]
?b7                     0x000007          Data  Gb  vregs.o [5]
?b8                     0x000008          Data  Gb  vregs.o [5]
?b9                     0x000009          Data  Gb  vregs.o [5]
?dc32_l0                0x014a75          Code  Gb  dc_util.o [5]
?dc32_l1                0x014aa1          Code  Gb  dc_util.o [5]
?e0                     0x000001          Data  Gb  vregs.o [5]
?e1                     0x000005          Data  Gb  vregs.o [5]
?e2                     0x000009          Data  Gb  vregs.o [5]
?e3                     0x00000d          Data  Gb  vregs.o [5]
?epilogue_l2            0x011af9          Code  Gb  vreg_util.o [5]
?epilogue_l2_l3         0x011af5          Code  Gb  vreg_util.o [5]
?epilogue_l2_w6         0x011afe          Code  Gb  vreg_util.o [5]
?epilogue_w4            0x011b07          Code  Gb  vreg_util.o [5]
?l0                     0x000000          Data  Gb  vregs.o [5]
?l1                     0x000004          Data  Gb  vregs.o [5]
?l2                     0x000008          Data  Gb  vregs.o [5]
?l3                     0x00000c          Data  Gb  vregs.o [5]
?load24_e1_0x           0x015c9c          Code  Gb  far_util.o [5]
?load32_0x_l0           0x0146b8          Code  Gb  long_util.o [5]
?load32_l0_0x           0x01467c          Code  Gb  long_util.o [5]
?load32_l0_asp          0x014670          Code  Gb  long_util.o [5]
?load32_l0_dbsp         0x014662          Code  Gb  long_util.o [5]
?load32_l0_xsp          0x014672          Code  Gb  long_util.o [5]
?load32_l1_0x           0x0146a2          Code  Gb  long_util.o [5]
?load32_l1_asp          0x014696          Code  Gb  long_util.o [5]
?load32_l1_dbsp         0x014688          Code  Gb  long_util.o [5]
?load32_l1_xsp          0x014698          Code  Gb  long_util.o [5]
?load32_xsp_l0          0x0146ae          Code  Gb  long_util.o [5]
?longfarg16_v_w0_a      0x01586c          Code  Gb  move.o [5]
?longfarg16_v_w0_x      0x01586e          Code  Gb  move.o [5]
?mov_e0_e1              0x011b24          Code  Gb  vreg_util.o [5]
?mov_e0_e2              0x011b31          Code  Gb  vreg_util.o [5]
?mov_e0_e3              0x011b3e          Code  Gb  vreg_util.o [5]
?mov_e1_e0              0x011b4b          Code  Gb  vreg_util.o [5]
?mov_e1_e2              0x011b58          Code  Gb  vreg_util.o [5]
?mov_e1_e3              0x011b65          Code  Gb  vreg_util.o [5]
?mov_e2_e0              0x011b72          Code  Gb  vreg_util.o [5]
?mov_e3_e0              0x011b86          Code  Gb  vreg_util.o [5]
?mov_e3_e1              0x011b93          Code  Gb  vreg_util.o [5]
?mov_l0_l1              0x011b21          Code  Gb  vreg_util.o [5]
?mov_l0_l2              0x011b2e          Code  Gb  vreg_util.o [5]
?mov_l0_l3              0x011b3b          Code  Gb  vreg_util.o [5]
?mov_l1_l0              0x011b48          Code  Gb  vreg_util.o [5]
?mov_l1_l2              0x011b55          Code  Gb  vreg_util.o [5]
?mov_l1_l3              0x011b62          Code  Gb  vreg_util.o [5]
?mov_l2_l0              0x011b6f          Code  Gb  vreg_util.o [5]
?mov_l3_l0              0x011b83          Code  Gb  vreg_util.o [5]
?mov_l3_l1              0x011b90          Code  Gb  vreg_util.o [5]
?mov_w1_w3              0x011b27          Code  Gb  vreg_util.o [5]
?mov_w1_w4              0x011b0c          Code  Gb  vreg_util.o [5]
?mov_w1_w5              0x011b34          Code  Gb  vreg_util.o [5]
?mov_w1_w7              0x011b41          Code  Gb  vreg_util.o [5]
?mov_w2_w1              0x011b13          Code  Gb  vreg_util.o [5]
?mov_w3_w1              0x011b4e          Code  Gb  vreg_util.o [5]
?mov_w3_w5              0x011b5b          Code  Gb  vreg_util.o [5]
?mov_w3_w7              0x011b68          Code  Gb  vreg_util.o [5]
?mov_w5_w1              0x011b75          Code  Gb  vreg_util.o [5]
?mov_w5_w3              0x011b7c          Code  Gb  vreg_util.o [5]
?mov_w6_w0              0x011b1a          Code  Gb  vreg_util.o [5]
?mov_w7_w1              0x011b89          Code  Gb  vreg_util.o [5]
?mov_w7_w3              0x011b96          Code  Gb  vreg_util.o [5]
?move1616_v_x_y_a       0x01585f          Code  Gb  move.o [5]
?mul16_x_x_w0           0x014908          Code  Gb  short.o [5]
?mul32_l0_l0_l1         0x010e97          Code  Gb  long.o [5]
?or32_l0_l0_0x          0x010fbb          Code  Gb  long.o [5]
?or32_l0_l0_l1          0x010fb8          Code  Gb  long.o [5]
?pop_l0                 0x011abd          Code  Gb  vreg_util.o [5]
?pop_l1                 0x011ac8          Code  Gb  vreg_util.o [5]
?pop_l2                 0x011ad3          Code  Gb  vreg_util.o [5]
?pop_l3                 0x011ade          Code  Gb  vreg_util.o [5]
?pop_w4                 0x011a67          Code  Gb  vreg_util.o [5]
?pop_w5                 0x011a6e          Code  Gb  vreg_util.o [5]
?pop_w6                 0x011a75          Code  Gb  vreg_util.o [5]
?push_l0                0x011a88          Code  Gb  vreg_util.o [5]
?push_l1                0x011a8d          Code  Gb  vreg_util.o [5]
?push_l2                0x011a92          Code  Gb  vreg_util.o [5]
?push_l3                0x011a97          Code  Gb  vreg_util.o [5]
?push_w4                0x011a41          Code  Gb  vreg_util.o [5]
?push_w5                0x011a46          Code  Gb  vreg_util.o [5]
?push_w6                0x011a4b          Code  Gb  vreg_util.o [5]
?sdiv16_x_x_y           0x014926          Code  Gb  short.o [5]
?sext16_x_a             0x01495e          Code  Gb  short.o [5]
?sext32_l0_x            0x010ff5          Code  Gb  long.o [5]
?sll16_x_x_4            0x014959          Code  Gb  short.o [5]
?sll16_x_x_5            0x014958          Code  Gb  short.o [5]
?sll16_x_x_6            0x014957          Code  Gb  short.o [5]
?sll16_x_x_a            0x01494f          Code  Gb  short.o [5]
?sll32_0x_0x_a          0x010fd6          Code  Gb  long.o [5]
?sll32_l0_l0_a          0x010fd3          Code  Gb  long.o [5]
?smod16_y_x_y           0x01493f          Code  Gb  short.o [5]
?srl32_0x_0x_a          0x010fe7          Code  Gb  long.o [5]
?srl32_l0_l0_a          0x010fe4          Code  Gb  long.o [5]
?srl8_a_a_5             0x015da8          Code  Gb  char.o [5]
?srl8_a_a_6             0x015da7          Code  Gb  char.o [5]
?sub32_l0_l0_0x         0x010e7f          Code  Gb  long.o [5]
?sub32_l0_l0_l1         0x010e7c          Code  Gb  long.o [5]
?ucmp32_c_l0_l1         0x010f92          Code  Gb  long.o [5]
?udiv32_l0_dl_l1        0x010f1b          Code  Gb  long.o [5]
?udiv32_l0_l0_dl        0x010f21          Code  Gb  long.o [5]
?udiv32_l0_l0_l1        0x010f25          Code  Gb  long.o [5]
?umod32_l1_l0_dl        0x010f15          Code  Gb  long.o [5]
?umod32_l1_l0_l1        0x010f25          Code  Gb  long.o [5]
?w0                     0x000000          Data  Gb  vregs.o [5]
?w1                     0x000002          Data  Gb  vregs.o [5]
?w2                     0x000004          Data  Gb  vregs.o [5]
?w3                     0x000006          Data  Gb  vregs.o [5]
?w4                     0x000008          Data  Gb  vregs.o [5]
?w5                     0x00000a          Data  Gb  vregs.o [5]
?w6                     0x00000c          Data  Gb  vregs.o [5]
?w7                     0x00000e          Data  Gb  vregs.o [5]
ADC2_Cmd                0x015cde     0xd  Code  Gb  stm8s_adc2.o [1]
ADC2_ConversionConfig   0x0154f8    0x2f  Code  Gb  stm8s_adc2.o [1]
ADC2_ExternalTriggerConfig
                        0x015971    0x21  Code  Gb  stm8s_adc2.o [1]
ADC2_GetConversionValue
                        0x014bcf    0x54  Code  Gb  stm8s_adc2.o [1]
ADC2_IRQHandler         0x015e4c     0x1  Code  Gb  stm8s_it.o [1]
ADC2_Init               0x01546a    0x30  Code  Gb  stm8s_adc2.o [1]
ADC2_PrescalerConfig    0x015be0    0x13  Code  Gb  stm8s_adc2.o [1]
ADC2_SchmittTriggerConfig
                        0x014055    0x82  Code  Gb  stm8s_adc2.o [1]
ADC2_StartConversion    0x015db3     0x5  Code  Gb  stm8s_adc2.o [1]
ADC_Init                0x0158a8    0x22  Code  Gb  ADC.o [1]
AF_Mute_Init            0x015cb7     0xd  Code  Gb  McuConfig.o [1]
ASCII_ActiveUserID      0x0012b5    0x16  Data  Gb  ApiPocCmd.o [1]
AUDIO_IOAFMUT           0x015aec    0x19  Code  Gb  McuConfig.o [1]
AUDIO_IOAFPOW           0x015b05    0x19  Code  Gb  McuConfig.o [1]
AWU_IRQHandler          0x015e3c     0x1  Code  Gb  stm8s_it.o [1]
AkeyvolumeCount         0x000042     0x1  Data  Gb  ApiKeyboard.o [1]
AlarmCount              0x00005b     0x1  Data  Gb  Task.o [1]
ApGpsCmd_10msRenew      0x01590e    0x21  Code  Gb  ApiGpsCmd.o [1]
ApiAtCmd_100msRenew     0x00e014    0xb2  Code  Gb  ApiAtCmd.o [1]
ApiAtCmd_10msRenew      0x01270b   0x133  Code  Gb  ApiAtCmd.o [1]
ApiAtCmd_GetGroupName   0x015c19    0x12  Code  Gb  ApiPocCmd.o [1]
ApiAtCmd_GetGroupNameLen
                        0x015bba    0x13  Code  Gb  ApiPocCmd.o [1]
ApiAtCmd_GetGroupNum    0x015dfb     0x4  Code  Gb  ApiPocCmd.o [1]
ApiAtCmd_GetLoginState  0x015d92     0x7  Code  Gb  ApiPocCmd.o [1]
ApiAtCmd_GetMainGroupId
                        0x015e03     0x4  Code  Gb  ApiPocCmd.o [1]
ApiAtCmd_GetMainUserId  0x015e07     0x4  Code  Gb  ApiPocCmd.o [1]
ApiAtCmd_GetMainUserName
                        0x015df7     0x4  Code  Gb  ApiPocCmd.o [1]
ApiAtCmd_GetMainWorkName
                        0x015df3     0x4  Code  Gb  ApiPocCmd.o [1]
ApiAtCmd_GetUserName    0x015c2b    0x12  Code  Gb  ApiPocCmd.o [1]
ApiAtCmd_GetUserNameLen
                        0x015bcd    0x13  Code  Gb  ApiPocCmd.o [1]
ApiAtCmd_GetUserNum     0x015dff     0x4  Code  Gb  ApiPocCmd.o [1]
ApiAtCmd_Get_DateTime_Information
                        0x011e4b   0x153  Code  Gb  ApiAtCmd.o [1]
ApiAtCmd_Get_location_Information
                        0x011000   0x190  Code  Gb  ApiAtCmd.o [1]
ApiAtCmd_PlayVoice      0x014157    0x73  Code  Gb  ApiAtCmd.o [1]
ApiAtCmd_SetLoginState  0x015c80     0xe  Code  Gb  ApiPocCmd.o [1]
ApiAtCmd_TrumpetVoicePlayCount
                        0x0013bb     0x1  Data  Gb  Delay.o [1]
ApiAtCmd_TrumpetVoicePlay_Flag
                        0x001369     0x1  Data  Gb  ApiAtCmd.o [1]
ApiAtCmd_WritCommand    0x00ddf2   0x222  Code  Gb  ApiAtCmd.o [1]
ApiAtCmd_ZTTS0_Flag     0x00136a     0x1  Data  Gb  ApiAtCmd.o [1]
ApiAtCmd_tcp_state      0x015d68     0xa  Code  Gb  ApiAtCmd.o [1]
ApiCaretCmd_10msRenew   0x00e653   0x2a3  Code  Gb  ApiAtCmd.o [1]
ApiGpsCmd_100msRenew    0x00d59c   0x1f0  Code  Gb  ApiGpsCmd.o [1]
ApiGpsCmd_PowerOnInitial
                        0x0108d2   0x20d  Code  Gb  ApiGpsCmd.o [1]
ApiGpsServerType        0x001377     0x1  Data  Gb  ApiGpsCmd.o [1]
ApiGps_GetTcpIpAddress  0x015deb     0x4  Code  Gb  ApiGpsCmd.o [1]
ApiGps_GetTcpPortAddress
                        0x015def     0x4  Code  Gb  ApiGpsCmd.o [1]
ApiMenu_BacklightTimeSet_Flag
                        0x001393     0x1  Data  Gb  ApiMenu.o [1]
ApiMenu_BeiDouOrWritingFrequency_Flag
                        0x001395     0x1  Data  Gb  ApiMenu.o [1]
ApiMenu_GpsInfo_Flag    0x001391     0x1  Data  Gb  ApiMenu.o [1]
ApiMenu_KeylockTimeSet_Flag
                        0x001394     0x1  Data  Gb  ApiMenu.o [1]
ApiMenu_NativeInfo_Flag
                        0x001392     0x1  Data  Gb  ApiMenu.o [1]
ApiMenu_SwitchCallUser_Flag
                        0x001390     0x1  Data  Gb  ApiMenu.o [1]
ApiMenu_SwitchGroup_Flag
                        0x00138f     0x1  Data  Gb  ApiMenu.o [1]
ApiPocCmd_10msRenew     0x00cd57   0x54b  Code  Gb  ApiPocCmd.o [1]
ApiPocCmd_Tone_Flag     0x00139d     0x1  Data  Gb  ApiPocCmd.o [1]
ApiPocCmd_WritCommand   0x011cf6   0x155  Code  Gb  ApiPocCmd.o [1]
ApiPocCmd_user_info_get
                        0x0152ca    0x36  Code  Gb  ApiPocCmd.o [1]
ApiPocCmd_user_info_set
                        0x0131cc    0xd8  Code  Gb  ApiPocCmd.o [1]
AtCmdDrvobj             0x0010d7    0x92  Data  Lc  ApiAtCmd.o [1]
AtCmd_NetParamCode      0x013ebd    0x8b  Code  Lc  ApiAtCmd.o [1]
AtNotify_Queue          0x00b84f    0x4d  Code  Lc  DrvGD83.o [1]
AtNotify_Queue_Start    0x00b89c    0x56  Code  Lc  DrvGD83.o [1]
BEEP_Interrupt10ms      0x015a4e    0x1c  Code  Gb  Beep.o [1]
BEEP_PowerOnInitial     0x00dd1f    0xd3  Code  Gb  Beep.o [1]
BEEP_SetOutput          0x00dae3   0x23c  Code  Gb  Beep.o [1]
BEEP_Time               0x01525a    0x38  Code  Gb  Beep.o [1]
BacklightTimeCount      0x0013c1     0x1  Data  Gb  Delay.o [1]
BacklightTimeSetCount   0x00004b     0x1  Data  Gb  ApiKeyboard.o [1]
BatteryLevel            0x001360     0x1  Data  Gb  ADC.o [1]
BeepDrvObj              0x0012df    0x12  Data  Lc  Beep.o [1]
BeidouRxData            0x0011b9    0x4b  Data  Gb  ApiBeidou.o [1]
BeidouRxDataLen         0x001373     0x1  Data  Gb  ApiBeidou.o [1]
BitTab                  0x00ac3c     0x8  Data  Gb  ApiDisplay.o [1]
BootProcess_PPPCFG_Flag
                        0x001368     0x1  Data  Gb  ApiAtCmd.o [1]
BootProcess_SIMST_Flag  0x001367     0x1  Data  Gb  ApiAtCmd.o [1]
CFG_GetCurAdr           0x010495   0x22c  Code  Gb  Config.o [1]
CHAR_HIGH               0x00a9d5    0x10  Data  Gb  ApiDisplay.o [1]
CHAR_TO_Digital         0x0144cf    0x67  Code  Gb  ApiAtCmd.o [1]
CHAR_WIDTH              0x00a9e5    0x10  Data  Gb  ApiDisplay.o [1]
CLK_ClockSwitchConfig   0x01384b    0xa2  Code  Gb  stm8s_clk.o [1]
CLK_GetClockFreq        0x014a1d    0x58  Code  Gb  stm8s_clk.o [1]
CLK_HSIPrescalerConfig  0x015bf3    0x13  Code  Gb  stm8s_clk.o [1]
CLK_IRQHandler          0x015e3d     0x1  Code  Gb  stm8s_it.o [1]
COMLHexArray2String     0x01459a    0x64  Code  Lc  ApiGpsCmd.o [1]
COML_AscToHex           0x012b6e    0xfa  Code  Gb  CommonLib.o [1]
COML_DecToAsc           0x0145fe    0x64  Code  Gb  CommonLib.o [1]
COML_HexToAsc2          0x013ab9    0x96  Code  Gb  CommonLib.o [1]
COML_StringReverse      0x0148aa    0x5e  Code  Gb  CommonLib.o [1]
CSQTimeCount            0x0013b2     0x1  Data  Gb  Delay.o [1]
CSQValue                0x00136e     0x1  Data  Gb  ApiAtCmd.o [1]
CSQ_Flag                0x00136b     0x1  Data  Gb  ApiAtCmd.o [1]
CSTACK$$Base            0x001700           --   Gb  - Linker created -
CSTACK$$Limit           0x001800           --   Gb  - Linker created -
C_TEST_OUT_SET          0x015cd1     0xd  Code  Gb  McuConfig.o [1]
CaretNotify_Queue       0x00b7b5    0x4d  Code  Lc  DrvGD83.o [1]
CaretNotify_Queue_Start
                        0x00b948    0x56  Code  Lc  DrvGD83.o [1]
CharCode                0x001356     0x2  Data  Gb  ApiDisplay.o [1]
Combine2Hex             0x0124a3   0x134  Code  Gb  CommonLib.o [1]
Count                   0x001361     0x1  Data  Gb  ADC.o [1]
Count2                  0x001362     0x1  Data  Gb  ADC.o [1]
Count3                  0x001363     0x1  Data  Gb  ADC.o [1]
DEL_100msProcess        0x00ccc6    0x58  Code  Lc  Delay.o [1]
DEL_10msProcess         0x00cd1e    0x1d  Code  Lc  Delay.o [1]
DEL_1msProcess          0x00cd3b     0xc  Code  Lc  Delay.o [1]
DEL_500msProcess        0x00c70e   0x5b8  Code  Lc  Delay.o [1]
DEL_500ms_Count         0x0013ac     0x1  Data  Gb  Delay.o [1]
DEL_500ms_Count2        0x0013ad     0x1  Data  Gb  Delay.o [1]
DEL_GetTimer            0x014b7a    0x55  Code  Gb  Delay.o [1]
DEL_Interrupt           0x0137a8    0xa3  Code  Gb  Delay.o [1]
DEL_PowerOnInitial      0x015950    0x21  Code  Gb  Delay.o [1]
DEL_Renew               0x00cd47    0x10  Code  Gb  Delay.o [1]
DEL_SetTimer            0x0141ca    0x73  Code  Gb  Delay.o [1]
DEL_Soft1ms             0x015a6a    0x1c  Code  Gb  Delay.o [1]
DEL_TimerRenew          0x01568d    0x29  Code  Lc  Delay.o [1]
DISP_DataBuf            0x0132a4    0xc8  Code  Lc  ApiDisplay.o [1]
DISP_MulTypePro         0x01336c    0xc0  Code  Lc  ApiDisplay.o [1]
DISP_MulTypePro2        0x0130f3    0xd9  Code  Lc  ApiDisplay.o [1]
Data_Date0              0x015ddb     0x4  Code  Gb  ApiAtCmd.o [1]
Data_Date1              0x015ddf     0x4  Code  Gb  ApiAtCmd.o [1]
Data_Date2              0x015de3     0x4  Code  Gb  ApiAtCmd.o [1]
Data_Latitude_Minute    0x015dcb     0x4  Code  Gb  ApiAtCmd.o [1]
Data_Latitude_Second    0x015d8b     0x7  Code  Gb  ApiAtCmd.o [1]
Data_Longitude_Minute   0x015dc7     0x4  Code  Gb  ApiAtCmd.o [1]
Data_Longitude_Second   0x015d84     0x7  Code  Gb  ApiAtCmd.o [1]
Data_Speed              0x015de7     0x4  Code  Gb  ApiAtCmd.o [1]
Data_Time0              0x015dcf     0x4  Code  Gb  ApiAtCmd.o [1]
Data_Time1              0x015dd3     0x4  Code  Gb  ApiAtCmd.o [1]
Data_Time2              0x015dd7     0x4  Code  Gb  ApiAtCmd.o [1]
Dec2Hex                 0x014db2    0x4e  Code  Gb  CommonLib.o [1]
DefaultSystemClockForHSI
                        0x0159f3    0x1f  Code  Gb  sysclock.o [1]
DelDrvObj               0x00133b     0xb  Data  Lc  Delay.o [1]
Delay_100ms             0x015166    0x40  Code  Gb  Task.o [1]
DisDataBit              0x001248    0x40  Data  Gb  ApiDisplay.o [1]
DisDataBuf              0x000d14   0x200  Data  Gb  ApiDisplay.o [1]
DrvGD83DrvObj           0x00096e   0x3a6  Data  Lc  DrvGD83.o [1]
DrvGD83_UART_TxCommand  0x0140d7    0x80  Code  Gb  DrvGD83.o [1]
DrvMC8332_AtNotify_Queue_front
                        0x014e98    0x4a  Code  Gb  DrvGD83.o [1]
DrvMC8332_CaretNotify_Queue_front
                        0x014e4e    0x4a  Code  Gb  DrvGD83.o [1]
DrvMC8332_GpsNotify_Queue_front
                        0x014f2c    0x4a  Code  Gb  DrvGD83.o [1]
DrvMC8332_PocNotify_Queue_front
                        0x014ee2    0x4a  Code  Gb  DrvGD83.o [1]
DrvMC8332_Software_Initial
                        0x0151e4    0x3d  Code  Gb  DrvGD83.o [1]
DrvMC8332_TxPort_SetValidable
                        0x01560b    0x2c  Code  Gb  DrvGD83.o [1]
DrvMC8332_UART_Interrupt
                        0x00bc0d   0x3cb  Code  Gb  DrvGD83.o [1]
DrvMc8332_UART_TxTail   0x012d5b    0xeb  Code  Gb  DrvGD83.o [1]
EEPROM_EEC_IRQHandler   0x015e4e     0x1  Code  Gb  stm8s_it.o [1]
EXTI_PORTA_IRQHandler   0x015e3e     0x1  Code  Gb  stm8s_it.o [1]
EXTI_PORTB_IRQHandler   0x015e3f     0x1  Code  Gb  stm8s_it.o [1]
EXTI_PORTC_IRQHandler   0x015e40     0x1  Code  Gb  stm8s_it.o [1]
EXTI_PORTD_IRQHandler   0x015e41     0x1  Code  Gb  stm8s_it.o [1]
EXTI_PORTE_IRQHandler   0x015e42     0x1  Code  Gb  stm8s_it.o [1]
EnterKeyTimeCount       0x0013b5     0x1  Data  Gb  Delay.o [1]
EnterKeyTime_2s_Flag    0x0013d1     0x1  Data  Gb  Task.o [1]
EnterPersonalCalling    0x00139f     0x1  Data  Gb  ApiPocCmd.o [1]
EnterPttMomentCount     0x0013cd     0x1  Data  Gb  Task.o [1]
EnterPttMoment_Flag     0x0013cf     0x1  Data  Gb  Task.o [1]
FILE_Read               0x014fbf    0x48  Code  Gb  Flash_eeprom.o [1]
FILE_Read2              0x0150de    0x45  Code  Gb  Flash_eeprom.o [1]
FILE_Write              0x014d14    0x4f  Code  Gb  Flash_eeprom.o [1]
FILE_Write2             0x014c75    0x50  Code  Gb  Flash_eeprom.o [1]
FLASH_EraseOptionByte   0x0156df    0x28  Code  Gb  stm8s_flash.o [1]
FLASH_GetFlagStatus     0x015ba6    0x14  Code  Gb  stm8s_flash.o [1]
FLASH_Lock              0x015d99     0x7  Code  Gb  stm8s_flash.o [1]
FLASH_ProgramByte       0x015db8     0x5  Code  Gb  stm8s_flash.o [1]
FLASH_ProgramOptionByte
                        0x015815    0x25  Code  Gb  stm8s_flash.o [1]
FLASH_ReadByte          0x015dbd     0x5  Code  Gb  stm8s_flash.o [1]
FLASH_SetProgrammingTime
                        0x015d5d     0xb  Code  Gb  stm8s_flash.o [1]
FLASH_Unlock            0x015b7a    0x16  Code  Gb  stm8s_flash.o [1]
FLASH_WaitForLastOperation
                        0x015300    0x36  Code  Gb  stm8s_flash.o [1]
GB2312_16_GetData       0x00ed9e   0x251  Code  Gb  GT20L16P1Y.o [3]
GPIO_Init               0x01364c    0xaf  Code  Gb  stm8s_gpio.o [1]
GPIO_ReadInputPin       0x015d72     0x9  Code  Gb  stm8s_gpio.o [1]
GPIO_WriteHigh          0x015da0     0x7  Code  Gb  stm8s_gpio.o [1]
GPIO_WriteLow           0x015e0b     0x4  Code  Gb  stm8s_gpio.o [1]
GeHuTest                0x015e39     0x1  Code  Lc  ApiKeyboard.o [1]
GetNoOnlineMembersCount
                        0x0013bf     0x1  Data  Gb  Delay.o [1]
GetPersonalCallingMode  0x015d52     0xb  Code  Gb  ApiPocCmd.o [1]
GetPointArrayData32     0x015007    0x48  Code  Gb  GT20L16P1Y_D.o [1]
GetTaskId               0x015e1f     0x4  Code  Gb  System.o [1]
Get_0X_ActiveUserIDBuf  0x001330     0xb  Data  Gb  ApiPocCmd.o [1]
Get_GBK_ActiveUserID    0x0146c6    0x62  Code  Gb  ApiPocCmd.o [1]
Get_Unicode_ActiveUserID
                        0x013fd0    0x85  Code  Gb  ApiPocCmd.o [1]
Get_Unicode_ActiveUserIDBuf
                        0x001288    0x2d  Data  Gb  ApiPocCmd.o [1]
GettheOnlineMembersDone
                        0x0013a9     0x1  Data  Gb  ApiPocCmd.o [1]
GpsCmd_GbAnalytical     0x010000   0x24d  Code  Lc  ApiGpsCmd.o [1]
GpsCmd_GbDataTransave   0x00e393   0x2c0  Code  Lc  ApiGpsCmd.o [1]
GpsCmd_GbWritCommand    0x00d2a2   0x2fa  Code  Lc  ApiGpsCmd.o [1]
GpsFunDrvObj            0x000f14   0x1c3  Data  Lc  ApiGpsCmd.o [1]
GpsNotify_Queue         0x00bb90    0x7d  Code  Lc  DrvGD83.o [1]
GpsNotify_Queue_Start   0x00b99e    0x9a  Code  Lc  DrvGD83.o [1]
GpsReconnectionTimeCount
                        0x0013b1     0x1  Data  Gb  Delay.o [1]
GroupCallingNum         0x000049     0x1  Data  Gb  ApiKeyboard.o [1]
HDRCSQSignalIcons       0x0138ed    0x9c  Code  Gb  ApiAtCmd.o [1]
HDRCSQValue             0x00136d     0x1  Data  Gb  ApiAtCmd.o [1]
HSE_ClockStartUpConfiguration
                        0x015336    0x36  Code  Lc  sysclock.o [1]
HSIDivFactor            0x00aca4     0x4  Data  Gb  stm8s_clk.o [1]
HexToChar_GroupCallingNum
                        0x0159b3    0x20  Code  Gb  ApiPocCmd.o [1]
HexToChar_MainGroupId   0x01592f    0x21  Code  Gb  ApiPocCmd.o [1]
HexToChar_MainUserId    0x0158ca    0x22  Code  Gb  ApiPocCmd.o [1]
HexToChar_PersonalCallingNum
                        0x0158ec    0x22  Code  Gb  ApiPocCmd.o [1]
HtgDrvObj               0x00135e     0x2  Data  Lc  DrvHTG12832.o [1]
I2C_IRQHandler          0x015e4a     0x1  Code  Gb  stm8s_it.o [1]
INTVEC$$Base            0x008000           --   Gb  - Linker created -
INTVEC$$Limit           0x008080           --   Gb  - Linker created -
ITC_SetSoftwarePriority
                        0x012968   0x103  Code  Gb  stm8s_itc.o [1]
Ico_DataBuf             0x009b80   0x400  Data  Gb  ApiDisplay.o [1]
InputGBcode             0x009f80   0x1b0  Data  Gb  GT20L16P1Y_D.o [1]
InputUnicode            0x00a130   0x1b0  Data  Gb  GT20L16P1Y_D.o [1]
KCMD_GetMcuVersion      0x014789    0x61  Code  Lc  KeyCmd.o [1]
KCMD_KeyCmdGet          0x0159d3    0x20  Code  Gb  KeyCmd.o [1]
KEY_TABLE               0x00acb3     0x3  Data  Lc  uart3.o [1]
Key3Option              0x0013c7     0x1  Data  Gb  Task.o [1]
Key3_PlayValue          0x001374     0x1  Data  Gb  ApiGpsCmd.o [1]
Key3_PlayVoice          0x010adf   0x1d0  Code  Gb  Task.o [1]
KeyBatteryReport        0x01484b    0x5f  Code  Gb  ADC.o [1]
KeyDownUpChoose_GroupOrUser_Flag
                        0x00136c     0x1  Data  Gb  ApiAtCmd.o [1]
KeyPersonalCallingCount
                        0x00137a     0x1  Data  Gb  ApiKeyboard.o [1]
KeyPttState             0x0013a6     0x1  Data  Gb  ApiPocCmd.o [1]
KeyUpDownCount          0x001379     0x1  Data  Gb  ApiKeyboard.o [1]
Key_Flag_1              0x00137b     0x1  Data  Gb  ApiKeyboard.o [1]
Key_Init                0x0153a2    0x34  Code  Gb  McuConfig.o [1]
Key_PersonalCalling_Flag
                        0x0013ca     0x1  Data  Gb  Task.o [1]
Keyboard_Test           0x00acb9   0xafc  Code  Gb  ApiKeyboard.o [1]
KeylockTimeCount        0x00135c     0x2  Data  Gb  Delay.o [1]
KeylockTimeSetCount     0x00004c     0x1  Data  Gb  ApiKeyboard.o [1]
LED_Conut               0x00138e     0x1  Data  Gb  ApiLED.o [1]
LED_Init                0x015756    0x27  Code  Gb  McuConfig.o [1]
LED_IntOutputRenew      0x013be5    0x95  Code  Gb  ApiLED.o [1]
LandingTimeCount        0x0013b3     0x1  Data  Gb  Delay.o [1]
Level3MenuDisplay       0x011315   0x173  Code  Gb  ApiMenu.o [1]
LobatteryTask_StartCount
                        0x0013bd     0x1  Data  Gb  Delay.o [1]
LobatteryTask_StartFlag
                        0x001365     0x1  Data  Gb  ADC.o [1]
LockingState_EnterOK_Flag
                        0x00137f     0x1  Data  Gb  ApiKeyboard.o [1]
LockingState_Flag       0x0013c0     0x1  Data  Gb  Delay.o [1]
LoosenPttMomentCount    0x0013ce     0x1  Data  Gb  Task.o [1]
LoosenPttMoment_Flag    0x0013d0     0x1  Data  Gb  Task.o [1]
LowVoltageDetection     0x00e8f6   0x256  Code  Gb  ADC.o [1]
LowVoltageDetection_Flag
                        0x001364     0x1  Data  Gb  ADC.o [1]
MCU_VERSIONForMenu      0x015c8e     0xe  Code  Gb  KeyCmd.o [1]
MIC_GPIO_Init           0x015caa     0xd  Code  Gb  McuConfig.o [1]
MIC_IOMUT               0x015ad3    0x19  Code  Gb  McuConfig.o [1]
Mcu_Version             0x00a50e    0x20  Data  Lc  KeyCmd.o [1]
MenuDisplay             0x00d78c   0x357  Code  Gb  ApiMenu.o [1]
MenuModeCount           0x00004a     0x1  Data  Gb  ApiKeyboard.o [1]
MenuMode_Flag           0x00137c     0x1  Data  Gb  ApiKeyboard.o [1]
NetworkType_2Gor3G_Flag
                        0x00005c     0x1  Data  Gb  Task.o [1]
NoUseNum                0x0013c8     0x1  Data  Gb  Task.o [1]
Noise_Mute_Init         0x015cc4     0xd  Code  Gb  McuConfig.o [1]
Notify_Queue_Stop       0x00ba38   0x158  Code  Lc  DrvGD83.o [1]
NumberKeyboardPressDown_flag
                        0x00137e     0x1  Data  Gb  ApiKeyboard.o [1]
OffLineCount            0x0013a4     0x1  Data  Gb  ApiPocCmd.o [1]
OneChannelGetADValue    0x01572f    0x27  Code  Lc  ADC.o [1]
OnlineMembership        0x0013a5     0x1  Data  Gb  ApiPocCmd.o [1]
PAS_NULLTBL             0x00aa35    0x10  Data  Lc  uart3.o [1]
POC_AtEnterPersonalCalling_Flag
                        0x001398     0x1  Data  Gb  ApiPocCmd.o [1]
POC_AtQuitPersonalCalling_Flag
                        0x001399     0x1  Data  Gb  ApiPocCmd.o [1]
POC_EnterGroupCalling_Flag
                        0x00139a     0x1  Data  Gb  ApiPocCmd.o [1]
POC_EnterPersonalCalling_Flag
                        0x001396     0x1  Data  Gb  ApiPocCmd.o [1]
POC_QuitGroupCalling_Flag
                        0x00139b     0x1  Data  Gb  ApiPocCmd.o [1]
POC_QuitPersonalCalling_Flag
                        0x001397     0x1  Data  Gb  ApiPocCmd.o [1]
POC_Receive86_Flag      0x0013a3     0x1  Data  Gb  ApiPocCmd.o [1]
POC_ReceivedVoiceCount  0x0013bc     0x1  Data  Gb  Delay.o [1]
POC_ReceivedVoiceEndForXTSF_Flag
                        0x0013a2     0x1  Data  Gb  ApiPocCmd.o [1]
POC_ReceivedVoiceEnd_Flag
                        0x0013a1     0x1  Data  Gb  ApiPocCmd.o [1]
POC_ReceivedVoiceStart_Flag
                        0x0013a0     0x1  Data  Gb  ApiPocCmd.o [1]
POC_ReceivedVoice_Flag  0x00139c     0x1  Data  Gb  ApiPocCmd.o [1]
POC_TABLE               0x00acb6     0x3  Data  Lc  uart3.o [1]
PasObj                  0x001352     0x4  Data  Lc  uart3.o [1]
PersonCallIco_Flag      0x0013c9     0x1  Data  Gb  Task.o [1]
PersonalCallingNum      0x001378     0x1  Data  Gb  ApiKeyboard.o [1]
PocCmdDrvobj            0x000078   0x8f6  Data  Lc  ApiPocCmd.o [1]
PocNoOnlineMemberCount  0x0013be     0x1  Data  Gb  Delay.o [1]
PocNoOnlineMember_Flag  0x0013a7     0x1  Data  Gb  ApiPocCmd.o [1]
PocNoOnlineMember_Flag2
                        0x0013a8     0x1  Data  Gb  ApiPocCmd.o [1]
PocNotify_Queue         0x00b802    0x4d  Code  Lc  DrvGD83.o [1]
PocNotify_Queue_Start   0x00b8f2    0x56  Code  Lc  DrvGD83.o [1]
PositionInfoSendToATPORT_InfoDisplay_Flag
                        0x001372     0x1  Data  Gb  ApiAtCmd.o [1]
PositionInfoSendToATPORT_RedLed_Flag
                        0x001370     0x1  Data  Gb  ApiAtCmd.o [1]
PositionInfoSendToATPORT_SetPPP_Flag
                        0x001371     0x1  Data  Gb  ApiAtCmd.o [1]
PositionInformationSendToATPORT_Flag
                        0x00136f     0x1  Data  Gb  ApiAtCmd.o [1]
PrimaryLowPowerCount    0x0013b4     0x1  Data  Gb  Delay.o [1]
PrimaryLowPower_Flag    0x001366     0x1  Data  Gb  ADC.o [1]
READ_TABLE              0x00aca8     0x4  Data  Lc  uart3.o [1]
ReadBuffer              0x001169    0x50  Data  Gb  ApiPocCmd.o [1]
ReadBufferA             0x0013c2     0x1  Data  Gb  Delay.o [1]
ReadBufferB             0x0013c3     0x1  Data  Gb  Delay.o [1]
ReadByte                0x014acd    0x57  Code  Gb  ApiDisplay.o [1]
Region$$Table$$Base     0x00a4fa           --   Gb  - Linker created -
Region$$Table$$Limit    0x00a50e           --   Gb  - Linker created -
RxStartFlag             0x001346     0x6  Data  Gb  ApiBeidou.o [1]
SPI_IRQHandler          0x015e43     0x1  Code  Gb  stm8s_it.o [1]
SSWLCount               0x0013c5     0x1  Data  Gb  Task.o [1]
SendByte                0x013f48    0x88  Code  Gb  ApiDisplay.o [1]
SendGpsLoginInfoCount   0x001376     0x1  Data  Gb  ApiGpsCmd.o [1]
SetTaskId               0x015e23     0x4  Code  Gb  System.o [1]
Set_GreenLed            0x015aa1    0x19  Code  Gb  McuConfig.o [1]
Set_RedLed              0x015aba    0x19  Code  Gb  McuConfig.o [1]
SignalPoorCount         0x0013aa     0x1  Data  Gb  Delay.o [1]
StartingUpStep          0x0013c6     0x1  Data  Gb  Task.o [1]
SubmenuMenuDisplay      0x0120e6   0x143  Code  Gb  ApiMenu.o [1]
SwitchGroupBUG          0x00139e     0x1  Data  Gb  ApiPocCmd.o [1]
SystemClock_Init        0x015637    0x2b  Code  Gb  sysclock.o [1]
TASK_Ptt_StartPersonCalling_Flag
                        0x0013cb     0x1  Data  Gb  Task.o [1]
TASK_RunLoBattery       0x015662    0x2b  Code  Gb  Task.o [1]
TASK_WriteFreq          0x015e27     0x4  Code  Gb  Task.o [1]
TIM1_CAP_COM_IRQHandler
                        0x015e45     0x1  Code  Gb  stm8s_it.o [1]
TIM1_CCxCmd             0x015123    0x43  Code  Gb  stm8s_tim1.o [1]
TIM1_Cmd                0x015ceb     0xd  Code  Gb  stm8s_tim1.o [1]
TIM1_CtrlPWMOutputs     0x015cf8     0xd  Code  Gb  stm8s_tim1.o [1]
TIM1_DeInit             0x013989    0x99  Code  Gb  stm8s_tim1.o [1]
TIM1_OC1Init            0x0147ea    0x61  Code  Gb  stm8s_tim1.o [1]
TIM1_OC1PreloadConfig   0x015d05     0xd  Code  Gb  stm8s_tim1.o [1]
TIM1_PWM_Init           0x014b24    0x56  Code  Gb  Tone.o [1]
TIM1_TimeBaseInit       0x015884    0x24  Code  Gb  stm8s_tim1.o [1]
TIM1_UPD_OVF_TRG_BRK_IRQHandler
                        0x015e44     0x1  Code  Gb  stm8s_it.o [1]
TIM2_CAP_COM_IRQHandler
                        0x015e47     0x1  Code  Gb  stm8s_it.o [1]
TIM2_UPD_OVF_BRK_IRQHandler
                        0x015e46     0x1  Code  Gb  stm8s_it.o [1]
TIM3_ARRPreloadConfig   0x015d1f     0xd  Code  Gb  stm8s_tim3.o [1]
TIM3_CAP_COM_IRQHandler
                        0x015e48     0x1  Code  Gb  stm8s_it.o [1]
TIM3_ClearITPendingBit  0x015dc2     0x5  Code  Gb  stm8s_tim3.o [1]
TIM3_Cmd                0x015d12     0xd  Code  Gb  stm8s_tim3.o [1]
TIM3_ITConfig           0x015c06    0x13  Code  Gb  stm8s_tim3.o [1]
TIM3_PrescalerConfig    0x015d7b     0x9  Code  Gb  stm8s_tim3.o [1]
TIM3_TimeBaseInit       0x015d46     0xc  Code  Gb  stm8s_tim3.o [1]
TIM3_UPD_OVF_BRK_IRQHandler
                        0x015992    0x21  Code  Gb  stm8s_it.o [1]
TIM4_UPD_OVF_IRQHandler
                        0x015e4d     0x1  Code  Gb  stm8s_it.o [1]
TLI_IRQHandler          0x015e3b     0x1  Code  Gb  stm8s_it.o [1]
TONE_PowerOnInitial     0x0143fb    0x6b  Code  Gb  Tone.o [1]
TONE_Start              0x0157d2    0x1d  Code  Gb  Tone.o [1]
TONE_Stop               0x0157c9     0x9  Code  Gb  Tone.o [1]
TRAP_IRQHandler         0x015e3a     0x1  Code  Gb  stm8s_it.o [1]
TaskDrvObj              0x0012cb    0x14  Data  Lc  System.o [1]
TaskStartDeleteDelay1   0x0013d2     0x1  Data  Gb  Task.o [1]
TaskStartDeleteDelay1Count
                        0x0013b7     0x1  Data  Gb  Delay.o [1]
TaskStartDeleteDelay2   0x0013d3     0x1  Data  Gb  Task.o [1]
TaskStartDeleteDelay3   0x0013d4     0x1  Data  Gb  Task.o [1]
TaskStartDeleteDelay3Count
                        0x0013b8     0x1  Data  Gb  Delay.o [1]
TaskStartDeleteDelay4   0x00005d     0x1  Data  Gb  Task.o [1]
TaskStartDeleteDelay4Count
                        0x0013b9     0x1  Data  Gb  Delay.o [1]
TaskStartDeleteDelay5   0x0013d5     0x1  Data  Gb  Task.o [1]
TaskStartDeleteDelay6   0x0013d6     0x1  Data  Gb  Task.o [1]
TaskStartDeleteDelay6Count
                        0x0013ba     0x1  Data  Gb  Delay.o [1]
Task_Landing_Flag       0x0013cc     0x1  Data  Gb  Task.o [1]
Task_RunNormalOperation
                        0x00bfd8   0x736  Code  Gb  Task.o [1]
Task_RunStart           0x01024d   0x248  Code  Gb  Task.o [1]
Test1                   0x001375     0x1  Data  Gb  ApiGpsCmd.o [1]
TestNum1                0x001381     0x1  Data  Gb  ApiKeyboard.o [1]
TestNum10               0x00138a     0x1  Data  Gb  ApiKeyboard.o [1]
TestNum11               0x00138b     0x1  Data  Gb  ApiKeyboard.o [1]
TestNum12               0x00138c     0x1  Data  Gb  ApiKeyboard.o [1]
TestNum2                0x001382     0x1  Data  Gb  ApiKeyboard.o [1]
TestNum3                0x001383     0x1  Data  Gb  ApiKeyboard.o [1]
TestNum4                0x001384     0x1  Data  Gb  ApiKeyboard.o [1]
TestNum5                0x001385     0x1  Data  Gb  ApiKeyboard.o [1]
TestNum6                0x001386     0x1  Data  Gb  ApiKeyboard.o [1]
TestNum7                0x001387     0x1  Data  Gb  ApiKeyboard.o [1]
TestNum8                0x001388     0x1  Data  Gb  ApiKeyboard.o [1]
TestNum9                0x001389     0x1  Data  Gb  ApiKeyboard.o [1]
TheMenuLayer_Flag       0x00137d     0x1  Data  Gb  ApiKeyboard.o [1]
Tim3_Timer_Init         0x0156b6    0x29  Code  Gb  McuConfig.o [1]
TimeCount               0x001358     0x2  Data  Gb  Delay.o [1]
TimeCount2              0x0013ae     0x1  Data  Gb  Delay.o [1]
TimeCount3              0x00135a     0x2  Data  Gb  Delay.o [1]
TimeCount_Light         0x0013af     0x1  Data  Gb  Delay.o [1]
ToneDrvObj              0x0012f1    0x12  Data  Lc  Tone.o [1]
ToneTimeCount           0x0013b0     0x1  Data  Gb  Delay.o [1]
UART1_Cmd               0x015d2c     0xd  Code  Gb  stm8s_uart1.o [1]
UART1_DeInit            0x0155de    0x2d  Code  Gb  stm8s_uart1.o [1]
UART1_GetFlagStatus     0x0153d6    0x32  Code  Gb  stm8s_uart1.o [1]
UART1_GetITStatus       0x013d0f    0x92  Code  Gb  stm8s_uart1.o [1]
UART1_ITConfig          0x01438e    0x6d  Code  Gb  stm8s_uart1.o [1]
UART1_Init              0x011b9d   0x159  Code  Gb  stm8s_uart1.o [1]
UART1_RX_IRQHandler     0x0157a3    0x26  Code  Gb  stm8s_it.o [1]
UART1_ReceiveData8      0x015e0f     0x4  Code  Gb  stm8s_uart1.o [1]
UART1_SendData8         0x015e13     0x4  Code  Gb  stm8s_uart1.o [1]
UART1_TX_IRQHandler     0x015e49     0x1  Code  Gb  stm8s_it.o [1]
UART3_Cmd               0x015d39     0xd  Code  Gb  stm8s_uart3.o [1]
UART3_DeInit            0x01583a    0x25  Code  Gb  stm8s_uart3.o [1]
UART3_GetFlagStatus     0x014f76    0x49  Code  Gb  stm8s_uart3.o [1]
UART3_GetITStatus       0x0134e6    0xb6  Code  Gb  stm8s_uart3.o [1]
UART3_ITConfig          0x013e30    0x8d  Code  Gb  stm8s_uart3.o [1]
UART3_Init              0x01283e   0x12a  Code  Gb  stm8s_uart3.o [1]
UART3_Interrupt         0x01342c    0xba  Code  Gb  uart3.o [1]
UART3_RX_IRQHandler     0x015a86    0x1b  Code  Gb  stm8s_it.o [1]
UART3_ReceiveData8      0x015e17     0x4  Code  Gb  stm8s_uart3.o [1]
UART3_SendByte          0x015c61    0x10  Code  Gb  uart3.o [1]
UART3_SendData8         0x015e1b     0x4  Code  Gb  stm8s_uart3.o [1]
UART3_TX_IRQHandler     0x015e4b     0x1  Code  Gb  stm8s_it.o [1]
UART3_ToMcuMain         0x014466    0x69  Code  Gb  uart3.o [1]
UART_Delay              0x015c3d    0x12  Code  Lc  uart3.o [1]
UART_ErrorAck           0x014d9c    0x16  Code  Lc  uart3.o [1]
UART_GetCheckSum        0x013c7a    0x2e  Code  Lc  uart3.o [1]
UART_KeyCommand         0x013da1    0x8f  Code  Lc  uart3.o [1]
UART_Link               0x013ca8    0x67  Code  Lc  uart3.o [1]
UART_PasCommand         0x010caf   0x1b2  Code  Lc  uart3.o [1]
UART_PocCommand         0x0149c1    0x5c  Code  Lc  uart3.o [1]
UART_ReadCommand        0x012e46    0xe9  Code  Lc  uart3.o [1]
UART_RightAck           0x014320    0x6e  Code  Lc  uart3.o [1]
UART_RxFrame            0x014c23    0x52  Code  Lc  uart3.o [1]
UART_TxSend             0x014d63    0x39  Code  Lc  uart3.o [1]
UART_WriteCommand       0x012c68    0xf3  Code  Lc  uart3.o [1]
UNICODE_16_GetData      0x011190   0x185  Code  Gb  GT20L16P1Y.o [3]
Uart1_Init              0x015583    0x2e  Code  Gb  McuConfig.o [1]
Uart3_Init              0x015221    0x39  Code  Gb  uart3.o [1]
UartDrvObj              0x001204    0x44  Data  Lc  uart3.o [1]
UnicodeForGbk_MainUserName
                        0x0115fb   0x173  Code  Gb  ApiPocCmd.o [1]
UnicodeForGbk_MainUserNameBuf
                        0x001312     0xf  Data  Gb  ApiPocCmd.o [1]
UnicodeForGbk_MainWorkName
                        0x011488   0x173  Code  Gb  ApiPocCmd.o [1]
UnicodeForGbk_MainWorkNameBuf
                        0x001303     0xf  Data  Gb  ApiPocCmd.o [1]
UnicodeForGbk_SpeakerRightnowName
                        0x01176e   0x16e  Code  Gb  ApiPocCmd.o [1]
UnicodeForGbk_SpeakerRightnowNameBuf
                        0x001321     0xf  Data  Gb  ApiPocCmd.o [1]
UnicodeGetPointArrayData32
                        0x01504f    0x48  Code  Gb  GT20L16P1Y_D.o [1]
UnicodeValueSearch      0x01577d    0x26  Code  Gb  GT20L16P1Y_D.o [1]
UpDownSwitchingCount    0x0013b6     0x1  Data  Gb  Delay.o [1]
UpDownSwitching_Flag    0x00138d     0x1  Data  Gb  ApiKeyboard.o [1]
VOICE_1sProcess         0x015c71     0xf  Code  Gb  Voice.o [1]
VOICE_Renew             0x0142af    0x71  Code  Gb  Voice.o [1]
VOICE_SetOutput         0x015439    0x31  Code  Gb  Voice.o [1]
ValueSearch             0x014965    0x5c  Code  Gb  GT20L16P1Y_D.o [1]
VerifyData              0x008080  0x1b00  Data  Gb  GT20L16P1Y_D.o [1]
VoiceDrvObj             0x00134c     0x6  Data  Lc  Voice.o [1]
VoiceType_FreehandOrHandset_Flag
                        0x001380     0x1  Data  Gb  ApiKeyboard.o [1]
WRITE_TABLE             0x00acac     0x4  Data  Lc  uart3.o [1]
WW_GetData              0x00e0c6   0x2cd  Code  Gb  GT20L16P1Y.o [3]
WriteEEPROMByte         0x0151a6    0x3e  Code  Gb  Flash_eeprom.o [1]
WriteFreqTimeCount      0x0013ab     0x1  Data  Gb  Delay.o [1]
WriteFreq_Flag          0x0013d7     0x1  Data  Gb  uart3.o [1]
__DebugBreak            0x015e4f     0x1  Code  Gb  __dbg_break.o [4]
__exit                  0x015b90    0x16  Code  Gb  __dbg_xxexit.o [4]
__iar_copy_init2        0x015707          Code  Gb  init_small.o [5]
__iar_data_init2        0x015a12    0x1e  Code  Gb  init.o [5]
__iar_program_start     0x015b4c          Code  Gb  cstartup.o [5]
__iar_unhandled_exception
                        0x015e36          Code  Gb  unhandled_exception.o [5]
__iar_zero_init2        0x015a30          Code  Gb  init_small.o [5]
__intvec                0x008000          Data  Gb  interrupt.o [5]
__low_level_init        0x015e33     0x3  Code  Gb  low_level_init.o [5]
_exit                   0x015dad          Code  Gb  cexit.o [5]
_interrupt_1            0x015e3a          Code  Gb  stm8s_it.o [1]
_interrupt_12           0x015e43          Code  Gb  stm8s_it.o [1]
_interrupt_13           0x015e44          Code  Gb  stm8s_it.o [1]
_interrupt_14           0x015e45          Code  Gb  stm8s_it.o [1]
_interrupt_15           0x015e46          Code  Gb  stm8s_it.o [1]
_interrupt_16           0x015e47          Code  Gb  stm8s_it.o [1]
_interrupt_17           0x015992          Code  Gb  stm8s_it.o [1]
_interrupt_18           0x015e48          Code  Gb  stm8s_it.o [1]
_interrupt_19           0x015e49          Code  Gb  stm8s_it.o [1]
_interrupt_2            0x015e3b          Code  Gb  stm8s_it.o [1]
_interrupt_20           0x0157a3          Code  Gb  stm8s_it.o [1]
_interrupt_21           0x015e4a          Code  Gb  stm8s_it.o [1]
_interrupt_22           0x015e4b          Code  Gb  stm8s_it.o [1]
_interrupt_23           0x015a86          Code  Gb  stm8s_it.o [1]
_interrupt_24           0x015e4c          Code  Gb  stm8s_it.o [1]
_interrupt_25           0x015e4d          Code  Gb  stm8s_it.o [1]
_interrupt_26           0x015e4e          Code  Gb  stm8s_it.o [1]
_interrupt_3            0x015e3c          Code  Gb  stm8s_it.o [1]
_interrupt_4            0x015e3d          Code  Gb  stm8s_it.o [1]
_interrupt_5            0x015e3e          Code  Gb  stm8s_it.o [1]
_interrupt_6            0x015e3f          Code  Gb  stm8s_it.o [1]
_interrupt_7            0x015e40          Code  Gb  stm8s_it.o [1]
_interrupt_8            0x015e41          Code  Gb  stm8s_it.o [1]
_interrupt_9            0x015e42          Code  Gb  stm8s_it.o [1]
api_diap_ico_pos_get    0x014728    0x61  Code  Gb  ApiDisplay.o [1]
api_disp_all_screen_refresh
                        0x014cc5    0x4f  Code  Gb  ApiDisplay.o [1]
api_disp_char_output    0x015b1e    0x17  Code  Gb  ApiDisplay.o [1]
api_disp_char_output2   0x015b35    0x17  Code  Gb  ApiDisplay.o [1]
api_disp_ico_output     0x01359c    0xb0  Code  Gb  ApiDisplay.o [1]
api_disp_icoid_output   0x013a22    0x97  Code  Gb  ApiDisplay.o [1]
api_lcd_pwr_on_hint     0x015527    0x2e  Code  Gb  ApiDisplay.o [1]
api_lcd_pwr_on_hint2    0x01549a    0x2f  Code  Gb  ApiDisplay.o [1]
api_lcd_pwr_on_hint3    0x0155b1    0x2d  Code  Gb  ApiDisplay.o [1]
api_lcd_pwr_on_hint4    0x0154c9    0x2f  Code  Gb  ApiDisplay.o [1]
api_lcd_pwr_on_hint5    0x015555    0x2e  Code  Gb  ApiDisplay.o [1]
api_poc_command_get     0x0136fb    0xad  Code  Lc  uart3.o [1]
api_poc_command_set     0x013014    0xdf  Code  Lc  uart3.o [1]
drv_gt20_data_output    0x0125d7   0x134  Code  Gb  DrvGT20L16S1Y.o [1]
drv_gt20_data_output2   0x012368   0x13b  Code  Gb  DrvGT20L16S1Y.o [1]
drv_gt20_pwr_on_init    0x0152c6     0x4  Code  Gb  DrvGT20L16S1Y.o [1]
drv_htg_clr_allscr      0x00ec85    0x35  Code  Gb  DrvHTG12832.o [1]
drv_htg_pwr_on_init     0x00ed92     0xc  Code  Gb  DrvHTG12832.o [1]
drv_htg_reset           0x00eb4c     0x5  Code  Gb  DrvHTG12832.o [1]
drv_htg_set_address     0x00ebcb    0x40  Code  Gb  DrvHTG12832.o [1]
drv_htg_write_command   0x00eb51    0x7a  Code  Gb  DrvHTG12832.o [1]
drv_htg_write_data      0x00ec0b    0x7a  Code  Gb  DrvHTG12832.o [1]
drv_keypad_scan         0x0106c1   0x211  Code  Gb  DrvKeyboard.o [1]
exit                    0x015e2f     0x4  Code  Gb  exit.o [5]
find_zf_tab             0x015097    0x47  Code  Gb  GT20L16P1Y.o [3]
get_key_value           0x012f2f    0xe5  Code  Gb  ApiKeyboard.o [1]
htg_delay_ms            0x00ecba    0x1e  Code  Lc  DrvHTG12832.o [1]
htg_initial             0x00ecd8    0x6c  Code  Lc  DrvHTG12832.o [1]
key_scan_board          0x012229   0x13f  Code  Gb  DrvKeyboard.o [1]
main                    0x015408    0x31  Code  Gb  main.o [1]
main_app                0x014e00    0x4e  Code  Gb  System.o [1]
main_init               0x012a6b   0x103  Code  Gb  System.o [1]
mcu_gt20_initial        0x015292    0x34  Code  Lc  DrvGT20L16S1Y.o [1]
mcu_key_pad_out         0x013b4f    0x96  Code  Gb  DrvKeyboard.o [1]
mcu_key_pad_read        0x01423d    0x72  Code  Gb  DrvKeyboard.o [1]
mcu_key_pad_set         0x011f9e   0x148  Code  Gb  DrvKeyboard.o [1]
mcu_lcd_initial         0x00ed44    0x4e  Code  Lc  DrvHTG12832.o [1]
memcmp                  0x01536c    0x36  Code  Gb  memcmp.o [5]
memcpy                  0x0157ef    0x26  Code  Gb  memcpy.o [5]
memset                  0x015b63    0x17  Code  Gb  memset.o [5]
pack_data               0x0118dc   0x165  Code  Lc  ApiGpsCmd.o [1]
r_dat_bat               0x014536    0x64  Code  Gb  ApiDisplay.o [1]
strlen                  0x015c4f    0x12  Code  Gb  strlen.o [5]
ucAtPocHead             0x00004d     0x2  Data  Gb  ApiPocCmd.o [1]
ucCDMATIME              0x000022     0x2  Data  Gb  ApiAtCmd.o [1]
ucCLVL                  0x000064     0x2  Data  Gb  Task.o [1]
ucCODECCTL              0x000068     0x2  Data  Gb  Task.o [1]
ucCSQ                   0x000070     0x2  Data  Gb  Task.o [1]
ucCaretPPPCFG           0x00002c     0x2  Data  Gb  ApiAtCmd.o [1]
ucCheckCard             0x000040     0x2  Data  Gb  ApiAtCmd.o [1]
ucCheckPPP              0x00003a     0x2  Data  Gb  ApiAtCmd.o [1]
ucCheckRssi             0x000018     0x2  Data  Gb  ApiAtCmd.o [1]
ucCheckTcp              0x000030     0x2  Data  Gb  ApiAtCmd.o [1]
ucEndPTT                0x000060     0x2  Data  Gb  Task.o [1]
ucGD83Reset             0x000010     0x2  Data  Gb  ApiAtCmd.o [1]
ucGPSCNO                0x000026     0x2  Data  Gb  ApiAtCmd.o [1]
ucGPSINFO               0x000024     0x2  Data  Gb  ApiAtCmd.o [1]
ucGPSUploadTime_5s      0x000051     0x2  Data  Gb  Delay.o [1]
ucGpsPosition           0x000020     0x2  Data  Gb  ApiAtCmd.o [1]
ucHDRCSQ                0x00001a     0x2  Data  Gb  ApiAtCmd.o [1]
ucOSSYSHWID             0x00006a     0x2  Data  Gb  Task.o [1]
ucPPPCFG                0x000072     0x2  Data  Gb  Task.o [1]
ucPlayZtts              0x00002e     0x2  Data  Gb  ApiAtCmd.o [1]
ucPocOpenConfig         0x000076     0x2  Data  Gb  Task.o [1]
ucPrefmode2             0x00006c     0x2  Data  Gb  Task.o [1]
ucPrefmode4             0x00006e     0x2  Data  Gb  Task.o [1]
ucQuitPersonalCalling   0x000047     0x2  Data  Gb  ApiKeyboard.o [1]
ucRequestUserListInfo   0x000062     0x2  Data  Gb  Task.o [1]
ucRxCSQ                 0x00001c     0x2  Data  Gb  ApiAtCmd.o [1]
ucRxCheckPppClose       0x00003e     0x2  Data  Gb  ApiAtCmd.o [1]
ucRxCheckPppOpen        0x00003c     0x2  Data  Gb  ApiAtCmd.o [1]
ucRxCheckTcp            0x000036     0x2  Data  Gb  ApiAtCmd.o [1]
ucRxHDRCSQ              0x00001e     0x2  Data  Gb  ApiAtCmd.o [1]
ucRxOkHeadInfo          0x000057     0x2  Data  Gb  DrvGD83.o [1]
ucRxPASTATE0            0x000014     0x2  Data  Gb  ApiAtCmd.o [1]
ucRxPASTATE1            0x000012     0x2  Data  Gb  ApiAtCmd.o [1]
ucRxPocHeadInfo         0x000055     0x2  Data  Gb  DrvGD83.o [1]
ucRxTcpDataHeadInfo     0x000059     0x2  Data  Gb  DrvGD83.o [1]
ucRxZTTS0               0x000016     0x2  Data  Gb  ApiAtCmd.o [1]
ucSIMST1                0x000028     0x2  Data  Gb  ApiAtCmd.o [1]
ucSIMST255              0x00002a     0x2  Data  Gb  ApiAtCmd.o [1]
ucSendTcp               0x000034     0x2  Data  Gb  ApiAtCmd.o [1]
ucSetIPAndID            0x00004f     0x2  Data  Gb  ApiPocCmd.o [1]
ucSetIp                 0x000032     0x2  Data  Gb  ApiAtCmd.o [1]
ucStartPTT              0x00005e     0x2  Data  Gb  Task.o [1]
ucTxPocHeadInfo         0x000053     0x2  Data  Gb  DrvGD83.o [1]
ucVGR                   0x000066     0x2  Data  Gb  Task.o [1]
ucVGR1                  0x000043     0x2  Data  Gb  ApiKeyboard.o [1]
ucVGR7                  0x000045     0x2  Data  Gb  ApiKeyboard.o [1]
ucZTTS_Abell            0x000074     0x2  Data  Gb  Task.o [1]
ucZpppOpen              0x000038     0x2  Data  Gb  ApiAtCmd.o [1]


[1] = E:\1-source\A508\PRJ\Debug\Obj
[2] = command line
[3] = GT20L16_STM8_DOUBLE_MEDIUM_IAR.a
[4] = dbgstm8mmd.a
[5] = dlstm8mmn.a

  41 350 bytes of readonly  code memory
  11 449 bytes of readonly  data memory
   5 336 bytes of readwrite data memory

Errors: none
Warnings: none
