###############################################################################
#
# IAR ELF Linker V2.20.1.176 for STM8                     27/Nov/2017  09:22:20
# Copyright 2010-2015 IAR Systems AB.
#
#    Output file  =  E:\1-source\A508\PRJ\Debug\Exe\A508_DEMO1.out
#    Map file     =  E:\1-source\A508\PRJ\Debug\List\A508_DEMO1.map
#    Command line =  
#        E:\1-source\A508\PRJ\Debug\Obj\ApiAtCmd.o
#        E:\1-source\A508\PRJ\Debug\Obj\ApiDisplay.o
#        E:\1-source\A508\PRJ\Debug\Obj\ApiKeyboard.o
#        E:\1-source\A508\PRJ\Debug\Obj\ApiPocCmd.o
#        E:\1-source\A508\PRJ\Debug\Obj\Beep.o
#        E:\1-source\A508\PRJ\Debug\Obj\CommonLib.o
#        E:\1-source\A508\PRJ\Debug\Obj\Delay.o
#        E:\1-source\A508\PRJ\Debug\Obj\DrvGD83.o
#        E:\1-source\A508\PRJ\Debug\Obj\DrvGT20L16S1Y.o
#        E:\1-source\A508\PRJ\Debug\Obj\DrvHTG12832.o
#        E:\1-source\A508\PRJ\Debug\Obj\DrvKeyboard.o
#        E:\1-source\A508\PRJ\Debug\Obj\main.o
#        E:\1-source\A508\PRJ\Debug\Obj\McuConfig.o
#        E:\1-source\A508\PRJ\Debug\Obj\stm8s_adc2.o
#        E:\1-source\A508\PRJ\Debug\Obj\stm8s_awu.o
#        E:\1-source\A508\PRJ\Debug\Obj\stm8s_beep.o
#        E:\1-source\A508\PRJ\Debug\Obj\stm8s_clk.o
#        E:\1-source\A508\PRJ\Debug\Obj\stm8s_exti.o
#        E:\1-source\A508\PRJ\Debug\Obj\stm8s_flash.o
#        E:\1-source\A508\PRJ\Debug\Obj\stm8s_gpio.o
#        E:\1-source\A508\PRJ\Debug\Obj\stm8s_i2c.o
#        E:\1-source\A508\PRJ\Debug\Obj\stm8s_it.o
#        E:\1-source\A508\PRJ\Debug\Obj\stm8s_itc.o
#        E:\1-source\A508\PRJ\Debug\Obj\stm8s_iwdg.o
#        E:\1-source\A508\PRJ\Debug\Obj\stm8s_rst.o
#        E:\1-source\A508\PRJ\Debug\Obj\stm8s_spi.o
#        E:\1-source\A508\PRJ\Debug\Obj\stm8s_tim1.o
#        E:\1-source\A508\PRJ\Debug\Obj\stm8s_tim2.o
#        E:\1-source\A508\PRJ\Debug\Obj\stm8s_tim3.o
#        E:\1-source\A508\PRJ\Debug\Obj\stm8s_tim4.o
#        E:\1-source\A508\PRJ\Debug\Obj\stm8s_uart1.o
#        E:\1-source\A508\PRJ\Debug\Obj\stm8s_uart3.o
#        E:\1-source\A508\PRJ\Debug\Obj\stm8s_wwdg.o
#        E:\1-source\A508\PRJ\Debug\Obj\sysclock.o
#        E:\1-source\A508\PRJ\Debug\Obj\System.o
#        E:\1-source\A508\PRJ\Debug\Obj\Task.o
#        E:\1-source\A508\PRJ\Debug\Obj\Tone.o
#        E:\1-source\A508\PRJ\Debug\Obj\Voice.o --redirect _Printf=_PrintfSmall
#        --redirect _Scanf=_ScanfSmall -o
#        E:\1-source\A508\PRJ\Debug\Exe\A508_DEMO1.out --map
#        E:\1-source\A508\PRJ\Debug\List\A508_DEMO1.map --config "C:\Program
#        Files\IAR Systems\Embedded Workbench
#        7.3\stm8\config\lnkstm8s007c8.icf" --config_def _CSTACK_SIZE=0x100
#        --config_def _HEAP_SIZE=0x100 --entry __iar_program_start --debug_lib
#
###############################################################################

*******************************************************************************
*** RUNTIME MODEL ATTRIBUTES
***

__SystemLibrary            = DLib
__code_model               = small
__core                     = stm8
__data_model               = medium
__dlib_file_descriptor     = 0
__dlib_full_locale_support = 0
__rt_version               = 4


*******************************************************************************
*** PLACEMENT SUMMARY
***

"A1":  place at start of [0x000000-0x0000ff] { rw section .vregs };
"A2":  place at end of [0x000000-0x0017ff] { block CSTACK };
"P2":  place in [from 0x000000 to 0x0017ff] {
          block HEAP, rw section __DLIB_PERTHREAD, rw section .far.bss,
          rw section .far.data, rw section .far.noinit,
          rw section .far_func.textrw, rw section .huge.bss,
          rw section .huge.data, rw section .huge.noinit,
          rw section .huge_func.textrw, rw section .iar.dynexit,
          rw section .near.bss, rw section .near.data, rw section .near.noinit,
          rw section .near_func.textrw };
"A3":  place at start of [0x008000-0x00ffff] { block INTVEC };
"P3":  place in [from 0x008000 to 0x00ffff] {
          ro section __DLIB_PERTHREAD_init, ro section .far.data_init,
          ro section .far_func.textrw_init, ro section .huge.data_init,
          ro section .huge_func.textrw_init, ro section .iar.init_table,
          ro section .init_array, ro section .near.data_init,
          ro section .near.rodata, ro section .near_func.text,
          ro section .near_func.textrw_init, ro section .tiny.data_init,
          ro section .tiny.rodata_init };

  Section            Kind      Address    Size  Object
  -------            ----      -------    ----  ------
"A1":                                     0x10
  .vregs             uninit   0x000000    0x10  vregs.o [4]
                            - 0x000010    0x10

"P2", part 1 of 2:                        0x51
  P2-1                        0x000010    0x51  <Init block>
    .near.data       inited   0x000010     0x2  ApiAtCmd.o [1]
    .near.data       inited   0x000012     0x2  ApiAtCmd.o [1]
    .near.data       inited   0x000014     0x2  ApiAtCmd.o [1]
    .near.data       inited   0x000016     0x2  ApiAtCmd.o [1]
    .near.data       inited   0x000018     0x2  ApiAtCmd.o [1]
    .near.data       inited   0x00001a     0x1  ApiKeyboard.o [1]
    .near.data       inited   0x00001b     0x2  ApiPocCmd.o [1]
    .near.data       inited   0x00001d     0x2  DrvGD83.o [1]
    .near.data       inited   0x00001f     0x2  DrvGD83.o [1]
    .near.data       inited   0x000021     0x2  DrvGD83.o [1]
    .near.data       inited   0x000023     0x8  DrvGT20L16S1Y.o [1]
    .near.data       inited   0x00002b    0x20  DrvGT20L16S1Y.o [1]
    .near.data       inited   0x00004b     0x2  System.o [1]
    .near.data       inited   0x00004d     0x2  Task.o [1]
    .near.data       inited   0x00004f     0x2  Task.o [1]
    .near.data       inited   0x000051     0x2  Task.o [1]
    .near.data       inited   0x000053     0x2  Task.o [1]
    .near.data       inited   0x000055     0x2  Task.o [1]
    .near.data       inited   0x000057     0x2  Task.o [1]
    .near.data       inited   0x000059     0x2  Task.o [1]
    .near.data       inited   0x00005b     0x2  Task.o [1]
    .near.data       inited   0x00005d     0x2  Task.o [1]
    .near.data       inited   0x00005f     0x2  Task.o [1]
                            - 0x000061    0x51

"P2", part 2 of 2:                      0x14b9
  .near.bss          zero     0x000061   0xee9  ApiPocCmd.o [1]
  .near.bss          zero     0x000f4a   0x28a  DrvGD83.o [1]
  .near.bss          zero     0x0011d4   0x200  ApiDisplay.o [1]
  .near.bss          zero     0x0013d4    0x77  ApiAtCmd.o [1]
  .near.bss          zero     0x00144b    0x40  ApiDisplay.o [1]
  .near.bss          zero     0x00148b    0x32  DrvGD83.o [1]
  .near.bss          zero     0x0014bd    0x14  System.o [1]
  .near.bss          zero     0x0014d1    0x12  Beep.o [1]
  .near.bss          zero     0x0014e3    0x12  Tone.o [1]
  .near.bss          zero     0x0014f5     0xb  Delay.o [1]
  .near.bss          zero     0x001500     0x6  Voice.o [1]
  .near.bss          zero     0x001506     0x4  ApiDisplay.o [1]
  .near.bss          zero     0x00150a     0x2  DrvHTG12832.o [1]
  .near.bss          zero     0x00150c     0x1  ApiAtCmd.o [1]
  .near.bss          zero     0x00150d     0x1  ApiAtCmd.o [1]
  .near.bss          zero     0x00150e     0x1  ApiAtCmd.o [1]
  .near.bss          zero     0x00150f     0x1  ApiAtCmd.o [1]
  .near.bss          zero     0x001510     0x1  ApiKeyboard.o [1]
  .near.bss          zero     0x001511     0x1  ApiKeyboard.o [1]
  .near.bss          zero     0x001512     0x1  ApiKeyboard.o [1]
  .near.bss          zero     0x001513     0x1  ApiKeyboard.o [1]
  .near.bss          zero     0x001514     0x1  ApiKeyboard.o [1]
  .near.bss          zero     0x001515     0x1  ApiKeyboard.o [1]
  .near.bss          zero     0x001516     0x1  DrvGD83.o [1]
  .near.bss          zero     0x001517     0x1  Task.o [1]
  .near.bss          zero     0x001518     0x1  Task.o [1]
  .near.bss          zero     0x001519     0x1  Task.o [1]
                            - 0x00151a  0x14b9

"A2":                                    0x100
  CSTACK                      0x001700   0x100  <Block>
    CSTACK           uninit   0x001700   0x100  <Block tail>
                            - 0x001800   0x100

"A3":                                     0x80
  INTVEC                      0x008000    0x80  <Block>
    .intvec          const    0x008000    0x80  interrupt.o [4]
                            - 0x008080    0x80

"P3":                                   0x3b6d
  .near_func.text    ro code  0x008080   0x635  DrvGD83.o [1]
  .near_func.text    ro code  0x0086b5   0x334  ApiKeyboard.o [1]
  .near_func.text    ro code  0x0089e9   0x2ed  Beep.o [1]
  .near_func.text    ro code  0x008cd6   0x286  ApiPocCmd.o [1]
  .near_func.text    ro code  0x008f5c   0x219  DrvHTG12832.o [1]
  .near_func.text    ro code  0x009175   0x1e7  DrvKeyboard.o [1]
  .near_func.text    ro code  0x00935c   0x19a  DrvGT20L16S1Y.o [1]
  .near_func.text    ro code  0x0094f6   0x190  Task.o [1]
  .near_func.text    ro code  0x009686   0x17a  long.o [4]
  .near_func.text    ro code  0x009800   0x139  DrvKeyboard.o [1]
  .near_func.text    ro code  0x009939   0x136  DrvKeyboard.o [1]
  .near_func.text    ro code  0x009a6f   0x134  stm8s_uart1.o [1]
  .near_func.text    ro code  0x009ba3   0x126  ApiPocCmd.o [1]
  .near_func.text    ro code  0x009cc9   0x11e  vreg_util.o [4]
  .near_func.text    ro code  0x009de7   0x101  stm8s_itc.o [1]
  .near_func.text    ro code  0x009ee8    0xe5  ApiKeyboard.o [1]
  .near_func.text    ro code  0x009fcd    0xe1  DrvGD83.o [1]
  .near_func.text    ro code  0x00a0ae    0xdf  ApiDisplay.o [1]
  .near_func.text    ro code  0x00a18d    0xdb  CommonLib.o [1]
  .near_func.text    ro code  0x00a268    0xca  Task.o [1]
  .near_func.text    ro code  0x00a332    0xbf  System.o [1]
  .near_func.text    ro code  0x00a3f1    0xb2  ApiDisplay.o [1]
  .near_func.text    ro code  0x00a4a3    0xaf  stm8s_gpio.o [1]
  .near_func.text    ro code  0x00a552    0xa2  Delay.o [1]
  .near_func.text    ro code  0x00a5f4    0xa2  stm8s_clk.o [1]
  .near_func.text    ro code  0x00a696    0x99  stm8s_tim1.o [1]
  .near_func.text    ro code  0x00a72f    0x99  Voice.o [1]
  .near_func.text    ro code  0x00a7c8    0x90  stm8s_uart1.o [1]
  .near_func.text    ro code  0x00a858    0x8a  DrvKeyboard.o [1]
  .near_func.text    ro code  0x00a8e2    0x7f  ApiAtCmd.o [1]
  .near_func.text    ro code  0x00a961    0x7a  DrvGD83.o [1]
  .near_func.text    ro code  0x00a9db    0x73  Delay.o [1]
  .near_func.text    ro code  0x00aa4e    0x6c  DrvKeyboard.o [1]
  .near_func.text    ro code  0x00aaba    0x6c  stm8s_uart1.o [1]
  .near_func.text    ro code  0x00ab26    0x68  ApiAtCmd.o [1]
  .near_func.text    ro code  0x00ab8e    0x67  ApiAtCmd.o [1]
  .near_func.text    ro code  0x00abf5    0x67  Tone.o [1]
  .near_func.text    ro code  0x00ac5c    0x61  stm8s_tim1.o [1]
  .near_func.text    ro code  0x00acbd    0x5f  DrvGT20L16S1Y.o [1]
  .near_func.text    ro code  0x00ad1c    0x5a  DrvGT20L16S1Y.o [1]
  .near_func.text    ro code  0x00ad76    0x57  stm8s_clk.o [1]
  .near_func.text    ro code  0x00adcd    0x54  Delay.o [1]
  .near.rodata       const    0x00ae21    0x53  Task.o [1]
  Initializer bytes  const    0x00ae74    0x51  <for P2-1>
  .near_func.text    ro code  0x00aec5    0x4e  Tone.o [1]
  .near_func.text    ro code  0x00af13    0x4c  DrvGD83.o [1]
  .near_func.text    ro code  0x00af5f    0x4c  DrvGT20L16S1Y.o [1]
  .near_func.text    ro code  0x00afab    0x4a  ApiDisplay.o [1]
  .near_func.text    ro code  0x00aff5    0x49  DrvGD83.o [1]
  .near_func.text    ro code  0x00b03e    0x49  DrvGD83.o [1]
  .near_func.text    ro code  0x00b087    0x49  DrvGD83.o [1]
  .near_func.text    ro code  0x00b0d0    0x47  long_util.o [4]
  .near_func.text    ro code  0x00b117    0x43  stm8s_tim1.o [1]
  .near_func.text    ro code  0x00b15a    0x3d  ApiAtCmd.o [1]
  .near_func.text    ro code  0x00b197    0x39  short.o [4]
  .near_func.text    ro code  0x00b1d0    0x36  DrvGT20L16S1Y.o [1]
  .near_func.text    ro code  0x00b206    0x36  stm8s_flash.o [1]
  .near_func.text    ro code  0x00b23c    0x36  memcmp.o [4]
  .near_func.text    ro code  0x00b272    0x33  ApiDisplay.o [1]
  .near_func.text    ro code  0x00b2a5    0x33  DrvGT20L16S1Y.o [1]
  .near_func.text    ro code  0x00b2d8    0x32  Beep.o [1]
  .near_func.text    ro code  0x00b30a    0x32  stm8s_uart1.o [1]
  .near_func.text    ro code  0x00b33c    0x30  McuConfig.o [1]
  .near_func.text    ro code  0x00b36c    0x30  sysclock.o [1]
  .near_func.text    ro code  0x00b39c    0x2d  Delay.o [1]
  .near_func.text    ro code  0x00b3c9    0x2d  stm8s_uart1.o [1]
  .near_func.text    ro code  0x00b3f6    0x2c  DrvGD83.o [1]
  .near.rodata       const    0x00b422    0x2a  Task.o [1]
  .near_func.text    ro code  0x00b44c    0x2a  McuConfig.o [1]
  .near.rodata       const    0x00b476    0x29  Task.o [1]
  .near_func.text    ro code  0x00b49f    0x28  Delay.o [1]
  .near_func.text    ro code  0x00b4c7    0x28  init_small.o [4]
  .near_func.text    ro code  0x00b4ef    0x27  stm8s_flash.o [1]
  .near_func.text    ro code  0x00b516    0x27  sysclock.o [1]
  .near_func.text    ro code  0x00b53d    0x25  dc_util.o [4]
  .near_func.text    ro code  0x00b562    0x24  McuConfig.o [1]
  .near_func.text    ro code  0x00b586    0x24  stm8s_flash.o [1]
  .near_func.text    ro code  0x00b5aa    0x24  stm8s_tim1.o [1]
  .near_func.text    ro code  0x00b5ce    0x23  Tone.o [1]
  .iar.init_table    const    0x00b5f1    0x12  - Linker created -
  .near_func.text    ro code  0x00b603    0x20  stm8s_it.o [1]
  .near_func.text    ro code  0x00b623    0x1f  Delay.o [1]
  .near_func.text    ro code  0x00b642    0x1f  move.o [4]
  .near_func.text    ro code  0x00b661    0x1e  init_small.o [4]
  .near_func.text    ro code  0x00b67f    0x1c  Delay.o [1]
  .near_func.text    ro code  0x00b69b    0x1b  stm8s_it.o [1]
  .near_func.text    ro code  0x00b6b6    0x1b  sysclock.o [1]
  .near_func.text    ro code  0x00b6d1    0x1a  Beep.o [1]
  .near.rodata       const    0x00b6eb    0x18  Task.o [1]
  .near_func.text    ro code  0x00b703    0x18  McuConfig.o [1]
  .near_func.text    ro code  0x00b71b    0x18  McuConfig.o [1]
  .near_func.text    ro code  0x00b733    0x18  McuConfig.o [1]
  .near_func.text    ro code  0x00b74b    0x17  McuConfig.o [1]
  .near_func.text    ro code  0x00b762    0x17  McuConfig.o [1]
  .near_func.text    ro code  0x00b779    0x17  McuConfig.o [1]
  .near_func.text    ro code  0x00b790    0x17  McuConfig.o [1]
  .near_func.text    ro code  0x00b7a7    0x17  McuConfig.o [1]
  .near_func.text    ro code  0x00b7be    0x17  init.o [4]
  .near_func.text    ro code  0x00b7d5    0x16  stm8s_flash.o [1]
  .near_func.text    ro code  0x00b7eb    0x15  ApiDisplay.o [1]
  .near_func.text    ro code  0x00b800    0x14  DrvGT20L16S1Y.o [1]
  .near_func.text    ro code  0x00b814    0x14  __dbg_xxexit.o [3]
  .near_func.text    ro code  0x00b828    0x13  stm8s_clk.o [1]
  .near_func.text    ro code  0x00b83b    0x13  stm8s_tim3.o [1]
  .near_func.text    ro code  0x00b84e    0x13  cstartup.o [4]
  .near_func.text    ro code  0x00b861    0x12  ApiPocCmd.o [1]
  .near_func.text    ro code  0x00b873    0x12  ApiPocCmd.o [1]
  .near_func.text    ro code  0x00b885    0x12  strlen.o [4]
  .near.rodata       const    0x00b897    0x11  Task.o [1]
  .near_func.text    ro code  0x00b8a8    0x11  ApiPocCmd.o [1]
  .near_func.text    ro code  0x00b8b9    0x11  ApiPocCmd.o [1]
  .near.rodata       const    0x00b8ca    0x10  ApiDisplay.o [1]
  .near.rodata       const    0x00b8da    0x10  ApiDisplay.o [1]
  .near.rodata       const    0x00b8ea    0x10  ApiKeyboard.o [1]
  .near.rodata       const    0x00b8fa    0x10  ApiKeyboard.o [1]
  .near.rodata       const    0x00b90a    0x10  ApiKeyboard.o [1]
  .near.rodata       const    0x00b91a    0x10  ApiKeyboard.o [1]
  .near.rodata       const    0x00b92a    0x10  ApiKeyboard.o [1]
  .near.rodata       const    0x00b93a    0x10  ApiKeyboard.o [1]
  .near.rodata       const    0x00b94a    0x10  ApiKeyboard.o [1]
  .near.rodata       const    0x00b95a    0x10  ApiKeyboard.o [1]
  .near.rodata       const    0x00b96a    0x10  ApiKeyboard.o [1]
  .near.rodata       const    0x00b97a    0x10  ApiKeyboard.o [1]
  .near.rodata       const    0x00b98a    0x10  ApiKeyboard.o [1]
  .near.rodata       const    0x00b99a    0x10  ApiKeyboard.o [1]
  .near.rodata       const    0x00b9aa    0x10  ApiKeyboard.o [1]
  .near.rodata       const    0x00b9ba    0x10  ApiKeyboard.o [1]
  .near.rodata       const    0x00b9ca    0x10  ApiKeyboard.o [1]
  .near.rodata       const    0x00b9da    0x10  ApiKeyboard.o [1]
  .near.rodata       const    0x00b9ea    0x10  ApiKeyboard.o [1]
  .near.rodata       const    0x00b9fa     0xf  Task.o [1]
  .near.rodata       const    0x00ba09     0xf  Task.o [1]
  .near_func.text    ro code  0x00ba18     0xf  Voice.o [1]
  .near.rodata       const    0x00ba27     0xe  System.o [1]
  .near.rodata       const    0x00ba35     0xe  Task.o [1]
  .near.rodata       const    0x00ba43     0xd  ApiPocCmd.o [1]
  .near.rodata       const    0x00ba50     0xd  ApiPocCmd.o [1]
  .near.rodata       const    0x00ba5d     0xd  Task.o [1]
  .near_func.text    ro code  0x00ba6a     0xd  stm8s_tim1.o [1]
  .near_func.text    ro code  0x00ba77     0xd  stm8s_tim1.o [1]
  .near_func.text    ro code  0x00ba84     0xd  stm8s_tim1.o [1]
  .near_func.text    ro code  0x00ba91     0xd  stm8s_tim3.o [1]
  .near_func.text    ro code  0x00ba9e     0xd  stm8s_tim3.o [1]
  .near_func.text    ro code  0x00baab     0xd  stm8s_uart1.o [1]
  .near_func.text    ro code  0x00bab8     0xc  McuConfig.o [1]
  .near_func.text    ro code  0x00bac4     0xc  McuConfig.o [1]
  .near_func.text    ro code  0x00bad0     0xc  McuConfig.o [1]
  .near_func.text    ro code  0x00badc     0xc  McuConfig.o [1]
  .near_func.text    ro code  0x00bae8     0xc  stm8s_tim3.o [1]
  .near.rodata       const    0x00baf4     0xb  Task.o [1]
  .near_func.text    ro code  0x00baff     0xb  char.o [4]
  .near.rodata       const    0x00bb0a     0xa  ApiAtCmd.o [1]
  .near_func.text    ro code  0x00bb14     0xa  ApiPocCmd.o [1]
  .near.rodata       const    0x00bb1e     0x9  ApiAtCmd.o [1]
  .near.rodata       const    0x00bb27     0x9  ApiAtCmd.o [1]
  .near.rodata       const    0x00bb30     0x9  DrvGD83.o [1]
  .near.rodata       const    0x00bb39     0x9  System.o [1]
  .near_func.text    ro code  0x00bb42     0x9  stm8s_gpio.o [1]
  .near_func.text    ro code  0x00bb4b     0x9  stm8s_tim3.o [1]
  .near.rodata       const    0x00bb54     0x8  ApiAtCmd.o [1]
  .near.rodata       const    0x00bb5c     0x8  ApiDisplay.o [1]
  .near.rodata       const    0x00bb64     0x8  ApiPocCmd.o [1]
  .near.rodata       const    0x00bb6c     0x7  ApiAtCmd.o [1]
  .near.rodata       const    0x00bb73     0x7  Task.o [1]
  .near.rodata       const    0x00bb7a     0x7  Task.o [1]
  .near_func.text    ro code  0x00bb81     0x7  stm8s_flash.o [1]
  .near_func.text    ro code  0x00bb88     0x7  stm8s_gpio.o [1]
  .near.rodata       const    0x00bb8f     0x6  DrvGD83.o [1]
  .near_func.text    ro code  0x00bb95     0x5  stm8s_tim3.o [1]
  .near_func.text    ro code  0x00bb9a     0x5  cexit.o [4]
  .near.rodata       const    0x00bb9f     0x4  stm8s_clk.o [1]
  .near_func.text    ro code  0x00bba3     0x4  ApiPocCmd.o [1]
  .near_func.text    ro code  0x00bba7     0x4  ApiPocCmd.o [1]
  .near_func.text    ro code  0x00bbab     0x4  ApiPocCmd.o [1]
  .near_func.text    ro code  0x00bbaf     0x4  ApiPocCmd.o [1]
  .near_func.text    ro code  0x00bbb3     0x4  ApiPocCmd.o [1]
  .near_func.text    ro code  0x00bbb7     0x4  stm8s_gpio.o [1]
  .near_func.text    ro code  0x00bbbb     0x4  stm8s_uart1.o [1]
  .near_func.text    ro code  0x00bbbf     0x4  stm8s_uart1.o [1]
  .near.rodata       const    0x00bbc3     0x3  DrvGD83.o [1]
  .near_func.text    ro code  0x00bbc6     0x3  main.o [1]
  .near_func.text    ro code  0x00bbc9     0x3  interrupt.o [4]
  .near_func.text    ro code  0x00bbcc     0x3  low_level_init.o [4]
  .near_func.text    ro code  0x00bbcf     0x3  exit.o [4]
  .near_func.text    ro code  0x00bbd2     0x3  unhandled_exception.o [4]
  .near_func.text    ro code  0x00bbd5     0x1  stm8s_it.o [1]
  .near_func.text    ro code  0x00bbd6     0x1  stm8s_it.o [1]
  .near_func.text    ro code  0x00bbd7     0x1  stm8s_it.o [1]
  .near_func.text    ro code  0x00bbd8     0x1  stm8s_it.o [1]
  .near_func.text    ro code  0x00bbd9     0x1  stm8s_it.o [1]
  .near_func.text    ro code  0x00bbda     0x1  stm8s_it.o [1]
  .near_func.text    ro code  0x00bbdb     0x1  stm8s_it.o [1]
  .near_func.text    ro code  0x00bbdc     0x1  stm8s_it.o [1]
  .near_func.text    ro code  0x00bbdd     0x1  stm8s_it.o [1]
  .near_func.text    ro code  0x00bbde     0x1  stm8s_it.o [1]
  .near_func.text    ro code  0x00bbdf     0x1  stm8s_it.o [1]
  .near_func.text    ro code  0x00bbe0     0x1  stm8s_it.o [1]
  .near_func.text    ro code  0x00bbe1     0x1  stm8s_it.o [1]
  .near_func.text    ro code  0x00bbe2     0x1  stm8s_it.o [1]
  .near_func.text    ro code  0x00bbe3     0x1  stm8s_it.o [1]
  .near_func.text    ro code  0x00bbe4     0x1  stm8s_it.o [1]
  .near_func.text    ro code  0x00bbe5     0x1  stm8s_it.o [1]
  .near_func.text    ro code  0x00bbe6     0x1  stm8s_it.o [1]
  .near_func.text    ro code  0x00bbe7     0x1  stm8s_it.o [1]
  .near_func.text    ro code  0x00bbe8     0x1  stm8s_it.o [1]
  .near_func.text    ro code  0x00bbe9     0x1  stm8s_it.o [1]
  .near_func.text    ro code  0x00bbea     0x1  stm8s_it.o [1]
  .near_func.text    ro code  0x00bbeb     0x1  Task.o [1]
  .near_func.text    ro code  0x00bbec     0x1  __dbg_break.o [3]
                            - 0x00bbed  0x3b6d


*******************************************************************************
*** INIT TABLE
***

          Address   Size
          -------   ----
Zero (__iar_zero_init2)
    1 destination range, total size 0x14b9:
          0x000061  0x14b9

Copy (__iar_copy_init2)
    1 source range, total size 0x51:
          0x00ae74    0x51
    1 destination range, total size 0x51:
          0x000010    0x51



*******************************************************************************
*** MODULE SUMMARY
***

    Module                 ro code  ro data  rw data
    ------                 -------  -------  -------
E:\1-source\A508\PRJ\Debug\Obj: [1]
    ApiAtCmd.o                 395       53      133
    ApiDisplay.o               547       40      580
    ApiKeyboard.o            1 049      273        7
    ApiPocCmd.o              1 040       36    3 819
    Beep.o                     825                18
    CommonLib.o                219
    Delay.o                    505                11
    DrvGD83.o                2 275       24      707
    DrvGT20L16S1Y.o            796       40       40
    DrvHTG12832.o              537                 2
    DrvKeyboard.o            1 356
    McuConfig.o                361
    System.o                   191       25       22
    Task.o                     603      309       23
    Tone.o                     216                18
    Voice.o                    168                 6
    main.o                       3
    stm8s_clk.o                268        4
    stm8s_flash.o              158
    stm8s_gpio.o               195
    stm8s_it.o                  81
    stm8s_itc.o                257
    stm8s_tim1.o               392
    stm8s_tim3.o                71
    stm8s_uart1.o              676
    sysclock.o                 114
    ------------------------------------------------
    Total:                  13 298      804    5 386

command line: [2]
    ------------------------------------------------
    Total:

dbgstm8smd.a: [3]
    __dbg_break.o                1
    __dbg_xxexit.o              20
    ------------------------------------------------
    Total:                      21

dlstm8smn.a: [4]
    cexit.o                      5
    char.o                      11
    cstartup.o                  19
    dc_util.o                   37
    exit.o                       3
    init.o                      23
    init_small.o                70
    interrupt.o                  3      128
    long.o                     378
    long_util.o                 71
    low_level_init.o             3
    memcmp.o                    54
    move.o                      31
    short.o                     57
    strlen.o                    18
    unhandled_exception.o        3
    vreg_util.o                286
    vregs.o                                       16
    ------------------------------------------------
    Total:                   1 072      128       16

    Linker created                       18      256
----------------------------------------------------
    Grand Total:            14 391      950    5 658


*******************************************************************************
*** ENTRY LIST
***

Entry                    Address   Size  Type      Object
-----                    -------   ----  ----      ------
.iar.init_table$$Base   0x00b5f1          --   Gb  - Linker created -
.iar.init_table$$Limit  0x00b603          --   Gb  - Linker created -
?add32_l0_l0_0x         0x009689         Code  Gb  long.o [4]
?add32_l0_l0_l1         0x009686         Code  Gb  long.o [4]
?b0                     0x000000         Data  Gb  vregs.o [4]
?b1                     0x000001         Data  Gb  vregs.o [4]
?b10                    0x00000a         Data  Gb  vregs.o [4]
?b11                    0x00000b         Data  Gb  vregs.o [4]
?b12                    0x00000c         Data  Gb  vregs.o [4]
?b13                    0x00000d         Data  Gb  vregs.o [4]
?b14                    0x00000e         Data  Gb  vregs.o [4]
?b15                    0x00000f         Data  Gb  vregs.o [4]
?b2                     0x000002         Data  Gb  vregs.o [4]
?b3                     0x000003         Data  Gb  vregs.o [4]
?b4                     0x000004         Data  Gb  vregs.o [4]
?b5                     0x000005         Data  Gb  vregs.o [4]
?b6                     0x000006         Data  Gb  vregs.o [4]
?b7                     0x000007         Data  Gb  vregs.o [4]
?b8                     0x000008         Data  Gb  vregs.o [4]
?b9                     0x000009         Data  Gb  vregs.o [4]
?dc32_l0                0x00b53d         Code  Gb  dc_util.o [4]
?dc32_l1                0x00b54a         Code  Gb  dc_util.o [4]
?dc32_px                0x00b557         Code  Gb  dc_util.o [4]
?e0                     0x000001         Data  Gb  vregs.o [4]
?e1                     0x000005         Data  Gb  vregs.o [4]
?e2                     0x000009         Data  Gb  vregs.o [4]
?e3                     0x00000d         Data  Gb  vregs.o [4]
?epilogue_l2            0x009d70         Code  Gb  vreg_util.o [4]
?epilogue_l2_l3         0x009d6d         Code  Gb  vreg_util.o [4]
?epilogue_l2_w6         0x009d74         Code  Gb  vreg_util.o [4]
?epilogue_w4            0x009d7b         Code  Gb  vreg_util.o [4]
?l0                     0x000000         Data  Gb  vregs.o [4]
?l1                     0x000004         Data  Gb  vregs.o [4]
?l2                     0x000008         Data  Gb  vregs.o [4]
?l3                     0x00000c         Data  Gb  vregs.o [4]
?load32_0x_l0           0x00b109         Code  Gb  long_util.o [4]
?load32_asp_l0          0x00b0fd         Code  Gb  long_util.o [4]
?load32_dbsp_l0         0x00b0f8         Code  Gb  long_util.o [4]
?load32_l0_0x           0x00b0e0         Code  Gb  long_util.o [4]
?load32_l0_asp          0x00b0d5         Code  Gb  long_util.o [4]
?load32_l0_dbsp         0x00b0d0         Code  Gb  long_util.o [4]
?load32_l0_xsp          0x00b0d7         Code  Gb  long_util.o [4]
?load32_l1_0x           0x00b0ec         Code  Gb  long_util.o [4]
?load32_xsp_l0          0x00b0ff         Code  Gb  long_util.o [4]
?longfarg16_v_w0_a      0x00b64f         Code  Gb  move.o [4]
?longfarg16_v_w0_x      0x00b651         Code  Gb  move.o [4]
?mov_e0_e1              0x009d82         Code  Gb  vreg_util.o [4]
?mov_e0_e2              0x009d8f         Code  Gb  vreg_util.o [4]
?mov_e0_e3              0x009d9c         Code  Gb  vreg_util.o [4]
?mov_e1_e0              0x009da9         Code  Gb  vreg_util.o [4]
?mov_e1_e2              0x009db6         Code  Gb  vreg_util.o [4]
?mov_e1_e3              0x009dc3         Code  Gb  vreg_util.o [4]
?mov_e2_e0              0x009dd0         Code  Gb  vreg_util.o [4]
?mov_e3_e0              0x009ddd         Code  Gb  vreg_util.o [4]
?mov_l0_l1              0x009d7f         Code  Gb  vreg_util.o [4]
?mov_l0_l2              0x009d8c         Code  Gb  vreg_util.o [4]
?mov_l0_l3              0x009d99         Code  Gb  vreg_util.o [4]
?mov_l1_l0              0x009da6         Code  Gb  vreg_util.o [4]
?mov_l1_l2              0x009db3         Code  Gb  vreg_util.o [4]
?mov_l1_l3              0x009dc0         Code  Gb  vreg_util.o [4]
?mov_l2_l0              0x009dcd         Code  Gb  vreg_util.o [4]
?mov_l3_l0              0x009dda         Code  Gb  vreg_util.o [4]
?mov_w1_w3              0x009d85         Code  Gb  vreg_util.o [4]
?mov_w1_w5              0x009d92         Code  Gb  vreg_util.o [4]
?mov_w1_w7              0x009d9f         Code  Gb  vreg_util.o [4]
?mov_w3_w1              0x009dac         Code  Gb  vreg_util.o [4]
?mov_w3_w5              0x009db9         Code  Gb  vreg_util.o [4]
?mov_w3_w7              0x009dc6         Code  Gb  vreg_util.o [4]
?mov_w5_w1              0x009dd3         Code  Gb  vreg_util.o [4]
?mov_w7_w1              0x009de0         Code  Gb  vreg_util.o [4]
?move1616_v_x_y_a       0x00b642         Code  Gb  move.o [4]
?mul16_x_x_w0           0x00b197         Code  Gb  short.o [4]
?mul32_l0_l0_0x         0x0096bf         Code  Gb  long.o [4]
?mul32_l0_l0_dl         0x0096bc         Code  Gb  long.o [4]
?mul32_l0_l0_l1         0x0096c8         Code  Gb  long.o [4]
?or32_l0_l0_0x          0x0097bb         Code  Gb  long.o [4]
?pop_l0                 0x009d39         Code  Gb  vreg_util.o [4]
?pop_l1                 0x009d44         Code  Gb  vreg_util.o [4]
?pop_l2                 0x009d4f         Code  Gb  vreg_util.o [4]
?pop_l3                 0x009d5a         Code  Gb  vreg_util.o [4]
?pop_w4                 0x009ceb         Code  Gb  vreg_util.o [4]
?pop_w6                 0x009cf2         Code  Gb  vreg_util.o [4]
?pop_w7                 0x009cf9         Code  Gb  vreg_util.o [4]
?push_l0                0x009d08         Code  Gb  vreg_util.o [4]
?push_l1                0x009d0d         Code  Gb  vreg_util.o [4]
?push_l2                0x009d12         Code  Gb  vreg_util.o [4]
?push_l3                0x009d17         Code  Gb  vreg_util.o [4]
?push_w4                0x009cc9         Code  Gb  vreg_util.o [4]
?push_w6                0x009cce         Code  Gb  vreg_util.o [4]
?push_w7                0x009cd3         Code  Gb  vreg_util.o [4]
?sext16_x_a             0x00b1c9         Code  Gb  short.o [4]
?sext32_l0_x            0x0097f5         Code  Gb  long.o [4]
?sll16_x_x_4            0x00b1bf         Code  Gb  short.o [4]
?sll16_x_x_5            0x00b1be         Code  Gb  short.o [4]
?sll16_x_x_6            0x00b1bd         Code  Gb  short.o [4]
?sll16_x_x_a            0x00b1b5         Code  Gb  short.o [4]
?sll32_0x_0x_a          0x0097d6         Code  Gb  long.o [4]
?sll32_l0_l0_a          0x0097d3         Code  Gb  long.o [4]
?sra8_a_a_4             0x00bb05         Code  Gb  char.o [4]
?srl16_x_x_4            0x00b1c4         Code  Gb  short.o [4]
?srl32_0x_0x_a          0x0097e7         Code  Gb  long.o [4]
?srl32_l0_l0_a          0x0097e4         Code  Gb  long.o [4]
?srl8_a_a_5             0x00bb00         Code  Gb  char.o [4]
?srl8_a_a_6             0x00baff         Code  Gb  char.o [4]
?sub32_l0_l0_0x         0x0096a4         Code  Gb  long.o [4]
?sub32_l0_l0_l1         0x0096a1         Code  Gb  long.o [4]
?udiv32_l0_dl_l1        0x009746         Code  Gb  long.o [4]
?udiv32_l0_l0_dl        0x00974b         Code  Gb  long.o [4]
?udiv32_l0_l0_l1        0x00974e         Code  Gb  long.o [4]
?umod32_l1_l0_l1        0x00974e         Code  Gb  long.o [4]
?w0                     0x000000         Data  Gb  vregs.o [4]
?w1                     0x000002         Data  Gb  vregs.o [4]
?w2                     0x000004         Data  Gb  vregs.o [4]
?w3                     0x000006         Data  Gb  vregs.o [4]
?w4                     0x000008         Data  Gb  vregs.o [4]
?w5                     0x00000a         Data  Gb  vregs.o [4]
?w6                     0x00000c         Data  Gb  vregs.o [4]
?w7                     0x00000e         Data  Gb  vregs.o [4]
ADC2_IRQHandler         0x00bbe8    0x1  Code  Gb  stm8s_it.o [1]
AF_Mute_Init            0x00bac4    0xc  Code  Gb  McuConfig.o [1]
AUDIO_IOAFMUT           0x00b790   0x17  Code  Gb  McuConfig.o [1]
AUDIO_IOAFPOW           0x00b7a7   0x17  Code  Gb  McuConfig.o [1]
AWU_IRQHandler          0x00bbd7    0x1  Code  Gb  stm8s_it.o [1]
ApiAtCmd_10msRenew      0x00a8e2   0x7f  Code  Gb  ApiAtCmd.o [1]
ApiAtCmd_GetGroupName   0x00b8a8   0x11  Code  Gb  ApiPocCmd.o [1]
ApiAtCmd_GetGroupNameLen
                        0x00b861   0x12  Code  Gb  ApiPocCmd.o [1]
ApiAtCmd_GetGroupNum    0x00bbab    0x4  Code  Gb  ApiPocCmd.o [1]
ApiAtCmd_GetLoginState  0x00bb14    0xa  Code  Gb  ApiPocCmd.o [1]
ApiAtCmd_GetMainGroupId
                        0x00bbb3    0x4  Code  Gb  ApiPocCmd.o [1]
ApiAtCmd_GetMainWorkName
                        0x00bba3    0x4  Code  Gb  ApiPocCmd.o [1]
ApiAtCmd_GetMainWorkNameLen
                        0x00bba7    0x4  Code  Gb  ApiPocCmd.o [1]
ApiAtCmd_GetUserName    0x00b8b9   0x11  Code  Gb  ApiPocCmd.o [1]
ApiAtCmd_GetUserNameLen
                        0x00b873   0x12  Code  Gb  ApiPocCmd.o [1]
ApiAtCmd_GetUserNum     0x00bbaf    0x4  Code  Gb  ApiPocCmd.o [1]
ApiAtCmd_PlayVoice      0x00ab26   0x68  Code  Gb  ApiAtCmd.o [1]
ApiAtCmd_WritCommand    0x00ab8e   0x67  Code  Gb  ApiAtCmd.o [1]
ApiCaretCmd_10msRenew   0x00b15a   0x3d  Code  Gb  ApiAtCmd.o [1]
ApiPocCmd_10msRenew     0x008cd6  0x286  Code  Gb  ApiPocCmd.o [1]
ApiPocCmd_WritCommand   0x009ba3  0x126  Code  Gb  ApiPocCmd.o [1]
AtCmdDrvobj             0x0013d4   0x77  Data  Lc  ApiAtCmd.o [1]
AtNotify_Queue          0x0080cc   0x4c  Code  Lc  DrvGD83.o [1]
AtNotify_Queue_Start    0x008118   0x55  Code  Lc  DrvGD83.o [1]
BEEP_Interrupt10ms      0x00b6d1   0x1a  Code  Gb  Beep.o [1]
BEEP_PowerOnInitial     0x008c1a   0xbc  Code  Gb  Beep.o [1]
BEEP_SetOutput          0x0089e9  0x231  Code  Gb  Beep.o [1]
BEEP_Time               0x00b2d8   0x32  Code  Gb  Beep.o [1]
BaseAdd                 0x00002b   0x20  Data  Gb  DrvGT20L16S1Y.o [1]
BeepDrvObj              0x0014d1   0x12  Data  Lc  Beep.o [1]
BitTab                  0x00bb5c    0x8  Data  Gb  ApiDisplay.o [1]
BootProcess_PPPCFG_Flag
                        0x00150d    0x1  Data  Gb  ApiAtCmd.o [1]
BootProcess_SIMST_Flag  0x00150c    0x1  Data  Gb  ApiAtCmd.o [1]
CHAR_HIGH               0x00b8ca   0x10  Data  Gb  ApiDisplay.o [1]
CHAR_WIDTH              0x00b8da   0x10  Data  Gb  ApiDisplay.o [1]
CLK_ClockSwitchConfig   0x00a5f4   0xa2  Code  Gb  stm8s_clk.o [1]
CLK_GetClockFreq        0x00ad76   0x57  Code  Gb  stm8s_clk.o [1]
CLK_HSIPrescalerConfig  0x00b828   0x13  Code  Gb  stm8s_clk.o [1]
CLK_IRQHandler          0x00bbd8    0x1  Code  Gb  stm8s_it.o [1]
COML_AscToHex           0x00a18d   0xdb  Code  Gb  CommonLib.o [1]
CSTACK$$Base            0x001700          --   Gb  - Linker created -
CSTACK$$Limit           0x001800          --   Gb  - Linker created -
C_TEST_OUT_SET          0x00badc    0xc  Code  Gb  McuConfig.o [1]
CaretNotify_Queue       0x00af13   0x4c  Code  Lc  DrvGD83.o [1]
CaretNotify_Queue_Start
                        0x0081c2   0x55  Code  Lc  DrvGD83.o [1]
DEL_1msProcess          0x00b3ba    0x9  Code  Lc  Delay.o [1]
DEL_500msProcess        0x00b39c   0x1e  Code  Lc  Delay.o [1]
DEL_GetTimer            0x00adcd   0x54  Code  Gb  Delay.o [1]
DEL_Interrupt           0x00a552   0xa2  Code  Gb  Delay.o [1]
DEL_PowerOnInitial      0x00b623   0x1f  Code  Gb  Delay.o [1]
DEL_Renew               0x00b3c3    0x6  Code  Gb  Delay.o [1]
DEL_SetTimer            0x00a9db   0x73  Code  Gb  Delay.o [1]
DEL_Soft1ms             0x00b67f   0x1c  Code  Gb  Delay.o [1]
DEL_TimerRenew          0x00b49f   0x28  Code  Lc  Delay.o [1]
DISP_DataBuf            0x00a0ae   0xdf  Code  Lc  ApiDisplay.o [1]
DISP_MulTypePro         0x00a3f1   0xb2  Code  Lc  ApiDisplay.o [1]
DefaultSystemClockForHSI
                        0x00b6b6   0x1b  Code  Gb  sysclock.o [1]
DelDrvObj               0x0014f5    0xb  Data  Lc  Delay.o [1]
DisDataBit              0x00144b   0x40  Data  Gb  ApiDisplay.o [1]
DisDataBuf              0x0011d4  0x200  Data  Gb  ApiDisplay.o [1]
DisDrvObj               0x001506    0x4  Data  Lc  ApiDisplay.o [1]
DrvGD83DrvObj           0x000f4a  0x28a  Data  Lc  DrvGD83.o [1]
DrvGD83_Init            0x00b71b   0x18  Code  Gb  McuConfig.o [1]
DrvGD83_UART_TxCommand  0x00a961   0x7a  Code  Gb  DrvGD83.o [1]
DrvMC8332_AtNotify_Queue_front
                        0x00b03e   0x49  Code  Gb  DrvGD83.o [1]
DrvMC8332_CaretNotify_Queue_front
                        0x00aff5   0x49  Code  Gb  DrvGD83.o [1]
DrvMC8332_PocNotify_Queue_front
                        0x00b087   0x49  Code  Gb  DrvGD83.o [1]
DrvMC8332_TxPort_SetValidable
                        0x00b3f6   0x2c  Code  Gb  DrvGD83.o [1]
DrvMC8332_UART_Interrupt
                        0x00836c  0x349  Code  Gb  DrvGD83.o [1]
DrvMc8332_UART_TxTail   0x009fcd   0xe1  Code  Gb  DrvGD83.o [1]
EEPROM_EEC_IRQHandler   0x00bbea    0x1  Code  Gb  stm8s_it.o [1]
EXTI_PORTA_IRQHandler   0x00bbd9    0x1  Code  Gb  stm8s_it.o [1]
EXTI_PORTB_IRQHandler   0x00bbda    0x1  Code  Gb  stm8s_it.o [1]
EXTI_PORTC_IRQHandler   0x00bbdb    0x1  Code  Gb  stm8s_it.o [1]
EXTI_PORTD_IRQHandler   0x00bbdc    0x1  Code  Gb  stm8s_it.o [1]
EXTI_PORTE_IRQHandler   0x00bbdd    0x1  Code  Gb  stm8s_it.o [1]
FLASH_EraseOptionByte   0x00b4ef   0x27  Code  Gb  stm8s_flash.o [1]
FLASH_Lock              0x00bb81    0x7  Code  Gb  stm8s_flash.o [1]
FLASH_ProgramOptionByte
                        0x00b586   0x24  Code  Gb  stm8s_flash.o [1]
FLASH_Unlock            0x00b7d5   0x16  Code  Gb  stm8s_flash.o [1]
FLASH_WaitForLastOperation
                        0x00b206   0x36  Code  Gb  stm8s_flash.o [1]
GD83_ON                 0x00b733   0x18  Code  Gb  McuConfig.o [1]
GPIO_Init               0x00a4a3   0xaf  Code  Gb  stm8s_gpio.o [1]
GPIO_ReadInputPin       0x00bb42    0x9  Code  Gb  stm8s_gpio.o [1]
GPIO_WriteHigh          0x00bb88    0x7  Code  Gb  stm8s_gpio.o [1]
GPIO_WriteLow           0x00bbb7    0x4  Code  Gb  stm8s_gpio.o [1]
GT20_DelTime            0x00b800   0x14  Code  Lc  DrvGT20L16S1Y.o [1]
GT20_GetData            0x00acbd   0x5f  Code  Lc  DrvGT20L16S1Y.o [1]
GT20_GetDisData         0x00b1d0   0x36  Code  Lc  DrvGT20L16S1Y.o [1]
GT20_SendByte           0x00ad1c   0x5a  Code  Lc  DrvGT20L16S1Y.o [1]
GT20_SendCommand        0x00af5f   0x4c  Code  Lc  DrvGT20L16S1Y.o [1]
GroupCallingNum         0x00001a    0x1  Data  Gb  ApiKeyboard.o [1]
HSE_ClockStartUpConfiguration
                        0x00b36c   0x30  Code  Lc  sysclock.o [1]
HSIDivFactor            0x00bb9f    0x4  Data  Gb  stm8s_clk.o [1]
HtgDrvObj               0x00150a    0x2  Data  Lc  DrvHTG12832.o [1]
I2C_IRQHandler          0x00bbe5    0x1  Code  Gb  stm8s_it.o [1]
INTVEC$$Base            0x008000          --   Gb  - Linker created -
INTVEC$$Limit           0x008080          --   Gb  - Linker created -
ITC_SetSoftwarePriority
                        0x009de7  0x101  Code  Gb  stm8s_itc.o [1]
KeyDownCount            0x001511    0x1  Data  Gb  ApiKeyboard.o [1]
KeyDownPersonalCallingCount
                        0x001514    0x1  Data  Gb  ApiKeyboard.o [1]
KeyDownUpChoose_GroupOrUser_Flag
                        0x00150f    0x1  Data  Gb  ApiAtCmd.o [1]
KeyUpCount              0x001512    0x1  Data  Gb  ApiKeyboard.o [1]
KeyUpPersonalCallingCount
                        0x001513    0x1  Data  Gb  ApiKeyboard.o [1]
Key_Flag_0              0x001517    0x1  Data  Gb  Task.o [1]
Key_Flag_1              0x001515    0x1  Data  Gb  ApiKeyboard.o [1]
Key_Init                0x00b33c   0x30  Code  Gb  McuConfig.o [1]
Key_PersonalCalling_Flag
                        0x001518    0x1  Data  Gb  Task.o [1]
Keyboard_Test           0x0086b5  0x334  Code  Gb  ApiKeyboard.o [1]
LED_Init                0x00b703   0x18  Code  Gb  McuConfig.o [1]
MIC_GPIO_Init           0x00bab8    0xc  Code  Gb  McuConfig.o [1]
MIC_IOMUT               0x00b779   0x17  Code  Gb  McuConfig.o [1]
Noise_Mute_Init         0x00bad0    0xc  Code  Gb  McuConfig.o [1]
Notify_Queue_Stop       0x008217  0x155  Code  Lc  DrvGD83.o [1]
PersonalCallingNum      0x001510    0x1  Data  Gb  ApiKeyboard.o [1]
PocCmdDrvobj            0x000061  0xee9  Data  Lc  ApiPocCmd.o [1]
PocNotify_Queue         0x008080   0x4c  Code  Lc  DrvGD83.o [1]
PocNotify_Queue_Start   0x00816d   0x55  Code  Lc  DrvGD83.o [1]
Region$$Table$$Base     0x00b5f1          --   Gb  - Linker created -
Region$$Table$$Limit    0x00b603          --   Gb  - Linker created -
SPI_IRQHandler          0x00bbde    0x1  Code  Gb  stm8s_it.o [1]
Set_GreenLed            0x00b74b   0x17  Code  Gb  McuConfig.o [1]
Set_RedLed              0x00b762   0x17  Code  Gb  McuConfig.o [1]
SystemClock_Init        0x00b516   0x27  Code  Gb  sysclock.o [1]
TASK_WriteFreq          0x00bbeb    0x1  Code  Gb  Task.o [1]
TIM1_CAP_COM_IRQHandler
                        0x00bbe0    0x1  Code  Gb  stm8s_it.o [1]
TIM1_CCxCmd             0x00b117   0x43  Code  Gb  stm8s_tim1.o [1]
TIM1_Cmd                0x00ba6a    0xd  Code  Gb  stm8s_tim1.o [1]
TIM1_CtrlPWMOutputs     0x00ba77    0xd  Code  Gb  stm8s_tim1.o [1]
TIM1_DeInit             0x00a696   0x99  Code  Gb  stm8s_tim1.o [1]
TIM1_OC1Init            0x00ac5c   0x61  Code  Gb  stm8s_tim1.o [1]
TIM1_OC1PreloadConfig   0x00ba84    0xd  Code  Gb  stm8s_tim1.o [1]
TIM1_PWM_Init           0x00aec5   0x4e  Code  Gb  Tone.o [1]
TIM1_TimeBaseInit       0x00b5aa   0x24  Code  Gb  stm8s_tim1.o [1]
TIM1_UPD_OVF_TRG_BRK_IRQHandler
                        0x00bbdf    0x1  Code  Gb  stm8s_it.o [1]
TIM2_CAP_COM_IRQHandler
                        0x00bbe2    0x1  Code  Gb  stm8s_it.o [1]
TIM2_UPD_OVF_BRK_IRQHandler
                        0x00bbe1    0x1  Code  Gb  stm8s_it.o [1]
TIM3_ARRPreloadConfig   0x00ba9e    0xd  Code  Gb  stm8s_tim3.o [1]
TIM3_CAP_COM_IRQHandler
                        0x00bbe3    0x1  Code  Gb  stm8s_it.o [1]
TIM3_ClearITPendingBit  0x00bb95    0x5  Code  Gb  stm8s_tim3.o [1]
TIM3_Cmd                0x00ba91    0xd  Code  Gb  stm8s_tim3.o [1]
TIM3_ITConfig           0x00b83b   0x13  Code  Gb  stm8s_tim3.o [1]
TIM3_PrescalerConfig    0x00bb4b    0x9  Code  Gb  stm8s_tim3.o [1]
TIM3_TimeBaseInit       0x00bae8    0xc  Code  Gb  stm8s_tim3.o [1]
TIM3_UPD_OVF_BRK_IRQHandler
                        0x00b69b   0x1b  Code  Gb  stm8s_it.o [1]
TIM4_UPD_OVF_IRQHandler
                        0x00bbe9    0x1  Code  Gb  stm8s_it.o [1]
TLI_IRQHandler          0x00bbd6    0x1  Code  Gb  stm8s_it.o [1]
TONE_PowerOnInitial     0x00abf5   0x67  Code  Gb  Tone.o [1]
TONE_Start              0x00b5d6   0x1b  Code  Gb  Tone.o [1]
TONE_Stop               0x00b5ce    0x8  Code  Gb  Tone.o [1]
TRAP_IRQHandler         0x00bbd5    0x1  Code  Gb  stm8s_it.o [1]
TaskDrvObj              0x0014bd   0x14  Data  Lc  System.o [1]
Task_RunNormalOperation
                        0x0094f6  0x190  Code  Gb  Task.o [1]
Task_RunStart           0x00a268   0xca  Code  Gb  Task.o [1]
Tim3_Timer_Init         0x00b562   0x24  Code  Gb  McuConfig.o [1]
TimeVal                 0x000023    0x8  Data  Gb  DrvGT20L16S1Y.o [1]
ToneDrvObj              0x0014e3   0x12  Data  Lc  Tone.o [1]
UART1_Cmd               0x00baab    0xd  Code  Gb  stm8s_uart1.o [1]
UART1_DeInit            0x00b3c9   0x2d  Code  Gb  stm8s_uart1.o [1]
UART1_GetFlagStatus     0x00b30a   0x32  Code  Gb  stm8s_uart1.o [1]
UART1_GetITStatus       0x00a7c8   0x90  Code  Gb  stm8s_uart1.o [1]
UART1_ITConfig          0x00aaba   0x6c  Code  Gb  stm8s_uart1.o [1]
UART1_Init              0x009a6f  0x134  Code  Gb  stm8s_uart1.o [1]
UART1_RX_IRQHandler     0x00b603   0x20  Code  Gb  stm8s_it.o [1]
UART1_ReceiveData8      0x00bbbb    0x4  Code  Gb  stm8s_uart1.o [1]
UART1_SendData8         0x00bbbf    0x4  Code  Gb  stm8s_uart1.o [1]
UART1_TX_IRQHandler     0x00bbe4    0x1  Code  Gb  stm8s_it.o [1]
UART3_RX_IRQHandler     0x00bbe7    0x1  Code  Gb  stm8s_it.o [1]
UART3_TX_IRQHandler     0x00bbe6    0x1  Code  Gb  stm8s_it.o [1]
Uart1_Init              0x00b44c   0x2a  Code  Gb  McuConfig.o [1]
VOICE_1sProcess         0x00ba18    0xf  Code  Gb  Voice.o [1]
VOICE_Renew             0x00a72f   0x70  Code  Gb  Voice.o [1]
VOICE_SetOutput         0x00a79f   0x29  Code  Gb  Voice.o [1]
VoiceDrvObj             0x001500    0x6  Data  Lc  Voice.o [1]
VoiceEnd_Flag           0x00150e    0x1  Data  Gb  ApiAtCmd.o [1]
__DebugBreak            0x00bbec    0x1  Code  Gb  __dbg_break.o [3]
__exit                  0x00b814   0x14  Code  Gb  __dbg_xxexit.o [3]
__iar_copy_init2        0x00b4c7         Code  Gb  init_small.o [4]
__iar_data_init2        0x00b7be   0x17  Code  Gb  init.o [4]
__iar_program_start     0x00b84e         Code  Gb  cstartup.o [4]
__iar_unhandled_exception
                        0x00bbd2         Code  Gb  unhandled_exception.o [4]
__iar_zero_init2        0x00b661         Code  Gb  init_small.o [4]
__intvec                0x008000         Data  Gb  interrupt.o [4]
__low_level_init        0x00bbcc    0x3  Code  Gb  low_level_init.o [4]
_exit                   0x00bb9a         Code  Gb  cexit.o [4]
_interrupt_1            0x00bbd5         Code  Gb  stm8s_it.o [1]
_interrupt_12           0x00bbde         Code  Gb  stm8s_it.o [1]
_interrupt_13           0x00bbdf         Code  Gb  stm8s_it.o [1]
_interrupt_14           0x00bbe0         Code  Gb  stm8s_it.o [1]
_interrupt_15           0x00bbe1         Code  Gb  stm8s_it.o [1]
_interrupt_16           0x00bbe2         Code  Gb  stm8s_it.o [1]
_interrupt_17           0x00b69b         Code  Gb  stm8s_it.o [1]
_interrupt_18           0x00bbe3         Code  Gb  stm8s_it.o [1]
_interrupt_19           0x00bbe4         Code  Gb  stm8s_it.o [1]
_interrupt_2            0x00bbd6         Code  Gb  stm8s_it.o [1]
_interrupt_20           0x00b603         Code  Gb  stm8s_it.o [1]
_interrupt_21           0x00bbe5         Code  Gb  stm8s_it.o [1]
_interrupt_22           0x00bbe6         Code  Gb  stm8s_it.o [1]
_interrupt_23           0x00bbe7         Code  Gb  stm8s_it.o [1]
_interrupt_24           0x00bbe8         Code  Gb  stm8s_it.o [1]
_interrupt_25           0x00bbe9         Code  Gb  stm8s_it.o [1]
_interrupt_26           0x00bbea         Code  Gb  stm8s_it.o [1]
_interrupt_3            0x00bbd7         Code  Gb  stm8s_it.o [1]
_interrupt_4            0x00bbd8         Code  Gb  stm8s_it.o [1]
_interrupt_5            0x00bbd9         Code  Gb  stm8s_it.o [1]
_interrupt_6            0x00bbda         Code  Gb  stm8s_it.o [1]
_interrupt_7            0x00bbdb         Code  Gb  stm8s_it.o [1]
_interrupt_8            0x00bbdc         Code  Gb  stm8s_it.o [1]
_interrupt_9            0x00bbdd         Code  Gb  stm8s_it.o [1]
api_disp_all_screen_refresh
                        0x00afab   0x4a  Code  Gb  ApiDisplay.o [1]
api_disp_char_output    0x00b7eb   0x15  Code  Gb  ApiDisplay.o [1]
api_lcd_pwr_on_hint     0x00b272   0x33  Code  Gb  ApiDisplay.o [1]
drv_gt20_data_output    0x00935c  0x19a  Code  Gb  DrvGT20L16S1Y.o [1]
drv_gt20_pwr_on_init    0x00b2d5    0x3  Code  Gb  DrvGT20L16S1Y.o [1]
drv_htg_clr_allscr      0x00907a   0x31  Code  Gb  DrvHTG12832.o [1]
drv_htg_pwr_on_init     0x00916c    0x9  Code  Gb  DrvHTG12832.o [1]
drv_htg_reset           0x008f5c    0x5  Code  Gb  DrvHTG12832.o [1]
drv_htg_set_address     0x008fd0   0x3b  Code  Gb  DrvHTG12832.o [1]
drv_htg_write_command   0x008f61   0x6f  Code  Gb  DrvHTG12832.o [1]
drv_htg_write_data      0x00900b   0x6f  Code  Gb  DrvHTG12832.o [1]
drv_keypad_scan         0x009175  0x1e7  Code  Gb  DrvKeyboard.o [1]
exit                    0x00bbcf    0x3  Code  Gb  exit.o [4]
get_key_value           0x009ee8   0xe5  Code  Gb  ApiKeyboard.o [1]
htg_delay_ms            0x0090ab   0x1e  Code  Lc  DrvHTG12832.o [1]
htg_initial             0x0090c9   0x5b  Code  Lc  DrvHTG12832.o [1]
key_scan_board          0x009800  0x139  Code  Gb  DrvKeyboard.o [1]
main                    0x00bbc6    0x3  Code  Gb  main.o [1]
main_app                0x00a332   0xbf  Code  Gb  System.o [1]
mcu_gt20_initial        0x00b2a5   0x30  Code  Lc  DrvGT20L16S1Y.o [1]
mcu_key_pad_out         0x00a858   0x8a  Code  Gb  DrvKeyboard.o [1]
mcu_key_pad_read        0x00aa4e   0x6c  Code  Gb  DrvKeyboard.o [1]
mcu_key_pad_set         0x009939  0x136  Code  Gb  DrvKeyboard.o [1]
mcu_lcd_initial         0x009124   0x48  Code  Lc  DrvHTG12832.o [1]
memcmp                  0x00b23c   0x36  Code  Gb  memcmp.o [4]
strlen                  0x00b885   0x12  Code  Gb  strlen.o [4]
ucAtPocHead             0x00001b    0x2  Data  Gb  ApiPocCmd.o [1]
ucCODECCTL              0x000055    0x2  Data  Gb  Task.o [1]
ucCaretPPPCFG           0x000018    0x2  Data  Gb  ApiAtCmd.o [1]
ucEndPTT                0x000051    0x2  Data  Gb  Task.o [1]
ucGD83Reset             0x00004b    0x2  Data  Gb  System.o [1]
ucOSSYSHWID             0x000057    0x2  Data  Gb  Task.o [1]
ucPPPCFG                0x00005b    0x2  Data  Gb  Task.o [1]
ucPlayZtts              0x000010    0x2  Data  Gb  ApiAtCmd.o [1]
ucPocOpenConfig         0x00005f    0x2  Data  Gb  Task.o [1]
ucPrefmode              0x000059    0x2  Data  Gb  Task.o [1]
ucRequestUserListInfo   0x000053    0x2  Data  Gb  Task.o [1]
ucRxCheckCard           0x000012    0x2  Data  Gb  ApiAtCmd.o [1]
ucRxOkHeadInfo          0x000021    0x2  Data  Gb  DrvGD83.o [1]
ucRxPocHeadInfo         0x00001f    0x2  Data  Gb  DrvGD83.o [1]
ucRxZTTS0               0x000014    0x2  Data  Gb  ApiAtCmd.o [1]
ucSIMST                 0x000016    0x2  Data  Gb  ApiAtCmd.o [1]
ucSetParamConfig        0x00004d    0x2  Data  Gb  Task.o [1]
ucStartPTT              0x00004f    0x2  Data  Gb  Task.o [1]
ucTxPocHeadInfo         0x00001d    0x2  Data  Gb  DrvGD83.o [1]
ucZTTS_Abell            0x00005d    0x2  Data  Gb  Task.o [1]
x                       0x001519    0x1  Data  Gb  Task.o [1]


[1] = E:\1-source\A508\PRJ\Debug\Obj
[2] = command line
[3] = dbgstm8smd.a
[4] = dlstm8smn.a

  14 391 bytes of readonly  code memory
     950 bytes of readonly  data memory
   5 658 bytes of readwrite data memory

Errors: none
Warnings: none
