###############################################################################
#
# IAR ELF Linker V2.20.1.176 for STM8                     09/Nov/2017  18:27:14
# Copyright 2010-2015 IAR Systems AB.
#
#    Output file  =  
#        C:\Users\Administrator\Desktop\A-518P\STM8SDEMO4\PRJ\Debug\Exe\A508_DEMO1.out
#    Map file     =  
#        C:\Users\Administrator\Desktop\A-518P\STM8SDEMO4\PRJ\Debug\List\A508_DEMO1.map
#    Command line =  
#        C:\Users\Administrator\Desktop\A-518P\STM8SDEMO4\PRJ\Debug\Obj\ApiAtCmd.o
#        C:\Users\Administrator\Desktop\A-518P\STM8SDEMO4\PRJ\Debug\Obj\ApiPocCmd.o
#        C:\Users\Administrator\Desktop\A-518P\STM8SDEMO4\PRJ\Debug\Obj\CommonLib.o
#        C:\Users\Administrator\Desktop\A-518P\STM8SDEMO4\PRJ\Debug\Obj\Delay.o
#        C:\Users\Administrator\Desktop\A-518P\STM8SDEMO4\PRJ\Debug\Obj\DrvGD83.o
#        C:\Users\Administrator\Desktop\A-518P\STM8SDEMO4\PRJ\Debug\Obj\main.o
#        C:\Users\Administrator\Desktop\A-518P\STM8SDEMO4\PRJ\Debug\Obj\McuConfig.o
#        C:\Users\Administrator\Desktop\A-518P\STM8SDEMO4\PRJ\Debug\Obj\stm8s_adc2.o
#        C:\Users\Administrator\Desktop\A-518P\STM8SDEMO4\PRJ\Debug\Obj\stm8s_awu.o
#        C:\Users\Administrator\Desktop\A-518P\STM8SDEMO4\PRJ\Debug\Obj\stm8s_beep.o
#        C:\Users\Administrator\Desktop\A-518P\STM8SDEMO4\PRJ\Debug\Obj\stm8s_clk.o
#        C:\Users\Administrator\Desktop\A-518P\STM8SDEMO4\PRJ\Debug\Obj\stm8s_exti.o
#        C:\Users\Administrator\Desktop\A-518P\STM8SDEMO4\PRJ\Debug\Obj\stm8s_flash.o
#        C:\Users\Administrator\Desktop\A-518P\STM8SDEMO4\PRJ\Debug\Obj\stm8s_gpio.o
#        C:\Users\Administrator\Desktop\A-518P\STM8SDEMO4\PRJ\Debug\Obj\stm8s_i2c.o
#        C:\Users\Administrator\Desktop\A-518P\STM8SDEMO4\PRJ\Debug\Obj\stm8s_it.o
#        C:\Users\Administrator\Desktop\A-518P\STM8SDEMO4\PRJ\Debug\Obj\stm8s_itc.o
#        C:\Users\Administrator\Desktop\A-518P\STM8SDEMO4\PRJ\Debug\Obj\stm8s_iwdg.o
#        C:\Users\Administrator\Desktop\A-518P\STM8SDEMO4\PRJ\Debug\Obj\stm8s_rst.o
#        C:\Users\Administrator\Desktop\A-518P\STM8SDEMO4\PRJ\Debug\Obj\stm8s_spi.o
#        C:\Users\Administrator\Desktop\A-518P\STM8SDEMO4\PRJ\Debug\Obj\stm8s_tim1.o
#        C:\Users\Administrator\Desktop\A-518P\STM8SDEMO4\PRJ\Debug\Obj\stm8s_tim2.o
#        C:\Users\Administrator\Desktop\A-518P\STM8SDEMO4\PRJ\Debug\Obj\stm8s_tim3.o
#        C:\Users\Administrator\Desktop\A-518P\STM8SDEMO4\PRJ\Debug\Obj\stm8s_tim4.o
#        C:\Users\Administrator\Desktop\A-518P\STM8SDEMO4\PRJ\Debug\Obj\stm8s_uart1.o
#        C:\Users\Administrator\Desktop\A-518P\STM8SDEMO4\PRJ\Debug\Obj\stm8s_uart3.o
#        C:\Users\Administrator\Desktop\A-518P\STM8SDEMO4\PRJ\Debug\Obj\stm8s_wwdg.o
#        C:\Users\Administrator\Desktop\A-518P\STM8SDEMO4\PRJ\Debug\Obj\sysclock.o
#        C:\Users\Administrator\Desktop\A-518P\STM8SDEMO4\PRJ\Debug\Obj\System.o
#        --redirect _Printf=_PrintfSmall --redirect _Scanf=_ScanfSmall -o
#        C:\Users\Administrator\Desktop\A-518P\STM8SDEMO4\PRJ\Debug\Exe\A508_DEMO1.out
#        --map
#        C:\Users\Administrator\Desktop\A-518P\STM8SDEMO4\PRJ\Debug\List\A508_DEMO1.map
#        --config "C:\Program Files\IAR Systems\Embedded Workbench
#        7.3\stm8\config\lnkstm8s007c8.icf" --config_def _CSTACK_SIZE=0x100
#        --config_def _HEAP_SIZE=0x100 --entry __iar_program_start --debug_lib
#
###############################################################################

*******************************************************************************
*** RUNTIME MODEL ATTRIBUTES
***

__SystemLibrary            = DLib
__code_model               = small
__core                     = stm8
__data_model               = medium
__dlib_file_descriptor     = 0
__dlib_full_locale_support = 0
__rt_version               = 4


*******************************************************************************
*** PLACEMENT SUMMARY
***

"A1":  place at start of [0x000000-0x0000ff] { rw section .vregs };
"A2":  place at end of [0x000000-0x0017ff] { block CSTACK };
"P2":  place in [from 0x000000 to 0x0017ff] {
          block HEAP, rw section __DLIB_PERTHREAD, rw section .far.bss,
          rw section .far.data, rw section .far.noinit,
          rw section .far_func.textrw, rw section .huge.bss,
          rw section .huge.data, rw section .huge.noinit,
          rw section .huge_func.textrw, rw section .iar.dynexit,
          rw section .near.bss, rw section .near.data, rw section .near.noinit,
          rw section .near_func.textrw };
"A3":  place at start of [0x008000-0x00ffff] { block INTVEC };
"P3":  place in [from 0x008000 to 0x00ffff] {
          ro section __DLIB_PERTHREAD_init, ro section .far.data_init,
          ro section .far_func.textrw_init, ro section .huge.data_init,
          ro section .huge_func.textrw_init, ro section .iar.init_table,
          ro section .init_array, ro section .near.data_init,
          ro section .near.rodata, ro section .near_func.text,
          ro section .near_func.textrw_init, ro section .tiny.data_init,
          ro section .tiny.rodata_init };

  Section            Kind      Address    Size  Object
  -------            ----      -------    ----  ------
"A1":                                     0x10
  .vregs             uninit   0x000000    0x10  vregs.o [4]
                            - 0x000010    0x10

"P2", part 1 of 2:                        0x14
  P2-1                        0x000010    0x14  <Init block>
    .near.data       inited   0x000010     0x2  ApiPocCmd.o [1]
    .near.data       inited   0x000012     0x2  DrvGD83.o [1]
    .near.data       inited   0x000014     0x2  DrvGD83.o [1]
    .near.data       inited   0x000016     0x2  DrvGD83.o [1]
    .near.data       inited   0x000018     0x2  System.o [1]
    .near.data       inited   0x00001a     0x2  System.o [1]
    .near.data       inited   0x00001c     0x2  System.o [1]
    .near.data       inited   0x00001e     0x2  System.o [1]
    .near.data       inited   0x000020     0x2  System.o [1]
    .near.data       inited   0x000022     0x2  System.o [1]
                            - 0x000024    0x14

"P2", part 2 of 2:                       0x24a
  .near.bss          zero     0x000024   0x20c  DrvGD83.o [1]
  .near.bss          zero     0x000230    0x32  DrvGD83.o [1]
  .near.bss          zero     0x000262     0xb  Delay.o [1]
  .near.bss          zero     0x00026d     0x1  DrvGD83.o [1]
                            - 0x00026e   0x24a

"A2":                                    0x100
  CSTACK                      0x001700   0x100  <Block>
    CSTACK           uninit   0x001700   0x100  <Block tail>
                            - 0x001800   0x100

"A3":                                     0x80
  INTVEC                      0x008000    0x80  <Block>
    .intvec          const    0x008000    0x80  interrupt.o [4]
                            - 0x008080    0x80

"P3":                                   0x16e5
  .near_func.text    ro code  0x008080   0x4c8  DrvGD83.o [1]
  .near_func.text    ro code  0x008548   0x167  System.o [1]
  .near_func.text    ro code  0x0086af   0x134  stm8s_uart1.o [1]
  .near_func.text    ro code  0x0087e3   0x12b  long.o [4]
  .near_func.text    ro code  0x00890e   0x101  stm8s_itc.o [1]
  .near_func.text    ro code  0x008a0f    0xf8  vreg_util.o [4]
  .near_func.text    ro code  0x008b07    0xe1  DrvGD83.o [1]
  .near_func.text    ro code  0x008be8    0xbb  ApiPocCmd.o [1]
  .near_func.text    ro code  0x008ca3    0xaf  stm8s_gpio.o [1]
  .near_func.text    ro code  0x008d52    0xa2  Delay.o [1]
  .near_func.text    ro code  0x008df4    0xa2  stm8s_clk.o [1]
  .near_func.text    ro code  0x008e96    0x90  stm8s_uart1.o [1]
  .near_func.text    ro code  0x008f26    0x7a  DrvGD83.o [1]
  .near_func.text    ro code  0x008fa0    0x73  Delay.o [1]
  .near_func.text    ro code  0x009013    0x6c  stm8s_uart1.o [1]
  .near_func.text    ro code  0x00907f    0x57  stm8s_clk.o [1]
  .near_func.text    ro code  0x0090d6    0x54  Delay.o [1]
  .near_func.text    ro code  0x00912a    0x4c  DrvGD83.o [1]
  .near_func.text    ro code  0x009176    0x47  long_util.o [4]
  .near_func.text    ro code  0x0091bd    0x36  stm8s_flash.o [1]
  .near_func.text    ro code  0x0091f3    0x32  stm8s_uart1.o [1]
  .near_func.text    ro code  0x009225    0x30  sysclock.o [1]
  .near_func.text    ro code  0x009255    0x2d  stm8s_uart1.o [1]
  .near_func.text    ro code  0x009282    0x2c  DrvGD83.o [1]
  .near_func.text    ro code  0x0092ae    0x2b  short.o [4]
  .near_func.text    ro code  0x0092d9    0x2a  McuConfig.o [1]
  .near_func.text    ro code  0x009303    0x28  Delay.o [1]
  .near_func.text    ro code  0x00932b    0x28  init_small.o [4]
  .near_func.text    ro code  0x009353    0x27  stm8s_flash.o [1]
  .near_func.text    ro code  0x00937a    0x27  sysclock.o [1]
  .near_func.text    ro code  0x0093a1    0x25  dc_util.o [4]
  .near_func.text    ro code  0x0093c6    0x24  McuConfig.o [1]
  .near_func.text    ro code  0x0093ea    0x24  McuConfig.o [1]
  .near_func.text    ro code  0x00940e    0x24  stm8s_flash.o [1]
  .iar.init_table    const    0x009432    0x12  - Linker created -
  .near_func.text    ro code  0x009444    0x20  stm8s_it.o [1]
  .near_func.text    ro code  0x009464    0x1f  Delay.o [1]
  .near_func.text    ro code  0x009483    0x1e  init_small.o [4]
  .near_func.text    ro code  0x0094a1    0x1c  Delay.o [1]
  .near_func.text    ro code  0x0094bd    0x1b  stm8s_it.o [1]
  .near_func.text    ro code  0x0094d8    0x1b  sysclock.o [1]
  .near_func.text    ro code  0x0094f3    0x18  McuConfig.o [1]
  .near_func.text    ro code  0x00950b    0x18  McuConfig.o [1]
  .near_func.text    ro code  0x009523    0x18  McuConfig.o [1]
  .near_func.text    ro code  0x00953b    0x17  McuConfig.o [1]
  .near_func.text    ro code  0x009552    0x17  McuConfig.o [1]
  .near_func.text    ro code  0x009569    0x17  McuConfig.o [1]
  .near_func.text    ro code  0x009580    0x17  McuConfig.o [1]
  .near_func.text    ro code  0x009597    0x17  McuConfig.o [1]
  .near_func.text    ro code  0x0095ae    0x17  init.o [4]
  .near_func.text    ro code  0x0095c5    0x16  stm8s_flash.o [1]
  .near_func.text    ro code  0x0095db    0x14  __dbg_xxexit.o [3]
  Initializer bytes  const    0x0095ef    0x14  <for P2-1>
  .near_func.text    ro code  0x009603    0x13  stm8s_clk.o [1]
  .near_func.text    ro code  0x009616    0x13  stm8s_tim3.o [1]
  .near_func.text    ro code  0x009629    0x13  cstartup.o [4]
  .near_func.text    ro code  0x00963c    0x12  strlen.o [4]
  .near_func.text    ro code  0x00964e     0xd  stm8s_tim3.o [1]
  .near_func.text    ro code  0x00965b     0xd  stm8s_tim3.o [1]
  .near_func.text    ro code  0x009668     0xd  stm8s_uart1.o [1]
  .near_func.text    ro code  0x009675     0xc  McuConfig.o [1]
  .near_func.text    ro code  0x009681     0xc  McuConfig.o [1]
  .near_func.text    ro code  0x00968d     0xc  McuConfig.o [1]
  .near_func.text    ro code  0x009699     0xc  McuConfig.o [1]
  .near_func.text    ro code  0x0096a5     0xc  stm8s_tim3.o [1]
  .near.rodata       const    0x0096b1     0xb  System.o [1]
  .near.rodata       const    0x0096bc     0x9  DrvGD83.o [1]
  .near.rodata       const    0x0096c5     0x9  System.o [1]
  .near.rodata       const    0x0096ce     0x9  System.o [1]
  .near.rodata       const    0x0096d7     0x9  System.o [1]
  .near_func.text    ro code  0x0096e0     0x9  stm8s_gpio.o [1]
  .near_func.text    ro code  0x0096e9     0x9  stm8s_tim3.o [1]
  .near.rodata       const    0x0096f2     0x8  ApiPocCmd.o [1]
  .near.rodata       const    0x0096fa     0x7  System.o [1]
  .near.rodata       const    0x009701     0x7  System.o [1]
  .near_func.text    ro code  0x009708     0x7  stm8s_flash.o [1]
  .near_func.text    ro code  0x00970f     0x7  stm8s_gpio.o [1]
  .near.rodata       const    0x009716     0x6  DrvGD83.o [1]
  .near_func.text    ro code  0x00971c     0x6  char.o [4]
  .near_func.text    ro code  0x009722     0x5  stm8s_tim3.o [1]
  .near_func.text    ro code  0x009727     0x5  cexit.o [4]
  .near.rodata       const    0x00972c     0x4  stm8s_clk.o [1]
  .near_func.text    ro code  0x009730     0x4  stm8s_gpio.o [1]
  .near_func.text    ro code  0x009734     0x4  stm8s_uart1.o [1]
  .near_func.text    ro code  0x009738     0x4  stm8s_uart1.o [1]
  .near.rodata       const    0x00973c     0x3  DrvGD83.o [1]
  .near_func.text    ro code  0x00973f     0x3  main.o [1]
  .near_func.text    ro code  0x009742     0x3  interrupt.o [4]
  .near_func.text    ro code  0x009745     0x3  low_level_init.o [4]
  .near_func.text    ro code  0x009748     0x3  exit.o [4]
  .near_func.text    ro code  0x00974b     0x3  unhandled_exception.o [4]
  .near_func.text    ro code  0x00974e     0x1  stm8s_it.o [1]
  .near_func.text    ro code  0x00974f     0x1  stm8s_it.o [1]
  .near_func.text    ro code  0x009750     0x1  stm8s_it.o [1]
  .near_func.text    ro code  0x009751     0x1  stm8s_it.o [1]
  .near_func.text    ro code  0x009752     0x1  stm8s_it.o [1]
  .near_func.text    ro code  0x009753     0x1  stm8s_it.o [1]
  .near_func.text    ro code  0x009754     0x1  stm8s_it.o [1]
  .near_func.text    ro code  0x009755     0x1  stm8s_it.o [1]
  .near_func.text    ro code  0x009756     0x1  stm8s_it.o [1]
  .near_func.text    ro code  0x009757     0x1  stm8s_it.o [1]
  .near_func.text    ro code  0x009758     0x1  stm8s_it.o [1]
  .near_func.text    ro code  0x009759     0x1  stm8s_it.o [1]
  .near_func.text    ro code  0x00975a     0x1  stm8s_it.o [1]
  .near_func.text    ro code  0x00975b     0x1  stm8s_it.o [1]
  .near_func.text    ro code  0x00975c     0x1  stm8s_it.o [1]
  .near_func.text    ro code  0x00975d     0x1  stm8s_it.o [1]
  .near_func.text    ro code  0x00975e     0x1  stm8s_it.o [1]
  .near_func.text    ro code  0x00975f     0x1  stm8s_it.o [1]
  .near_func.text    ro code  0x009760     0x1  stm8s_it.o [1]
  .near_func.text    ro code  0x009761     0x1  stm8s_it.o [1]
  .near_func.text    ro code  0x009762     0x1  stm8s_it.o [1]
  .near_func.text    ro code  0x009763     0x1  stm8s_it.o [1]
  .near_func.text    ro code  0x009764     0x1  __dbg_break.o [3]
                            - 0x009765  0x16e5


*******************************************************************************
*** INIT TABLE
***

          Address   Size
          -------   ----
Zero (__iar_zero_init2)
    1 destination range, total size 0x24a:
          0x000024  0x24a

Copy (__iar_copy_init2)
    1 source range, total size 0x14:
          0x0095ef   0x14
    1 destination range, total size 0x14:
          0x000010   0x14



*******************************************************************************
*** MODULE SUMMARY
***

    Module                 ro code  ro data  rw data
    ------                 -------  -------  -------
C:\Users\Administrator\Desktop\A-518P\STM8SDEMO4\PRJ\Debug\Obj: [1]
    ApiPocCmd.o                187       10        2
    Delay.o                    460                11
    DrvGD83.o                1 691       24      581
    McuConfig.o                349
    System.o                   359       64       12
    main.o                       3
    stm8s_clk.o                268        4
    stm8s_flash.o              158
    stm8s_gpio.o               195
    stm8s_it.o                  81
    stm8s_itc.o                257
    stm8s_tim3.o                71
    stm8s_uart1.o              676
    sysclock.o                 114
    ------------------------------------------------
    Total:                   4 869      102      606

command line: [2]
    ------------------------------------------------
    Total:

dbgstm8smd.a: [3]
    __dbg_break.o                1
    __dbg_xxexit.o              20
    ------------------------------------------------
    Total:                      21

dlstm8smn.a: [4]
    cexit.o                      5
    char.o                       6
    cstartup.o                  19
    dc_util.o                   37
    exit.o                       3
    init.o                      23
    init_small.o                70
    interrupt.o                  3      128
    long.o                     299
    long_util.o                 71
    low_level_init.o             3
    short.o                     43
    strlen.o                    18
    unhandled_exception.o        3
    vreg_util.o                248
    vregs.o                                       16
    ------------------------------------------------
    Total:                     851      128       16

    Linker created                       18      256
----------------------------------------------------
    Grand Total:             5 741      248      878


*******************************************************************************
*** ENTRY LIST
***

Entry                    Address   Size  Type      Object
-----                    -------   ----  ----      ------
.iar.init_table$$Base   0x009432          --   Gb  - Linker created -
.iar.init_table$$Limit  0x009444          --   Gb  - Linker created -
?b0                     0x000000         Data  Gb  vregs.o [4]
?b1                     0x000001         Data  Gb  vregs.o [4]
?b10                    0x00000a         Data  Gb  vregs.o [4]
?b11                    0x00000b         Data  Gb  vregs.o [4]
?b12                    0x00000c         Data  Gb  vregs.o [4]
?b13                    0x00000d         Data  Gb  vregs.o [4]
?b14                    0x00000e         Data  Gb  vregs.o [4]
?b15                    0x00000f         Data  Gb  vregs.o [4]
?b2                     0x000002         Data  Gb  vregs.o [4]
?b3                     0x000003         Data  Gb  vregs.o [4]
?b4                     0x000004         Data  Gb  vregs.o [4]
?b5                     0x000005         Data  Gb  vregs.o [4]
?b6                     0x000006         Data  Gb  vregs.o [4]
?b7                     0x000007         Data  Gb  vregs.o [4]
?b8                     0x000008         Data  Gb  vregs.o [4]
?b9                     0x000009         Data  Gb  vregs.o [4]
?dc32_l0                0x0093a1         Code  Gb  dc_util.o [4]
?dc32_l1                0x0093ae         Code  Gb  dc_util.o [4]
?dc32_px                0x0093bb         Code  Gb  dc_util.o [4]
?e0                     0x000001         Data  Gb  vregs.o [4]
?e1                     0x000005         Data  Gb  vregs.o [4]
?e2                     0x000009         Data  Gb  vregs.o [4]
?e3                     0x00000d         Data  Gb  vregs.o [4]
?epilogue_l2            0x008aaa         Code  Gb  vreg_util.o [4]
?epilogue_l2_l3         0x008aa7         Code  Gb  vreg_util.o [4]
?epilogue_l2_w6         0x008aae         Code  Gb  vreg_util.o [4]
?epilogue_w4            0x008ab5         Code  Gb  vreg_util.o [4]
?l0                     0x000000         Data  Gb  vregs.o [4]
?l1                     0x000004         Data  Gb  vregs.o [4]
?l2                     0x000008         Data  Gb  vregs.o [4]
?l3                     0x00000c         Data  Gb  vregs.o [4]
?load32_0x_l0           0x0091af         Code  Gb  long_util.o [4]
?load32_asp_l0          0x0091a3         Code  Gb  long_util.o [4]
?load32_dbsp_l0         0x00919e         Code  Gb  long_util.o [4]
?load32_l0_0x           0x009186         Code  Gb  long_util.o [4]
?load32_l0_asp          0x00917b         Code  Gb  long_util.o [4]
?load32_l0_dbsp         0x009176         Code  Gb  long_util.o [4]
?load32_l0_xsp          0x00917d         Code  Gb  long_util.o [4]
?load32_l1_0x           0x009192         Code  Gb  long_util.o [4]
?load32_xsp_l0          0x0091a5         Code  Gb  long_util.o [4]
?mov_e0_e2              0x008abc         Code  Gb  vreg_util.o [4]
?mov_e0_e3              0x008ac9         Code  Gb  vreg_util.o [4]
?mov_e1_e0              0x008ad6         Code  Gb  vreg_util.o [4]
?mov_e1_e2              0x008ae3         Code  Gb  vreg_util.o [4]
?mov_e2_e0              0x008af0         Code  Gb  vreg_util.o [4]
?mov_e3_e0              0x008afd         Code  Gb  vreg_util.o [4]
?mov_l0_l2              0x008ab9         Code  Gb  vreg_util.o [4]
?mov_l0_l3              0x008ac6         Code  Gb  vreg_util.o [4]
?mov_l1_l0              0x008ad3         Code  Gb  vreg_util.o [4]
?mov_l1_l2              0x008ae0         Code  Gb  vreg_util.o [4]
?mov_l2_l0              0x008aed         Code  Gb  vreg_util.o [4]
?mov_l3_l0              0x008afa         Code  Gb  vreg_util.o [4]
?mov_w1_w5              0x008abf         Code  Gb  vreg_util.o [4]
?mov_w1_w7              0x008acc         Code  Gb  vreg_util.o [4]
?mov_w3_w1              0x008ad9         Code  Gb  vreg_util.o [4]
?mov_w3_w5              0x008ae6         Code  Gb  vreg_util.o [4]
?mov_w5_w1              0x008af3         Code  Gb  vreg_util.o [4]
?mov_w7_w1              0x008b00         Code  Gb  vreg_util.o [4]
?mul16_x_x_w0           0x0092ae         Code  Gb  short.o [4]
?mul32_l0_l0_0x         0x008801         Code  Gb  long.o [4]
?mul32_l0_l0_dl         0x0087fe         Code  Gb  long.o [4]
?mul32_l0_l0_l1         0x00880a         Code  Gb  long.o [4]
?pop_l0                 0x008a73         Code  Gb  vreg_util.o [4]
?pop_l1                 0x008a7e         Code  Gb  vreg_util.o [4]
?pop_l2                 0x008a89         Code  Gb  vreg_util.o [4]
?pop_l3                 0x008a94         Code  Gb  vreg_util.o [4]
?pop_w4                 0x008a2c         Code  Gb  vreg_util.o [4]
?pop_w6                 0x008a33         Code  Gb  vreg_util.o [4]
?push_l0                0x008a42         Code  Gb  vreg_util.o [4]
?push_l1                0x008a47         Code  Gb  vreg_util.o [4]
?push_l2                0x008a4c         Code  Gb  vreg_util.o [4]
?push_l3                0x008a51         Code  Gb  vreg_util.o [4]
?push_w4                0x008a0f         Code  Gb  vreg_util.o [4]
?push_w6                0x008a14         Code  Gb  vreg_util.o [4]
?sll16_x_x_a            0x0092cc         Code  Gb  short.o [4]
?sll32_0x_0x_a          0x008900         Code  Gb  long.o [4]
?sll32_l0_l0_a          0x0088fd         Code  Gb  long.o [4]
?srl16_x_x_4            0x0092d4         Code  Gb  short.o [4]
?srl8_a_a_5             0x00971d         Code  Gb  char.o [4]
?srl8_a_a_6             0x00971c         Code  Gb  char.o [4]
?sub32_l0_l0_0x         0x0087e6         Code  Gb  long.o [4]
?sub32_l0_l0_l1         0x0087e3         Code  Gb  long.o [4]
?udiv32_l0_dl_l1        0x008888         Code  Gb  long.o [4]
?udiv32_l0_l0_dl        0x00888d         Code  Gb  long.o [4]
?udiv32_l0_l0_l1        0x008890         Code  Gb  long.o [4]
?umod32_l1_l0_l1        0x008890         Code  Gb  long.o [4]
?w0                     0x000000         Data  Gb  vregs.o [4]
?w1                     0x000002         Data  Gb  vregs.o [4]
?w2                     0x000004         Data  Gb  vregs.o [4]
?w3                     0x000006         Data  Gb  vregs.o [4]
?w4                     0x000008         Data  Gb  vregs.o [4]
?w5                     0x00000a         Data  Gb  vregs.o [4]
?w6                     0x00000c         Data  Gb  vregs.o [4]
?w7                     0x00000e         Data  Gb  vregs.o [4]
ADC2_IRQHandler         0x009761    0x1  Code  Gb  stm8s_it.o [1]
AF_Mute_Init            0x009681    0xc  Code  Gb  McuConfig.o [1]
AUDIO_IOAFMUT           0x009580   0x17  Code  Gb  McuConfig.o [1]
AUDIO_IOAFPOW           0x009597   0x17  Code  Gb  McuConfig.o [1]
AWU_IRQHandler          0x009750    0x1  Code  Gb  stm8s_it.o [1]
ApiPocCmd_WritCommand   0x008be8   0xbb  Code  Gb  ApiPocCmd.o [1]
AtNotify_Queue          0x008080   0x4c  Code  Lc  DrvGD83.o [1]
AtNotify_Queue_Start    0x0080cc   0x55  Code  Lc  DrvGD83.o [1]
CLK_ClockSwitchConfig   0x008df4   0xa2  Code  Gb  stm8s_clk.o [1]
CLK_GetClockFreq        0x00907f   0x57  Code  Gb  stm8s_clk.o [1]
CLK_HSIPrescalerConfig  0x009603   0x13  Code  Gb  stm8s_clk.o [1]
CLK_IRQHandler          0x009751    0x1  Code  Gb  stm8s_it.o [1]
CSTACK$$Base            0x001700          --   Gb  - Linker created -
CSTACK$$Limit           0x001800          --   Gb  - Linker created -
C_TEST_OUT_SET          0x009699    0xc  Code  Gb  McuConfig.o [1]
DEL_GetTimer            0x0090d6   0x54  Code  Gb  Delay.o [1]
DEL_Interrupt           0x008d52   0xa2  Code  Gb  Delay.o [1]
DEL_PowerOnInitial      0x009464   0x1f  Code  Gb  Delay.o [1]
DEL_SetTimer            0x008fa0   0x73  Code  Gb  Delay.o [1]
DEL_Soft1ms             0x0094a1   0x1c  Code  Gb  Delay.o [1]
DEL_TimerRenew          0x009303   0x28  Code  Lc  Delay.o [1]
DefaultSystemClockForHSI
                        0x0094d8   0x1b  Code  Gb  sysclock.o [1]
DelDrvObj               0x000262    0xb  Data  Lc  Delay.o [1]
DrvGD83DrvObj           0x000024  0x20c  Data  Lc  DrvGD83.o [1]
DrvGD83_Init            0x00950b   0x18  Code  Gb  McuConfig.o [1]
DrvGD83_UART_TxCommand  0x008f26   0x7a  Code  Gb  DrvGD83.o [1]
DrvMC8332_TxPort_SetValidable
                        0x009282   0x2c  Code  Gb  DrvGD83.o [1]
DrvMC8332_UART_Interrupt
                        0x008271  0x2d7  Code  Gb  DrvGD83.o [1]
DrvMc8332_UART_TxTail   0x008b07   0xe1  Code  Gb  DrvGD83.o [1]
EEPROM_EEC_IRQHandler   0x009763    0x1  Code  Gb  stm8s_it.o [1]
EXTI_PORTA_IRQHandler   0x009752    0x1  Code  Gb  stm8s_it.o [1]
EXTI_PORTB_IRQHandler   0x009753    0x1  Code  Gb  stm8s_it.o [1]
EXTI_PORTC_IRQHandler   0x009754    0x1  Code  Gb  stm8s_it.o [1]
EXTI_PORTD_IRQHandler   0x009755    0x1  Code  Gb  stm8s_it.o [1]
EXTI_PORTE_IRQHandler   0x009756    0x1  Code  Gb  stm8s_it.o [1]
FLASH_EraseOptionByte   0x009353   0x27  Code  Gb  stm8s_flash.o [1]
FLASH_Lock              0x009708    0x7  Code  Gb  stm8s_flash.o [1]
FLASH_ProgramOptionByte
                        0x00940e   0x24  Code  Gb  stm8s_flash.o [1]
FLASH_Unlock            0x0095c5   0x16  Code  Gb  stm8s_flash.o [1]
FLASH_WaitForLastOperation
                        0x0091bd   0x36  Code  Gb  stm8s_flash.o [1]
GD83_ON                 0x009523   0x18  Code  Gb  McuConfig.o [1]
GPIO_Init               0x008ca3   0xaf  Code  Gb  stm8s_gpio.o [1]
GPIO_ReadInputPin       0x0096e0    0x9  Code  Gb  stm8s_gpio.o [1]
GPIO_WriteHigh          0x00970f    0x7  Code  Gb  stm8s_gpio.o [1]
GPIO_WriteLow           0x009730    0x4  Code  Gb  stm8s_gpio.o [1]
HSE_ClockStartUpConfiguration
                        0x009225   0x30  Code  Lc  sysclock.o [1]
HSIDivFactor            0x00972c    0x4  Data  Gb  stm8s_clk.o [1]
I2C_IRQHandler          0x00975e    0x1  Code  Gb  stm8s_it.o [1]
INTVEC$$Base            0x008000          --   Gb  - Linker created -
INTVEC$$Limit           0x008080          --   Gb  - Linker created -
ITC_SetSoftwarePriority
                        0x00890e  0x101  Code  Gb  stm8s_itc.o [1]
Key_Init                0x0093ea   0x24  Code  Gb  McuConfig.o [1]
LED_Init                0x0094f3   0x18  Code  Gb  McuConfig.o [1]
MIC_GPIO_Init           0x009675    0xc  Code  Gb  McuConfig.o [1]
MIC_IOMUT               0x009569   0x17  Code  Gb  McuConfig.o [1]
Noise_Mute_Init         0x00968d    0xc  Code  Gb  McuConfig.o [1]
Notify_Queue_Stop       0x008176   0xfb  Code  Lc  DrvGD83.o [1]
PocNotify_Queue         0x00912a   0x4c  Code  Lc  DrvGD83.o [1]
PocNotify_Queue_Start   0x008121   0x55  Code  Lc  DrvGD83.o [1]
Region$$Table$$Base     0x009432          --   Gb  - Linker created -
Region$$Table$$Limit    0x009444          --   Gb  - Linker created -
SPI_IRQHandler          0x009757    0x1  Code  Gb  stm8s_it.o [1]
Set_GreenLed            0x00953b   0x17  Code  Gb  McuConfig.o [1]
Set_RedLed              0x009552   0x17  Code  Gb  McuConfig.o [1]
SystemClock_Init        0x00937a   0x27  Code  Gb  sysclock.o [1]
TIM1_CAP_COM_IRQHandler
                        0x009759    0x1  Code  Gb  stm8s_it.o [1]
TIM1_UPD_OVF_TRG_BRK_IRQHandler
                        0x009758    0x1  Code  Gb  stm8s_it.o [1]
TIM2_CAP_COM_IRQHandler
                        0x00975b    0x1  Code  Gb  stm8s_it.o [1]
TIM2_UPD_OVF_BRK_IRQHandler
                        0x00975a    0x1  Code  Gb  stm8s_it.o [1]
TIM3_ARRPreloadConfig   0x00965b    0xd  Code  Gb  stm8s_tim3.o [1]
TIM3_CAP_COM_IRQHandler
                        0x00975c    0x1  Code  Gb  stm8s_it.o [1]
TIM3_ClearITPendingBit  0x009722    0x5  Code  Gb  stm8s_tim3.o [1]
TIM3_Cmd                0x00964e    0xd  Code  Gb  stm8s_tim3.o [1]
TIM3_ITConfig           0x009616   0x13  Code  Gb  stm8s_tim3.o [1]
TIM3_PrescalerConfig    0x0096e9    0x9  Code  Gb  stm8s_tim3.o [1]
TIM3_TimeBaseInit       0x0096a5    0xc  Code  Gb  stm8s_tim3.o [1]
TIM3_UPD_OVF_BRK_IRQHandler
                        0x0094bd   0x1b  Code  Gb  stm8s_it.o [1]
TIM4_UPD_OVF_IRQHandler
                        0x009762    0x1  Code  Gb  stm8s_it.o [1]
TLI_IRQHandler          0x00974f    0x1  Code  Gb  stm8s_it.o [1]
TRAP_IRQHandler         0x00974e    0x1  Code  Gb  stm8s_it.o [1]
Tim3_Timer_Init         0x0093c6   0x24  Code  Gb  McuConfig.o [1]
UART1_Cmd               0x009668    0xd  Code  Gb  stm8s_uart1.o [1]
UART1_DeInit            0x009255   0x2d  Code  Gb  stm8s_uart1.o [1]
UART1_GetFlagStatus     0x0091f3   0x32  Code  Gb  stm8s_uart1.o [1]
UART1_GetITStatus       0x008e96   0x90  Code  Gb  stm8s_uart1.o [1]
UART1_ITConfig          0x009013   0x6c  Code  Gb  stm8s_uart1.o [1]
UART1_Init              0x0086af  0x134  Code  Gb  stm8s_uart1.o [1]
UART1_RX_IRQHandler     0x009444   0x20  Code  Gb  stm8s_it.o [1]
UART1_ReceiveData8      0x009734    0x4  Code  Gb  stm8s_uart1.o [1]
UART1_SendData8         0x009738    0x4  Code  Gb  stm8s_uart1.o [1]
UART1_TX_IRQHandler     0x00975d    0x1  Code  Gb  stm8s_it.o [1]
UART3_RX_IRQHandler     0x009760    0x1  Code  Gb  stm8s_it.o [1]
UART3_TX_IRQHandler     0x00975f    0x1  Code  Gb  stm8s_it.o [1]
Uart1_Init              0x0092d9   0x2a  Code  Gb  McuConfig.o [1]
__DebugBreak            0x009764    0x1  Code  Gb  __dbg_break.o [3]
__exit                  0x0095db   0x14  Code  Gb  __dbg_xxexit.o [3]
__iar_copy_init2        0x00932b         Code  Gb  init_small.o [4]
__iar_data_init2        0x0095ae   0x17  Code  Gb  init.o [4]
__iar_program_start     0x009629         Code  Gb  cstartup.o [4]
__iar_unhandled_exception
                        0x00974b         Code  Gb  unhandled_exception.o [4]
__iar_zero_init2        0x009483         Code  Gb  init_small.o [4]
__intvec                0x008000         Data  Gb  interrupt.o [4]
__low_level_init        0x009745    0x3  Code  Gb  low_level_init.o [4]
_exit                   0x009727         Code  Gb  cexit.o [4]
_interrupt_1            0x00974e         Code  Gb  stm8s_it.o [1]
_interrupt_12           0x009757         Code  Gb  stm8s_it.o [1]
_interrupt_13           0x009758         Code  Gb  stm8s_it.o [1]
_interrupt_14           0x009759         Code  Gb  stm8s_it.o [1]
_interrupt_15           0x00975a         Code  Gb  stm8s_it.o [1]
_interrupt_16           0x00975b         Code  Gb  stm8s_it.o [1]
_interrupt_17           0x0094bd         Code  Gb  stm8s_it.o [1]
_interrupt_18           0x00975c         Code  Gb  stm8s_it.o [1]
_interrupt_19           0x00975d         Code  Gb  stm8s_it.o [1]
_interrupt_2            0x00974f         Code  Gb  stm8s_it.o [1]
_interrupt_20           0x009444         Code  Gb  stm8s_it.o [1]
_interrupt_21           0x00975e         Code  Gb  stm8s_it.o [1]
_interrupt_22           0x00975f         Code  Gb  stm8s_it.o [1]
_interrupt_23           0x009760         Code  Gb  stm8s_it.o [1]
_interrupt_24           0x009761         Code  Gb  stm8s_it.o [1]
_interrupt_25           0x009762         Code  Gb  stm8s_it.o [1]
_interrupt_26           0x009763         Code  Gb  stm8s_it.o [1]
_interrupt_3            0x009750         Code  Gb  stm8s_it.o [1]
_interrupt_4            0x009751         Code  Gb  stm8s_it.o [1]
_interrupt_5            0x009752         Code  Gb  stm8s_it.o [1]
_interrupt_6            0x009753         Code  Gb  stm8s_it.o [1]
_interrupt_7            0x009754         Code  Gb  stm8s_it.o [1]
_interrupt_8            0x009755         Code  Gb  stm8s_it.o [1]
_interrupt_9            0x009756         Code  Gb  stm8s_it.o [1]
exit                    0x009748    0x3  Code  Gb  exit.o [4]
main                    0x00973f    0x3  Code  Gb  main.o [1]
main_app                0x008548  0x167  Code  Gb  System.o [1]
strlen                  0x00963c   0x12  Code  Gb  strlen.o [4]
ucAtPocHead             0x000010    0x2  Data  Gb  ApiPocCmd.o [1]
ucEndPTT                0x00001c    0x2  Data  Gb  System.o [1]
ucKeyDown               0x000022    0x2  Data  Gb  System.o [1]
ucKeyUp                 0x000020    0x2  Data  Gb  System.o [1]
ucPocOpenConfig         0x000018    0x2  Data  Gb  System.o [1]
ucRxOkHeadInfo          0x000016    0x2  Data  Gb  DrvGD83.o [1]
ucRxPocHeadInfo         0x000014    0x2  Data  Gb  DrvGD83.o [1]
ucStartPTT              0x00001a    0x2  Data  Gb  System.o [1]
ucSwitch                0x00001e    0x2  Data  Gb  System.o [1]
ucTxPocHeadInfo         0x000012    0x2  Data  Gb  DrvGD83.o [1]


[1] = C:\Users\Administrator\Desktop\A-518P\STM8SDEMO4\PRJ\Debug\Obj
[2] = command line
[3] = dbgstm8smd.a
[4] = dlstm8smn.a

  5 741 bytes of readonly  code memory
    248 bytes of readonly  data memory
    878 bytes of readwrite data memory

Errors: none
Warnings: none
