###############################################################################
#
# IAR ELF Linker V2.20.1.176 for STM8                     28/Dec/2017  10:16:42
# Copyright 2010-2015 IAR Systems AB.
#
#    Output file  =  E:\1-source\A508\PRJ\Debug\Exe\A508_DEMO1.out
#    Map file     =  E:\1-source\A508\PRJ\Debug\List\A508_DEMO1.map
#    Command line =  
#        E:\1-source\A508\PRJ\Debug\Obj\ADC.o
#        E:\1-source\A508\PRJ\Debug\Obj\ApiAtCmd.o
#        E:\1-source\A508\PRJ\Debug\Obj\ApiDisplay.o
#        E:\1-source\A508\PRJ\Debug\Obj\ApiGpsCmd.o
#        E:\1-source\A508\PRJ\Debug\Obj\ApiKeyboard.o
#        E:\1-source\A508\PRJ\Debug\Obj\ApiLED.o
#        E:\1-source\A508\PRJ\Debug\Obj\ApiPocCmd.o
#        E:\1-source\A508\PRJ\Debug\Obj\Beep.o
#        E:\1-source\A508\PRJ\Debug\Obj\CommonLib.o
#        E:\1-source\A508\PRJ\Debug\Obj\Delay.o
#        E:\1-source\A508\PRJ\Debug\Obj\DrvGD83.o
#        E:\1-source\A508\PRJ\Debug\Obj\DrvGT20L16S1Y.o
#        E:\1-source\A508\PRJ\Debug\Obj\DrvHTG12832.o
#        E:\1-source\A508\PRJ\Debug\Obj\DrvKeyboard.o
#        E:\1-source\A508\PRJ\Debug\Obj\Flash_eeprom.o
#        E:\1-source\A508\PRJ\Debug\Obj\main.o
#        E:\1-source\A508\PRJ\Debug\Obj\McuConfig.o
#        E:\1-source\A508\PRJ\Debug\Obj\stm8s_adc2.o
#        E:\1-source\A508\PRJ\Debug\Obj\stm8s_awu.o
#        E:\1-source\A508\PRJ\Debug\Obj\stm8s_beep.o
#        E:\1-source\A508\PRJ\Debug\Obj\stm8s_clk.o
#        E:\1-source\A508\PRJ\Debug\Obj\stm8s_exti.o
#        E:\1-source\A508\PRJ\Debug\Obj\stm8s_flash.o
#        E:\1-source\A508\PRJ\Debug\Obj\stm8s_gpio.o
#        E:\1-source\A508\PRJ\Debug\Obj\stm8s_i2c.o
#        E:\1-source\A508\PRJ\Debug\Obj\stm8s_it.o
#        E:\1-source\A508\PRJ\Debug\Obj\stm8s_itc.o
#        E:\1-source\A508\PRJ\Debug\Obj\stm8s_iwdg.o
#        E:\1-source\A508\PRJ\Debug\Obj\stm8s_rst.o
#        E:\1-source\A508\PRJ\Debug\Obj\stm8s_spi.o
#        E:\1-source\A508\PRJ\Debug\Obj\stm8s_tim1.o
#        E:\1-source\A508\PRJ\Debug\Obj\stm8s_tim2.o
#        E:\1-source\A508\PRJ\Debug\Obj\stm8s_tim3.o
#        E:\1-source\A508\PRJ\Debug\Obj\stm8s_tim4.o
#        E:\1-source\A508\PRJ\Debug\Obj\stm8s_uart1.o
#        E:\1-source\A508\PRJ\Debug\Obj\stm8s_uart3.o
#        E:\1-source\A508\PRJ\Debug\Obj\stm8s_wwdg.o
#        E:\1-source\A508\PRJ\Debug\Obj\sysclock.o
#        E:\1-source\A508\PRJ\Debug\Obj\System.o
#        E:\1-source\A508\PRJ\Debug\Obj\Task.o
#        E:\1-source\A508\PRJ\Debug\Obj\Tone.o
#        E:\1-source\A508\PRJ\Debug\Obj\uart3.o
#        E:\1-source\A508\PRJ\Debug\Obj\Voice.o --redirect _Printf=_PrintfSmall
#        --redirect _Scanf=_ScanfSmall -o
#        E:\1-source\A508\PRJ\Debug\Exe\A508_DEMO1.out --map
#        E:\1-source\A508\PRJ\Debug\List\A508_DEMO1.map --config "C:\Program
#        Files\IAR Systems\Embedded Workbench
#        7.3\stm8\config\lnkstm8s007c8.icf" --config_def _CSTACK_SIZE=0x200
#        --config_def _HEAP_SIZE=0x100 --entry __iar_program_start --debug_lib
#
###############################################################################

*******************************************************************************
*** RUNTIME MODEL ATTRIBUTES
***

__SystemLibrary            = DLib
__code_model               = small
__core                     = stm8
__data_model               = medium
__dlib_file_descriptor     = 0
__dlib_full_locale_support = 0
__rt_version               = 4


*******************************************************************************
*** PLACEMENT SUMMARY
***

"A1":  place at start of [0x000000-0x0000ff] { rw section .vregs };
"A2":  place at end of [0x000000-0x0017ff] { block CSTACK };
"P2":  place in [from 0x000000 to 0x0017ff] {
          block HEAP, rw section __DLIB_PERTHREAD, rw section .far.bss,
          rw section .far.data, rw section .far.noinit,
          rw section .far_func.textrw, rw section .huge.bss,
          rw section .huge.data, rw section .huge.noinit,
          rw section .huge_func.textrw, rw section .iar.dynexit,
          rw section .near.bss, rw section .near.data, rw section .near.noinit,
          rw section .near_func.textrw };
"A3":  place at start of [0x008000-0x00ffff] { block INTVEC };
"P3":  place in [from 0x008000 to 0x00ffff] {
          ro section __DLIB_PERTHREAD_init, ro section .far.data_init,
          ro section .far_func.textrw_init, ro section .huge.data_init,
          ro section .huge_func.textrw_init, ro section .iar.init_table,
          ro section .init_array, ro section .near.data_init,
          ro section .near.rodata, ro section .near_func.text,
          ro section .near_func.textrw_init, ro section .tiny.data_init,
          ro section .tiny.rodata_init };

  Section            Kind      Address    Size  Object
  -------            ----      -------    ----  ------
"A1":                                     0x10
  .vregs             uninit   0x000000    0x10  vregs.o [4]
                            - 0x000010    0x10

"P2", part 1 of 2:                        0x40
  P2-1                        0x000010    0x40  <Init block>
    .near.data       inited   0x000010     0x2  ApiAtCmd.o [1]
    .near.data       inited   0x000012     0x2  ApiAtCmd.o [1]
    .near.data       inited   0x000014     0x2  ApiAtCmd.o [1]
    .near.data       inited   0x000016     0x2  ApiAtCmd.o [1]
    .near.data       inited   0x000018     0x2  ApiAtCmd.o [1]
    .near.data       inited   0x00001a     0x2  ApiAtCmd.o [1]
    .near.data       inited   0x00001c     0x2  ApiAtCmd.o [1]
    .near.data       inited   0x00001e     0x2  DrvGD83.o [1]
    .near.data       inited   0x000020     0x2  DrvGD83.o [1]
    .near.data       inited   0x000022     0x2  DrvGD83.o [1]
    .near.data       inited   0x000024     0x2  DrvGD83.o [1]
    .near.data       inited   0x000026     0x8  DrvGT20L16S1Y.o [1]
    .near.data       inited   0x00002e    0x20  DrvGT20L16S1Y.o [1]
    .near.data       inited   0x00004e     0x2  System.o [1]
                            - 0x000050    0x40

"P2", part 2 of 2:                       0x562
  .near.bss          zero     0x000050   0x28a  DrvGD83.o [1]
  .near.bss          zero     0x0002da   0x200  ApiDisplay.o [1]
  .near.bss          zero     0x0004da    0x44  uart3.o [1]
  .near.bss          zero     0x00051e    0x40  ApiDisplay.o [1]
  .near.bss          zero     0x00055e    0x14  System.o [1]
  .near.bss          zero     0x000572    0x12  Beep.o [1]
  .near.bss          zero     0x000584    0x12  Tone.o [1]
  .near.bss          zero     0x000596     0xb  Delay.o [1]
  .near.bss          zero     0x0005a1     0x5  System.o [1]
  .near.bss          zero     0x0005a6     0x4  uart3.o [1]
  .near.bss          zero     0x0005aa     0x2  ApiGpsCmd.o [1]
  .near.bss          zero     0x0005ac     0x2  DrvHTG12832.o [1]
  .near.bss          zero     0x0005ae     0x2  System.o [1]
  .near.bss          zero     0x0005b0     0x1  DrvGD83.o [1]
  .near.bss          zero     0x0005b1     0x1  Task.o [1]
                            - 0x0005b2   0x562

"A2":                                    0x200
  CSTACK                      0x001600   0x200  <Block>
    CSTACK           uninit   0x001600   0x200  <Block tail>
                            - 0x001800   0x200

"A3":                                     0x80
  INTVEC                      0x008000    0x80  <Block>
    .intvec          const    0x008000    0x80  interrupt.o [4]
                            - 0x008080    0x80

"P3":                                   0x2e5e
  .near_func.text    ro code  0x008080   0x809  DrvGD83.o [1]
  .near_func.text    ro code  0x008889   0x2fa  Beep.o [1]
  .near_func.text    ro code  0x008b83   0x219  DrvHTG12832.o [1]
  .near_func.text    ro code  0x008d9c   0x19a  DrvGT20L16S1Y.o [1]
  .near_func.text    ro code  0x008f36   0x15f  long.o [4]
  .near_func.text    ro code  0x009095   0x152  ApiAtCmd.o [1]
  .near_func.text    ro code  0x0091e7   0x134  stm8s_uart1.o [1]
  .near_func.text    ro code  0x00931b   0x125  vreg_util.o [4]
  .near_func.text    ro code  0x009440   0x105  stm8s_uart3.o [1]
  .near_func.text    ro code  0x009545   0x105  System.o [1]
  .near_func.text    ro code  0x00964a   0x101  stm8s_itc.o [1]
  .near_func.text    ro code  0x00974b    0xe1  DrvGD83.o [1]
  .near_func.text    ro code  0x00982c    0xc5  ApiDisplay.o [1]
  .near_func.text    ro code  0x0098f1    0xb4  stm8s_uart3.o [1]
  .near_func.text    ro code  0x0099a5    0xb2  ApiDisplay.o [1]
  .near_func.text    ro code  0x009a57    0xaf  ApiGpsCmd.o [1]
  .near_func.text    ro code  0x009b06    0xaf  stm8s_gpio.o [1]
  .near_func.text    ro code  0x009bb5    0xa2  Delay.o [1]
  .near_func.text    ro code  0x009c57    0xa2  stm8s_clk.o [1]
  .near_func.text    ro code  0x009cf9    0x99  stm8s_tim1.o [1]
  .near_func.text    ro code  0x009d92    0x90  stm8s_uart1.o [1]
  .near_func.text    ro code  0x009e22    0x8c  stm8s_uart3.o [1]
  .near_func.text    ro code  0x009eae    0x7e  stm8s_adc2.o [1]
  .near_func.text    ro code  0x009f2c    0x7a  DrvGD83.o [1]
  .near_func.text    ro code  0x009fa6    0x73  Delay.o [1]
  .near_func.text    ro code  0x00a019    0x6c  stm8s_uart1.o [1]
  .near_func.text    ro code  0x00a085    0x67  Tone.o [1]
  .near_func.text    ro code  0x00a0ec    0x61  stm8s_tim1.o [1]
  .near_func.text    ro code  0x00a14d    0x5f  DrvGT20L16S1Y.o [1]
  .near_func.text    ro code  0x00a1ac    0x5e  CommonLib.o [1]
  .near_func.text    ro code  0x00a20a    0x5a  DrvGT20L16S1Y.o [1]
  .near_func.text    ro code  0x00a264    0x57  stm8s_clk.o [1]
  .near_func.text    ro code  0x00a2bb    0x54  Delay.o [1]
  .near_func.text    ro code  0x00a30f    0x53  stm8s_adc2.o [1]
  .near_func.text    ro code  0x00a362    0x4e  Tone.o [1]
  .near_func.text    ro code  0x00a3b0    0x4c  DrvGT20L16S1Y.o [1]
  .near_func.text    ro code  0x00a3fc    0x4a  ApiDisplay.o [1]
  .near_func.text    ro code  0x00a446    0x47  long_util.o [4]
  .near_func.text    ro code  0x00a48d    0x43  stm8s_tim1.o [1]
  Initializer bytes  const    0x00a4d0    0x40  <for P2-1>
  .near_func.text    ro code  0x00a510    0x3d  DrvGD83.o [1]
  .near_func.text    ro code  0x00a54d    0x38  short.o [4]
  .near_func.text    ro code  0x00a585    0x36  DrvGT20L16S1Y.o [1]
  .near_func.text    ro code  0x00a5bb    0x36  stm8s_flash.o [1]
  .near_func.text    ro code  0x00a5f1    0x35  uart3.o [1]
  .near_func.text    ro code  0x00a626    0x34  ApiDisplay.o [1]
  .near_func.text    ro code  0x00a65a    0x33  ApiDisplay.o [1]
  .near_func.text    ro code  0x00a68d    0x33  DrvGT20L16S1Y.o [1]
  .near_func.text    ro code  0x00a6c0    0x32  Beep.o [1]
  .near_func.text    ro code  0x00a6f2    0x32  stm8s_uart1.o [1]
  .near_func.text    ro code  0x00a724    0x30  McuConfig.o [1]
  .near_func.text    ro code  0x00a754    0x30  sysclock.o [1]
  .near_func.text    ro code  0x00a784    0x2f  stm8s_adc2.o [1]
  .near_func.text    ro code  0x00a7b3    0x2d  stm8s_uart1.o [1]
  .near_func.text    ro code  0x00a7e0    0x2c  DrvGD83.o [1]
  .near_func.text    ro code  0x00a80c    0x2c  stm8s_adc2.o [1]
  .near_func.text    ro code  0x00a838    0x2a  McuConfig.o [1]
  .near_func.text    ro code  0x00a862    0x28  Delay.o [1]
  .near_func.text    ro code  0x00a88a    0x28  init_small.o [4]
  .near_func.text    ro code  0x00a8b2    0x27  stm8s_flash.o [1]
  .near_func.text    ro code  0x00a8d9    0x27  sysclock.o [1]
  .near_func.text    ro code  0x00a900    0x25  stm8s_uart3.o [1]
  .near_func.text    ro code  0x00a925    0x25  memcpy.o [4]
  .near_func.text    ro code  0x00a94a    0x25  dc_util.o [4]
  .near_func.text    ro code  0x00a96f    0x24  McuConfig.o [1]
  .near_func.text    ro code  0x00a993    0x24  McuConfig.o [1]
  .near_func.text    ro code  0x00a9b7    0x24  stm8s_flash.o [1]
  .near_func.text    ro code  0x00a9db    0x24  stm8s_tim1.o [1]
  .near_func.text    ro code  0x00a9ff    0x23  ADC.o [1]
  .near_func.text    ro code  0x00aa22    0x23  Tone.o [1]
  .near_func.text    ro code  0x00aa45    0x21  stm8s_adc2.o [1]
  .iar.init_table    const    0x00aa66    0x12  - Linker created -
  .near_func.text    ro code  0x00aa78    0x20  ADC.o [1]
  .near_func.text    ro code  0x00aa98    0x20  stm8s_it.o [1]
  .near_func.text    ro code  0x00aab8    0x1f  Delay.o [1]
  .near_func.text    ro code  0x00aad7    0x1f  move.o [4]
  .near_func.text    ro code  0x00aaf6    0x1e  init_small.o [4]
  .near_func.text    ro code  0x00ab14    0x1c  Delay.o [1]
  .near_func.text    ro code  0x00ab30    0x1b  stm8s_it.o [1]
  .near_func.text    ro code  0x00ab4b    0x1b  sysclock.o [1]
  .near_func.text    ro code  0x00ab66    0x1a  Beep.o [1]
  .near_func.text    ro code  0x00ab80    0x18  McuConfig.o [1]
  .near_func.text    ro code  0x00ab98    0x18  McuConfig.o [1]
  .near_func.text    ro code  0x00abb0    0x17  McuConfig.o [1]
  .near_func.text    ro code  0x00abc7    0x17  McuConfig.o [1]
  .near_func.text    ro code  0x00abde    0x17  McuConfig.o [1]
  .near_func.text    ro code  0x00abf5    0x17  McuConfig.o [1]
  .near_func.text    ro code  0x00ac0c    0x17  McuConfig.o [1]
  .near_func.text    ro code  0x00ac23    0x17  init.o [4]
  .near_func.text    ro code  0x00ac3a    0x16  stm8s_flash.o [1]
  .near_func.text    ro code  0x00ac50    0x16  stm8s_it.o [1]
  .near_func.text    ro code  0x00ac66    0x15  ApiDisplay.o [1]
  .near_func.text    ro code  0x00ac7b    0x15  uart3.o [1]
  .near_func.text    ro code  0x00ac90    0x14  DrvGT20L16S1Y.o [1]
  .near_func.text    ro code  0x00aca4    0x14  __dbg_xxexit.o [3]
  .near.rodata       const    0x00acb8    0x13  ApiAtCmd.o [1]
  .near_func.text    ro code  0x00accb    0x13  stm8s_adc2.o [1]
  .near_func.text    ro code  0x00acde    0x13  stm8s_clk.o [1]
  .near_func.text    ro code  0x00acf1    0x13  stm8s_tim3.o [1]
  .near_func.text    ro code  0x00ad04    0x13  cstartup.o [4]
  .near.rodata       const    0x00ad17    0x12  ApiAtCmd.o [1]
  .near_func.text    ro code  0x00ad29    0x12  strlen.o [4]
  .near.rodata       const    0x00ad3b    0x10  ApiAtCmd.o [1]
  .near.rodata       const    0x00ad4b    0x10  ApiDisplay.o [1]
  .near.rodata       const    0x00ad5b    0x10  ApiDisplay.o [1]
  .near.rodata       const    0x00ad6b     0xf  ApiAtCmd.o [1]
  .near.rodata       const    0x00ad7a     0xe  ApiAtCmd.o [1]
  .near_func.text    ro code  0x00ad88     0xd  stm8s_adc2.o [1]
  .near_func.text    ro code  0x00ad95     0xd  stm8s_tim1.o [1]
  .near_func.text    ro code  0x00ada2     0xd  stm8s_tim1.o [1]
  .near_func.text    ro code  0x00adaf     0xd  stm8s_tim1.o [1]
  .near_func.text    ro code  0x00adbc     0xd  stm8s_tim3.o [1]
  .near_func.text    ro code  0x00adc9     0xd  stm8s_tim3.o [1]
  .near_func.text    ro code  0x00add6     0xd  stm8s_uart1.o [1]
  .near_func.text    ro code  0x00ade3     0xd  stm8s_uart3.o [1]
  .near.rodata       const    0x00adf0     0xc  ApiAtCmd.o [1]
  .near_func.text    ro code  0x00adfc     0xc  McuConfig.o [1]
  .near_func.text    ro code  0x00ae08     0xc  McuConfig.o [1]
  .near_func.text    ro code  0x00ae14     0xc  McuConfig.o [1]
  .near_func.text    ro code  0x00ae20     0xc  McuConfig.o [1]
  .near_func.text    ro code  0x00ae2c     0xc  stm8s_tim3.o [1]
  .near.rodata       const    0x00ae38     0x9  DrvGD83.o [1]
  .near.rodata       const    0x00ae41     0x9  System.o [1]
  .near_func.text    ro code  0x00ae4a     0x9  stm8s_gpio.o [1]
  .near_func.text    ro code  0x00ae53     0x9  stm8s_tim3.o [1]
  .near.rodata       const    0x00ae5c     0x8  ApiAtCmd.o [1]
  .near.rodata       const    0x00ae64     0x8  ApiDisplay.o [1]
  .near.rodata       const    0x00ae6c     0x7  DrvGD83.o [1]
  .near_func.text    ro code  0x00ae73     0x7  stm8s_flash.o [1]
  .near_func.text    ro code  0x00ae7a     0x7  stm8s_gpio.o [1]
  .near.rodata       const    0x00ae81     0x6  DrvGD83.o [1]
  .near.rodata       const    0x00ae87     0x6  System.o [1]
  .near_func.text    ro code  0x00ae8d     0x6  char.o [4]
  .near_func.text    ro code  0x00ae93     0x5  stm8s_adc2.o [1]
  .near_func.text    ro code  0x00ae98     0x5  stm8s_tim3.o [1]
  .near_func.text    ro code  0x00ae9d     0x5  cexit.o [4]
  .near.rodata       const    0x00aea2     0x4  stm8s_clk.o [1]
  .near_func.text    ro code  0x00aea6     0x4  stm8s_gpio.o [1]
  .near_func.text    ro code  0x00aeaa     0x4  stm8s_uart1.o [1]
  .near_func.text    ro code  0x00aeae     0x4  stm8s_uart1.o [1]
  .near_func.text    ro code  0x00aeb2     0x4  stm8s_uart3.o [1]
  .near.rodata       const    0x00aeb6     0x3  DrvGD83.o [1]
  .near_func.text    ro code  0x00aeb9     0x3  main.o [1]
  .near_func.text    ro code  0x00aebc     0x3  interrupt.o [4]
  .near_func.text    ro code  0x00aebf     0x3  low_level_init.o [4]
  .near_func.text    ro code  0x00aec2     0x3  exit.o [4]
  .near_func.text    ro code  0x00aec5     0x3  unhandled_exception.o [4]
  .near_func.text    ro code  0x00aec8     0x1  stm8s_it.o [1]
  .near_func.text    ro code  0x00aec9     0x1  stm8s_it.o [1]
  .near_func.text    ro code  0x00aeca     0x1  stm8s_it.o [1]
  .near_func.text    ro code  0x00aecb     0x1  stm8s_it.o [1]
  .near_func.text    ro code  0x00aecc     0x1  stm8s_it.o [1]
  .near_func.text    ro code  0x00aecd     0x1  stm8s_it.o [1]
  .near_func.text    ro code  0x00aece     0x1  stm8s_it.o [1]
  .near_func.text    ro code  0x00aecf     0x1  stm8s_it.o [1]
  .near_func.text    ro code  0x00aed0     0x1  stm8s_it.o [1]
  .near_func.text    ro code  0x00aed1     0x1  stm8s_it.o [1]
  .near_func.text    ro code  0x00aed2     0x1  stm8s_it.o [1]
  .near_func.text    ro code  0x00aed3     0x1  stm8s_it.o [1]
  .near_func.text    ro code  0x00aed4     0x1  stm8s_it.o [1]
  .near_func.text    ro code  0x00aed5     0x1  stm8s_it.o [1]
  .near_func.text    ro code  0x00aed6     0x1  stm8s_it.o [1]
  .near_func.text    ro code  0x00aed7     0x1  stm8s_it.o [1]
  .near_func.text    ro code  0x00aed8     0x1  stm8s_it.o [1]
  .near_func.text    ro code  0x00aed9     0x1  stm8s_it.o [1]
  .near_func.text    ro code  0x00aeda     0x1  stm8s_it.o [1]
  .near_func.text    ro code  0x00aedb     0x1  stm8s_it.o [1]
  .near_func.text    ro code  0x00aedc     0x1  stm8s_it.o [1]
  .near_func.text    ro code  0x00aedd     0x1  __dbg_break.o [3]
                            - 0x00aede  0x2e5e


*******************************************************************************
*** INIT TABLE
***

          Address   Size
          -------   ----
Zero (__iar_zero_init2)
    1 destination range, total size 0x562:
          0x000050  0x562

Copy (__iar_copy_init2)
    1 source range, total size 0x40:
          0x00a4d0   0x40
    1 destination range, total size 0x40:
          0x000010   0x40



*******************************************************************************
*** MODULE SUMMARY
***

    Module                 ro code  ro data  rw data
    ------                 -------  -------  -------
E:\1-source\A508\PRJ\Debug\Obj: [1]
    ADC.o                       67
    ApiAtCmd.o                 338      116       14
    ApiDisplay.o               573       40      576
    ApiGpsCmd.o                175                 2
    Beep.o                     838                18
    CommonLib.o                 94
    Delay.o                    460                11
    DrvGD83.o                2 509       33      659
    DrvGT20L16S1Y.o            796       40       40
    DrvHTG12832.o              537                 2
    McuConfig.o                373
    System.o                   261       17       29
    Task.o                                         1
    Tone.o                     216                18
    main.o                       3
    stm8s_adc2.o               370
    stm8s_clk.o                268        4
    stm8s_flash.o              158
    stm8s_gpio.o               195
    stm8s_it.o                 102
    stm8s_itc.o                257
    stm8s_tim1.o               392
    stm8s_tim3.o                71
    stm8s_uart1.o              676
    stm8s_uart3.o              635
    sysclock.o                 114
    uart3.o                     74                72
    ------------------------------------------------
    Total:                  10 552      250    1 442

command line: [2]
    ------------------------------------------------
    Total:

dbgstm8smd.a: [3]
    __dbg_break.o                1
    __dbg_xxexit.o              20
    ------------------------------------------------
    Total:                      21

dlstm8smn.a: [4]
    cexit.o                      5
    char.o                       6
    cstartup.o                  19
    dc_util.o                   37
    exit.o                       3
    init.o                      23
    init_small.o                70
    interrupt.o                  3      128
    long.o                     351
    long_util.o                 71
    low_level_init.o             3
    memcpy.o                    37
    move.o                      31
    short.o                     56
    strlen.o                    18
    unhandled_exception.o        3
    vreg_util.o                293
    vregs.o                                       16
    ------------------------------------------------
    Total:                   1 029      128       16

    Linker created                       18      512
----------------------------------------------------
    Grand Total:            11 602      396    1 970


*******************************************************************************
*** ENTRY LIST
***

Entry                    Address   Size  Type      Object
-----                    -------   ----  ----      ------
.iar.init_table$$Base   0x00aa66          --   Gb  - Linker created -
.iar.init_table$$Limit  0x00aa78          --   Gb  - Linker created -
?add32_l0_l0_0x         0x008f36         Code  Gb  long.o [4]
?b0                     0x000000         Data  Gb  vregs.o [4]
?b1                     0x000001         Data  Gb  vregs.o [4]
?b10                    0x00000a         Data  Gb  vregs.o [4]
?b11                    0x00000b         Data  Gb  vregs.o [4]
?b12                    0x00000c         Data  Gb  vregs.o [4]
?b13                    0x00000d         Data  Gb  vregs.o [4]
?b14                    0x00000e         Data  Gb  vregs.o [4]
?b15                    0x00000f         Data  Gb  vregs.o [4]
?b2                     0x000002         Data  Gb  vregs.o [4]
?b3                     0x000003         Data  Gb  vregs.o [4]
?b4                     0x000004         Data  Gb  vregs.o [4]
?b5                     0x000005         Data  Gb  vregs.o [4]
?b6                     0x000006         Data  Gb  vregs.o [4]
?b7                     0x000007         Data  Gb  vregs.o [4]
?b8                     0x000008         Data  Gb  vregs.o [4]
?b9                     0x000009         Data  Gb  vregs.o [4]
?dc32_l0                0x00a94a         Code  Gb  dc_util.o [4]
?dc32_l1                0x00a957         Code  Gb  dc_util.o [4]
?dc32_px                0x00a964         Code  Gb  dc_util.o [4]
?e0                     0x000001         Data  Gb  vregs.o [4]
?e1                     0x000005         Data  Gb  vregs.o [4]
?e2                     0x000009         Data  Gb  vregs.o [4]
?e3                     0x00000d         Data  Gb  vregs.o [4]
?epilogue_l2            0x0093c2         Code  Gb  vreg_util.o [4]
?epilogue_l2_l3         0x0093bf         Code  Gb  vreg_util.o [4]
?epilogue_l2_w6         0x0093c6         Code  Gb  vreg_util.o [4]
?epilogue_w4            0x0093cd         Code  Gb  vreg_util.o [4]
?l0                     0x000000         Data  Gb  vregs.o [4]
?l1                     0x000004         Data  Gb  vregs.o [4]
?l2                     0x000008         Data  Gb  vregs.o [4]
?l3                     0x00000c         Data  Gb  vregs.o [4]
?load32_0x_l0           0x00a47f         Code  Gb  long_util.o [4]
?load32_asp_l0          0x00a473         Code  Gb  long_util.o [4]
?load32_dbsp_l0         0x00a46e         Code  Gb  long_util.o [4]
?load32_l0_0x           0x00a456         Code  Gb  long_util.o [4]
?load32_l0_asp          0x00a44b         Code  Gb  long_util.o [4]
?load32_l0_dbsp         0x00a446         Code  Gb  long_util.o [4]
?load32_l0_xsp          0x00a44d         Code  Gb  long_util.o [4]
?load32_l1_0x           0x00a462         Code  Gb  long_util.o [4]
?load32_xsp_l0          0x00a475         Code  Gb  long_util.o [4]
?longfarg16_v_w0_a      0x00aae4         Code  Gb  move.o [4]
?longfarg16_v_w0_x      0x00aae6         Code  Gb  move.o [4]
?mov_e0_e1              0x0093db         Code  Gb  vreg_util.o [4]
?mov_e0_e2              0x0093e8         Code  Gb  vreg_util.o [4]
?mov_e0_e3              0x0093f5         Code  Gb  vreg_util.o [4]
?mov_e1_e0              0x009402         Code  Gb  vreg_util.o [4]
?mov_e1_e2              0x00940f         Code  Gb  vreg_util.o [4]
?mov_e1_e3              0x00941c         Code  Gb  vreg_util.o [4]
?mov_e2_e0              0x009429         Code  Gb  vreg_util.o [4]
?mov_e3_e0              0x009436         Code  Gb  vreg_util.o [4]
?mov_l0_l1              0x0093d8         Code  Gb  vreg_util.o [4]
?mov_l0_l2              0x0093e5         Code  Gb  vreg_util.o [4]
?mov_l0_l3              0x0093f2         Code  Gb  vreg_util.o [4]
?mov_l1_l0              0x0093ff         Code  Gb  vreg_util.o [4]
?mov_l1_l2              0x00940c         Code  Gb  vreg_util.o [4]
?mov_l1_l3              0x009419         Code  Gb  vreg_util.o [4]
?mov_l2_l0              0x009426         Code  Gb  vreg_util.o [4]
?mov_l3_l0              0x009433         Code  Gb  vreg_util.o [4]
?mov_w1_w3              0x0093de         Code  Gb  vreg_util.o [4]
?mov_w1_w5              0x0093eb         Code  Gb  vreg_util.o [4]
?mov_w1_w7              0x0093f8         Code  Gb  vreg_util.o [4]
?mov_w2_w1              0x0093d1         Code  Gb  vreg_util.o [4]
?mov_w3_w1              0x009405         Code  Gb  vreg_util.o [4]
?mov_w3_w5              0x009412         Code  Gb  vreg_util.o [4]
?mov_w3_w7              0x00941f         Code  Gb  vreg_util.o [4]
?mov_w5_w1              0x00942c         Code  Gb  vreg_util.o [4]
?mov_w7_w1              0x009439         Code  Gb  vreg_util.o [4]
?move1616_v_x_y_a       0x00aad7         Code  Gb  move.o [4]
?mul16_x_x_w0           0x00a54d         Code  Gb  short.o [4]
?mul32_l0_l0_0x         0x008f6c         Code  Gb  long.o [4]
?mul32_l0_l0_dl         0x008f69         Code  Gb  long.o [4]
?mul32_l0_l0_l1         0x008f75         Code  Gb  long.o [4]
?pop_l0                 0x00938b         Code  Gb  vreg_util.o [4]
?pop_l1                 0x009396         Code  Gb  vreg_util.o [4]
?pop_l2                 0x0093a1         Code  Gb  vreg_util.o [4]
?pop_l3                 0x0093ac         Code  Gb  vreg_util.o [4]
?pop_w4                 0x00933d         Code  Gb  vreg_util.o [4]
?pop_w6                 0x009344         Code  Gb  vreg_util.o [4]
?pop_w7                 0x00934b         Code  Gb  vreg_util.o [4]
?push_l0                0x00935a         Code  Gb  vreg_util.o [4]
?push_l1                0x00935f         Code  Gb  vreg_util.o [4]
?push_l2                0x009364         Code  Gb  vreg_util.o [4]
?push_l3                0x009369         Code  Gb  vreg_util.o [4]
?push_w4                0x00931b         Code  Gb  vreg_util.o [4]
?push_w6                0x009320         Code  Gb  vreg_util.o [4]
?push_w7                0x009325         Code  Gb  vreg_util.o [4]
?sext32_l0_x            0x00908a         Code  Gb  long.o [4]
?sll16_x_x_4            0x00a575         Code  Gb  short.o [4]
?sll16_x_x_5            0x00a574         Code  Gb  short.o [4]
?sll16_x_x_6            0x00a573         Code  Gb  short.o [4]
?sll16_x_x_a            0x00a56b         Code  Gb  short.o [4]
?sll32_0x_0x_a          0x00906b         Code  Gb  long.o [4]
?sll32_l0_l0_a          0x009068         Code  Gb  long.o [4]
?srl16_x_x_10           0x00a57a         Code  Gb  short.o [4]
?srl16_x_x_4            0x00a580         Code  Gb  short.o [4]
?srl16_x_x_5            0x00a57f         Code  Gb  short.o [4]
?srl16_x_x_6            0x00a57e         Code  Gb  short.o [4]
?srl16_x_x_7            0x00a57d         Code  Gb  short.o [4]
?srl16_x_x_8            0x00a57c         Code  Gb  short.o [4]
?srl16_x_x_9            0x00a57b         Code  Gb  short.o [4]
?srl32_0x_0x_a          0x00907c         Code  Gb  long.o [4]
?srl32_l0_l0_a          0x009079         Code  Gb  long.o [4]
?srl8_a_a_5             0x00ae8e         Code  Gb  char.o [4]
?srl8_a_a_6             0x00ae8d         Code  Gb  char.o [4]
?sub32_l0_l0_0x         0x008f51         Code  Gb  long.o [4]
?sub32_l0_l0_l1         0x008f4e         Code  Gb  long.o [4]
?udiv32_l0_dl_l1        0x008ff3         Code  Gb  long.o [4]
?udiv32_l0_l0_dl        0x008ff8         Code  Gb  long.o [4]
?udiv32_l0_l0_l1        0x008ffb         Code  Gb  long.o [4]
?umod32_l1_l0_l1        0x008ffb         Code  Gb  long.o [4]
?w0                     0x000000         Data  Gb  vregs.o [4]
?w1                     0x000002         Data  Gb  vregs.o [4]
?w2                     0x000004         Data  Gb  vregs.o [4]
?w3                     0x000006         Data  Gb  vregs.o [4]
?w4                     0x000008         Data  Gb  vregs.o [4]
?w5                     0x00000a         Data  Gb  vregs.o [4]
?w6                     0x00000c         Data  Gb  vregs.o [4]
?w7                     0x00000e         Data  Gb  vregs.o [4]
ADC2_Cmd                0x00ad88    0xd  Code  Gb  stm8s_adc2.o [1]
ADC2_ConversionConfig   0x00a784   0x2f  Code  Gb  stm8s_adc2.o [1]
ADC2_ExternalTriggerConfig
                        0x00aa45   0x21  Code  Gb  stm8s_adc2.o [1]
ADC2_GetConversionValue
                        0x00a30f   0x53  Code  Gb  stm8s_adc2.o [1]
ADC2_IRQHandler         0x00aeda    0x1  Code  Gb  stm8s_it.o [1]
ADC2_Init               0x00a80c   0x2c  Code  Gb  stm8s_adc2.o [1]
ADC2_PrescalerConfig    0x00accb   0x13  Code  Gb  stm8s_adc2.o [1]
ADC2_SchmittTriggerConfig
                        0x009eae   0x7e  Code  Gb  stm8s_adc2.o [1]
ADC2_StartConversion    0x00ae93    0x5  Code  Gb  stm8s_adc2.o [1]
ADC_Init                0x00aa78   0x20  Code  Gb  ADC.o [1]
AF_Mute_Init            0x00ae08    0xc  Code  Gb  McuConfig.o [1]
AUDIO_IOAFMUT           0x00abf5   0x17  Code  Gb  McuConfig.o [1]
AUDIO_IOAFPOW           0x00ac0c   0x17  Code  Gb  McuConfig.o [1]
AWU_IRQHandler          0x00aeca    0x1  Code  Gb  stm8s_it.o [1]
ApiAtCmd_WritCommand    0x009095  0x152  Code  Gb  ApiAtCmd.o [1]
ApiGpsCmd_PowerOnInitial
                        0x009a57   0xaf  Code  Gb  ApiGpsCmd.o [1]
AtNotify_Queue          0x008118   0x4c  Code  Lc  DrvGD83.o [1]
AtNotify_Queue_Start    0x008164   0x55  Code  Lc  DrvGD83.o [1]
BEEP_Interrupt10ms      0x00ab66   0x1a  Code  Gb  Beep.o [1]
BEEP_PowerOnInitial     0x008aba   0xc9  Code  Gb  Beep.o [1]
BEEP_SetOutput          0x008889  0x231  Code  Gb  Beep.o [1]
BEEP_Time               0x00a6c0   0x32  Code  Gb  Beep.o [1]
BaseAdd                 0x00002e   0x20  Data  Gb  DrvGT20L16S1Y.o [1]
BeepDrvObj              0x000572   0x12  Data  Lc  Beep.o [1]
BitTab                  0x00ae64    0x8  Data  Gb  ApiDisplay.o [1]
CHAR_HIGH               0x00ad4b   0x10  Data  Gb  ApiDisplay.o [1]
CHAR_WIDTH              0x00ad5b   0x10  Data  Gb  ApiDisplay.o [1]
CLK_ClockSwitchConfig   0x009c57   0xa2  Code  Gb  stm8s_clk.o [1]
CLK_GetClockFreq        0x00a264   0x57  Code  Gb  stm8s_clk.o [1]
CLK_HSIPrescalerConfig  0x00acde   0x13  Code  Gb  stm8s_clk.o [1]
CLK_IRQHandler          0x00aecb    0x1  Code  Gb  stm8s_it.o [1]
COML_StringReverse      0x00a1ac   0x5e  Code  Gb  CommonLib.o [1]
CSTACK$$Base            0x001600          --   Gb  - Linker created -
CSTACK$$Limit           0x001800          --   Gb  - Linker created -
C_TEST_OUT_SET          0x00ae20    0xc  Code  Gb  McuConfig.o [1]
CaretNotify_Queue       0x008080   0x4c  Code  Lc  DrvGD83.o [1]
CaretNotify_Queue_Start
                        0x00820e   0x55  Code  Lc  DrvGD83.o [1]
DEL_GetTimer            0x00a2bb   0x54  Code  Gb  Delay.o [1]
DEL_Interrupt           0x009bb5   0xa2  Code  Gb  Delay.o [1]
DEL_PowerOnInitial      0x00aab8   0x1f  Code  Gb  Delay.o [1]
DEL_SetTimer            0x009fa6   0x73  Code  Gb  Delay.o [1]
DEL_Soft1ms             0x00ab14   0x1c  Code  Gb  Delay.o [1]
DEL_TimerRenew          0x00a862   0x28  Code  Lc  Delay.o [1]
DISP_DataBuf            0x00982c   0xc5  Code  Lc  ApiDisplay.o [1]
DISP_MulTypePro         0x0099a5   0xb2  Code  Lc  ApiDisplay.o [1]
DefaultSystemClockForHSI
                        0x00ab4b   0x1b  Code  Gb  sysclock.o [1]
DelDrvObj               0x000596    0xb  Data  Lc  Delay.o [1]
DisDataBit              0x00051e   0x40  Data  Gb  ApiDisplay.o [1]
DisDataBuf              0x0002da  0x200  Data  Gb  ApiDisplay.o [1]
DrvGD83DrvObj           0x000050  0x28a  Data  Lc  DrvGD83.o [1]
DrvGD83_Init            0x00ab80   0x18  Code  Gb  McuConfig.o [1]
DrvGD83_UART_TxCommand  0x009f2c   0x7a  Code  Gb  DrvGD83.o [1]
DrvMC8332_Software_Initial
                        0x00a510   0x3d  Code  Gb  DrvGD83.o [1]
DrvMC8332_TxPort_SetValidable
                        0x00a7e0   0x2c  Code  Gb  DrvGD83.o [1]
DrvMC8332_UART_Interrupt
                        0x0084cd  0x3bc  Code  Gb  DrvGD83.o [1]
DrvMc8332_UART_TxTail   0x00974b   0xe1  Code  Gb  DrvGD83.o [1]
EEPROM_EEC_IRQHandler   0x00aedc    0x1  Code  Gb  stm8s_it.o [1]
EXTI_PORTA_IRQHandler   0x00aecc    0x1  Code  Gb  stm8s_it.o [1]
EXTI_PORTB_IRQHandler   0x00aecd    0x1  Code  Gb  stm8s_it.o [1]
EXTI_PORTC_IRQHandler   0x00aece    0x1  Code  Gb  stm8s_it.o [1]
EXTI_PORTD_IRQHandler   0x00aecf    0x1  Code  Gb  stm8s_it.o [1]
EXTI_PORTE_IRQHandler   0x00aed0    0x1  Code  Gb  stm8s_it.o [1]
FLASH_EraseOptionByte   0x00a8b2   0x27  Code  Gb  stm8s_flash.o [1]
FLASH_Lock              0x00ae73    0x7  Code  Gb  stm8s_flash.o [1]
FLASH_ProgramOptionByte
                        0x00a9b7   0x24  Code  Gb  stm8s_flash.o [1]
FLASH_Unlock            0x00ac3a   0x16  Code  Gb  stm8s_flash.o [1]
FLASH_WaitForLastOperation
                        0x00a5bb   0x36  Code  Gb  stm8s_flash.o [1]
GD83_ON                 0x00ab98   0x18  Code  Gb  McuConfig.o [1]
GPIO_Init               0x009b06   0xaf  Code  Gb  stm8s_gpio.o [1]
GPIO_ReadInputPin       0x00ae4a    0x9  Code  Gb  stm8s_gpio.o [1]
GPIO_WriteHigh          0x00ae7a    0x7  Code  Gb  stm8s_gpio.o [1]
GPIO_WriteLow           0x00aea6    0x4  Code  Gb  stm8s_gpio.o [1]
GT20_DelTime            0x00ac90   0x14  Code  Lc  DrvGT20L16S1Y.o [1]
GT20_GetData            0x00a14d   0x5f  Code  Lc  DrvGT20L16S1Y.o [1]
GT20_GetDisData         0x00a585   0x36  Code  Lc  DrvGT20L16S1Y.o [1]
GT20_SendByte           0x00a20a   0x5a  Code  Lc  DrvGT20L16S1Y.o [1]
GT20_SendCommand        0x00a3b0   0x4c  Code  Lc  DrvGT20L16S1Y.o [1]
GpsFunDrvObj            0x0005aa    0x2  Data  Lc  ApiGpsCmd.o [1]
GpsNotify_Queue         0x008451   0x7c  Code  Lc  DrvGD83.o [1]
GpsNotify_Queue_Start   0x008263   0x99  Code  Lc  DrvGD83.o [1]
HSE_ClockStartUpConfiguration
                        0x00a754   0x30  Code  Lc  sysclock.o [1]
HSIDivFactor            0x00aea2    0x4  Data  Gb  stm8s_clk.o [1]
HtgDrvObj               0x0005ac    0x2  Data  Lc  DrvHTG12832.o [1]
I2C_IRQHandler          0x00aed8    0x1  Code  Gb  stm8s_it.o [1]
INTVEC$$Base            0x008000          --   Gb  - Linker created -
INTVEC$$Limit           0x008080          --   Gb  - Linker created -
ITC_SetSoftwarePriority
                        0x00964a  0x101  Code  Gb  stm8s_itc.o [1]
Key_Init                0x00a724   0x30  Code  Gb  McuConfig.o [1]
LED_Init                0x00a96f   0x24  Code  Gb  McuConfig.o [1]
MIC_GPIO_Init           0x00adfc    0xc  Code  Gb  McuConfig.o [1]
MIC_IOMUT               0x00abde   0x17  Code  Gb  McuConfig.o [1]
NoUseNum                0x0005b1    0x1  Data  Gb  Task.o [1]
Noise_Mute_Init         0x00ae14    0xc  Code  Gb  McuConfig.o [1]
Notify_Queue_Stop       0x0082fc  0x155  Code  Lc  DrvGD83.o [1]
OneChannelGetADValue    0x00a9ff   0x23  Code  Gb  ADC.o [1]
PasObj                  0x0005a6    0x4  Data  Lc  uart3.o [1]
PocNotify_Queue         0x0080cc   0x4c  Code  Lc  DrvGD83.o [1]
PocNotify_Queue_Start   0x0081b9   0x55  Code  Lc  DrvGD83.o [1]
Region$$Table$$Base     0x00aa66          --   Gb  - Linker created -
Region$$Table$$Limit    0x00aa78          --   Gb  - Linker created -
SPI_IRQHandler          0x00aed1    0x1  Code  Gb  stm8s_it.o [1]
Set_GreenLed            0x00abb0   0x17  Code  Gb  McuConfig.o [1]
Set_RedLed              0x00abc7   0x17  Code  Gb  McuConfig.o [1]
SystemClock_Init        0x00a8d9   0x27  Code  Gb  sysclock.o [1]
TIM1_CAP_COM_IRQHandler
                        0x00aed3    0x1  Code  Gb  stm8s_it.o [1]
TIM1_CCxCmd             0x00a48d   0x43  Code  Gb  stm8s_tim1.o [1]
TIM1_Cmd                0x00ad95    0xd  Code  Gb  stm8s_tim1.o [1]
TIM1_CtrlPWMOutputs     0x00ada2    0xd  Code  Gb  stm8s_tim1.o [1]
TIM1_DeInit             0x009cf9   0x99  Code  Gb  stm8s_tim1.o [1]
TIM1_OC1Init            0x00a0ec   0x61  Code  Gb  stm8s_tim1.o [1]
TIM1_OC1PreloadConfig   0x00adaf    0xd  Code  Gb  stm8s_tim1.o [1]
TIM1_PWM_Init           0x00a362   0x4e  Code  Gb  Tone.o [1]
TIM1_TimeBaseInit       0x00a9db   0x24  Code  Gb  stm8s_tim1.o [1]
TIM1_UPD_OVF_TRG_BRK_IRQHandler
                        0x00aed2    0x1  Code  Gb  stm8s_it.o [1]
TIM2_CAP_COM_IRQHandler
                        0x00aed5    0x1  Code  Gb  stm8s_it.o [1]
TIM2_UPD_OVF_BRK_IRQHandler
                        0x00aed4    0x1  Code  Gb  stm8s_it.o [1]
TIM3_ARRPreloadConfig   0x00adc9    0xd  Code  Gb  stm8s_tim3.o [1]
TIM3_CAP_COM_IRQHandler
                        0x00aed6    0x1  Code  Gb  stm8s_it.o [1]
TIM3_ClearITPendingBit  0x00ae98    0x5  Code  Gb  stm8s_tim3.o [1]
TIM3_Cmd                0x00adbc    0xd  Code  Gb  stm8s_tim3.o [1]
TIM3_ITConfig           0x00acf1   0x13  Code  Gb  stm8s_tim3.o [1]
TIM3_PrescalerConfig    0x00ae53    0x9  Code  Gb  stm8s_tim3.o [1]
TIM3_TimeBaseInit       0x00ae2c    0xc  Code  Gb  stm8s_tim3.o [1]
TIM3_UPD_OVF_BRK_IRQHandler
                        0x00ab30   0x1b  Code  Gb  stm8s_it.o [1]
TIM4_UPD_OVF_IRQHandler
                        0x00aedb    0x1  Code  Gb  stm8s_it.o [1]
TLI_IRQHandler          0x00aec9    0x1  Code  Gb  stm8s_it.o [1]
TONE_PowerOnInitial     0x00a085   0x67  Code  Gb  Tone.o [1]
TONE_Start              0x00aa2a   0x1b  Code  Gb  Tone.o [1]
TONE_Stop               0x00aa22    0x8  Code  Gb  Tone.o [1]
TRAP_IRQHandler         0x00aec8    0x1  Code  Gb  stm8s_it.o [1]
TaskDrvObj              0x00055e   0x14  Data  Lc  System.o [1]
Test2                   0x0005ae    0x2  Data  Gb  System.o [1]
TestBuf                 0x0005a1    0x5  Data  Gb  System.o [1]
Tim3_Timer_Init         0x00a993   0x24  Code  Gb  McuConfig.o [1]
TimeVal                 0x000026    0x8  Data  Gb  DrvGT20L16S1Y.o [1]
ToneDrvObj              0x000584   0x12  Data  Lc  Tone.o [1]
UART1_Cmd               0x00add6    0xd  Code  Gb  stm8s_uart1.o [1]
UART1_DeInit            0x00a7b3   0x2d  Code  Gb  stm8s_uart1.o [1]
UART1_GetFlagStatus     0x00a6f2   0x32  Code  Gb  stm8s_uart1.o [1]
UART1_GetITStatus       0x009d92   0x90  Code  Gb  stm8s_uart1.o [1]
UART1_ITConfig          0x00a019   0x6c  Code  Gb  stm8s_uart1.o [1]
UART1_Init              0x0091e7  0x134  Code  Gb  stm8s_uart1.o [1]
UART1_RX_IRQHandler     0x00aa98   0x20  Code  Gb  stm8s_it.o [1]
UART1_ReceiveData8      0x00aeaa    0x4  Code  Gb  stm8s_uart1.o [1]
UART1_SendData8         0x00aeae    0x4  Code  Gb  stm8s_uart1.o [1]
UART1_TX_IRQHandler     0x00aed7    0x1  Code  Gb  stm8s_it.o [1]
UART3_Cmd               0x00ade3    0xd  Code  Gb  stm8s_uart3.o [1]
UART3_DeInit            0x00a900   0x25  Code  Gb  stm8s_uart3.o [1]
UART3_GetITStatus       0x0098f1   0xb4  Code  Gb  stm8s_uart3.o [1]
UART3_ITConfig          0x009e22   0x8c  Code  Gb  stm8s_uart3.o [1]
UART3_Init              0x009440  0x105  Code  Gb  stm8s_uart3.o [1]
UART3_Interrupt         0x00ac7b   0x15  Code  Gb  uart3.o [1]
UART3_RX_IRQHandler     0x00ac50   0x16  Code  Gb  stm8s_it.o [1]
UART3_ReceiveData8      0x00aeb2    0x4  Code  Gb  stm8s_uart3.o [1]
UART3_TX_IRQHandler     0x00aed9    0x1  Code  Gb  stm8s_it.o [1]
Uart1_Init              0x00a838   0x2a  Code  Gb  McuConfig.o [1]
Uart3_Init              0x00a5f1   0x35  Code  Gb  uart3.o [1]
UartDrvObj              0x0004da   0x44  Data  Lc  uart3.o [1]
__DebugBreak            0x00aedd    0x1  Code  Gb  __dbg_break.o [3]
__exit                  0x00aca4   0x14  Code  Gb  __dbg_xxexit.o [3]
__iar_copy_init2        0x00a88a         Code  Gb  init_small.o [4]
__iar_data_init2        0x00ac23   0x17  Code  Gb  init.o [4]
__iar_program_start     0x00ad04         Code  Gb  cstartup.o [4]
__iar_unhandled_exception
                        0x00aec5         Code  Gb  unhandled_exception.o [4]
__iar_zero_init2        0x00aaf6         Code  Gb  init_small.o [4]
__intvec                0x008000         Data  Gb  interrupt.o [4]
__low_level_init        0x00aebf    0x3  Code  Gb  low_level_init.o [4]
_exit                   0x00ae9d         Code  Gb  cexit.o [4]
_interrupt_1            0x00aec8         Code  Gb  stm8s_it.o [1]
_interrupt_12           0x00aed1         Code  Gb  stm8s_it.o [1]
_interrupt_13           0x00aed2         Code  Gb  stm8s_it.o [1]
_interrupt_14           0x00aed3         Code  Gb  stm8s_it.o [1]
_interrupt_15           0x00aed4         Code  Gb  stm8s_it.o [1]
_interrupt_16           0x00aed5         Code  Gb  stm8s_it.o [1]
_interrupt_17           0x00ab30         Code  Gb  stm8s_it.o [1]
_interrupt_18           0x00aed6         Code  Gb  stm8s_it.o [1]
_interrupt_19           0x00aed7         Code  Gb  stm8s_it.o [1]
_interrupt_2            0x00aec9         Code  Gb  stm8s_it.o [1]
_interrupt_20           0x00aa98         Code  Gb  stm8s_it.o [1]
_interrupt_21           0x00aed8         Code  Gb  stm8s_it.o [1]
_interrupt_22           0x00aed9         Code  Gb  stm8s_it.o [1]
_interrupt_23           0x00ac50         Code  Gb  stm8s_it.o [1]
_interrupt_24           0x00aeda         Code  Gb  stm8s_it.o [1]
_interrupt_25           0x00aedb         Code  Gb  stm8s_it.o [1]
_interrupt_26           0x00aedc         Code  Gb  stm8s_it.o [1]
_interrupt_3            0x00aeca         Code  Gb  stm8s_it.o [1]
_interrupt_4            0x00aecb         Code  Gb  stm8s_it.o [1]
_interrupt_5            0x00aecc         Code  Gb  stm8s_it.o [1]
_interrupt_6            0x00aecd         Code  Gb  stm8s_it.o [1]
_interrupt_7            0x00aece         Code  Gb  stm8s_it.o [1]
_interrupt_8            0x00aecf         Code  Gb  stm8s_it.o [1]
_interrupt_9            0x00aed0         Code  Gb  stm8s_it.o [1]
api_disp_all_screen_refresh
                        0x00a3fc   0x4a  Code  Gb  ApiDisplay.o [1]
api_disp_char_output    0x00ac66   0x15  Code  Gb  ApiDisplay.o [1]
api_lcd_pwr_on_hint     0x00a65a   0x33  Code  Gb  ApiDisplay.o [1]
api_lcd_pwr_on_hint2    0x00a626   0x34  Code  Gb  ApiDisplay.o [1]
drv_gt20_data_output    0x008d9c  0x19a  Code  Gb  DrvGT20L16S1Y.o [1]
drv_gt20_pwr_on_init    0x00a6bd    0x3  Code  Gb  DrvGT20L16S1Y.o [1]
drv_htg_clr_allscr      0x008ca1   0x31  Code  Gb  DrvHTG12832.o [1]
drv_htg_pwr_on_init     0x008d93    0x9  Code  Gb  DrvHTG12832.o [1]
drv_htg_reset           0x008b83    0x5  Code  Gb  DrvHTG12832.o [1]
drv_htg_set_address     0x008bf7   0x3b  Code  Gb  DrvHTG12832.o [1]
drv_htg_write_command   0x008b88   0x6f  Code  Gb  DrvHTG12832.o [1]
drv_htg_write_data      0x008c32   0x6f  Code  Gb  DrvHTG12832.o [1]
exit                    0x00aec2    0x3  Code  Gb  exit.o [4]
htg_delay_ms            0x008cd2   0x1e  Code  Lc  DrvHTG12832.o [1]
htg_initial             0x008cf0   0x5b  Code  Lc  DrvHTG12832.o [1]
main                    0x00aeb9    0x3  Code  Gb  main.o [1]
main_app                0x009545  0x105  Code  Gb  System.o [1]
mcu_gt20_initial        0x00a68d   0x30  Code  Lc  DrvGT20L16S1Y.o [1]
mcu_lcd_initial         0x008d4b   0x48  Code  Lc  DrvHTG12832.o [1]
memcpy                  0x00a925   0x25  Code  Gb  memcpy.o [4]
strlen                  0x00ad29   0x12  Code  Gb  strlen.o [4]
ucCheckCard             0x00001c    0x2  Data  Gb  ApiAtCmd.o [1]
ucCheckPPP              0x000018    0x2  Data  Gb  ApiAtCmd.o [1]
ucCheckRssi             0x00001a    0x2  Data  Gb  ApiAtCmd.o [1]
ucCheckTcp              0x000010    0x2  Data  Gb  ApiAtCmd.o [1]
ucGD83Reset             0x00004e    0x2  Data  Gb  System.o [1]
ucRxOkHeadInfo          0x000022    0x2  Data  Gb  DrvGD83.o [1]
ucRxPocHeadInfo         0x000020    0x2  Data  Gb  DrvGD83.o [1]
ucRxTcpDataHeadInfo     0x000024    0x2  Data  Gb  DrvGD83.o [1]
ucSendTcp               0x000014    0x2  Data  Gb  ApiAtCmd.o [1]
ucSetIp                 0x000012    0x2  Data  Gb  ApiAtCmd.o [1]
ucTxPocHeadInfo         0x00001e    0x2  Data  Gb  DrvGD83.o [1]
ucZpppOpen              0x000016    0x2  Data  Gb  ApiAtCmd.o [1]


[1] = E:\1-source\A508\PRJ\Debug\Obj
[2] = command line
[3] = dbgstm8smd.a
[4] = dlstm8smn.a

  11 602 bytes of readonly  code memory
     396 bytes of readonly  data memory
   1 970 bytes of readwrite data memory

Errors: none
Warnings: none
