###############################################################################
#
# IAR ELF Linker V2.20.1.176 for STM8                     29/Jan/2018  14:17:37
# Copyright 2010-2015 IAR Systems AB.
#
#    Output file  =  E:\1-source\A508\PRJ\Debug\Exe\A508_DEMO1.out
#    Map file     =  E:\1-source\A508\PRJ\Debug\List\A508_DEMO1.map
#    Command line =  
#        E:\1-source\A508\PRJ\Debug\Obj\ADC.o
#        E:\1-source\A508\PRJ\Debug\Obj\ApiAtCmd.o
#        E:\1-source\A508\PRJ\Debug\Obj\ApiDisplay.o
#        E:\1-source\A508\PRJ\Debug\Obj\ApiGpsCmd.o
#        E:\1-source\A508\PRJ\Debug\Obj\ApiKeyboard.o
#        E:\1-source\A508\PRJ\Debug\Obj\ApiLED.o
#        E:\1-source\A508\PRJ\Debug\Obj\ApiMenu.o
#        E:\1-source\A508\PRJ\Debug\Obj\ApiPocCmd.o
#        E:\1-source\A508\PRJ\Debug\Obj\Beep.o
#        E:\1-source\A508\PRJ\Debug\Obj\CommonLib.o
#        E:\1-source\A508\PRJ\Debug\Obj\Config.o
#        E:\1-source\A508\PRJ\Debug\Obj\Delay.o
#        E:\1-source\A508\PRJ\Debug\Obj\DrvGD83.o
#        E:\1-source\A508\PRJ\Debug\Obj\DrvGT20L16S1Y.o
#        E:\1-source\A508\PRJ\Debug\Obj\DrvHTG12832.o
#        E:\1-source\A508\PRJ\Debug\Obj\DrvKeyboard.o
#        E:\1-source\A508\PRJ\Debug\Obj\Flash_eeprom.o
#        E:\1-source\A508\SRC\Syetem\GT20L16_STM8_DOUBLE_MEDIUM_IAR.a
#        E:\1-source\A508\PRJ\Debug\Obj\GT20L16P1Y_D.o
#        E:\1-source\A508\PRJ\Debug\Obj\main.o
#        E:\1-source\A508\PRJ\Debug\Obj\McuConfig.o
#        E:\1-source\A508\PRJ\Debug\Obj\stm8s_adc2.o
#        E:\1-source\A508\PRJ\Debug\Obj\stm8s_awu.o
#        E:\1-source\A508\PRJ\Debug\Obj\stm8s_beep.o
#        E:\1-source\A508\PRJ\Debug\Obj\stm8s_clk.o
#        E:\1-source\A508\PRJ\Debug\Obj\stm8s_exti.o
#        E:\1-source\A508\PRJ\Debug\Obj\stm8s_flash.o
#        E:\1-source\A508\PRJ\Debug\Obj\stm8s_gpio.o
#        E:\1-source\A508\PRJ\Debug\Obj\stm8s_i2c.o
#        E:\1-source\A508\PRJ\Debug\Obj\stm8s_it.o
#        E:\1-source\A508\PRJ\Debug\Obj\stm8s_itc.o
#        E:\1-source\A508\PRJ\Debug\Obj\stm8s_iwdg.o
#        E:\1-source\A508\PRJ\Debug\Obj\stm8s_rst.o
#        E:\1-source\A508\PRJ\Debug\Obj\stm8s_spi.o
#        E:\1-source\A508\PRJ\Debug\Obj\stm8s_tim1.o
#        E:\1-source\A508\PRJ\Debug\Obj\stm8s_tim2.o
#        E:\1-source\A508\PRJ\Debug\Obj\stm8s_tim3.o
#        E:\1-source\A508\PRJ\Debug\Obj\stm8s_tim4.o
#        E:\1-source\A508\PRJ\Debug\Obj\stm8s_uart1.o
#        E:\1-source\A508\PRJ\Debug\Obj\stm8s_uart3.o
#        E:\1-source\A508\PRJ\Debug\Obj\stm8s_wwdg.o
#        E:\1-source\A508\PRJ\Debug\Obj\sysclock.o
#        E:\1-source\A508\PRJ\Debug\Obj\System.o
#        E:\1-source\A508\PRJ\Debug\Obj\Task.o
#        E:\1-source\A508\PRJ\Debug\Obj\Tone.o
#        E:\1-source\A508\PRJ\Debug\Obj\uart3.o
#        E:\1-source\A508\PRJ\Debug\Obj\Voice.o --redirect _Printf=_PrintfSmall
#        --redirect _Scanf=_ScanfSmall -o
#        E:\1-source\A508\PRJ\Debug\Exe\A508_DEMO1.out --map
#        E:\1-source\A508\PRJ\Debug\List\A508_DEMO1.map --config "C:\Program
#        Files\IAR Systems\Embedded Workbench
#        7.3\stm8\config\lnkstm8s007c8.icf" --config_def _CSTACK_SIZE=0x100
#        --config_def _HEAP_SIZE=0x00 --entry __iar_program_start --debug_lib
#
###############################################################################

*******************************************************************************
*** RUNTIME MODEL ATTRIBUTES
***

__SystemLibrary            = DLib
__code_model               = medium_or_large
__core                     = stm8
__data_model               = medium
__dlib_file_descriptor     = 0
__dlib_full_locale_support = 0
__rt_version               = 4


*******************************************************************************
*** PLACEMENT SUMMARY
***

"A1":  place at start of [0x000000-0x0000ff] { rw section .vregs };
"A2":  place at end of [0x000000-0x0017ff] { block CSTACK };
"P2":  place in [from 0x000000 to 0x0017ff] {
          block HEAP, rw section __DLIB_PERTHREAD, rw section .far.bss,
          rw section .far.data, rw section .far.noinit,
          rw section .far_func.textrw, rw section .huge.bss,
          rw section .huge.data, rw section .huge.noinit,
          rw section .huge_func.textrw, rw section .iar.dynexit,
          rw section .near.bss, rw section .near.data, rw section .near.noinit,
          rw section .near_func.textrw };
"A3":  place at start of [0x008000-0x00ffff] { block INTVEC };
"P3":  place in [from 0x008000 to 0x00ffff] {
          ro section __DLIB_PERTHREAD_init, ro section .far.data_init,
          ro section .far_func.textrw_init, ro section .huge.data_init,
          ro section .huge_func.textrw_init, ro section .iar.init_table,
          ro section .init_array, ro section .near.data_init,
          ro section .near.rodata, ro section .near_func.text,
          ro section .near_func.textrw_init, ro section .tiny.data_init,
          ro section .tiny.rodata_init };
"P4":  place in [from 0x008000 to 0x00ffff repeat 2] {
          ro section .far.rodata, ro section .far_func.text };

  Section            Kind      Address    Size  Object
  -------            ----      -------    ----  ------
"A1":                                     0x10
  .vregs             uninit   0x000000    0x10  vregs.o [5]
                            - 0x000010    0x10

"P2", part 1 of 2:                        0x64
  P2-1                        0x000010    0x64  <Init block>
    .near.data       inited   0x000010     0x1  ApiAtCmd.o [1]
    .near.data       inited   0x000011     0x2  ApiAtCmd.o [1]
    .near.data       inited   0x000013     0x2  ApiAtCmd.o [1]
    .near.data       inited   0x000015     0x2  ApiAtCmd.o [1]
    .near.data       inited   0x000017     0x2  ApiAtCmd.o [1]
    .near.data       inited   0x000019     0x2  ApiAtCmd.o [1]
    .near.data       inited   0x00001b     0x2  ApiAtCmd.o [1]
    .near.data       inited   0x00001d     0x2  ApiAtCmd.o [1]
    .near.data       inited   0x00001f     0x2  ApiAtCmd.o [1]
    .near.data       inited   0x000021     0x2  ApiAtCmd.o [1]
    .near.data       inited   0x000023     0x2  ApiAtCmd.o [1]
    .near.data       inited   0x000025     0x2  ApiAtCmd.o [1]
    .near.data       inited   0x000027     0x2  ApiAtCmd.o [1]
    .near.data       inited   0x000029     0x2  ApiAtCmd.o [1]
    .near.data       inited   0x00002b     0x2  ApiAtCmd.o [1]
    .near.data       inited   0x00002d     0x2  ApiAtCmd.o [1]
    .near.data       inited   0x00002f     0x2  ApiAtCmd.o [1]
    .near.data       inited   0x000031     0x2  ApiAtCmd.o [1]
    .near.data       inited   0x000033     0x2  ApiAtCmd.o [1]
    .near.data       inited   0x000035     0x2  ApiAtCmd.o [1]
    .near.data       inited   0x000037     0x2  ApiAtCmd.o [1]
    .near.data       inited   0x000039     0x2  ApiAtCmd.o [1]
    .near.data       inited   0x00003b     0x2  ApiAtCmd.o [1]
    .near.data       inited   0x00003d     0x1  ApiKeyboard.o [1]
    .near.data       inited   0x00003e     0x2  ApiKeyboard.o [1]
    .near.data       inited   0x000040     0x2  ApiKeyboard.o [1]
    .near.data       inited   0x000042     0x2  ApiKeyboard.o [1]
    .near.data       inited   0x000044     0x1  ApiKeyboard.o [1]
    .near.data       inited   0x000045     0x1  ApiKeyboard.o [1]
    .near.data       inited   0x000046     0x2  ApiPocCmd.o [1]
    .near.data       inited   0x000048     0x2  ApiPocCmd.o [1]
    .near.data       inited   0x00004a     0x2  Delay.o [1]
    .near.data       inited   0x00004c     0x2  Delay.o [1]
    .near.data       inited   0x00004e     0x2  DrvGD83.o [1]
    .near.data       inited   0x000050     0x2  DrvGD83.o [1]
    .near.data       inited   0x000052     0x2  DrvGD83.o [1]
    .near.data       inited   0x000054     0x2  DrvGD83.o [1]
    .near.data       inited   0x000056     0x2  System.o [1]
    .near.data       inited   0x000058     0x1  Task.o [1]
    .near.data       inited   0x000059     0x1  Task.o [1]
    .near.data       inited   0x00005a     0x2  Task.o [1]
    .near.data       inited   0x00005c     0x2  Task.o [1]
    .near.data       inited   0x00005e     0x2  Task.o [1]
    .near.data       inited   0x000060     0x2  Task.o [1]
    .near.data       inited   0x000062     0x2  Task.o [1]
    .near.data       inited   0x000064     0x2  Task.o [1]
    .near.data       inited   0x000066     0x2  Task.o [1]
    .near.data       inited   0x000068     0x2  Task.o [1]
    .near.data       inited   0x00006a     0x2  Task.o [1]
    .near.data       inited   0x00006c     0x2  Task.o [1]
    .near.data       inited   0x00006e     0x2  Task.o [1]
    .near.data       inited   0x000070     0x2  Task.o [1]
    .near.data       inited   0x000072     0x2  Task.o [1]
                            - 0x000074    0x64

"P2", part 2 of 2:                      0x1581
  .near.bss          zero     0x000074   0xbd7  ApiPocCmd.o [1]
  .near.bss          zero     0x000c4b   0x318  DrvGD83.o [1]
  .near.bss          zero     0x000f63   0x224  ApiGpsCmd.o [1]
  .near.bss          zero     0x001187   0x200  ApiDisplay.o [1]
  .near.bss          zero     0x001387    0xa5  ApiAtCmd.o [1]
  .near.bss          zero     0x00142c    0x50  ApiPocCmd.o [1]
  .near.bss          zero     0x00147c    0x44  uart3.o [1]
  .near.bss          zero     0x0014c0    0x40  ApiDisplay.o [1]
  .near.bss          zero     0x001500    0x2d  ApiPocCmd.o [1]
  .near.bss          zero     0x00152d    0x16  ApiPocCmd.o [1]
  .near.bss          zero     0x001543    0x14  System.o [1]
  .near.bss          zero     0x001557    0x12  Beep.o [1]
  .near.bss          zero     0x001569    0x12  Tone.o [1]
  .near.bss          zero     0x00157b     0xf  ApiPocCmd.o [1]
  .near.bss          zero     0x00158a     0xf  ApiPocCmd.o [1]
  .near.bss          zero     0x001599     0xb  ApiPocCmd.o [1]
  .near.bss          zero     0x0015a4     0xb  Delay.o [1]
  .near.bss          zero     0x0015af     0x6  Voice.o [1]
  .near.bss          zero     0x0015b5     0x4  uart3.o [1]
  .near.bss          zero     0x0015b9     0x2  ApiDisplay.o [1]
  .near.bss          zero     0x0015bb     0x2  DrvHTG12832.o [1]
  .near.bss          zero     0x0015bd     0x1  ADC.o [1]
  .near.bss          zero     0x0015be     0x1  ADC.o [1]
  .near.bss          zero     0x0015bf     0x1  ApiAtCmd.o [1]
  .near.bss          zero     0x0015c0     0x1  ApiAtCmd.o [1]
  .near.bss          zero     0x0015c1     0x1  ApiAtCmd.o [1]
  .near.bss          zero     0x0015c2     0x1  ApiAtCmd.o [1]
  .near.bss          zero     0x0015c3     0x1  ApiAtCmd.o [1]
  .near.bss          zero     0x0015c4     0x1  ApiAtCmd.o [1]
  .near.bss          zero     0x0015c5     0x1  ApiAtCmd.o [1]
  .near.bss          zero     0x0015c6     0x1  ApiGpsCmd.o [1]
  .near.bss          zero     0x0015c7     0x1  ApiKeyboard.o [1]
  .near.bss          zero     0x0015c8     0x1  ApiKeyboard.o [1]
  .near.bss          zero     0x0015c9     0x1  ApiKeyboard.o [1]
  .near.bss          zero     0x0015ca     0x1  ApiKeyboard.o [1]
  .near.bss          zero     0x0015cb     0x1  ApiKeyboard.o [1]
  .near.bss          zero     0x0015cc     0x1  ApiKeyboard.o [1]
  .near.bss          zero     0x0015cd     0x1  ApiKeyboard.o [1]
  .near.bss          zero     0x0015ce     0x1  ApiKeyboard.o [1]
  .near.bss          zero     0x0015cf     0x1  ApiKeyboard.o [1]
  .near.bss          zero     0x0015d0     0x1  ApiKeyboard.o [1]
  .near.bss          zero     0x0015d1     0x1  ApiKeyboard.o [1]
  .near.bss          zero     0x0015d2     0x1  ApiKeyboard.o [1]
  .near.bss          zero     0x0015d3     0x1  ApiKeyboard.o [1]
  .near.bss          zero     0x0015d4     0x1  ApiKeyboard.o [1]
  .near.bss          zero     0x0015d5     0x1  ApiKeyboard.o [1]
  .near.bss          zero     0x0015d6     0x1  ApiKeyboard.o [1]
  .near.bss          zero     0x0015d7     0x1  ApiKeyboard.o [1]
  .near.bss          zero     0x0015d8     0x1  ApiKeyboard.o [1]
  .near.bss          zero     0x0015d9     0x1  ApiKeyboard.o [1]
  .near.bss          zero     0x0015da     0x1  ApiLED.o [1]
  .near.bss          zero     0x0015db     0x1  ApiPocCmd.o [1]
  .near.bss          zero     0x0015dc     0x1  ApiPocCmd.o [1]
  .near.bss          zero     0x0015dd     0x1  ApiPocCmd.o [1]
  .near.bss          zero     0x0015de     0x1  ApiPocCmd.o [1]
  .near.bss          zero     0x0015df     0x1  ApiPocCmd.o [1]
  .near.bss          zero     0x0015e0     0x1  ApiPocCmd.o [1]
  .near.bss          zero     0x0015e1     0x1  ApiPocCmd.o [1]
  .near.bss          zero     0x0015e2     0x1  ApiPocCmd.o [1]
  .near.bss          zero     0x0015e3     0x1  ApiPocCmd.o [1]
  .near.bss          zero     0x0015e4     0x1  ApiPocCmd.o [1]
  .near.bss          zero     0x0015e5     0x1  ApiPocCmd.o [1]
  .near.bss          zero     0x0015e6     0x1  Delay.o [1]
  .near.bss          zero     0x0015e7     0x1  Delay.o [1]
  .near.bss          zero     0x0015e8     0x1  Delay.o [1]
  .near.bss          zero     0x0015e9     0x1  Delay.o [1]
  .near.bss          zero     0x0015ea     0x1  Delay.o [1]
  .near.bss          zero     0x0015eb     0x1  Delay.o [1]
  .near.bss          zero     0x0015ec     0x1  Delay.o [1]
  .near.bss          zero     0x0015ed     0x1  Delay.o [1]
  .near.bss          zero     0x0015ee     0x1  Delay.o [1]
  .near.bss          zero     0x0015ef     0x1  DrvGD83.o [1]
  .near.bss          zero     0x0015f0     0x1  Task.o [1]
  .near.bss          zero     0x0015f1     0x1  Task.o [1]
  .near.bss          zero     0x0015f2     0x1  Task.o [1]
  .near.bss          zero     0x0015f3     0x1  Task.o [1]
  .near.bss          zero     0x0015f4     0x1  Task.o [1]
                            - 0x0015f5  0x1581

"A2":                                    0x100
  CSTACK                      0x001700   0x100  <Block>
    CSTACK           uninit   0x001700   0x100  <Block tail>
                            - 0x001800   0x100

"A3":                                     0x80
  INTVEC                      0x008000    0x80  <Block>
    .intvec          const    0x008000    0x80  interrupt.o [5]
                            - 0x008080    0x80

"P3":                                   0x29d8
  .near.rodata       const    0x008080  0x1b00  GT20L16P1Y_D.o [1]
  .near.rodata       const    0x009b80   0x400  ApiDisplay.o [1]
  .near.rodata       const    0x009f80   0x1b0  GT20L16P1Y_D.o [1]
  .near.rodata       const    0x00a130   0x1b0  GT20L16P1Y_D.o [1]
  Initializer bytes  const    0x00a2e0    0x64  <for P2-1>
  .near_func.text    const    0x00a344    0x40  ApiDisplay.o [1]
  .near.rodata       const    0x00a384    0x3e  GT20L16P1Y.o [3]
  .near.rodata       const    0x00a3c2    0x31  Task.o [1]
  .near.rodata       const    0x00a3f3    0x2a  Task.o [1]
  .near.rodata       const    0x00a41d    0x25  Task.o [1]
  .near.rodata       const    0x00a442    0x25  Task.o [1]
  .near.rodata       const    0x00a467    0x25  Task.o [1]
  .iar.init_table    const    0x00a48c    0x14  - Linker created -
  .near.rodata       const    0x00a4a0    0x1d  ADC.o [1]
  .near.rodata       const    0x00a4bd    0x1d  ADC.o [1]
  .near.rodata       const    0x00a4da    0x1d  ADC.o [1]
  .near.rodata       const    0x00a4f7    0x1d  ADC.o [1]
  .near.rodata       const    0x00a514    0x1d  Task.o [1]
  .near.rodata       const    0x00a531    0x19  ADC.o [1]
  .near.rodata       const    0x00a54a    0x18  Task.o [1]
  .near.rodata       const    0x00a562    0x15  ADC.o [1]
  .near.rodata       const    0x00a577    0x13  ApiAtCmd.o [1]
  .near.rodata       const    0x00a58a    0x13  Task.o [1]
  .near.rodata       const    0x00a59d    0x13  Task.o [1]
  .near.rodata       const    0x00a5b0    0x12  ApiAtCmd.o [1]
  .near.rodata       const    0x00a5c2    0x12  Task.o [1]
  .near.rodata       const    0x00a5d4    0x11  ApiKeyboard.o [1]
  .near.rodata       const    0x00a5e5    0x11  ApiKeyboard.o [1]
  .near.rodata       const    0x00a5f6    0x11  ApiKeyboard.o [1]
  .near.rodata       const    0x00a607    0x11  ApiKeyboard.o [1]
  .near.rodata       const    0x00a618    0x11  ApiKeyboard.o [1]
  .near.rodata       const    0x00a629    0x11  ApiKeyboard.o [1]
  .near.rodata       const    0x00a63a    0x11  ApiKeyboard.o [1]
  .near.rodata       const    0x00a64b    0x11  ApiMenu.o [1]
  .near.rodata       const    0x00a65c    0x11  ApiMenu.o [1]
  .near.rodata       const    0x00a66d    0x11  ApiMenu.o [1]
  .near.rodata       const    0x00a67e    0x11  ApiMenu.o [1]
  .near.rodata       const    0x00a68f    0x11  ApiMenu.o [1]
  .near.rodata       const    0x00a6a0    0x11  ApiMenu.o [1]
  .near.rodata       const    0x00a6b1    0x11  ApiMenu.o [1]
  .near.rodata       const    0x00a6c2    0x11  ApiMenu.o [1]
  .near.rodata       const    0x00a6d3    0x11  ApiMenu.o [1]
  .near.rodata       const    0x00a6e4    0x11  ApiMenu.o [1]
  .near.rodata       const    0x00a6f5    0x11  ApiMenu.o [1]
  .near.rodata       const    0x00a706    0x11  CommonLib.o [1]
  .near.rodata       const    0x00a717    0x11  Delay.o [1]
  .near.rodata       const    0x00a728    0x11  System.o [1]
  .near.rodata       const    0x00a739    0x11  Task.o [1]
  .near.rodata       const    0x00a74a    0x11  Task.o [1]
  .near.rodata       const    0x00a75b    0x11  Task.o [1]
  .near.rodata       const    0x00a76c    0x11  Task.o [1]
  .near.rodata       const    0x00a77d    0x11  Task.o [1]
  .near.rodata       const    0x00a78e    0x11  Task.o [1]
  .near.rodata       const    0x00a79f    0x11  Task.o [1]
  .near.rodata       const    0x00a7b0    0x11  Task.o [1]
  .near.rodata       const    0x00a7c1    0x11  Task.o [1]
  .near.rodata       const    0x00a7d2    0x11  Task.o [1]
  .near.rodata       const    0x00a7e3    0x10  ApiAtCmd.o [1]
  .near.rodata       const    0x00a7f3    0x10  ApiAtCmd.o [1]
  .near.rodata       const    0x00a803    0x10  ApiDisplay.o [1]
  .near.rodata       const    0x00a813    0x10  ApiDisplay.o [1]
  .near.rodata       const    0x00a823    0x10  uart3.o [1]
  .near.rodata       const    0x00a833     0xf  ApiAtCmd.o [1]
  .near.rodata       const    0x00a842     0xf  ApiKeyboard.o [1]
  .near.rodata       const    0x00a851     0xf  Delay.o [1]
  .near.rodata       const    0x00a860     0xf  Task.o [1]
  .near.rodata       const    0x00a86f     0xf  Task.o [1]
  .near.rodata       const    0x00a87e     0xe  ApiAtCmd.o [1]
  .near.rodata       const    0x00a88c     0xe  ApiAtCmd.o [1]
  .near.rodata       const    0x00a89a     0xe  ApiAtCmd.o [1]
  .near.rodata       const    0x00a8a8     0xe  Delay.o [1]
  .near.rodata       const    0x00a8b6     0xe  Task.o [1]
  .near.rodata       const    0x00a8c4     0xe  Task.o [1]
  .near.rodata       const    0x00a8d2     0xd  ApiPocCmd.o [1]
  .near.rodata       const    0x00a8df     0xd  ApiPocCmd.o [1]
  .near.rodata       const    0x00a8ec     0xd  Task.o [1]
  .near.rodata       const    0x00a8f9     0xc  ApiAtCmd.o [1]
  .near.rodata       const    0x00a905     0xc  Delay.o [1]
  .near.rodata       const    0x00a911     0xb  ApiAtCmd.o [1]
  .near.rodata       const    0x00a91c     0xb  ApiAtCmd.o [1]
  .near.rodata       const    0x00a927     0xb  Delay.o [1]
  .near.rodata       const    0x00a932     0xb  Task.o [1]
  .near.rodata       const    0x00a93d     0xa  ApiAtCmd.o [1]
  .near.rodata       const    0x00a947     0xa  ApiAtCmd.o [1]
  .near.rodata       const    0x00a951     0xa  ApiAtCmd.o [1]
  .near.rodata       const    0x00a95b     0xa  ApiAtCmd.o [1]
  .near.rodata       const    0x00a965     0xa  Task.o [1]
  .near.rodata       const    0x00a96f     0x9  ApiAtCmd.o [1]
  .near.rodata       const    0x00a978     0x9  ApiAtCmd.o [1]
  .near.rodata       const    0x00a981     0x9  ApiAtCmd.o [1]
  .near.rodata       const    0x00a98a     0x9  ApiKeyboard.o [1]
  .near.rodata       const    0x00a993     0x9  ApiKeyboard.o [1]
  .near.rodata       const    0x00a99c     0x9  ApiMenu.o [1]
  .near.rodata       const    0x00a9a5     0x9  DrvGD83.o [1]
  .near.rodata       const    0x00a9ae     0x9  System.o [1]
  .near.rodata       const    0x00a9b7     0x9  Task.o [1]
  .near.rodata       const    0x00a9c0     0x9  Task.o [1]
  .near.rodata       const    0x00a9c9     0x8  ApiAtCmd.o [1]
  .near.rodata       const    0x00a9d1     0x8  ApiAtCmd.o [1]
  .near.rodata       const    0x00a9d9     0x8  ApiDisplay.o [1]
  .near.rodata       const    0x00a9e1     0x8  ApiPocCmd.o [1]
  .near.rodata       const    0x00a9e9     0x8  Task.o [1]
  .near.rodata       const    0x00a9f1     0x7  ApiAtCmd.o [1]
  .near.rodata       const    0x00a9f8     0x7  ApiAtCmd.o [1]
  .near.rodata       const    0x00a9ff     0x7  ApiPocCmd.o [1]
  .near.rodata       const    0x00aa06     0x7  DrvGD83.o [1]
  .near.rodata       const    0x00aa0d     0x7  Task.o [1]
  .near.rodata       const    0x00aa14     0x7  Task.o [1]
  .near.rodata       const    0x00aa1b     0x6  DrvGD83.o [1]
  .near.rodata       const    0x00aa21     0x6  System.o [1]
  .near.rodata       const    0x00aa27     0x4  ApiMenu.o [1]
  .near.rodata       const    0x00aa2b     0x4  ApiMenu.o [1]
  .near.rodata       const    0x00aa2f     0x4  ApiMenu.o [1]
  .near.rodata       const    0x00aa33     0x4  ApiMenu.o [1]
  .near.rodata       const    0x00aa37     0x4  ApiMenu.o [1]
  .near.rodata       const    0x00aa3b     0x4  ApiMenu.o [1]
  .near.rodata       const    0x00aa3f     0x4  ApiMenu.o [1]
  .near.rodata       const    0x00aa43     0x4  ApiMenu.o [1]
  .near.rodata       const    0x00aa47     0x4  stm8s_clk.o [1]
  .near.rodata       const    0x00aa4b     0x4  uart3.o [1]
  .near.rodata       const    0x00aa4f     0x3  DrvGD83.o [1]
  .near.rodata       const    0x00aa52     0x3  uart3.o [1]
  .near.rodata       const    0x00aa55     0x3  uart3.o [1]
                            - 0x00aa58  0x29d8

"P4", part 1 of 2:                      0x43de
  .far_func.text     ro code  0x00aa58   0x823  DrvGD83.o [1]
  .far_func.text     ro code  0x00b27b   0x5e6  ApiKeyboard.o [1]
  .far_func.text     ro code  0x00b861   0x4c5  Task.o [1]
  .far_func.text     ro code  0x00bd26   0x4a2  ApiGpsCmd.o [1]
  .far_func.text     ro code  0x00c1c8   0x3fc  ApiPocCmd.o [1]
  .far_func.text     ro code  0x00c5c4   0x30f  Beep.o [1]
  .far_func.text     ro code  0x00c8d3   0x2e7  ApiGpsCmd.o [1]
  .far_func.text     ro code  0x00cbba   0x2cd  GT20L16P1Y.o [3]
  .far_func.text     ro code  0x00ce87   0x284  ApiAtCmd.o [1]
  .far_func.text     ro code  0x00d10b   0x27b  ApiAtCmd.o [1]
  .far_func.text     ro code  0x00d386   0x255  ApiGpsCmd.o [1]
  .far_func.text     ro code  0x00d5db   0x252  DrvHTG12832.o [1]
  .far_func.text     ro code  0x00d82d   0x251  GT20L16P1Y.o [3]
  .far_func.text     ro code  0x00da7e   0x24a  Delay.o [1]
  .far_func.text     ro code  0x00dcc8   0x22c  Config.o [1]
  .far_func.text     ro code  0x00def4   0x211  DrvKeyboard.o [1]
  .far_func.text     ro code  0x00e105   0x1dc  Task.o [1]
  .far_func.text     ro code  0x00e2e1   0x1d1  ApiGpsCmd.o [1]
  .far_func.text     ro code  0x00e4b2   0x1b4  ApiAtCmd.o [1]
  .far_func.text     ro code  0x00e666   0x1b2  uart3.o [1]
  .far_func.text     ro code  0x00e818   0x19f  long.o [5]
  .far_func.text     ro code  0x00e9b7   0x187  ApiMenu.o [1]
  .far_func.text     ro code  0x00eb3e   0x185  GT20L16P1Y.o [3]
  .far_func.text     ro code  0x00ecc3   0x173  ApiPocCmd.o [1]
                            - 0x00ee36  0x43de

"P4", part 2 of 2:                      0x3f75
  .far_func.text     ro code  0x010000   0x173  ApiPocCmd.o [1]
  .far_func.text     ro code  0x010173   0x165  ApiGpsCmd.o [1]
  .far_func.text     ro code  0x0102d8   0x163  ApiPocCmd.o [1]
  .far_func.text     ro code  0x01043b   0x15c  vreg_util.o [5]
  .far_func.text     ro code  0x010597   0x159  stm8s_uart1.o [1]
  .far_func.text     ro code  0x0106f0   0x148  DrvKeyboard.o [1]
  .far_func.text     ro code  0x010838   0x143  System.o [1]
  .far_func.text     ro code  0x01097b   0x13f  DrvKeyboard.o [1]
  .far_func.text     ro code  0x010aba   0x13b  DrvGT20L16S1Y.o [1]
  .far_func.text     ro code  0x010bf5   0x134  DrvGT20L16S1Y.o [1]
  .far_func.text     ro code  0x010d29   0x12a  stm8s_uart3.o [1]
  .far_func.text     ro code  0x010e53   0x119  ADC.o [1]
  .far_func.text     ro code  0x010f6c   0x119  ApiAtCmd.o [1]
  .far_func.text     ro code  0x011085   0x109  uart3.o [1]
  .far_func.text     ro code  0x01118e   0x103  stm8s_itc.o [1]
  .far_func.text     ro code  0x011291    0xfa  CommonLib.o [1]
  .far_func.text     ro code  0x01138b    0xf3  uart3.o [1]
  .far_func.text     ro code  0x01147e    0xeb  DrvGD83.o [1]
  .far_func.text     ro code  0x011569    0xe5  ApiKeyboard.o [1]
  .far_func.text     ro code  0x01164e    0xdf  uart3.o [1]
  .far_func.text     ro code  0x01172d    0xd9  ApiDisplay.o [1]
  .far_func.text     ro code  0x011806    0xd8  ApiPocCmd.o [1]
  .far_func.text     ro code  0x0118de    0xc8  ApiDisplay.o [1]
  .far_func.text     ro code  0x0119a6    0xc0  ApiDisplay.o [1]
  .far_func.text     ro code  0x011a66    0xb6  stm8s_uart3.o [1]
  .far_func.text     ro code  0x011b1c    0xb0  ApiDisplay.o [1]
  .far_func.text     ro code  0x011bcc    0xaf  stm8s_gpio.o [1]
  .far_func.text     ro code  0x011c7b    0xa3  Delay.o [1]
  .far_func.text     ro code  0x011d1e    0xa2  stm8s_clk.o [1]
  .far_func.text     ro code  0x011dc0    0x99  stm8s_tim1.o [1]
  .far_func.text     ro code  0x011e59    0x97  ApiDisplay.o [1]
  .far_func.text     ro code  0x011ef0    0x96  CommonLib.o [1]
  .far_func.text     ro code  0x011f86    0x96  DrvKeyboard.o [1]
  .far_func.text     ro code  0x01201c    0x95  uart3.o [1]
  .far_func.text     ro code  0x0120b1    0x92  stm8s_uart1.o [1]
  .far_func.text     ro code  0x012143    0x8d  stm8s_uart3.o [1]
  .far_func.text     ro code  0x0121d0    0x88  ApiDisplay.o [1]
  .far_func.text     ro code  0x012258    0x85  ApiPocCmd.o [1]
  .far_func.text     ro code  0x0122dd    0x82  stm8s_adc2.o [1]
  .far_func.text     ro code  0x01235f    0x80  DrvGD83.o [1]
  .far_func.text     ro code  0x0123df    0x7a  ApiLED.o [1]
  .far_func.text     ro code  0x012459    0x73  ApiAtCmd.o [1]
  .far_func.text     ro code  0x0124cc    0x73  Delay.o [1]
  .far_func.text     ro code  0x01253f    0x72  DrvKeyboard.o [1]
  .far_func.text     ro code  0x0125b1    0x71  Voice.o [1]
  .far_func.text     ro code  0x012622    0x6e  uart3.o [1]
  .far_func.text     ro code  0x012690    0x6d  stm8s_uart1.o [1]
  .far_func.text     ro code  0x0126fd    0x6b  Tone.o [1]
  .far_func.text     ro code  0x012768    0x67  ApiAtCmd.o [1]
  .far_func.text     ro code  0x0127cf    0x64  ApiDisplay.o [1]
  .far_func.text     ro code  0x012833    0x64  ApiGpsCmd.o [1]
  .far_func.text     ro code  0x012897    0x64  long_util.o [5]
  .far_func.text     ro code  0x0128fb    0x62  ApiPocCmd.o [1]
  .far_func.text     ro code  0x01295d    0x61  stm8s_tim1.o [1]
  .far_func.text     ro code  0x0129be    0x5f  ADC.o [1]
  .far_func.text     ro code  0x012a1d    0x5e  CommonLib.o [1]
  .far_func.text     ro code  0x012a7b    0x5d  short.o [5]
  .far_func.text     ro code  0x012ad8    0x5c  GT20L16P1Y_D.o [1]
  .far_func.text     ro code  0x012b34    0x5a  ApiDisplay.o [1]
  .far_func.text     ro code  0x012b8e    0x58  stm8s_clk.o [1]
  .far_func.text     ro code  0x012be6    0x58  dc_util.o [5]
  .far_func.text     ro code  0x012c3e    0x57  ApiDisplay.o [1]
  .far_func.text     ro code  0x012c95    0x56  Tone.o [1]
  .far_func.text     ro code  0x012ceb    0x55  Delay.o [1]
  .far_func.text     ro code  0x012d40    0x54  stm8s_adc2.o [1]
  .far_func.text     ro code  0x012d94    0x52  uart3.o [1]
  .far_func.text     ro code  0x012de6    0x52  uart3.o [1]
  .far_func.text     ro code  0x012e38    0x50  Flash_eeprom.o [1]
  .far_func.text     ro code  0x012e88    0x4f  ApiDisplay.o [1]
  .far_func.text     ro code  0x012ed7    0x4f  Flash_eeprom.o [1]
  .far_func.text     ro code  0x012f26    0x4f  uart3.o [1]
  .far_func.text     ro code  0x012f75    0x4e  CommonLib.o [1]
  .far_func.text     ro code  0x012fc3    0x4a  DrvGD83.o [1]
  .far_func.text     ro code  0x01300d    0x4a  DrvGD83.o [1]
  .far_func.text     ro code  0x013057    0x4a  DrvGD83.o [1]
  .far_func.text     ro code  0x0130a1    0x4a  DrvGD83.o [1]
  .far_func.text     ro code  0x0130eb    0x49  stm8s_uart3.o [1]
  .far_func.text     ro code  0x013134    0x48  Flash_eeprom.o [1]
  .far_func.text     ro code  0x01317c    0x48  GT20L16P1Y_D.o [1]
  .far_func.text     ro code  0x0131c4    0x48  GT20L16P1Y_D.o [1]
  .far_func.text     ro code  0x01320c    0x47  GT20L16P1Y.o [3]
  .far_func.text     ro code  0x013253    0x45  Flash_eeprom.o [1]
  .far_func.text     ro code  0x013298    0x43  stm8s_tim1.o [1]
  .far_func.text     ro code  0x0132db    0x43  uart3.o [1]
  .far_func.text     ro code  0x01331e    0x40  Task.o [1]
  .far_func.text     ro code  0x01335e    0x3e  Flash_eeprom.o [1]
  .far_func.text     ro code  0x01339c    0x3d  DrvGD83.o [1]
  .far_func.text     ro code  0x0133d9    0x39  uart3.o [1]
  .far_func.text     ro code  0x013412    0x38  Beep.o [1]
  .far_func.text     ro code  0x01344a    0x38  DrvGT20L16S1Y.o [1]
  .far_func.text     ro code  0x013482    0x36  stm8s_flash.o [1]
  .far_func.text     ro code  0x0134b8    0x36  sysclock.o [1]
  .far_func.text     ro code  0x0134ee    0x36  memcmp.o [5]
  .far_func.text     ro code  0x013524    0x34  McuConfig.o [1]
  .far_func.text     ro code  0x013558    0x32  stm8s_uart1.o [1]
  .far_func.text     ro code  0x01358a    0x31  Voice.o [1]
  .far_func.text     ro code  0x0135bb    0x30  stm8s_adc2.o [1]
  .far_func.text     ro code  0x0135eb    0x2f  ApiDisplay.o [1]
  .far_func.text     ro code  0x01361a    0x2f  ApiDisplay.o [1]
  .far_func.text     ro code  0x013649    0x2f  stm8s_adc2.o [1]
  .far_func.text     ro code  0x013678    0x2e  ApiDisplay.o [1]
  .far_func.text     ro code  0x0136a6    0x2e  ApiDisplay.o [1]
  .far_func.text     ro code  0x0136d4    0x2e  McuConfig.o [1]
  .far_func.text     ro code  0x013702    0x2d  ApiDisplay.o [1]
  .far_func.text     ro code  0x01372f    0x2d  stm8s_uart1.o [1]
  .far_func.text     ro code  0x01375c    0x2c  DrvGD83.o [1]
  .far_func.text     ro code  0x013788    0x2b  sysclock.o [1]
  .far_func.text     ro code  0x0137b3    0x2b  Task.o [1]
  .far_func.text     ro code  0x0137de    0x29  Delay.o [1]
  .far_func.text     ro code  0x013807    0x29  McuConfig.o [1]
  .far_func.text     ro code  0x013830    0x28  stm8s_flash.o [1]
  .far_func.text     ro code  0x013858    0x28  init_small.o [5]
  .far_func.text     ro code  0x013880    0x27  ADC.o [1]
  .far_func.text     ro code  0x0138a7    0x27  McuConfig.o [1]
  .far_func.text     ro code  0x0138ce    0x26  GT20L16P1Y_D.o [1]
  .far_func.text     ro code  0x0138f4    0x26  stm8s_it.o [1]
  .far_func.text     ro code  0x01391a    0x26  Tone.o [1]
  .far_func.text     ro code  0x013940    0x26  memcpy.o [5]
  .far_func.text     ro code  0x013966    0x25  stm8s_flash.o [1]
  .far_func.text     ro code  0x01398b    0x25  stm8s_uart3.o [1]
  .far_func.text     ro code  0x0139b0    0x25  move.o [5]
  .far_func.text     ro code  0x0139d5    0x24  stm8s_tim1.o [1]
  .far_func.text     ro code  0x0139f9    0x22  ADC.o [1]
  .far_func.text     ro code  0x013a1b    0x22  ApiPocCmd.o [1]
  .far_func.text     ro code  0x013a3d    0x22  ApiPocCmd.o [1]
  .far_func.text     ro code  0x013a5f    0x21  ApiGpsCmd.o [1]
  .far_func.text     ro code  0x013a80    0x21  ApiPocCmd.o [1]
  .far_func.text     ro code  0x013aa1    0x21  Delay.o [1]
  .far_func.text     ro code  0x013ac2    0x21  stm8s_adc2.o [1]
  .far_func.text     ro code  0x013ae3    0x21  stm8s_it.o [1]
  .far_func.text     ro code  0x013b04    0x20  ApiPocCmd.o [1]
  .far_func.text     ro code  0x013b24    0x1f  sysclock.o [1]
  .far_func.text     ro code  0x013b43    0x1e  init.o [5]
  .far_func.text     ro code  0x013b61    0x1e  init_small.o [5]
  .far_func.text     ro code  0x013b7f    0x1c  Beep.o [1]
  .far_func.text     ro code  0x013b9b    0x1c  Delay.o [1]
  .far_func.text     ro code  0x013bb7    0x1b  stm8s_it.o [1]
  .far_func.text     ro code  0x013bd2    0x19  McuConfig.o [1]
  .far_func.text     ro code  0x013beb    0x19  McuConfig.o [1]
  .far_func.text     ro code  0x013c04    0x19  McuConfig.o [1]
  .far_func.text     ro code  0x013c1d    0x19  McuConfig.o [1]
  .far_func.text     ro code  0x013c36    0x19  McuConfig.o [1]
  .far_func.text     ro code  0x013c4f    0x17  ApiDisplay.o [1]
  .far_func.text     ro code  0x013c66    0x17  ApiDisplay.o [1]
  .far_func.text     ro code  0x013c7d    0x17  uart3.o [1]
  .far_func.text     ro code  0x013c94    0x17  cstartup.o [5]
  .far_func.text     ro code  0x013cab    0x17  memset.o [5]
  .far_func.text     ro code  0x013cc2    0x16  stm8s_flash.o [1]
  .far_func.text     ro code  0x013cd8    0x16  __dbg_xxexit.o [4]
  .far_func.text     ro code  0x013cee    0x14  stm8s_flash.o [1]
  .far_func.text     ro code  0x013d02    0x13  ApiPocCmd.o [1]
  .far_func.text     ro code  0x013d15    0x13  ApiPocCmd.o [1]
  .far_func.text     ro code  0x013d28    0x13  stm8s_adc2.o [1]
  .far_func.text     ro code  0x013d3b    0x13  stm8s_clk.o [1]
  .far_func.text     ro code  0x013d4e    0x13  stm8s_tim3.o [1]
  .far_func.text     ro code  0x013d61    0x12  ApiPocCmd.o [1]
  .far_func.text     ro code  0x013d73    0x12  ApiPocCmd.o [1]
  .far_func.text     ro code  0x013d85    0x12  uart3.o [1]
  .far_func.text     ro code  0x013d97    0x12  strlen.o [5]
  .far_func.text     ro code  0x013da9    0x10  uart3.o [1]
  .far_func.text     ro code  0x013db9     0xf  Voice.o [1]
  .far_func.text     ro code  0x013dc8     0xe  far_util.o [5]
  .far_func.text     ro code  0x013dd6     0xd  McuConfig.o [1]
  .far_func.text     ro code  0x013de3     0xd  McuConfig.o [1]
  .far_func.text     ro code  0x013df0     0xd  McuConfig.o [1]
  .far_func.text     ro code  0x013dfd     0xd  McuConfig.o [1]
  .far_func.text     ro code  0x013e0a     0xd  stm8s_adc2.o [1]
  .far_func.text     ro code  0x013e17     0xd  stm8s_tim1.o [1]
  .far_func.text     ro code  0x013e24     0xd  stm8s_tim1.o [1]
  .far_func.text     ro code  0x013e31     0xd  stm8s_tim1.o [1]
  .far_func.text     ro code  0x013e3e     0xd  stm8s_tim3.o [1]
  .far_func.text     ro code  0x013e4b     0xd  stm8s_tim3.o [1]
  .far_func.text     ro code  0x013e58     0xd  stm8s_uart1.o [1]
  .far_func.text     ro code  0x013e65     0xd  stm8s_uart3.o [1]
  .far_func.text     ro code  0x013e72     0xc  stm8s_tim3.o [1]
  .far_func.text     ro code  0x013e7e     0xb  ApiPocCmd.o [1]
  .far_func.text     ro code  0x013e89     0xa  ApiAtCmd.o [1]
  .far_func.text     ro code  0x013e93     0x9  stm8s_gpio.o [1]
  .far_func.text     ro code  0x013e9c     0x9  stm8s_tim3.o [1]
  .far_func.text     ro code  0x013ea5     0x7  ApiAtCmd.o [1]
  .far_func.text     ro code  0x013eac     0x7  ApiAtCmd.o [1]
  .far_func.text     ro code  0x013eb3     0x7  ApiPocCmd.o [1]
  .far_func.text     ro code  0x013eba     0x7  stm8s_flash.o [1]
  .far_func.text     ro code  0x013ec1     0x7  stm8s_gpio.o [1]
  .far_func.text     ro code  0x013ec8     0x6  char.o [5]
  .far_func.text     ro code  0x013ece     0x6  cexit.o [5]
  .far_func.text     ro code  0x013ed4     0x5  stm8s_adc2.o [1]
  .far_func.text     ro code  0x013ed9     0x5  stm8s_flash.o [1]
  .far_func.text     ro code  0x013ede     0x5  stm8s_flash.o [1]
  .far_func.text     ro code  0x013ee3     0x5  stm8s_tim3.o [1]
  .far_func.text     ro code  0x013ee8     0x4  ApiAtCmd.o [1]
  .far_func.text     ro code  0x013eec     0x4  ApiAtCmd.o [1]
  .far_func.text     ro code  0x013ef0     0x4  ApiAtCmd.o [1]
  .far_func.text     ro code  0x013ef4     0x4  ApiAtCmd.o [1]
  .far_func.text     ro code  0x013ef8     0x4  ApiAtCmd.o [1]
  .far_func.text     ro code  0x013efc     0x4  ApiAtCmd.o [1]
  .far_func.text     ro code  0x013f00     0x4  ApiAtCmd.o [1]
  .far_func.text     ro code  0x013f04     0x4  ApiAtCmd.o [1]
  .far_func.text     ro code  0x013f08     0x4  ApiAtCmd.o [1]
  .far_func.text     ro code  0x013f0c     0x4  ApiGpsCmd.o [1]
  .far_func.text     ro code  0x013f10     0x4  ApiGpsCmd.o [1]
  .far_func.text     ro code  0x013f14     0x4  ApiPocCmd.o [1]
  .far_func.text     ro code  0x013f18     0x4  ApiPocCmd.o [1]
  .far_func.text     ro code  0x013f1c     0x4  ApiPocCmd.o [1]
  .far_func.text     ro code  0x013f20     0x4  ApiPocCmd.o [1]
  .far_func.text     ro code  0x013f24     0x4  ApiPocCmd.o [1]
  .far_func.text     ro code  0x013f28     0x4  ApiPocCmd.o [1]
  .far_func.text     ro code  0x013f2c     0x4  main.o [1]
  .far_func.text     ro code  0x013f30     0x4  stm8s_gpio.o [1]
  .far_func.text     ro code  0x013f34     0x4  stm8s_uart1.o [1]
  .far_func.text     ro code  0x013f38     0x4  stm8s_uart1.o [1]
  .far_func.text     ro code  0x013f3c     0x4  stm8s_uart3.o [1]
  .far_func.text     ro code  0x013f40     0x4  stm8s_uart3.o [1]
  .far_func.text     ro code  0x013f44     0x4  System.o [1]
  .far_func.text     ro code  0x013f48     0x4  System.o [1]
  .far_func.text     ro code  0x013f4c     0x4  Task.o [1]
  .far_func.text     ro code  0x013f50     0x4  interrupt.o [5]
  .far_func.text     ro code  0x013f54     0x4  exit.o [5]
  .far_func.text     ro code  0x013f58     0x3  low_level_init.o [5]
  .far_func.text     ro code  0x013f5b     0x3  unhandled_exception.o [5]
  .far_func.text     ro code  0x013f5e     0x1  ApiKeyboard.o [1]
  .far_func.text     ro code  0x013f5f     0x1  stm8s_it.o [1]
  .far_func.text     ro code  0x013f60     0x1  stm8s_it.o [1]
  .far_func.text     ro code  0x013f61     0x1  stm8s_it.o [1]
  .far_func.text     ro code  0x013f62     0x1  stm8s_it.o [1]
  .far_func.text     ro code  0x013f63     0x1  stm8s_it.o [1]
  .far_func.text     ro code  0x013f64     0x1  stm8s_it.o [1]
  .far_func.text     ro code  0x013f65     0x1  stm8s_it.o [1]
  .far_func.text     ro code  0x013f66     0x1  stm8s_it.o [1]
  .far_func.text     ro code  0x013f67     0x1  stm8s_it.o [1]
  .far_func.text     ro code  0x013f68     0x1  stm8s_it.o [1]
  .far_func.text     ro code  0x013f69     0x1  stm8s_it.o [1]
  .far_func.text     ro code  0x013f6a     0x1  stm8s_it.o [1]
  .far_func.text     ro code  0x013f6b     0x1  stm8s_it.o [1]
  .far_func.text     ro code  0x013f6c     0x1  stm8s_it.o [1]
  .far_func.text     ro code  0x013f6d     0x1  stm8s_it.o [1]
  .far_func.text     ro code  0x013f6e     0x1  stm8s_it.o [1]
  .far_func.text     ro code  0x013f6f     0x1  stm8s_it.o [1]
  .far_func.text     ro code  0x013f70     0x1  stm8s_it.o [1]
  .far_func.text     ro code  0x013f71     0x1  stm8s_it.o [1]
  .far_func.text     ro code  0x013f72     0x1  stm8s_it.o [1]
  .far_func.text     ro code  0x013f73     0x1  stm8s_it.o [1]
  .far_func.text     ro code  0x013f74     0x1  __dbg_break.o [4]
                            - 0x013f75  0x3f75


*******************************************************************************
*** INIT TABLE
***

          Address   Size
          -------   ----
Zero (__iar_zero_init2)
    1 destination range, total size 0x1581:
          0x000074  0x1581

Copy (__iar_copy_init2)
    1 source range, total size 0x64:
          0x00a2e0    0x64
    1 destination range, total size 0x64:
          0x000010    0x64



*******************************************************************************
*** MODULE SUMMARY
***

    Module                 ro code  ro data  rw data
    ------                 -------  -------  -------
E:\1-source\A508\PRJ\Debug\Obj: [1]
    ADC.o                      449      162        2
    ApiAtCmd.o               2 274      302      217
    ApiDisplay.o             1 705    1 128      578
    ApiGpsCmd.o              3 489               549
    ApiKeyboard.o            1 740      161       28
    ApiLED.o                   122                 1
    ApiMenu.o                  391      228
    ApiPocCmd.o              2 813       45    3 234
    Beep.o                     867                18
    CommonLib.o                572       17
    Config.o                   556
    Delay.o                  1 051       73       24
    DrvGD83.o                2 847       33      801
    DrvGT20L16S1Y.o            679
    DrvHTG12832.o              594                 2
    DrvKeyboard.o            1 440
    Flash_eeprom.o             362
    GT20L16P1Y_D.o             274    7 776
    McuConfig.o                355
    System.o                   331       34       22
    Task.o                   1 808      641       33
    Tone.o                     231                18
    Voice.o                    177                 6
    main.o                       4
    stm8s_adc2.o               379
    stm8s_clk.o                269        4
    stm8s_flash.o              190
    stm8s_gpio.o               195
    stm8s_it.o                 119
    stm8s_itc.o                259
    stm8s_tim1.o               392
    stm8s_tim3.o                71
    stm8s_uart1.o              716
    stm8s_uart3.o              752
    sysclock.o                 128
    uart3.o                  1 848       26       72
    ------------------------------------------------
    Total:                  30 449   10 630    5 605

command line: [2]
    ------------------------------------------------
    Total:

GT20L16_STM8_DOUBLE_MEDIUM_IAR.a: [3]
    GT20L16P1Y.o             1 770       62
    ------------------------------------------------
    Total:                   1 770       62

dbgstm8mmd.a: [4]
    __dbg_break.o                1
    __dbg_xxexit.o              22
    ------------------------------------------------
    Total:                      23

dlstm8mmn.a: [5]
    cexit.o                      6
    char.o                       6
    cstartup.o                  23
    dc_util.o                   88
    exit.o                       4
    far_util.o                  14
    init.o                      30
    init_small.o                70
    interrupt.o                  4      128
    long.o                     415
    long_util.o                100
    low_level_init.o             3
    memcmp.o                    54
    memcpy.o                    38
    memset.o                    23
    move.o                      37
    short.o                     93
    strlen.o                    18
    unhandled_exception.o        3
    vreg_util.o                348
    vregs.o                                       16
    ------------------------------------------------
    Total:                   1 377      128       16

    Linker created                       20      256
----------------------------------------------------
    Grand Total:            33 619   10 840    5 877


*******************************************************************************
*** ENTRY LIST
***

Entry                    Address    Size  Type      Object
-----                    -------    ----  ----      ------
.iar.init_table$$Base   0x00a48c           --   Gb  - Linker created -
.iar.init_table$$Limit  0x00a4a0           --   Gb  - Linker created -
?add32_l0_l0_0x         0x00e81b          Code  Gb  long.o [5]
?add32_l0_l0_l1         0x00e818          Code  Gb  long.o [5]
?and32_l0_l0_0x         0x00e957          Code  Gb  long.o [5]
?and32_l0_l0_l1         0x00e954          Code  Gb  long.o [5]
?b0                     0x000000          Data  Gb  vregs.o [5]
?b1                     0x000001          Data  Gb  vregs.o [5]
?b10                    0x00000a          Data  Gb  vregs.o [5]
?b11                    0x00000b          Data  Gb  vregs.o [5]
?b12                    0x00000c          Data  Gb  vregs.o [5]
?b13                    0x00000d          Data  Gb  vregs.o [5]
?b14                    0x00000e          Data  Gb  vregs.o [5]
?b15                    0x00000f          Data  Gb  vregs.o [5]
?b2                     0x000002          Data  Gb  vregs.o [5]
?b3                     0x000003          Data  Gb  vregs.o [5]
?b4                     0x000004          Data  Gb  vregs.o [5]
?b5                     0x000005          Data  Gb  vregs.o [5]
?b6                     0x000006          Data  Gb  vregs.o [5]
?b7                     0x000007          Data  Gb  vregs.o [5]
?b8                     0x000008          Data  Gb  vregs.o [5]
?b9                     0x000009          Data  Gb  vregs.o [5]
?dc32_l0                0x012be6          Code  Gb  dc_util.o [5]
?dc32_l1                0x012c12          Code  Gb  dc_util.o [5]
?e0                     0x000001          Data  Gb  vregs.o [5]
?e1                     0x000005          Data  Gb  vregs.o [5]
?e2                     0x000009          Data  Gb  vregs.o [5]
?e3                     0x00000d          Data  Gb  vregs.o [5]
?epilogue_l2            0x0104f3          Code  Gb  vreg_util.o [5]
?epilogue_l2_l3         0x0104ef          Code  Gb  vreg_util.o [5]
?epilogue_l2_w6         0x0104f8          Code  Gb  vreg_util.o [5]
?epilogue_w4            0x010501          Code  Gb  vreg_util.o [5]
?l0                     0x000000          Data  Gb  vregs.o [5]
?l1                     0x000004          Data  Gb  vregs.o [5]
?l2                     0x000008          Data  Gb  vregs.o [5]
?l3                     0x00000c          Data  Gb  vregs.o [5]
?load24_e1_0x           0x013dc8          Code  Gb  far_util.o [5]
?load32_0x_l0           0x0128ed          Code  Gb  long_util.o [5]
?load32_l0_0x           0x0128b1          Code  Gb  long_util.o [5]
?load32_l0_asp          0x0128a5          Code  Gb  long_util.o [5]
?load32_l0_dbsp         0x012897          Code  Gb  long_util.o [5]
?load32_l0_xsp          0x0128a7          Code  Gb  long_util.o [5]
?load32_l1_0x           0x0128d7          Code  Gb  long_util.o [5]
?load32_l1_asp          0x0128cb          Code  Gb  long_util.o [5]
?load32_l1_dbsp         0x0128bd          Code  Gb  long_util.o [5]
?load32_l1_xsp          0x0128cd          Code  Gb  long_util.o [5]
?load32_xsp_l0          0x0128e3          Code  Gb  long_util.o [5]
?longfarg16_v_w0_a      0x0139bd          Code  Gb  move.o [5]
?longfarg16_v_w0_x      0x0139bf          Code  Gb  move.o [5]
?mov_e0_e1              0x01051e          Code  Gb  vreg_util.o [5]
?mov_e0_e2              0x01052b          Code  Gb  vreg_util.o [5]
?mov_e0_e3              0x010538          Code  Gb  vreg_util.o [5]
?mov_e1_e0              0x010545          Code  Gb  vreg_util.o [5]
?mov_e1_e2              0x010552          Code  Gb  vreg_util.o [5]
?mov_e1_e3              0x01055f          Code  Gb  vreg_util.o [5]
?mov_e2_e0              0x01056c          Code  Gb  vreg_util.o [5]
?mov_e3_e0              0x010580          Code  Gb  vreg_util.o [5]
?mov_e3_e1              0x01058d          Code  Gb  vreg_util.o [5]
?mov_l0_l1              0x01051b          Code  Gb  vreg_util.o [5]
?mov_l0_l2              0x010528          Code  Gb  vreg_util.o [5]
?mov_l0_l3              0x010535          Code  Gb  vreg_util.o [5]
?mov_l1_l0              0x010542          Code  Gb  vreg_util.o [5]
?mov_l1_l2              0x01054f          Code  Gb  vreg_util.o [5]
?mov_l1_l3              0x01055c          Code  Gb  vreg_util.o [5]
?mov_l2_l0              0x010569          Code  Gb  vreg_util.o [5]
?mov_l3_l0              0x01057d          Code  Gb  vreg_util.o [5]
?mov_l3_l1              0x01058a          Code  Gb  vreg_util.o [5]
?mov_w1_w3              0x010521          Code  Gb  vreg_util.o [5]
?mov_w1_w4              0x010506          Code  Gb  vreg_util.o [5]
?mov_w1_w5              0x01052e          Code  Gb  vreg_util.o [5]
?mov_w1_w7              0x01053b          Code  Gb  vreg_util.o [5]
?mov_w2_w1              0x01050d          Code  Gb  vreg_util.o [5]
?mov_w3_w1              0x010548          Code  Gb  vreg_util.o [5]
?mov_w3_w5              0x010555          Code  Gb  vreg_util.o [5]
?mov_w3_w7              0x010562          Code  Gb  vreg_util.o [5]
?mov_w5_w1              0x01056f          Code  Gb  vreg_util.o [5]
?mov_w5_w3              0x010576          Code  Gb  vreg_util.o [5]
?mov_w6_w0              0x010514          Code  Gb  vreg_util.o [5]
?mov_w7_w1              0x010583          Code  Gb  vreg_util.o [5]
?mov_w7_w3              0x010590          Code  Gb  vreg_util.o [5]
?move1616_v_x_y_a       0x0139b0          Code  Gb  move.o [5]
?mul16_x_x_w0           0x012a7b          Code  Gb  short.o [5]
?mul32_l0_l0_l1         0x00e84e          Code  Gb  long.o [5]
?or32_l0_l0_0x          0x00e972          Code  Gb  long.o [5]
?or32_l0_l0_l1          0x00e96f          Code  Gb  long.o [5]
?pop_l0                 0x0104b7          Code  Gb  vreg_util.o [5]
?pop_l1                 0x0104c2          Code  Gb  vreg_util.o [5]
?pop_l2                 0x0104cd          Code  Gb  vreg_util.o [5]
?pop_l3                 0x0104d8          Code  Gb  vreg_util.o [5]
?pop_w4                 0x010461          Code  Gb  vreg_util.o [5]
?pop_w5                 0x010468          Code  Gb  vreg_util.o [5]
?pop_w6                 0x01046f          Code  Gb  vreg_util.o [5]
?push_l0                0x010482          Code  Gb  vreg_util.o [5]
?push_l1                0x010487          Code  Gb  vreg_util.o [5]
?push_l2                0x01048c          Code  Gb  vreg_util.o [5]
?push_l3                0x010491          Code  Gb  vreg_util.o [5]
?push_w4                0x01043b          Code  Gb  vreg_util.o [5]
?push_w5                0x010440          Code  Gb  vreg_util.o [5]
?push_w6                0x010445          Code  Gb  vreg_util.o [5]
?sdiv16_x_x_y           0x012a99          Code  Gb  short.o [5]
?sext16_x_a             0x012ad1          Code  Gb  short.o [5]
?sext32_l0_x            0x00e9ac          Code  Gb  long.o [5]
?sll16_x_x_4            0x012acc          Code  Gb  short.o [5]
?sll16_x_x_5            0x012acb          Code  Gb  short.o [5]
?sll16_x_x_6            0x012aca          Code  Gb  short.o [5]
?sll16_x_x_a            0x012ac2          Code  Gb  short.o [5]
?sll32_0x_0x_a          0x00e98d          Code  Gb  long.o [5]
?sll32_l0_l0_a          0x00e98a          Code  Gb  long.o [5]
?smod16_y_x_y           0x012ab2          Code  Gb  short.o [5]
?srl32_0x_0x_a          0x00e99e          Code  Gb  long.o [5]
?srl32_l0_l0_a          0x00e99b          Code  Gb  long.o [5]
?srl8_a_a_5             0x013ec9          Code  Gb  char.o [5]
?srl8_a_a_6             0x013ec8          Code  Gb  char.o [5]
?sub32_l0_l0_0x         0x00e836          Code  Gb  long.o [5]
?sub32_l0_l0_l1         0x00e833          Code  Gb  long.o [5]
?ucmp32_c_l0_l1         0x00e949          Code  Gb  long.o [5]
?udiv32_l0_dl_l1        0x00e8d2          Code  Gb  long.o [5]
?udiv32_l0_l0_dl        0x00e8d8          Code  Gb  long.o [5]
?udiv32_l0_l0_l1        0x00e8dc          Code  Gb  long.o [5]
?umod32_l1_l0_dl        0x00e8cc          Code  Gb  long.o [5]
?umod32_l1_l0_l1        0x00e8dc          Code  Gb  long.o [5]
?w0                     0x000000          Data  Gb  vregs.o [5]
?w1                     0x000002          Data  Gb  vregs.o [5]
?w2                     0x000004          Data  Gb  vregs.o [5]
?w3                     0x000006          Data  Gb  vregs.o [5]
?w4                     0x000008          Data  Gb  vregs.o [5]
?w5                     0x00000a          Data  Gb  vregs.o [5]
?w6                     0x00000c          Data  Gb  vregs.o [5]
?w7                     0x00000e          Data  Gb  vregs.o [5]
ADC2_Cmd                0x013e0a     0xd  Code  Gb  stm8s_adc2.o [1]
ADC2_ConversionConfig   0x013649    0x2f  Code  Gb  stm8s_adc2.o [1]
ADC2_ExternalTriggerConfig
                        0x013ac2    0x21  Code  Gb  stm8s_adc2.o [1]
ADC2_GetConversionValue
                        0x012d40    0x54  Code  Gb  stm8s_adc2.o [1]
ADC2_IRQHandler         0x013f71     0x1  Code  Gb  stm8s_it.o [1]
ADC2_Init               0x0135bb    0x30  Code  Gb  stm8s_adc2.o [1]
ADC2_PrescalerConfig    0x013d28    0x13  Code  Gb  stm8s_adc2.o [1]
ADC2_SchmittTriggerConfig
                        0x0122dd    0x82  Code  Gb  stm8s_adc2.o [1]
ADC2_StartConversion    0x013ed4     0x5  Code  Gb  stm8s_adc2.o [1]
ADC_Init                0x0139f9    0x22  Code  Gb  ADC.o [1]
AF_Mute_Init            0x013de3     0xd  Code  Gb  McuConfig.o [1]
ASCII_ActiveUserID      0x00152d    0x16  Data  Gb  ApiPocCmd.o [1]
AUDIO_IOAFMUT           0x013c1d    0x19  Code  Gb  McuConfig.o [1]
AUDIO_IOAFPOW           0x013c36    0x19  Code  Gb  McuConfig.o [1]
AWU_IRQHandler          0x013f61     0x1  Code  Gb  stm8s_it.o [1]
AkeyvolumeCount         0x00003d     0x1  Data  Gb  ApiKeyboard.o [1]
AlarmCount              0x000058     0x1  Data  Gb  Task.o [1]
ApGpsCmd_10msRenew      0x013a5f    0x21  Code  Gb  ApiGpsCmd.o [1]
ApiAtCmd_100msRenew     0x00d08a    0x81  Code  Gb  ApiAtCmd.o [1]
ApiAtCmd_10msRenew      0x010f6c   0x119  Code  Gb  ApiAtCmd.o [1]
ApiAtCmd_GetGroupName   0x013d61    0x12  Code  Gb  ApiPocCmd.o [1]
ApiAtCmd_GetGroupNameLen
                        0x013d02    0x13  Code  Gb  ApiPocCmd.o [1]
ApiAtCmd_GetGroupNum    0x013f1c     0x4  Code  Gb  ApiPocCmd.o [1]
ApiAtCmd_GetLoginState  0x013eb3     0x7  Code  Gb  ApiPocCmd.o [1]
ApiAtCmd_GetMainGroupId
                        0x013f24     0x4  Code  Gb  ApiPocCmd.o [1]
ApiAtCmd_GetMainUserId  0x013f28     0x4  Code  Gb  ApiPocCmd.o [1]
ApiAtCmd_GetMainUserName
                        0x013f18     0x4  Code  Gb  ApiPocCmd.o [1]
ApiAtCmd_GetMainWorkName
                        0x013f14     0x4  Code  Gb  ApiPocCmd.o [1]
ApiAtCmd_GetUserName    0x013d73    0x12  Code  Gb  ApiPocCmd.o [1]
ApiAtCmd_GetUserNameLen
                        0x013d15    0x13  Code  Gb  ApiPocCmd.o [1]
ApiAtCmd_GetUserNum     0x013f20     0x4  Code  Gb  ApiPocCmd.o [1]
ApiAtCmd_Get_location_Information
                        0x00d10b   0x27b  Code  Gb  ApiAtCmd.o [1]
ApiAtCmd_PlayVoice      0x012459    0x73  Code  Gb  ApiAtCmd.o [1]
ApiAtCmd_TrumpetVoicePlay_Flag
                        0x0015c1     0x1  Data  Gb  ApiAtCmd.o [1]
ApiAtCmd_WritCommand    0x00ce87   0x178  Code  Gb  ApiAtCmd.o [1]
ApiAtCmd_tcp_state      0x013e89     0xa  Code  Gb  ApiAtCmd.o [1]
ApiCaretCmd_10msRenew   0x00e4b2   0x1b4  Code  Gb  ApiAtCmd.o [1]
ApiGpsCmd_100msRenew    0x00bff2   0x1d6  Code  Gb  ApiGpsCmd.o [1]
ApiGpsCmd_PowerOnInitial
                        0x00e2e1   0x1d1  Code  Gb  ApiGpsCmd.o [1]
ApiGps_GetTcpIpAddress  0x013f0c     0x4  Code  Gb  ApiGpsCmd.o [1]
ApiGps_GetTcpPortAddress
                        0x013f10     0x4  Code  Gb  ApiGpsCmd.o [1]
ApiPocCmd_10msRenew     0x00c1c8   0x3fc  Code  Gb  ApiPocCmd.o [1]
ApiPocCmd_Tone_Flag     0x0015e2     0x1  Data  Gb  ApiPocCmd.o [1]
ApiPocCmd_WritCommand   0x0102d8   0x163  Code  Gb  ApiPocCmd.o [1]
ApiPocCmd_user_info_set
                        0x011806    0xd8  Code  Gb  ApiPocCmd.o [1]
AtCmdDrvobj             0x001387    0xa5  Data  Lc  ApiAtCmd.o [1]
AtCmd_NetParamCode      0x00cfff    0x8b  Code  Lc  ApiAtCmd.o [1]
AtNotify_Queue          0x00aaf2    0x4d  Code  Lc  DrvGD83.o [1]
AtNotify_Queue_Start    0x00ab3f    0x56  Code  Lc  DrvGD83.o [1]
BEEP_Interrupt10ms      0x013b7f    0x1c  Code  Gb  Beep.o [1]
BEEP_PowerOnInitial     0x00c800    0xd3  Code  Gb  Beep.o [1]
BEEP_SetOutput          0x00c5c4   0x23c  Code  Gb  Beep.o [1]
BEEP_Time               0x013412    0x38  Code  Gb  Beep.o [1]
BatteryLevel            0x0015bd     0x1  Data  Gb  ADC.o [1]
BeepDrvObj              0x001557    0x12  Data  Lc  Beep.o [1]
BitTab                  0x00a9d9     0x8  Data  Gb  ApiDisplay.o [1]
BootProcess_PPPCFG_Flag
                        0x0015c0     0x1  Data  Gb  ApiAtCmd.o [1]
BootProcess_PPPCFG_Flag_Zanshi
                        0x000010     0x1  Data  Gb  ApiAtCmd.o [1]
BootProcess_SIMST_Flag  0x0015bf     0x1  Data  Gb  ApiAtCmd.o [1]
CFG_GetCurAdr           0x00dcc8   0x22c  Code  Gb  Config.o [1]
CHAR_HIGH               0x00a803    0x10  Data  Gb  ApiDisplay.o [1]
CHAR_TO_Digital         0x012768    0x67  Code  Gb  ApiAtCmd.o [1]
CHAR_WIDTH              0x00a813    0x10  Data  Gb  ApiDisplay.o [1]
CLK_ClockSwitchConfig   0x011d1e    0xa2  Code  Gb  stm8s_clk.o [1]
CLK_GetClockFreq        0x012b8e    0x58  Code  Gb  stm8s_clk.o [1]
CLK_HSIPrescalerConfig  0x013d3b    0x13  Code  Gb  stm8s_clk.o [1]
CLK_IRQHandler          0x013f62     0x1  Code  Gb  stm8s_it.o [1]
COMLHexArray2String     0x012833    0x64  Code  Lc  ApiGpsCmd.o [1]
COML_AscToHex           0x011291    0xfa  Code  Gb  CommonLib.o [1]
COML_HexToAsc2          0x011ef0    0x96  Code  Gb  CommonLib.o [1]
COML_StringReverse      0x012a1d    0x5e  Code  Gb  CommonLib.o [1]
CSQ_Flag                0x0015c2     0x1  Data  Gb  ApiAtCmd.o [1]
CSTACK$$Base            0x001700           --   Gb  - Linker created -
CSTACK$$Limit           0x001800           --   Gb  - Linker created -
C_TEST_OUT_SET          0x013dfd     0xd  Code  Gb  McuConfig.o [1]
CaretNotify_Queue       0x00aa58    0x4d  Code  Lc  DrvGD83.o [1]
CaretNotify_Queue_Start
                        0x00abeb    0x56  Code  Lc  DrvGD83.o [1]
CharCode                0x0015b9     0x2  Data  Gb  ApiDisplay.o [1]
DEL_100msProcess        0x00dc3b    0x54  Code  Lc  Delay.o [1]
DEL_10msProcess         0x00dc8f    0x1d  Code  Lc  Delay.o [1]
DEL_1msProcess          0x00dcac     0xc  Code  Lc  Delay.o [1]
DEL_500msProcess        0x00da7e   0x1bd  Code  Lc  Delay.o [1]
DEL_500ms_Count         0x0015e6     0x1  Data  Gb  Delay.o [1]
DEL_500ms_Count2        0x0015e7     0x1  Data  Gb  Delay.o [1]
DEL_GetTimer            0x012ceb    0x55  Code  Gb  Delay.o [1]
DEL_Interrupt           0x011c7b    0xa3  Code  Gb  Delay.o [1]
DEL_PowerOnInitial      0x013aa1    0x21  Code  Gb  Delay.o [1]
DEL_Renew               0x00dcb8    0x10  Code  Gb  Delay.o [1]
DEL_SetTimer            0x0124cc    0x73  Code  Gb  Delay.o [1]
DEL_Soft1ms             0x013b9b    0x1c  Code  Gb  Delay.o [1]
DEL_TimerRenew          0x0137de    0x29  Code  Lc  Delay.o [1]
DISP_DataBuf            0x0118de    0xc8  Code  Lc  ApiDisplay.o [1]
DISP_MulTypePro         0x0119a6    0xc0  Code  Lc  ApiDisplay.o [1]
DISP_MulTypePro2        0x01172d    0xd9  Code  Lc  ApiDisplay.o [1]
Data_Date0              0x013efc     0x4  Code  Gb  ApiAtCmd.o [1]
Data_Date1              0x013f00     0x4  Code  Gb  ApiAtCmd.o [1]
Data_Date2              0x013f04     0x4  Code  Gb  ApiAtCmd.o [1]
Data_Latitude_Minute    0x013eec     0x4  Code  Gb  ApiAtCmd.o [1]
Data_Latitude_Second    0x013eac     0x7  Code  Gb  ApiAtCmd.o [1]
Data_Longitude_Minute   0x013ee8     0x4  Code  Gb  ApiAtCmd.o [1]
Data_Longitude_Second   0x013ea5     0x7  Code  Gb  ApiAtCmd.o [1]
Data_Speed              0x013f08     0x4  Code  Gb  ApiAtCmd.o [1]
Data_Time0              0x013ef0     0x4  Code  Gb  ApiAtCmd.o [1]
Data_Time1              0x013ef4     0x4  Code  Gb  ApiAtCmd.o [1]
Data_Time2              0x013ef8     0x4  Code  Gb  ApiAtCmd.o [1]
Dec2Hex                 0x012f75    0x4e  Code  Gb  CommonLib.o [1]
DefaultSystemClockForHSI
                        0x013b24    0x1f  Code  Gb  sysclock.o [1]
DelDrvObj               0x0015a4     0xb  Data  Lc  Delay.o [1]
Delay_100ms             0x01331e    0x40  Code  Gb  Task.o [1]
DisDataBit              0x0014c0    0x40  Data  Gb  ApiDisplay.o [1]
DisDataBuf              0x001187   0x200  Data  Gb  ApiDisplay.o [1]
DrvGD83DrvObj           0x000c4b   0x318  Data  Lc  DrvGD83.o [1]
DrvGD83_UART_TxCommand  0x01235f    0x80  Code  Gb  DrvGD83.o [1]
DrvMC8332_AtNotify_Queue_front
                        0x01300d    0x4a  Code  Gb  DrvGD83.o [1]
DrvMC8332_CaretNotify_Queue_front
                        0x012fc3    0x4a  Code  Gb  DrvGD83.o [1]
DrvMC8332_GpsNotify_Queue_front
                        0x0130a1    0x4a  Code  Gb  DrvGD83.o [1]
DrvMC8332_PocNotify_Queue_front
                        0x013057    0x4a  Code  Gb  DrvGD83.o [1]
DrvMC8332_Software_Initial
                        0x01339c    0x3d  Code  Gb  DrvGD83.o [1]
DrvMC8332_TxPort_SetValidable
                        0x01375c    0x2c  Code  Gb  DrvGD83.o [1]
DrvMC8332_UART_Interrupt
                        0x00aeb0   0x3cb  Code  Gb  DrvGD83.o [1]
DrvMc8332_UART_TxTail   0x01147e    0xeb  Code  Gb  DrvGD83.o [1]
EEPROM_EEC_IRQHandler   0x013f73     0x1  Code  Gb  stm8s_it.o [1]
EXTI_PORTA_IRQHandler   0x013f63     0x1  Code  Gb  stm8s_it.o [1]
EXTI_PORTB_IRQHandler   0x013f64     0x1  Code  Gb  stm8s_it.o [1]
EXTI_PORTC_IRQHandler   0x013f65     0x1  Code  Gb  stm8s_it.o [1]
EXTI_PORTD_IRQHandler   0x013f66     0x1  Code  Gb  stm8s_it.o [1]
EXTI_PORTE_IRQHandler   0x013f67     0x1  Code  Gb  stm8s_it.o [1]
FILE_Read               0x013134    0x48  Code  Gb  Flash_eeprom.o [1]
FILE_Read2              0x013253    0x45  Code  Gb  Flash_eeprom.o [1]
FILE_Write              0x012ed7    0x4f  Code  Gb  Flash_eeprom.o [1]
FILE_Write2             0x012e38    0x50  Code  Gb  Flash_eeprom.o [1]
FLASH_EraseOptionByte   0x013830    0x28  Code  Gb  stm8s_flash.o [1]
FLASH_GetFlagStatus     0x013cee    0x14  Code  Gb  stm8s_flash.o [1]
FLASH_Lock              0x013eba     0x7  Code  Gb  stm8s_flash.o [1]
FLASH_ProgramByte       0x013ed9     0x5  Code  Gb  stm8s_flash.o [1]
FLASH_ProgramOptionByte
                        0x013966    0x25  Code  Gb  stm8s_flash.o [1]
FLASH_ReadByte          0x013ede     0x5  Code  Gb  stm8s_flash.o [1]
FLASH_Unlock            0x013cc2    0x16  Code  Gb  stm8s_flash.o [1]
FLASH_WaitForLastOperation
                        0x013482    0x36  Code  Gb  stm8s_flash.o [1]
GB2312_16_GetData       0x00d82d   0x251  Code  Gb  GT20L16P1Y.o [3]
GPIO_Init               0x011bcc    0xaf  Code  Gb  stm8s_gpio.o [1]
GPIO_ReadInputPin       0x013e93     0x9  Code  Gb  stm8s_gpio.o [1]
GPIO_WriteHigh          0x013ec1     0x7  Code  Gb  stm8s_gpio.o [1]
GPIO_WriteLow           0x013f30     0x4  Code  Gb  stm8s_gpio.o [1]
GeHuTest                0x013f5e     0x1  Code  Lc  ApiKeyboard.o [1]
GetPersonalCallingMode  0x013e7e     0xb  Code  Gb  ApiPocCmd.o [1]
GetPointArrayData32     0x01317c    0x48  Code  Gb  GT20L16P1Y_D.o [1]
GetTaskId               0x013f44     0x4  Code  Gb  System.o [1]
Get_0X_ActiveUserIDBuf  0x001599     0xb  Data  Gb  ApiPocCmd.o [1]
Get_GBK_ActiveUserID    0x0128fb    0x62  Code  Gb  ApiPocCmd.o [1]
Get_Unicode_ActiveUserID
                        0x012258    0x85  Code  Gb  ApiPocCmd.o [1]
Get_Unicode_ActiveUserIDBuf
                        0x001500    0x2d  Data  Gb  ApiPocCmd.o [1]
GpsCmd_GbAnalytical     0x00d386   0x255  Code  Lc  ApiGpsCmd.o [1]
GpsCmd_GbDataTransave   0x00c8d3   0x2e7  Code  Lc  ApiGpsCmd.o [1]
GpsCmd_GbWritCommand    0x00bd26   0x2cc  Code  Lc  ApiGpsCmd.o [1]
GpsFunDrvObj            0x000f63   0x224  Data  Lc  ApiGpsCmd.o [1]
GpsNotify_Queue         0x00ae33    0x7d  Code  Lc  DrvGD83.o [1]
GpsNotify_Queue_Start   0x00ac41    0x9a  Code  Lc  DrvGD83.o [1]
GpsReconnectionTimeCount
                        0x0015ed     0x1  Data  Gb  Delay.o [1]
GroupCallingNum         0x000044     0x1  Data  Gb  ApiKeyboard.o [1]
HSE_ClockStartUpConfiguration
                        0x0134b8    0x36  Code  Lc  sysclock.o [1]
HSIDivFactor            0x00aa47     0x4  Data  Gb  stm8s_clk.o [1]
HexToChar_GroupCallingNum
                        0x013b04    0x20  Code  Gb  ApiPocCmd.o [1]
HexToChar_MainGroupId   0x013a80    0x21  Code  Gb  ApiPocCmd.o [1]
HexToChar_MainUserId    0x013a1b    0x22  Code  Gb  ApiPocCmd.o [1]
HexToChar_PersonalCallingNum
                        0x013a3d    0x22  Code  Gb  ApiPocCmd.o [1]
HtgDrvObj               0x0015bb     0x2  Data  Lc  DrvHTG12832.o [1]
I2C_IRQHandler          0x013f6f     0x1  Code  Gb  stm8s_it.o [1]
INTVEC$$Base            0x008000           --   Gb  - Linker created -
INTVEC$$Limit           0x008080           --   Gb  - Linker created -
ITC_SetSoftwarePriority
                        0x01118e   0x103  Code  Gb  stm8s_itc.o [1]
Ico_DataBuf             0x009b80   0x400  Data  Gb  ApiDisplay.o [1]
InputGBcode             0x009f80   0x1b0  Data  Gb  GT20L16P1Y_D.o [1]
InputUnicode            0x00a130   0x1b0  Data  Gb  GT20L16P1Y_D.o [1]
KEY_TABLE               0x00aa52     0x3  Data  Lc  uart3.o [1]
KeyBatteryReport        0x0129be    0x5f  Code  Gb  ADC.o [1]
KeyCount_PersonalCalling
                        0x0015f4     0x1  Data  Gb  Task.o [1]
KeyDownUpChoose_GroupOrUser_Flag
                        0x0015c3     0x1  Data  Gb  ApiAtCmd.o [1]
KeyPersonalCallingCount
                        0x0015c9     0x1  Data  Gb  ApiKeyboard.o [1]
KeyUpDownCount          0x0015c8     0x1  Data  Gb  ApiKeyboard.o [1]
Key_Flag_0              0x0015f1     0x1  Data  Gb  Task.o [1]
Key_Flag_1              0x0015ca     0x1  Data  Gb  ApiKeyboard.o [1]
Key_Init                0x013524    0x34  Code  Gb  McuConfig.o [1]
Key_PersonalCalling_Flag
                        0x0015f2     0x1  Data  Gb  Task.o [1]
Keyboard_Test           0x00b27b   0x5e6  Code  Gb  ApiKeyboard.o [1]
LED_Conut               0x0015da     0x1  Data  Gb  ApiLED.o [1]
LED_Init                0x0138a7    0x27  Code  Gb  McuConfig.o [1]
LED_IntOutputRenew      0x0123df    0x7a  Code  Gb  ApiLED.o [1]
LockingState_EnterOK_Flag
                        0x0015cd     0x1  Data  Gb  ApiKeyboard.o [1]
LockingState_Flag       0x0015ee     0x1  Data  Gb  Delay.o [1]
LowVoltageDetection     0x010e53   0x119  Code  Gb  ADC.o [1]
LowVoltageDetection_Flag
                        0x0015be     0x1  Data  Gb  ADC.o [1]
MIC_GPIO_Init           0x013dd6     0xd  Code  Gb  McuConfig.o [1]
MIC_IOMUT               0x013c04    0x19  Code  Gb  McuConfig.o [1]
MenuDisplay             0x00e9b7   0x187  Code  Gb  ApiMenu.o [1]
MenuModeCount           0x000045     0x1  Data  Gb  ApiKeyboard.o [1]
MenuMode_Flag           0x0015cb     0x1  Data  Gb  ApiKeyboard.o [1]
NetworkType_2Gor3G_Flag
                        0x000059     0x1  Data  Gb  Task.o [1]
NoUseNum                0x0015f0     0x1  Data  Gb  Task.o [1]
Noise_Mute_Init         0x013df0     0xd  Code  Gb  McuConfig.o [1]
Notify_Queue_Stop       0x00acdb   0x158  Code  Lc  DrvGD83.o [1]
NumberKeyboardPressDown_flag
                        0x0015cc     0x1  Data  Gb  ApiKeyboard.o [1]
OneChannelGetADValue    0x013880    0x27  Code  Lc  ADC.o [1]
PAS_NULLTBL             0x00a823    0x10  Data  Lc  uart3.o [1]
POC_AtEnterPersonalCalling_Flag
                        0x0015dd     0x1  Data  Gb  ApiPocCmd.o [1]
POC_AtQuitPersonalCalling_Flag
                        0x0015de     0x1  Data  Gb  ApiPocCmd.o [1]
POC_EnterGroupCalling_Flag
                        0x0015df     0x1  Data  Gb  ApiPocCmd.o [1]
POC_EnterPersonalCalling_Flag
                        0x0015db     0x1  Data  Gb  ApiPocCmd.o [1]
POC_QuitGroupCalling_Flag
                        0x0015e0     0x1  Data  Gb  ApiPocCmd.o [1]
POC_QuitPersonalCalling_Flag
                        0x0015dc     0x1  Data  Gb  ApiPocCmd.o [1]
POC_Receive86_Flag      0x0015e5     0x1  Data  Gb  ApiPocCmd.o [1]
POC_ReceivedVoiceEnd_Flag
                        0x0015e4     0x1  Data  Gb  ApiPocCmd.o [1]
POC_ReceivedVoiceStart_Flag
                        0x0015e3     0x1  Data  Gb  ApiPocCmd.o [1]
POC_ReceivedVoice_Flag  0x0015e1     0x1  Data  Gb  ApiPocCmd.o [1]
POC_TABLE               0x00aa55     0x3  Data  Lc  uart3.o [1]
PasObj                  0x0015b5     0x4  Data  Lc  uart3.o [1]
PersonalCallingNum      0x0015c7     0x1  Data  Gb  ApiKeyboard.o [1]
PocCmdDrvobj            0x000074   0xbd7  Data  Lc  ApiPocCmd.o [1]
PocNotify_Queue         0x00aaa5    0x4d  Code  Lc  DrvGD83.o [1]
PocNotify_Queue_Start   0x00ab95    0x56  Code  Lc  DrvGD83.o [1]
PositionInfoSendToATPORT_RedLed_Flag
                        0x0015c5     0x1  Data  Gb  ApiAtCmd.o [1]
PositionInformationSendToATPORT_Flag
                        0x0015c4     0x1  Data  Gb  ApiAtCmd.o [1]
ReadBuffer              0x00142c    0x50  Data  Gb  ApiPocCmd.o [1]
ReadByte                0x012c3e    0x57  Code  Gb  ApiDisplay.o [1]
Region$$Table$$Base     0x00a48c           --   Gb  - Linker created -
Region$$Table$$Limit    0x00a4a0           --   Gb  - Linker created -
SPI_IRQHandler          0x013f68     0x1  Code  Gb  stm8s_it.o [1]
SendByte                0x0121d0    0x88  Code  Gb  ApiDisplay.o [1]
SetTaskId               0x013f48     0x4  Code  Gb  System.o [1]
Set_GreenLed            0x013bd2    0x19  Code  Gb  McuConfig.o [1]
Set_RedLed              0x013beb    0x19  Code  Gb  McuConfig.o [1]
SystemClock_Init        0x013788    0x2b  Code  Gb  sysclock.o [1]
TASK_Ptt_StartPersonCalling_Flag
                        0x0015f3     0x1  Data  Gb  Task.o [1]
TASK_RunLoBattery       0x0137b3    0x2b  Code  Gb  Task.o [1]
TASK_WriteFreq          0x013f4c     0x4  Code  Gb  Task.o [1]
TIM1_CAP_COM_IRQHandler
                        0x013f6a     0x1  Code  Gb  stm8s_it.o [1]
TIM1_CCxCmd             0x013298    0x43  Code  Gb  stm8s_tim1.o [1]
TIM1_Cmd                0x013e17     0xd  Code  Gb  stm8s_tim1.o [1]
TIM1_CtrlPWMOutputs     0x013e24     0xd  Code  Gb  stm8s_tim1.o [1]
TIM1_DeInit             0x011dc0    0x99  Code  Gb  stm8s_tim1.o [1]
TIM1_OC1Init            0x01295d    0x61  Code  Gb  stm8s_tim1.o [1]
TIM1_OC1PreloadConfig   0x013e31     0xd  Code  Gb  stm8s_tim1.o [1]
TIM1_PWM_Init           0x012c95    0x56  Code  Gb  Tone.o [1]
TIM1_TimeBaseInit       0x0139d5    0x24  Code  Gb  stm8s_tim1.o [1]
TIM1_UPD_OVF_TRG_BRK_IRQHandler
                        0x013f69     0x1  Code  Gb  stm8s_it.o [1]
TIM2_CAP_COM_IRQHandler
                        0x013f6c     0x1  Code  Gb  stm8s_it.o [1]
TIM2_UPD_OVF_BRK_IRQHandler
                        0x013f6b     0x1  Code  Gb  stm8s_it.o [1]
TIM3_ARRPreloadConfig   0x013e4b     0xd  Code  Gb  stm8s_tim3.o [1]
TIM3_CAP_COM_IRQHandler
                        0x013f6d     0x1  Code  Gb  stm8s_it.o [1]
TIM3_ClearITPendingBit  0x013ee3     0x5  Code  Gb  stm8s_tim3.o [1]
TIM3_Cmd                0x013e3e     0xd  Code  Gb  stm8s_tim3.o [1]
TIM3_ITConfig           0x013d4e    0x13  Code  Gb  stm8s_tim3.o [1]
TIM3_PrescalerConfig    0x013e9c     0x9  Code  Gb  stm8s_tim3.o [1]
TIM3_TimeBaseInit       0x013e72     0xc  Code  Gb  stm8s_tim3.o [1]
TIM3_UPD_OVF_BRK_IRQHandler
                        0x013ae3    0x21  Code  Gb  stm8s_it.o [1]
TIM4_UPD_OVF_IRQHandler
                        0x013f72     0x1  Code  Gb  stm8s_it.o [1]
TLI_IRQHandler          0x013f60     0x1  Code  Gb  stm8s_it.o [1]
TONE_PowerOnInitial     0x0126fd    0x6b  Code  Gb  Tone.o [1]
TONE_Start              0x013923    0x1d  Code  Gb  Tone.o [1]
TONE_Stop               0x01391a     0x9  Code  Gb  Tone.o [1]
TRAP_IRQHandler         0x013f5f     0x1  Code  Gb  stm8s_it.o [1]
TaskDrvObj              0x001543    0x14  Data  Lc  System.o [1]
Task_RunNormalOperation
                        0x00b861   0x4c5  Code  Gb  Task.o [1]
Task_RunStart           0x00e105   0x1dc  Code  Gb  Task.o [1]
Test1                   0x0015c6     0x1  Data  Gb  ApiGpsCmd.o [1]
TestNum1                0x0015ce     0x1  Data  Gb  ApiKeyboard.o [1]
TestNum10               0x0015d7     0x1  Data  Gb  ApiKeyboard.o [1]
TestNum11               0x0015d8     0x1  Data  Gb  ApiKeyboard.o [1]
TestNum12               0x0015d9     0x1  Data  Gb  ApiKeyboard.o [1]
TestNum2                0x0015cf     0x1  Data  Gb  ApiKeyboard.o [1]
TestNum3                0x0015d0     0x1  Data  Gb  ApiKeyboard.o [1]
TestNum4                0x0015d1     0x1  Data  Gb  ApiKeyboard.o [1]
TestNum5                0x0015d2     0x1  Data  Gb  ApiKeyboard.o [1]
TestNum6                0x0015d3     0x1  Data  Gb  ApiKeyboard.o [1]
TestNum7                0x0015d4     0x1  Data  Gb  ApiKeyboard.o [1]
TestNum8                0x0015d5     0x1  Data  Gb  ApiKeyboard.o [1]
TestNum9                0x0015d6     0x1  Data  Gb  ApiKeyboard.o [1]
Tim3_Timer_Init         0x013807    0x29  Code  Gb  McuConfig.o [1]
TimeCount               0x0015e8     0x1  Data  Gb  Delay.o [1]
TimeCount2              0x0015e9     0x1  Data  Gb  Delay.o [1]
TimeCount3              0x0015ea     0x1  Data  Gb  Delay.o [1]
TimeCount_Light         0x0015eb     0x1  Data  Gb  Delay.o [1]
ToneDrvObj              0x001569    0x12  Data  Lc  Tone.o [1]
ToneTimeCount           0x0015ec     0x1  Data  Gb  Delay.o [1]
UART1_Cmd               0x013e58     0xd  Code  Gb  stm8s_uart1.o [1]
UART1_DeInit            0x01372f    0x2d  Code  Gb  stm8s_uart1.o [1]
UART1_GetFlagStatus     0x013558    0x32  Code  Gb  stm8s_uart1.o [1]
UART1_GetITStatus       0x0120b1    0x92  Code  Gb  stm8s_uart1.o [1]
UART1_ITConfig          0x012690    0x6d  Code  Gb  stm8s_uart1.o [1]
UART1_Init              0x010597   0x159  Code  Gb  stm8s_uart1.o [1]
UART1_RX_IRQHandler     0x0138f4    0x26  Code  Gb  stm8s_it.o [1]
UART1_ReceiveData8      0x013f34     0x4  Code  Gb  stm8s_uart1.o [1]
UART1_SendData8         0x013f38     0x4  Code  Gb  stm8s_uart1.o [1]
UART1_TX_IRQHandler     0x013f6e     0x1  Code  Gb  stm8s_it.o [1]
UART3_Cmd               0x013e65     0xd  Code  Gb  stm8s_uart3.o [1]
UART3_DeInit            0x01398b    0x25  Code  Gb  stm8s_uart3.o [1]
UART3_GetFlagStatus     0x0130eb    0x49  Code  Gb  stm8s_uart3.o [1]
UART3_GetITStatus       0x011a66    0xb6  Code  Gb  stm8s_uart3.o [1]
UART3_ITConfig          0x012143    0x8d  Code  Gb  stm8s_uart3.o [1]
UART3_Init              0x010d29   0x12a  Code  Gb  stm8s_uart3.o [1]
UART3_Interrupt         0x013c7d    0x17  Code  Gb  uart3.o [1]
UART3_RX_IRQHandler     0x013bb7    0x1b  Code  Gb  stm8s_it.o [1]
UART3_ReceiveData8      0x013f3c     0x4  Code  Gb  stm8s_uart3.o [1]
UART3_SendByte          0x013da9    0x10  Code  Gb  uart3.o [1]
UART3_SendData8         0x013f40     0x4  Code  Gb  stm8s_uart3.o [1]
UART3_TX_IRQHandler     0x013f70     0x1  Code  Gb  stm8s_it.o [1]
UART3_ToMcuMain         0x0132db    0x43  Code  Gb  uart3.o [1]
UART_Delay              0x013d85    0x12  Code  Lc  uart3.o [1]
UART_ErrorAck           0x012f5f    0x16  Code  Lc  uart3.o [1]
UART_GetCheckSum        0x01201c    0x2e  Code  Lc  uart3.o [1]
UART_KeyCommand         0x011085   0x109  Code  Lc  uart3.o [1]
UART_Link               0x01204a    0x67  Code  Lc  uart3.o [1]
UART_PasCommand         0x00e666   0x1b2  Code  Lc  uart3.o [1]
UART_PocCommand         0x012d94    0x52  Code  Lc  uart3.o [1]
UART_RightAck           0x012622    0x6e  Code  Lc  uart3.o [1]
UART_RxFrame            0x012de6    0x52  Code  Lc  uart3.o [1]
UART_TxSend             0x012f26    0x39  Code  Lc  uart3.o [1]
UART_WriteCommand       0x01138b    0xf3  Code  Lc  uart3.o [1]
UNICODE_16_GetData      0x00eb3e   0x185  Code  Gb  GT20L16P1Y.o [3]
Uart1_Init              0x0136d4    0x2e  Code  Gb  McuConfig.o [1]
Uart3_Init              0x0133d9    0x39  Code  Gb  uart3.o [1]
UartDrvObj              0x00147c    0x44  Data  Lc  uart3.o [1]
UnicodeForGbk_MainUserName
                        0x010000   0x173  Code  Gb  ApiPocCmd.o [1]
UnicodeForGbk_MainUserNameBuf
                        0x00158a     0xf  Data  Gb  ApiPocCmd.o [1]
UnicodeForGbk_MainWorkName
                        0x00ecc3   0x173  Code  Gb  ApiPocCmd.o [1]
UnicodeForGbk_MainWorkNameBuf
                        0x00157b     0xf  Data  Gb  ApiPocCmd.o [1]
UnicodeGetPointArrayData32
                        0x0131c4    0x48  Code  Gb  GT20L16P1Y_D.o [1]
UnicodeValueSearch      0x0138ce    0x26  Code  Gb  GT20L16P1Y_D.o [1]
VOICE_1sProcess         0x013db9     0xf  Code  Gb  Voice.o [1]
VOICE_Renew             0x0125b1    0x71  Code  Gb  Voice.o [1]
VOICE_SetOutput         0x01358a    0x31  Code  Gb  Voice.o [1]
ValueSearch             0x012ad8    0x5c  Code  Gb  GT20L16P1Y_D.o [1]
VerifyData              0x008080  0x1b00  Data  Gb  GT20L16P1Y_D.o [1]
VoiceDrvObj             0x0015af     0x6  Data  Lc  Voice.o [1]
WRITE_TABLE             0x00aa4b     0x4  Data  Lc  uart3.o [1]
WW_GetData              0x00cbba   0x2cd  Code  Gb  GT20L16P1Y.o [3]
WriteEEPROMByte         0x01335e    0x3e  Code  Gb  Flash_eeprom.o [1]
__DebugBreak            0x013f74     0x1  Code  Gb  __dbg_break.o [4]
__exit                  0x013cd8    0x16  Code  Gb  __dbg_xxexit.o [4]
__iar_copy_init2        0x013858          Code  Gb  init_small.o [5]
__iar_data_init2        0x013b43    0x1e  Code  Gb  init.o [5]
__iar_program_start     0x013c94          Code  Gb  cstartup.o [5]
__iar_unhandled_exception
                        0x013f5b          Code  Gb  unhandled_exception.o [5]
__iar_zero_init2        0x013b61          Code  Gb  init_small.o [5]
__intvec                0x008000          Data  Gb  interrupt.o [5]
__low_level_init        0x013f58     0x3  Code  Gb  low_level_init.o [5]
_exit                   0x013ece          Code  Gb  cexit.o [5]
_interrupt_1            0x013f5f          Code  Gb  stm8s_it.o [1]
_interrupt_12           0x013f68          Code  Gb  stm8s_it.o [1]
_interrupt_13           0x013f69          Code  Gb  stm8s_it.o [1]
_interrupt_14           0x013f6a          Code  Gb  stm8s_it.o [1]
_interrupt_15           0x013f6b          Code  Gb  stm8s_it.o [1]
_interrupt_16           0x013f6c          Code  Gb  stm8s_it.o [1]
_interrupt_17           0x013ae3          Code  Gb  stm8s_it.o [1]
_interrupt_18           0x013f6d          Code  Gb  stm8s_it.o [1]
_interrupt_19           0x013f6e          Code  Gb  stm8s_it.o [1]
_interrupt_2            0x013f60          Code  Gb  stm8s_it.o [1]
_interrupt_20           0x0138f4          Code  Gb  stm8s_it.o [1]
_interrupt_21           0x013f6f          Code  Gb  stm8s_it.o [1]
_interrupt_22           0x013f70          Code  Gb  stm8s_it.o [1]
_interrupt_23           0x013bb7          Code  Gb  stm8s_it.o [1]
_interrupt_24           0x013f71          Code  Gb  stm8s_it.o [1]
_interrupt_25           0x013f72          Code  Gb  stm8s_it.o [1]
_interrupt_26           0x013f73          Code  Gb  stm8s_it.o [1]
_interrupt_3            0x013f61          Code  Gb  stm8s_it.o [1]
_interrupt_4            0x013f62          Code  Gb  stm8s_it.o [1]
_interrupt_5            0x013f63          Code  Gb  stm8s_it.o [1]
_interrupt_6            0x013f64          Code  Gb  stm8s_it.o [1]
_interrupt_7            0x013f65          Code  Gb  stm8s_it.o [1]
_interrupt_8            0x013f66          Code  Gb  stm8s_it.o [1]
_interrupt_9            0x013f67          Code  Gb  stm8s_it.o [1]
api_diap_ico_pos_get    0x012b34    0x5a  Code  Gb  ApiDisplay.o [1]
api_disp_all_screen_refresh
                        0x012e88    0x4f  Code  Gb  ApiDisplay.o [1]
api_disp_char_output    0x013c4f    0x17  Code  Gb  ApiDisplay.o [1]
api_disp_char_output2   0x013c66    0x17  Code  Gb  ApiDisplay.o [1]
api_disp_ico_output     0x011b1c    0xb0  Code  Gb  ApiDisplay.o [1]
api_disp_icoid_output   0x011e59    0x97  Code  Gb  ApiDisplay.o [1]
api_lcd_pwr_on_hint     0x013678    0x2e  Code  Gb  ApiDisplay.o [1]
api_lcd_pwr_on_hint2    0x0135eb    0x2f  Code  Gb  ApiDisplay.o [1]
api_lcd_pwr_on_hint3    0x013702    0x2d  Code  Gb  ApiDisplay.o [1]
api_lcd_pwr_on_hint4    0x01361a    0x2f  Code  Gb  ApiDisplay.o [1]
api_lcd_pwr_on_hint5    0x0136a6    0x2e  Code  Gb  ApiDisplay.o [1]
api_poc_command_set     0x01164e    0xdf  Code  Gb  uart3.o [1]
drv_gt20_data_output    0x010bf5   0x134  Code  Gb  DrvGT20L16S1Y.o [1]
drv_gt20_data_output2   0x010aba   0x13b  Code  Gb  DrvGT20L16S1Y.o [1]
drv_gt20_pwr_on_init    0x01347e     0x4  Code  Gb  DrvGT20L16S1Y.o [1]
drv_htg_clr_allscr      0x00d714    0x35  Code  Gb  DrvHTG12832.o [1]
drv_htg_pwr_on_init     0x00d821     0xc  Code  Gb  DrvHTG12832.o [1]
drv_htg_reset           0x00d5db     0x5  Code  Gb  DrvHTG12832.o [1]
drv_htg_set_address     0x00d65a    0x40  Code  Gb  DrvHTG12832.o [1]
drv_htg_write_command   0x00d5e0    0x7a  Code  Gb  DrvHTG12832.o [1]
drv_htg_write_data      0x00d69a    0x7a  Code  Gb  DrvHTG12832.o [1]
drv_keypad_scan         0x00def4   0x211  Code  Gb  DrvKeyboard.o [1]
exit                    0x013f54     0x4  Code  Gb  exit.o [5]
find_zf_tab             0x01320c    0x47  Code  Gb  GT20L16P1Y.o [3]
get_key_value           0x011569    0xe5  Code  Gb  ApiKeyboard.o [1]
htg_delay_ms            0x00d749    0x1e  Code  Lc  DrvHTG12832.o [1]
htg_initial             0x00d767    0x6c  Code  Lc  DrvHTG12832.o [1]
key_scan_board          0x01097b   0x13f  Code  Gb  DrvKeyboard.o [1]
main                    0x013f2c     0x4  Code  Gb  main.o [1]
main_app                0x010838   0x143  Code  Gb  System.o [1]
mcu_gt20_initial        0x01344a    0x34  Code  Lc  DrvGT20L16S1Y.o [1]
mcu_key_pad_out         0x011f86    0x96  Code  Gb  DrvKeyboard.o [1]
mcu_key_pad_read        0x01253f    0x72  Code  Gb  DrvKeyboard.o [1]
mcu_key_pad_set         0x0106f0   0x148  Code  Gb  DrvKeyboard.o [1]
mcu_lcd_initial         0x00d7d3    0x4e  Code  Lc  DrvHTG12832.o [1]
memcmp                  0x0134ee    0x36  Code  Gb  memcmp.o [5]
memcpy                  0x013940    0x26  Code  Gb  memcpy.o [5]
memset                  0x013cab    0x17  Code  Gb  memset.o [5]
pack_data               0x010173   0x165  Code  Lc  ApiGpsCmd.o [1]
r_dat_bat               0x0127cf    0x64  Code  Gb  ApiDisplay.o [1]
strlen                  0x013d97    0x12  Code  Gb  strlen.o [5]
ucAtPocHead             0x000046     0x2  Data  Gb  ApiPocCmd.o [1]
ucCDMATIME              0x00001d     0x2  Data  Gb  ApiAtCmd.o [1]
ucCLVL                  0x000060     0x2  Data  Gb  Task.o [1]
ucCODECCTL              0x000064     0x2  Data  Gb  Task.o [1]
ucCSQ                   0x00006c     0x2  Data  Gb  Task.o [1]
ucCaretPPPCFG           0x000025     0x2  Data  Gb  ApiAtCmd.o [1]
ucCheckCard             0x00003b     0x2  Data  Gb  ApiAtCmd.o [1]
ucCheckPPP              0x000033     0x2  Data  Gb  ApiAtCmd.o [1]
ucCheckRssi             0x000039     0x2  Data  Gb  ApiAtCmd.o [1]
ucCheckTcp              0x000029     0x2  Data  Gb  ApiAtCmd.o [1]
ucEndPTT                0x00005c     0x2  Data  Gb  Task.o [1]
ucGD83Reset             0x000056     0x2  Data  Gb  System.o [1]
ucGPSINFO               0x00001f     0x2  Data  Gb  ApiAtCmd.o [1]
ucGPSSendToAtPort       0x00004a     0x2  Data  Gb  Delay.o [1]
ucGPSUploadTime_5s      0x00004c     0x2  Data  Gb  Delay.o [1]
ucGpsPosition           0x00001b     0x2  Data  Gb  ApiAtCmd.o [1]
ucOSSYSHWID             0x000066     0x2  Data  Gb  Task.o [1]
ucPPPCFG                0x00006e     0x2  Data  Gb  Task.o [1]
ucPlayZtts              0x000027     0x2  Data  Gb  ApiAtCmd.o [1]
ucPocOpenConfig         0x000072     0x2  Data  Gb  Task.o [1]
ucPrefmode2             0x000068     0x2  Data  Gb  Task.o [1]
ucPrefmode4             0x00006a     0x2  Data  Gb  Task.o [1]
ucQuitPersonalCalling   0x000042     0x2  Data  Gb  ApiKeyboard.o [1]
ucRequestUserListInfo   0x00005e     0x2  Data  Gb  Task.o [1]
ucRxCSQ31               0x000017     0x2  Data  Gb  ApiAtCmd.o [1]
ucRxCSQ99               0x000019     0x2  Data  Gb  ApiAtCmd.o [1]
ucRxCheckCard           0x000011     0x2  Data  Gb  ApiAtCmd.o [1]
ucRxCheckPppClose       0x000037     0x2  Data  Gb  ApiAtCmd.o [1]
ucRxCheckPppOpen        0x000035     0x2  Data  Gb  ApiAtCmd.o [1]
ucRxCheckTcp            0x00002f     0x2  Data  Gb  ApiAtCmd.o [1]
ucRxOkHeadInfo          0x000052     0x2  Data  Gb  DrvGD83.o [1]
ucRxPASTATE0            0x000015     0x2  Data  Gb  ApiAtCmd.o [1]
ucRxPASTATE1            0x000013     0x2  Data  Gb  ApiAtCmd.o [1]
ucRxPocHeadInfo         0x000050     0x2  Data  Gb  DrvGD83.o [1]
ucRxTcpDataHeadInfo     0x000054     0x2  Data  Gb  DrvGD83.o [1]
ucSIMST1                0x000021     0x2  Data  Gb  ApiAtCmd.o [1]
ucSIMST255              0x000023     0x2  Data  Gb  ApiAtCmd.o [1]
ucSendTcp               0x00002d     0x2  Data  Gb  ApiAtCmd.o [1]
ucSetIPAndID            0x000048     0x2  Data  Gb  ApiPocCmd.o [1]
ucSetIp                 0x00002b     0x2  Data  Gb  ApiAtCmd.o [1]
ucStartPTT              0x00005a     0x2  Data  Gb  Task.o [1]
ucTxPocHeadInfo         0x00004e     0x2  Data  Gb  DrvGD83.o [1]
ucVGR                   0x000062     0x2  Data  Gb  Task.o [1]
ucVGR1                  0x00003e     0x2  Data  Gb  ApiKeyboard.o [1]
ucVGR7                  0x000040     0x2  Data  Gb  ApiKeyboard.o [1]
ucZTTS_Abell            0x000070     0x2  Data  Gb  Task.o [1]
ucZpppOpen              0x000031     0x2  Data  Gb  ApiAtCmd.o [1]


[1] = E:\1-source\A508\PRJ\Debug\Obj
[2] = command line
[3] = GT20L16_STM8_DOUBLE_MEDIUM_IAR.a
[4] = dbgstm8mmd.a
[5] = dlstm8mmn.a

  33 619 bytes of readonly  code memory
  10 840 bytes of readonly  data memory
   5 877 bytes of readwrite data memory

Errors: none
Warnings: none
