###############################################################################
#
# IAR ELF Linker V2.20.1.176 for STM8                     12/Mar/2018  17:13:11
# Copyright 2010-2015 IAR Systems AB.
#
#    Output file  =  E:\1-source\A508\PRJ\Debug\Exe\A508_DEMO1.out
#    Map file     =  E:\1-source\A508\PRJ\Debug\List\A508_DEMO1.map
#    Command line =  
#        E:\1-source\A508\PRJ\Debug\Obj\ADC.o
#        E:\1-source\A508\PRJ\Debug\Obj\ApiAtCmd.o
#        E:\1-source\A508\PRJ\Debug\Obj\ApiBeidou.o
#        E:\1-source\A508\PRJ\Debug\Obj\ApiDisplay.o
#        E:\1-source\A508\PRJ\Debug\Obj\ApiGpsCmd.o
#        E:\1-source\A508\PRJ\Debug\Obj\ApiKeyboard.o
#        E:\1-source\A508\PRJ\Debug\Obj\ApiLED.o
#        E:\1-source\A508\PRJ\Debug\Obj\ApiMenu.o
#        E:\1-source\A508\PRJ\Debug\Obj\ApiPocCmd.o
#        E:\1-source\A508\PRJ\Debug\Obj\Beep.o
#        E:\1-source\A508\PRJ\Debug\Obj\CommonLib.o
#        E:\1-source\A508\PRJ\Debug\Obj\Config.o
#        E:\1-source\A508\PRJ\Debug\Obj\Delay.o
#        E:\1-source\A508\PRJ\Debug\Obj\DrvGD83.o
#        E:\1-source\A508\PRJ\Debug\Obj\DrvGT20L16S1Y.o
#        E:\1-source\A508\PRJ\Debug\Obj\DrvHTG12832.o
#        E:\1-source\A508\PRJ\Debug\Obj\DrvKeyboard.o
#        E:\1-source\A508\PRJ\Debug\Obj\Flash_eeprom.o
#        E:\1-source\A508\SRC\Syetem\GT20L16_STM8_DOUBLE_MEDIUM_IAR.a
#        E:\1-source\A508\PRJ\Debug\Obj\GT20L16P1Y_D.o
#        E:\1-source\A508\PRJ\Debug\Obj\KeyCmd.o
#        E:\1-source\A508\PRJ\Debug\Obj\main.o
#        E:\1-source\A508\PRJ\Debug\Obj\McuConfig.o
#        E:\1-source\A508\PRJ\Debug\Obj\stm8s_adc2.o
#        E:\1-source\A508\PRJ\Debug\Obj\stm8s_awu.o
#        E:\1-source\A508\PRJ\Debug\Obj\stm8s_beep.o
#        E:\1-source\A508\PRJ\Debug\Obj\stm8s_clk.o
#        E:\1-source\A508\PRJ\Debug\Obj\stm8s_exti.o
#        E:\1-source\A508\PRJ\Debug\Obj\stm8s_flash.o
#        E:\1-source\A508\PRJ\Debug\Obj\stm8s_gpio.o
#        E:\1-source\A508\PRJ\Debug\Obj\stm8s_i2c.o
#        E:\1-source\A508\PRJ\Debug\Obj\stm8s_it.o
#        E:\1-source\A508\PRJ\Debug\Obj\stm8s_itc.o
#        E:\1-source\A508\PRJ\Debug\Obj\stm8s_iwdg.o
#        E:\1-source\A508\PRJ\Debug\Obj\stm8s_rst.o
#        E:\1-source\A508\PRJ\Debug\Obj\stm8s_spi.o
#        E:\1-source\A508\PRJ\Debug\Obj\stm8s_tim1.o
#        E:\1-source\A508\PRJ\Debug\Obj\stm8s_tim2.o
#        E:\1-source\A508\PRJ\Debug\Obj\stm8s_tim3.o
#        E:\1-source\A508\PRJ\Debug\Obj\stm8s_tim4.o
#        E:\1-source\A508\PRJ\Debug\Obj\stm8s_uart1.o
#        E:\1-source\A508\PRJ\Debug\Obj\stm8s_uart3.o
#        E:\1-source\A508\PRJ\Debug\Obj\stm8s_wwdg.o
#        E:\1-source\A508\PRJ\Debug\Obj\sysclock.o
#        E:\1-source\A508\PRJ\Debug\Obj\System.o
#        E:\1-source\A508\PRJ\Debug\Obj\Task.o
#        E:\1-source\A508\PRJ\Debug\Obj\Tone.o
#        E:\1-source\A508\PRJ\Debug\Obj\uart3.o
#        E:\1-source\A508\PRJ\Debug\Obj\Voice.o --redirect _Printf=_PrintfSmall
#        --redirect _Scanf=_ScanfSmall -o
#        E:\1-source\A508\PRJ\Debug\Exe\A508_DEMO1.out --map
#        E:\1-source\A508\PRJ\Debug\List\A508_DEMO1.map --config "C:\Program
#        Files\IAR Systems\Embedded Workbench
#        7.3\stm8\config\lnkstm8s007c8.icf" --config_def _CSTACK_SIZE=0x100
#        --config_def _HEAP_SIZE=0x00 --entry __iar_program_start --debug_lib
#
###############################################################################

*******************************************************************************
*** RUNTIME MODEL ATTRIBUTES
***

__SystemLibrary            = DLib
__code_model               = medium_or_large
__core                     = stm8
__data_model               = medium
__dlib_file_descriptor     = 0
__dlib_full_locale_support = 0
__rt_version               = 4


*******************************************************************************
*** PLACEMENT SUMMARY
***

"A1":  place at start of [0x000000-0x0000ff] { rw section .vregs };
"A2":  place at end of [0x000000-0x0017ff] { block CSTACK };
"P2":  place in [from 0x000000 to 0x0017ff] {
          block HEAP, rw section __DLIB_PERTHREAD, rw section .far.bss,
          rw section .far.data, rw section .far.noinit,
          rw section .far_func.textrw, rw section .huge.bss,
          rw section .huge.data, rw section .huge.noinit,
          rw section .huge_func.textrw, rw section .iar.dynexit,
          rw section .near.bss, rw section .near.data, rw section .near.noinit,
          rw section .near_func.textrw };
"A3":  place at start of [0x008000-0x00ffff] { block INTVEC };
"P3":  place in [from 0x008000 to 0x00ffff] {
          ro section __DLIB_PERTHREAD_init, ro section .far.data_init,
          ro section .far_func.textrw_init, ro section .huge.data_init,
          ro section .huge_func.textrw_init, ro section .iar.init_table,
          ro section .init_array, ro section .near.data_init,
          ro section .near.rodata, ro section .near_func.text,
          ro section .near_func.textrw_init, ro section .tiny.data_init,
          ro section .tiny.rodata_init };
"P4":  place in [from 0x008000 to 0x00ffff repeat 2] {
          ro section .far.rodata, ro section .far_func.text };

  Section            Kind      Address    Size  Object
  -------            ----      -------    ----  ------
"A1":                                     0x10
  .vregs             uninit   0x000000    0x10  vregs.o [5]
                            - 0x000010    0x10

"P2", part 1 of 2:                        0x66
  P2-1                        0x000010    0x66  <Init block>
    .near.data       inited   0x000010     0x1  ApiAtCmd.o [1]
    .near.data       inited   0x000011     0x2  ApiAtCmd.o [1]
    .near.data       inited   0x000013     0x2  ApiAtCmd.o [1]
    .near.data       inited   0x000015     0x2  ApiAtCmd.o [1]
    .near.data       inited   0x000017     0x2  ApiAtCmd.o [1]
    .near.data       inited   0x000019     0x2  ApiAtCmd.o [1]
    .near.data       inited   0x00001b     0x2  ApiAtCmd.o [1]
    .near.data       inited   0x00001d     0x2  ApiAtCmd.o [1]
    .near.data       inited   0x00001f     0x2  ApiAtCmd.o [1]
    .near.data       inited   0x000021     0x2  ApiAtCmd.o [1]
    .near.data       inited   0x000023     0x2  ApiAtCmd.o [1]
    .near.data       inited   0x000025     0x2  ApiAtCmd.o [1]
    .near.data       inited   0x000027     0x2  ApiAtCmd.o [1]
    .near.data       inited   0x000029     0x2  ApiAtCmd.o [1]
    .near.data       inited   0x00002b     0x2  ApiAtCmd.o [1]
    .near.data       inited   0x00002d     0x2  ApiAtCmd.o [1]
    .near.data       inited   0x00002f     0x2  ApiAtCmd.o [1]
    .near.data       inited   0x000031     0x2  ApiAtCmd.o [1]
    .near.data       inited   0x000033     0x2  ApiAtCmd.o [1]
    .near.data       inited   0x000035     0x2  ApiAtCmd.o [1]
    .near.data       inited   0x000037     0x2  ApiAtCmd.o [1]
    .near.data       inited   0x000039     0x2  ApiAtCmd.o [1]
    .near.data       inited   0x00003b     0x2  ApiAtCmd.o [1]
    .near.data       inited   0x00003d     0x2  ApiAtCmd.o [1]
    .near.data       inited   0x00003f     0x1  ApiKeyboard.o [1]
    .near.data       inited   0x000040     0x2  ApiKeyboard.o [1]
    .near.data       inited   0x000042     0x2  ApiKeyboard.o [1]
    .near.data       inited   0x000044     0x2  ApiKeyboard.o [1]
    .near.data       inited   0x000046     0x1  ApiKeyboard.o [1]
    .near.data       inited   0x000047     0x1  ApiKeyboard.o [1]
    .near.data       inited   0x000048     0x1  ApiKeyboard.o [1]
    .near.data       inited   0x000049     0x1  ApiKeyboard.o [1]
    .near.data       inited   0x00004a     0x2  ApiPocCmd.o [1]
    .near.data       inited   0x00004c     0x2  ApiPocCmd.o [1]
    .near.data       inited   0x00004e     0x2  Delay.o [1]
    .near.data       inited   0x000050     0x2  Delay.o [1]
    .near.data       inited   0x000052     0x2  DrvGD83.o [1]
    .near.data       inited   0x000054     0x2  DrvGD83.o [1]
    .near.data       inited   0x000056     0x2  DrvGD83.o [1]
    .near.data       inited   0x000058     0x2  DrvGD83.o [1]
    .near.data       inited   0x00005a     0x1  Task.o [1]
    .near.data       inited   0x00005b     0x1  Task.o [1]
    .near.data       inited   0x00005c     0x2  Task.o [1]
    .near.data       inited   0x00005e     0x2  Task.o [1]
    .near.data       inited   0x000060     0x2  Task.o [1]
    .near.data       inited   0x000062     0x2  Task.o [1]
    .near.data       inited   0x000064     0x2  Task.o [1]
    .near.data       inited   0x000066     0x2  Task.o [1]
    .near.data       inited   0x000068     0x2  Task.o [1]
    .near.data       inited   0x00006a     0x2  Task.o [1]
    .near.data       inited   0x00006c     0x2  Task.o [1]
    .near.data       inited   0x00006e     0x2  Task.o [1]
    .near.data       inited   0x000070     0x2  Task.o [1]
    .near.data       inited   0x000072     0x2  Task.o [1]
    .near.data       inited   0x000074     0x2  Task.o [1]
                            - 0x000076    0x66

"P2", part 2 of 2:                      0x1330
  .near.bss          zero     0x000076   0x8f6  ApiPocCmd.o [1]
  .near.bss          zero     0x00096c   0x3a6  DrvGD83.o [1]
  .near.bss          zero     0x000d12   0x200  ApiDisplay.o [1]
  .near.bss          zero     0x000f12   0x1c3  ApiGpsCmd.o [1]
  .near.bss          zero     0x0010d5    0x7f  ApiAtCmd.o [1]
  .near.bss          zero     0x001154    0x50  ApiPocCmd.o [1]
  .near.bss          zero     0x0011a4    0x4b  ApiBeidou.o [1]
  .near.bss          zero     0x0011ef    0x44  uart3.o [1]
  .near.bss          zero     0x001233    0x40  ApiDisplay.o [1]
  .near.bss          zero     0x001273    0x2d  ApiPocCmd.o [1]
  .near.bss          zero     0x0012a0    0x16  ApiPocCmd.o [1]
  .near.bss          zero     0x0012b6    0x14  System.o [1]
  .near.bss          zero     0x0012ca    0x12  Beep.o [1]
  .near.bss          zero     0x0012dc    0x12  Tone.o [1]
  .near.bss          zero     0x0012ee     0xf  ApiPocCmd.o [1]
  .near.bss          zero     0x0012fd     0xf  ApiPocCmd.o [1]
  .near.bss          zero     0x00130c     0xf  ApiPocCmd.o [1]
  .near.bss          zero     0x00131b     0xb  ApiPocCmd.o [1]
  .near.bss          zero     0x001326     0xb  Delay.o [1]
  .near.bss          zero     0x001331     0x6  ApiBeidou.o [1]
  .near.bss          zero     0x001337     0x6  Voice.o [1]
  .near.bss          zero     0x00133d     0x4  uart3.o [1]
  .near.bss          zero     0x001341     0x2  ApiDisplay.o [1]
  .near.bss          zero     0x001343     0x2  DrvHTG12832.o [1]
  .near.bss          zero     0x001345     0x1  ADC.o [1]
  .near.bss          zero     0x001346     0x1  ADC.o [1]
  .near.bss          zero     0x001347     0x1  ADC.o [1]
  .near.bss          zero     0x001348     0x1  ADC.o [1]
  .near.bss          zero     0x001349     0x1  ADC.o [1]
  .near.bss          zero     0x00134a     0x1  ApiAtCmd.o [1]
  .near.bss          zero     0x00134b     0x1  ApiAtCmd.o [1]
  .near.bss          zero     0x00134c     0x1  ApiAtCmd.o [1]
  .near.bss          zero     0x00134d     0x1  ApiAtCmd.o [1]
  .near.bss          zero     0x00134e     0x1  ApiAtCmd.o [1]
  .near.bss          zero     0x00134f     0x1  ApiAtCmd.o [1]
  .near.bss          zero     0x001350     0x1  ApiAtCmd.o [1]
  .near.bss          zero     0x001351     0x1  ApiAtCmd.o [1]
  .near.bss          zero     0x001352     0x1  ApiAtCmd.o [1]
  .near.bss          zero     0x001353     0x1  ApiAtCmd.o [1]
  .near.bss          zero     0x001354     0x1  ApiAtCmd.o [1]
  .near.bss          zero     0x001355     0x1  ApiBeidou.o [1]
  .near.bss          zero     0x001356     0x1  ApiGpsCmd.o [1]
  .near.bss          zero     0x001357     0x1  ApiGpsCmd.o [1]
  .near.bss          zero     0x001358     0x1  ApiKeyboard.o [1]
  .near.bss          zero     0x001359     0x1  ApiKeyboard.o [1]
  .near.bss          zero     0x00135a     0x1  ApiKeyboard.o [1]
  .near.bss          zero     0x00135b     0x1  ApiKeyboard.o [1]
  .near.bss          zero     0x00135c     0x1  ApiKeyboard.o [1]
  .near.bss          zero     0x00135d     0x1  ApiKeyboard.o [1]
  .near.bss          zero     0x00135e     0x1  ApiKeyboard.o [1]
  .near.bss          zero     0x00135f     0x1  ApiKeyboard.o [1]
  .near.bss          zero     0x001360     0x1  ApiKeyboard.o [1]
  .near.bss          zero     0x001361     0x1  ApiKeyboard.o [1]
  .near.bss          zero     0x001362     0x1  ApiKeyboard.o [1]
  .near.bss          zero     0x001363     0x1  ApiKeyboard.o [1]
  .near.bss          zero     0x001364     0x1  ApiKeyboard.o [1]
  .near.bss          zero     0x001365     0x1  ApiKeyboard.o [1]
  .near.bss          zero     0x001366     0x1  ApiKeyboard.o [1]
  .near.bss          zero     0x001367     0x1  ApiKeyboard.o [1]
  .near.bss          zero     0x001368     0x1  ApiKeyboard.o [1]
  .near.bss          zero     0x001369     0x1  ApiKeyboard.o [1]
  .near.bss          zero     0x00136a     0x1  ApiKeyboard.o [1]
  .near.bss          zero     0x00136b     0x1  ApiKeyboard.o [1]
  .near.bss          zero     0x00136c     0x1  ApiKeyboard.o [1]
  .near.bss          zero     0x00136d     0x1  ApiKeyboard.o [1]
  .near.bss          zero     0x00136e     0x1  ApiLED.o [1]
  .near.bss          zero     0x00136f     0x1  ApiMenu.o [1]
  .near.bss          zero     0x001370     0x1  ApiMenu.o [1]
  .near.bss          zero     0x001371     0x1  ApiMenu.o [1]
  .near.bss          zero     0x001372     0x1  ApiMenu.o [1]
  .near.bss          zero     0x001373     0x1  ApiMenu.o [1]
  .near.bss          zero     0x001374     0x1  ApiMenu.o [1]
  .near.bss          zero     0x001375     0x1  ApiMenu.o [1]
  .near.bss          zero     0x001376     0x1  ApiPocCmd.o [1]
  .near.bss          zero     0x001377     0x1  ApiPocCmd.o [1]
  .near.bss          zero     0x001378     0x1  ApiPocCmd.o [1]
  .near.bss          zero     0x001379     0x1  ApiPocCmd.o [1]
  .near.bss          zero     0x00137a     0x1  ApiPocCmd.o [1]
  .near.bss          zero     0x00137b     0x1  ApiPocCmd.o [1]
  .near.bss          zero     0x00137c     0x1  ApiPocCmd.o [1]
  .near.bss          zero     0x00137d     0x1  ApiPocCmd.o [1]
  .near.bss          zero     0x00137e     0x1  ApiPocCmd.o [1]
  .near.bss          zero     0x00137f     0x1  ApiPocCmd.o [1]
  .near.bss          zero     0x001380     0x1  ApiPocCmd.o [1]
  .near.bss          zero     0x001381     0x1  ApiPocCmd.o [1]
  .near.bss          zero     0x001382     0x1  ApiPocCmd.o [1]
  .near.bss          zero     0x001383     0x1  ApiPocCmd.o [1]
  .near.bss          zero     0x001384     0x1  ApiPocCmd.o [1]
  .near.bss          zero     0x001385     0x1  ApiPocCmd.o [1]
  .near.bss          zero     0x001386     0x1  ApiPocCmd.o [1]
  .near.bss          zero     0x001387     0x1  Delay.o [1]
  .near.bss          zero     0x001388     0x1  Delay.o [1]
  .near.bss          zero     0x001389     0x1  Delay.o [1]
  .near.bss          zero     0x00138a     0x1  Delay.o [1]
  .near.bss          zero     0x00138b     0x1  Delay.o [1]
  .near.bss          zero     0x00138c     0x1  Delay.o [1]
  .near.bss          zero     0x00138d     0x1  Delay.o [1]
  .near.bss          zero     0x00138e     0x1  Delay.o [1]
  .near.bss          zero     0x00138f     0x1  Delay.o [1]
  .near.bss          zero     0x001390     0x1  Delay.o [1]
  .near.bss          zero     0x001391     0x1  Delay.o [1]
  .near.bss          zero     0x001392     0x1  Delay.o [1]
  .near.bss          zero     0x001393     0x1  Delay.o [1]
  .near.bss          zero     0x001394     0x1  Delay.o [1]
  .near.bss          zero     0x001395     0x1  Delay.o [1]
  .near.bss          zero     0x001396     0x1  Delay.o [1]
  .near.bss          zero     0x001397     0x1  Delay.o [1]
  .near.bss          zero     0x001398     0x1  Delay.o [1]
  .near.bss          zero     0x001399     0x1  Delay.o [1]
  .near.bss          zero     0x00139a     0x1  DrvGD83.o [1]
  .near.bss          zero     0x00139b     0x1  Task.o [1]
  .near.bss          zero     0x00139c     0x1  Task.o [1]
  .near.bss          zero     0x00139d     0x1  Task.o [1]
  .near.bss          zero     0x00139e     0x1  Task.o [1]
  .near.bss          zero     0x00139f     0x1  Task.o [1]
  .near.bss          zero     0x0013a0     0x1  Task.o [1]
  .near.bss          zero     0x0013a1     0x1  Task.o [1]
  .near.bss          zero     0x0013a2     0x1  Task.o [1]
  .near.bss          zero     0x0013a3     0x1  Task.o [1]
  .near.bss          zero     0x0013a4     0x1  Task.o [1]
  .near.bss          zero     0x0013a5     0x1  uart3.o [1]
                            - 0x0013a6  0x1330

"A2":                                    0x100
  CSTACK                      0x001700   0x100  <Block>
    CSTACK           uninit   0x001700   0x100  <Block tail>
                            - 0x001800   0x100

"A3":                                     0x80
  INTVEC                      0x008000    0x80  <Block>
    .intvec          const    0x008000    0x80  interrupt.o [5]
                            - 0x008080    0x80

"P3":                                   0x2bc6
  .near.rodata       const    0x008080  0x1b00  GT20L16P1Y_D.o [1]
  .near.rodata       const    0x009b80   0x400  ApiDisplay.o [1]
  .near.rodata       const    0x009f80   0x1b0  GT20L16P1Y_D.o [1]
  .near.rodata       const    0x00a130   0x1b0  GT20L16P1Y_D.o [1]
  Initializer bytes  const    0x00a2e0    0x66  <for P2-1>
  .near_func.text    const    0x00a346    0x40  ApiDisplay.o [1]
  .near.rodata       const    0x00a386    0x3e  GT20L16P1Y.o [3]
  .near.rodata       const    0x00a3c4    0x31  Task.o [1]
  .near.rodata       const    0x00a3f5    0x2d  Task.o [1]
  .near.rodata       const    0x00a422    0x2a  Task.o [1]
  .near.rodata       const    0x00a44c    0x25  Delay.o [1]
  .near.rodata       const    0x00a471    0x25  Task.o [1]
  .near.rodata       const    0x00a496    0x25  Task.o [1]
  .iar.init_table    const    0x00a4bb    0x14  - Linker created -
  .near.rodata       const    0x00a4cf    0x20  KeyCmd.o [1]
  .near.rodata       const    0x00a4ef    0x1d  ADC.o [1]
  .near.rodata       const    0x00a50c    0x1d  ADC.o [1]
  .near.rodata       const    0x00a529    0x1d  ADC.o [1]
  .near.rodata       const    0x00a546    0x1d  ADC.o [1]
  .near.rodata       const    0x00a563    0x1d  ApiKeyboard.o [1]
  .near.rodata       const    0x00a580    0x1d  Task.o [1]
  .near.rodata       const    0x00a59d    0x19  ADC.o [1]
  .near.rodata       const    0x00a5b6    0x18  Task.o [1]
  .near.rodata       const    0x00a5ce    0x15  ADC.o [1]
  .near.rodata       const    0x00a5e3    0x13  Task.o [1]
  .near.rodata       const    0x00a5f6    0x13  Task.o [1]
  .near.rodata       const    0x00a609    0x12  KeyCmd.o [1]
  .near.rodata       const    0x00a61b    0x12  Task.o [1]
  .near.rodata       const    0x00a62d    0x11  ApiAtCmd.o [1]
  .near.rodata       const    0x00a63e    0x11  ApiAtCmd.o [1]
  .near.rodata       const    0x00a64f    0x11  ApiAtCmd.o [1]
  .near.rodata       const    0x00a660    0x11  ApiKeyboard.o [1]
  .near.rodata       const    0x00a671    0x11  ApiKeyboard.o [1]
  .near.rodata       const    0x00a682    0x11  ApiKeyboard.o [1]
  .near.rodata       const    0x00a693    0x11  ApiKeyboard.o [1]
  .near.rodata       const    0x00a6a4    0x11  ApiKeyboard.o [1]
  .near.rodata       const    0x00a6b5    0x11  ApiKeyboard.o [1]
  .near.rodata       const    0x00a6c6    0x11  ApiKeyboard.o [1]
  .near.rodata       const    0x00a6d7    0x11  ApiKeyboard.o [1]
  .near.rodata       const    0x00a6e8    0x11  ApiMenu.o [1]
  .near.rodata       const    0x00a6f9    0x11  ApiMenu.o [1]
  .near.rodata       const    0x00a70a    0x11  ApiMenu.o [1]
  .near.rodata       const    0x00a71b    0x11  ApiMenu.o [1]
  .near.rodata       const    0x00a72c    0x11  ApiMenu.o [1]
  .near.rodata       const    0x00a73d    0x11  ApiMenu.o [1]
  .near.rodata       const    0x00a74e    0x11  ApiMenu.o [1]
  .near.rodata       const    0x00a75f    0x11  ApiMenu.o [1]
  .near.rodata       const    0x00a770    0x11  ApiMenu.o [1]
  .near.rodata       const    0x00a781    0x11  ApiMenu.o [1]
  .near.rodata       const    0x00a792    0x11  ApiMenu.o [1]
  .near.rodata       const    0x00a7a3    0x11  ApiMenu.o [1]
  .near.rodata       const    0x00a7b4    0x11  ApiMenu.o [1]
  .near.rodata       const    0x00a7c5    0x11  ApiMenu.o [1]
  .near.rodata       const    0x00a7d6    0x11  ApiMenu.o [1]
  .near.rodata       const    0x00a7e7    0x11  ApiMenu.o [1]
  .near.rodata       const    0x00a7f8    0x11  ApiMenu.o [1]
  .near.rodata       const    0x00a809    0x11  ApiMenu.o [1]
  .near.rodata       const    0x00a81a    0x11  ApiMenu.o [1]
  .near.rodata       const    0x00a82b    0x11  ApiMenu.o [1]
  .near.rodata       const    0x00a83c    0x11  ApiMenu.o [1]
  .near.rodata       const    0x00a84d    0x11  ApiMenu.o [1]
  .near.rodata       const    0x00a85e    0x11  ApiMenu.o [1]
  .near.rodata       const    0x00a86f    0x11  ApiMenu.o [1]
  .near.rodata       const    0x00a880    0x11  ApiMenu.o [1]
  .near.rodata       const    0x00a891    0x11  ApiMenu.o [1]
  .near.rodata       const    0x00a8a2    0x11  CommonLib.o [1]
  .near.rodata       const    0x00a8b3    0x11  Delay.o [1]
  .near.rodata       const    0x00a8c4    0x11  Delay.o [1]
  .near.rodata       const    0x00a8d5    0x11  KeyCmd.o [1]
  .near.rodata       const    0x00a8e6    0x11  System.o [1]
  .near.rodata       const    0x00a8f7    0x11  Task.o [1]
  .near.rodata       const    0x00a908    0x11  Task.o [1]
  .near.rodata       const    0x00a919    0x11  Task.o [1]
  .near.rodata       const    0x00a92a    0x11  Task.o [1]
  .near.rodata       const    0x00a93b    0x11  Task.o [1]
  .near.rodata       const    0x00a94c    0x11  Task.o [1]
  .near.rodata       const    0x00a95d    0x11  Task.o [1]
  .near.rodata       const    0x00a96e    0x11  Task.o [1]
  .near.rodata       const    0x00a97f    0x11  Task.o [1]
  .near.rodata       const    0x00a990    0x11  Task.o [1]
  .near.rodata       const    0x00a9a1    0x10  ApiAtCmd.o [1]
  .near.rodata       const    0x00a9b1    0x10  ApiAtCmd.o [1]
  .near.rodata       const    0x00a9c1    0x10  ApiDisplay.o [1]
  .near.rodata       const    0x00a9d1    0x10  ApiDisplay.o [1]
  .near.rodata       const    0x00a9e1    0x10  ApiMenu.o [1]
  .near.rodata       const    0x00a9f1    0x10  uart3.o [1]
  .near.rodata       const    0x00aa01     0xf  ApiAtCmd.o [1]
  .near.rodata       const    0x00aa10     0xf  ApiKeyboard.o [1]
  .near.rodata       const    0x00aa1f     0xf  ApiKeyboard.o [1]
  .near.rodata       const    0x00aa2e     0xf  Delay.o [1]
  .near.rodata       const    0x00aa3d     0xf  Task.o [1]
  .near.rodata       const    0x00aa4c     0xf  Task.o [1]
  .near.rodata       const    0x00aa5b     0xe  ApiAtCmd.o [1]
  .near.rodata       const    0x00aa69     0xe  ApiAtCmd.o [1]
  .near.rodata       const    0x00aa77     0xe  ApiAtCmd.o [1]
  .near.rodata       const    0x00aa85     0xe  Delay.o [1]
  .near.rodata       const    0x00aa93     0xe  Task.o [1]
  .near.rodata       const    0x00aaa1     0xe  Task.o [1]
  .near.rodata       const    0x00aaaf     0xd  ApiKeyboard.o [1]
  .near.rodata       const    0x00aabc     0xd  ApiPocCmd.o [1]
  .near.rodata       const    0x00aac9     0xd  ApiPocCmd.o [1]
  .near.rodata       const    0x00aad6     0xd  Task.o [1]
  .near.rodata       const    0x00aae3     0xc  ApiAtCmd.o [1]
  .near.rodata       const    0x00aaef     0xc  Delay.o [1]
  .near.rodata       const    0x00aafb     0xb  ApiAtCmd.o [1]
  .near.rodata       const    0x00ab06     0xb  ApiAtCmd.o [1]
  .near.rodata       const    0x00ab11     0xb  ApiKeyboard.o [1]
  .near.rodata       const    0x00ab1c     0xb  Delay.o [1]
  .near.rodata       const    0x00ab27     0xb  Task.o [1]
  .near.rodata       const    0x00ab32     0xa  ApiAtCmd.o [1]
  .near.rodata       const    0x00ab3c     0xa  ApiAtCmd.o [1]
  .near.rodata       const    0x00ab46     0xa  ApiAtCmd.o [1]
  .near.rodata       const    0x00ab50     0xa  ApiAtCmd.o [1]
  .near.rodata       const    0x00ab5a     0xa  Task.o [1]
  .near.rodata       const    0x00ab64     0x9  ApiAtCmd.o [1]
  .near.rodata       const    0x00ab6d     0x9  ApiAtCmd.o [1]
  .near.rodata       const    0x00ab76     0x9  ApiAtCmd.o [1]
  .near.rodata       const    0x00ab7f     0x9  ApiAtCmd.o [1]
  .near.rodata       const    0x00ab88     0x9  ApiAtCmd.o [1]
  .near.rodata       const    0x00ab91     0x9  ApiKeyboard.o [1]
  .near.rodata       const    0x00ab9a     0x9  ApiKeyboard.o [1]
  .near.rodata       const    0x00aba3     0x9  DrvGD83.o [1]
  .near.rodata       const    0x00abac     0x9  Task.o [1]
  .near.rodata       const    0x00abb5     0x9  Task.o [1]
  .near.rodata       const    0x00abbe     0x8  ApiAtCmd.o [1]
  .near.rodata       const    0x00abc6     0x8  ApiAtCmd.o [1]
  .near.rodata       const    0x00abce     0x8  ApiDisplay.o [1]
  .near.rodata       const    0x00abd6     0x8  ApiPocCmd.o [1]
  .near.rodata       const    0x00abde     0x8  Task.o [1]
  .near.rodata       const    0x00abe6     0x7  ApiAtCmd.o [1]
  .near.rodata       const    0x00abed     0x7  ApiPocCmd.o [1]
  .near.rodata       const    0x00abf4     0x7  DrvGD83.o [1]
  .near.rodata       const    0x00abfb     0x7  Task.o [1]
  .near.rodata       const    0x00ac02     0x7  Task.o [1]
  .near.rodata       const    0x00ac09     0x6  DrvGD83.o [1]
  .near.rodata       const    0x00ac0f     0x6  System.o [1]
  .near.rodata       const    0x00ac15     0x4  ApiMenu.o [1]
  .near.rodata       const    0x00ac19     0x4  ApiMenu.o [1]
  .near.rodata       const    0x00ac1d     0x4  ApiMenu.o [1]
  .near.rodata       const    0x00ac21     0x4  ApiMenu.o [1]
  .near.rodata       const    0x00ac25     0x4  ApiMenu.o [1]
  .near.rodata       const    0x00ac29     0x4  ApiMenu.o [1]
  .near.rodata       const    0x00ac2d     0x4  ApiMenu.o [1]
  .near.rodata       const    0x00ac31     0x4  stm8s_clk.o [1]
  .near.rodata       const    0x00ac35     0x4  uart3.o [1]
  .near.rodata       const    0x00ac39     0x4  uart3.o [1]
  .near.rodata       const    0x00ac3d     0x3  DrvGD83.o [1]
  .near.rodata       const    0x00ac40     0x3  uart3.o [1]
  .near.rodata       const    0x00ac43     0x3  uart3.o [1]
                            - 0x00ac46  0x2bc6

"P4", part 1 of 2:                      0x42af
  .far_func.text     ro code  0x00ac46   0xa9b  ApiKeyboard.o [1]
  .far_func.text     ro code  0x00b6e1   0x823  DrvGD83.o [1]
  .far_func.text     ro code  0x00bf04   0x728  Task.o [1]
  .far_func.text     ro code  0x00c62c   0x4ea  ApiGpsCmd.o [1]
  .far_func.text     ro code  0x00cb16   0x4de  ApiPocCmd.o [1]
  .far_func.text     ro code  0x00cff4   0x3fa  Delay.o [1]
  .far_func.text     ro code  0x00d3ee   0x30f  Beep.o [1]
  .far_func.text     ro code  0x00d6fd   0x2ce  ApiGpsCmd.o [1]
  .far_func.text     ro code  0x00d9cb   0x2cd  GT20L16P1Y.o [3]
  .far_func.text     ro code  0x00dc98   0x286  ApiAtCmd.o [1]
  .far_func.text     ro code  0x00df1e   0x273  ApiMenu.o [1]
  .far_func.text     ro code  0x00e191   0x252  DrvHTG12832.o [1]
  .far_func.text     ro code  0x00e3e3   0x251  GT20L16P1Y.o [3]
  .far_func.text     ro code  0x00e634   0x24d  ApiGpsCmd.o [1]
  .far_func.text     ro code  0x00e881   0x237  ApiAtCmd.o [1]
  .far_func.text     ro code  0x00eab8   0x22c  Config.o [1]
  .far_func.text     ro code  0x00ece4   0x211  DrvKeyboard.o [1]
                            - 0x00eef5  0x42af

"P4", part 2 of 2:                      0x5552
  .far_func.text     ro code  0x010000   0x1da  Task.o [1]
  .far_func.text     ro code  0x0101da   0x1b2  uart3.o [1]
  .far_func.text     ro code  0x01038c   0x19f  long.o [5]
  .far_func.text     ro code  0x01052b   0x193  ApiGpsCmd.o [1]
  .far_func.text     ro code  0x0106be   0x185  GT20L16P1Y.o [3]
  .far_func.text     ro code  0x010843   0x173  ApiMenu.o [1]
  .far_func.text     ro code  0x0109b6   0x173  ApiPocCmd.o [1]
  .far_func.text     ro code  0x010b29   0x173  ApiPocCmd.o [1]
  .far_func.text     ro code  0x010c9c   0x170  ADC.o [1]
  .far_func.text     ro code  0x010e0c   0x16e  ApiPocCmd.o [1]
  .far_func.text     ro code  0x010f7a   0x165  ApiGpsCmd.o [1]
  .far_func.text     ro code  0x0110df   0x163  ApiPocCmd.o [1]
  .far_func.text     ro code  0x011242   0x15c  vreg_util.o [5]
  .far_func.text     ro code  0x01139e   0x159  stm8s_uart1.o [1]
  .far_func.text     ro code  0x0114f7   0x153  ApiAtCmd.o [1]
  .far_func.text     ro code  0x01164a   0x148  DrvKeyboard.o [1]
  .far_func.text     ro code  0x011792   0x145  ApiAtCmd.o [1]
  .far_func.text     ro code  0x0118d7   0x143  ApiMenu.o [1]
  .far_func.text     ro code  0x011a1a   0x13f  DrvKeyboard.o [1]
  .far_func.text     ro code  0x011b59   0x13b  DrvGT20L16S1Y.o [1]
  .far_func.text     ro code  0x011c94   0x134  CommonLib.o [1]
  .far_func.text     ro code  0x011dc8   0x134  DrvGT20L16S1Y.o [1]
  .far_func.text     ro code  0x011efc   0x12a  stm8s_uart3.o [1]
  .far_func.text     ro code  0x012026   0x103  stm8s_itc.o [1]
  .far_func.text     ro code  0x012129   0x103  System.o [1]
  .far_func.text     ro code  0x01222c    0xfa  CommonLib.o [1]
  .far_func.text     ro code  0x012326    0xf3  uart3.o [1]
  .far_func.text     ro code  0x012419    0xeb  DrvGD83.o [1]
  .far_func.text     ro code  0x012504    0xe9  uart3.o [1]
  .far_func.text     ro code  0x0125ed    0xe5  ApiKeyboard.o [1]
  .far_func.text     ro code  0x0126d2    0xdf  uart3.o [1]
  .far_func.text     ro code  0x0127b1    0xd9  ApiDisplay.o [1]
  .far_func.text     ro code  0x01288a    0xd8  ApiPocCmd.o [1]
  .far_func.text     ro code  0x012962    0xc8  ApiDisplay.o [1]
  .far_func.text     ro code  0x012a2a    0xc0  ApiDisplay.o [1]
  .far_func.text     ro code  0x012aea    0xbb  ApiAtCmd.o [1]
  .far_func.text     ro code  0x012ba5    0xba  uart3.o [1]
  .far_func.text     ro code  0x012c5f    0xb6  stm8s_uart3.o [1]
  .far_func.text     ro code  0x012d15    0xb0  ApiDisplay.o [1]
  .far_func.text     ro code  0x012dc5    0xaf  stm8s_gpio.o [1]
  .far_func.text     ro code  0x012e74    0xad  uart3.o [1]
  .far_func.text     ro code  0x012f21    0xa3  Delay.o [1]
  .far_func.text     ro code  0x012fc4    0xa2  stm8s_clk.o [1]
  .far_func.text     ro code  0x013066    0x99  stm8s_tim1.o [1]
  .far_func.text     ro code  0x0130ff    0x97  ApiDisplay.o [1]
  .far_func.text     ro code  0x013196    0x96  CommonLib.o [1]
  .far_func.text     ro code  0x01322c    0x96  DrvKeyboard.o [1]
  .far_func.text     ro code  0x0132c2    0x95  uart3.o [1]
  .far_func.text     ro code  0x013357    0x92  stm8s_uart1.o [1]
  .far_func.text     ro code  0x0133e9    0x8f  uart3.o [1]
  .far_func.text     ro code  0x013478    0x8d  stm8s_uart3.o [1]
  .far_func.text     ro code  0x013505    0x8b  ApiAtCmd.o [1]
  .far_func.text     ro code  0x013590    0x88  ApiDisplay.o [1]
  .far_func.text     ro code  0x013618    0x88  ApiLED.o [1]
  .far_func.text     ro code  0x0136a0    0x85  ApiPocCmd.o [1]
  .far_func.text     ro code  0x013725    0x84  ApiAtCmd.o [1]
  .far_func.text     ro code  0x0137a9    0x82  stm8s_adc2.o [1]
  .far_func.text     ro code  0x01382b    0x80  DrvGD83.o [1]
  .far_func.text     ro code  0x0138ab    0x73  ApiAtCmd.o [1]
  .far_func.text     ro code  0x01391e    0x73  Delay.o [1]
  .far_func.text     ro code  0x013991    0x72  DrvKeyboard.o [1]
  .far_func.text     ro code  0x013a03    0x71  Voice.o [1]
  .far_func.text     ro code  0x013a74    0x6e  uart3.o [1]
  .far_func.text     ro code  0x013ae2    0x6d  stm8s_uart1.o [1]
  .far_func.text     ro code  0x013b4f    0x6b  Tone.o [1]
  .far_func.text     ro code  0x013bba    0x67  ApiAtCmd.o [1]
  .far_func.text     ro code  0x013c21    0x64  ApiDisplay.o [1]
  .far_func.text     ro code  0x013c85    0x64  ApiGpsCmd.o [1]
  .far_func.text     ro code  0x013ce9    0x64  CommonLib.o [1]
  .far_func.text     ro code  0x013d4d    0x64  long_util.o [5]
  .far_func.text     ro code  0x013db1    0x62  ApiPocCmd.o [1]
  .far_func.text     ro code  0x013e13    0x61  ApiDisplay.o [1]
  .far_func.text     ro code  0x013e74    0x61  KeyCmd.o [1]
  .far_func.text     ro code  0x013ed5    0x61  stm8s_tim1.o [1]
  .far_func.text     ro code  0x013f36    0x5f  ADC.o [1]
  .far_func.text     ro code  0x013f95    0x5e  CommonLib.o [1]
  .far_func.text     ro code  0x013ff3    0x5d  short.o [5]
  .far_func.text     ro code  0x014050    0x5c  GT20L16P1Y_D.o [1]
  .far_func.text     ro code  0x0140ac    0x5c  uart3.o [1]
  .far_func.text     ro code  0x014108    0x58  stm8s_clk.o [1]
  .far_func.text     ro code  0x014160    0x58  dc_util.o [5]
  .far_func.text     ro code  0x0141b8    0x57  ApiDisplay.o [1]
  .far_func.text     ro code  0x01420f    0x56  Tone.o [1]
  .far_func.text     ro code  0x014265    0x55  Delay.o [1]
  .far_func.text     ro code  0x0142ba    0x54  stm8s_adc2.o [1]
  .far_func.text     ro code  0x01430e    0x52  uart3.o [1]
  .far_func.text     ro code  0x014360    0x50  Flash_eeprom.o [1]
  .far_func.text     ro code  0x0143b0    0x4f  ApiDisplay.o [1]
  .far_func.text     ro code  0x0143ff    0x4f  Flash_eeprom.o [1]
  .far_func.text     ro code  0x01444e    0x4f  uart3.o [1]
  .far_func.text     ro code  0x01449d    0x4f  uart3.o [1]
  .far_func.text     ro code  0x0144ec    0x4e  CommonLib.o [1]
  .far_func.text     ro code  0x01453a    0x4e  System.o [1]
  .far_func.text     ro code  0x014588    0x4a  DrvGD83.o [1]
  .far_func.text     ro code  0x0145d2    0x4a  DrvGD83.o [1]
  .far_func.text     ro code  0x01461c    0x4a  DrvGD83.o [1]
  .far_func.text     ro code  0x014666    0x4a  DrvGD83.o [1]
  .far_func.text     ro code  0x0146b0    0x49  stm8s_uart3.o [1]
  .far_func.text     ro code  0x0146f9    0x48  Flash_eeprom.o [1]
  .far_func.text     ro code  0x014741    0x48  GT20L16P1Y_D.o [1]
  .far_func.text     ro code  0x014789    0x48  GT20L16P1Y_D.o [1]
  .far_func.text     ro code  0x0147d1    0x47  GT20L16P1Y.o [3]
  .far_func.text     ro code  0x014818    0x45  Flash_eeprom.o [1]
  .far_func.text     ro code  0x01485d    0x43  stm8s_tim1.o [1]
  .far_func.text     ro code  0x0148a0    0x40  Task.o [1]
  .far_func.text     ro code  0x0148e0    0x3e  Flash_eeprom.o [1]
  .far_func.text     ro code  0x01491e    0x3d  DrvGD83.o [1]
  .far_func.text     ro code  0x01495b    0x39  uart3.o [1]
  .far_func.text     ro code  0x014994    0x38  Beep.o [1]
  .far_func.text     ro code  0x0149cc    0x38  DrvGT20L16S1Y.o [1]
  .far_func.text     ro code  0x014a04    0x36  ApiPocCmd.o [1]
  .far_func.text     ro code  0x014a3a    0x36  stm8s_flash.o [1]
  .far_func.text     ro code  0x014a70    0x36  sysclock.o [1]
  .far_func.text     ro code  0x014aa6    0x36  memcmp.o [5]
  .far_func.text     ro code  0x014adc    0x34  McuConfig.o [1]
  .far_func.text     ro code  0x014b10    0x32  stm8s_uart1.o [1]
  .far_func.text     ro code  0x014b42    0x31  Voice.o [1]
  .far_func.text     ro code  0x014b73    0x30  stm8s_adc2.o [1]
  .far_func.text     ro code  0x014ba3    0x2f  ApiDisplay.o [1]
  .far_func.text     ro code  0x014bd2    0x2f  ApiDisplay.o [1]
  .far_func.text     ro code  0x014c01    0x2f  stm8s_adc2.o [1]
  .far_func.text     ro code  0x014c30    0x2e  ApiDisplay.o [1]
  .far_func.text     ro code  0x014c5e    0x2e  ApiDisplay.o [1]
  .far_func.text     ro code  0x014c8c    0x2e  McuConfig.o [1]
  .far_func.text     ro code  0x014cba    0x2d  ApiDisplay.o [1]
  .far_func.text     ro code  0x014ce7    0x2d  stm8s_uart1.o [1]
  .far_func.text     ro code  0x014d14    0x2c  DrvGD83.o [1]
  .far_func.text     ro code  0x014d40    0x2b  sysclock.o [1]
  .far_func.text     ro code  0x014d6b    0x2b  Task.o [1]
  .far_func.text     ro code  0x014d96    0x29  Delay.o [1]
  .far_func.text     ro code  0x014dbf    0x29  McuConfig.o [1]
  .far_func.text     ro code  0x014de8    0x28  stm8s_flash.o [1]
  .far_func.text     ro code  0x014e10    0x28  init_small.o [5]
  .far_func.text     ro code  0x014e38    0x27  ADC.o [1]
  .far_func.text     ro code  0x014e5f    0x27  McuConfig.o [1]
  .far_func.text     ro code  0x014e86    0x26  GT20L16P1Y_D.o [1]
  .far_func.text     ro code  0x014eac    0x26  stm8s_it.o [1]
  .far_func.text     ro code  0x014ed2    0x26  Tone.o [1]
  .far_func.text     ro code  0x014ef8    0x26  memcpy.o [5]
  .far_func.text     ro code  0x014f1e    0x25  stm8s_flash.o [1]
  .far_func.text     ro code  0x014f43    0x25  stm8s_uart3.o [1]
  .far_func.text     ro code  0x014f68    0x25  move.o [5]
  .far_func.text     ro code  0x014f8d    0x24  stm8s_tim1.o [1]
  .far_func.text     ro code  0x014fb1    0x22  ADC.o [1]
  .far_func.text     ro code  0x014fd3    0x22  ApiPocCmd.o [1]
  .far_func.text     ro code  0x014ff5    0x22  ApiPocCmd.o [1]
  .far_func.text     ro code  0x015017    0x21  ApiGpsCmd.o [1]
  .far_func.text     ro code  0x015038    0x21  ApiPocCmd.o [1]
  .far_func.text     ro code  0x015059    0x21  Delay.o [1]
  .far_func.text     ro code  0x01507a    0x21  stm8s_adc2.o [1]
  .far_func.text     ro code  0x01509b    0x21  stm8s_it.o [1]
  .far_func.text     ro code  0x0150bc    0x20  ApiPocCmd.o [1]
  .far_func.text     ro code  0x0150dc    0x20  KeyCmd.o [1]
  .far_func.text     ro code  0x0150fc    0x1f  sysclock.o [1]
  .far_func.text     ro code  0x01511b    0x1e  init.o [5]
  .far_func.text     ro code  0x015139    0x1e  init_small.o [5]
  .far_func.text     ro code  0x015157    0x1c  Beep.o [1]
  .far_func.text     ro code  0x015173    0x1c  Delay.o [1]
  .far_func.text     ro code  0x01518f    0x1b  stm8s_it.o [1]
  .far_func.text     ro code  0x0151aa    0x19  McuConfig.o [1]
  .far_func.text     ro code  0x0151c3    0x19  McuConfig.o [1]
  .far_func.text     ro code  0x0151dc    0x19  McuConfig.o [1]
  .far_func.text     ro code  0x0151f5    0x19  McuConfig.o [1]
  .far_func.text     ro code  0x01520e    0x19  McuConfig.o [1]
  .far_func.text     ro code  0x015227    0x17  ApiDisplay.o [1]
  .far_func.text     ro code  0x01523e    0x17  ApiDisplay.o [1]
  .far_func.text     ro code  0x015255    0x17  cstartup.o [5]
  .far_func.text     ro code  0x01526c    0x17  memset.o [5]
  .far_func.text     ro code  0x015283    0x16  stm8s_flash.o [1]
  .far_func.text     ro code  0x015299    0x16  __dbg_xxexit.o [4]
  .far_func.text     ro code  0x0152af    0x14  stm8s_flash.o [1]
  .far_func.text     ro code  0x0152c3    0x13  ApiPocCmd.o [1]
  .far_func.text     ro code  0x0152d6    0x13  ApiPocCmd.o [1]
  .far_func.text     ro code  0x0152e9    0x13  stm8s_adc2.o [1]
  .far_func.text     ro code  0x0152fc    0x13  stm8s_clk.o [1]
  .far_func.text     ro code  0x01530f    0x13  stm8s_tim3.o [1]
  .far_func.text     ro code  0x015322    0x12  ApiPocCmd.o [1]
  .far_func.text     ro code  0x015334    0x12  ApiPocCmd.o [1]
  .far_func.text     ro code  0x015346    0x12  uart3.o [1]
  .far_func.text     ro code  0x015358    0x12  strlen.o [5]
  .far_func.text     ro code  0x01536a    0x10  uart3.o [1]
  .far_func.text     ro code  0x01537a     0xf  Voice.o [1]
  .far_func.text     ro code  0x015389     0xe  ApiPocCmd.o [1]
  .far_func.text     ro code  0x015397     0xe  KeyCmd.o [1]
  .far_func.text     ro code  0x0153a5     0xe  far_util.o [5]
  .far_func.text     ro code  0x0153b3     0xd  McuConfig.o [1]
  .far_func.text     ro code  0x0153c0     0xd  McuConfig.o [1]
  .far_func.text     ro code  0x0153cd     0xd  McuConfig.o [1]
  .far_func.text     ro code  0x0153da     0xd  McuConfig.o [1]
  .far_func.text     ro code  0x0153e7     0xd  stm8s_adc2.o [1]
  .far_func.text     ro code  0x0153f4     0xd  stm8s_tim1.o [1]
  .far_func.text     ro code  0x015401     0xd  stm8s_tim1.o [1]
  .far_func.text     ro code  0x01540e     0xd  stm8s_tim1.o [1]
  .far_func.text     ro code  0x01541b     0xd  stm8s_tim3.o [1]
  .far_func.text     ro code  0x015428     0xd  stm8s_tim3.o [1]
  .far_func.text     ro code  0x015435     0xd  stm8s_uart1.o [1]
  .far_func.text     ro code  0x015442     0xd  stm8s_uart3.o [1]
  .far_func.text     ro code  0x01544f     0xc  stm8s_tim3.o [1]
  .far_func.text     ro code  0x01545b     0xb  ApiPocCmd.o [1]
  .far_func.text     ro code  0x015466     0xa  ApiAtCmd.o [1]
  .far_func.text     ro code  0x015470     0x9  stm8s_gpio.o [1]
  .far_func.text     ro code  0x015479     0x9  stm8s_tim3.o [1]
  .far_func.text     ro code  0x015482     0x7  ApiAtCmd.o [1]
  .far_func.text     ro code  0x015489     0x7  ApiAtCmd.o [1]
  .far_func.text     ro code  0x015490     0x7  ApiPocCmd.o [1]
  .far_func.text     ro code  0x015497     0x7  stm8s_flash.o [1]
  .far_func.text     ro code  0x01549e     0x7  stm8s_gpio.o [1]
  .far_func.text     ro code  0x0154a5     0x6  char.o [5]
  .far_func.text     ro code  0x0154ab     0x6  cexit.o [5]
  .far_func.text     ro code  0x0154b1     0x5  stm8s_adc2.o [1]
  .far_func.text     ro code  0x0154b6     0x5  stm8s_flash.o [1]
  .far_func.text     ro code  0x0154bb     0x5  stm8s_flash.o [1]
  .far_func.text     ro code  0x0154c0     0x5  stm8s_tim3.o [1]
  .far_func.text     ro code  0x0154c5     0x4  ApiAtCmd.o [1]
  .far_func.text     ro code  0x0154c9     0x4  ApiAtCmd.o [1]
  .far_func.text     ro code  0x0154cd     0x4  ApiAtCmd.o [1]
  .far_func.text     ro code  0x0154d1     0x4  ApiAtCmd.o [1]
  .far_func.text     ro code  0x0154d5     0x4  ApiAtCmd.o [1]
  .far_func.text     ro code  0x0154d9     0x4  ApiAtCmd.o [1]
  .far_func.text     ro code  0x0154dd     0x4  ApiAtCmd.o [1]
  .far_func.text     ro code  0x0154e1     0x4  ApiAtCmd.o [1]
  .far_func.text     ro code  0x0154e5     0x4  ApiAtCmd.o [1]
  .far_func.text     ro code  0x0154e9     0x4  ApiGpsCmd.o [1]
  .far_func.text     ro code  0x0154ed     0x4  ApiGpsCmd.o [1]
  .far_func.text     ro code  0x0154f1     0x4  ApiPocCmd.o [1]
  .far_func.text     ro code  0x0154f5     0x4  ApiPocCmd.o [1]
  .far_func.text     ro code  0x0154f9     0x4  ApiPocCmd.o [1]
  .far_func.text     ro code  0x0154fd     0x4  ApiPocCmd.o [1]
  .far_func.text     ro code  0x015501     0x4  ApiPocCmd.o [1]
  .far_func.text     ro code  0x015505     0x4  ApiPocCmd.o [1]
  .far_func.text     ro code  0x015509     0x4  main.o [1]
  .far_func.text     ro code  0x01550d     0x4  stm8s_gpio.o [1]
  .far_func.text     ro code  0x015511     0x4  stm8s_uart1.o [1]
  .far_func.text     ro code  0x015515     0x4  stm8s_uart1.o [1]
  .far_func.text     ro code  0x015519     0x4  stm8s_uart3.o [1]
  .far_func.text     ro code  0x01551d     0x4  stm8s_uart3.o [1]
  .far_func.text     ro code  0x015521     0x4  System.o [1]
  .far_func.text     ro code  0x015525     0x4  System.o [1]
  .far_func.text     ro code  0x015529     0x4  Task.o [1]
  .far_func.text     ro code  0x01552d     0x4  interrupt.o [5]
  .far_func.text     ro code  0x015531     0x4  exit.o [5]
  .far_func.text     ro code  0x015535     0x3  low_level_init.o [5]
  .far_func.text     ro code  0x015538     0x3  unhandled_exception.o [5]
  .far_func.text     ro code  0x01553b     0x1  ApiKeyboard.o [1]
  .far_func.text     ro code  0x01553c     0x1  stm8s_it.o [1]
  .far_func.text     ro code  0x01553d     0x1  stm8s_it.o [1]
  .far_func.text     ro code  0x01553e     0x1  stm8s_it.o [1]
  .far_func.text     ro code  0x01553f     0x1  stm8s_it.o [1]
  .far_func.text     ro code  0x015540     0x1  stm8s_it.o [1]
  .far_func.text     ro code  0x015541     0x1  stm8s_it.o [1]
  .far_func.text     ro code  0x015542     0x1  stm8s_it.o [1]
  .far_func.text     ro code  0x015543     0x1  stm8s_it.o [1]
  .far_func.text     ro code  0x015544     0x1  stm8s_it.o [1]
  .far_func.text     ro code  0x015545     0x1  stm8s_it.o [1]
  .far_func.text     ro code  0x015546     0x1  stm8s_it.o [1]
  .far_func.text     ro code  0x015547     0x1  stm8s_it.o [1]
  .far_func.text     ro code  0x015548     0x1  stm8s_it.o [1]
  .far_func.text     ro code  0x015549     0x1  stm8s_it.o [1]
  .far_func.text     ro code  0x01554a     0x1  stm8s_it.o [1]
  .far_func.text     ro code  0x01554b     0x1  stm8s_it.o [1]
  .far_func.text     ro code  0x01554c     0x1  stm8s_it.o [1]
  .far_func.text     ro code  0x01554d     0x1  stm8s_it.o [1]
  .far_func.text     ro code  0x01554e     0x1  stm8s_it.o [1]
  .far_func.text     ro code  0x01554f     0x1  stm8s_it.o [1]
  .far_func.text     ro code  0x015550     0x1  stm8s_it.o [1]
  .far_func.text     ro code  0x015551     0x1  __dbg_break.o [4]
                            - 0x015552  0x5552


*******************************************************************************
*** INIT TABLE
***

          Address   Size
          -------   ----
Zero (__iar_zero_init2)
    1 destination range, total size 0x1330:
          0x000076  0x1330

Copy (__iar_copy_init2)
    1 source range, total size 0x66:
          0x00a2e0    0x66
    1 destination range, total size 0x66:
          0x000010    0x66



*******************************************************************************
*** MODULE SUMMARY
***

    Module                 ro code  ro data  rw data
    ------                 -------  -------  -------
E:\1-source\A508\PRJ\Debug\Obj: [1]
    ADC.o                      536      162        5
    ApiAtCmd.o               2 613      329      185
    ApiBeidou.o                                   82
    ApiDisplay.o             1 712    1 128      578
    ApiGpsCmd.o              3 466               453
    ApiKeyboard.o            2 945      248       33
    ApiLED.o                   136                 1
    ApiMenu.o                1 321      486        7
    ApiPocCmd.o              3 473       45    2 518
    Beep.o                     867                18
    CommonLib.o                980       17
    Config.o                   556
    Delay.o                  1 483      127       34
    DrvGD83.o                2 847       33      943
    DrvGT20L16S1Y.o            679
    DrvHTG12832.o              594                 2
    DrvKeyboard.o            1 440
    Flash_eeprom.o             362
    GT20L16P1Y_D.o             274    7 776
    KeyCmd.o                   143       67
    McuConfig.o                355
    System.o                   345       23       20
    Task.o                   2 417      649       38
    Tone.o                     231                18
    Voice.o                    177                 6
    main.o                       4
    stm8s_adc2.o               379
    stm8s_clk.o                269        4
    stm8s_flash.o              190
    stm8s_gpio.o               195
    stm8s_it.o                 119
    stm8s_itc.o                259
    stm8s_tim1.o               392
    stm8s_tim3.o                71
    stm8s_uart1.o              716
    stm8s_uart3.o              752
    sysclock.o                 128
    uart3.o                  2 317       30       73
    ------------------------------------------------
    Total:                  35 743   11 124    5 014

command line: [2]
    ------------------------------------------------
    Total:

GT20L16_STM8_DOUBLE_MEDIUM_IAR.a: [3]
    GT20L16P1Y.o             1 770       62
    ------------------------------------------------
    Total:                   1 770       62

dbgstm8mmd.a: [4]
    __dbg_break.o                1
    __dbg_xxexit.o              22
    ------------------------------------------------
    Total:                      23

dlstm8mmn.a: [5]
    cexit.o                      6
    char.o                       6
    cstartup.o                  23
    dc_util.o                   88
    exit.o                       4
    far_util.o                  14
    init.o                      30
    init_small.o                70
    interrupt.o                  4      128
    long.o                     415
    long_util.o                100
    low_level_init.o             3
    memcmp.o                    54
    memcpy.o                    38
    memset.o                    23
    move.o                      37
    short.o                     93
    strlen.o                    18
    unhandled_exception.o        3
    vreg_util.o                348
    vregs.o                                       16
    ------------------------------------------------
    Total:                   1 377      128       16

    Linker created                       20      256
----------------------------------------------------
    Grand Total:            38 913   11 334    5 286


*******************************************************************************
*** ENTRY LIST
***

Entry                    Address    Size  Type      Object
-----                    -------    ----  ----      ------
.iar.init_table$$Base   0x00a4bb           --   Gb  - Linker created -
.iar.init_table$$Limit  0x00a4cf           --   Gb  - Linker created -
?add32_l0_l0_0x         0x01038f          Code  Gb  long.o [5]
?add32_l0_l0_l1         0x01038c          Code  Gb  long.o [5]
?and32_l0_l0_0x         0x0104cb          Code  Gb  long.o [5]
?and32_l0_l0_l1         0x0104c8          Code  Gb  long.o [5]
?b0                     0x000000          Data  Gb  vregs.o [5]
?b1                     0x000001          Data  Gb  vregs.o [5]
?b10                    0x00000a          Data  Gb  vregs.o [5]
?b11                    0x00000b          Data  Gb  vregs.o [5]
?b12                    0x00000c          Data  Gb  vregs.o [5]
?b13                    0x00000d          Data  Gb  vregs.o [5]
?b14                    0x00000e          Data  Gb  vregs.o [5]
?b15                    0x00000f          Data  Gb  vregs.o [5]
?b2                     0x000002          Data  Gb  vregs.o [5]
?b3                     0x000003          Data  Gb  vregs.o [5]
?b4                     0x000004          Data  Gb  vregs.o [5]
?b5                     0x000005          Data  Gb  vregs.o [5]
?b6                     0x000006          Data  Gb  vregs.o [5]
?b7                     0x000007          Data  Gb  vregs.o [5]
?b8                     0x000008          Data  Gb  vregs.o [5]
?b9                     0x000009          Data  Gb  vregs.o [5]
?dc32_l0                0x014160          Code  Gb  dc_util.o [5]
?dc32_l1                0x01418c          Code  Gb  dc_util.o [5]
?e0                     0x000001          Data  Gb  vregs.o [5]
?e1                     0x000005          Data  Gb  vregs.o [5]
?e2                     0x000009          Data  Gb  vregs.o [5]
?e3                     0x00000d          Data  Gb  vregs.o [5]
?epilogue_l2            0x0112fa          Code  Gb  vreg_util.o [5]
?epilogue_l2_l3         0x0112f6          Code  Gb  vreg_util.o [5]
?epilogue_l2_w6         0x0112ff          Code  Gb  vreg_util.o [5]
?epilogue_w4            0x011308          Code  Gb  vreg_util.o [5]
?l0                     0x000000          Data  Gb  vregs.o [5]
?l1                     0x000004          Data  Gb  vregs.o [5]
?l2                     0x000008          Data  Gb  vregs.o [5]
?l3                     0x00000c          Data  Gb  vregs.o [5]
?load24_e1_0x           0x0153a5          Code  Gb  far_util.o [5]
?load32_0x_l0           0x013da3          Code  Gb  long_util.o [5]
?load32_l0_0x           0x013d67          Code  Gb  long_util.o [5]
?load32_l0_asp          0x013d5b          Code  Gb  long_util.o [5]
?load32_l0_dbsp         0x013d4d          Code  Gb  long_util.o [5]
?load32_l0_xsp          0x013d5d          Code  Gb  long_util.o [5]
?load32_l1_0x           0x013d8d          Code  Gb  long_util.o [5]
?load32_l1_asp          0x013d81          Code  Gb  long_util.o [5]
?load32_l1_dbsp         0x013d73          Code  Gb  long_util.o [5]
?load32_l1_xsp          0x013d83          Code  Gb  long_util.o [5]
?load32_xsp_l0          0x013d99          Code  Gb  long_util.o [5]
?longfarg16_v_w0_a      0x014f75          Code  Gb  move.o [5]
?longfarg16_v_w0_x      0x014f77          Code  Gb  move.o [5]
?mov_e0_e1              0x011325          Code  Gb  vreg_util.o [5]
?mov_e0_e2              0x011332          Code  Gb  vreg_util.o [5]
?mov_e0_e3              0x01133f          Code  Gb  vreg_util.o [5]
?mov_e1_e0              0x01134c          Code  Gb  vreg_util.o [5]
?mov_e1_e2              0x011359          Code  Gb  vreg_util.o [5]
?mov_e1_e3              0x011366          Code  Gb  vreg_util.o [5]
?mov_e2_e0              0x011373          Code  Gb  vreg_util.o [5]
?mov_e3_e0              0x011387          Code  Gb  vreg_util.o [5]
?mov_e3_e1              0x011394          Code  Gb  vreg_util.o [5]
?mov_l0_l1              0x011322          Code  Gb  vreg_util.o [5]
?mov_l0_l2              0x01132f          Code  Gb  vreg_util.o [5]
?mov_l0_l3              0x01133c          Code  Gb  vreg_util.o [5]
?mov_l1_l0              0x011349          Code  Gb  vreg_util.o [5]
?mov_l1_l2              0x011356          Code  Gb  vreg_util.o [5]
?mov_l1_l3              0x011363          Code  Gb  vreg_util.o [5]
?mov_l2_l0              0x011370          Code  Gb  vreg_util.o [5]
?mov_l3_l0              0x011384          Code  Gb  vreg_util.o [5]
?mov_l3_l1              0x011391          Code  Gb  vreg_util.o [5]
?mov_w1_w3              0x011328          Code  Gb  vreg_util.o [5]
?mov_w1_w4              0x01130d          Code  Gb  vreg_util.o [5]
?mov_w1_w5              0x011335          Code  Gb  vreg_util.o [5]
?mov_w1_w7              0x011342          Code  Gb  vreg_util.o [5]
?mov_w2_w1              0x011314          Code  Gb  vreg_util.o [5]
?mov_w3_w1              0x01134f          Code  Gb  vreg_util.o [5]
?mov_w3_w5              0x01135c          Code  Gb  vreg_util.o [5]
?mov_w3_w7              0x011369          Code  Gb  vreg_util.o [5]
?mov_w5_w1              0x011376          Code  Gb  vreg_util.o [5]
?mov_w5_w3              0x01137d          Code  Gb  vreg_util.o [5]
?mov_w6_w0              0x01131b          Code  Gb  vreg_util.o [5]
?mov_w7_w1              0x01138a          Code  Gb  vreg_util.o [5]
?mov_w7_w3              0x011397          Code  Gb  vreg_util.o [5]
?move1616_v_x_y_a       0x014f68          Code  Gb  move.o [5]
?mul16_x_x_w0           0x013ff3          Code  Gb  short.o [5]
?mul32_l0_l0_l1         0x0103c2          Code  Gb  long.o [5]
?or32_l0_l0_0x          0x0104e6          Code  Gb  long.o [5]
?or32_l0_l0_l1          0x0104e3          Code  Gb  long.o [5]
?pop_l0                 0x0112be          Code  Gb  vreg_util.o [5]
?pop_l1                 0x0112c9          Code  Gb  vreg_util.o [5]
?pop_l2                 0x0112d4          Code  Gb  vreg_util.o [5]
?pop_l3                 0x0112df          Code  Gb  vreg_util.o [5]
?pop_w4                 0x011268          Code  Gb  vreg_util.o [5]
?pop_w5                 0x01126f          Code  Gb  vreg_util.o [5]
?pop_w6                 0x011276          Code  Gb  vreg_util.o [5]
?push_l0                0x011289          Code  Gb  vreg_util.o [5]
?push_l1                0x01128e          Code  Gb  vreg_util.o [5]
?push_l2                0x011293          Code  Gb  vreg_util.o [5]
?push_l3                0x011298          Code  Gb  vreg_util.o [5]
?push_w4                0x011242          Code  Gb  vreg_util.o [5]
?push_w5                0x011247          Code  Gb  vreg_util.o [5]
?push_w6                0x01124c          Code  Gb  vreg_util.o [5]
?sdiv16_x_x_y           0x014011          Code  Gb  short.o [5]
?sext16_x_a             0x014049          Code  Gb  short.o [5]
?sext32_l0_x            0x010520          Code  Gb  long.o [5]
?sll16_x_x_4            0x014044          Code  Gb  short.o [5]
?sll16_x_x_5            0x014043          Code  Gb  short.o [5]
?sll16_x_x_6            0x014042          Code  Gb  short.o [5]
?sll16_x_x_a            0x01403a          Code  Gb  short.o [5]
?sll32_0x_0x_a          0x010501          Code  Gb  long.o [5]
?sll32_l0_l0_a          0x0104fe          Code  Gb  long.o [5]
?smod16_y_x_y           0x01402a          Code  Gb  short.o [5]
?srl32_0x_0x_a          0x010512          Code  Gb  long.o [5]
?srl32_l0_l0_a          0x01050f          Code  Gb  long.o [5]
?srl8_a_a_5             0x0154a6          Code  Gb  char.o [5]
?srl8_a_a_6             0x0154a5          Code  Gb  char.o [5]
?sub32_l0_l0_0x         0x0103aa          Code  Gb  long.o [5]
?sub32_l0_l0_l1         0x0103a7          Code  Gb  long.o [5]
?ucmp32_c_l0_l1         0x0104bd          Code  Gb  long.o [5]
?udiv32_l0_dl_l1        0x010446          Code  Gb  long.o [5]
?udiv32_l0_l0_dl        0x01044c          Code  Gb  long.o [5]
?udiv32_l0_l0_l1        0x010450          Code  Gb  long.o [5]
?umod32_l1_l0_dl        0x010440          Code  Gb  long.o [5]
?umod32_l1_l0_l1        0x010450          Code  Gb  long.o [5]
?w0                     0x000000          Data  Gb  vregs.o [5]
?w1                     0x000002          Data  Gb  vregs.o [5]
?w2                     0x000004          Data  Gb  vregs.o [5]
?w3                     0x000006          Data  Gb  vregs.o [5]
?w4                     0x000008          Data  Gb  vregs.o [5]
?w5                     0x00000a          Data  Gb  vregs.o [5]
?w6                     0x00000c          Data  Gb  vregs.o [5]
?w7                     0x00000e          Data  Gb  vregs.o [5]
ADC2_Cmd                0x0153e7     0xd  Code  Gb  stm8s_adc2.o [1]
ADC2_ConversionConfig   0x014c01    0x2f  Code  Gb  stm8s_adc2.o [1]
ADC2_ExternalTriggerConfig
                        0x01507a    0x21  Code  Gb  stm8s_adc2.o [1]
ADC2_GetConversionValue
                        0x0142ba    0x54  Code  Gb  stm8s_adc2.o [1]
ADC2_IRQHandler         0x01554e     0x1  Code  Gb  stm8s_it.o [1]
ADC2_Init               0x014b73    0x30  Code  Gb  stm8s_adc2.o [1]
ADC2_PrescalerConfig    0x0152e9    0x13  Code  Gb  stm8s_adc2.o [1]
ADC2_SchmittTriggerConfig
                        0x0137a9    0x82  Code  Gb  stm8s_adc2.o [1]
ADC2_StartConversion    0x0154b1     0x5  Code  Gb  stm8s_adc2.o [1]
ADC_Init                0x014fb1    0x22  Code  Gb  ADC.o [1]
AF_Mute_Init            0x0153c0     0xd  Code  Gb  McuConfig.o [1]
ASCII_ActiveUserID      0x0012a0    0x16  Data  Gb  ApiPocCmd.o [1]
AUDIO_IOAFMUT           0x0151f5    0x19  Code  Gb  McuConfig.o [1]
AUDIO_IOAFPOW           0x01520e    0x19  Code  Gb  McuConfig.o [1]
AWU_IRQHandler          0x01553e     0x1  Code  Gb  stm8s_it.o [1]
AkeyvolumeCount         0x00003f     0x1  Data  Gb  ApiKeyboard.o [1]
AlarmCount              0x00005a     0x1  Data  Gb  Task.o [1]
ApGpsCmd_10msRenew      0x015017    0x21  Code  Gb  ApiGpsCmd.o [1]
ApiAtCmd_100msRenew     0x00de96    0x88  Code  Gb  ApiAtCmd.o [1]
ApiAtCmd_10msRenew      0x012aea    0xbb  Code  Gb  ApiAtCmd.o [1]
ApiAtCmd_GetGroupName   0x015322    0x12  Code  Gb  ApiPocCmd.o [1]
ApiAtCmd_GetGroupNameLen
                        0x0152c3    0x13  Code  Gb  ApiPocCmd.o [1]
ApiAtCmd_GetGroupNum    0x0154f9     0x4  Code  Gb  ApiPocCmd.o [1]
ApiAtCmd_GetLoginState  0x015490     0x7  Code  Gb  ApiPocCmd.o [1]
ApiAtCmd_GetMainGroupId
                        0x015501     0x4  Code  Gb  ApiPocCmd.o [1]
ApiAtCmd_GetMainUserId  0x015505     0x4  Code  Gb  ApiPocCmd.o [1]
ApiAtCmd_GetMainUserName
                        0x0154f5     0x4  Code  Gb  ApiPocCmd.o [1]
ApiAtCmd_GetMainWorkName
                        0x0154f1     0x4  Code  Gb  ApiPocCmd.o [1]
ApiAtCmd_GetUserName    0x015334    0x12  Code  Gb  ApiPocCmd.o [1]
ApiAtCmd_GetUserNameLen
                        0x0152d6    0x13  Code  Gb  ApiPocCmd.o [1]
ApiAtCmd_GetUserNum     0x0154fd     0x4  Code  Gb  ApiPocCmd.o [1]
ApiAtCmd_Get_DateTime_Information
                        0x0114f7   0x153  Code  Gb  ApiAtCmd.o [1]
ApiAtCmd_Get_location_Information
                        0x011792   0x145  Code  Gb  ApiAtCmd.o [1]
ApiAtCmd_PlayVoice      0x0138ab    0x73  Code  Gb  ApiAtCmd.o [1]
ApiAtCmd_SetLoginState  0x015389     0xe  Code  Gb  ApiPocCmd.o [1]
ApiAtCmd_TrumpetVoicePlay_Flag
                        0x00134c     0x1  Data  Gb  ApiAtCmd.o [1]
ApiAtCmd_WritCommand    0x00dc98   0x1fe  Code  Gb  ApiAtCmd.o [1]
ApiAtCmd_ZTTS0_Flag     0x00134d     0x1  Data  Gb  ApiAtCmd.o [1]
ApiAtCmd_tcp_state      0x015466     0xa  Code  Gb  ApiAtCmd.o [1]
ApiCaretCmd_10msRenew   0x00e881   0x237  Code  Gb  ApiAtCmd.o [1]
ApiGpsCmd_100msRenew    0x00c926   0x1f0  Code  Gb  ApiGpsCmd.o [1]
ApiGpsCmd_PowerOnInitial
                        0x01052b   0x193  Code  Gb  ApiGpsCmd.o [1]
ApiGps_GetTcpIpAddress  0x0154e9     0x4  Code  Gb  ApiGpsCmd.o [1]
ApiGps_GetTcpPortAddress
                        0x0154ed     0x4  Code  Gb  ApiGpsCmd.o [1]
ApiMenu_BacklightTimeSet_Flag
                        0x001373     0x1  Data  Gb  ApiMenu.o [1]
ApiMenu_BeiDouOrWritingFrequency_Flag
                        0x001375     0x1  Data  Gb  ApiMenu.o [1]
ApiMenu_GpsInfo_Flag    0x001371     0x1  Data  Gb  ApiMenu.o [1]
ApiMenu_KeylockTimeSet_Flag
                        0x001374     0x1  Data  Gb  ApiMenu.o [1]
ApiMenu_NativeInfo_Flag
                        0x001372     0x1  Data  Gb  ApiMenu.o [1]
ApiMenu_SwitchCallUser_Flag
                        0x001370     0x1  Data  Gb  ApiMenu.o [1]
ApiMenu_SwitchGroup_Flag
                        0x00136f     0x1  Data  Gb  ApiMenu.o [1]
ApiPocCmd_10msRenew     0x00cb16   0x4de  Code  Gb  ApiPocCmd.o [1]
ApiPocCmd_Tone_Flag     0x00137e     0x1  Data  Gb  ApiPocCmd.o [1]
ApiPocCmd_WritCommand   0x0110df   0x163  Code  Gb  ApiPocCmd.o [1]
ApiPocCmd_user_info_get
                        0x014a04    0x36  Code  Gb  ApiPocCmd.o [1]
ApiPocCmd_user_info_set
                        0x01288a    0xd8  Code  Gb  ApiPocCmd.o [1]
AtCmdDrvobj             0x0010d5    0x7f  Data  Lc  ApiAtCmd.o [1]
AtCmd_NetParamCode      0x013505    0x8b  Code  Lc  ApiAtCmd.o [1]
AtNotify_Queue          0x00b77b    0x4d  Code  Lc  DrvGD83.o [1]
AtNotify_Queue_Start    0x00b7c8    0x56  Code  Lc  DrvGD83.o [1]
BEEP_Interrupt10ms      0x015157    0x1c  Code  Gb  Beep.o [1]
BEEP_PowerOnInitial     0x00d62a    0xd3  Code  Gb  Beep.o [1]
BEEP_SetOutput          0x00d3ee   0x23c  Code  Gb  Beep.o [1]
BEEP_Time               0x014994    0x38  Code  Gb  Beep.o [1]
BacklightTimeCount      0x001396     0x1  Data  Gb  Delay.o [1]
BacklightTimeSetCount   0x000048     0x1  Data  Gb  ApiKeyboard.o [1]
BatteryLevel            0x001345     0x1  Data  Gb  ADC.o [1]
BeepDrvObj              0x0012ca    0x12  Data  Lc  Beep.o [1]
BeidouRxData            0x0011a4    0x4b  Data  Gb  ApiBeidou.o [1]
BeidouRxDataLen         0x001355     0x1  Data  Gb  ApiBeidou.o [1]
BitTab                  0x00abce     0x8  Data  Gb  ApiDisplay.o [1]
BootProcess_PPPCFG_Flag
                        0x00134b     0x1  Data  Gb  ApiAtCmd.o [1]
BootProcess_PPPCFG_Flag_Zanshi
                        0x000010     0x1  Data  Gb  ApiAtCmd.o [1]
BootProcess_SIMST_Flag  0x00134a     0x1  Data  Gb  ApiAtCmd.o [1]
CFG_GetCurAdr           0x00eab8   0x22c  Code  Gb  Config.o [1]
CHAR_HIGH               0x00a9c1    0x10  Data  Gb  ApiDisplay.o [1]
CHAR_TO_Digital         0x013bba    0x67  Code  Gb  ApiAtCmd.o [1]
CHAR_WIDTH              0x00a9d1    0x10  Data  Gb  ApiDisplay.o [1]
CLK_ClockSwitchConfig   0x012fc4    0xa2  Code  Gb  stm8s_clk.o [1]
CLK_GetClockFreq        0x014108    0x58  Code  Gb  stm8s_clk.o [1]
CLK_HSIPrescalerConfig  0x0152fc    0x13  Code  Gb  stm8s_clk.o [1]
CLK_IRQHandler          0x01553f     0x1  Code  Gb  stm8s_it.o [1]
COMLHexArray2String     0x013c85    0x64  Code  Lc  ApiGpsCmd.o [1]
COML_AscToHex           0x01222c    0xfa  Code  Gb  CommonLib.o [1]
COML_DecToAsc           0x013ce9    0x64  Code  Gb  CommonLib.o [1]
COML_HexToAsc2          0x013196    0x96  Code  Gb  CommonLib.o [1]
COML_StringReverse      0x013f95    0x5e  Code  Gb  CommonLib.o [1]
CSQTimeCount            0x001391     0x1  Data  Gb  Delay.o [1]
CSQ_Flag                0x00134e     0x1  Data  Gb  ApiAtCmd.o [1]
CSTACK$$Base            0x001700           --   Gb  - Linker created -
CSTACK$$Limit           0x001800           --   Gb  - Linker created -
C_TEST_OUT_SET          0x0153da     0xd  Code  Gb  McuConfig.o [1]
CaretNotify_Queue       0x00b6e1    0x4d  Code  Lc  DrvGD83.o [1]
CaretNotify_Queue_Start
                        0x00b874    0x56  Code  Lc  DrvGD83.o [1]
CharCode                0x001341     0x2  Data  Gb  ApiDisplay.o [1]
Combine2Hex             0x011c94   0x134  Code  Gb  CommonLib.o [1]
Count                   0x001346     0x1  Data  Gb  ADC.o [1]
Count2                  0x001347     0x1  Data  Gb  ADC.o [1]
DEL_100msProcess        0x00d35d    0x58  Code  Lc  Delay.o [1]
DEL_10msProcess         0x00d3b5    0x1d  Code  Lc  Delay.o [1]
DEL_1msProcess          0x00d3d2     0xc  Code  Lc  Delay.o [1]
DEL_500msProcess        0x00cff4   0x369  Code  Lc  Delay.o [1]
DEL_500ms_Count         0x001389     0x1  Data  Gb  Delay.o [1]
DEL_500ms_Count2        0x00138a     0x1  Data  Gb  Delay.o [1]
DEL_GetTimer            0x014265    0x55  Code  Gb  Delay.o [1]
DEL_Interrupt           0x012f21    0xa3  Code  Gb  Delay.o [1]
DEL_PowerOnInitial      0x015059    0x21  Code  Gb  Delay.o [1]
DEL_Renew               0x00d3de    0x10  Code  Gb  Delay.o [1]
DEL_SetTimer            0x01391e    0x73  Code  Gb  Delay.o [1]
DEL_Soft1ms             0x015173    0x1c  Code  Gb  Delay.o [1]
DEL_TimerRenew          0x014d96    0x29  Code  Lc  Delay.o [1]
DISP_DataBuf            0x012962    0xc8  Code  Lc  ApiDisplay.o [1]
DISP_MulTypePro         0x012a2a    0xc0  Code  Lc  ApiDisplay.o [1]
DISP_MulTypePro2        0x0127b1    0xd9  Code  Lc  ApiDisplay.o [1]
Data_Date0              0x0154d9     0x4  Code  Gb  ApiAtCmd.o [1]
Data_Date1              0x0154dd     0x4  Code  Gb  ApiAtCmd.o [1]
Data_Date2              0x0154e1     0x4  Code  Gb  ApiAtCmd.o [1]
Data_Latitude_Minute    0x0154c9     0x4  Code  Gb  ApiAtCmd.o [1]
Data_Latitude_Second    0x015489     0x7  Code  Gb  ApiAtCmd.o [1]
Data_Longitude_Minute   0x0154c5     0x4  Code  Gb  ApiAtCmd.o [1]
Data_Longitude_Second   0x015482     0x7  Code  Gb  ApiAtCmd.o [1]
Data_Speed              0x0154e5     0x4  Code  Gb  ApiAtCmd.o [1]
Data_Time0              0x0154cd     0x4  Code  Gb  ApiAtCmd.o [1]
Data_Time1              0x0154d1     0x4  Code  Gb  ApiAtCmd.o [1]
Data_Time2              0x0154d5     0x4  Code  Gb  ApiAtCmd.o [1]
Dec2Hex                 0x0144ec    0x4e  Code  Gb  CommonLib.o [1]
DefaultSystemClockForHSI
                        0x0150fc    0x1f  Code  Gb  sysclock.o [1]
DelDrvObj               0x001326     0xb  Data  Lc  Delay.o [1]
Delay_100ms             0x0148a0    0x40  Code  Gb  Task.o [1]
DisDataBit              0x001233    0x40  Data  Gb  ApiDisplay.o [1]
DisDataBuf              0x000d12   0x200  Data  Gb  ApiDisplay.o [1]
DrvGD83DrvObj           0x00096c   0x3a6  Data  Lc  DrvGD83.o [1]
DrvGD83_UART_TxCommand  0x01382b    0x80  Code  Gb  DrvGD83.o [1]
DrvMC8332_AtNotify_Queue_front
                        0x0145d2    0x4a  Code  Gb  DrvGD83.o [1]
DrvMC8332_CaretNotify_Queue_front
                        0x014588    0x4a  Code  Gb  DrvGD83.o [1]
DrvMC8332_GpsNotify_Queue_front
                        0x014666    0x4a  Code  Gb  DrvGD83.o [1]
DrvMC8332_PocNotify_Queue_front
                        0x01461c    0x4a  Code  Gb  DrvGD83.o [1]
DrvMC8332_Software_Initial
                        0x01491e    0x3d  Code  Gb  DrvGD83.o [1]
DrvMC8332_TxPort_SetValidable
                        0x014d14    0x2c  Code  Gb  DrvGD83.o [1]
DrvMC8332_UART_Interrupt
                        0x00bb39   0x3cb  Code  Gb  DrvGD83.o [1]
DrvMc8332_UART_TxTail   0x012419    0xeb  Code  Gb  DrvGD83.o [1]
EEPROM_EEC_IRQHandler   0x015550     0x1  Code  Gb  stm8s_it.o [1]
EXTI_PORTA_IRQHandler   0x015540     0x1  Code  Gb  stm8s_it.o [1]
EXTI_PORTB_IRQHandler   0x015541     0x1  Code  Gb  stm8s_it.o [1]
EXTI_PORTC_IRQHandler   0x015542     0x1  Code  Gb  stm8s_it.o [1]
EXTI_PORTD_IRQHandler   0x015543     0x1  Code  Gb  stm8s_it.o [1]
EXTI_PORTE_IRQHandler   0x015544     0x1  Code  Gb  stm8s_it.o [1]
EnterKeyTimeCount       0x001394     0x1  Data  Gb  Delay.o [1]
EnterKeyTime_2s_Flag    0x0013a4     0x1  Data  Gb  Task.o [1]
EnterPttMomentCount     0x0013a0     0x1  Data  Gb  Task.o [1]
EnterPttMoment_Flag     0x0013a2     0x1  Data  Gb  Task.o [1]
FILE_Read               0x0146f9    0x48  Code  Gb  Flash_eeprom.o [1]
FILE_Read2              0x014818    0x45  Code  Gb  Flash_eeprom.o [1]
FILE_Write              0x0143ff    0x4f  Code  Gb  Flash_eeprom.o [1]
FILE_Write2             0x014360    0x50  Code  Gb  Flash_eeprom.o [1]
FLASH_EraseOptionByte   0x014de8    0x28  Code  Gb  stm8s_flash.o [1]
FLASH_GetFlagStatus     0x0152af    0x14  Code  Gb  stm8s_flash.o [1]
FLASH_Lock              0x015497     0x7  Code  Gb  stm8s_flash.o [1]
FLASH_ProgramByte       0x0154b6     0x5  Code  Gb  stm8s_flash.o [1]
FLASH_ProgramOptionByte
                        0x014f1e    0x25  Code  Gb  stm8s_flash.o [1]
FLASH_ReadByte          0x0154bb     0x5  Code  Gb  stm8s_flash.o [1]
FLASH_Unlock            0x015283    0x16  Code  Gb  stm8s_flash.o [1]
FLASH_WaitForLastOperation
                        0x014a3a    0x36  Code  Gb  stm8s_flash.o [1]
GB2312_16_GetData       0x00e3e3   0x251  Code  Gb  GT20L16P1Y.o [3]
GPIO_Init               0x012dc5    0xaf  Code  Gb  stm8s_gpio.o [1]
GPIO_ReadInputPin       0x015470     0x9  Code  Gb  stm8s_gpio.o [1]
GPIO_WriteHigh          0x01549e     0x7  Code  Gb  stm8s_gpio.o [1]
GPIO_WriteLow           0x01550d     0x4  Code  Gb  stm8s_gpio.o [1]
GeHuTest                0x01553b     0x1  Code  Lc  ApiKeyboard.o [1]
GetPersonalCallingMode  0x01545b     0xb  Code  Gb  ApiPocCmd.o [1]
GetPointArrayData32     0x014741    0x48  Code  Gb  GT20L16P1Y_D.o [1]
GetTaskId               0x015521     0x4  Code  Gb  System.o [1]
Get_0X_ActiveUserIDBuf  0x00131b     0xb  Data  Gb  ApiPocCmd.o [1]
Get_GBK_ActiveUserID    0x013db1    0x62  Code  Gb  ApiPocCmd.o [1]
Get_Unicode_ActiveUserID
                        0x0136a0    0x85  Code  Gb  ApiPocCmd.o [1]
Get_Unicode_ActiveUserIDBuf
                        0x001273    0x2d  Data  Gb  ApiPocCmd.o [1]
GettheOnlineMembersDone
                        0x001386     0x1  Data  Gb  ApiPocCmd.o [1]
GpsCmd_GbAnalytical     0x00e634   0x24d  Code  Lc  ApiGpsCmd.o [1]
GpsCmd_GbDataTransave   0x00d6fd   0x2ce  Code  Lc  ApiGpsCmd.o [1]
GpsCmd_GbWritCommand    0x00c62c   0x2fa  Code  Lc  ApiGpsCmd.o [1]
GpsFunDrvObj            0x000f12   0x1c3  Data  Lc  ApiGpsCmd.o [1]
GpsNotify_Queue         0x00babc    0x7d  Code  Lc  DrvGD83.o [1]
GpsNotify_Queue_Start   0x00b8ca    0x9a  Code  Lc  DrvGD83.o [1]
GpsReconnectionTimeCount
                        0x001390     0x1  Data  Gb  Delay.o [1]
GroupCallingNum         0x000046     0x1  Data  Gb  ApiKeyboard.o [1]
HDRCSQSignalIcons       0x013725    0x84  Code  Gb  ApiAtCmd.o [1]
HDRCSQValue             0x001350     0x1  Data  Gb  ApiAtCmd.o [1]
HSE_ClockStartUpConfiguration
                        0x014a70    0x36  Code  Lc  sysclock.o [1]
HSIDivFactor            0x00ac31     0x4  Data  Gb  stm8s_clk.o [1]
HexToChar_GroupCallingNum
                        0x0150bc    0x20  Code  Gb  ApiPocCmd.o [1]
HexToChar_MainGroupId   0x015038    0x21  Code  Gb  ApiPocCmd.o [1]
HexToChar_MainUserId    0x014fd3    0x22  Code  Gb  ApiPocCmd.o [1]
HexToChar_PersonalCallingNum
                        0x014ff5    0x22  Code  Gb  ApiPocCmd.o [1]
HtgDrvObj               0x001343     0x2  Data  Lc  DrvHTG12832.o [1]
I2C_IRQHandler          0x01554c     0x1  Code  Gb  stm8s_it.o [1]
INTVEC$$Base            0x008000           --   Gb  - Linker created -
INTVEC$$Limit           0x008080           --   Gb  - Linker created -
ITC_SetSoftwarePriority
                        0x012026   0x103  Code  Gb  stm8s_itc.o [1]
Ico_DataBuf             0x009b80   0x400  Data  Gb  ApiDisplay.o [1]
InputGBcode             0x009f80   0x1b0  Data  Gb  GT20L16P1Y_D.o [1]
InputUnicode            0x00a130   0x1b0  Data  Gb  GT20L16P1Y_D.o [1]
KCMD_GetMcuVersion      0x013e74    0x61  Code  Lc  KeyCmd.o [1]
KCMD_KeyCmdGet          0x0150dc    0x20  Code  Gb  KeyCmd.o [1]
KEY_TABLE               0x00ac40     0x3  Data  Lc  uart3.o [1]
KeyBatteryReport        0x013f36    0x5f  Code  Gb  ADC.o [1]
KeyDownUpChoose_GroupOrUser_Flag
                        0x00134f     0x1  Data  Gb  ApiAtCmd.o [1]
KeyPersonalCallingCount
                        0x00135a     0x1  Data  Gb  ApiKeyboard.o [1]
KeyPttState             0x001385     0x1  Data  Gb  ApiPocCmd.o [1]
KeyUpDownCount          0x001359     0x1  Data  Gb  ApiKeyboard.o [1]
Key_Flag_1              0x00135b     0x1  Data  Gb  ApiKeyboard.o [1]
Key_Init                0x014adc    0x34  Code  Gb  McuConfig.o [1]
Key_PersonalCalling_Flag
                        0x00139d     0x1  Data  Gb  Task.o [1]
Keyboard_Test           0x00ac46   0xa9b  Code  Gb  ApiKeyboard.o [1]
KeylockTimeCount        0x001397     0x1  Data  Gb  Delay.o [1]
KeylockTimeSetCount     0x000049     0x1  Data  Gb  ApiKeyboard.o [1]
LED_Conut               0x00136e     0x1  Data  Gb  ApiLED.o [1]
LED_Init                0x014e5f    0x27  Code  Gb  McuConfig.o [1]
LED_IntOutputRenew      0x013618    0x88  Code  Gb  ApiLED.o [1]
LandingTimeCount        0x001392     0x1  Data  Gb  Delay.o [1]
Level3MenuDisplay       0x010843   0x173  Code  Gb  ApiMenu.o [1]
LockingState_EnterOK_Flag
                        0x00135f     0x1  Data  Gb  ApiKeyboard.o [1]
LockingState_Flag       0x001395     0x1  Data  Gb  Delay.o [1]
LoosenPttMomentCount    0x0013a1     0x1  Data  Gb  Task.o [1]
LoosenPttMoment_Flag    0x0013a3     0x1  Data  Gb  Task.o [1]
LowVoltageDetection     0x010c9c   0x170  Code  Gb  ADC.o [1]
LowVoltageDetection_Flag
                        0x001348     0x1  Data  Gb  ADC.o [1]
MCU_VERSIONForMenu      0x015397     0xe  Code  Gb  KeyCmd.o [1]
MIC_GPIO_Init           0x0153b3     0xd  Code  Gb  McuConfig.o [1]
MIC_IOMUT               0x0151dc    0x19  Code  Gb  McuConfig.o [1]
Mcu_Version             0x00a4cf    0x20  Data  Lc  KeyCmd.o [1]
MenuDisplay             0x00df1e   0x273  Code  Gb  ApiMenu.o [1]
MenuModeCount           0x000047     0x1  Data  Gb  ApiKeyboard.o [1]
MenuMode_Flag           0x00135c     0x1  Data  Gb  ApiKeyboard.o [1]
NetworkType_2Gor3G_Flag
                        0x00005b     0x1  Data  Gb  Task.o [1]
NoUseNum                0x00139b     0x1  Data  Gb  Task.o [1]
Noise_Mute_Init         0x0153cd     0xd  Code  Gb  McuConfig.o [1]
Notify_Queue_Stop       0x00b964   0x158  Code  Lc  DrvGD83.o [1]
NumberKeyboardPressDown_flag
                        0x00135e     0x1  Data  Gb  ApiKeyboard.o [1]
OffLineCount            0x001383     0x1  Data  Gb  ApiPocCmd.o [1]
OneChannelGetADValue    0x014e38    0x27  Code  Lc  ADC.o [1]
OnlineMembership        0x001384     0x1  Data  Gb  ApiPocCmd.o [1]
PAS_NULLTBL             0x00a9f1    0x10  Data  Lc  uart3.o [1]
POC_AtEnterPersonalCalling_Flag
                        0x001378     0x1  Data  Gb  ApiPocCmd.o [1]
POC_AtQuitPersonalCalling_Flag
                        0x001379     0x1  Data  Gb  ApiPocCmd.o [1]
POC_EnterGroupCalling_Flag
                        0x00137a     0x1  Data  Gb  ApiPocCmd.o [1]
POC_EnterPersonalCalling_Flag
                        0x001376     0x1  Data  Gb  ApiPocCmd.o [1]
POC_QuitGroupCalling_Flag
                        0x00137b     0x1  Data  Gb  ApiPocCmd.o [1]
POC_QuitPersonalCalling_Flag
                        0x001377     0x1  Data  Gb  ApiPocCmd.o [1]
POC_Receive86_Flag      0x001382     0x1  Data  Gb  ApiPocCmd.o [1]
POC_ReceivedVoiceEndForXTSF_Flag
                        0x001381     0x1  Data  Gb  ApiPocCmd.o [1]
POC_ReceivedVoiceEnd_Flag
                        0x001380     0x1  Data  Gb  ApiPocCmd.o [1]
POC_ReceivedVoiceStart_Flag
                        0x00137f     0x1  Data  Gb  ApiPocCmd.o [1]
POC_ReceivedVoice_Flag  0x00137c     0x1  Data  Gb  ApiPocCmd.o [1]
POC_ReceivedVoice_forPTT_Flag
                        0x00137d     0x1  Data  Gb  ApiPocCmd.o [1]
POC_TABLE               0x00ac43     0x3  Data  Lc  uart3.o [1]
PasObj                  0x00133d     0x4  Data  Lc  uart3.o [1]
PersonCallIco_Flag      0x00139c     0x1  Data  Gb  Task.o [1]
PersonalCallingNum      0x001358     0x1  Data  Gb  ApiKeyboard.o [1]
PocCmdDrvobj            0x000076   0x8f6  Data  Lc  ApiPocCmd.o [1]
PocNotify_Queue         0x00b72e    0x4d  Code  Lc  DrvGD83.o [1]
PocNotify_Queue_Start   0x00b81e    0x56  Code  Lc  DrvGD83.o [1]
PositionInfoSendToATPORT_InfoDisplay_Flag
                        0x001354     0x1  Data  Gb  ApiAtCmd.o [1]
PositionInfoSendToATPORT_RedLed_Flag
                        0x001352     0x1  Data  Gb  ApiAtCmd.o [1]
PositionInfoSendToATPORT_SetPPP_Flag
                        0x001353     0x1  Data  Gb  ApiAtCmd.o [1]
PositionInformationSendToATPORT_Flag
                        0x001351     0x1  Data  Gb  ApiAtCmd.o [1]
PrimaryLowPowerCount    0x001393     0x1  Data  Gb  Delay.o [1]
PrimaryLowPower_Flag    0x001349     0x1  Data  Gb  ADC.o [1]
READ_TABLE              0x00ac35     0x4  Data  Lc  uart3.o [1]
ReadBuffer              0x001154    0x50  Data  Gb  ApiPocCmd.o [1]
ReadBufferA             0x001398     0x1  Data  Gb  Delay.o [1]
ReadBufferB             0x001399     0x1  Data  Gb  Delay.o [1]
ReadByte                0x0141b8    0x57  Code  Gb  ApiDisplay.o [1]
Region$$Table$$Base     0x00a4bb           --   Gb  - Linker created -
Region$$Table$$Limit    0x00a4cf           --   Gb  - Linker created -
RxStartFlag             0x001331     0x6  Data  Gb  ApiBeidou.o [1]
SPI_IRQHandler          0x015545     0x1  Code  Gb  stm8s_it.o [1]
SendByte                0x013590    0x88  Code  Gb  ApiDisplay.o [1]
SendGpsLoginInfoCount   0x001357     0x1  Data  Gb  ApiGpsCmd.o [1]
SetTaskId               0x015525     0x4  Code  Gb  System.o [1]
Set_GreenLed            0x0151aa    0x19  Code  Gb  McuConfig.o [1]
Set_RedLed              0x0151c3    0x19  Code  Gb  McuConfig.o [1]
SignalPoorCount         0x001387     0x1  Data  Gb  Delay.o [1]
SubmenuMenuDisplay      0x0118d7   0x143  Code  Gb  ApiMenu.o [1]
SystemClock_Init        0x014d40    0x2b  Code  Gb  sysclock.o [1]
TASK_Ptt_StartPersonCalling_Flag
                        0x00139e     0x1  Data  Gb  Task.o [1]
TASK_RunLoBattery       0x014d6b    0x2b  Code  Gb  Task.o [1]
TASK_WriteFreq          0x015529     0x4  Code  Gb  Task.o [1]
TIM1_CAP_COM_IRQHandler
                        0x015547     0x1  Code  Gb  stm8s_it.o [1]
TIM1_CCxCmd             0x01485d    0x43  Code  Gb  stm8s_tim1.o [1]
TIM1_Cmd                0x0153f4     0xd  Code  Gb  stm8s_tim1.o [1]
TIM1_CtrlPWMOutputs     0x015401     0xd  Code  Gb  stm8s_tim1.o [1]
TIM1_DeInit             0x013066    0x99  Code  Gb  stm8s_tim1.o [1]
TIM1_OC1Init            0x013ed5    0x61  Code  Gb  stm8s_tim1.o [1]
TIM1_OC1PreloadConfig   0x01540e     0xd  Code  Gb  stm8s_tim1.o [1]
TIM1_PWM_Init           0x01420f    0x56  Code  Gb  Tone.o [1]
TIM1_TimeBaseInit       0x014f8d    0x24  Code  Gb  stm8s_tim1.o [1]
TIM1_UPD_OVF_TRG_BRK_IRQHandler
                        0x015546     0x1  Code  Gb  stm8s_it.o [1]
TIM2_CAP_COM_IRQHandler
                        0x015549     0x1  Code  Gb  stm8s_it.o [1]
TIM2_UPD_OVF_BRK_IRQHandler
                        0x015548     0x1  Code  Gb  stm8s_it.o [1]
TIM3_ARRPreloadConfig   0x015428     0xd  Code  Gb  stm8s_tim3.o [1]
TIM3_CAP_COM_IRQHandler
                        0x01554a     0x1  Code  Gb  stm8s_it.o [1]
TIM3_ClearITPendingBit  0x0154c0     0x5  Code  Gb  stm8s_tim3.o [1]
TIM3_Cmd                0x01541b     0xd  Code  Gb  stm8s_tim3.o [1]
TIM3_ITConfig           0x01530f    0x13  Code  Gb  stm8s_tim3.o [1]
TIM3_PrescalerConfig    0x015479     0x9  Code  Gb  stm8s_tim3.o [1]
TIM3_TimeBaseInit       0x01544f     0xc  Code  Gb  stm8s_tim3.o [1]
TIM3_UPD_OVF_BRK_IRQHandler
                        0x01509b    0x21  Code  Gb  stm8s_it.o [1]
TIM4_UPD_OVF_IRQHandler
                        0x01554f     0x1  Code  Gb  stm8s_it.o [1]
TLI_IRQHandler          0x01553d     0x1  Code  Gb  stm8s_it.o [1]
TONE_PowerOnInitial     0x013b4f    0x6b  Code  Gb  Tone.o [1]
TONE_Start              0x014edb    0x1d  Code  Gb  Tone.o [1]
TONE_Stop               0x014ed2     0x9  Code  Gb  Tone.o [1]
TRAP_IRQHandler         0x01553c     0x1  Code  Gb  stm8s_it.o [1]
TaskDrvObj              0x0012b6    0x14  Data  Lc  System.o [1]
Task_Landing_Flag       0x00139f     0x1  Data  Gb  Task.o [1]
Task_RunNormalOperation
                        0x00bf04   0x728  Code  Gb  Task.o [1]
Task_RunStart           0x010000   0x1da  Code  Gb  Task.o [1]
Test1                   0x001356     0x1  Data  Gb  ApiGpsCmd.o [1]
TestNum1                0x001361     0x1  Data  Gb  ApiKeyboard.o [1]
TestNum10               0x00136a     0x1  Data  Gb  ApiKeyboard.o [1]
TestNum11               0x00136b     0x1  Data  Gb  ApiKeyboard.o [1]
TestNum12               0x00136c     0x1  Data  Gb  ApiKeyboard.o [1]
TestNum2                0x001362     0x1  Data  Gb  ApiKeyboard.o [1]
TestNum3                0x001363     0x1  Data  Gb  ApiKeyboard.o [1]
TestNum4                0x001364     0x1  Data  Gb  ApiKeyboard.o [1]
TestNum5                0x001365     0x1  Data  Gb  ApiKeyboard.o [1]
TestNum6                0x001366     0x1  Data  Gb  ApiKeyboard.o [1]
TestNum7                0x001367     0x1  Data  Gb  ApiKeyboard.o [1]
TestNum8                0x001368     0x1  Data  Gb  ApiKeyboard.o [1]
TestNum9                0x001369     0x1  Data  Gb  ApiKeyboard.o [1]
TheMenuLayer_Flag       0x00135d     0x1  Data  Gb  ApiKeyboard.o [1]
Tim3_Timer_Init         0x014dbf    0x29  Code  Gb  McuConfig.o [1]
TimeCount               0x00138b     0x1  Data  Gb  Delay.o [1]
TimeCount2              0x00138c     0x1  Data  Gb  Delay.o [1]
TimeCount3              0x00138d     0x1  Data  Gb  Delay.o [1]
TimeCount_Light         0x00138e     0x1  Data  Gb  Delay.o [1]
ToneDrvObj              0x0012dc    0x12  Data  Lc  Tone.o [1]
ToneTimeCount           0x00138f     0x1  Data  Gb  Delay.o [1]
UART1_Cmd               0x015435     0xd  Code  Gb  stm8s_uart1.o [1]
UART1_DeInit            0x014ce7    0x2d  Code  Gb  stm8s_uart1.o [1]
UART1_GetFlagStatus     0x014b10    0x32  Code  Gb  stm8s_uart1.o [1]
UART1_GetITStatus       0x013357    0x92  Code  Gb  stm8s_uart1.o [1]
UART1_ITConfig          0x013ae2    0x6d  Code  Gb  stm8s_uart1.o [1]
UART1_Init              0x01139e   0x159  Code  Gb  stm8s_uart1.o [1]
UART1_RX_IRQHandler     0x014eac    0x26  Code  Gb  stm8s_it.o [1]
UART1_ReceiveData8      0x015511     0x4  Code  Gb  stm8s_uart1.o [1]
UART1_SendData8         0x015515     0x4  Code  Gb  stm8s_uart1.o [1]
UART1_TX_IRQHandler     0x01554b     0x1  Code  Gb  stm8s_it.o [1]
UART3_Cmd               0x015442     0xd  Code  Gb  stm8s_uart3.o [1]
UART3_DeInit            0x014f43    0x25  Code  Gb  stm8s_uart3.o [1]
UART3_GetFlagStatus     0x0146b0    0x49  Code  Gb  stm8s_uart3.o [1]
UART3_GetITStatus       0x012c5f    0xb6  Code  Gb  stm8s_uart3.o [1]
UART3_ITConfig          0x013478    0x8d  Code  Gb  stm8s_uart3.o [1]
UART3_Init              0x011efc   0x12a  Code  Gb  stm8s_uart3.o [1]
UART3_Interrupt         0x012ba5    0xba  Code  Gb  uart3.o [1]
UART3_RX_IRQHandler     0x01518f    0x1b  Code  Gb  stm8s_it.o [1]
UART3_ReceiveData8      0x015519     0x4  Code  Gb  stm8s_uart3.o [1]
UART3_SendByte          0x01536a    0x10  Code  Gb  uart3.o [1]
UART3_SendData8         0x01551d     0x4  Code  Gb  stm8s_uart3.o [1]
UART3_TX_IRQHandler     0x01554d     0x1  Code  Gb  stm8s_it.o [1]
UART3_ToMcuMain         0x01444e    0x4f  Code  Gb  uart3.o [1]
UART_Delay              0x015346    0x12  Code  Lc  uart3.o [1]
UART_ErrorAck           0x0144d6    0x16  Code  Lc  uart3.o [1]
UART_GetCheckSum        0x0132c2    0x2e  Code  Lc  uart3.o [1]
UART_KeyCommand         0x0133e9    0x8f  Code  Lc  uart3.o [1]
UART_Link               0x0132f0    0x67  Code  Lc  uart3.o [1]
UART_PasCommand         0x0101da   0x1b2  Code  Lc  uart3.o [1]
UART_PocCommand         0x0140ac    0x5c  Code  Lc  uart3.o [1]
UART_ReadCommand        0x012504    0xe9  Code  Lc  uart3.o [1]
UART_RightAck           0x013a74    0x6e  Code  Lc  uart3.o [1]
UART_RxFrame            0x01430e    0x52  Code  Lc  uart3.o [1]
UART_TxSend             0x01449d    0x39  Code  Lc  uart3.o [1]
UART_WriteCommand       0x012326    0xf3  Code  Lc  uart3.o [1]
UNICODE_16_GetData      0x0106be   0x185  Code  Gb  GT20L16P1Y.o [3]
Uart1_Init              0x014c8c    0x2e  Code  Gb  McuConfig.o [1]
Uart3_Init              0x01495b    0x39  Code  Gb  uart3.o [1]
UartDrvObj              0x0011ef    0x44  Data  Lc  uart3.o [1]
UnicodeForGbk_MainUserName
                        0x010b29   0x173  Code  Gb  ApiPocCmd.o [1]
UnicodeForGbk_MainUserNameBuf
                        0x0012fd     0xf  Data  Gb  ApiPocCmd.o [1]
UnicodeForGbk_MainWorkName
                        0x0109b6   0x173  Code  Gb  ApiPocCmd.o [1]
UnicodeForGbk_MainWorkNameBuf
                        0x0012ee     0xf  Data  Gb  ApiPocCmd.o [1]
UnicodeForGbk_SpeakerRightnowName
                        0x010e0c   0x16e  Code  Gb  ApiPocCmd.o [1]
UnicodeForGbk_SpeakerRightnowNameBuf
                        0x00130c     0xf  Data  Gb  ApiPocCmd.o [1]
UnicodeGetPointArrayData32
                        0x014789    0x48  Code  Gb  GT20L16P1Y_D.o [1]
UnicodeValueSearch      0x014e86    0x26  Code  Gb  GT20L16P1Y_D.o [1]
UpDownSwitching_Flag    0x00136d     0x1  Data  Gb  ApiKeyboard.o [1]
VOICE_1sProcess         0x01537a     0xf  Code  Gb  Voice.o [1]
VOICE_Renew             0x013a03    0x71  Code  Gb  Voice.o [1]
VOICE_SetOutput         0x014b42    0x31  Code  Gb  Voice.o [1]
ValueSearch             0x014050    0x5c  Code  Gb  GT20L16P1Y_D.o [1]
VerifyData              0x008080  0x1b00  Data  Gb  GT20L16P1Y_D.o [1]
VoiceDrvObj             0x001337     0x6  Data  Lc  Voice.o [1]
VoiceType_FreehandOrHandset_Flag
                        0x001360     0x1  Data  Gb  ApiKeyboard.o [1]
WRITE_TABLE             0x00ac39     0x4  Data  Lc  uart3.o [1]
WW_GetData              0x00d9cb   0x2cd  Code  Gb  GT20L16P1Y.o [3]
WriteEEPROMByte         0x0148e0    0x3e  Code  Gb  Flash_eeprom.o [1]
WriteFreqTimeCount      0x001388     0x1  Data  Gb  Delay.o [1]
WriteFreq_Flag          0x0013a5     0x1  Data  Gb  uart3.o [1]
__DebugBreak            0x015551     0x1  Code  Gb  __dbg_break.o [4]
__exit                  0x015299    0x16  Code  Gb  __dbg_xxexit.o [4]
__iar_copy_init2        0x014e10          Code  Gb  init_small.o [5]
__iar_data_init2        0x01511b    0x1e  Code  Gb  init.o [5]
__iar_program_start     0x015255          Code  Gb  cstartup.o [5]
__iar_unhandled_exception
                        0x015538          Code  Gb  unhandled_exception.o [5]
__iar_zero_init2        0x015139          Code  Gb  init_small.o [5]
__intvec                0x008000          Data  Gb  interrupt.o [5]
__low_level_init        0x015535     0x3  Code  Gb  low_level_init.o [5]
_exit                   0x0154ab          Code  Gb  cexit.o [5]
_interrupt_1            0x01553c          Code  Gb  stm8s_it.o [1]
_interrupt_12           0x015545          Code  Gb  stm8s_it.o [1]
_interrupt_13           0x015546          Code  Gb  stm8s_it.o [1]
_interrupt_14           0x015547          Code  Gb  stm8s_it.o [1]
_interrupt_15           0x015548          Code  Gb  stm8s_it.o [1]
_interrupt_16           0x015549          Code  Gb  stm8s_it.o [1]
_interrupt_17           0x01509b          Code  Gb  stm8s_it.o [1]
_interrupt_18           0x01554a          Code  Gb  stm8s_it.o [1]
_interrupt_19           0x01554b          Code  Gb  stm8s_it.o [1]
_interrupt_2            0x01553d          Code  Gb  stm8s_it.o [1]
_interrupt_20           0x014eac          Code  Gb  stm8s_it.o [1]
_interrupt_21           0x01554c          Code  Gb  stm8s_it.o [1]
_interrupt_22           0x01554d          Code  Gb  stm8s_it.o [1]
_interrupt_23           0x01518f          Code  Gb  stm8s_it.o [1]
_interrupt_24           0x01554e          Code  Gb  stm8s_it.o [1]
_interrupt_25           0x01554f          Code  Gb  stm8s_it.o [1]
_interrupt_26           0x015550          Code  Gb  stm8s_it.o [1]
_interrupt_3            0x01553e          Code  Gb  stm8s_it.o [1]
_interrupt_4            0x01553f          Code  Gb  stm8s_it.o [1]
_interrupt_5            0x015540          Code  Gb  stm8s_it.o [1]
_interrupt_6            0x015541          Code  Gb  stm8s_it.o [1]
_interrupt_7            0x015542          Code  Gb  stm8s_it.o [1]
_interrupt_8            0x015543          Code  Gb  stm8s_it.o [1]
_interrupt_9            0x015544          Code  Gb  stm8s_it.o [1]
api_diap_ico_pos_get    0x013e13    0x61  Code  Gb  ApiDisplay.o [1]
api_disp_all_screen_refresh
                        0x0143b0    0x4f  Code  Gb  ApiDisplay.o [1]
api_disp_char_output    0x015227    0x17  Code  Gb  ApiDisplay.o [1]
api_disp_char_output2   0x01523e    0x17  Code  Gb  ApiDisplay.o [1]
api_disp_ico_output     0x012d15    0xb0  Code  Gb  ApiDisplay.o [1]
api_disp_icoid_output   0x0130ff    0x97  Code  Gb  ApiDisplay.o [1]
api_lcd_pwr_on_hint     0x014c30    0x2e  Code  Gb  ApiDisplay.o [1]
api_lcd_pwr_on_hint2    0x014ba3    0x2f  Code  Gb  ApiDisplay.o [1]
api_lcd_pwr_on_hint3    0x014cba    0x2d  Code  Gb  ApiDisplay.o [1]
api_lcd_pwr_on_hint4    0x014bd2    0x2f  Code  Gb  ApiDisplay.o [1]
api_lcd_pwr_on_hint5    0x014c5e    0x2e  Code  Gb  ApiDisplay.o [1]
api_poc_command_get     0x012e74    0xad  Code  Lc  uart3.o [1]
api_poc_command_set     0x0126d2    0xdf  Code  Lc  uart3.o [1]
drv_gt20_data_output    0x011dc8   0x134  Code  Gb  DrvGT20L16S1Y.o [1]
drv_gt20_data_output2   0x011b59   0x13b  Code  Gb  DrvGT20L16S1Y.o [1]
drv_gt20_pwr_on_init    0x014a00     0x4  Code  Gb  DrvGT20L16S1Y.o [1]
drv_htg_clr_allscr      0x00e2ca    0x35  Code  Gb  DrvHTG12832.o [1]
drv_htg_pwr_on_init     0x00e3d7     0xc  Code  Gb  DrvHTG12832.o [1]
drv_htg_reset           0x00e191     0x5  Code  Gb  DrvHTG12832.o [1]
drv_htg_set_address     0x00e210    0x40  Code  Gb  DrvHTG12832.o [1]
drv_htg_write_command   0x00e196    0x7a  Code  Gb  DrvHTG12832.o [1]
drv_htg_write_data      0x00e250    0x7a  Code  Gb  DrvHTG12832.o [1]
drv_keypad_scan         0x00ece4   0x211  Code  Gb  DrvKeyboard.o [1]
exit                    0x015531     0x4  Code  Gb  exit.o [5]
find_zf_tab             0x0147d1    0x47  Code  Gb  GT20L16P1Y.o [3]
get_key_value           0x0125ed    0xe5  Code  Gb  ApiKeyboard.o [1]
htg_delay_ms            0x00e2ff    0x1e  Code  Lc  DrvHTG12832.o [1]
htg_initial             0x00e31d    0x6c  Code  Lc  DrvHTG12832.o [1]
key_scan_board          0x011a1a   0x13f  Code  Gb  DrvKeyboard.o [1]
main                    0x015509     0x4  Code  Gb  main.o [1]
main_app                0x01453a    0x4e  Code  Gb  System.o [1]
main_init               0x012129   0x103  Code  Gb  System.o [1]
mcu_gt20_initial        0x0149cc    0x34  Code  Lc  DrvGT20L16S1Y.o [1]
mcu_key_pad_out         0x01322c    0x96  Code  Gb  DrvKeyboard.o [1]
mcu_key_pad_read        0x013991    0x72  Code  Gb  DrvKeyboard.o [1]
mcu_key_pad_set         0x01164a   0x148  Code  Gb  DrvKeyboard.o [1]
mcu_lcd_initial         0x00e389    0x4e  Code  Lc  DrvHTG12832.o [1]
memcmp                  0x014aa6    0x36  Code  Gb  memcmp.o [5]
memcpy                  0x014ef8    0x26  Code  Gb  memcpy.o [5]
memset                  0x01526c    0x17  Code  Gb  memset.o [5]
pack_data               0x010f7a   0x165  Code  Lc  ApiGpsCmd.o [1]
r_dat_bat               0x013c21    0x64  Code  Gb  ApiDisplay.o [1]
strlen                  0x015358    0x12  Code  Gb  strlen.o [5]
ucAtPocHead             0x00004a     0x2  Data  Gb  ApiPocCmd.o [1]
ucCDMATIME              0x000021     0x2  Data  Gb  ApiAtCmd.o [1]
ucCLVL                  0x000062     0x2  Data  Gb  Task.o [1]
ucCODECCTL              0x000066     0x2  Data  Gb  Task.o [1]
ucCSQ                   0x00006e     0x2  Data  Gb  Task.o [1]
ucCaretPPPCFG           0x000029     0x2  Data  Gb  ApiAtCmd.o [1]
ucCheckCard             0x00003d     0x2  Data  Gb  ApiAtCmd.o [1]
ucCheckPPP              0x000037     0x2  Data  Gb  ApiAtCmd.o [1]
ucCheckRssi             0x000019     0x2  Data  Gb  ApiAtCmd.o [1]
ucCheckTcp              0x00002d     0x2  Data  Gb  ApiAtCmd.o [1]
ucEndPTT                0x00005e     0x2  Data  Gb  Task.o [1]
ucGD83Reset             0x000011     0x2  Data  Gb  ApiAtCmd.o [1]
ucGPSINFO               0x000023     0x2  Data  Gb  ApiAtCmd.o [1]
ucGPSSendToAtPort       0x00004e     0x2  Data  Gb  Delay.o [1]
ucGPSUploadTime_5s      0x000050     0x2  Data  Gb  Delay.o [1]
ucGpsPosition           0x00001f     0x2  Data  Gb  ApiAtCmd.o [1]
ucHDRCSQ                0x00001b     0x2  Data  Gb  ApiAtCmd.o [1]
ucOSSYSHWID             0x000068     0x2  Data  Gb  Task.o [1]
ucPPPCFG                0x000070     0x2  Data  Gb  Task.o [1]
ucPlayZtts              0x00002b     0x2  Data  Gb  ApiAtCmd.o [1]
ucPocOpenConfig         0x000074     0x2  Data  Gb  Task.o [1]
ucPrefmode2             0x00006a     0x2  Data  Gb  Task.o [1]
ucPrefmode4             0x00006c     0x2  Data  Gb  Task.o [1]
ucQuitPersonalCalling   0x000044     0x2  Data  Gb  ApiKeyboard.o [1]
ucRequestUserListInfo   0x000060     0x2  Data  Gb  Task.o [1]
ucRxCheckPppClose       0x00003b     0x2  Data  Gb  ApiAtCmd.o [1]
ucRxCheckPppOpen        0x000039     0x2  Data  Gb  ApiAtCmd.o [1]
ucRxCheckTcp            0x000033     0x2  Data  Gb  ApiAtCmd.o [1]
ucRxHDRCSQ              0x00001d     0x2  Data  Gb  ApiAtCmd.o [1]
ucRxOkHeadInfo          0x000056     0x2  Data  Gb  DrvGD83.o [1]
ucRxPASTATE0            0x000015     0x2  Data  Gb  ApiAtCmd.o [1]
ucRxPASTATE1            0x000013     0x2  Data  Gb  ApiAtCmd.o [1]
ucRxPocHeadInfo         0x000054     0x2  Data  Gb  DrvGD83.o [1]
ucRxTcpDataHeadInfo     0x000058     0x2  Data  Gb  DrvGD83.o [1]
ucRxZTTS0               0x000017     0x2  Data  Gb  ApiAtCmd.o [1]
ucSIMST1                0x000025     0x2  Data  Gb  ApiAtCmd.o [1]
ucSIMST255              0x000027     0x2  Data  Gb  ApiAtCmd.o [1]
ucSendTcp               0x000031     0x2  Data  Gb  ApiAtCmd.o [1]
ucSetIPAndID            0x00004c     0x2  Data  Gb  ApiPocCmd.o [1]
ucSetIp                 0x00002f     0x2  Data  Gb  ApiAtCmd.o [1]
ucStartPTT              0x00005c     0x2  Data  Gb  Task.o [1]
ucTxPocHeadInfo         0x000052     0x2  Data  Gb  DrvGD83.o [1]
ucVGR                   0x000064     0x2  Data  Gb  Task.o [1]
ucVGR1                  0x000040     0x2  Data  Gb  ApiKeyboard.o [1]
ucVGR7                  0x000042     0x2  Data  Gb  ApiKeyboard.o [1]
ucZTTS_Abell            0x000072     0x2  Data  Gb  Task.o [1]
ucZpppOpen              0x000035     0x2  Data  Gb  ApiAtCmd.o [1]


[1] = E:\1-source\A508\PRJ\Debug\Obj
[2] = command line
[3] = GT20L16_STM8_DOUBLE_MEDIUM_IAR.a
[4] = dbgstm8mmd.a
[5] = dlstm8mmn.a

  38 913 bytes of readonly  code memory
  11 334 bytes of readonly  data memory
   5 286 bytes of readwrite data memory

Errors: none
Warnings: none
