###############################################################################
#
# IAR ELF Linker V2.20.1.176 for STM8                     23/Apr/2018  11:05:47
# Copyright 2010-2015 IAR Systems AB.
#
#    Output file  =  E:\1-source\A508\PRJ\Debug\Exe\A508_DEMO1.out
#    Map file     =  E:\1-source\A508\PRJ\Debug\List\A508_DEMO1.map
#    Command line =  
#        E:\1-source\A508\PRJ\Debug\Obj\ADC.o
#        E:\1-source\A508\PRJ\Debug\Obj\ApiAtCmd.o
#        E:\1-source\A508\PRJ\Debug\Obj\ApiBeidou.o
#        E:\1-source\A508\PRJ\Debug\Obj\ApiDisplay.o
#        E:\1-source\A508\PRJ\Debug\Obj\ApiGpsCmd.o
#        E:\1-source\A508\PRJ\Debug\Obj\ApiKeyboard.o
#        E:\1-source\A508\PRJ\Debug\Obj\ApiLED.o
#        E:\1-source\A508\PRJ\Debug\Obj\ApiMenu.o
#        E:\1-source\A508\PRJ\Debug\Obj\ApiPocCmd.o
#        E:\1-source\A508\PRJ\Debug\Obj\Beep.o
#        E:\1-source\A508\PRJ\Debug\Obj\CommonLib.o
#        E:\1-source\A508\PRJ\Debug\Obj\Config.o
#        E:\1-source\A508\PRJ\Debug\Obj\Delay.o
#        E:\1-source\A508\PRJ\Debug\Obj\DrvGD83.o
#        E:\1-source\A508\PRJ\Debug\Obj\DrvGT20L16S1Y.o
#        E:\1-source\A508\PRJ\Debug\Obj\DrvHTG12832.o
#        E:\1-source\A508\PRJ\Debug\Obj\DrvKeyboard.o
#        E:\1-source\A508\PRJ\Debug\Obj\Flash_eeprom.o
#        E:\1-source\A508\SRC\Syetem\GT20L16_STM8_DOUBLE_MEDIUM_IAR.a
#        E:\1-source\A508\PRJ\Debug\Obj\GT20L16P1Y_D.o
#        E:\1-source\A508\PRJ\Debug\Obj\KeyCmd.o
#        E:\1-source\A508\PRJ\Debug\Obj\main.o
#        E:\1-source\A508\PRJ\Debug\Obj\McuConfig.o
#        E:\1-source\A508\PRJ\Debug\Obj\stm8s_adc2.o
#        E:\1-source\A508\PRJ\Debug\Obj\stm8s_awu.o
#        E:\1-source\A508\PRJ\Debug\Obj\stm8s_beep.o
#        E:\1-source\A508\PRJ\Debug\Obj\stm8s_clk.o
#        E:\1-source\A508\PRJ\Debug\Obj\stm8s_exti.o
#        E:\1-source\A508\PRJ\Debug\Obj\stm8s_flash.o
#        E:\1-source\A508\PRJ\Debug\Obj\stm8s_gpio.o
#        E:\1-source\A508\PRJ\Debug\Obj\stm8s_i2c.o
#        E:\1-source\A508\PRJ\Debug\Obj\stm8s_it.o
#        E:\1-source\A508\PRJ\Debug\Obj\stm8s_itc.o
#        E:\1-source\A508\PRJ\Debug\Obj\stm8s_iwdg.o
#        E:\1-source\A508\PRJ\Debug\Obj\stm8s_rst.o
#        E:\1-source\A508\PRJ\Debug\Obj\stm8s_spi.o
#        E:\1-source\A508\PRJ\Debug\Obj\stm8s_tim1.o
#        E:\1-source\A508\PRJ\Debug\Obj\stm8s_tim2.o
#        E:\1-source\A508\PRJ\Debug\Obj\stm8s_tim3.o
#        E:\1-source\A508\PRJ\Debug\Obj\stm8s_tim4.o
#        E:\1-source\A508\PRJ\Debug\Obj\stm8s_uart1.o
#        E:\1-source\A508\PRJ\Debug\Obj\stm8s_uart3.o
#        E:\1-source\A508\PRJ\Debug\Obj\stm8s_wwdg.o
#        E:\1-source\A508\PRJ\Debug\Obj\sysclock.o
#        E:\1-source\A508\PRJ\Debug\Obj\System.o
#        E:\1-source\A508\PRJ\Debug\Obj\Task.o
#        E:\1-source\A508\PRJ\Debug\Obj\Tone.o
#        E:\1-source\A508\PRJ\Debug\Obj\uart3.o
#        E:\1-source\A508\PRJ\Debug\Obj\Voice.o --redirect _Printf=_PrintfSmall
#        --redirect _Scanf=_ScanfSmall -o
#        E:\1-source\A508\PRJ\Debug\Exe\A508_DEMO1.out --map
#        E:\1-source\A508\PRJ\Debug\List\A508_DEMO1.map --config "C:\Program
#        Files\IAR Systems\Embedded Workbench
#        7.3\stm8\config\lnkstm8s007c8.icf" --config_def _CSTACK_SIZE=0x100
#        --config_def _HEAP_SIZE=0x00 --entry __iar_program_start --debug_lib
#
###############################################################################

*******************************************************************************
*** RUNTIME MODEL ATTRIBUTES
***

__SystemLibrary            = DLib
__code_model               = medium_or_large
__core                     = stm8
__data_model               = medium
__dlib_file_descriptor     = 0
__dlib_full_locale_support = 0
__rt_version               = 4


*******************************************************************************
*** PLACEMENT SUMMARY
***

"A1":  place at start of [0x000000-0x0000ff] { rw section .vregs };
"A2":  place at end of [0x000000-0x0017ff] { block CSTACK };
"P2":  place in [from 0x000000 to 0x0017ff] {
          block HEAP, rw section __DLIB_PERTHREAD, rw section .far.bss,
          rw section .far.data, rw section .far.noinit,
          rw section .far_func.textrw, rw section .huge.bss,
          rw section .huge.data, rw section .huge.noinit,
          rw section .huge_func.textrw, rw section .iar.dynexit,
          rw section .near.bss, rw section .near.data, rw section .near.noinit,
          rw section .near_func.textrw };
"A3":  place at start of [0x008000-0x00ffff] { block INTVEC };
"P3":  place in [from 0x008000 to 0x00ffff] {
          ro section __DLIB_PERTHREAD_init, ro section .far.data_init,
          ro section .far_func.textrw_init, ro section .huge.data_init,
          ro section .huge_func.textrw_init, ro section .iar.init_table,
          ro section .init_array, ro section .near.data_init,
          ro section .near.rodata, ro section .near_func.text,
          ro section .near_func.textrw_init, ro section .tiny.data_init,
          ro section .tiny.rodata_init };
"P4":  place in [from 0x008000 to 0x00ffff repeat 2] {
          ro section .far.rodata, ro section .far_func.text };

  Section            Kind      Address    Size  Object
  -------            ----      -------    ----  ------
"A1":                                     0x10
  .vregs             uninit   0x000000    0x10  vregs.o [5]
                            - 0x000010    0x10

"P2", part 1 of 2:                        0x68
  P2-1                        0x000010    0x68  <Init block>
    .near.data       inited   0x000010     0x2  ApiAtCmd.o [1]
    .near.data       inited   0x000012     0x2  ApiAtCmd.o [1]
    .near.data       inited   0x000014     0x2  ApiAtCmd.o [1]
    .near.data       inited   0x000016     0x2  ApiAtCmd.o [1]
    .near.data       inited   0x000018     0x2  ApiAtCmd.o [1]
    .near.data       inited   0x00001a     0x2  ApiAtCmd.o [1]
    .near.data       inited   0x00001c     0x2  ApiAtCmd.o [1]
    .near.data       inited   0x00001e     0x2  ApiAtCmd.o [1]
    .near.data       inited   0x000020     0x2  ApiAtCmd.o [1]
    .near.data       inited   0x000022     0x2  ApiAtCmd.o [1]
    .near.data       inited   0x000024     0x2  ApiAtCmd.o [1]
    .near.data       inited   0x000026     0x2  ApiAtCmd.o [1]
    .near.data       inited   0x000028     0x2  ApiAtCmd.o [1]
    .near.data       inited   0x00002a     0x2  ApiAtCmd.o [1]
    .near.data       inited   0x00002c     0x2  ApiAtCmd.o [1]
    .near.data       inited   0x00002e     0x2  ApiAtCmd.o [1]
    .near.data       inited   0x000030     0x2  ApiAtCmd.o [1]
    .near.data       inited   0x000032     0x2  ApiAtCmd.o [1]
    .near.data       inited   0x000034     0x2  ApiAtCmd.o [1]
    .near.data       inited   0x000036     0x2  ApiAtCmd.o [1]
    .near.data       inited   0x000038     0x2  ApiAtCmd.o [1]
    .near.data       inited   0x00003a     0x2  ApiAtCmd.o [1]
    .near.data       inited   0x00003c     0x2  ApiAtCmd.o [1]
    .near.data       inited   0x00003e     0x2  ApiAtCmd.o [1]
    .near.data       inited   0x000040     0x2  ApiAtCmd.o [1]
    .near.data       inited   0x000042     0x1  ApiKeyboard.o [1]
    .near.data       inited   0x000043     0x2  ApiKeyboard.o [1]
    .near.data       inited   0x000045     0x2  ApiKeyboard.o [1]
    .near.data       inited   0x000047     0x2  ApiKeyboard.o [1]
    .near.data       inited   0x000049     0x1  ApiKeyboard.o [1]
    .near.data       inited   0x00004a     0x1  ApiKeyboard.o [1]
    .near.data       inited   0x00004b     0x1  ApiKeyboard.o [1]
    .near.data       inited   0x00004c     0x1  ApiKeyboard.o [1]
    .near.data       inited   0x00004d     0x2  ApiPocCmd.o [1]
    .near.data       inited   0x00004f     0x2  ApiPocCmd.o [1]
    .near.data       inited   0x000051     0x2  Delay.o [1]
    .near.data       inited   0x000053     0x2  Delay.o [1]
    .near.data       inited   0x000055     0x2  DrvGD83.o [1]
    .near.data       inited   0x000057     0x2  DrvGD83.o [1]
    .near.data       inited   0x000059     0x2  DrvGD83.o [1]
    .near.data       inited   0x00005b     0x2  DrvGD83.o [1]
    .near.data       inited   0x00005d     0x1  Task.o [1]
    .near.data       inited   0x00005e     0x1  Task.o [1]
    .near.data       inited   0x00005f     0x1  Task.o [1]
    .near.data       inited   0x000060     0x2  Task.o [1]
    .near.data       inited   0x000062     0x2  Task.o [1]
    .near.data       inited   0x000064     0x2  Task.o [1]
    .near.data       inited   0x000066     0x2  Task.o [1]
    .near.data       inited   0x000068     0x2  Task.o [1]
    .near.data       inited   0x00006a     0x2  Task.o [1]
    .near.data       inited   0x00006c     0x2  Task.o [1]
    .near.data       inited   0x00006e     0x2  Task.o [1]
    .near.data       inited   0x000070     0x2  Task.o [1]
    .near.data       inited   0x000072     0x2  Task.o [1]
    .near.data       inited   0x000074     0x2  Task.o [1]
    .near.data       inited   0x000076     0x2  Task.o [1]
                            - 0x000078    0x68

"P2", part 2 of 2:                      0x15ea
  .near.bss          zero     0x000078   0xb46  ApiPocCmd.o [1]
  .near.bss          zero     0x000bbe   0x3a6  DrvGD83.o [1]
  .near.bss          zero     0x000f64   0x200  ApiDisplay.o [1]
  .near.bss          zero     0x001164   0x1c3  ApiGpsCmd.o [1]
  .near.bss          zero     0x001327    0x92  ApiAtCmd.o [1]
  .near.bss          zero     0x0013b9    0x50  ApiPocCmd.o [1]
  .near.bss          zero     0x001409    0x4b  ApiBeidou.o [1]
  .near.bss          zero     0x001454    0x44  uart3.o [1]
  .near.bss          zero     0x001498    0x40  ApiDisplay.o [1]
  .near.bss          zero     0x0014d8    0x2d  ApiPocCmd.o [1]
  .near.bss          zero     0x001505    0x19  ApiPocCmd.o [1]
  .near.bss          zero     0x00151e    0x19  ApiPocCmd.o [1]
  .near.bss          zero     0x001537    0x19  ApiPocCmd.o [1]
  .near.bss          zero     0x001550    0x19  ApiPocCmd.o [1]
  .near.bss          zero     0x001569    0x16  ApiPocCmd.o [1]
  .near.bss          zero     0x00157f    0x14  System.o [1]
  .near.bss          zero     0x001593    0x12  Beep.o [1]
  .near.bss          zero     0x0015a5    0x12  Tone.o [1]
  .near.bss          zero     0x0015b7     0xb  ApiPocCmd.o [1]
  .near.bss          zero     0x0015c2     0xb  Delay.o [1]
  .near.bss          zero     0x0015cd     0x6  ApiBeidou.o [1]
  .near.bss          zero     0x0015d3     0x6  Voice.o [1]
  .near.bss          zero     0x0015d9     0x4  uart3.o [1]
  .near.bss          zero     0x0015dd     0x2  ApiDisplay.o [1]
  .near.bss          zero     0x0015df     0x2  Delay.o [1]
  .near.bss          zero     0x0015e1     0x2  Delay.o [1]
  .near.bss          zero     0x0015e3     0x2  Delay.o [1]
  .near.bss          zero     0x0015e5     0x2  DrvHTG12832.o [1]
  .near.bss          zero     0x0015e7     0x1  ADC.o [1]
  .near.bss          zero     0x0015e8     0x1  ADC.o [1]
  .near.bss          zero     0x0015e9     0x1  ADC.o [1]
  .near.bss          zero     0x0015ea     0x1  ADC.o [1]
  .near.bss          zero     0x0015eb     0x1  ADC.o [1]
  .near.bss          zero     0x0015ec     0x1  ADC.o [1]
  .near.bss          zero     0x0015ed     0x1  ADC.o [1]
  .near.bss          zero     0x0015ee     0x1  ApiAtCmd.o [1]
  .near.bss          zero     0x0015ef     0x1  ApiAtCmd.o [1]
  .near.bss          zero     0x0015f0     0x1  ApiAtCmd.o [1]
  .near.bss          zero     0x0015f1     0x1  ApiAtCmd.o [1]
  .near.bss          zero     0x0015f2     0x1  ApiAtCmd.o [1]
  .near.bss          zero     0x0015f3     0x1  ApiAtCmd.o [1]
  .near.bss          zero     0x0015f4     0x1  ApiAtCmd.o [1]
  .near.bss          zero     0x0015f5     0x1  ApiAtCmd.o [1]
  .near.bss          zero     0x0015f6     0x1  ApiAtCmd.o [1]
  .near.bss          zero     0x0015f7     0x1  ApiAtCmd.o [1]
  .near.bss          zero     0x0015f8     0x1  ApiAtCmd.o [1]
  .near.bss          zero     0x0015f9     0x1  ApiAtCmd.o [1]
  .near.bss          zero     0x0015fa     0x1  ApiBeidou.o [1]
  .near.bss          zero     0x0015fb     0x1  ApiGpsCmd.o [1]
  .near.bss          zero     0x0015fc     0x1  ApiGpsCmd.o [1]
  .near.bss          zero     0x0015fd     0x1  ApiGpsCmd.o [1]
  .near.bss          zero     0x0015fe     0x1  ApiGpsCmd.o [1]
  .near.bss          zero     0x0015ff     0x1  ApiKeyboard.o [1]
  .near.bss          zero     0x001600     0x1  ApiKeyboard.o [1]
  .near.bss          zero     0x001601     0x1  ApiKeyboard.o [1]
  .near.bss          zero     0x001602     0x1  ApiKeyboard.o [1]
  .near.bss          zero     0x001603     0x1  ApiKeyboard.o [1]
  .near.bss          zero     0x001604     0x1  ApiKeyboard.o [1]
  .near.bss          zero     0x001605     0x1  ApiKeyboard.o [1]
  .near.bss          zero     0x001606     0x1  ApiKeyboard.o [1]
  .near.bss          zero     0x001607     0x1  ApiKeyboard.o [1]
  .near.bss          zero     0x001608     0x1  ApiKeyboard.o [1]
  .near.bss          zero     0x001609     0x1  ApiKeyboard.o [1]
  .near.bss          zero     0x00160a     0x1  ApiKeyboard.o [1]
  .near.bss          zero     0x00160b     0x1  ApiKeyboard.o [1]
  .near.bss          zero     0x00160c     0x1  ApiKeyboard.o [1]
  .near.bss          zero     0x00160d     0x1  ApiKeyboard.o [1]
  .near.bss          zero     0x00160e     0x1  ApiKeyboard.o [1]
  .near.bss          zero     0x00160f     0x1  ApiKeyboard.o [1]
  .near.bss          zero     0x001610     0x1  ApiKeyboard.o [1]
  .near.bss          zero     0x001611     0x1  ApiKeyboard.o [1]
  .near.bss          zero     0x001612     0x1  ApiKeyboard.o [1]
  .near.bss          zero     0x001613     0x1  ApiKeyboard.o [1]
  .near.bss          zero     0x001614     0x1  ApiKeyboard.o [1]
  .near.bss          zero     0x001615     0x1  ApiLED.o [1]
  .near.bss          zero     0x001616     0x1  ApiMenu.o [1]
  .near.bss          zero     0x001617     0x1  ApiMenu.o [1]
  .near.bss          zero     0x001618     0x1  ApiMenu.o [1]
  .near.bss          zero     0x001619     0x1  ApiMenu.o [1]
  .near.bss          zero     0x00161a     0x1  ApiMenu.o [1]
  .near.bss          zero     0x00161b     0x1  ApiMenu.o [1]
  .near.bss          zero     0x00161c     0x1  ApiMenu.o [1]
  .near.bss          zero     0x00161d     0x1  ApiMenu.o [1]
  .near.bss          zero     0x00161e     0x1  ApiPocCmd.o [1]
  .near.bss          zero     0x00161f     0x1  ApiPocCmd.o [1]
  .near.bss          zero     0x001620     0x1  ApiPocCmd.o [1]
  .near.bss          zero     0x001621     0x1  ApiPocCmd.o [1]
  .near.bss          zero     0x001622     0x1  ApiPocCmd.o [1]
  .near.bss          zero     0x001623     0x1  ApiPocCmd.o [1]
  .near.bss          zero     0x001624     0x1  ApiPocCmd.o [1]
  .near.bss          zero     0x001625     0x1  ApiPocCmd.o [1]
  .near.bss          zero     0x001626     0x1  ApiPocCmd.o [1]
  .near.bss          zero     0x001627     0x1  ApiPocCmd.o [1]
  .near.bss          zero     0x001628     0x1  ApiPocCmd.o [1]
  .near.bss          zero     0x001629     0x1  ApiPocCmd.o [1]
  .near.bss          zero     0x00162a     0x1  ApiPocCmd.o [1]
  .near.bss          zero     0x00162b     0x1  ApiPocCmd.o [1]
  .near.bss          zero     0x00162c     0x1  ApiPocCmd.o [1]
  .near.bss          zero     0x00162d     0x1  ApiPocCmd.o [1]
  .near.bss          zero     0x00162e     0x1  ApiPocCmd.o [1]
  .near.bss          zero     0x00162f     0x1  ApiPocCmd.o [1]
  .near.bss          zero     0x001630     0x1  ApiPocCmd.o [1]
  .near.bss          zero     0x001631     0x1  ApiPocCmd.o [1]
  .near.bss          zero     0x001632     0x1  ApiPocCmd.o [1]
  .near.bss          zero     0x001633     0x1  Delay.o [1]
  .near.bss          zero     0x001634     0x1  Delay.o [1]
  .near.bss          zero     0x001635     0x1  Delay.o [1]
  .near.bss          zero     0x001636     0x1  Delay.o [1]
  .near.bss          zero     0x001637     0x1  Delay.o [1]
  .near.bss          zero     0x001638     0x1  Delay.o [1]
  .near.bss          zero     0x001639     0x1  Delay.o [1]
  .near.bss          zero     0x00163a     0x1  Delay.o [1]
  .near.bss          zero     0x00163b     0x1  Delay.o [1]
  .near.bss          zero     0x00163c     0x1  Delay.o [1]
  .near.bss          zero     0x00163d     0x1  Delay.o [1]
  .near.bss          zero     0x00163e     0x1  Delay.o [1]
  .near.bss          zero     0x00163f     0x1  Delay.o [1]
  .near.bss          zero     0x001640     0x1  Delay.o [1]
  .near.bss          zero     0x001641     0x1  Delay.o [1]
  .near.bss          zero     0x001642     0x1  Delay.o [1]
  .near.bss          zero     0x001643     0x1  Delay.o [1]
  .near.bss          zero     0x001644     0x1  Delay.o [1]
  .near.bss          zero     0x001645     0x1  Delay.o [1]
  .near.bss          zero     0x001646     0x1  Delay.o [1]
  .near.bss          zero     0x001647     0x1  Delay.o [1]
  .near.bss          zero     0x001648     0x1  Delay.o [1]
  .near.bss          zero     0x001649     0x1  Delay.o [1]
  .near.bss          zero     0x00164a     0x1  Delay.o [1]
  .near.bss          zero     0x00164b     0x1  Delay.o [1]
  .near.bss          zero     0x00164c     0x1  Delay.o [1]
  .near.bss          zero     0x00164d     0x1  Delay.o [1]
  .near.bss          zero     0x00164e     0x1  DrvGD83.o [1]
  .near.bss          zero     0x00164f     0x1  Task.o [1]
  .near.bss          zero     0x001650     0x1  Task.o [1]
  .near.bss          zero     0x001651     0x1  Task.o [1]
  .near.bss          zero     0x001652     0x1  Task.o [1]
  .near.bss          zero     0x001653     0x1  Task.o [1]
  .near.bss          zero     0x001654     0x1  Task.o [1]
  .near.bss          zero     0x001655     0x1  Task.o [1]
  .near.bss          zero     0x001656     0x1  Task.o [1]
  .near.bss          zero     0x001657     0x1  Task.o [1]
  .near.bss          zero     0x001658     0x1  Task.o [1]
  .near.bss          zero     0x001659     0x1  Task.o [1]
  .near.bss          zero     0x00165a     0x1  Task.o [1]
  .near.bss          zero     0x00165b     0x1  Task.o [1]
  .near.bss          zero     0x00165c     0x1  Task.o [1]
  .near.bss          zero     0x00165d     0x1  Task.o [1]
  .near.bss          zero     0x00165e     0x1  Task.o [1]
  .near.bss          zero     0x00165f     0x1  Task.o [1]
  .near.bss          zero     0x001660     0x1  Task.o [1]
  .near.bss          zero     0x001661     0x1  uart3.o [1]
                            - 0x001662  0x15ea

"A2":                                    0x100
  CSTACK                      0x001700   0x100  <Block>
    CSTACK           uninit   0x001700   0x100  <Block tail>
                            - 0x001800   0x100

"A3":                                     0x80
  INTVEC                      0x008000    0x80  <Block>
    .intvec          const    0x008000    0x80  interrupt.o [5]
                            - 0x008080    0x80

"P3":                                   0x2c76
  .near.rodata       const    0x008080  0x1b00  GT20L16P1Y_D.o [1]
  .near.rodata       const    0x009b80   0x400  ApiDisplay.o [1]
  .near.rodata       const    0x009f80   0x1b0  GT20L16P1Y_D.o [1]
  .near.rodata       const    0x00a130   0x1b0  GT20L16P1Y_D.o [1]
  Initializer bytes  const    0x00a2e0    0x68  <for P2-1>
  .near_func.text    const    0x00a348    0x40  ApiDisplay.o [1]
  .near.rodata       const    0x00a388    0x3e  GT20L16P1Y.o [3]
  .near.rodata       const    0x00a3c6    0x3c  Task.o [1]
  .near.rodata       const    0x00a402    0x31  Task.o [1]
  .near.rodata       const    0x00a433    0x2d  Task.o [1]
  .near.rodata       const    0x00a460    0x2a  Task.o [1]
  .near.rodata       const    0x00a48a    0x25  Delay.o [1]
  .near.rodata       const    0x00a4af    0x25  Task.o [1]
  .near.rodata       const    0x00a4d4    0x25  Task.o [1]
  .iar.init_table    const    0x00a4f9    0x14  - Linker created -
  .near.rodata       const    0x00a50d    0x20  KeyCmd.o [1]
  .near.rodata       const    0x00a52d    0x1d  ADC.o [1]
  .near.rodata       const    0x00a54a    0x1d  ADC.o [1]
  .near.rodata       const    0x00a567    0x1d  ADC.o [1]
  .near.rodata       const    0x00a584    0x1d  ADC.o [1]
  .near.rodata       const    0x00a5a1    0x1d  ApiKeyboard.o [1]
  .near.rodata       const    0x00a5be    0x1d  Task.o [1]
  .near.rodata       const    0x00a5db    0x19  ADC.o [1]
  .near.rodata       const    0x00a5f4    0x18  Task.o [1]
  .near.rodata       const    0x00a60c    0x15  ADC.o [1]
  .near.rodata       const    0x00a621    0x15  ApiKeyboard.o [1]
  .near.rodata       const    0x00a636    0x15  Delay.o [1]
  .near.rodata       const    0x00a64b    0x15  Task.o [1]
  .near.rodata       const    0x00a660    0x13  Task.o [1]
  .near.rodata       const    0x00a673    0x13  Task.o [1]
  .near.rodata       const    0x00a686    0x12  KeyCmd.o [1]
  .near.rodata       const    0x00a698    0x12  Task.o [1]
  .near.rodata       const    0x00a6aa    0x11  ApiAtCmd.o [1]
  .near.rodata       const    0x00a6bb    0x11  ApiAtCmd.o [1]
  .near.rodata       const    0x00a6cc    0x11  ApiAtCmd.o [1]
  .near.rodata       const    0x00a6dd    0x11  ApiKeyboard.o [1]
  .near.rodata       const    0x00a6ee    0x11  ApiKeyboard.o [1]
  .near.rodata       const    0x00a6ff    0x11  ApiKeyboard.o [1]
  .near.rodata       const    0x00a710    0x11  ApiKeyboard.o [1]
  .near.rodata       const    0x00a721    0x11  ApiKeyboard.o [1]
  .near.rodata       const    0x00a732    0x11  ApiKeyboard.o [1]
  .near.rodata       const    0x00a743    0x11  ApiMenu.o [1]
  .near.rodata       const    0x00a754    0x11  ApiMenu.o [1]
  .near.rodata       const    0x00a765    0x11  ApiMenu.o [1]
  .near.rodata       const    0x00a776    0x11  ApiMenu.o [1]
  .near.rodata       const    0x00a787    0x11  ApiMenu.o [1]
  .near.rodata       const    0x00a798    0x11  ApiMenu.o [1]
  .near.rodata       const    0x00a7a9    0x11  ApiMenu.o [1]
  .near.rodata       const    0x00a7ba    0x11  ApiMenu.o [1]
  .near.rodata       const    0x00a7cb    0x11  ApiMenu.o [1]
  .near.rodata       const    0x00a7dc    0x11  ApiMenu.o [1]
  .near.rodata       const    0x00a7ed    0x11  ApiMenu.o [1]
  .near.rodata       const    0x00a7fe    0x11  ApiMenu.o [1]
  .near.rodata       const    0x00a80f    0x11  ApiMenu.o [1]
  .near.rodata       const    0x00a820    0x11  ApiMenu.o [1]
  .near.rodata       const    0x00a831    0x11  ApiMenu.o [1]
  .near.rodata       const    0x00a842    0x11  ApiMenu.o [1]
  .near.rodata       const    0x00a853    0x11  ApiMenu.o [1]
  .near.rodata       const    0x00a864    0x11  ApiMenu.o [1]
  .near.rodata       const    0x00a875    0x11  ApiMenu.o [1]
  .near.rodata       const    0x00a886    0x11  ApiMenu.o [1]
  .near.rodata       const    0x00a897    0x11  ApiMenu.o [1]
  .near.rodata       const    0x00a8a8    0x11  ApiMenu.o [1]
  .near.rodata       const    0x00a8b9    0x11  CommonLib.o [1]
  .near.rodata       const    0x00a8ca    0x11  Delay.o [1]
  .near.rodata       const    0x00a8db    0x11  Delay.o [1]
  .near.rodata       const    0x00a8ec    0x11  KeyCmd.o [1]
  .near.rodata       const    0x00a8fd    0x11  System.o [1]
  .near.rodata       const    0x00a90e    0x11  Task.o [1]
  .near.rodata       const    0x00a91f    0x11  Task.o [1]
  .near.rodata       const    0x00a930    0x11  Task.o [1]
  .near.rodata       const    0x00a941    0x11  Task.o [1]
  .near.rodata       const    0x00a952    0x11  Task.o [1]
  .near.rodata       const    0x00a963    0x11  Task.o [1]
  .near.rodata       const    0x00a974    0x11  Task.o [1]
  .near.rodata       const    0x00a985    0x11  Task.o [1]
  .near.rodata       const    0x00a996    0x11  Task.o [1]
  .near.rodata       const    0x00a9a7    0x11  Task.o [1]
  .near.rodata       const    0x00a9b8    0x10  ApiAtCmd.o [1]
  .near.rodata       const    0x00a9c8    0x10  ApiAtCmd.o [1]
  .near.rodata       const    0x00a9d8    0x10  ApiDisplay.o [1]
  .near.rodata       const    0x00a9e8    0x10  ApiDisplay.o [1]
  .near.rodata       const    0x00a9f8    0x10  ApiMenu.o [1]
  .near.rodata       const    0x00aa08    0x10  ApiMenu.o [1]
  .near.rodata       const    0x00aa18    0x10  ApiMenu.o [1]
  .near.rodata       const    0x00aa28    0x10  ApiMenu.o [1]
  .near.rodata       const    0x00aa38    0x10  uart3.o [1]
  .near.rodata       const    0x00aa48     0xf  ApiAtCmd.o [1]
  .near.rodata       const    0x00aa57     0xf  ApiKeyboard.o [1]
  .near.rodata       const    0x00aa66     0xf  ApiKeyboard.o [1]
  .near.rodata       const    0x00aa75     0xf  ApiKeyboard.o [1]
  .near.rodata       const    0x00aa84     0xf  Delay.o [1]
  .near.rodata       const    0x00aa93     0xf  Task.o [1]
  .near.rodata       const    0x00aaa2     0xf  Task.o [1]
  .near.rodata       const    0x00aab1     0xe  ApiAtCmd.o [1]
  .near.rodata       const    0x00aabf     0xe  ApiAtCmd.o [1]
  .near.rodata       const    0x00aacd     0xe  ApiAtCmd.o [1]
  .near.rodata       const    0x00aadb     0xe  Task.o [1]
  .near.rodata       const    0x00aae9     0xe  Task.o [1]
  .near.rodata       const    0x00aaf7     0xd  ApiKeyboard.o [1]
  .near.rodata       const    0x00ab04     0xd  ApiKeyboard.o [1]
  .near.rodata       const    0x00ab11     0xd  ApiPocCmd.o [1]
  .near.rodata       const    0x00ab1e     0xd  ApiPocCmd.o [1]
  .near.rodata       const    0x00ab2b     0xd  Delay.o [1]
  .near.rodata       const    0x00ab38     0xd  Delay.o [1]
  .near.rodata       const    0x00ab45     0xd  Task.o [1]
  .near.rodata       const    0x00ab52     0xd  Task.o [1]
  .near.rodata       const    0x00ab5f     0xc  ApiAtCmd.o [1]
  .near.rodata       const    0x00ab6b     0xc  Delay.o [1]
  .near.rodata       const    0x00ab77     0xb  ApiAtCmd.o [1]
  .near.rodata       const    0x00ab82     0xb  ApiAtCmd.o [1]
  .near.rodata       const    0x00ab8d     0xb  ApiKeyboard.o [1]
  .near.rodata       const    0x00ab98     0xb  Delay.o [1]
  .near.rodata       const    0x00aba3     0xb  Task.o [1]
  .near.rodata       const    0x00abae     0xa  ApiAtCmd.o [1]
  .near.rodata       const    0x00abb8     0xa  ApiAtCmd.o [1]
  .near.rodata       const    0x00abc2     0xa  ApiAtCmd.o [1]
  .near.rodata       const    0x00abcc     0xa  ApiAtCmd.o [1]
  .near.rodata       const    0x00abd6     0xa  Delay.o [1]
  .near.rodata       const    0x00abe0     0xa  Task.o [1]
  .near.rodata       const    0x00abea     0x9  ApiAtCmd.o [1]
  .near.rodata       const    0x00abf3     0x9  ApiAtCmd.o [1]
  .near.rodata       const    0x00abfc     0x9  ApiAtCmd.o [1]
  .near.rodata       const    0x00ac05     0x9  ApiAtCmd.o [1]
  .near.rodata       const    0x00ac0e     0x9  ApiAtCmd.o [1]
  .near.rodata       const    0x00ac17     0x9  ApiAtCmd.o [1]
  .near.rodata       const    0x00ac20     0x9  ApiKeyboard.o [1]
  .near.rodata       const    0x00ac29     0x9  ApiKeyboard.o [1]
  .near.rodata       const    0x00ac32     0x9  DrvGD83.o [1]
  .near.rodata       const    0x00ac3b     0x9  Task.o [1]
  .near.rodata       const    0x00ac44     0x8  ApiAtCmd.o [1]
  .near.rodata       const    0x00ac4c     0x8  ApiAtCmd.o [1]
  .near.rodata       const    0x00ac54     0x8  ApiDisplay.o [1]
  .near.rodata       const    0x00ac5c     0x8  ApiPocCmd.o [1]
  .near.rodata       const    0x00ac64     0x8  Task.o [1]
  .near.rodata       const    0x00ac6c     0x7  ApiAtCmd.o [1]
  .near.rodata       const    0x00ac73     0x7  ApiPocCmd.o [1]
  .near.rodata       const    0x00ac7a     0x7  DrvGD83.o [1]
  .near.rodata       const    0x00ac81     0x7  Task.o [1]
  .near.rodata       const    0x00ac88     0x7  Task.o [1]
  .near.rodata       const    0x00ac8f     0x6  DrvGD83.o [1]
  .near.rodata       const    0x00ac95     0x6  System.o [1]
  .near.rodata       const    0x00ac9b     0x5  ApiAtCmd.o [1]
  .near.rodata       const    0x00aca0     0x5  ApiPocCmd.o [1]
  .near.rodata       const    0x00aca5     0x4  ApiMenu.o [1]
  .near.rodata       const    0x00aca9     0x4  ApiMenu.o [1]
  .near.rodata       const    0x00acad     0x4  ApiMenu.o [1]
  .near.rodata       const    0x00acb1     0x4  ApiMenu.o [1]
  .near.rodata       const    0x00acb5     0x4  ApiMenu.o [1]
  .near.rodata       const    0x00acb9     0x4  ApiMenu.o [1]
  .near.rodata       const    0x00acbd     0x4  ApiMenu.o [1]
  .near.rodata       const    0x00acc1     0x4  ApiMenu.o [1]
  .near.rodata       const    0x00acc5     0x4  ApiMenu.o [1]
  .near.rodata       const    0x00acc9     0x4  ApiMenu.o [1]
  .near.rodata       const    0x00accd     0x4  ApiMenu.o [1]
  .near.rodata       const    0x00acd1     0x4  ApiMenu.o [1]
  .near.rodata       const    0x00acd5     0x4  ApiMenu.o [1]
  .near.rodata       const    0x00acd9     0x4  ApiMenu.o [1]
  .near.rodata       const    0x00acdd     0x4  ApiMenu.o [1]
  .near.rodata       const    0x00ace1     0x4  stm8s_clk.o [1]
  .near.rodata       const    0x00ace5     0x4  uart3.o [1]
  .near.rodata       const    0x00ace9     0x4  uart3.o [1]
  .near.rodata       const    0x00aced     0x3  DrvGD83.o [1]
  .near.rodata       const    0x00acf0     0x3  uart3.o [1]
  .near.rodata       const    0x00acf3     0x3  uart3.o [1]
                            - 0x00acf6  0x2c76

"P4", part 1 of 2:                      0x4343
  .far_func.text     ro code  0x00acf6   0xd45  ApiKeyboard.o [1]
  .far_func.text     ro code  0x00ba3b   0x823  DrvGD83.o [1]
  .far_func.text     ro code  0x00c25e   0x74a  Task.o [1]
  .far_func.text     ro code  0x00c9a8   0x662  Delay.o [1]
  .far_func.text     ro code  0x00d00a   0x536  ApiPocCmd.o [1]
  .far_func.text     ro code  0x00d540   0x4ea  ApiGpsCmd.o [1]
  .far_func.text     ro code  0x00da2a   0x354  ApiMenu.o [1]
  .far_func.text     ro code  0x00dd7e   0x30f  Beep.o [1]
  .far_func.text     ro code  0x00e08d   0x2d4  ApiAtCmd.o [1]
  .far_func.text     ro code  0x00e361   0x2cd  GT20L16P1Y.o [3]
  .far_func.text     ro code  0x00e62e   0x2c0  ApiGpsCmd.o [1]
  .far_func.text     ro code  0x00e8ee   0x2a3  ApiAtCmd.o [1]
  .far_func.text     ro code  0x00eb91   0x256  ADC.o [1]
  .far_func.text     ro code  0x00ede7   0x252  DrvHTG12832.o [1]
                            - 0x00f039  0x4343

"P4", part 2 of 2:                      0x661d
  .far_func.text     ro code  0x010000   0x251  GT20L16P1Y.o [3]
  .far_func.text     ro code  0x010251   0x24d  ApiGpsCmd.o [1]
  .far_func.text     ro code  0x01049e   0x248  Task.o [1]
  .far_func.text     ro code  0x0106e6   0x235  ApiPocCmd.o [1]
  .far_func.text     ro code  0x01091b   0x22c  Config.o [1]
  .far_func.text     ro code  0x010b47   0x214  ApiPocCmd.o [1]
  .far_func.text     ro code  0x010d5b   0x211  DrvKeyboard.o [1]
  .far_func.text     ro code  0x010f6c   0x20d  ApiGpsCmd.o [1]
  .far_func.text     ro code  0x011179   0x209  ApiPocCmd.o [1]
  .far_func.text     ro code  0x011382   0x1b2  uart3.o [1]
  .far_func.text     ro code  0x011534   0x1b0  Task.o [1]
  .far_func.text     ro code  0x0116e4   0x1ac  long.o [5]
  .far_func.text     ro code  0x011890   0x190  ApiAtCmd.o [1]
  .far_func.text     ro code  0x011a20   0x189  ApiPocCmd.o [1]
  .far_func.text     ro code  0x011ba9   0x185  GT20L16P1Y.o [3]
  .far_func.text     ro code  0x011d2e   0x184  ApiPocCmd.o [1]
  .far_func.text     ro code  0x011eb2   0x173  ApiMenu.o [1]
  .far_func.text     ro code  0x012025   0x173  ApiPocCmd.o [1]
  .far_func.text     ro code  0x012198   0x165  ApiGpsCmd.o [1]
  .far_func.text     ro code  0x0122fd   0x15c  vreg_util.o [5]
  .far_func.text     ro code  0x012459   0x159  stm8s_uart1.o [1]
  .far_func.text     ro code  0x0125b2   0x153  ApiAtCmd.o [1]
  .far_func.text     ro code  0x012705   0x148  DrvKeyboard.o [1]
  .far_func.text     ro code  0x01284d   0x13f  DrvKeyboard.o [1]
  .far_func.text     ro code  0x01298c   0x13b  ApiMenu.o [1]
  .far_func.text     ro code  0x012ac7   0x13b  DrvGT20L16S1Y.o [1]
  .far_func.text     ro code  0x012c02   0x134  CommonLib.o [1]
  .far_func.text     ro code  0x012d36   0x134  DrvGT20L16S1Y.o [1]
  .far_func.text     ro code  0x012e6a   0x133  ApiAtCmd.o [1]
  .far_func.text     ro code  0x012f9d   0x12a  stm8s_uart3.o [1]
  .far_func.text     ro code  0x0130c7   0x103  stm8s_itc.o [1]
  .far_func.text     ro code  0x0131ca   0x103  System.o [1]
  .far_func.text     ro code  0x0132cd    0xfa  CommonLib.o [1]
  .far_func.text     ro code  0x0133c7    0xf3  uart3.o [1]
  .far_func.text     ro code  0x0134ba    0xeb  DrvGD83.o [1]
  .far_func.text     ro code  0x0135a5    0xe9  uart3.o [1]
  .far_func.text     ro code  0x01368e    0xe5  ApiKeyboard.o [1]
  .far_func.text     ro code  0x013773    0xdf  uart3.o [1]
  .far_func.text     ro code  0x013852    0xd9  ApiDisplay.o [1]
  .far_func.text     ro code  0x01392b    0xd8  ApiPocCmd.o [1]
  .far_func.text     ro code  0x013a03    0xc8  ApiDisplay.o [1]
  .far_func.text     ro code  0x013acb    0xc0  ApiDisplay.o [1]
  .far_func.text     ro code  0x013b8b    0xba  uart3.o [1]
  .far_func.text     ro code  0x013c45    0xb6  stm8s_uart3.o [1]
  .far_func.text     ro code  0x013cfb    0xb2  CommonLib.o [1]
  .far_func.text     ro code  0x013dad    0xb0  ApiDisplay.o [1]
  .far_func.text     ro code  0x013e5d    0xaf  stm8s_gpio.o [1]
  .far_func.text     ro code  0x013f0c    0xad  uart3.o [1]
  .far_func.text     ro code  0x013fb9    0xa3  Delay.o [1]
  .far_func.text     ro code  0x01405c    0xa2  stm8s_clk.o [1]
  .far_func.text     ro code  0x0140fe    0x9c  ApiAtCmd.o [1]
  .far_func.text     ro code  0x01419a    0x99  stm8s_tim1.o [1]
  .far_func.text     ro code  0x014233    0x97  ApiDisplay.o [1]
  .far_func.text     ro code  0x0142ca    0x96  CommonLib.o [1]
  .far_func.text     ro code  0x014360    0x96  DrvKeyboard.o [1]
  .far_func.text     ro code  0x0143f6    0x95  ApiLED.o [1]
  .far_func.text     ro code  0x01448b    0x95  uart3.o [1]
  .far_func.text     ro code  0x014520    0x92  stm8s_uart1.o [1]
  .far_func.text     ro code  0x0145b2    0x8f  uart3.o [1]
  .far_func.text     ro code  0x014641    0x8d  stm8s_uart3.o [1]
  .far_func.text     ro code  0x0146ce    0x8b  ApiAtCmd.o [1]
  .far_func.text     ro code  0x014759    0x88  ApiDisplay.o [1]
  .far_func.text     ro code  0x0147e1    0x85  ApiPocCmd.o [1]
  .far_func.text     ro code  0x014866    0x82  stm8s_adc2.o [1]
  .far_func.text     ro code  0x0148e8    0x80  DrvGD83.o [1]
  .far_func.text     ro code  0x014968    0x73  ApiAtCmd.o [1]
  .far_func.text     ro code  0x0149db    0x73  Delay.o [1]
  .far_func.text     ro code  0x014a4e    0x72  DrvKeyboard.o [1]
  .far_func.text     ro code  0x014ac0    0x71  Voice.o [1]
  .far_func.text     ro code  0x014b31    0x6e  uart3.o [1]
  .far_func.text     ro code  0x014b9f    0x6d  stm8s_uart1.o [1]
  .far_func.text     ro code  0x014c0c    0x6b  Tone.o [1]
  .far_func.text     ro code  0x014c77    0x69  uart3.o [1]
  .far_func.text     ro code  0x014ce0    0x67  ApiAtCmd.o [1]
  .far_func.text     ro code  0x014d47    0x64  ApiDisplay.o [1]
  .far_func.text     ro code  0x014dab    0x64  ApiGpsCmd.o [1]
  .far_func.text     ro code  0x014e0f    0x64  CommonLib.o [1]
  .far_func.text     ro code  0x014e73    0x64  long_util.o [5]
  .far_func.text     ro code  0x014ed7    0x62  ApiPocCmd.o [1]
  .far_func.text     ro code  0x014f39    0x61  ApiDisplay.o [1]
  .far_func.text     ro code  0x014f9a    0x61  KeyCmd.o [1]
  .far_func.text     ro code  0x014ffb    0x61  stm8s_tim1.o [1]
  .far_func.text     ro code  0x01505c    0x5f  ADC.o [1]
  .far_func.text     ro code  0x0150bb    0x5e  CommonLib.o [1]
  .far_func.text     ro code  0x015119    0x5d  short.o [5]
  .far_func.text     ro code  0x015176    0x5c  GT20L16P1Y_D.o [1]
  .far_func.text     ro code  0x0151d2    0x5c  uart3.o [1]
  .far_func.text     ro code  0x01522e    0x58  stm8s_clk.o [1]
  .far_func.text     ro code  0x015286    0x58  dc_util.o [5]
  .far_func.text     ro code  0x0152de    0x57  ApiDisplay.o [1]
  .far_func.text     ro code  0x015335    0x56  Tone.o [1]
  .far_func.text     ro code  0x01538b    0x55  Delay.o [1]
  .far_func.text     ro code  0x0153e0    0x54  stm8s_adc2.o [1]
  .far_func.text     ro code  0x015434    0x52  uart3.o [1]
  .far_func.text     ro code  0x015486    0x50  Flash_eeprom.o [1]
  .far_func.text     ro code  0x0154d6    0x4f  ApiDisplay.o [1]
  .far_func.text     ro code  0x015525    0x4f  Flash_eeprom.o [1]
  .far_func.text     ro code  0x015574    0x4f  uart3.o [1]
  .far_func.text     ro code  0x0155c3    0x4e  CommonLib.o [1]
  .far_func.text     ro code  0x015611    0x4e  System.o [1]
  .far_func.text     ro code  0x01565f    0x4a  DrvGD83.o [1]
  .far_func.text     ro code  0x0156a9    0x4a  DrvGD83.o [1]
  .far_func.text     ro code  0x0156f3    0x4a  DrvGD83.o [1]
  .far_func.text     ro code  0x01573d    0x4a  DrvGD83.o [1]
  .far_func.text     ro code  0x015787    0x49  stm8s_uart3.o [1]
  .far_func.text     ro code  0x0157d0    0x48  Flash_eeprom.o [1]
  .far_func.text     ro code  0x015818    0x48  GT20L16P1Y_D.o [1]
  .far_func.text     ro code  0x015860    0x48  GT20L16P1Y_D.o [1]
  .far_func.text     ro code  0x0158a8    0x47  GT20L16P1Y.o [3]
  .far_func.text     ro code  0x0158ef    0x45  Flash_eeprom.o [1]
  .far_func.text     ro code  0x015934    0x43  stm8s_tim1.o [1]
  .far_func.text     ro code  0x015977    0x40  Task.o [1]
  .far_func.text     ro code  0x0159b7    0x3e  Flash_eeprom.o [1]
  .far_func.text     ro code  0x0159f5    0x3d  DrvGD83.o [1]
  .far_func.text     ro code  0x015a32    0x39  uart3.o [1]
  .far_func.text     ro code  0x015a6b    0x38  Beep.o [1]
  .far_func.text     ro code  0x015aa3    0x38  DrvGT20L16S1Y.o [1]
  .far_func.text     ro code  0x015adb    0x36  ApiPocCmd.o [1]
  .far_func.text     ro code  0x015b11    0x36  stm8s_flash.o [1]
  .far_func.text     ro code  0x015b47    0x36  sysclock.o [1]
  .far_func.text     ro code  0x015b7d    0x36  memcmp.o [5]
  .far_func.text     ro code  0x015bb3    0x34  McuConfig.o [1]
  .far_func.text     ro code  0x015be7    0x32  stm8s_uart1.o [1]
  .far_func.text     ro code  0x015c19    0x31  main.o [1]
  .far_func.text     ro code  0x015c4a    0x31  Voice.o [1]
  .far_func.text     ro code  0x015c7b    0x30  stm8s_adc2.o [1]
  .far_func.text     ro code  0x015cab    0x2f  ApiDisplay.o [1]
  .far_func.text     ro code  0x015cda    0x2f  stm8s_adc2.o [1]
  .far_func.text     ro code  0x015d09    0x2e  ApiDisplay.o [1]
  .far_func.text     ro code  0x015d37    0x2e  ApiDisplay.o [1]
  .far_func.text     ro code  0x015d65    0x2e  ApiDisplay.o [1]
  .far_func.text     ro code  0x015d93    0x2e  McuConfig.o [1]
  .far_func.text     ro code  0x015dc1    0x2d  ApiDisplay.o [1]
  .far_func.text     ro code  0x015dee    0x2d  stm8s_uart1.o [1]
  .far_func.text     ro code  0x015e1b    0x2c  DrvGD83.o [1]
  .far_func.text     ro code  0x015e47    0x2b  sysclock.o [1]
  .far_func.text     ro code  0x015e72    0x2b  Task.o [1]
  .far_func.text     ro code  0x015e9d    0x2a  ApiPocCmd.o [1]
  .far_func.text     ro code  0x015ec7    0x29  Delay.o [1]
  .far_func.text     ro code  0x015ef0    0x29  McuConfig.o [1]
  .far_func.text     ro code  0x015f19    0x28  stm8s_flash.o [1]
  .far_func.text     ro code  0x015f41    0x28  init_small.o [5]
  .far_func.text     ro code  0x015f69    0x27  ADC.o [1]
  .far_func.text     ro code  0x015f90    0x27  McuConfig.o [1]
  .far_func.text     ro code  0x015fb7    0x26  GT20L16P1Y_D.o [1]
  .far_func.text     ro code  0x015fdd    0x26  stm8s_it.o [1]
  .far_func.text     ro code  0x016003    0x26  Tone.o [1]
  .far_func.text     ro code  0x016029    0x26  memcpy.o [5]
  .far_func.text     ro code  0x01604f    0x25  stm8s_flash.o [1]
  .far_func.text     ro code  0x016074    0x25  stm8s_uart3.o [1]
  .far_func.text     ro code  0x016099    0x25  move.o [5]
  .far_func.text     ro code  0x0160be    0x24  stm8s_tim1.o [1]
  .far_func.text     ro code  0x0160e2    0x22  ADC.o [1]
  .far_func.text     ro code  0x016104    0x21  ApiGpsCmd.o [1]
  .far_func.text     ro code  0x016125    0x21  Delay.o [1]
  .far_func.text     ro code  0x016146    0x21  stm8s_adc2.o [1]
  .far_func.text     ro code  0x016167    0x21  stm8s_it.o [1]
  .far_func.text     ro code  0x016188    0x20  ApiPocCmd.o [1]
  .far_func.text     ro code  0x0161a8    0x20  KeyCmd.o [1]
  .far_func.text     ro code  0x0161c8    0x1f  sysclock.o [1]
  .far_func.text     ro code  0x0161e7    0x1e  init.o [5]
  .far_func.text     ro code  0x016205    0x1e  init_small.o [5]
  .far_func.text     ro code  0x016223    0x1c  Beep.o [1]
  .far_func.text     ro code  0x01623f    0x1c  Delay.o [1]
  .far_func.text     ro code  0x01625b    0x1b  stm8s_it.o [1]
  .far_func.text     ro code  0x016276    0x19  McuConfig.o [1]
  .far_func.text     ro code  0x01628f    0x19  McuConfig.o [1]
  .far_func.text     ro code  0x0162a8    0x19  McuConfig.o [1]
  .far_func.text     ro code  0x0162c1    0x19  McuConfig.o [1]
  .far_func.text     ro code  0x0162da    0x19  McuConfig.o [1]
  .far_func.text     ro code  0x0162f3    0x17  ApiDisplay.o [1]
  .far_func.text     ro code  0x01630a    0x17  ApiDisplay.o [1]
  .far_func.text     ro code  0x016321    0x17  cstartup.o [5]
  .far_func.text     ro code  0x016338    0x17  memset.o [5]
  .far_func.text     ro code  0x01634f    0x16  stm8s_flash.o [1]
  .far_func.text     ro code  0x016365    0x16  __dbg_xxexit.o [4]
  .far_func.text     ro code  0x01637b    0x14  stm8s_flash.o [1]
  .far_func.text     ro code  0x01638f    0x13  ApiPocCmd.o [1]
  .far_func.text     ro code  0x0163a2    0x13  ApiPocCmd.o [1]
  .far_func.text     ro code  0x0163b5    0x13  stm8s_adc2.o [1]
  .far_func.text     ro code  0x0163c8    0x13  stm8s_clk.o [1]
  .far_func.text     ro code  0x0163db    0x13  stm8s_tim3.o [1]
  .far_func.text     ro code  0x0163ee    0x12  ApiPocCmd.o [1]
  .far_func.text     ro code  0x016400    0x12  ApiPocCmd.o [1]
  .far_func.text     ro code  0x016412    0x12  uart3.o [1]
  .far_func.text     ro code  0x016424    0x12  strlen.o [5]
  .far_func.text     ro code  0x016436    0x10  uart3.o [1]
  .far_func.text     ro code  0x016446     0xf  Voice.o [1]
  .far_func.text     ro code  0x016455     0xe  ApiPocCmd.o [1]
  .far_func.text     ro code  0x016463     0xe  KeyCmd.o [1]
  .far_func.text     ro code  0x016471     0xe  far_util.o [5]
  .far_func.text     ro code  0x01647f     0xd  McuConfig.o [1]
  .far_func.text     ro code  0x01648c     0xd  McuConfig.o [1]
  .far_func.text     ro code  0x016499     0xd  McuConfig.o [1]
  .far_func.text     ro code  0x0164a6     0xd  McuConfig.o [1]
  .far_func.text     ro code  0x0164b3     0xd  stm8s_adc2.o [1]
  .far_func.text     ro code  0x0164c0     0xd  stm8s_tim1.o [1]
  .far_func.text     ro code  0x0164cd     0xd  stm8s_tim1.o [1]
  .far_func.text     ro code  0x0164da     0xd  stm8s_tim1.o [1]
  .far_func.text     ro code  0x0164e7     0xd  stm8s_tim3.o [1]
  .far_func.text     ro code  0x0164f4     0xd  stm8s_tim3.o [1]
  .far_func.text     ro code  0x016501     0xd  stm8s_uart1.o [1]
  .far_func.text     ro code  0x01650e     0xd  stm8s_uart3.o [1]
  .far_func.text     ro code  0x01651b     0xc  stm8s_tim3.o [1]
  .far_func.text     ro code  0x016527     0xb  ApiPocCmd.o [1]
  .far_func.text     ro code  0x016532     0xb  stm8s_flash.o [1]
  .far_func.text     ro code  0x01653d     0xa  ApiAtCmd.o [1]
  .far_func.text     ro code  0x016547     0x9  stm8s_gpio.o [1]
  .far_func.text     ro code  0x016550     0x9  stm8s_tim3.o [1]
  .far_func.text     ro code  0x016559     0x7  ApiAtCmd.o [1]
  .far_func.text     ro code  0x016560     0x7  ApiAtCmd.o [1]
  .far_func.text     ro code  0x016567     0x7  ApiPocCmd.o [1]
  .far_func.text     ro code  0x01656e     0x7  stm8s_flash.o [1]
  .far_func.text     ro code  0x016575     0x7  stm8s_gpio.o [1]
  .far_func.text     ro code  0x01657c     0x6  char.o [5]
  .far_func.text     ro code  0x016582     0x6  cexit.o [5]
  .far_func.text     ro code  0x016588     0x5  stm8s_adc2.o [1]
  .far_func.text     ro code  0x01658d     0x5  stm8s_flash.o [1]
  .far_func.text     ro code  0x016592     0x5  stm8s_flash.o [1]
  .far_func.text     ro code  0x016597     0x5  stm8s_tim3.o [1]
  .far_func.text     ro code  0x01659c     0x4  ApiAtCmd.o [1]
  .far_func.text     ro code  0x0165a0     0x4  ApiAtCmd.o [1]
  .far_func.text     ro code  0x0165a4     0x4  ApiAtCmd.o [1]
  .far_func.text     ro code  0x0165a8     0x4  ApiAtCmd.o [1]
  .far_func.text     ro code  0x0165ac     0x4  ApiAtCmd.o [1]
  .far_func.text     ro code  0x0165b0     0x4  ApiAtCmd.o [1]
  .far_func.text     ro code  0x0165b4     0x4  ApiAtCmd.o [1]
  .far_func.text     ro code  0x0165b8     0x4  ApiAtCmd.o [1]
  .far_func.text     ro code  0x0165bc     0x4  ApiAtCmd.o [1]
  .far_func.text     ro code  0x0165c0     0x4  ApiGpsCmd.o [1]
  .far_func.text     ro code  0x0165c4     0x4  ApiGpsCmd.o [1]
  .far_func.text     ro code  0x0165c8     0x4  ApiPocCmd.o [1]
  .far_func.text     ro code  0x0165cc     0x4  ApiPocCmd.o [1]
  .far_func.text     ro code  0x0165d0     0x4  ApiPocCmd.o [1]
  .far_func.text     ro code  0x0165d4     0x4  ApiPocCmd.o [1]
  .far_func.text     ro code  0x0165d8     0x4  stm8s_gpio.o [1]
  .far_func.text     ro code  0x0165dc     0x4  stm8s_uart1.o [1]
  .far_func.text     ro code  0x0165e0     0x4  stm8s_uart1.o [1]
  .far_func.text     ro code  0x0165e4     0x4  stm8s_uart3.o [1]
  .far_func.text     ro code  0x0165e8     0x4  stm8s_uart3.o [1]
  .far_func.text     ro code  0x0165ec     0x4  System.o [1]
  .far_func.text     ro code  0x0165f0     0x4  System.o [1]
  .far_func.text     ro code  0x0165f4     0x4  Task.o [1]
  .far_func.text     ro code  0x0165f8     0x4  interrupt.o [5]
  .far_func.text     ro code  0x0165fc     0x4  exit.o [5]
  .far_func.text     ro code  0x016600     0x3  low_level_init.o [5]
  .far_func.text     ro code  0x016603     0x3  unhandled_exception.o [5]
  .far_func.text     ro code  0x016606     0x1  ApiKeyboard.o [1]
  .far_func.text     ro code  0x016607     0x1  stm8s_it.o [1]
  .far_func.text     ro code  0x016608     0x1  stm8s_it.o [1]
  .far_func.text     ro code  0x016609     0x1  stm8s_it.o [1]
  .far_func.text     ro code  0x01660a     0x1  stm8s_it.o [1]
  .far_func.text     ro code  0x01660b     0x1  stm8s_it.o [1]
  .far_func.text     ro code  0x01660c     0x1  stm8s_it.o [1]
  .far_func.text     ro code  0x01660d     0x1  stm8s_it.o [1]
  .far_func.text     ro code  0x01660e     0x1  stm8s_it.o [1]
  .far_func.text     ro code  0x01660f     0x1  stm8s_it.o [1]
  .far_func.text     ro code  0x016610     0x1  stm8s_it.o [1]
  .far_func.text     ro code  0x016611     0x1  stm8s_it.o [1]
  .far_func.text     ro code  0x016612     0x1  stm8s_it.o [1]
  .far_func.text     ro code  0x016613     0x1  stm8s_it.o [1]
  .far_func.text     ro code  0x016614     0x1  stm8s_it.o [1]
  .far_func.text     ro code  0x016615     0x1  stm8s_it.o [1]
  .far_func.text     ro code  0x016616     0x1  stm8s_it.o [1]
  .far_func.text     ro code  0x016617     0x1  stm8s_it.o [1]
  .far_func.text     ro code  0x016618     0x1  stm8s_it.o [1]
  .far_func.text     ro code  0x016619     0x1  stm8s_it.o [1]
  .far_func.text     ro code  0x01661a     0x1  stm8s_it.o [1]
  .far_func.text     ro code  0x01661b     0x1  stm8s_it.o [1]
  .far_func.text     ro code  0x01661c     0x1  __dbg_break.o [4]
                            - 0x01661d  0x661d


*******************************************************************************
*** INIT TABLE
***

          Address   Size
          -------   ----
Zero (__iar_zero_init2)
    1 destination range, total size 0x15ea:
          0x000078  0x15ea

Copy (__iar_copy_init2)
    1 source range, total size 0x68:
          0x00a2e0    0x68
    1 destination range, total size 0x68:
          0x000010    0x68



*******************************************************************************
*** MODULE SUMMARY
***

    Module                 ro code  ro data  rw data
    ------                 -------  -------  -------
E:\1-source\A508\PRJ\Debug\Obj: [1]
    ADC.o                      766      162        7
    ApiAtCmd.o               3 018      346      208
    ApiBeidou.o                                   82
    ApiDisplay.o             1 711    1 128      578
    ApiGpsCmd.o              3 574               455
    ApiKeyboard.o            3 627      263       33
    ApiLED.o                   149                 1
    ApiMenu.o                1 538      498        8
    ApiPocCmd.o              4 801       50    3 169
    Beep.o                     867                18
    CommonLib.o              1 158       17
    Config.o                   556
    Delay.o                  2 099      170       48
    DrvGD83.o                2 847       33      943
    DrvGT20L16S1Y.o            679
    DrvHTG12832.o              594                 2
    DrvKeyboard.o            1 440
    Flash_eeprom.o             362
    GT20L16P1Y_D.o             274    7 776
    KeyCmd.o                   143       67
    McuConfig.o                355
    System.o                   345       23       20
    Task.o                   2 993      733       45
    Tone.o                     231                18
    Voice.o                    177                 6
    main.o                      49
    stm8s_adc2.o               379
    stm8s_clk.o                269        4
    stm8s_flash.o              201
    stm8s_gpio.o               195
    stm8s_it.o                 119
    stm8s_itc.o                259
    stm8s_tim1.o               392
    stm8s_tim3.o                71
    stm8s_uart1.o              716
    stm8s_uart3.o              752
    sysclock.o                 128
    uart3.o                  2 343       30       73
    ------------------------------------------------
    Total:                  40 177   11 300    5 714

command line: [2]
    ------------------------------------------------
    Total:

GT20L16_STM8_DOUBLE_MEDIUM_IAR.a: [3]
    GT20L16P1Y.o             1 770       62
    ------------------------------------------------
    Total:                   1 770       62

dbgstm8mmd.a: [4]
    __dbg_break.o                1
    __dbg_xxexit.o              22
    ------------------------------------------------
    Total:                      23

dlstm8mmn.a: [5]
    cexit.o                      6
    char.o                       6
    cstartup.o                  23
    dc_util.o                   88
    exit.o                       4
    far_util.o                  14
    init.o                      30
    init_small.o                70
    interrupt.o                  4      128
    long.o                     428
    long_util.o                100
    low_level_init.o             3
    memcmp.o                    54
    memcpy.o                    38
    memset.o                    23
    move.o                      37
    short.o                     93
    strlen.o                    18
    unhandled_exception.o        3
    vreg_util.o                348
    vregs.o                                       16
    ------------------------------------------------
    Total:                   1 390      128       16

    Linker created                       20      256
----------------------------------------------------
    Grand Total:            43 360   11 510    5 986


*******************************************************************************
*** ENTRY LIST
***

Entry                    Address    Size  Type      Object
-----                    -------    ----  ----      ------
.iar.init_table$$Base   0x00a4f9           --   Gb  - Linker created -
.iar.init_table$$Limit  0x00a50d           --   Gb  - Linker created -
?add32_l0_l0_0x         0x0116e7          Code  Gb  long.o [5]
?add32_l0_l0_l1         0x0116e4          Code  Gb  long.o [5]
?and32_l0_l0_0x         0x011823          Code  Gb  long.o [5]
?and32_l0_l0_l1         0x011820          Code  Gb  long.o [5]
?b0                     0x000000          Data  Gb  vregs.o [5]
?b1                     0x000001          Data  Gb  vregs.o [5]
?b10                    0x00000a          Data  Gb  vregs.o [5]
?b11                    0x00000b          Data  Gb  vregs.o [5]
?b12                    0x00000c          Data  Gb  vregs.o [5]
?b13                    0x00000d          Data  Gb  vregs.o [5]
?b14                    0x00000e          Data  Gb  vregs.o [5]
?b15                    0x00000f          Data  Gb  vregs.o [5]
?b2                     0x000002          Data  Gb  vregs.o [5]
?b3                     0x000003          Data  Gb  vregs.o [5]
?b4                     0x000004          Data  Gb  vregs.o [5]
?b5                     0x000005          Data  Gb  vregs.o [5]
?b6                     0x000006          Data  Gb  vregs.o [5]
?b7                     0x000007          Data  Gb  vregs.o [5]
?b8                     0x000008          Data  Gb  vregs.o [5]
?b9                     0x000009          Data  Gb  vregs.o [5]
?dc32_l0                0x015286          Code  Gb  dc_util.o [5]
?dc32_l1                0x0152b2          Code  Gb  dc_util.o [5]
?e0                     0x000001          Data  Gb  vregs.o [5]
?e1                     0x000005          Data  Gb  vregs.o [5]
?e2                     0x000009          Data  Gb  vregs.o [5]
?e3                     0x00000d          Data  Gb  vregs.o [5]
?epilogue_l2            0x0123b5          Code  Gb  vreg_util.o [5]
?epilogue_l2_l3         0x0123b1          Code  Gb  vreg_util.o [5]
?epilogue_l2_w6         0x0123ba          Code  Gb  vreg_util.o [5]
?epilogue_w4            0x0123c3          Code  Gb  vreg_util.o [5]
?l0                     0x000000          Data  Gb  vregs.o [5]
?l1                     0x000004          Data  Gb  vregs.o [5]
?l2                     0x000008          Data  Gb  vregs.o [5]
?l3                     0x00000c          Data  Gb  vregs.o [5]
?load24_e1_0x           0x016471          Code  Gb  far_util.o [5]
?load32_0x_l0           0x014ec9          Code  Gb  long_util.o [5]
?load32_l0_0x           0x014e8d          Code  Gb  long_util.o [5]
?load32_l0_asp          0x014e81          Code  Gb  long_util.o [5]
?load32_l0_dbsp         0x014e73          Code  Gb  long_util.o [5]
?load32_l0_xsp          0x014e83          Code  Gb  long_util.o [5]
?load32_l1_0x           0x014eb3          Code  Gb  long_util.o [5]
?load32_l1_asp          0x014ea7          Code  Gb  long_util.o [5]
?load32_l1_dbsp         0x014e99          Code  Gb  long_util.o [5]
?load32_l1_xsp          0x014ea9          Code  Gb  long_util.o [5]
?load32_xsp_l0          0x014ebf          Code  Gb  long_util.o [5]
?longfarg16_v_w0_a      0x0160a6          Code  Gb  move.o [5]
?longfarg16_v_w0_x      0x0160a8          Code  Gb  move.o [5]
?mov_e0_e1              0x0123e0          Code  Gb  vreg_util.o [5]
?mov_e0_e2              0x0123ed          Code  Gb  vreg_util.o [5]
?mov_e0_e3              0x0123fa          Code  Gb  vreg_util.o [5]
?mov_e1_e0              0x012407          Code  Gb  vreg_util.o [5]
?mov_e1_e2              0x012414          Code  Gb  vreg_util.o [5]
?mov_e1_e3              0x012421          Code  Gb  vreg_util.o [5]
?mov_e2_e0              0x01242e          Code  Gb  vreg_util.o [5]
?mov_e3_e0              0x012442          Code  Gb  vreg_util.o [5]
?mov_e3_e1              0x01244f          Code  Gb  vreg_util.o [5]
?mov_l0_l1              0x0123dd          Code  Gb  vreg_util.o [5]
?mov_l0_l2              0x0123ea          Code  Gb  vreg_util.o [5]
?mov_l0_l3              0x0123f7          Code  Gb  vreg_util.o [5]
?mov_l1_l0              0x012404          Code  Gb  vreg_util.o [5]
?mov_l1_l2              0x012411          Code  Gb  vreg_util.o [5]
?mov_l1_l3              0x01241e          Code  Gb  vreg_util.o [5]
?mov_l2_l0              0x01242b          Code  Gb  vreg_util.o [5]
?mov_l3_l0              0x01243f          Code  Gb  vreg_util.o [5]
?mov_l3_l1              0x01244c          Code  Gb  vreg_util.o [5]
?mov_w1_w3              0x0123e3          Code  Gb  vreg_util.o [5]
?mov_w1_w4              0x0123c8          Code  Gb  vreg_util.o [5]
?mov_w1_w5              0x0123f0          Code  Gb  vreg_util.o [5]
?mov_w1_w7              0x0123fd          Code  Gb  vreg_util.o [5]
?mov_w2_w1              0x0123cf          Code  Gb  vreg_util.o [5]
?mov_w3_w1              0x01240a          Code  Gb  vreg_util.o [5]
?mov_w3_w5              0x012417          Code  Gb  vreg_util.o [5]
?mov_w3_w7              0x012424          Code  Gb  vreg_util.o [5]
?mov_w5_w1              0x012431          Code  Gb  vreg_util.o [5]
?mov_w5_w3              0x012438          Code  Gb  vreg_util.o [5]
?mov_w6_w0              0x0123d6          Code  Gb  vreg_util.o [5]
?mov_w7_w1              0x012445          Code  Gb  vreg_util.o [5]
?mov_w7_w3              0x012452          Code  Gb  vreg_util.o [5]
?move1616_v_x_y_a       0x016099          Code  Gb  move.o [5]
?mul16_x_x_w0           0x015119          Code  Gb  short.o [5]
?mul32_l0_l0_l1         0x01171a          Code  Gb  long.o [5]
?or32_l0_l0_0x          0x01183e          Code  Gb  long.o [5]
?or32_l0_l0_l1          0x01183b          Code  Gb  long.o [5]
?pop_l0                 0x012379          Code  Gb  vreg_util.o [5]
?pop_l1                 0x012384          Code  Gb  vreg_util.o [5]
?pop_l2                 0x01238f          Code  Gb  vreg_util.o [5]
?pop_l3                 0x01239a          Code  Gb  vreg_util.o [5]
?pop_w4                 0x012323          Code  Gb  vreg_util.o [5]
?pop_w5                 0x01232a          Code  Gb  vreg_util.o [5]
?pop_w6                 0x012331          Code  Gb  vreg_util.o [5]
?push_l0                0x012344          Code  Gb  vreg_util.o [5]
?push_l1                0x012349          Code  Gb  vreg_util.o [5]
?push_l2                0x01234e          Code  Gb  vreg_util.o [5]
?push_l3                0x012353          Code  Gb  vreg_util.o [5]
?push_w4                0x0122fd          Code  Gb  vreg_util.o [5]
?push_w5                0x012302          Code  Gb  vreg_util.o [5]
?push_w6                0x012307          Code  Gb  vreg_util.o [5]
?sdiv16_x_x_y           0x015137          Code  Gb  short.o [5]
?sext16_x_a             0x01516f          Code  Gb  short.o [5]
?sext32_l0_a            0x011883          Code  Gb  long.o [5]
?sext32_l0_x            0x011878          Code  Gb  long.o [5]
?sll16_x_x_4            0x01516a          Code  Gb  short.o [5]
?sll16_x_x_5            0x015169          Code  Gb  short.o [5]
?sll16_x_x_6            0x015168          Code  Gb  short.o [5]
?sll16_x_x_a            0x015160          Code  Gb  short.o [5]
?sll32_0x_0x_a          0x011859          Code  Gb  long.o [5]
?sll32_l0_l0_a          0x011856          Code  Gb  long.o [5]
?smod16_y_x_y           0x015150          Code  Gb  short.o [5]
?srl32_0x_0x_a          0x01186a          Code  Gb  long.o [5]
?srl32_l0_l0_a          0x011867          Code  Gb  long.o [5]
?srl8_a_a_5             0x01657d          Code  Gb  char.o [5]
?srl8_a_a_6             0x01657c          Code  Gb  char.o [5]
?sub32_l0_l0_0x         0x011702          Code  Gb  long.o [5]
?sub32_l0_l0_l1         0x0116ff          Code  Gb  long.o [5]
?ucmp32_c_l0_l1         0x011815          Code  Gb  long.o [5]
?udiv32_l0_dl_l1        0x01179e          Code  Gb  long.o [5]
?udiv32_l0_l0_dl        0x0117a4          Code  Gb  long.o [5]
?udiv32_l0_l0_l1        0x0117a8          Code  Gb  long.o [5]
?umod32_l1_l0_dl        0x011798          Code  Gb  long.o [5]
?umod32_l1_l0_l1        0x0117a8          Code  Gb  long.o [5]
?w0                     0x000000          Data  Gb  vregs.o [5]
?w1                     0x000002          Data  Gb  vregs.o [5]
?w2                     0x000004          Data  Gb  vregs.o [5]
?w3                     0x000006          Data  Gb  vregs.o [5]
?w4                     0x000008          Data  Gb  vregs.o [5]
?w5                     0x00000a          Data  Gb  vregs.o [5]
?w6                     0x00000c          Data  Gb  vregs.o [5]
?w7                     0x00000e          Data  Gb  vregs.o [5]
ADC2_Cmd                0x0164b3     0xd  Code  Gb  stm8s_adc2.o [1]
ADC2_ConversionConfig   0x015cda    0x2f  Code  Gb  stm8s_adc2.o [1]
ADC2_ExternalTriggerConfig
                        0x016146    0x21  Code  Gb  stm8s_adc2.o [1]
ADC2_GetConversionValue
                        0x0153e0    0x54  Code  Gb  stm8s_adc2.o [1]
ADC2_IRQHandler         0x016619     0x1  Code  Gb  stm8s_it.o [1]
ADC2_Init               0x015c7b    0x30  Code  Gb  stm8s_adc2.o [1]
ADC2_PrescalerConfig    0x0163b5    0x13  Code  Gb  stm8s_adc2.o [1]
ADC2_SchmittTriggerConfig
                        0x014866    0x82  Code  Gb  stm8s_adc2.o [1]
ADC2_StartConversion    0x016588     0x5  Code  Gb  stm8s_adc2.o [1]
ADC_Init                0x0160e2    0x22  Code  Gb  ADC.o [1]
AF_Mute_Init            0x01648c     0xd  Code  Gb  McuConfig.o [1]
ASCII_ActiveUserID      0x001569    0x16  Data  Gb  ApiPocCmd.o [1]
AUDIO_IOAFMUT           0x0162c1    0x19  Code  Gb  McuConfig.o [1]
AUDIO_IOAFPOW           0x0162da    0x19  Code  Gb  McuConfig.o [1]
AWU_IRQHandler          0x016609     0x1  Code  Gb  stm8s_it.o [1]
AkeyvolumeCount         0x000042     0x1  Data  Gb  ApiKeyboard.o [1]
AlarmCount              0x00005d     0x1  Data  Gb  Task.o [1]
ApGpsCmd_10msRenew      0x016104    0x21  Code  Gb  ApiGpsCmd.o [1]
ApiAtCmd_100msRenew     0x00e2af    0xb2  Code  Gb  ApiAtCmd.o [1]
ApiAtCmd_10msRenew      0x012e6a   0x133  Code  Gb  ApiAtCmd.o [1]
ApiAtCmd_GetGroupName   0x0163ee    0x12  Code  Gb  ApiPocCmd.o [1]
ApiAtCmd_GetGroupNameLen
                        0x01638f    0x13  Code  Gb  ApiPocCmd.o [1]
ApiAtCmd_GetGroupNum    0x0165cc     0x4  Code  Gb  ApiPocCmd.o [1]
ApiAtCmd_GetLoginState  0x016567     0x7  Code  Gb  ApiPocCmd.o [1]
ApiAtCmd_GetMainGroupId
                        0x0165d4     0x4  Code  Gb  ApiPocCmd.o [1]
ApiAtCmd_GetMainWorkName
                        0x0165c8     0x4  Code  Gb  ApiPocCmd.o [1]
ApiAtCmd_GetUserName    0x016400    0x12  Code  Gb  ApiPocCmd.o [1]
ApiAtCmd_GetUserNameLen
                        0x0163a2    0x13  Code  Gb  ApiPocCmd.o [1]
ApiAtCmd_GetUserNum     0x0165d0     0x4  Code  Gb  ApiPocCmd.o [1]
ApiAtCmd_Get_DateTime_Information
                        0x0125b2   0x153  Code  Gb  ApiAtCmd.o [1]
ApiAtCmd_Get_location_Information
                        0x011890   0x190  Code  Gb  ApiAtCmd.o [1]
ApiAtCmd_PlayVoice      0x014968    0x73  Code  Gb  ApiAtCmd.o [1]
ApiAtCmd_SetLoginState  0x016455     0xe  Code  Gb  ApiPocCmd.o [1]
ApiAtCmd_TrumpetVoicePlayCount
                        0x001644     0x1  Data  Gb  Delay.o [1]
ApiAtCmd_TrumpetVoicePlay_Flag
                        0x0015f0     0x1  Data  Gb  ApiAtCmd.o [1]
ApiAtCmd_WritCommand    0x00e08d   0x222  Code  Gb  ApiAtCmd.o [1]
ApiAtCmd_ZTTS0_Flag     0x0015f1     0x1  Data  Gb  ApiAtCmd.o [1]
ApiAtCmd_tcp_state      0x01653d     0xa  Code  Gb  ApiAtCmd.o [1]
ApiCaretCmd_10msRenew   0x00e8ee   0x2a3  Code  Gb  ApiAtCmd.o [1]
ApiGpsCmd_100msRenew    0x00d83a   0x1f0  Code  Gb  ApiGpsCmd.o [1]
ApiGpsCmd_PowerOnInitial
                        0x010f6c   0x20d  Code  Gb  ApiGpsCmd.o [1]
ApiGpsServerType        0x0015fe     0x1  Data  Gb  ApiGpsCmd.o [1]
ApiGps_GetTcpIpAddress  0x0165c0     0x4  Code  Gb  ApiGpsCmd.o [1]
ApiGps_GetTcpPortAddress
                        0x0165c4     0x4  Code  Gb  ApiGpsCmd.o [1]
ApiMenu_BacklightTimeSet_Flag
                        0x00161b     0x1  Data  Gb  ApiMenu.o [1]
ApiMenu_BeiDouOrWritingFrequency_Flag
                        0x00161d     0x1  Data  Gb  ApiMenu.o [1]
ApiMenu_GpsInfo_Flag    0x001619     0x1  Data  Gb  ApiMenu.o [1]
ApiMenu_KeylockTimeSet_Flag
                        0x00161c     0x1  Data  Gb  ApiMenu.o [1]
ApiMenu_NativeInfo_Flag
                        0x00161a     0x1  Data  Gb  ApiMenu.o [1]
ApiMenu_SwitchCallUser_Flag
                        0x001617     0x1  Data  Gb  ApiMenu.o [1]
ApiMenu_SwitchGroup_Flag
                        0x001616     0x1  Data  Gb  ApiMenu.o [1]
ApiMenu_SwitchOnlineUser_Flag
                        0x001618     0x1  Data  Gb  ApiMenu.o [1]
ApiPocCmd_10msRenew     0x00d00a   0x536  Code  Gb  ApiPocCmd.o [1]
ApiPocCmd_Tone_Flag     0x001627     0x1  Data  Gb  ApiPocCmd.o [1]
ApiPocCmd_WritCommand   0x011d2e   0x184  Code  Gb  ApiPocCmd.o [1]
ApiPocCmd_user_info_get
                        0x015adb    0x36  Code  Gb  ApiPocCmd.o [1]
ApiPocCmd_user_info_set
                        0x01392b    0xd8  Code  Gb  ApiPocCmd.o [1]
AtCmdDrvobj             0x001327    0x92  Data  Lc  ApiAtCmd.o [1]
AtCmd_NetParamCode      0x0146ce    0x8b  Code  Lc  ApiAtCmd.o [1]
AtNotify_Queue          0x00bad5    0x4d  Code  Lc  DrvGD83.o [1]
AtNotify_Queue_Start    0x00bb22    0x56  Code  Lc  DrvGD83.o [1]
BEEP_Interrupt10ms      0x016223    0x1c  Code  Gb  Beep.o [1]
BEEP_PowerOnInitial     0x00dfba    0xd3  Code  Gb  Beep.o [1]
BEEP_SetOutput          0x00dd7e   0x23c  Code  Gb  Beep.o [1]
BEEP_Time               0x015a6b    0x38  Code  Gb  Beep.o [1]
BacklightTimeCount      0x00164a     0x1  Data  Gb  Delay.o [1]
BacklightTimeSetCount   0x00004b     0x1  Data  Gb  ApiKeyboard.o [1]
BatteryLevel            0x0015e7     0x1  Data  Gb  ADC.o [1]
BeepDrvObj              0x001593    0x12  Data  Lc  Beep.o [1]
BeidouRxData            0x001409    0x4b  Data  Gb  ApiBeidou.o [1]
BeidouRxDataLen         0x0015fa     0x1  Data  Gb  ApiBeidou.o [1]
BitTab                  0x00ac54     0x8  Data  Gb  ApiDisplay.o [1]
BootProcess_PPPCFG_Flag
                        0x0015ef     0x1  Data  Gb  ApiAtCmd.o [1]
BootProcess_SIMST_Flag  0x0015ee     0x1  Data  Gb  ApiAtCmd.o [1]
CFG_GetCurAdr           0x01091b   0x22c  Code  Gb  Config.o [1]
CHAR_HIGH               0x00a9d8    0x10  Data  Gb  ApiDisplay.o [1]
CHAR_TO_Digital         0x014ce0    0x67  Code  Gb  ApiAtCmd.o [1]
CHAR_WIDTH              0x00a9e8    0x10  Data  Gb  ApiDisplay.o [1]
CLK_ClockSwitchConfig   0x01405c    0xa2  Code  Gb  stm8s_clk.o [1]
CLK_GetClockFreq        0x01522e    0x58  Code  Gb  stm8s_clk.o [1]
CLK_HSIPrescalerConfig  0x0163c8    0x13  Code  Gb  stm8s_clk.o [1]
CLK_IRQHandler          0x01660a     0x1  Code  Gb  stm8s_it.o [1]
COMLHexArray2String     0x014dab    0x64  Code  Lc  ApiGpsCmd.o [1]
COML_AscToHex           0x0132cd    0xfa  Code  Gb  CommonLib.o [1]
COML_DecToAsc           0x014e0f    0x64  Code  Gb  CommonLib.o [1]
COML_HexToAsc           0x013cfb    0xb2  Code  Gb  CommonLib.o [1]
COML_HexToAsc2          0x0142ca    0x96  Code  Gb  CommonLib.o [1]
COML_StringReverse      0x0150bb    0x5e  Code  Gb  CommonLib.o [1]
CSQTimeCount            0x00163b     0x1  Data  Gb  Delay.o [1]
CSQValue                0x0015f5     0x1  Data  Gb  ApiAtCmd.o [1]
CSQ_Flag                0x0015f2     0x1  Data  Gb  ApiAtCmd.o [1]
CSTACK$$Base            0x001700           --   Gb  - Linker created -
CSTACK$$Limit           0x001800           --   Gb  - Linker created -
C_TEST_OUT_SET          0x0164a6     0xd  Code  Gb  McuConfig.o [1]
CaretNotify_Queue       0x00ba3b    0x4d  Code  Lc  DrvGD83.o [1]
CaretNotify_Queue_Start
                        0x00bbce    0x56  Code  Lc  DrvGD83.o [1]
CharCode                0x0015dd     0x2  Data  Gb  ApiDisplay.o [1]
Combine2Hex             0x012c02   0x134  Code  Gb  CommonLib.o [1]
Count                   0x0015e8     0x1  Data  Gb  ADC.o [1]
Count2                  0x0015e9     0x1  Data  Gb  ADC.o [1]
Count3                  0x0015ea     0x1  Data  Gb  ADC.o [1]
DEL_100msProcess        0x00cf79    0x58  Code  Lc  Delay.o [1]
DEL_10msProcess         0x00cfd1    0x1d  Code  Lc  Delay.o [1]
DEL_1msProcess          0x00cfee     0xc  Code  Lc  Delay.o [1]
DEL_500msProcess        0x00c9a8   0x5d1  Code  Lc  Delay.o [1]
DEL_500ms_Count         0x001635     0x1  Data  Gb  Delay.o [1]
DEL_500ms_Count2        0x001636     0x1  Data  Gb  Delay.o [1]
DEL_GetTimer            0x01538b    0x55  Code  Gb  Delay.o [1]
DEL_Interrupt           0x013fb9    0xa3  Code  Gb  Delay.o [1]
DEL_PowerOnInitial      0x016125    0x21  Code  Gb  Delay.o [1]
DEL_Renew               0x00cffa    0x10  Code  Gb  Delay.o [1]
DEL_SetTimer            0x0149db    0x73  Code  Gb  Delay.o [1]
DEL_Soft1ms             0x01623f    0x1c  Code  Gb  Delay.o [1]
DEL_TimerRenew          0x015ec7    0x29  Code  Lc  Delay.o [1]
DISP_DataBuf            0x013a03    0xc8  Code  Lc  ApiDisplay.o [1]
DISP_MulTypePro         0x013acb    0xc0  Code  Lc  ApiDisplay.o [1]
DISP_MulTypePro2        0x013852    0xd9  Code  Lc  ApiDisplay.o [1]
Data_Date0              0x0165b0     0x4  Code  Gb  ApiAtCmd.o [1]
Data_Date1              0x0165b4     0x4  Code  Gb  ApiAtCmd.o [1]
Data_Date2              0x0165b8     0x4  Code  Gb  ApiAtCmd.o [1]
Data_Latitude_Minute    0x0165a0     0x4  Code  Gb  ApiAtCmd.o [1]
Data_Latitude_Second    0x016560     0x7  Code  Gb  ApiAtCmd.o [1]
Data_Longitude_Minute   0x01659c     0x4  Code  Gb  ApiAtCmd.o [1]
Data_Longitude_Second   0x016559     0x7  Code  Gb  ApiAtCmd.o [1]
Data_Speed              0x0165bc     0x4  Code  Gb  ApiAtCmd.o [1]
Data_Time0              0x0165a4     0x4  Code  Gb  ApiAtCmd.o [1]
Data_Time1              0x0165a8     0x4  Code  Gb  ApiAtCmd.o [1]
Data_Time2              0x0165ac     0x4  Code  Gb  ApiAtCmd.o [1]
Dec2Hex                 0x0155c3    0x4e  Code  Gb  CommonLib.o [1]
DefaultSystemClockForHSI
                        0x0161c8    0x1f  Code  Gb  sysclock.o [1]
DelDrvObj               0x0015c2     0xb  Data  Lc  Delay.o [1]
Delay_100ms             0x015977    0x40  Code  Gb  Task.o [1]
DisDataBit              0x001498    0x40  Data  Gb  ApiDisplay.o [1]
DisDataBuf              0x000f64   0x200  Data  Gb  ApiDisplay.o [1]
DrvGD83DrvObj           0x000bbe   0x3a6  Data  Lc  DrvGD83.o [1]
DrvGD83_UART_TxCommand  0x0148e8    0x80  Code  Gb  DrvGD83.o [1]
DrvMC8332_AtNotify_Queue_front
                        0x0156a9    0x4a  Code  Gb  DrvGD83.o [1]
DrvMC8332_CaretNotify_Queue_front
                        0x01565f    0x4a  Code  Gb  DrvGD83.o [1]
DrvMC8332_GpsNotify_Queue_front
                        0x01573d    0x4a  Code  Gb  DrvGD83.o [1]
DrvMC8332_PocNotify_Queue_front
                        0x0156f3    0x4a  Code  Gb  DrvGD83.o [1]
DrvMC8332_Software_Initial
                        0x0159f5    0x3d  Code  Gb  DrvGD83.o [1]
DrvMC8332_TxPort_SetValidable
                        0x015e1b    0x2c  Code  Gb  DrvGD83.o [1]
DrvMC8332_UART_Interrupt
                        0x00be93   0x3cb  Code  Gb  DrvGD83.o [1]
DrvMc8332_UART_TxTail   0x0134ba    0xeb  Code  Gb  DrvGD83.o [1]
EEPROM_EEC_IRQHandler   0x01661b     0x1  Code  Gb  stm8s_it.o [1]
EXTI_PORTA_IRQHandler   0x01660b     0x1  Code  Gb  stm8s_it.o [1]
EXTI_PORTB_IRQHandler   0x01660c     0x1  Code  Gb  stm8s_it.o [1]
EXTI_PORTC_IRQHandler   0x01660d     0x1  Code  Gb  stm8s_it.o [1]
EXTI_PORTD_IRQHandler   0x01660e     0x1  Code  Gb  stm8s_it.o [1]
EXTI_PORTE_IRQHandler   0x01660f     0x1  Code  Gb  stm8s_it.o [1]
EnterKeyTimeCount       0x00163e     0x1  Data  Gb  Delay.o [1]
EnterKeyTime_2s_Flag    0x00165b     0x1  Data  Gb  Task.o [1]
EnterPersonalCalling    0x001629     0x1  Data  Gb  ApiPocCmd.o [1]
EnterPttMomentCount     0x001657     0x1  Data  Gb  Task.o [1]
EnterPttMoment_Flag     0x001659     0x1  Data  Gb  Task.o [1]
FILE_Read               0x0157d0    0x48  Code  Gb  Flash_eeprom.o [1]
FILE_Read2              0x0158ef    0x45  Code  Gb  Flash_eeprom.o [1]
FILE_Write              0x015525    0x4f  Code  Gb  Flash_eeprom.o [1]
FILE_Write2             0x015486    0x50  Code  Gb  Flash_eeprom.o [1]
FLASH_EraseOptionByte   0x015f19    0x28  Code  Gb  stm8s_flash.o [1]
FLASH_GetFlagStatus     0x01637b    0x14  Code  Gb  stm8s_flash.o [1]
FLASH_Lock              0x01656e     0x7  Code  Gb  stm8s_flash.o [1]
FLASH_ProgramByte       0x01658d     0x5  Code  Gb  stm8s_flash.o [1]
FLASH_ProgramOptionByte
                        0x01604f    0x25  Code  Gb  stm8s_flash.o [1]
FLASH_ReadByte          0x016592     0x5  Code  Gb  stm8s_flash.o [1]
FLASH_SetProgrammingTime
                        0x016532     0xb  Code  Gb  stm8s_flash.o [1]
FLASH_Unlock            0x01634f    0x16  Code  Gb  stm8s_flash.o [1]
FLASH_WaitForLastOperation
                        0x015b11    0x36  Code  Gb  stm8s_flash.o [1]
GB2312_16_GetData       0x010000   0x251  Code  Gb  GT20L16P1Y.o [3]
GPIO_Init               0x013e5d    0xaf  Code  Gb  stm8s_gpio.o [1]
GPIO_ReadInputPin       0x016547     0x9  Code  Gb  stm8s_gpio.o [1]
GPIO_WriteHigh          0x016575     0x7  Code  Gb  stm8s_gpio.o [1]
GPIO_WriteLow           0x0165d8     0x4  Code  Gb  stm8s_gpio.o [1]
GeHuTest                0x016606     0x1  Code  Lc  ApiKeyboard.o [1]
GetAllGroupMemberNameCount
                        0x00164b     0x1  Data  Gb  Delay.o [1]
GetNoOnlineMembersCount
                        0x001648     0x1  Data  Gb  Delay.o [1]
GetPersonalCallingMode  0x016527     0xb  Code  Gb  ApiPocCmd.o [1]
GetPointArrayData32     0x015818    0x48  Code  Gb  GT20L16P1Y_D.o [1]
GetTaskId               0x0165ec     0x4  Code  Gb  System.o [1]
Get_0X_ActiveUserIDBuf  0x0015b7     0xb  Data  Gb  ApiPocCmd.o [1]
Get_GBK_ActiveUserID    0x014ed7    0x62  Code  Gb  ApiPocCmd.o [1]
Get_Unicode_ActiveUserID
                        0x0147e1    0x85  Code  Gb  ApiPocCmd.o [1]
Get_Unicode_ActiveUserIDBuf
                        0x0014d8    0x2d  Data  Gb  ApiPocCmd.o [1]
GettheOnlineMembersDone
                        0x001632     0x1  Data  Gb  ApiPocCmd.o [1]
GpsCmd_GbAnalytical     0x010251   0x24d  Code  Lc  ApiGpsCmd.o [1]
GpsCmd_GbDataTransave   0x00e62e   0x2c0  Code  Lc  ApiGpsCmd.o [1]
GpsCmd_GbWritCommand    0x00d540   0x2fa  Code  Lc  ApiGpsCmd.o [1]
GpsFunDrvObj            0x001164   0x1c3  Data  Lc  ApiGpsCmd.o [1]
GpsNotify_Queue         0x00be16    0x7d  Code  Lc  DrvGD83.o [1]
GpsNotify_Queue_Start   0x00bc24    0x9a  Code  Lc  DrvGD83.o [1]
GpsReconnectionTimeCount
                        0x00163a     0x1  Data  Gb  Delay.o [1]
GroupCallingNum         0x000049     0x1  Data  Gb  ApiKeyboard.o [1]
HDRCSQSignalIcons       0x0140fe    0x9c  Code  Gb  ApiAtCmd.o [1]
HDRCSQValue             0x0015f4     0x1  Data  Gb  ApiAtCmd.o [1]
HSE_ClockStartUpConfiguration
                        0x015b47    0x36  Code  Lc  sysclock.o [1]
HSIDivFactor            0x00ace1     0x4  Data  Gb  stm8s_clk.o [1]
HexToChar_AllOnlineMemberNum
                        0x016188    0x20  Code  Gb  ApiPocCmd.o [1]
HtgDrvObj               0x0015e5     0x2  Data  Lc  DrvHTG12832.o [1]
I2C_IRQHandler          0x016617     0x1  Code  Gb  stm8s_it.o [1]
INTVEC$$Base            0x008000           --   Gb  - Linker created -
INTVEC$$Limit           0x008080           --   Gb  - Linker created -
ITC_SetSoftwarePriority
                        0x0130c7   0x103  Code  Gb  stm8s_itc.o [1]
Ico_DataBuf             0x009b80   0x400  Data  Gb  ApiDisplay.o [1]
InputGBcode             0x009f80   0x1b0  Data  Gb  GT20L16P1Y_D.o [1]
InputUnicode            0x00a130   0x1b0  Data  Gb  GT20L16P1Y_D.o [1]
InvalidCallCount        0x00161e     0x1  Data  Gb  ApiPocCmd.o [1]
KCMD_GetMcuVersion      0x014f9a    0x61  Code  Lc  KeyCmd.o [1]
KCMD_KeyCmdGet          0x0161a8    0x20  Code  Gb  KeyCmd.o [1]
KEY_TABLE               0x00acf0     0x3  Data  Lc  uart3.o [1]
Key3Option              0x001651     0x1  Data  Gb  Task.o [1]
Key3_PlayValue          0x0015fb     0x1  Data  Gb  ApiGpsCmd.o [1]
Key3_PlayVoice          0x011534   0x1b0  Code  Gb  Task.o [1]
KeyBatteryReport        0x01505c    0x5f  Code  Gb  ADC.o [1]
KeyDownUpChoose_GroupOrUser_Flag
                        0x0015f3     0x1  Data  Gb  ApiAtCmd.o [1]
KeyPersonalCallingCount
                        0x001601     0x1  Data  Gb  ApiKeyboard.o [1]
KeyPttState             0x00162f     0x1  Data  Gb  ApiPocCmd.o [1]
KeyUpDownCount          0x001600     0x1  Data  Gb  ApiKeyboard.o [1]
Key_Flag_1              0x001602     0x1  Data  Gb  ApiKeyboard.o [1]
Key_Init                0x015bb3    0x34  Code  Gb  McuConfig.o [1]
Key_PersonalCalling_Flag
                        0x001654     0x1  Data  Gb  Task.o [1]
Keyboard_Test           0x00acf6   0xd45  Code  Gb  ApiKeyboard.o [1]
KeylockTimeCount        0x0015e3     0x2  Data  Gb  Delay.o [1]
KeylockTimeSetCount     0x00004c     0x1  Data  Gb  ApiKeyboard.o [1]
LED_Conut               0x001615     0x1  Data  Gb  ApiLED.o [1]
LED_Init                0x015f90    0x27  Code  Gb  McuConfig.o [1]
LED_IntOutputRenew      0x0143f6    0x95  Code  Gb  ApiLED.o [1]
LandingTimeCount        0x00163c     0x1  Data  Gb  Delay.o [1]
Level3MenuDisplay       0x011eb2   0x173  Code  Gb  ApiMenu.o [1]
LobatteryTask_StartCount
                        0x001646     0x1  Data  Gb  Delay.o [1]
LobatteryTask_StartFlag
                        0x0015ec     0x1  Data  Gb  ADC.o [1]
LockingState_EnterOK_Flag
                        0x001606     0x1  Data  Gb  ApiKeyboard.o [1]
LockingState_Flag       0x001649     0x1  Data  Gb  Delay.o [1]
LoosenPttMomentCount    0x001658     0x1  Data  Gb  Task.o [1]
LoosenPttMoment_Flag    0x00165a     0x1  Data  Gb  Task.o [1]
LowVoltageDetection     0x00eb91   0x256  Code  Gb  ADC.o [1]
LowVoltageDetection_Flag
                        0x0015eb     0x1  Data  Gb  ADC.o [1]
MCU_VERSIONForMenu      0x016463     0xe  Code  Gb  KeyCmd.o [1]
MIC_GPIO_Init           0x01647f     0xd  Code  Gb  McuConfig.o [1]
MIC_IOMUT               0x0162a8    0x19  Code  Gb  McuConfig.o [1]
Mcu_Version             0x00a50d    0x20  Data  Lc  KeyCmd.o [1]
MenuDisplay             0x00da2a   0x354  Code  Gb  ApiMenu.o [1]
MenuModeCount           0x00004a     0x1  Data  Gb  ApiKeyboard.o [1]
MenuMode_Flag           0x001603     0x1  Data  Gb  ApiKeyboard.o [1]
NetworkType_2Gor3G_Flag
                        0x00005e     0x1  Data  Gb  Task.o [1]
NoUseNum                0x001652     0x1  Data  Gb  Task.o [1]
Noise_Mute_Init         0x016499     0xd  Code  Gb  McuConfig.o [1]
Notify_Queue_Stop       0x00bcbe   0x158  Code  Lc  DrvGD83.o [1]
NumberKeyboardPressDown_flag
                        0x001605     0x1  Data  Gb  ApiKeyboard.o [1]
OffLineCount            0x00162e     0x1  Data  Gb  ApiPocCmd.o [1]
OneChannelGetADValue    0x015f69    0x27  Code  Lc  ADC.o [1]
PAS_NULLTBL             0x00aa38    0x10  Data  Lc  uart3.o [1]
POC_AtEnterPersonalCalling_Flag
                        0x001622     0x1  Data  Gb  ApiPocCmd.o [1]
POC_AtQuitPersonalCalling_Flag
                        0x001623     0x1  Data  Gb  ApiPocCmd.o [1]
POC_EnterGroupCalling_Flag
                        0x001624     0x1  Data  Gb  ApiPocCmd.o [1]
POC_EnterPersonalCalling_Flag
                        0x001620     0x1  Data  Gb  ApiPocCmd.o [1]
POC_GetAllGroupNameDone_Flag
                        0x00161f     0x1  Data  Gb  ApiPocCmd.o [1]
POC_QuitGroupCalling_Flag
                        0x001625     0x1  Data  Gb  ApiPocCmd.o [1]
POC_QuitPersonalCalling_Flag
                        0x001621     0x1  Data  Gb  ApiPocCmd.o [1]
POC_Receive86_Flag      0x00162d     0x1  Data  Gb  ApiPocCmd.o [1]
POC_ReceivedVoiceCount  0x001645     0x1  Data  Gb  Delay.o [1]
POC_ReceivedVoiceEndForXTSF_Flag
                        0x00162c     0x1  Data  Gb  ApiPocCmd.o [1]
POC_ReceivedVoiceEnd_Flag
                        0x00162b     0x1  Data  Gb  ApiPocCmd.o [1]
POC_ReceivedVoiceStart_Flag
                        0x00162a     0x1  Data  Gb  ApiPocCmd.o [1]
POC_ReceivedVoice_Flag  0x001626     0x1  Data  Gb  ApiPocCmd.o [1]
POC_TABLE               0x00acf3     0x3  Data  Lc  uart3.o [1]
PasObj                  0x0015d9     0x4  Data  Lc  uart3.o [1]
PersonCallIco_Flag      0x001653     0x1  Data  Gb  Task.o [1]
PersonalCallingNum      0x0015ff     0x1  Data  Gb  ApiKeyboard.o [1]
PocCmdDrvobj            0x000078   0xb46  Data  Lc  ApiPocCmd.o [1]
PocNoOnlineMemberCount  0x001647     0x1  Data  Gb  Delay.o [1]
[...]
PositionInfoSendToATPORT_InfoDisplay_Flag
                        0x0015f9     0x1  Data  Gb  ApiAtCmd.o [1]
PositionInfoSendToATPORT_RedLed_Flag
                        0x0015f7     0x1  Data  Gb  ApiAtCmd.o [1]
PositionInfoSendToATPORT_SetPPP_Flag
                        0x0015f8     0x1  Data  Gb  ApiAtCmd.o [1]
PositionInformationSendToATPORT_Flag
                        0x0015f6     0x1  Data  Gb  ApiAtCmd.o [1]
PrimaryLowPowerCount    0x00163d     0x1  Data  Gb  Delay.o [1]
PrimaryLowPower_Flag    0x0015ed     0x1  Data  Gb  ADC.o [1]
READ_TABLE              0x00ace5     0x4  Data  Lc  uart3.o [1]
ReadBuffer              0x0013b9    0x50  Data  Gb  ApiPocCmd.o [1]
ReadBufferA             0x00164c     0x1  Data  Gb  Delay.o [1]
ReadBufferB             0x00164d     0x1  Data  Gb  Delay.o [1]
ReadByte                0x0152de    0x57  Code  Gb  ApiDisplay.o [1]
Region$$Table$$Base     0x00a4f9           --   Gb  - Linker created -
Region$$Table$$Limit    0x00a50d           --   Gb  - Linker created -
RxStartFlag             0x0015cd     0x6  Data  Gb  ApiBeidou.o [1]
SPI_IRQHandler          0x016610     0x1  Code  Gb  stm8s_it.o [1]
SSWLCount               0x00164f     0x1  Data  Gb  Task.o [1]
SendByte                0x014759    0x88  Code  Gb  ApiDisplay.o [1]
SendGpsLoginInfoCount   0x0015fd     0x1  Data  Gb  ApiGpsCmd.o [1]
SetTaskId               0x0165f0     0x4  Code  Gb  System.o [1]
Set_GreenLed            0x016276    0x19  Code  Gb  McuConfig.o [1]
Set_RedLed              0x01628f    0x19  Code  Gb  McuConfig.o [1]
SignalPoorCount         0x001633     0x1  Data  Gb  Delay.o [1]
StartingUpStep          0x001650     0x1  Data  Gb  Task.o [1]
SubmenuMenuDisplay      0x01298c   0x13b  Code  Gb  ApiMenu.o [1]
SwitchGroupBUG          0x001628     0x1  Data  Gb  ApiPocCmd.o [1]
SystemClock_Init        0x015e47    0x2b  Code  Gb  sysclock.o [1]
TASK_Ptt_StartPersonCalling_Flag
                        0x001655     0x1  Data  Gb  Task.o [1]
TASK_RunLoBattery       0x015e72    0x2b  Code  Gb  Task.o [1]
TASK_WriteFreq          0x0165f4     0x4  Code  Gb  Task.o [1]
TIM1_CAP_COM_IRQHandler
                        0x016612     0x1  Code  Gb  stm8s_it.o [1]
TIM1_CCxCmd             0x015934    0x43  Code  Gb  stm8s_tim1.o [1]
TIM1_Cmd                0x0164c0     0xd  Code  Gb  stm8s_tim1.o [1]
TIM1_CtrlPWMOutputs     0x0164cd     0xd  Code  Gb  stm8s_tim1.o [1]
TIM1_DeInit             0x01419a    0x99  Code  Gb  stm8s_tim1.o [1]
TIM1_OC1Init            0x014ffb    0x61  Code  Gb  stm8s_tim1.o [1]
TIM1_OC1PreloadConfig   0x0164da     0xd  Code  Gb  stm8s_tim1.o [1]
TIM1_PWM_Init           0x015335    0x56  Code  Gb  Tone.o [1]
TIM1_TimeBaseInit       0x0160be    0x24  Code  Gb  stm8s_tim1.o [1]
TIM1_UPD_OVF_TRG_BRK_IRQHandler
                        0x016611     0x1  Code  Gb  stm8s_it.o [1]
TIM2_CAP_COM_IRQHandler
                        0x016614     0x1  Code  Gb  stm8s_it.o [1]
TIM2_UPD_OVF_BRK_IRQHandler
                        0x016613     0x1  Code  Gb  stm8s_it.o [1]
TIM3_ARRPreloadConfig   0x0164f4     0xd  Code  Gb  stm8s_tim3.o [1]
TIM3_CAP_COM_IRQHandler
                        0x016615     0x1  Code  Gb  stm8s_it.o [1]
TIM3_ClearITPendingBit  0x016597     0x5  Code  Gb  stm8s_tim3.o [1]
TIM3_Cmd                0x0164e7     0xd  Code  Gb  stm8s_tim3.o [1]
TIM3_ITConfig           0x0163db    0x13  Code  Gb  stm8s_tim3.o [1]
TIM3_PrescalerConfig    0x016550     0x9  Code  Gb  stm8s_tim3.o [1]
TIM3_TimeBaseInit       0x01651b     0xc  Code  Gb  stm8s_tim3.o [1]
TIM3_UPD_OVF_BRK_IRQHandler
                        0x016167    0x21  Code  Gb  stm8s_it.o [1]
TIM4_UPD_OVF_IRQHandler
                        0x01661a     0x1  Code  Gb  stm8s_it.o [1]
TLI_IRQHandler          0x016608     0x1  Code  Gb  stm8s_it.o [1]
TONE_PowerOnInitial     0x014c0c    0x6b  Code  Gb  Tone.o [1]
TONE_Start              0x01600c    0x1d  Code  Gb  Tone.o [1]
TONE_Stop               0x016003     0x9  Code  Gb  Tone.o [1]
TRAP_IRQHandler         0x016607     0x1  Code  Gb  stm8s_it.o [1]
TaskDrvObj              0x00157f    0x14  Data  Lc  System.o [1]
TaskStartDeleteDelay1   0x00165c     0x1  Data  Gb  Task.o [1]
TaskStartDeleteDelay1Count
                        0x001640     0x1  Data  Gb  Delay.o [1]
TaskStartDeleteDelay2   0x00165d     0x1  Data  Gb  Task.o [1]
TaskStartDeleteDelay3   0x00165e     0x1  Data  Gb  Task.o [1]
TaskStartDeleteDelay3Count
                        0x001641     0x1  Data  Gb  Delay.o [1]
TaskStartDeleteDelay4   0x00005f     0x1  Data  Gb  Task.o [1]
TaskStartDeleteDelay4Count
                        0x001642     0x1  Data  Gb  Delay.o [1]
TaskStartDeleteDelay5   0x00165f     0x1  Data  Gb  Task.o [1]
TaskStartDeleteDelay6   0x001660     0x1  Data  Gb  Task.o [1]
TaskStartDeleteDelay6Count
                        0x001643     0x1  Data  Gb  Delay.o [1]
Task_Landing_Flag       0x001656     0x1  Data  Gb  Task.o [1]
Task_RunNormalOperation
                        0x00c25e   0x74a  Code  Gb  Task.o [1]
Task_RunStart           0x01049e   0x248  Code  Gb  Task.o [1]
Test1                   0x0015fc     0x1  Data  Gb  ApiGpsCmd.o [1]
TestNum1                0x001608     0x1  Data  Gb  ApiKeyboard.o [1]
TestNum10               0x001611     0x1  Data  Gb  ApiKeyboard.o [1]
TestNum11               0x001612     0x1  Data  Gb  ApiKeyboard.o [1]
TestNum12               0x001613     0x1  Data  Gb  ApiKeyboard.o [1]
TestNum2                0x001609     0x1  Data  Gb  ApiKeyboard.o [1]
TestNum3                0x00160a     0x1  Data  Gb  ApiKeyboard.o [1]
TestNum4                0x00160b     0x1  Data  Gb  ApiKeyboard.o [1]
TestNum5                0x00160c     0x1  Data  Gb  ApiKeyboard.o [1]
TestNum6                0x00160d     0x1  Data  Gb  ApiKeyboard.o [1]
TestNum7                0x00160e     0x1  Data  Gb  ApiKeyboard.o [1]
TestNum8                0x00160f     0x1  Data  Gb  ApiKeyboard.o [1]
TestNum9                0x001610     0x1  Data  Gb  ApiKeyboard.o [1]
TheMenuLayer_Flag       0x001604     0x1  Data  Gb  ApiKeyboard.o [1]
Tim3_Timer_Init         0x015ef0    0x29  Code  Gb  McuConfig.o [1]
TimeCount               0x0015df     0x2  Data  Gb  Delay.o [1]
TimeCount2              0x001637     0x1  Data  Gb  Delay.o [1]
TimeCount3              0x0015e1     0x2  Data  Gb  Delay.o [1]
TimeCount_Light         0x001638     0x1  Data  Gb  Delay.o [1]
ToneDrvObj              0x0015a5    0x12  Data  Lc  Tone.o [1]
ToneTimeCount           0x001639     0x1  Data  Gb  Delay.o [1]
UART1_Cmd               0x016501     0xd  Code  Gb  stm8s_uart1.o [1]
UART1_DeInit            0x015dee    0x2d  Code  Gb  stm8s_uart1.o [1]
UART1_GetFlagStatus     0x015be7    0x32  Code  Gb  stm8s_uart1.o [1]
UART1_GetITStatus       0x014520    0x92  Code  Gb  stm8s_uart1.o [1]
UART1_ITConfig          0x014b9f    0x6d  Code  Gb  stm8s_uart1.o [1]
UART1_Init              0x012459   0x159  Code  Gb  stm8s_uart1.o [1]
UART1_RX_IRQHandler     0x015fdd    0x26  Code  Gb  stm8s_it.o [1]
UART1_ReceiveData8      0x0165dc     0x4  Code  Gb  stm8s_uart1.o [1]
UART1_SendData8         0x0165e0     0x4  Code  Gb  stm8s_uart1.o [1]
UART1_TX_IRQHandler     0x016616     0x1  Code  Gb  stm8s_it.o [1]
UART3_Cmd               0x01650e     0xd  Code  Gb  stm8s_uart3.o [1]
UART3_DeInit            0x016074    0x25  Code  Gb  stm8s_uart3.o [1]
UART3_GetFlagStatus     0x015787    0x49  Code  Gb  stm8s_uart3.o [1]
UART3_GetITStatus       0x013c45    0xb6  Code  Gb  stm8s_uart3.o [1]
UART3_ITConfig          0x014641    0x8d  Code  Gb  stm8s_uart3.o [1]
UART3_Init              0x012f9d   0x12a  Code  Gb  stm8s_uart3.o [1]
UART3_Interrupt         0x013b8b    0xba  Code  Gb  uart3.o [1]
UART3_RX_IRQHandler     0x01625b    0x1b  Code  Gb  stm8s_it.o [1]
UART3_ReceiveData8      0x0165e4     0x4  Code  Gb  stm8s_uart3.o [1]
UART3_SendByte          0x016436    0x10  Code  Gb  uart3.o [1]
UART3_SendData8         0x0165e8     0x4  Code  Gb  stm8s_uart3.o [1]
UART3_TX_IRQHandler     0x016618     0x1  Code  Gb  stm8s_it.o [1]
UART3_ToMcuMain         0x014c77    0x69  Code  Gb  uart3.o [1]
UART_Delay              0x016412    0x12  Code  Lc  uart3.o [1]
UART_ErrorAck           0x0155ad    0x16  Code  Lc  uart3.o [1]
UART_GetCheckSum        0x01448b    0x2e  Code  Lc  uart3.o [1]
UART_KeyCommand         0x0145b2    0x8f  Code  Lc  uart3.o [1]
UART_Link               0x0144b9    0x67  Code  Lc  uart3.o [1]
UART_PasCommand         0x011382   0x1b2  Code  Lc  uart3.o [1]
UART_PocCommand         0x0151d2    0x5c  Code  Lc  uart3.o [1]
UART_ReadCommand        0x0135a5    0xe9  Code  Lc  uart3.o [1]
UART_RightAck           0x014b31    0x6e  Code  Lc  uart3.o [1]
UART_RxFrame            0x015434    0x52  Code  Lc  uart3.o [1]
UART_TxSend             0x015574    0x39  Code  Lc  uart3.o [1]
UART_WriteCommand       0x0133c7    0xf3  Code  Lc  uart3.o [1]
UNICODE_16_GetData      0x011ba9   0x185  Code  Gb  GT20L16P1Y.o [3]
Uart1_Init              0x015d93    0x2e  Code  Gb  McuConfig.o [1]
Uart3_Init              0x015a32    0x39  Code  Gb  uart3.o [1]
UartDrvObj              0x001454    0x44  Data  Lc  uart3.o [1]
UnicodeForGbk_AllGrounpName
                        0x011a20   0x189  Code  Gb  ApiPocCmd.o [1]
UnicodeForGbk_AllGrounpNameBuf
                        0x00151e    0x19  Data  Gb  ApiPocCmd.o [1]
UnicodeForGbk_AllUserName
                        0x0106e6   0x235  Code  Gb  ApiPocCmd.o [1]
UnicodeForGbk_AllUserNameBuf
                        0x001505    0x19  Data  Gb  ApiPocCmd.o [1]
UnicodeForGbk_MainUserName
                        0x010b47   0x214  Code  Gb  ApiPocCmd.o [1]
UnicodeForGbk_MainUserNameBuf
                        0x001537    0x19  Data  Gb  ApiPocCmd.o [1]
UnicodeForGbk_MainWorkName
                        0x012025   0x173  Code  Gb  ApiPocCmd.o [1]
UnicodeForGbk_SpeakerRightnowName
                        0x011179   0x209  Code  Gb  ApiPocCmd.o [1]
UnicodeForGbk_SpeakerRightnowNameBuf
                        0x001550    0x19  Data  Gb  ApiPocCmd.o [1]
UnicodeGetPointArrayData32
                        0x015860    0x48  Code  Gb  GT20L16P1Y_D.o [1]
UnicodeValueSearch      0x015fb7    0x26  Code  Gb  GT20L16P1Y_D.o [1]
UpDownSwitchingCount    0x00163f     0x1  Data  Gb  Delay.o [1]
UpDownSwitching_Flag    0x001614     0x1  Data  Gb  ApiKeyboard.o [1]
VOICE_1sProcess         0x016446     0xf  Code  Gb  Voice.o [1]
VOICE_Renew             0x014ac0    0x71  Code  Gb  Voice.o [1]
VOICE_SetOutput         0x015c4a    0x31  Code  Gb  Voice.o [1]
ValueSearch             0x015176    0x5c  Code  Gb  GT20L16P1Y_D.o [1]
VerifyData              0x008080  0x1b00  Data  Gb  GT20L16P1Y_D.o [1]
VoiceAllOnlineMemberNum
                        0x015e9d    0x2a  Code  Gb  ApiPocCmd.o [1]
VoiceDrvObj             0x0015d3     0x6  Data  Lc  Voice.o [1]
VoiceType_FreehandOrHandset_Flag
                        0x001607     0x1  Data  Gb  ApiKeyboard.o [1]
WRITE_TABLE             0x00ace9     0x4  Data  Lc  uart3.o [1]
WW_GetData              0x00e361   0x2cd  Code  Gb  GT20L16P1Y.o [3]
WriteEEPROMByte         0x0159b7    0x3e  Code  Gb  Flash_eeprom.o [1]
WriteFreqTimeCount      0x001634     0x1  Data  Gb  Delay.o [1]
WriteFreq_Flag          0x001661     0x1  Data  Gb  uart3.o [1]
__DebugBreak            0x01661c     0x1  Code  Gb  __dbg_break.o [4]
__exit                  0x016365    0x16  Code  Gb  __dbg_xxexit.o [4]
__iar_copy_init2        0x015f41          Code  Gb  init_small.o [5]
__iar_data_init2        0x0161e7    0x1e  Code  Gb  init.o [5]
__iar_program_start     0x016321          Code  Gb  cstartup.o [5]
__iar_unhandled_exception
                        0x016603          Code  Gb  unhandled_exception.o [5]
__iar_zero_init2        0x016205          Code  Gb  init_small.o [5]
__intvec                0x008000          Data  Gb  interrupt.o [5]
__low_level_init        0x016600     0x3  Code  Gb  low_level_init.o [5]
_exit                   0x016582          Code  Gb  cexit.o [5]
_interrupt_1            0x016607          Code  Gb  stm8s_it.o [1]
_interrupt_12           0x016610          Code  Gb  stm8s_it.o [1]
_interrupt_13           0x016611          Code  Gb  stm8s_it.o [1]
_interrupt_14           0x016612          Code  Gb  stm8s_it.o [1]
_interrupt_15           0x016613          Code  Gb  stm8s_it.o [1]
_interrupt_16           0x016614          Code  Gb  stm8s_it.o [1]
_interrupt_17           0x016167          Code  Gb  stm8s_it.o [1]
_interrupt_18           0x016615          Code  Gb  stm8s_it.o [1]
_interrupt_19           0x016616          Code  Gb  stm8s_it.o [1]
_interrupt_2            0x016608          Code  Gb  stm8s_it.o [1]
_interrupt_20           0x015fdd          Code  Gb  stm8s_it.o [1]
_interrupt_21           0x016617          Code  Gb  stm8s_it.o [1]
_interrupt_22           0x016618          Code  Gb  stm8s_it.o [1]
_interrupt_23           0x01625b          Code  Gb  stm8s_it.o [1]
_interrupt_24           0x016619          Code  Gb  stm8s_it.o [1]
_interrupt_25           0x01661a          Code  Gb  stm8s_it.o [1]
_interrupt_26           0x01661b          Code  Gb  stm8s_it.o [1]
_interrupt_3            0x016609          Code  Gb  stm8s_it.o [1]
_interrupt_4            0x01660a          Code  Gb  stm8s_it.o [1]
_interrupt_5            0x01660b          Code  Gb  stm8s_it.o [1]
_interrupt_6            0x01660c          Code  Gb  stm8s_it.o [1]
_interrupt_7            0x01660d          Code  Gb  stm8s_it.o [1]
_interrupt_8            0x01660e          Code  Gb  stm8s_it.o [1]
_interrupt_9            0x01660f          Code  Gb  stm8s_it.o [1]
api_diap_ico_pos_get    0x014f39    0x61  Code  Gb  ApiDisplay.o [1]
api_disp_all_screen_refresh
                        0x0154d6    0x4f  Code  Gb  ApiDisplay.o [1]
api_disp_char_output    0x0162f3    0x17  Code  Gb  ApiDisplay.o [1]
api_disp_char_output2   0x01630a    0x17  Code  Gb  ApiDisplay.o [1]
api_disp_ico_output     0x013dad    0xb0  Code  Gb  ApiDisplay.o [1]
api_disp_icoid_output   0x014233    0x97  Code  Gb  ApiDisplay.o [1]
api_lcd_pwr_on_hint     0x015d09    0x2e  Code  Gb  ApiDisplay.o [1]
api_lcd_pwr_on_hint2    0x015cab    0x2f  Code  Gb  ApiDisplay.o [1]
api_lcd_pwr_on_hint3    0x015dc1    0x2d  Code  Gb  ApiDisplay.o [1]
api_lcd_pwr_on_hint4    0x015d37    0x2e  Code  Gb  ApiDisplay.o [1]
api_lcd_pwr_on_hint5    0x015d65    0x2e  Code  Gb  ApiDisplay.o [1]
api_poc_command_get     0x013f0c    0xad  Code  Lc  uart3.o [1]
api_poc_command_set     0x013773    0xdf  Code  Lc  uart3.o [1]
drv_gt20_data_output    0x012d36   0x134  Code  Gb  DrvGT20L16S1Y.o [1]
drv_gt20_data_output2   0x012ac7   0x13b  Code  Gb  DrvGT20L16S1Y.o [1]
drv_gt20_pwr_on_init    0x015ad7     0x4  Code  Gb  DrvGT20L16S1Y.o [1]
drv_htg_clr_allscr      0x00ef20    0x35  Code  Gb  DrvHTG12832.o [1]
drv_htg_pwr_on_init     0x00f02d     0xc  Code  Gb  DrvHTG12832.o [1]
drv_htg_reset           0x00ede7     0x5  Code  Gb  DrvHTG12832.o [1]
drv_htg_set_address     0x00ee66    0x40  Code  Gb  DrvHTG12832.o [1]
drv_htg_write_command   0x00edec    0x7a  Code  Gb  DrvHTG12832.o [1]
drv_htg_write_data      0x00eea6    0x7a  Code  Gb  DrvHTG12832.o [1]
drv_keypad_scan         0x010d5b   0x211  Code  Gb  DrvKeyboard.o [1]
exit                    0x0165fc     0x4  Code  Gb  exit.o [5]
find_zf_tab             0x0158a8    0x47  Code  Gb  GT20L16P1Y.o [3]
get_key_value           0x01368e    0xe5  Code  Gb  ApiKeyboard.o [1]
htg_delay_ms            0x00ef55    0x1e  Code  Lc  DrvHTG12832.o [1]
htg_initial             0x00ef73    0x6c  Code  Lc  DrvHTG12832.o [1]
key_scan_board          0x01284d   0x13f  Code  Gb  DrvKeyboard.o [1]
main                    0x015c19    0x31  Code  Gb  main.o [1]
main_app                0x015611    0x4e  Code  Gb  System.o [1]
main_init               0x0131ca   0x103  Code  Gb  System.o [1]
mcu_gt20_initial        0x015aa3    0x34  Code  Lc  DrvGT20L16S1Y.o [1]
mcu_key_pad_out         0x014360    0x96  Code  Gb  DrvKeyboard.o [1]
mcu_key_pad_read        0x014a4e    0x72  Code  Gb  DrvKeyboard.o [1]
mcu_key_pad_set         0x012705   0x148  Code  Gb  DrvKeyboard.o [1]
mcu_lcd_initial         0x00efdf    0x4e  Code  Lc  DrvHTG12832.o [1]
memcmp                  0x015b7d    0x36  Code  Gb  memcmp.o [5]
memcpy                  0x016029    0x26  Code  Gb  memcpy.o [5]
memset                  0x016338    0x17  Code  Gb  memset.o [5]
pack_data               0x012198   0x165  Code  Lc  ApiGpsCmd.o [1]
r_dat_bat               0x014d47    0x64  Code  Gb  ApiDisplay.o [1]
strlen                  0x016424    0x12  Code  Gb  strlen.o [5]
ucAtPocHead             0x00004d     0x2  Data  Gb  ApiPocCmd.o [1]
ucCDMATIME              0x000022     0x2  Data  Gb  ApiAtCmd.o [1]
ucCLVL                  0x000064     0x2  Data  Gb  Task.o [1]
ucCODECCTL              0x000068     0x2  Data  Gb  Task.o [1]
ucCSQ                   0x000070     0x2  Data  Gb  Task.o [1]
ucCaretPPPCFG           0x00002c     0x2  Data  Gb  ApiAtCmd.o [1]
ucCheckCard             0x000040     0x2  Data  Gb  ApiAtCmd.o [1]
ucCheckPPP              0x00003a     0x2  Data  Gb  ApiAtCmd.o [1]
ucCheckRssi             0x000018     0x2  Data  Gb  ApiAtCmd.o [1]
ucCheckTcp              0x000030     0x2  Data  Gb  ApiAtCmd.o [1]
ucEndPTT                0x000062     0x2  Data  Gb  Task.o [1]
ucGD83Reset             0x000010     0x2  Data  Gb  ApiAtCmd.o [1]
ucGPSCNO                0x000026     0x2  Data  Gb  ApiAtCmd.o [1]
ucGPSINFO               0x000024     0x2  Data  Gb  ApiAtCmd.o [1]
ucGPSUploadTime_5s      0x000051     0x2  Data  Gb  Delay.o [1]
ucGpsPosition           0x000020     0x2  Data  Gb  ApiAtCmd.o [1]
ucHDRCSQ                0x00001a     0x2  Data  Gb  ApiAtCmd.o [1]
ucOSSYSHWID             0x00006a     0x2  Data  Gb  Task.o [1]
ucPPPCFG                0x000072     0x2  Data  Gb  Task.o [1]
ucPlayZtts              0x00002e     0x2  Data  Gb  ApiAtCmd.o [1]
ucPocOpenConfig         0x000076     0x2  Data  Gb  Task.o [1]
ucPrefmode2             0x00006c     0x2  Data  Gb  Task.o [1]
ucPrefmode4             0x00006e     0x2  Data  Gb  Task.o [1]
ucQuitPersonalCalling   0x000047     0x2  Data  Gb  ApiKeyboard.o [1]
ucRequestUserListInfo   0x000053     0x2  Data  Gb  Delay.o [1]
ucRxCSQ                 0x00001c     0x2  Data  Gb  ApiAtCmd.o [1]
ucRxCheckPppClose       0x00003e     0x2  Data  Gb  ApiAtCmd.o [1]
ucRxCheckPppOpen        0x00003c     0x2  Data  Gb  ApiAtCmd.o [1]
ucRxCheckTcp            0x000036     0x2  Data  Gb  ApiAtCmd.o [1]
ucRxHDRCSQ              0x00001e     0x2  Data  Gb  ApiAtCmd.o [1]
ucRxOkHeadInfo          0x000059     0x2  Data  Gb  DrvGD83.o [1]
ucRxPASTATE0            0x000014     0x2  Data  Gb  ApiAtCmd.o [1]
ucRxPASTATE1            0x000012     0x2  Data  Gb  ApiAtCmd.o [1]
ucRxPocHeadInfo         0x000057     0x2  Data  Gb  DrvGD83.o [1]
ucRxTcpDataHeadInfo     0x00005b     0x2  Data  Gb  DrvGD83.o [1]
ucRxZTTS0               0x000016     0x2  Data  Gb  ApiAtCmd.o [1]
ucSIMST1                0x000028     0x2  Data  Gb  ApiAtCmd.o [1]
ucSIMST255              0x00002a     0x2  Data  Gb  ApiAtCmd.o [1]
ucSendTcp               0x000034     0x2  Data  Gb  ApiAtCmd.o [1]
ucSetIPAndID            0x00004f     0x2  Data  Gb  ApiPocCmd.o [1]
ucSetIp                 0x000032     0x2  Data  Gb  ApiAtCmd.o [1]
ucStartPTT              0x000060     0x2  Data  Gb  Task.o [1]
ucTxPocHeadInfo         0x000055     0x2  Data  Gb  DrvGD83.o [1]
ucVGR                   0x000066     0x2  Data  Gb  Task.o [1]
ucVGR1                  0x000043     0x2  Data  Gb  ApiKeyboard.o [1]
ucVGR7                  0x000045     0x2  Data  Gb  ApiKeyboard.o [1]
ucZTTS_Abell            0x000074     0x2  Data  Gb  Task.o [1]
ucZpppOpen              0x000038     0x2  Data  Gb  ApiAtCmd.o [1]


[1] = E:\1-source\A508\PRJ\Debug\Obj
[2] = command line
[3] = GT20L16_STM8_DOUBLE_MEDIUM_IAR.a
[4] = dbgstm8mmd.a
[5] = dlstm8mmn.a

  43 360 bytes of readonly  code memory
  11 510 bytes of readonly  data memory
   5 986 bytes of readwrite data memory

Errors: none
Warnings: none
