###############################################################################
#
# IAR ELF Linker V2.20.1.176 for STM8                     08/Feb/2018  18:45:03
# Copyright 2010-2015 IAR Systems AB.
#
#    Output file  =  E:\1-source\A508\PRJ\Debug\Exe\A508_DEMO1.out
#    Map file     =  E:\1-source\A508\PRJ\Debug\List\A508_DEMO1.map
#    Command line =  
#        E:\1-source\A508\PRJ\Debug\Obj\ADC.o
#        E:\1-source\A508\PRJ\Debug\Obj\ApiAtCmd.o
#        E:\1-source\A508\PRJ\Debug\Obj\ApiBeidou.o
#        E:\1-source\A508\PRJ\Debug\Obj\ApiDisplay.o
#        E:\1-source\A508\PRJ\Debug\Obj\ApiGpsCmd.o
#        E:\1-source\A508\PRJ\Debug\Obj\ApiKeyboard.o
#        E:\1-source\A508\PRJ\Debug\Obj\ApiLED.o
#        E:\1-source\A508\PRJ\Debug\Obj\ApiMenu.o
#        E:\1-source\A508\PRJ\Debug\Obj\ApiPocCmd.o
#        E:\1-source\A508\PRJ\Debug\Obj\Beep.o
#        E:\1-source\A508\PRJ\Debug\Obj\CommonLib.o
#        E:\1-source\A508\PRJ\Debug\Obj\Config.o
#        E:\1-source\A508\PRJ\Debug\Obj\Delay.o
#        E:\1-source\A508\PRJ\Debug\Obj\DrvGD83.o
#        E:\1-source\A508\PRJ\Debug\Obj\DrvGT20L16S1Y.o
#        E:\1-source\A508\PRJ\Debug\Obj\DrvHTG12832.o
#        E:\1-source\A508\PRJ\Debug\Obj\DrvKeyboard.o
#        E:\1-source\A508\PRJ\Debug\Obj\Flash_eeprom.o
#        E:\1-source\A508\SRC\Syetem\GT20L16_STM8_DOUBLE_MEDIUM_IAR.a
#        E:\1-source\A508\PRJ\Debug\Obj\GT20L16P1Y_D.o
#        E:\1-source\A508\PRJ\Debug\Obj\main.o
#        E:\1-source\A508\PRJ\Debug\Obj\McuConfig.o
#        E:\1-source\A508\PRJ\Debug\Obj\stm8s_adc2.o
#        E:\1-source\A508\PRJ\Debug\Obj\stm8s_awu.o
#        E:\1-source\A508\PRJ\Debug\Obj\stm8s_beep.o
#        E:\1-source\A508\PRJ\Debug\Obj\stm8s_clk.o
#        E:\1-source\A508\PRJ\Debug\Obj\stm8s_exti.o
#        E:\1-source\A508\PRJ\Debug\Obj\stm8s_flash.o
#        E:\1-source\A508\PRJ\Debug\Obj\stm8s_gpio.o
#        E:\1-source\A508\PRJ\Debug\Obj\stm8s_i2c.o
#        E:\1-source\A508\PRJ\Debug\Obj\stm8s_it.o
#        E:\1-source\A508\PRJ\Debug\Obj\stm8s_itc.o
#        E:\1-source\A508\PRJ\Debug\Obj\stm8s_iwdg.o
#        E:\1-source\A508\PRJ\Debug\Obj\stm8s_rst.o
#        E:\1-source\A508\PRJ\Debug\Obj\stm8s_spi.o
#        E:\1-source\A508\PRJ\Debug\Obj\stm8s_tim1.o
#        E:\1-source\A508\PRJ\Debug\Obj\stm8s_tim2.o
#        E:\1-source\A508\PRJ\Debug\Obj\stm8s_tim3.o
#        E:\1-source\A508\PRJ\Debug\Obj\stm8s_tim4.o
#        E:\1-source\A508\PRJ\Debug\Obj\stm8s_uart1.o
#        E:\1-source\A508\PRJ\Debug\Obj\stm8s_uart3.o
#        E:\1-source\A508\PRJ\Debug\Obj\stm8s_wwdg.o
#        E:\1-source\A508\PRJ\Debug\Obj\sysclock.o
#        E:\1-source\A508\PRJ\Debug\Obj\System.o
#        E:\1-source\A508\PRJ\Debug\Obj\Task.o
#        E:\1-source\A508\PRJ\Debug\Obj\Tone.o
#        E:\1-source\A508\PRJ\Debug\Obj\uart3.o
#        E:\1-source\A508\PRJ\Debug\Obj\Voice.o --redirect _Printf=_PrintfSmall
#        --redirect _Scanf=_ScanfSmall -o
#        E:\1-source\A508\PRJ\Debug\Exe\A508_DEMO1.out --map
#        E:\1-source\A508\PRJ\Debug\List\A508_DEMO1.map --config "C:\Program
#        Files\IAR Systems\Embedded Workbench
#        7.3\stm8\config\lnkstm8s007c8.icf" --config_def _CSTACK_SIZE=0x100
#        --config_def _HEAP_SIZE=0x00 --entry __iar_program_start --debug_lib
#
###############################################################################

*******************************************************************************
*** RUNTIME MODEL ATTRIBUTES
***

__SystemLibrary            = DLib
__code_model               = medium_or_large
__core                     = stm8
__data_model               = medium
__dlib_file_descriptor     = 0
__dlib_full_locale_support = 0
__rt_version               = 4


*******************************************************************************
*** PLACEMENT SUMMARY
***

"A1":  place at start of [0x000000-0x0000ff] { rw section .vregs };
"A2":  place at end of [0x000000-0x0017ff] { block CSTACK };
"P2":  place in [from 0x000000 to 0x0017ff] {
          block HEAP, rw section __DLIB_PERTHREAD, rw section .far.bss,
          rw section .far.data, rw section .far.noinit,
          rw section .far_func.textrw, rw section .huge.bss,
          rw section .huge.data, rw section .huge.noinit,
          rw section .huge_func.textrw, rw section .iar.dynexit,
          rw section .near.bss, rw section .near.data, rw section .near.noinit,
          rw section .near_func.textrw };
"A3":  place at start of [0x008000-0x00ffff] { block INTVEC };
"P3":  place in [from 0x008000 to 0x00ffff] {
          ro section __DLIB_PERTHREAD_init, ro section .far.data_init,
          ro section .far_func.textrw_init, ro section .huge.data_init,
          ro section .huge_func.textrw_init, ro section .iar.init_table,
          ro section .init_array, ro section .near.data_init,
          ro section .near.rodata, ro section .near_func.text,
          ro section .near_func.textrw_init, ro section .tiny.data_init,
          ro section .tiny.rodata_init };
"P4":  place in [from 0x008000 to 0x00ffff repeat 2] {
          ro section .far.rodata, ro section .far_func.text };

  Section            Kind      Address    Size  Object
  -------            ----      -------    ----  ------
"A1":                                     0x10
  .vregs             uninit   0x000000    0x10  vregs.o [5]
                            - 0x000010    0x10

"P2", part 1 of 4:                       0xbf7
  .near.bss          zero     0x000010   0xbf7  ApiPocCmd.o [1]
                            - 0x000c07   0xbf7

"P2", part 2 of 4:                       0x3a6
  .near.bss          zero     0x000c07   0x3a6  DrvGD83.o [1]
                            - 0x000fad   0x3a6

"P2", part 3 of 4:                       0x6df
  .near.bss          zero     0x000fad   0x224  ApiGpsCmd.o [1]
  .near.bss          zero     0x0011d1   0x200  ApiDisplay.o [1]
  .near.bss          zero     0x0013d1    0x82  ApiAtCmd.o [1]
  .near.bss          zero     0x001453    0x50  ApiPocCmd.o [1]
  .near.bss          zero     0x0014a3    0x4b  ApiBeidou.o [1]
  .near.bss          zero     0x0014ee    0x44  uart3.o [1]
  .near.bss          zero     0x001532    0x40  ApiDisplay.o [1]
  .near.bss          zero     0x001572    0x2d  ApiPocCmd.o [1]
  .near.bss          zero     0x00159f    0x16  ApiPocCmd.o [1]
  .near.bss          zero     0x0015b5    0x14  System.o [1]
  .near.bss          zero     0x0015c9    0x12  Beep.o [1]
  .near.bss          zero     0x0015db    0x12  Tone.o [1]
  .near.bss          zero     0x0015ed     0xf  ApiPocCmd.o [1]
  .near.bss          zero     0x0015fc     0xf  ApiPocCmd.o [1]
  .near.bss          zero     0x00160b     0xf  ApiPocCmd.o [1]
  .near.bss          zero     0x00161a     0xb  ApiPocCmd.o [1]
  .near.bss          zero     0x001625     0xb  Delay.o [1]
  .near.bss          zero     0x001630     0x6  ApiBeidou.o [1]
  .near.bss          zero     0x001636     0x6  Voice.o [1]
  .near.bss          zero     0x00163c     0x4  uart3.o [1]
  .near.bss          zero     0x001640     0x2  ApiDisplay.o [1]
  .near.bss          zero     0x001642     0x2  DrvHTG12832.o [1]
  .near.bss          zero     0x001644     0x1  ADC.o [1]
  .near.bss          zero     0x001645     0x1  ADC.o [1]
  .near.bss          zero     0x001646     0x1  ADC.o [1]
  .near.bss          zero     0x001647     0x1  ApiAtCmd.o [1]
  .near.bss          zero     0x001648     0x1  ApiAtCmd.o [1]
  .near.bss          zero     0x001649     0x1  ApiAtCmd.o [1]
  .near.bss          zero     0x00164a     0x1  ApiAtCmd.o [1]
  .near.bss          zero     0x00164b     0x1  ApiAtCmd.o [1]
  .near.bss          zero     0x00164c     0x1  ApiAtCmd.o [1]
  .near.bss          zero     0x00164d     0x1  ApiAtCmd.o [1]
  .near.bss          zero     0x00164e     0x1  ApiAtCmd.o [1]
  .near.bss          zero     0x00164f     0x1  ApiAtCmd.o [1]
  .near.bss          zero     0x001650     0x1  ApiAtCmd.o [1]
  .near.bss          zero     0x001651     0x1  ApiBeidou.o [1]
  .near.bss          zero     0x001652     0x1  ApiGpsCmd.o [1]
  .near.bss          zero     0x001653     0x1  ApiKeyboard.o [1]
  .near.bss          zero     0x001654     0x1  ApiKeyboard.o [1]
  .near.bss          zero     0x001655     0x1  ApiKeyboard.o [1]
  .near.bss          zero     0x001656     0x1  ApiKeyboard.o [1]
  .near.bss          zero     0x001657     0x1  ApiKeyboard.o [1]
  .near.bss          zero     0x001658     0x1  ApiKeyboard.o [1]
  .near.bss          zero     0x001659     0x1  ApiKeyboard.o [1]
  .near.bss          zero     0x00165a     0x1  ApiKeyboard.o [1]
  .near.bss          zero     0x00165b     0x1  ApiKeyboard.o [1]
  .near.bss          zero     0x00165c     0x1  ApiKeyboard.o [1]
  .near.bss          zero     0x00165d     0x1  ApiKeyboard.o [1]
  .near.bss          zero     0x00165e     0x1  ApiKeyboard.o [1]
  .near.bss          zero     0x00165f     0x1  ApiKeyboard.o [1]
  .near.bss          zero     0x001660     0x1  ApiKeyboard.o [1]
  .near.bss          zero     0x001661     0x1  ApiKeyboard.o [1]
  .near.bss          zero     0x001662     0x1  ApiKeyboard.o [1]
  .near.bss          zero     0x001663     0x1  ApiKeyboard.o [1]
  .near.bss          zero     0x001664     0x1  ApiKeyboard.o [1]
  .near.bss          zero     0x001665     0x1  ApiKeyboard.o [1]
  .near.bss          zero     0x001666     0x1  ApiKeyboard.o [1]
  .near.bss          zero     0x001667     0x1  ApiLED.o [1]
  .near.bss          zero     0x001668     0x1  ApiMenu.o [1]
  .near.bss          zero     0x001669     0x1  ApiMenu.o [1]
  .near.bss          zero     0x00166a     0x1  ApiMenu.o [1]
  .near.bss          zero     0x00166b     0x1  ApiPocCmd.o [1]
  .near.bss          zero     0x00166c     0x1  ApiPocCmd.o [1]
  .near.bss          zero     0x00166d     0x1  ApiPocCmd.o [1]
  .near.bss          zero     0x00166e     0x1  ApiPocCmd.o [1]
  .near.bss          zero     0x00166f     0x1  ApiPocCmd.o [1]
  .near.bss          zero     0x001670     0x1  ApiPocCmd.o [1]
  .near.bss          zero     0x001671     0x1  ApiPocCmd.o [1]
  .near.bss          zero     0x001672     0x1  ApiPocCmd.o [1]
  .near.bss          zero     0x001673     0x1  ApiPocCmd.o [1]
  .near.bss          zero     0x001674     0x1  ApiPocCmd.o [1]
  .near.bss          zero     0x001675     0x1  ApiPocCmd.o [1]
  .near.bss          zero     0x001676     0x1  ApiPocCmd.o [1]
  .near.bss          zero     0x001677     0x1  ApiPocCmd.o [1]
  .near.bss          zero     0x001678     0x1  ApiPocCmd.o [1]
  .near.bss          zero     0x001679     0x1  Delay.o [1]
  .near.bss          zero     0x00167a     0x1  Delay.o [1]
  .near.bss          zero     0x00167b     0x1  Delay.o [1]
  .near.bss          zero     0x00167c     0x1  Delay.o [1]
  .near.bss          zero     0x00167d     0x1  Delay.o [1]
  .near.bss          zero     0x00167e     0x1  Delay.o [1]
  .near.bss          zero     0x00167f     0x1  Delay.o [1]
  .near.bss          zero     0x001680     0x1  Delay.o [1]
  .near.bss          zero     0x001681     0x1  Delay.o [1]
  .near.bss          zero     0x001682     0x1  Delay.o [1]
  .near.bss          zero     0x001683     0x1  Delay.o [1]
  .near.bss          zero     0x001684     0x1  DrvGD83.o [1]
  .near.bss          zero     0x001685     0x1  Task.o [1]
  .near.bss          zero     0x001686     0x1  Task.o [1]
  .near.bss          zero     0x001687     0x1  Task.o [1]
  .near.bss          zero     0x001688     0x1  Task.o [1]
  .near.bss          zero     0x001689     0x1  Task.o [1]
  .near.bss          zero     0x00168a     0x1  Task.o [1]
  .near.bss          zero     0x00168b     0x1  Task.o [1]
                            - 0x00168c   0x6df

"P2", part 4 of 4:                        0x66
  P2-1                        0x00168c    0x66  <Init block>
    .near.data       inited   0x00168c     0x1  ApiAtCmd.o [1]
    .near.data       inited   0x00168d     0x2  ApiAtCmd.o [1]
    .near.data       inited   0x00168f     0x2  ApiAtCmd.o [1]
    .near.data       inited   0x001691     0x2  ApiAtCmd.o [1]
    .near.data       inited   0x001693     0x2  ApiAtCmd.o [1]
    .near.data       inited   0x001695     0x2  ApiAtCmd.o [1]
    .near.data       inited   0x001697     0x2  ApiAtCmd.o [1]
    .near.data       inited   0x001699     0x2  ApiAtCmd.o [1]
    .near.data       inited   0x00169b     0x2  ApiAtCmd.o [1]
    .near.data       inited   0x00169d     0x2  ApiAtCmd.o [1]
    .near.data       inited   0x00169f     0x2  ApiAtCmd.o [1]
    .near.data       inited   0x0016a1     0x2  ApiAtCmd.o [1]
    .near.data       inited   0x0016a3     0x2  ApiAtCmd.o [1]
    .near.data       inited   0x0016a5     0x2  ApiAtCmd.o [1]
    .near.data       inited   0x0016a7     0x2  ApiAtCmd.o [1]
    .near.data       inited   0x0016a9     0x2  ApiAtCmd.o [1]
    .near.data       inited   0x0016ab     0x2  ApiAtCmd.o [1]
    .near.data       inited   0x0016ad     0x2  ApiAtCmd.o [1]
    .near.data       inited   0x0016af     0x2  ApiAtCmd.o [1]
    .near.data       inited   0x0016b1     0x2  ApiAtCmd.o [1]
    .near.data       inited   0x0016b3     0x2  ApiAtCmd.o [1]
    .near.data       inited   0x0016b5     0x2  ApiAtCmd.o [1]
    .near.data       inited   0x0016b7     0x2  ApiAtCmd.o [1]
    .near.data       inited   0x0016b9     0x1  ApiKeyboard.o [1]
    .near.data       inited   0x0016ba     0x2  ApiKeyboard.o [1]
    .near.data       inited   0x0016bc     0x2  ApiKeyboard.o [1]
    .near.data       inited   0x0016be     0x2  ApiKeyboard.o [1]
    .near.data       inited   0x0016c0     0x1  ApiKeyboard.o [1]
    .near.data       inited   0x0016c1     0x1  ApiKeyboard.o [1]
    .near.data       inited   0x0016c2     0x1  ApiKeyboard.o [1]
    .near.data       inited   0x0016c3     0x1  ApiKeyboard.o [1]
    .near.data       inited   0x0016c4     0x2  ApiPocCmd.o [1]
    .near.data       inited   0x0016c6     0x2  ApiPocCmd.o [1]
    .near.data       inited   0x0016c8     0x2  Delay.o [1]
    .near.data       inited   0x0016ca     0x2  Delay.o [1]
    .near.data       inited   0x0016cc     0x1  Delay.o [1]
    .near.data       inited   0x0016cd     0x1  Delay.o [1]
    .near.data       inited   0x0016ce     0x2  DrvGD83.o [1]
    .near.data       inited   0x0016d0     0x2  DrvGD83.o [1]
    .near.data       inited   0x0016d2     0x2  DrvGD83.o [1]
    .near.data       inited   0x0016d4     0x2  DrvGD83.o [1]
    .near.data       inited   0x0016d6     0x1  Task.o [1]
    .near.data       inited   0x0016d7     0x1  Task.o [1]
    .near.data       inited   0x0016d8     0x2  Task.o [1]
    .near.data       inited   0x0016da     0x2  Task.o [1]
    .near.data       inited   0x0016dc     0x2  Task.o [1]
    .near.data       inited   0x0016de     0x2  Task.o [1]
    .near.data       inited   0x0016e0     0x2  Task.o [1]
    .near.data       inited   0x0016e2     0x2  Task.o [1]
    .near.data       inited   0x0016e4     0x2  Task.o [1]
    .near.data       inited   0x0016e6     0x2  Task.o [1]
    .near.data       inited   0x0016e8     0x2  Task.o [1]
    .near.data       inited   0x0016ea     0x2  Task.o [1]
    .near.data       inited   0x0016ec     0x2  Task.o [1]
    .near.data       inited   0x0016ee     0x2  Task.o [1]
    .near.data       inited   0x0016f0     0x2  Task.o [1]
                            - 0x0016f2    0x66

"A2":                                    0x100
  CSTACK                      0x001700   0x100  <Block>
    CSTACK           uninit   0x001700   0x100  <Block tail>
                            - 0x001800   0x100

"A3":                                     0x80
  INTVEC                      0x008000    0x80  <Block>
    .intvec          const    0x008000    0x80  interrupt.o [5]
                            - 0x008080    0x80

"P3":                                   0x2ac6
  .near.rodata       const    0x008080  0x1b00  GT20L16P1Y_D.o [1]
  .near.rodata       const    0x009b80   0x400  ApiDisplay.o [1]
  .near.rodata       const    0x009f80   0x1b0  GT20L16P1Y_D.o [1]
  .near.rodata       const    0x00a130   0x1b0  GT20L16P1Y_D.o [1]
  Initializer bytes  const    0x00a2e0    0x66  <for P2-1>
  .near_func.text    const    0x00a346    0x40  ApiDisplay.o [1]
  .near.rodata       const    0x00a386    0x3e  GT20L16P1Y.o [3]
  .near.rodata       const    0x00a3c4    0x31  Task.o [1]
  .near.rodata       const    0x00a3f5    0x2a  Task.o [1]
  .near.rodata       const    0x00a41f    0x25  Task.o [1]
  .near.rodata       const    0x00a444    0x25  Task.o [1]
  .near.rodata       const    0x00a469    0x25  Task.o [1]
  .iar.init_table    const    0x00a48e    0x1c  - Linker created -
  .near.rodata       const    0x00a4aa    0x1d  ADC.o [1]
  .near.rodata       const    0x00a4c7    0x1d  ADC.o [1]
  .near.rodata       const    0x00a4e4    0x1d  ADC.o [1]
  .near.rodata       const    0x00a501    0x1d  ADC.o [1]
  .near.rodata       const    0x00a51e    0x1d  Task.o [1]
  .near.rodata       const    0x00a53b    0x19  ADC.o [1]
  .near.rodata       const    0x00a554    0x18  Task.o [1]
  .near.rodata       const    0x00a56c    0x15  ADC.o [1]
  .near.rodata       const    0x00a581    0x15  ApiAtCmd.o [1]
  .near.rodata       const    0x00a596    0x13  Task.o [1]
  .near.rodata       const    0x00a5a9    0x13  Task.o [1]
  .near.rodata       const    0x00a5bc    0x12  Task.o [1]
  .near.rodata       const    0x00a5ce    0x11  ApiAtCmd.o [1]
  .near.rodata       const    0x00a5df    0x11  ApiAtCmd.o [1]
  .near.rodata       const    0x00a5f0    0x11  ApiAtCmd.o [1]
  .near.rodata       const    0x00a601    0x11  ApiKeyboard.o [1]
  .near.rodata       const    0x00a612    0x11  ApiKeyboard.o [1]
  .near.rodata       const    0x00a623    0x11  ApiKeyboard.o [1]
  .near.rodata       const    0x00a634    0x11  ApiKeyboard.o [1]
  .near.rodata       const    0x00a645    0x11  ApiKeyboard.o [1]
  .near.rodata       const    0x00a656    0x11  ApiKeyboard.o [1]
  .near.rodata       const    0x00a667    0x11  ApiMenu.o [1]
  .near.rodata       const    0x00a678    0x11  ApiMenu.o [1]
  .near.rodata       const    0x00a689    0x11  ApiMenu.o [1]
  .near.rodata       const    0x00a69a    0x11  ApiMenu.o [1]
  .near.rodata       const    0x00a6ab    0x11  ApiMenu.o [1]
  .near.rodata       const    0x00a6bc    0x11  ApiMenu.o [1]
  .near.rodata       const    0x00a6cd    0x11  ApiMenu.o [1]
  .near.rodata       const    0x00a6de    0x11  ApiMenu.o [1]
  .near.rodata       const    0x00a6ef    0x11  ApiMenu.o [1]
  .near.rodata       const    0x00a700    0x11  ApiMenu.o [1]
  .near.rodata       const    0x00a711    0x11  ApiMenu.o [1]
  .near.rodata       const    0x00a722    0x11  ApiMenu.o [1]
  .near.rodata       const    0x00a733    0x11  ApiMenu.o [1]
  .near.rodata       const    0x00a744    0x11  ApiMenu.o [1]
  .near.rodata       const    0x00a755    0x11  ApiMenu.o [1]
  .near.rodata       const    0x00a766    0x11  ApiMenu.o [1]
  .near.rodata       const    0x00a777    0x11  ApiMenu.o [1]
  .near.rodata       const    0x00a788    0x11  ApiMenu.o [1]
  .near.rodata       const    0x00a799    0x11  ApiMenu.o [1]
  .near.rodata       const    0x00a7aa    0x11  ApiMenu.o [1]
  .near.rodata       const    0x00a7bb    0x11  ApiMenu.o [1]
  .near.rodata       const    0x00a7cc    0x11  ApiMenu.o [1]
  .near.rodata       const    0x00a7dd    0x11  ApiMenu.o [1]
  .near.rodata       const    0x00a7ee    0x11  ApiMenu.o [1]
  .near.rodata       const    0x00a7ff    0x11  ApiMenu.o [1]
  .near.rodata       const    0x00a810    0x11  CommonLib.o [1]
  .near.rodata       const    0x00a821    0x11  Delay.o [1]
  .near.rodata       const    0x00a832    0x11  System.o [1]
  .near.rodata       const    0x00a843    0x11  Task.o [1]
  .near.rodata       const    0x00a854    0x11  Task.o [1]
  .near.rodata       const    0x00a865    0x11  Task.o [1]
  .near.rodata       const    0x00a876    0x11  Task.o [1]
  .near.rodata       const    0x00a887    0x11  Task.o [1]
  .near.rodata       const    0x00a898    0x11  Task.o [1]
  .near.rodata       const    0x00a8a9    0x11  Task.o [1]
  .near.rodata       const    0x00a8ba    0x11  Task.o [1]
  .near.rodata       const    0x00a8cb    0x11  Task.o [1]
  .near.rodata       const    0x00a8dc    0x11  Task.o [1]
  .near.rodata       const    0x00a8ed    0x10  ApiAtCmd.o [1]
  .near.rodata       const    0x00a8fd    0x10  ApiAtCmd.o [1]
  .near.rodata       const    0x00a90d    0x10  ApiDisplay.o [1]
  .near.rodata       const    0x00a91d    0x10  ApiDisplay.o [1]
  .near.rodata       const    0x00a92d    0x10  uart3.o [1]
  .near.rodata       const    0x00a93d     0xf  ApiAtCmd.o [1]
  .near.rodata       const    0x00a94c     0xf  ApiKeyboard.o [1]
  .near.rodata       const    0x00a95b     0xf  Delay.o [1]
  .near.rodata       const    0x00a96a     0xf  Task.o [1]
  .near.rodata       const    0x00a979     0xf  Task.o [1]
  .near.rodata       const    0x00a988     0xe  ApiAtCmd.o [1]
  .near.rodata       const    0x00a996     0xe  ApiAtCmd.o [1]
  .near.rodata       const    0x00a9a4     0xe  ApiAtCmd.o [1]
  .near.rodata       const    0x00a9b2     0xe  Delay.o [1]
  .near.rodata       const    0x00a9c0     0xe  Task.o [1]
  .near.rodata       const    0x00a9ce     0xe  Task.o [1]
  .near.rodata       const    0x00a9dc     0xd  ApiPocCmd.o [1]
  .near.rodata       const    0x00a9e9     0xd  ApiPocCmd.o [1]
  .near.rodata       const    0x00a9f6     0xd  Task.o [1]
  .near.rodata       const    0x00aa03     0xc  ApiAtCmd.o [1]
  .near.rodata       const    0x00aa0f     0xc  Delay.o [1]
  .near.rodata       const    0x00aa1b     0xb  ApiAtCmd.o [1]
  .near.rodata       const    0x00aa26     0xb  ApiAtCmd.o [1]
  .near.rodata       const    0x00aa31     0xb  Delay.o [1]
  .near.rodata       const    0x00aa3c     0xb  Task.o [1]
  .near.rodata       const    0x00aa47     0xa  ApiAtCmd.o [1]
  .near.rodata       const    0x00aa51     0xa  ApiAtCmd.o [1]
  .near.rodata       const    0x00aa5b     0xa  ApiAtCmd.o [1]
  .near.rodata       const    0x00aa65     0xa  Task.o [1]
  .near.rodata       const    0x00aa6f     0x9  ApiAtCmd.o [1]
  .near.rodata       const    0x00aa78     0x9  ApiAtCmd.o [1]
  .near.rodata       const    0x00aa81     0x9  ApiAtCmd.o [1]
  .near.rodata       const    0x00aa8a     0x9  ApiAtCmd.o [1]
  .near.rodata       const    0x00aa93     0x9  ApiKeyboard.o [1]
  .near.rodata       const    0x00aa9c     0x9  ApiKeyboard.o [1]
  .near.rodata       const    0x00aaa5     0x9  DrvGD83.o [1]
  .near.rodata       const    0x00aaae     0x9  Task.o [1]
  .near.rodata       const    0x00aab7     0x8  ApiAtCmd.o [1]
  .near.rodata       const    0x00aabf     0x8  ApiAtCmd.o [1]
  .near.rodata       const    0x00aac7     0x8  ApiDisplay.o [1]
  .near.rodata       const    0x00aacf     0x8  ApiPocCmd.o [1]
  .near.rodata       const    0x00aad7     0x8  Task.o [1]
  .near.rodata       const    0x00aadf     0x7  ApiAtCmd.o [1]
  .near.rodata       const    0x00aae6     0x7  ApiAtCmd.o [1]
  .near.rodata       const    0x00aaed     0x7  ApiPocCmd.o [1]
  .near.rodata       const    0x00aaf4     0x7  DrvGD83.o [1]
  .near.rodata       const    0x00aafb     0x7  Task.o [1]
  .near.rodata       const    0x00ab02     0x7  Task.o [1]
  .near.rodata       const    0x00ab09     0x6  DrvGD83.o [1]
  .near.rodata       const    0x00ab0f     0x6  System.o [1]
  .near.rodata       const    0x00ab15     0x4  ApiMenu.o [1]
  .near.rodata       const    0x00ab19     0x4  ApiMenu.o [1]
  .near.rodata       const    0x00ab1d     0x4  ApiMenu.o [1]
  .near.rodata       const    0x00ab21     0x4  ApiMenu.o [1]
  .near.rodata       const    0x00ab25     0x4  ApiMenu.o [1]
  .near.rodata       const    0x00ab29     0x4  ApiMenu.o [1]
  .near.rodata       const    0x00ab2d     0x4  ApiMenu.o [1]
  .near.rodata       const    0x00ab31     0x4  stm8s_clk.o [1]
  .near.rodata       const    0x00ab35     0x4  uart3.o [1]
  .near.rodata       const    0x00ab39     0x4  uart3.o [1]
  .near.rodata       const    0x00ab3d     0x3  DrvGD83.o [1]
  .near.rodata       const    0x00ab40     0x3  uart3.o [1]
  .near.rodata       const    0x00ab43     0x3  uart3.o [1]
                            - 0x00ab46  0x2ac6

"P4", part 1 of 2:                      0x4458
  .far_func.text     ro code  0x00ab46   0x823  DrvGD83.o [1]
  .far_func.text     ro code  0x00b369   0x7b4  ApiKeyboard.o [1]
  .far_func.text     ro code  0x00bb1d   0x51e  Task.o [1]
  .far_func.text     ro code  0x00c03b   0x4a6  ApiGpsCmd.o [1]
  .far_func.text     ro code  0x00c4e1   0x487  ApiPocCmd.o [1]
  .far_func.text     ro code  0x00c968   0x30f  Beep.o [1]
  .far_func.text     ro code  0x00cc77   0x301  ApiGpsCmd.o [1]
  .far_func.text     ro code  0x00cf78   0x2ce  Delay.o [1]
  .far_func.text     ro code  0x00d246   0x2cd  GT20L16P1Y.o [3]
  .far_func.text     ro code  0x00d513   0x2ab  ApiMenu.o [1]
  .far_func.text     ro code  0x00d7be   0x26d  ApiAtCmd.o [1]
  .far_func.text     ro code  0x00da2b   0x255  ApiGpsCmd.o [1]
  .far_func.text     ro code  0x00dc80   0x252  DrvHTG12832.o [1]
  .far_func.text     ro code  0x00ded2   0x251  GT20L16P1Y.o [3]
  .far_func.text     ro code  0x00e123   0x22c  Config.o [1]
  .far_func.text     ro code  0x00e34f   0x211  DrvKeyboard.o [1]
  .far_func.text     ro code  0x00e560   0x1e3  Task.o [1]
  .far_func.text     ro code  0x00e743   0x1d1  ApiGpsCmd.o [1]
  .far_func.text     ro code  0x00e914   0x1b4  ApiAtCmd.o [1]
  .far_func.text     ro code  0x00eac8   0x1b2  uart3.o [1]
  .far_func.text     ro code  0x00ec7a   0x19f  long.o [5]
  .far_func.text     ro code  0x00ee19   0x185  GT20L16P1Y.o [3]
                            - 0x00ef9e  0x4458

"P4", part 2 of 2:                      0x4c2b
  .far_func.text     ro code  0x010000   0x173  ApiMenu.o [1]
  .far_func.text     ro code  0x010173   0x173  ApiPocCmd.o [1]
  .far_func.text     ro code  0x0102e6   0x173  ApiPocCmd.o [1]
  .far_func.text     ro code  0x010459   0x16e  ApiPocCmd.o [1]
  .far_func.text     ro code  0x0105c7   0x165  ApiGpsCmd.o [1]
  .far_func.text     ro code  0x01072c   0x163  ApiPocCmd.o [1]
  .far_func.text     ro code  0x01088f   0x15c  vreg_util.o [5]
  .far_func.text     ro code  0x0109eb   0x159  stm8s_uart1.o [1]
  .far_func.text     ro code  0x010b44   0x153  ApiAtCmd.o [1]
  .far_func.text     ro code  0x010c97   0x148  DrvKeyboard.o [1]
  .far_func.text     ro code  0x010ddf   0x145  ApiAtCmd.o [1]
  .far_func.text     ro code  0x010f24   0x13f  DrvKeyboard.o [1]
  .far_func.text     ro code  0x011063   0x13b  DrvGT20L16S1Y.o [1]
  .far_func.text     ro code  0x01119e   0x134  CommonLib.o [1]
  .far_func.text     ro code  0x0112d2   0x134  DrvGT20L16S1Y.o [1]
  .far_func.text     ro code  0x011406   0x132  ADC.o [1]
  .far_func.text     ro code  0x011538   0x12a  stm8s_uart3.o [1]
  .far_func.text     ro code  0x011662   0x10c  ApiAtCmd.o [1]
  .far_func.text     ro code  0x01176e   0x109  uart3.o [1]
  .far_func.text     ro code  0x011877   0x103  stm8s_itc.o [1]
  .far_func.text     ro code  0x01197a   0x103  System.o [1]
  .far_func.text     ro code  0x011a7d    0xfa  CommonLib.o [1]
  .far_func.text     ro code  0x011b77    0xf8  ApiMenu.o [1]
  .far_func.text     ro code  0x011c6f    0xf3  uart3.o [1]
  .far_func.text     ro code  0x011d62    0xeb  DrvGD83.o [1]
  .far_func.text     ro code  0x011e4d    0xe9  uart3.o [1]
  .far_func.text     ro code  0x011f36    0xe5  ApiKeyboard.o [1]
  .far_func.text     ro code  0x01201b    0xdf  uart3.o [1]
  .far_func.text     ro code  0x0120fa    0xd9  ApiDisplay.o [1]
  .far_func.text     ro code  0x0121d3    0xd8  ApiPocCmd.o [1]
  .far_func.text     ro code  0x0122ab    0xc8  ApiDisplay.o [1]
  .far_func.text     ro code  0x012373    0xc0  ApiDisplay.o [1]
  .far_func.text     ro code  0x012433    0xba  uart3.o [1]
  .far_func.text     ro code  0x0124ed    0xb6  stm8s_uart3.o [1]
  .far_func.text     ro code  0x0125a3    0xb0  ApiDisplay.o [1]
  .far_func.text     ro code  0x012653    0xaf  stm8s_gpio.o [1]
  .far_func.text     ro code  0x012702    0xad  uart3.o [1]
  .far_func.text     ro code  0x0127af    0xa3  Delay.o [1]
  .far_func.text     ro code  0x012852    0xa2  stm8s_clk.o [1]
  .far_func.text     ro code  0x0128f4    0x99  stm8s_tim1.o [1]
  .far_func.text     ro code  0x01298d    0x97  ApiDisplay.o [1]
  .far_func.text     ro code  0x012a24    0x96  CommonLib.o [1]
  .far_func.text     ro code  0x012aba    0x96  DrvKeyboard.o [1]
  .far_func.text     ro code  0x012b50    0x95  uart3.o [1]
  .far_func.text     ro code  0x012be5    0x92  stm8s_uart1.o [1]
  .far_func.text     ro code  0x012c77    0x8d  stm8s_uart3.o [1]
  .far_func.text     ro code  0x012d04    0x8b  ApiAtCmd.o [1]
  .far_func.text     ro code  0x012d8f    0x88  ApiDisplay.o [1]
  .far_func.text     ro code  0x012e17    0x85  ApiPocCmd.o [1]
  .far_func.text     ro code  0x012e9c    0x82  stm8s_adc2.o [1]
  .far_func.text     ro code  0x012f1e    0x80  DrvGD83.o [1]
  .far_func.text     ro code  0x012f9e    0x7a  ApiLED.o [1]
  .far_func.text     ro code  0x013018    0x73  ApiAtCmd.o [1]
  .far_func.text     ro code  0x01308b    0x73  Delay.o [1]
  .far_func.text     ro code  0x0130fe    0x72  DrvKeyboard.o [1]
  .far_func.text     ro code  0x013170    0x71  Voice.o [1]
  .far_func.text     ro code  0x0131e1    0x6e  uart3.o [1]
  .far_func.text     ro code  0x01324f    0x6d  stm8s_uart1.o [1]
  .far_func.text     ro code  0x0132bc    0x6b  Tone.o [1]
  .far_func.text     ro code  0x013327    0x67  ApiAtCmd.o [1]
  .far_func.text     ro code  0x01338e    0x64  ApiDisplay.o [1]
  .far_func.text     ro code  0x0133f2    0x64  ApiGpsCmd.o [1]
  .far_func.text     ro code  0x013456    0x64  CommonLib.o [1]
  .far_func.text     ro code  0x0134ba    0x64  long_util.o [5]
  .far_func.text     ro code  0x01351e    0x62  ApiPocCmd.o [1]
  .far_func.text     ro code  0x013580    0x61  ApiDisplay.o [1]
  .far_func.text     ro code  0x0135e1    0x61  stm8s_tim1.o [1]
  .far_func.text     ro code  0x013642    0x5f  ADC.o [1]
  .far_func.text     ro code  0x0136a1    0x5e  CommonLib.o [1]
  .far_func.text     ro code  0x0136ff    0x5d  short.o [5]
  .far_func.text     ro code  0x01375c    0x5c  GT20L16P1Y_D.o [1]
  .far_func.text     ro code  0x0137b8    0x5c  uart3.o [1]
  .far_func.text     ro code  0x013814    0x58  stm8s_clk.o [1]
  .far_func.text     ro code  0x01386c    0x58  dc_util.o [5]
  .far_func.text     ro code  0x0138c4    0x57  ApiDisplay.o [1]
  .far_func.text     ro code  0x01391b    0x56  Tone.o [1]
  .far_func.text     ro code  0x013971    0x55  Delay.o [1]
  .far_func.text     ro code  0x0139c6    0x54  stm8s_adc2.o [1]
  .far_func.text     ro code  0x013a1a    0x52  uart3.o [1]
  .far_func.text     ro code  0x013a6c    0x50  Flash_eeprom.o [1]
  .far_func.text     ro code  0x013abc    0x4f  ApiDisplay.o [1]
  .far_func.text     ro code  0x013b0b    0x4f  Flash_eeprom.o [1]
  .far_func.text     ro code  0x013b5a    0x4f  uart3.o [1]
  .far_func.text     ro code  0x013ba9    0x4e  CommonLib.o [1]
  .far_func.text     ro code  0x013bf7    0x4e  System.o [1]
  .far_func.text     ro code  0x013c45    0x4b  uart3.o [1]
  .far_func.text     ro code  0x013c90    0x4a  DrvGD83.o [1]
  .far_func.text     ro code  0x013cda    0x4a  DrvGD83.o [1]
  .far_func.text     ro code  0x013d24    0x4a  DrvGD83.o [1]
  .far_func.text     ro code  0x013d6e    0x4a  DrvGD83.o [1]
  .far_func.text     ro code  0x013db8    0x49  stm8s_uart3.o [1]
  .far_func.text     ro code  0x013e01    0x48  Flash_eeprom.o [1]
  .far_func.text     ro code  0x013e49    0x48  GT20L16P1Y_D.o [1]
  .far_func.text     ro code  0x013e91    0x48  GT20L16P1Y_D.o [1]
  .far_func.text     ro code  0x013ed9    0x47  GT20L16P1Y.o [3]
  .far_func.text     ro code  0x013f20    0x45  Flash_eeprom.o [1]
  .far_func.text     ro code  0x013f65    0x43  stm8s_tim1.o [1]
  .far_func.text     ro code  0x013fa8    0x40  Task.o [1]
  .far_func.text     ro code  0x013fe8    0x3e  Flash_eeprom.o [1]
  .far_func.text     ro code  0x014026    0x3d  DrvGD83.o [1]
  .far_func.text     ro code  0x014063    0x39  uart3.o [1]
  .far_func.text     ro code  0x01409c    0x38  Beep.o [1]
  .far_func.text     ro code  0x0140d4    0x38  DrvGT20L16S1Y.o [1]
  .far_func.text     ro code  0x01410c    0x36  stm8s_flash.o [1]
  .far_func.text     ro code  0x014142    0x36  sysclock.o [1]
  .far_func.text     ro code  0x014178    0x36  memcmp.o [5]
  .far_func.text     ro code  0x0141ae    0x35  ApiPocCmd.o [1]
  .far_func.text     ro code  0x0141e3    0x34  McuConfig.o [1]
  .far_func.text     ro code  0x014217    0x32  stm8s_uart1.o [1]
  .far_func.text     ro code  0x014249    0x31  Voice.o [1]
  .far_func.text     ro code  0x01427a    0x30  stm8s_adc2.o [1]
  .far_func.text     ro code  0x0142aa    0x2f  ApiDisplay.o [1]
  .far_func.text     ro code  0x0142d9    0x2f  ApiDisplay.o [1]
  .far_func.text     ro code  0x014308    0x2f  stm8s_adc2.o [1]
  .far_func.text     ro code  0x014337    0x2e  ApiDisplay.o [1]
  .far_func.text     ro code  0x014365    0x2e  ApiDisplay.o [1]
  .far_func.text     ro code  0x014393    0x2e  McuConfig.o [1]
  .far_func.text     ro code  0x0143c1    0x2d  ApiDisplay.o [1]
  .far_func.text     ro code  0x0143ee    0x2d  stm8s_uart1.o [1]
  .far_func.text     ro code  0x01441b    0x2c  DrvGD83.o [1]
  .far_func.text     ro code  0x014447    0x2b  sysclock.o [1]
  .far_func.text     ro code  0x014472    0x2b  Task.o [1]
  .far_func.text     ro code  0x01449d    0x29  Delay.o [1]
  .far_func.text     ro code  0x0144c6    0x29  McuConfig.o [1]
  .far_func.text     ro code  0x0144ef    0x28  stm8s_flash.o [1]
  .far_func.text     ro code  0x014517    0x28  init_small.o [5]
  .far_func.text     ro code  0x01453f    0x27  ADC.o [1]
  .far_func.text     ro code  0x014566    0x27  McuConfig.o [1]
  .far_func.text     ro code  0x01458d    0x26  GT20L16P1Y_D.o [1]
  .far_func.text     ro code  0x0145b3    0x26  stm8s_it.o [1]
  .far_func.text     ro code  0x0145d9    0x26  Tone.o [1]
  .far_func.text     ro code  0x0145ff    0x26  memcpy.o [5]
  .far_func.text     ro code  0x014625    0x25  stm8s_flash.o [1]
  .far_func.text     ro code  0x01464a    0x25  stm8s_uart3.o [1]
  .far_func.text     ro code  0x01466f    0x25  move.o [5]
  .far_func.text     ro code  0x014694    0x24  stm8s_tim1.o [1]
  .far_func.text     ro code  0x0146b8    0x22  ADC.o [1]
  .far_func.text     ro code  0x0146da    0x22  ApiPocCmd.o [1]
  .far_func.text     ro code  0x0146fc    0x22  ApiPocCmd.o [1]
  .far_func.text     ro code  0x01471e    0x21  ApiGpsCmd.o [1]
  .far_func.text     ro code  0x01473f    0x21  ApiPocCmd.o [1]
  .far_func.text     ro code  0x014760    0x21  Delay.o [1]
  .far_func.text     ro code  0x014781    0x21  stm8s_adc2.o [1]
  .far_func.text     ro code  0x0147a2    0x21  stm8s_it.o [1]
  .far_func.text     ro code  0x0147c3    0x20  ApiPocCmd.o [1]
  .far_func.text     ro code  0x0147e3    0x1f  sysclock.o [1]
  .far_func.text     ro code  0x014802    0x1e  init.o [5]
  .far_func.text     ro code  0x014820    0x1e  init_small.o [5]
  .far_func.text     ro code  0x01483e    0x1c  Beep.o [1]
  .far_func.text     ro code  0x01485a    0x1c  Delay.o [1]
  .far_func.text     ro code  0x014876    0x1b  stm8s_it.o [1]
  .far_func.text     ro code  0x014891    0x19  McuConfig.o [1]
  .far_func.text     ro code  0x0148aa    0x19  McuConfig.o [1]
  .far_func.text     ro code  0x0148c3    0x19  McuConfig.o [1]
  .far_func.text     ro code  0x0148dc    0x19  McuConfig.o [1]
  .far_func.text     ro code  0x0148f5    0x19  McuConfig.o [1]
  .far_func.text     ro code  0x01490e    0x17  ApiDisplay.o [1]
  .far_func.text     ro code  0x014925    0x17  ApiDisplay.o [1]
  .far_func.text     ro code  0x01493c    0x17  cstartup.o [5]
  .far_func.text     ro code  0x014953    0x17  memset.o [5]
  .far_func.text     ro code  0x01496a    0x16  stm8s_flash.o [1]
  .far_func.text     ro code  0x014980    0x16  __dbg_xxexit.o [4]
  .far_func.text     ro code  0x014996    0x14  stm8s_flash.o [1]
  .far_func.text     ro code  0x0149aa    0x13  ApiPocCmd.o [1]
  .far_func.text     ro code  0x0149bd    0x13  ApiPocCmd.o [1]
  .far_func.text     ro code  0x0149d0    0x13  stm8s_adc2.o [1]
  .far_func.text     ro code  0x0149e3    0x13  stm8s_clk.o [1]
  .far_func.text     ro code  0x0149f6    0x13  stm8s_tim3.o [1]
  .far_func.text     ro code  0x014a09    0x12  ApiPocCmd.o [1]
  .far_func.text     ro code  0x014a1b    0x12  ApiPocCmd.o [1]
  .far_func.text     ro code  0x014a2d    0x12  uart3.o [1]
  .far_func.text     ro code  0x014a3f    0x12  strlen.o [5]
  .far_func.text     ro code  0x014a51    0x10  uart3.o [1]
  .far_func.text     ro code  0x014a61     0xf  Voice.o [1]
  .far_func.text     ro code  0x014a70     0xe  ApiPocCmd.o [1]
  .far_func.text     ro code  0x014a7e     0xe  far_util.o [5]
  .far_func.text     ro code  0x014a8c     0xd  McuConfig.o [1]
  .far_func.text     ro code  0x014a99     0xd  McuConfig.o [1]
  .far_func.text     ro code  0x014aa6     0xd  McuConfig.o [1]
  .far_func.text     ro code  0x014ab3     0xd  McuConfig.o [1]
  .far_func.text     ro code  0x014ac0     0xd  stm8s_adc2.o [1]
  .far_func.text     ro code  0x014acd     0xd  stm8s_tim1.o [1]
  .far_func.text     ro code  0x014ada     0xd  stm8s_tim1.o [1]
  .far_func.text     ro code  0x014ae7     0xd  stm8s_tim1.o [1]
  .far_func.text     ro code  0x014af4     0xd  stm8s_tim3.o [1]
  .far_func.text     ro code  0x014b01     0xd  stm8s_tim3.o [1]
  .far_func.text     ro code  0x014b0e     0xd  stm8s_uart1.o [1]
  .far_func.text     ro code  0x014b1b     0xd  stm8s_uart3.o [1]
  .far_func.text     ro code  0x014b28     0xc  stm8s_tim3.o [1]
  .far_func.text     ro code  0x014b34     0xb  ApiPocCmd.o [1]
  .far_func.text     ro code  0x014b3f     0xa  ApiAtCmd.o [1]
  .far_func.text     ro code  0x014b49     0x9  stm8s_gpio.o [1]
  .far_func.text     ro code  0x014b52     0x9  stm8s_tim3.o [1]
  .far_func.text     ro code  0x014b5b     0x7  ApiAtCmd.o [1]
  .far_func.text     ro code  0x014b62     0x7  ApiAtCmd.o [1]
  .far_func.text     ro code  0x014b69     0x7  ApiPocCmd.o [1]
  .far_func.text     ro code  0x014b70     0x7  stm8s_flash.o [1]
  .far_func.text     ro code  0x014b77     0x7  stm8s_gpio.o [1]
  .far_func.text     ro code  0x014b7e     0x6  char.o [5]
  .far_func.text     ro code  0x014b84     0x6  cexit.o [5]
  .far_func.text     ro code  0x014b8a     0x5  stm8s_adc2.o [1]
  .far_func.text     ro code  0x014b8f     0x5  stm8s_flash.o [1]
  .far_func.text     ro code  0x014b94     0x5  stm8s_flash.o [1]
  .far_func.text     ro code  0x014b99     0x5  stm8s_tim3.o [1]
  .far_func.text     ro code  0x014b9e     0x4  ApiAtCmd.o [1]
  .far_func.text     ro code  0x014ba2     0x4  ApiAtCmd.o [1]
  .far_func.text     ro code  0x014ba6     0x4  ApiAtCmd.o [1]
  .far_func.text     ro code  0x014baa     0x4  ApiAtCmd.o [1]
  .far_func.text     ro code  0x014bae     0x4  ApiAtCmd.o [1]
  .far_func.text     ro code  0x014bb2     0x4  ApiAtCmd.o [1]
  .far_func.text     ro code  0x014bb6     0x4  ApiAtCmd.o [1]
  .far_func.text     ro code  0x014bba     0x4  ApiAtCmd.o [1]
  .far_func.text     ro code  0x014bbe     0x4  ApiAtCmd.o [1]
  .far_func.text     ro code  0x014bc2     0x4  ApiGpsCmd.o [1]
  .far_func.text     ro code  0x014bc6     0x4  ApiGpsCmd.o [1]
  .far_func.text     ro code  0x014bca     0x4  ApiPocCmd.o [1]
  .far_func.text     ro code  0x014bce     0x4  ApiPocCmd.o [1]
  .far_func.text     ro code  0x014bd2     0x4  ApiPocCmd.o [1]
  .far_func.text     ro code  0x014bd6     0x4  ApiPocCmd.o [1]
  .far_func.text     ro code  0x014bda     0x4  ApiPocCmd.o [1]
  .far_func.text     ro code  0x014bde     0x4  ApiPocCmd.o [1]
  .far_func.text     ro code  0x014be2     0x4  main.o [1]
  .far_func.text     ro code  0x014be6     0x4  stm8s_gpio.o [1]
  .far_func.text     ro code  0x014bea     0x4  stm8s_uart1.o [1]
  .far_func.text     ro code  0x014bee     0x4  stm8s_uart1.o [1]
  .far_func.text     ro code  0x014bf2     0x4  stm8s_uart3.o [1]
  .far_func.text     ro code  0x014bf6     0x4  stm8s_uart3.o [1]
  .far_func.text     ro code  0x014bfa     0x4  System.o [1]
  .far_func.text     ro code  0x014bfe     0x4  System.o [1]
  .far_func.text     ro code  0x014c02     0x4  Task.o [1]
  .far_func.text     ro code  0x014c06     0x4  interrupt.o [5]
  .far_func.text     ro code  0x014c0a     0x4  exit.o [5]
  .far_func.text     ro code  0x014c0e     0x3  low_level_init.o [5]
  .far_func.text     ro code  0x014c11     0x3  unhandled_exception.o [5]
  .far_func.text     ro code  0x014c14     0x1  ApiKeyboard.o [1]
  .far_func.text     ro code  0x014c15     0x1  stm8s_it.o [1]
  .far_func.text     ro code  0x014c16     0x1  stm8s_it.o [1]
  .far_func.text     ro code  0x014c17     0x1  stm8s_it.o [1]
  .far_func.text     ro code  0x014c18     0x1  stm8s_it.o [1]
  .far_func.text     ro code  0x014c19     0x1  stm8s_it.o [1]
  .far_func.text     ro code  0x014c1a     0x1  stm8s_it.o [1]
  .far_func.text     ro code  0x014c1b     0x1  stm8s_it.o [1]
  .far_func.text     ro code  0x014c1c     0x1  stm8s_it.o [1]
  .far_func.text     ro code  0x014c1d     0x1  stm8s_it.o [1]
  .far_func.text     ro code  0x014c1e     0x1  stm8s_it.o [1]
  .far_func.text     ro code  0x014c1f     0x1  stm8s_it.o [1]
  .far_func.text     ro code  0x014c20     0x1  stm8s_it.o [1]
  .far_func.text     ro code  0x014c21     0x1  stm8s_it.o [1]
  .far_func.text     ro code  0x014c22     0x1  stm8s_it.o [1]
  .far_func.text     ro code  0x014c23     0x1  stm8s_it.o [1]
  .far_func.text     ro code  0x014c24     0x1  stm8s_it.o [1]
  .far_func.text     ro code  0x014c25     0x1  stm8s_it.o [1]
  .far_func.text     ro code  0x014c26     0x1  stm8s_it.o [1]
  .far_func.text     ro code  0x014c27     0x1  stm8s_it.o [1]
  .far_func.text     ro code  0x014c28     0x1  stm8s_it.o [1]
  .far_func.text     ro code  0x014c29     0x1  stm8s_it.o [1]
  .far_func.text     ro code  0x014c2a     0x1  __dbg_break.o [4]
                            - 0x014c2b  0x4c2b


*******************************************************************************
*** INIT TABLE
***

          Address   Size
          -------   ----
Zero (__iar_zero_init2)
    3 destination ranges, total size 0x167c:
          0x000010  0xbf7
          0x000c07  0x3a6
          0x000fad  0x6df

Copy (__iar_copy_init2)
    1 source range, total size 0x66:
          0x00a2e0   0x66
    1 destination range, total size 0x66:
          0x00168c   0x66



*******************************************************************************
*** MODULE SUMMARY
***

    Module                 ro code  ro data  rw data
    ------                 -------  -------  -------
E:\1-source\A508\PRJ\Debug\Obj: [1]
    ADC.o                      474      162        3
    ApiAtCmd.o               2 406      336      185
    ApiBeidou.o                                   82
    ApiDisplay.o             1 712    1 128      578
    ApiGpsCmd.o              3 519               549
    ApiKeyboard.o            2 202      146       31
    ApiLED.o                   122                 1
    ApiMenu.o                1 302      453        3
    ApiPocCmd.o              3 385       45    3 284
    Beep.o                     867                18
    CommonLib.o                980       17
    Config.o                   556
    Delay.o                  1 183       75       28
    DrvGD83.o                2 847       33      943
    DrvGT20L16S1Y.o            679
    DrvHTG12832.o              594                 2
    DrvKeyboard.o            1 440
    Flash_eeprom.o             362
    GT20L16P1Y_D.o             274    7 776
    McuConfig.o                355
    System.o                   345       23       20
    Task.o                   1 904      632       35
    Tone.o                     231                18
    Voice.o                    177                 6
    main.o                       4
    stm8s_adc2.o               379
    stm8s_clk.o                269        4
    stm8s_flash.o              190
    stm8s_gpio.o               195
    stm8s_it.o                 119
    stm8s_itc.o                259
    stm8s_tim1.o               392
    stm8s_tim3.o                71
    stm8s_uart1.o              716
    stm8s_uart3.o              752
    sysclock.o                 128
    uart3.o                  2 435       30       72
    ------------------------------------------------
    Total:                  33 825   10 860    5 858

command line: [2]
    ------------------------------------------------
    Total:

GT20L16_STM8_DOUBLE_MEDIUM_IAR.a: [3]
    GT20L16P1Y.o             1 770       62
    ------------------------------------------------
    Total:                   1 770       62

dbgstm8mmd.a: [4]
    __dbg_break.o                1
    __dbg_xxexit.o              22
    ------------------------------------------------
    Total:                      23

dlstm8mmn.a: [5]
    cexit.o                      6
    char.o                       6
    cstartup.o                  23
    dc_util.o                   88
    exit.o                       4
    far_util.o                  14
    init.o                      30
    init_small.o                70
    interrupt.o                  4      128
    long.o                     415
    long_util.o                100
    low_level_init.o             3
    memcmp.o                    54
    memcpy.o                    38
    memset.o                    23
    move.o                      37
    short.o                     93
    strlen.o                    18
    unhandled_exception.o        3
    vreg_util.o                348
    vregs.o                                       16
    ------------------------------------------------
    Total:                   1 377      128       16

    Linker created                       28      256
----------------------------------------------------
    Grand Total:            36 995   11 078    6 130


*******************************************************************************
*** ENTRY LIST
***

Entry                    Address    Size  Type      Object
-----                    -------    ----  ----      ------
.iar.init_table$$Base   0x00a48e           --   Gb  - Linker created -
.iar.init_table$$Limit  0x00a4aa           --   Gb  - Linker created -
?add32_l0_l0_0x         0x00ec7d          Code  Gb  long.o [5]
?add32_l0_l0_l1         0x00ec7a          Code  Gb  long.o [5]
?and32_l0_l0_0x         0x00edb9          Code  Gb  long.o [5]
?and32_l0_l0_l1         0x00edb6          Code  Gb  long.o [5]
?b0                     0x000000          Data  Gb  vregs.o [5]
?b1                     0x000001          Data  Gb  vregs.o [5]
?b10                    0x00000a          Data  Gb  vregs.o [5]
?b11                    0x00000b          Data  Gb  vregs.o [5]
?b12                    0x00000c          Data  Gb  vregs.o [5]
?b13                    0x00000d          Data  Gb  vregs.o [5]
?b14                    0x00000e          Data  Gb  vregs.o [5]
?b15                    0x00000f          Data  Gb  vregs.o [5]
?b2                     0x000002          Data  Gb  vregs.o [5]
?b3                     0x000003          Data  Gb  vregs.o [5]
?b4                     0x000004          Data  Gb  vregs.o [5]
?b5                     0x000005          Data  Gb  vregs.o [5]
?b6                     0x000006          Data  Gb  vregs.o [5]
?b7                     0x000007          Data  Gb  vregs.o [5]
?b8                     0x000008          Data  Gb  vregs.o [5]
?b9                     0x000009          Data  Gb  vregs.o [5]
?dc32_l0                0x01386c          Code  Gb  dc_util.o [5]
?dc32_l1                0x013898          Code  Gb  dc_util.o [5]
?e0                     0x000001          Data  Gb  vregs.o [5]
?e1                     0x000005          Data  Gb  vregs.o [5]
?e2                     0x000009          Data  Gb  vregs.o [5]
?e3                     0x00000d          Data  Gb  vregs.o [5]
?epilogue_l2            0x010947          Code  Gb  vreg_util.o [5]
?epilogue_l2_l3         0x010943          Code  Gb  vreg_util.o [5]
?epilogue_l2_w6         0x01094c          Code  Gb  vreg_util.o [5]
?epilogue_w4            0x010955          Code  Gb  vreg_util.o [5]
?l0                     0x000000          Data  Gb  vregs.o [5]
?l1                     0x000004          Data  Gb  vregs.o [5]
?l2                     0x000008          Data  Gb  vregs.o [5]
?l3                     0x00000c          Data  Gb  vregs.o [5]
?load24_e1_0x           0x014a7e          Code  Gb  far_util.o [5]
?load32_0x_l0           0x013510          Code  Gb  long_util.o [5]
?load32_l0_0x           0x0134d4          Code  Gb  long_util.o [5]
?load32_l0_asp          0x0134c8          Code  Gb  long_util.o [5]
?load32_l0_dbsp         0x0134ba          Code  Gb  long_util.o [5]
?load32_l0_xsp          0x0134ca          Code  Gb  long_util.o [5]
?load32_l1_0x           0x0134fa          Code  Gb  long_util.o [5]
?load32_l1_asp          0x0134ee          Code  Gb  long_util.o [5]
?load32_l1_dbsp         0x0134e0          Code  Gb  long_util.o [5]
?load32_l1_xsp          0x0134f0          Code  Gb  long_util.o [5]
?load32_xsp_l0          0x013506          Code  Gb  long_util.o [5]
?longfarg16_v_w0_a      0x01467c          Code  Gb  move.o [5]
?longfarg16_v_w0_x      0x01467e          Code  Gb  move.o [5]
?mov_e0_e1              0x010972          Code  Gb  vreg_util.o [5]
?mov_e0_e2              0x01097f          Code  Gb  vreg_util.o [5]
?mov_e0_e3              0x01098c          Code  Gb  vreg_util.o [5]
?mov_e1_e0              0x010999          Code  Gb  vreg_util.o [5]
?mov_e1_e2              0x0109a6          Code  Gb  vreg_util.o [5]
?mov_e1_e3              0x0109b3          Code  Gb  vreg_util.o [5]
?mov_e2_e0              0x0109c0          Code  Gb  vreg_util.o [5]
?mov_e3_e0              0x0109d4          Code  Gb  vreg_util.o [5]
?mov_e3_e1              0x0109e1          Code  Gb  vreg_util.o [5]
?mov_l0_l1              0x01096f          Code  Gb  vreg_util.o [5]
?mov_l0_l2              0x01097c          Code  Gb  vreg_util.o [5]
?mov_l0_l3              0x010989          Code  Gb  vreg_util.o [5]
?mov_l1_l0              0x010996          Code  Gb  vreg_util.o [5]
?mov_l1_l2              0x0109a3          Code  Gb  vreg_util.o [5]
?mov_l1_l3              0x0109b0          Code  Gb  vreg_util.o [5]
?mov_l2_l0              0x0109bd          Code  Gb  vreg_util.o [5]
?mov_l3_l0              0x0109d1          Code  Gb  vreg_util.o [5]
?mov_l3_l1              0x0109de          Code  Gb  vreg_util.o [5]
?mov_w1_w3              0x010975          Code  Gb  vreg_util.o [5]
?mov_w1_w4              0x01095a          Code  Gb  vreg_util.o [5]
?mov_w1_w5              0x010982          Code  Gb  vreg_util.o [5]
?mov_w1_w7              0x01098f          Code  Gb  vreg_util.o [5]
?mov_w2_w1              0x010961          Code  Gb  vreg_util.o [5]
?mov_w3_w1              0x01099c          Code  Gb  vreg_util.o [5]
?mov_w3_w5              0x0109a9          Code  Gb  vreg_util.o [5]
?mov_w3_w7              0x0109b6          Code  Gb  vreg_util.o [5]
?mov_w5_w1              0x0109c3          Code  Gb  vreg_util.o [5]
?mov_w5_w3              0x0109ca          Code  Gb  vreg_util.o [5]
?mov_w6_w0              0x010968          Code  Gb  vreg_util.o [5]
?mov_w7_w1              0x0109d7          Code  Gb  vreg_util.o [5]
?mov_w7_w3              0x0109e4          Code  Gb  vreg_util.o [5]
?move1616_v_x_y_a       0x01466f          Code  Gb  move.o [5]
?mul16_x_x_w0           0x0136ff          Code  Gb  short.o [5]
?mul32_l0_l0_l1         0x00ecb0          Code  Gb  long.o [5]
?or32_l0_l0_0x          0x00edd4          Code  Gb  long.o [5]
?or32_l0_l0_l1          0x00edd1          Code  Gb  long.o [5]
?pop_l0                 0x01090b          Code  Gb  vreg_util.o [5]
?pop_l1                 0x010916          Code  Gb  vreg_util.o [5]
?pop_l2                 0x010921          Code  Gb  vreg_util.o [5]
?pop_l3                 0x01092c          Code  Gb  vreg_util.o [5]
?pop_w4                 0x0108b5          Code  Gb  vreg_util.o [5]
?pop_w5                 0x0108bc          Code  Gb  vreg_util.o [5]
?pop_w6                 0x0108c3          Code  Gb  vreg_util.o [5]
?push_l0                0x0108d6          Code  Gb  vreg_util.o [5]
?push_l1                0x0108db          Code  Gb  vreg_util.o [5]
?push_l2                0x0108e0          Code  Gb  vreg_util.o [5]
?push_l3                0x0108e5          Code  Gb  vreg_util.o [5]
?push_w4                0x01088f          Code  Gb  vreg_util.o [5]
?push_w5                0x010894          Code  Gb  vreg_util.o [5]
?push_w6                0x010899          Code  Gb  vreg_util.o [5]
?sdiv16_x_x_y           0x01371d          Code  Gb  short.o [5]
?sext16_x_a             0x013755          Code  Gb  short.o [5]
?sext32_l0_x            0x00ee0e          Code  Gb  long.o [5]
?sll16_x_x_4            0x013750          Code  Gb  short.o [5]
?sll16_x_x_5            0x01374f          Code  Gb  short.o [5]
?sll16_x_x_6            0x01374e          Code  Gb  short.o [5]
?sll16_x_x_a            0x013746          Code  Gb  short.o [5]
?sll32_0x_0x_a          0x00edef          Code  Gb  long.o [5]
?sll32_l0_l0_a          0x00edec          Code  Gb  long.o [5]
?smod16_y_x_y           0x013736          Code  Gb  short.o [5]
?srl32_0x_0x_a          0x00ee00          Code  Gb  long.o [5]
?srl32_l0_l0_a          0x00edfd          Code  Gb  long.o [5]
?srl8_a_a_5             0x014b7f          Code  Gb  char.o [5]
?srl8_a_a_6             0x014b7e          Code  Gb  char.o [5]
?sub32_l0_l0_0x         0x00ec98          Code  Gb  long.o [5]
?sub32_l0_l0_l1         0x00ec95          Code  Gb  long.o [5]
?ucmp32_c_l0_l1         0x00edab          Code  Gb  long.o [5]
?udiv32_l0_dl_l1        0x00ed34          Code  Gb  long.o [5]
?udiv32_l0_l0_dl        0x00ed3a          Code  Gb  long.o [5]
?udiv32_l0_l0_l1        0x00ed3e          Code  Gb  long.o [5]
?umod32_l1_l0_dl        0x00ed2e          Code  Gb  long.o [5]
?umod32_l1_l0_l1        0x00ed3e          Code  Gb  long.o [5]
?w0                     0x000000          Data  Gb  vregs.o [5]
?w1                     0x000002          Data  Gb  vregs.o [5]
?w2                     0x000004          Data  Gb  vregs.o [5]
?w3                     0x000006          Data  Gb  vregs.o [5]
?w4                     0x000008          Data  Gb  vregs.o [5]
?w5                     0x00000a          Data  Gb  vregs.o [5]
?w6                     0x00000c          Data  Gb  vregs.o [5]
?w7                     0x00000e          Data  Gb  vregs.o [5]
ADC2_Cmd                0x014ac0     0xd  Code  Gb  stm8s_adc2.o [1]
ADC2_ConversionConfig   0x014308    0x2f  Code  Gb  stm8s_adc2.o [1]
ADC2_ExternalTriggerConfig
                        0x014781    0x21  Code  Gb  stm8s_adc2.o [1]
ADC2_GetConversionValue
                        0x0139c6    0x54  Code  Gb  stm8s_adc2.o [1]
ADC2_IRQHandler         0x014c27     0x1  Code  Gb  stm8s_it.o [1]
ADC2_Init               0x01427a    0x30  Code  Gb  stm8s_adc2.o [1]
ADC2_PrescalerConfig    0x0149d0    0x13  Code  Gb  stm8s_adc2.o [1]
ADC2_SchmittTriggerConfig
                        0x012e9c    0x82  Code  Gb  stm8s_adc2.o [1]
ADC2_StartConversion    0x014b8a     0x5  Code  Gb  stm8s_adc2.o [1]
ADC_Init                0x0146b8    0x22  Code  Gb  ADC.o [1]
AF_Mute_Init            0x014a99     0xd  Code  Gb  McuConfig.o [1]
ASCII_ActiveUserID      0x00159f    0x16  Data  Gb  ApiPocCmd.o [1]
AUDIO_IOAFMUT           0x0148dc    0x19  Code  Gb  McuConfig.o [1]
AUDIO_IOAFPOW           0x0148f5    0x19  Code  Gb  McuConfig.o [1]
AWU_IRQHandler          0x014c17     0x1  Code  Gb  stm8s_it.o [1]
AkeyvolumeCount         0x0016b9     0x1  Data  Gb  ApiKeyboard.o [1]
AlarmCount              0x0016d6     0x1  Data  Gb  Task.o [1]
ApGpsCmd_10msRenew      0x01471e    0x21  Code  Gb  ApiGpsCmd.o [1]
ApiAtCmd_100msRenew     0x00d9a3    0x88  Code  Gb  ApiAtCmd.o [1]
ApiAtCmd_10msRenew      0x011662   0x10c  Code  Gb  ApiAtCmd.o [1]
ApiAtCmd_GetGroupName   0x014a09    0x12  Code  Gb  ApiPocCmd.o [1]
ApiAtCmd_GetGroupNameLen
                        0x0149aa    0x13  Code  Gb  ApiPocCmd.o [1]
ApiAtCmd_GetGroupNum    0x014bd2     0x4  Code  Gb  ApiPocCmd.o [1]
ApiAtCmd_GetLoginState  0x014b69     0x7  Code  Gb  ApiPocCmd.o [1]
ApiAtCmd_GetMainGroupId
                        0x014bda     0x4  Code  Gb  ApiPocCmd.o [1]
ApiAtCmd_GetMainUserId  0x014bde     0x4  Code  Gb  ApiPocCmd.o [1]
ApiAtCmd_GetMainUserName
                        0x014bce     0x4  Code  Gb  ApiPocCmd.o [1]
ApiAtCmd_GetMainWorkName
                        0x014bca     0x4  Code  Gb  ApiPocCmd.o [1]
ApiAtCmd_GetUserName    0x014a1b    0x12  Code  Gb  ApiPocCmd.o [1]
ApiAtCmd_GetUserNameLen
                        0x0149bd    0x13  Code  Gb  ApiPocCmd.o [1]
ApiAtCmd_GetUserNum     0x014bd6     0x4  Code  Gb  ApiPocCmd.o [1]
ApiAtCmd_Get_DateTime_Information
                        0x010b44   0x153  Code  Gb  ApiAtCmd.o [1]
ApiAtCmd_Get_location_Information
                        0x010ddf   0x145  Code  Gb  ApiAtCmd.o [1]
ApiAtCmd_PlayVoice      0x013018    0x73  Code  Gb  ApiAtCmd.o [1]
ApiAtCmd_SetLoginState  0x014a70     0xe  Code  Gb  ApiPocCmd.o [1]
ApiAtCmd_TrumpetVoicePlay_Flag
                        0x001649     0x1  Data  Gb  ApiAtCmd.o [1]
ApiAtCmd_WritCommand    0x00d7be   0x1e5  Code  Gb  ApiAtCmd.o [1]
ApiAtCmd_tcp_state      0x014b3f     0xa  Code  Gb  ApiAtCmd.o [1]
ApiCaretCmd_10msRenew   0x00e914   0x1b4  Code  Gb  ApiAtCmd.o [1]
ApiGpsCmd_100msRenew    0x00c307   0x1da  Code  Gb  ApiGpsCmd.o [1]
ApiGpsCmd_PowerOnInitial
                        0x00e743   0x1d1  Code  Gb  ApiGpsCmd.o [1]
ApiGps_GetTcpIpAddress  0x014bc2     0x4  Code  Gb  ApiGpsCmd.o [1]
ApiGps_GetTcpPortAddress
                        0x014bc6     0x4  Code  Gb  ApiGpsCmd.o [1]
ApiMenu_BacklightTimeSet_Flag
                        0x001669     0x1  Data  Gb  ApiMenu.o [1]
ApiMenu_GpsInfo_Flag    0x001668     0x1  Data  Gb  ApiMenu.o [1]
ApiMenu_KeylockTimeSet_Flag
                        0x00166a     0x1  Data  Gb  ApiMenu.o [1]
ApiPocCmd_10msRenew     0x00c4e1   0x487  Code  Gb  ApiPocCmd.o [1]
ApiPocCmd_Tone_Flag     0x001674     0x1  Data  Gb  ApiPocCmd.o [1]
ApiPocCmd_WritCommand   0x01072c   0x163  Code  Gb  ApiPocCmd.o [1]
ApiPocCmd_user_info_get
                        0x0141ae    0x35  Code  Gb  ApiPocCmd.o [1]
ApiPocCmd_user_info_set
                        0x0121d3    0xd8  Code  Gb  ApiPocCmd.o [1]
AtCmdDrvobj             0x0013d1    0x82  Data  Lc  ApiAtCmd.o [1]
AtCmd_NetParamCode      0x012d04    0x8b  Code  Lc  ApiAtCmd.o [1]
AtNotify_Queue          0x00abe0    0x4d  Code  Lc  DrvGD83.o [1]
AtNotify_Queue_Start    0x00ac2d    0x56  Code  Lc  DrvGD83.o [1]
BEEP_Interrupt10ms      0x01483e    0x1c  Code  Gb  Beep.o [1]
BEEP_PowerOnInitial     0x00cba4    0xd3  Code  Gb  Beep.o [1]
BEEP_SetOutput          0x00c968   0x23c  Code  Gb  Beep.o [1]
BEEP_Time               0x01409c    0x38  Code  Gb  Beep.o [1]
BacklightTimeCount      0x0016cc     0x1  Data  Gb  Delay.o [1]
BacklightTimeSetCount   0x0016c2     0x1  Data  Gb  ApiKeyboard.o [1]
BatteryLevel            0x001644     0x1  Data  Gb  ADC.o [1]
BeepDrvObj              0x0015c9    0x12  Data  Lc  Beep.o [1]
BeidouRxData            0x0014a3    0x4b  Data  Gb  ApiBeidou.o [1]
BeidouRxDataLen         0x001651     0x1  Data  Gb  ApiBeidou.o [1]
BitTab                  0x00aac7     0x8  Data  Gb  ApiDisplay.o [1]
BootProcess_PPPCFG_Flag
                        0x001648     0x1  Data  Gb  ApiAtCmd.o [1]
BootProcess_PPPCFG_Flag_Zanshi
                        0x00168c     0x1  Data  Gb  ApiAtCmd.o [1]
BootProcess_SIMST_Flag  0x001647     0x1  Data  Gb  ApiAtCmd.o [1]
CFG_GetCurAdr           0x00e123   0x22c  Code  Gb  Config.o [1]
CHAR_HIGH               0x00a90d    0x10  Data  Gb  ApiDisplay.o [1]
CHAR_TO_Digital         0x013327    0x67  Code  Gb  ApiAtCmd.o [1]
CHAR_WIDTH              0x00a91d    0x10  Data  Gb  ApiDisplay.o [1]
CLK_ClockSwitchConfig   0x012852    0xa2  Code  Gb  stm8s_clk.o [1]
CLK_GetClockFreq        0x013814    0x58  Code  Gb  stm8s_clk.o [1]
CLK_HSIPrescalerConfig  0x0149e3    0x13  Code  Gb  stm8s_clk.o [1]
CLK_IRQHandler          0x014c18     0x1  Code  Gb  stm8s_it.o [1]
COMLHexArray2String     0x0133f2    0x64  Code  Lc  ApiGpsCmd.o [1]
COML_AscToHex           0x011a7d    0xfa  Code  Gb  CommonLib.o [1]
COML_DecToAsc           0x013456    0x64  Code  Gb  CommonLib.o [1]
COML_HexToAsc2          0x012a24    0x96  Code  Gb  CommonLib.o [1]
COML_StringReverse      0x0136a1    0x5e  Code  Gb  CommonLib.o [1]
CSQ99Count_Flag         0x00164b     0x1  Data  Gb  ApiAtCmd.o [1]
CSQTimeCount            0x001681     0x1  Data  Gb  Delay.o [1]
CSQ_Flag                0x00164a     0x1  Data  Gb  ApiAtCmd.o [1]
CSTACK$$Base            0x001700           --   Gb  - Linker created -
CSTACK$$Limit           0x001800           --   Gb  - Linker created -
C_TEST_OUT_SET          0x014ab3     0xd  Code  Gb  McuConfig.o [1]
CaretNotify_Queue       0x00ab46    0x4d  Code  Lc  DrvGD83.o [1]
CaretNotify_Queue_Start
                        0x00acd9    0x56  Code  Lc  DrvGD83.o [1]
CharCode                0x001640     0x2  Data  Gb  ApiDisplay.o [1]
Combine2Hex             0x01119e   0x134  Code  Gb  CommonLib.o [1]
Count                   0x001645     0x1  Data  Gb  ADC.o [1]
DEL_100msProcess        0x00d1b5    0x58  Code  Lc  Delay.o [1]
DEL_10msProcess         0x00d20d    0x1d  Code  Lc  Delay.o [1]
DEL_1msProcess          0x00d22a     0xc  Code  Lc  Delay.o [1]
DEL_500msProcess        0x00cf78   0x23d  Code  Lc  Delay.o [1]
DEL_500ms_Count         0x001679     0x1  Data  Gb  Delay.o [1]
DEL_500ms_Count2        0x00167a     0x1  Data  Gb  Delay.o [1]
DEL_GetTimer            0x013971    0x55  Code  Gb  Delay.o [1]
DEL_Interrupt           0x0127af    0xa3  Code  Gb  Delay.o [1]
DEL_PowerOnInitial      0x014760    0x21  Code  Gb  Delay.o [1]
DEL_Renew               0x00d236    0x10  Code  Gb  Delay.o [1]
DEL_SetTimer            0x01308b    0x73  Code  Gb  Delay.o [1]
DEL_Soft1ms             0x01485a    0x1c  Code  Gb  Delay.o [1]
DEL_TimerRenew          0x01449d    0x29  Code  Lc  Delay.o [1]
DISP_DataBuf            0x0122ab    0xc8  Code  Lc  ApiDisplay.o [1]
DISP_MulTypePro         0x012373    0xc0  Code  Lc  ApiDisplay.o [1]
DISP_MulTypePro2        0x0120fa    0xd9  Code  Lc  ApiDisplay.o [1]
Data_Date0              0x014bb2     0x4  Code  Gb  ApiAtCmd.o [1]
Data_Date1              0x014bb6     0x4  Code  Gb  ApiAtCmd.o [1]
Data_Date2              0x014bba     0x4  Code  Gb  ApiAtCmd.o [1]
Data_Latitude_Minute    0x014ba2     0x4  Code  Gb  ApiAtCmd.o [1]
Data_Latitude_Second    0x014b62     0x7  Code  Gb  ApiAtCmd.o [1]
Data_Longitude_Minute   0x014b9e     0x4  Code  Gb  ApiAtCmd.o [1]
Data_Longitude_Second   0x014b5b     0x7  Code  Gb  ApiAtCmd.o [1]
Data_Speed              0x014bbe     0x4  Code  Gb  ApiAtCmd.o [1]
Data_Time0              0x014ba6     0x4  Code  Gb  ApiAtCmd.o [1]
Data_Time1              0x014baa     0x4  Code  Gb  ApiAtCmd.o [1]
Data_Time2              0x014bae     0x4  Code  Gb  ApiAtCmd.o [1]
Dec2Hex                 0x013ba9    0x4e  Code  Gb  CommonLib.o [1]
DefaultSystemClockForHSI
                        0x0147e3    0x1f  Code  Gb  sysclock.o [1]
DelDrvObj               0x001625     0xb  Data  Lc  Delay.o [1]
Delay_100ms             0x013fa8    0x40  Code  Gb  Task.o [1]
DisDataBit              0x001532    0x40  Data  Gb  ApiDisplay.o [1]
DisDataBuf              0x0011d1   0x200  Data  Gb  ApiDisplay.o [1]
DrvGD83DrvObj           0x000c07   0x3a6  Data  Lc  DrvGD83.o [1]
DrvGD83_UART_TxCommand  0x012f1e    0x80  Code  Gb  DrvGD83.o [1]
DrvMC8332_AtNotify_Queue_front
                        0x013cda    0x4a  Code  Gb  DrvGD83.o [1]
DrvMC8332_CaretNotify_Queue_front
                        0x013c90    0x4a  Code  Gb  DrvGD83.o [1]
DrvMC8332_GpsNotify_Queue_front
                        0x013d6e    0x4a  Code  Gb  DrvGD83.o [1]
DrvMC8332_PocNotify_Queue_front
                        0x013d24    0x4a  Code  Gb  DrvGD83.o [1]
DrvMC8332_Software_Initial
                        0x014026    0x3d  Code  Gb  DrvGD83.o [1]
DrvMC8332_TxPort_SetValidable
                        0x01441b    0x2c  Code  Gb  DrvGD83.o [1]
DrvMC8332_UART_Interrupt
                        0x00af9e   0x3cb  Code  Gb  DrvGD83.o [1]
DrvMc8332_UART_TxTail   0x011d62    0xeb  Code  Gb  DrvGD83.o [1]
EEPROM_EEC_IRQHandler   0x014c29     0x1  Code  Gb  stm8s_it.o [1]
EXTI_PORTA_IRQHandler   0x014c19     0x1  Code  Gb  stm8s_it.o [1]
EXTI_PORTB_IRQHandler   0x014c1a     0x1  Code  Gb  stm8s_it.o [1]
EXTI_PORTC_IRQHandler   0x014c1b     0x1  Code  Gb  stm8s_it.o [1]
EXTI_PORTD_IRQHandler   0x014c1c     0x1  Code  Gb  stm8s_it.o [1]
EXTI_PORTE_IRQHandler   0x014c1d     0x1  Code  Gb  stm8s_it.o [1]
FILE_Read               0x013e01    0x48  Code  Gb  Flash_eeprom.o [1]
FILE_Read2              0x013f20    0x45  Code  Gb  Flash_eeprom.o [1]
FILE_Write              0x013b0b    0x4f  Code  Gb  Flash_eeprom.o [1]
FILE_Write2             0x013a6c    0x50  Code  Gb  Flash_eeprom.o [1]
FLASH_EraseOptionByte   0x0144ef    0x28  Code  Gb  stm8s_flash.o [1]
FLASH_GetFlagStatus     0x014996    0x14  Code  Gb  stm8s_flash.o [1]
FLASH_Lock              0x014b70     0x7  Code  Gb  stm8s_flash.o [1]
FLASH_ProgramByte       0x014b8f     0x5  Code  Gb  stm8s_flash.o [1]
FLASH_ProgramOptionByte
                        0x014625    0x25  Code  Gb  stm8s_flash.o [1]
FLASH_ReadByte          0x014b94     0x5  Code  Gb  stm8s_flash.o [1]
FLASH_Unlock            0x01496a    0x16  Code  Gb  stm8s_flash.o [1]
FLASH_WaitForLastOperation
                        0x01410c    0x36  Code  Gb  stm8s_flash.o [1]
GB2312_16_GetData       0x00ded2   0x251  Code  Gb  GT20L16P1Y.o [3]
GPIO_Init               0x012653    0xaf  Code  Gb  stm8s_gpio.o [1]
GPIO_ReadInputPin       0x014b49     0x9  Code  Gb  stm8s_gpio.o [1]
GPIO_WriteHigh          0x014b77     0x7  Code  Gb  stm8s_gpio.o [1]
GPIO_WriteLow           0x014be6     0x4  Code  Gb  stm8s_gpio.o [1]
GeHuTest                0x014c14     0x1  Code  Lc  ApiKeyboard.o [1]
GetPersonalCallingMode  0x014b34     0xb  Code  Gb  ApiPocCmd.o [1]
GetPointArrayData32     0x013e49    0x48  Code  Gb  GT20L16P1Y_D.o [1]
GetTaskId               0x014bfa     0x4  Code  Gb  System.o [1]
Get_0X_ActiveUserIDBuf  0x00161a     0xb  Data  Gb  ApiPocCmd.o [1]
Get_GBK_ActiveUserID    0x01351e    0x62  Code  Gb  ApiPocCmd.o [1]
Get_Unicode_ActiveUserID
                        0x012e17    0x85  Code  Gb  ApiPocCmd.o [1]
Get_Unicode_ActiveUserIDBuf
                        0x001572    0x2d  Data  Gb  ApiPocCmd.o [1]
GpsCmd_GbAnalytical     0x00da2b   0x255  Code  Lc  ApiGpsCmd.o [1]
GpsCmd_GbDataTransave   0x00cc77   0x301  Code  Lc  ApiGpsCmd.o [1]
GpsCmd_GbWritCommand    0x00c03b   0x2cc  Code  Lc  ApiGpsCmd.o [1]
GpsFunDrvObj            0x000fad   0x224  Data  Lc  ApiGpsCmd.o [1]
GpsNotify_Queue         0x00af21    0x7d  Code  Lc  DrvGD83.o [1]
GpsNotify_Queue_Start   0x00ad2f    0x9a  Code  Lc  DrvGD83.o [1]
GpsReconnectionTimeCount
                        0x001680     0x1  Data  Gb  Delay.o [1]
GroupCallingNum         0x0016c0     0x1  Data  Gb  ApiKeyboard.o [1]
HSE_ClockStartUpConfiguration
                        0x014142    0x36  Code  Lc  sysclock.o [1]
HSIDivFactor            0x00ab31     0x4  Data  Gb  stm8s_clk.o [1]
HexToChar_GroupCallingNum
                        0x0147c3    0x20  Code  Gb  ApiPocCmd.o [1]
HexToChar_MainGroupId   0x01473f    0x21  Code  Gb  ApiPocCmd.o [1]
HexToChar_MainUserId    0x0146da    0x22  Code  Gb  ApiPocCmd.o [1]
HexToChar_PersonalCallingNum
                        0x0146fc    0x22  Code  Gb  ApiPocCmd.o [1]
HtgDrvObj               0x001642     0x2  Data  Lc  DrvHTG12832.o [1]
I2C_IRQHandler          0x014c25     0x1  Code  Gb  stm8s_it.o [1]
INTVEC$$Base            0x008000           --   Gb  - Linker created -
INTVEC$$Limit           0x008080           --   Gb  - Linker created -
ITC_SetSoftwarePriority
                        0x011877   0x103  Code  Gb  stm8s_itc.o [1]
Ico_DataBuf             0x009b80   0x400  Data  Gb  ApiDisplay.o [1]
InputGBcode             0x009f80   0x1b0  Data  Gb  GT20L16P1Y_D.o [1]
InputUnicode            0x00a130   0x1b0  Data  Gb  GT20L16P1Y_D.o [1]
KEY_TABLE               0x00ab40     0x3  Data  Lc  uart3.o [1]
KeyBatteryReport        0x013642    0x5f  Code  Gb  ADC.o [1]
KeyCount_PersonalCalling
                        0x00168b     0x1  Data  Gb  Task.o [1]
KeyDownUpChoose_GroupOrUser_Flag
                        0x00164c     0x1  Data  Gb  ApiAtCmd.o [1]
KeyPersonalCallingCount
                        0x001655     0x1  Data  Gb  ApiKeyboard.o [1]
KeyUpDownCount          0x001654     0x1  Data  Gb  ApiKeyboard.o [1]
Key_Flag_0              0x001687     0x1  Data  Gb  Task.o [1]
Key_Flag_1              0x001656     0x1  Data  Gb  ApiKeyboard.o [1]
Key_Init                0x0141e3    0x34  Code  Gb  McuConfig.o [1]
Key_PersonalCalling_Flag
                        0x001688     0x1  Data  Gb  Task.o [1]
Keyboard_Test           0x00b369   0x7b4  Code  Gb  ApiKeyboard.o [1]
KeylockTimeCount        0x0016cd     0x1  Data  Gb  Delay.o [1]
KeylockTimeSetCount     0x0016c3     0x1  Data  Gb  ApiKeyboard.o [1]
LED_Conut               0x001667     0x1  Data  Gb  ApiLED.o [1]
LED_Init                0x014566    0x27  Code  Gb  McuConfig.o [1]
LED_IntOutputRenew      0x012f9e    0x7a  Code  Gb  ApiLED.o [1]
LandingTimeCount        0x001682     0x1  Data  Gb  Delay.o [1]
Level3MenuDisplay       0x010000   0x173  Code  Gb  ApiMenu.o [1]
LockingState_EnterOK_Flag
                        0x001659     0x1  Data  Gb  ApiKeyboard.o [1]
LockingState_Flag       0x001683     0x1  Data  Gb  Delay.o [1]
LowVoltageDetection     0x011406   0x132  Code  Gb  ADC.o [1]
LowVoltageDetection_Flag
                        0x001646     0x1  Data  Gb  ADC.o [1]
MIC_GPIO_Init           0x014a8c     0xd  Code  Gb  McuConfig.o [1]
MIC_IOMUT               0x0148c3    0x19  Code  Gb  McuConfig.o [1]
MenuDisplay             0x00d513   0x2ab  Code  Gb  ApiMenu.o [1]
MenuModeCount           0x0016c1     0x1  Data  Gb  ApiKeyboard.o [1]
MenuMode_Flag           0x001657     0x1  Data  Gb  ApiKeyboard.o [1]
NetworkType_2Gor3G_Flag
                        0x0016d7     0x1  Data  Gb  Task.o [1]
NoUseNum                0x001685     0x1  Data  Gb  Task.o [1]
Noise_Mute_Init         0x014aa6     0xd  Code  Gb  McuConfig.o [1]
Notify_Queue_Stop       0x00adc9   0x158  Code  Lc  DrvGD83.o [1]
NumberKeyboardPressDown_flag
                        0x001658     0x1  Data  Gb  ApiKeyboard.o [1]
OffLineCount            0x001678     0x1  Data  Gb  ApiPocCmd.o [1]
OneChannelGetADValue    0x01453f    0x27  Code  Lc  ADC.o [1]
PAS_NULLTBL             0x00a92d    0x10  Data  Lc  uart3.o [1]
POC_AtEnterPersonalCalling_Flag
                        0x00166f     0x1  Data  Gb  ApiPocCmd.o [1]
POC_AtQuitPersonalCalling_Flag
                        0x001670     0x1  Data  Gb  ApiPocCmd.o [1]
POC_EnterGroupCalling_Flag
                        0x001671     0x1  Data  Gb  ApiPocCmd.o [1]
POC_EnterPersonalCalling_Flag
                        0x00166d     0x1  Data  Gb  ApiPocCmd.o [1]
POC_QuitGroupCalling_Flag
                        0x001672     0x1  Data  Gb  ApiPocCmd.o [1]
POC_QuitPersonalCalling_Flag
                        0x00166e     0x1  Data  Gb  ApiPocCmd.o [1]
POC_Receive86_Flag      0x001677     0x1  Data  Gb  ApiPocCmd.o [1]
POC_ReceivedVoiceEnd_Flag
                        0x001676     0x1  Data  Gb  ApiPocCmd.o [1]
POC_ReceivedVoiceStart_Flag
                        0x001675     0x1  Data  Gb  ApiPocCmd.o [1]
POC_ReceivedVoice_Flag  0x001673     0x1  Data  Gb  ApiPocCmd.o [1]
POC_TABLE               0x00ab43     0x3  Data  Lc  uart3.o [1]
PasObj                  0x00163c     0x4  Data  Lc  uart3.o [1]
PersonCallIco_Flag      0x001686     0x1  Data  Gb  Task.o [1]
PersonalCallingNum      0x001653     0x1  Data  Gb  ApiKeyboard.o [1]
PocCmdDrvobj            0x000010   0xbf7  Data  Lc  ApiPocCmd.o [1]
PocNotify_Queue         0x00ab93    0x4d  Code  Lc  DrvGD83.o [1]
PocNotify_Queue_Start   0x00ac83    0x56  Code  Lc  DrvGD83.o [1]
PositionInfoSendToATPORT_InfoDisplay_Flag
                        0x001650     0x1  Data  Gb  ApiAtCmd.o [1]
PositionInfoSendToATPORT_RedLed_Flag
                        0x00164e     0x1  Data  Gb  ApiAtCmd.o [1]
PositionInfoSendToATPORT_SetPPP_Flag
                        0x00164f     0x1  Data  Gb  ApiAtCmd.o [1]
PositionInformationSendToATPORT_Flag
                        0x00164d     0x1  Data  Gb  ApiAtCmd.o [1]
READ_TABLE              0x00ab35     0x4  Data  Lc  uart3.o [1]
ReadBuffer              0x001453    0x50  Data  Gb  ApiPocCmd.o [1]
ReadBufferA             0x00166b     0x1  Data  Gb  ApiPocCmd.o [1]
ReadBufferB             0x00166c     0x1  Data  Gb  ApiPocCmd.o [1]
ReadByte                0x0138c4    0x57  Code  Gb  ApiDisplay.o [1]
Region$$Table$$Base     0x00a48e           --   Gb  - Linker created -
Region$$Table$$Limit    0x00a4aa           --   Gb  - Linker created -
RxStartFlag             0x001630     0x6  Data  Gb  ApiBeidou.o [1]
SPI_IRQHandler          0x014c1e     0x1  Code  Gb  stm8s_it.o [1]
SendByte                0x012d8f    0x88  Code  Gb  ApiDisplay.o [1]
SetTaskId               0x014bfe     0x4  Code  Gb  System.o [1]
Set_GreenLed            0x014891    0x19  Code  Gb  McuConfig.o [1]
Set_RedLed              0x0148aa    0x19  Code  Gb  McuConfig.o [1]
SubmenuMenuDisplay      0x011b77    0xf8  Code  Gb  ApiMenu.o [1]
SystemClock_Init        0x014447    0x2b  Code  Gb  sysclock.o [1]
TASK_Ptt_StartPersonCalling_Flag
                        0x001689     0x1  Data  Gb  Task.o [1]
TASK_RunLoBattery       0x014472    0x2b  Code  Gb  Task.o [1]
TASK_WriteFreq          0x014c02     0x4  Code  Gb  Task.o [1]
TIM1_CAP_COM_IRQHandler
                        0x014c20     0x1  Code  Gb  stm8s_it.o [1]
TIM1_CCxCmd             0x013f65    0x43  Code  Gb  stm8s_tim1.o [1]
TIM1_Cmd                0x014acd     0xd  Code  Gb  stm8s_tim1.o [1]
TIM1_CtrlPWMOutputs     0x014ada     0xd  Code  Gb  stm8s_tim1.o [1]
TIM1_DeInit             0x0128f4    0x99  Code  Gb  stm8s_tim1.o [1]
TIM1_OC1Init            0x0135e1    0x61  Code  Gb  stm8s_tim1.o [1]
TIM1_OC1PreloadConfig   0x014ae7     0xd  Code  Gb  stm8s_tim1.o [1]
TIM1_PWM_Init           0x01391b    0x56  Code  Gb  Tone.o [1]
TIM1_TimeBaseInit       0x014694    0x24  Code  Gb  stm8s_tim1.o [1]
TIM1_UPD_OVF_TRG_BRK_IRQHandler
                        0x014c1f     0x1  Code  Gb  stm8s_it.o [1]
TIM2_CAP_COM_IRQHandler
                        0x014c22     0x1  Code  Gb  stm8s_it.o [1]
TIM2_UPD_OVF_BRK_IRQHandler
                        0x014c21     0x1  Code  Gb  stm8s_it.o [1]
TIM3_ARRPreloadConfig   0x014b01     0xd  Code  Gb  stm8s_tim3.o [1]
TIM3_CAP_COM_IRQHandler
                        0x014c23     0x1  Code  Gb  stm8s_it.o [1]
TIM3_ClearITPendingBit  0x014b99     0x5  Code  Gb  stm8s_tim3.o [1]
TIM3_Cmd                0x014af4     0xd  Code  Gb  stm8s_tim3.o [1]
TIM3_ITConfig           0x0149f6    0x13  Code  Gb  stm8s_tim3.o [1]
TIM3_PrescalerConfig    0x014b52     0x9  Code  Gb  stm8s_tim3.o [1]
TIM3_TimeBaseInit       0x014b28     0xc  Code  Gb  stm8s_tim3.o [1]
TIM3_UPD_OVF_BRK_IRQHandler
                        0x0147a2    0x21  Code  Gb  stm8s_it.o [1]
TIM4_UPD_OVF_IRQHandler
                        0x014c28     0x1  Code  Gb  stm8s_it.o [1]
TLI_IRQHandler          0x014c16     0x1  Code  Gb  stm8s_it.o [1]
TONE_PowerOnInitial     0x0132bc    0x6b  Code  Gb  Tone.o [1]
TONE_Start              0x0145e2    0x1d  Code  Gb  Tone.o [1]
TONE_Stop               0x0145d9     0x9  Code  Gb  Tone.o [1]
TRAP_IRQHandler         0x014c15     0x1  Code  Gb  stm8s_it.o [1]
TaskDrvObj              0x0015b5    0x14  Data  Lc  System.o [1]
Task_Landing_Flag       0x00168a     0x1  Data  Gb  Task.o [1]
Task_RunNormalOperation
                        0x00bb1d   0x51e  Code  Gb  Task.o [1]
Task_RunStart           0x00e560   0x1e3  Code  Gb  Task.o [1]
Test1                   0x001652     0x1  Data  Gb  ApiGpsCmd.o [1]
TestNum1                0x00165b     0x1  Data  Gb  ApiKeyboard.o [1]
TestNum10               0x001664     0x1  Data  Gb  ApiKeyboard.o [1]
TestNum11               0x001665     0x1  Data  Gb  ApiKeyboard.o [1]
TestNum12               0x001666     0x1  Data  Gb  ApiKeyboard.o [1]
TestNum2                0x00165c     0x1  Data  Gb  ApiKeyboard.o [1]
TestNum3                0x00165d     0x1  Data  Gb  ApiKeyboard.o [1]
TestNum4                0x00165e     0x1  Data  Gb  ApiKeyboard.o [1]
TestNum5                0x00165f     0x1  Data  Gb  ApiKeyboard.o [1]
TestNum6                0x001660     0x1  Data  Gb  ApiKeyboard.o [1]
TestNum7                0x001661     0x1  Data  Gb  ApiKeyboard.o [1]
TestNum8                0x001662     0x1  Data  Gb  ApiKeyboard.o [1]
TestNum9                0x001663     0x1  Data  Gb  ApiKeyboard.o [1]
Tim3_Timer_Init         0x0144c6    0x29  Code  Gb  McuConfig.o [1]
TimeCount               0x00167b     0x1  Data  Gb  Delay.o [1]
TimeCount2              0x00167c     0x1  Data  Gb  Delay.o [1]
TimeCount3              0x00167d     0x1  Data  Gb  Delay.o [1]
TimeCount_Light         0x00167e     0x1  Data  Gb  Delay.o [1]
ToneDrvObj              0x0015db    0x12  Data  Lc  Tone.o [1]
ToneTimeCount           0x00167f     0x1  Data  Gb  Delay.o [1]
UART1_Cmd               0x014b0e     0xd  Code  Gb  stm8s_uart1.o [1]
UART1_DeInit            0x0143ee    0x2d  Code  Gb  stm8s_uart1.o [1]
UART1_GetFlagStatus     0x014217    0x32  Code  Gb  stm8s_uart1.o [1]
UART1_GetITStatus       0x012be5    0x92  Code  Gb  stm8s_uart1.o [1]
UART1_ITConfig          0x01324f    0x6d  Code  Gb  stm8s_uart1.o [1]
UART1_Init              0x0109eb   0x159  Code  Gb  stm8s_uart1.o [1]
UART1_RX_IRQHandler     0x0145b3    0x26  Code  Gb  stm8s_it.o [1]
UART1_ReceiveData8      0x014bea     0x4  Code  Gb  stm8s_uart1.o [1]
UART1_SendData8         0x014bee     0x4  Code  Gb  stm8s_uart1.o [1]
UART1_TX_IRQHandler     0x014c24     0x1  Code  Gb  stm8s_it.o [1]
UART3_Cmd               0x014b1b     0xd  Code  Gb  stm8s_uart3.o [1]
UART3_DeInit            0x01464a    0x25  Code  Gb  stm8s_uart3.o [1]
UART3_GetFlagStatus     0x013db8    0x49  Code  Gb  stm8s_uart3.o [1]
UART3_GetITStatus       0x0124ed    0xb6  Code  Gb  stm8s_uart3.o [1]
UART3_ITConfig          0x012c77    0x8d  Code  Gb  stm8s_uart3.o [1]
UART3_Init              0x011538   0x12a  Code  Gb  stm8s_uart3.o [1]
UART3_Interrupt         0x012433    0xba  Code  Gb  uart3.o [1]
UART3_RX_IRQHandler     0x014876    0x1b  Code  Gb  stm8s_it.o [1]
UART3_ReceiveData8      0x014bf2     0x4  Code  Gb  stm8s_uart3.o [1]
UART3_SendByte          0x014a51    0x10  Code  Gb  uart3.o [1]
UART3_SendData8         0x014bf6     0x4  Code  Gb  stm8s_uart3.o [1]
UART3_TX_IRQHandler     0x014c26     0x1  Code  Gb  stm8s_it.o [1]
UART3_ToMcuMain         0x013c45    0x4b  Code  Gb  uart3.o [1]
UART_Delay              0x014a2d    0x12  Code  Lc  uart3.o [1]
UART_ErrorAck           0x013b93    0x16  Code  Lc  uart3.o [1]
UART_GetCheckSum        0x012b50    0x2e  Code  Lc  uart3.o [1]
UART_KeyCommand         0x01176e   0x109  Code  Lc  uart3.o [1]
UART_Link               0x012b7e    0x67  Code  Lc  uart3.o [1]
UART_PasCommand         0x00eac8   0x1b2  Code  Lc  uart3.o [1]
UART_PocCommand         0x0137b8    0x5c  Code  Lc  uart3.o [1]
UART_ReadCommand        0x011e4d    0xe9  Code  Lc  uart3.o [1]
UART_RightAck           0x0131e1    0x6e  Code  Lc  uart3.o [1]
UART_RxFrame            0x013a1a    0x52  Code  Lc  uart3.o [1]
UART_TxSend             0x013b5a    0x39  Code  Lc  uart3.o [1]
UART_WriteCommand       0x011c6f    0xf3  Code  Lc  uart3.o [1]
UNICODE_16_GetData      0x00ee19   0x185  Code  Gb  GT20L16P1Y.o [3]
Uart1_Init              0x014393    0x2e  Code  Gb  McuConfig.o [1]
Uart3_Init              0x014063    0x39  Code  Gb  uart3.o [1]
UartDrvObj              0x0014ee    0x44  Data  Lc  uart3.o [1]
UnicodeForGbk_MainUserName
                        0x0102e6   0x173  Code  Gb  ApiPocCmd.o [1]
UnicodeForGbk_MainUserNameBuf
                        0x0015fc     0xf  Data  Gb  ApiPocCmd.o [1]
UnicodeForGbk_MainWorkName
                        0x010173   0x173  Code  Gb  ApiPocCmd.o [1]
UnicodeForGbk_MainWorkNameBuf
                        0x0015ed     0xf  Data  Gb  ApiPocCmd.o [1]
UnicodeForGbk_SpeakerRightnowName
                        0x010459   0x16e  Code  Gb  ApiPocCmd.o [1]
UnicodeForGbk_SpeakerRightnowNameBuf
                        0x00160b     0xf  Data  Gb  ApiPocCmd.o [1]
UnicodeGetPointArrayData32
                        0x013e91    0x48  Code  Gb  GT20L16P1Y_D.o [1]
UnicodeValueSearch      0x01458d    0x26  Code  Gb  GT20L16P1Y_D.o [1]
VOICE_1sProcess         0x014a61     0xf  Code  Gb  Voice.o [1]
VOICE_Renew             0x013170    0x71  Code  Gb  Voice.o [1]
VOICE_SetOutput         0x014249    0x31  Code  Gb  Voice.o [1]
ValueSearch             0x01375c    0x5c  Code  Gb  GT20L16P1Y_D.o [1]
VerifyData              0x008080  0x1b00  Data  Gb  GT20L16P1Y_D.o [1]
VoiceDrvObj             0x001636     0x6  Data  Lc  Voice.o [1]
VoiceType_FreehandOrHandset_Flag
                        0x00165a     0x1  Data  Gb  ApiKeyboard.o [1]
WRITE_TABLE             0x00ab39     0x4  Data  Lc  uart3.o [1]
WW_GetData              0x00d246   0x2cd  Code  Gb  GT20L16P1Y.o [3]
WriteEEPROMByte         0x013fe8    0x3e  Code  Gb  Flash_eeprom.o [1]
__DebugBreak            0x014c2a     0x1  Code  Gb  __dbg_break.o [4]
__exit                  0x014980    0x16  Code  Gb  __dbg_xxexit.o [4]
__iar_copy_init2        0x014517          Code  Gb  init_small.o [5]
__iar_data_init2        0x014802    0x1e  Code  Gb  init.o [5]
__iar_program_start     0x01493c          Code  Gb  cstartup.o [5]
__iar_unhandled_exception
                        0x014c11          Code  Gb  unhandled_exception.o [5]
__iar_zero_init2        0x014820          Code  Gb  init_small.o [5]
__intvec                0x008000          Data  Gb  interrupt.o [5]
__low_level_init        0x014c0e     0x3  Code  Gb  low_level_init.o [5]
_exit                   0x014b84          Code  Gb  cexit.o [5]
_interrupt_1            0x014c15          Code  Gb  stm8s_it.o [1]
_interrupt_12           0x014c1e          Code  Gb  stm8s_it.o [1]
_interrupt_13           0x014c1f          Code  Gb  stm8s_it.o [1]
_interrupt_14           0x014c20          Code  Gb  stm8s_it.o [1]
_interrupt_15           0x014c21          Code  Gb  stm8s_it.o [1]
_interrupt_16           0x014c22          Code  Gb  stm8s_it.o [1]
_interrupt_17           0x0147a2          Code  Gb  stm8s_it.o [1]
_interrupt_18           0x014c23          Code  Gb  stm8s_it.o [1]
_interrupt_19           0x014c24          Code  Gb  stm8s_it.o [1]
_interrupt_2            0x014c16          Code  Gb  stm8s_it.o [1]
_interrupt_20           0x0145b3          Code  Gb  stm8s_it.o [1]
_interrupt_21           0x014c25          Code  Gb  stm8s_it.o [1]
_interrupt_22           0x014c26          Code  Gb  stm8s_it.o [1]
_interrupt_23           0x014876          Code  Gb  stm8s_it.o [1]
_interrupt_24           0x014c27          Code  Gb  stm8s_it.o [1]
_interrupt_25           0x014c28          Code  Gb  stm8s_it.o [1]
_interrupt_26           0x014c29          Code  Gb  stm8s_it.o [1]
_interrupt_3            0x014c17          Code  Gb  stm8s_it.o [1]
_interrupt_4            0x014c18          Code  Gb  stm8s_it.o [1]
_interrupt_5            0x014c19          Code  Gb  stm8s_it.o [1]
_interrupt_6            0x014c1a          Code  Gb  stm8s_it.o [1]
_interrupt_7            0x014c1b          Code  Gb  stm8s_it.o [1]
_interrupt_8            0x014c1c          Code  Gb  stm8s_it.o [1]
_interrupt_9            0x014c1d          Code  Gb  stm8s_it.o [1]
api_diap_ico_pos_get    0x013580    0x61  Code  Gb  ApiDisplay.o [1]
api_disp_all_screen_refresh
                        0x013abc    0x4f  Code  Gb  ApiDisplay.o [1]
api_disp_char_output    0x01490e    0x17  Code  Gb  ApiDisplay.o [1]
api_disp_char_output2   0x014925    0x17  Code  Gb  ApiDisplay.o [1]
api_disp_ico_output     0x0125a3    0xb0  Code  Gb  ApiDisplay.o [1]
api_disp_icoid_output   0x01298d    0x97  Code  Gb  ApiDisplay.o [1]
api_lcd_pwr_on_hint     0x014337    0x2e  Code  Gb  ApiDisplay.o [1]
api_lcd_pwr_on_hint2    0x0142aa    0x2f  Code  Gb  ApiDisplay.o [1]
api_lcd_pwr_on_hint3    0x0143c1    0x2d  Code  Gb  ApiDisplay.o [1]
api_lcd_pwr_on_hint4    0x0142d9    0x2f  Code  Gb  ApiDisplay.o [1]
api_lcd_pwr_on_hint5    0x014365    0x2e  Code  Gb  ApiDisplay.o [1]
api_poc_command_get     0x012702    0xad  Code  Lc  uart3.o [1]
api_poc_command_set     0x01201b    0xdf  Code  Lc  uart3.o [1]
drv_gt20_data_output    0x0112d2   0x134  Code  Gb  DrvGT20L16S1Y.o [1]
drv_gt20_data_output2   0x011063   0x13b  Code  Gb  DrvGT20L16S1Y.o [1]
drv_gt20_pwr_on_init    0x014108     0x4  Code  Gb  DrvGT20L16S1Y.o [1]
drv_htg_clr_allscr      0x00ddb9    0x35  Code  Gb  DrvHTG12832.o [1]
drv_htg_pwr_on_init     0x00dec6     0xc  Code  Gb  DrvHTG12832.o [1]
drv_htg_reset           0x00dc80     0x5  Code  Gb  DrvHTG12832.o [1]
drv_htg_set_address     0x00dcff    0x40  Code  Gb  DrvHTG12832.o [1]
drv_htg_write_command   0x00dc85    0x7a  Code  Gb  DrvHTG12832.o [1]
drv_htg_write_data      0x00dd3f    0x7a  Code  Gb  DrvHTG12832.o [1]
drv_keypad_scan         0x00e34f   0x211  Code  Gb  DrvKeyboard.o [1]
exit                    0x014c0a     0x4  Code  Gb  exit.o [5]
find_zf_tab             0x013ed9    0x47  Code  Gb  GT20L16P1Y.o [3]
get_key_value           0x011f36    0xe5  Code  Gb  ApiKeyboard.o [1]
htg_delay_ms            0x00ddee    0x1e  Code  Lc  DrvHTG12832.o [1]
htg_initial             0x00de0c    0x6c  Code  Lc  DrvHTG12832.o [1]
key_scan_board          0x010f24   0x13f  Code  Gb  DrvKeyboard.o [1]
main                    0x014be2     0x4  Code  Gb  main.o [1]
main_app                0x013bf7    0x4e  Code  Gb  System.o [1]
main_init               0x01197a   0x103  Code  Gb  System.o [1]
mcu_gt20_initial        0x0140d4    0x34  Code  Lc  DrvGT20L16S1Y.o [1]
mcu_key_pad_out         0x012aba    0x96  Code  Gb  DrvKeyboard.o [1]
mcu_key_pad_read        0x0130fe    0x72  Code  Gb  DrvKeyboard.o [1]
mcu_key_pad_set         0x010c97   0x148  Code  Gb  DrvKeyboard.o [1]
mcu_lcd_initial         0x00de78    0x4e  Code  Lc  DrvHTG12832.o [1]
memcmp                  0x014178    0x36  Code  Gb  memcmp.o [5]
memcpy                  0x0145ff    0x26  Code  Gb  memcpy.o [5]
memset                  0x014953    0x17  Code  Gb  memset.o [5]
pack_data               0x0105c7   0x165  Code  Lc  ApiGpsCmd.o [1]
r_dat_bat               0x01338e    0x64  Code  Gb  ApiDisplay.o [1]
strlen                  0x014a3f    0x12  Code  Gb  strlen.o [5]
ucAtPocHead             0x0016c4     0x2  Data  Gb  ApiPocCmd.o [1]
ucCDMATIME              0x00169b     0x2  Data  Gb  ApiAtCmd.o [1]
ucCLVL                  0x0016de     0x2  Data  Gb  Task.o [1]
ucCODECCTL              0x0016e2     0x2  Data  Gb  Task.o [1]
ucCSQ                   0x0016ea     0x2  Data  Gb  Task.o [1]
ucCaretPPPCFG           0x0016a3     0x2  Data  Gb  ApiAtCmd.o [1]
ucCheckCard             0x0016b7     0x2  Data  Gb  ApiAtCmd.o [1]
ucCheckPPP              0x0016b1     0x2  Data  Gb  ApiAtCmd.o [1]
ucCheckRssi             0x001693     0x2  Data  Gb  ApiAtCmd.o [1]
ucCheckTcp              0x0016a7     0x2  Data  Gb  ApiAtCmd.o [1]
ucEndPTT                0x0016da     0x2  Data  Gb  Task.o [1]
ucGD83Reset             0x00168d     0x2  Data  Gb  ApiAtCmd.o [1]
ucGPSINFO               0x00169d     0x2  Data  Gb  ApiAtCmd.o [1]
ucGPSSendToAtPort       0x0016c8     0x2  Data  Gb  Delay.o [1]
ucGPSUploadTime_5s      0x0016ca     0x2  Data  Gb  Delay.o [1]
ucGpsPosition           0x001699     0x2  Data  Gb  ApiAtCmd.o [1]
ucOSSYSHWID             0x0016e4     0x2  Data  Gb  Task.o [1]
ucPPPCFG                0x0016ec     0x2  Data  Gb  Task.o [1]
ucPlayZtts              0x0016a5     0x2  Data  Gb  ApiAtCmd.o [1]
ucPocOpenConfig         0x0016f0     0x2  Data  Gb  Task.o [1]
ucPrefmode2             0x0016e6     0x2  Data  Gb  Task.o [1]
ucPrefmode4             0x0016e8     0x2  Data  Gb  Task.o [1]
ucQuitPersonalCalling   0x0016be     0x2  Data  Gb  ApiKeyboard.o [1]
ucRequestUserListInfo   0x0016dc     0x2  Data  Gb  Task.o [1]
ucRxCSQ31               0x001695     0x2  Data  Gb  ApiAtCmd.o [1]
ucRxCSQ99               0x001697     0x2  Data  Gb  ApiAtCmd.o [1]
ucRxCheckPppClose       0x0016b5     0x2  Data  Gb  ApiAtCmd.o [1]
ucRxCheckPppOpen        0x0016b3     0x2  Data  Gb  ApiAtCmd.o [1]
ucRxCheckTcp            0x0016ad     0x2  Data  Gb  ApiAtCmd.o [1]
ucRxOkHeadInfo          0x0016d2     0x2  Data  Gb  DrvGD83.o [1]
ucRxPASTATE0            0x001691     0x2  Data  Gb  ApiAtCmd.o [1]
ucRxPASTATE1            0x00168f     0x2  Data  Gb  ApiAtCmd.o [1]
ucRxPocHeadInfo         0x0016d0     0x2  Data  Gb  DrvGD83.o [1]
ucRxTcpDataHeadInfo     0x0016d4     0x2  Data  Gb  DrvGD83.o [1]
ucSIMST1                0x00169f     0x2  Data  Gb  ApiAtCmd.o [1]
ucSIMST255              0x0016a1     0x2  Data  Gb  ApiAtCmd.o [1]
ucSendTcp               0x0016ab     0x2  Data  Gb  ApiAtCmd.o [1]
ucSetIPAndID            0x0016c6     0x2  Data  Gb  ApiPocCmd.o [1]
ucSetIp                 0x0016a9     0x2  Data  Gb  ApiAtCmd.o [1]
ucStartPTT              0x0016d8     0x2  Data  Gb  Task.o [1]
ucTxPocHeadInfo         0x0016ce     0x2  Data  Gb  DrvGD83.o [1]
ucVGR                   0x0016e0     0x2  Data  Gb  Task.o [1]
ucVGR1                  0x0016ba     0x2  Data  Gb  ApiKeyboard.o [1]
ucVGR7                  0x0016bc     0x2  Data  Gb  ApiKeyboard.o [1]
ucZTTS_Abell            0x0016ee     0x2  Data  Gb  Task.o [1]
ucZpppOpen              0x0016af     0x2  Data  Gb  ApiAtCmd.o [1]


[1] = E:\1-source\A508\PRJ\Debug\Obj
[2] = command line
[3] = GT20L16_STM8_DOUBLE_MEDIUM_IAR.a
[4] = dbgstm8mmd.a
[5] = dlstm8mmn.a

  36 995 bytes of readonly  code memory
  11 078 bytes of readonly  data memory
   6 130 bytes of readwrite data memory

Errors: none
Warnings: none
