###############################################################################
#
# IAR ELF Linker V2.20.1.176 for STM8                     06/Jan/2018  17:06:42
# Copyright 2010-2015 IAR Systems AB.
#
#    Output file  =  E:\1-source\A508\PRJ\Debug\Exe\A508_DEMO1.out
#    Map file     =  E:\1-source\A508\PRJ\Debug\List\A508_DEMO1.map
#    Command line =  
#        E:\1-source\A508\PRJ\Debug\Obj\ADC.o
#        E:\1-source\A508\PRJ\Debug\Obj\ApiAtCmd.o
#        E:\1-source\A508\PRJ\Debug\Obj\ApiDisplay.o
#        E:\1-source\A508\PRJ\Debug\Obj\ApiGpsCmd.o
#        E:\1-source\A508\PRJ\Debug\Obj\ApiKeyboard.o
#        E:\1-source\A508\PRJ\Debug\Obj\ApiLED.o
#        E:\1-source\A508\PRJ\Debug\Obj\ApiPocCmd.o
#        E:\1-source\A508\PRJ\Debug\Obj\Beep.o
#        E:\1-source\A508\PRJ\Debug\Obj\CommonLib.o
#        E:\1-source\A508\PRJ\Debug\Obj\Delay.o
#        E:\1-source\A508\PRJ\Debug\Obj\DrvGD83.o
#        E:\1-source\A508\PRJ\Debug\Obj\DrvGT20L16S1Y.o
#        E:\1-source\A508\PRJ\Debug\Obj\DrvHTG12832.o
#        E:\1-source\A508\PRJ\Debug\Obj\DrvKeyboard.o
#        E:\1-source\A508\PRJ\Debug\Obj\Flash_eeprom.o
#        E:\1-source\A508\SRC\Syetem\GT20L16P1Y_IAR_STM8.a
#        E:\1-source\A508\PRJ\Debug\Obj\main.o
#        E:\1-source\A508\PRJ\Debug\Obj\McuConfig.o
#        E:\1-source\A508\PRJ\Debug\Obj\stm8s_adc2.o
#        E:\1-source\A508\PRJ\Debug\Obj\stm8s_awu.o
#        E:\1-source\A508\PRJ\Debug\Obj\stm8s_beep.o
#        E:\1-source\A508\PRJ\Debug\Obj\stm8s_clk.o
#        E:\1-source\A508\PRJ\Debug\Obj\stm8s_exti.o
#        E:\1-source\A508\PRJ\Debug\Obj\stm8s_flash.o
#        E:\1-source\A508\PRJ\Debug\Obj\stm8s_gpio.o
#        E:\1-source\A508\PRJ\Debug\Obj\stm8s_i2c.o
#        E:\1-source\A508\PRJ\Debug\Obj\stm8s_it.o
#        E:\1-source\A508\PRJ\Debug\Obj\stm8s_itc.o
#        E:\1-source\A508\PRJ\Debug\Obj\stm8s_iwdg.o
#        E:\1-source\A508\PRJ\Debug\Obj\stm8s_rst.o
#        E:\1-source\A508\PRJ\Debug\Obj\stm8s_spi.o
#        E:\1-source\A508\PRJ\Debug\Obj\stm8s_tim1.o
#        E:\1-source\A508\PRJ\Debug\Obj\stm8s_tim2.o
#        E:\1-source\A508\PRJ\Debug\Obj\stm8s_tim3.o
#        E:\1-source\A508\PRJ\Debug\Obj\stm8s_tim4.o
#        E:\1-source\A508\PRJ\Debug\Obj\stm8s_uart1.o
#        E:\1-source\A508\PRJ\Debug\Obj\stm8s_uart3.o
#        E:\1-source\A508\PRJ\Debug\Obj\stm8s_wwdg.o
#        E:\1-source\A508\PRJ\Debug\Obj\sysclock.o
#        E:\1-source\A508\PRJ\Debug\Obj\System.o
#        E:\1-source\A508\PRJ\Debug\Obj\Task.o
#        E:\1-source\A508\PRJ\Debug\Obj\Tone.o
#        E:\1-source\A508\PRJ\Debug\Obj\uart3.o
#        E:\1-source\A508\PRJ\Debug\Obj\Voice.o --redirect _Printf=_PrintfSmall
#        --redirect _Scanf=_ScanfSmall -o
#        E:\1-source\A508\PRJ\Debug\Exe\A508_DEMO1.out --map
#        E:\1-source\A508\PRJ\Debug\List\A508_DEMO1.map --config "C:\Program
#        Files\IAR Systems\Embedded Workbench
#        7.3\stm8\config\lnkstm8s007c8.icf" --config_def _CSTACK_SIZE=0x200
#        --config_def _HEAP_SIZE=0x100 --entry __iar_program_start --debug_lib
#
###############################################################################

*******************************************************************************
*** RUNTIME MODEL ATTRIBUTES
***

__SystemLibrary            = DLib
__code_model               = small
__core                     = stm8
__data_model               = medium
__dlib_file_descriptor     = 0
__dlib_full_locale_support = 0
__rt_version               = 4


*******************************************************************************
*** PLACEMENT SUMMARY
***

"A1":  place at start of [0x000000-0x0000ff] { rw section .vregs };
"A2":  place at end of [0x000000-0x0017ff] { block CSTACK };
"P2":  place in [from 0x000000 to 0x0017ff] {
          block HEAP, rw section __DLIB_PERTHREAD, rw section .far.bss,
          rw section .far.data, rw section .far.noinit,
          rw section .far_func.textrw, rw section .huge.bss,
          rw section .huge.data, rw section .huge.noinit,
          rw section .huge_func.textrw, rw section .iar.dynexit,
          rw section .near.bss, rw section .near.data, rw section .near.noinit,
          rw section .near_func.textrw };
"A3":  place at start of [0x008000-0x00ffff] { block INTVEC };
"P3":  place in [from 0x008000 to 0x00ffff] {
          ro section __DLIB_PERTHREAD_init, ro section .far.data_init,
          ro section .far_func.textrw_init, ro section .huge.data_init,
          ro section .huge_func.textrw_init, ro section .iar.init_table,
          ro section .init_array, ro section .near.data_init,
          ro section .near.rodata, ro section .near_func.text,
          ro section .near_func.textrw_init, ro section .tiny.data_init,
          ro section .tiny.rodata_init };

  Section            Kind      Address    Size  Object
  -------            ----      -------    ----  ------
"A1":                                     0x10
  .vregs             uninit   0x000000    0x10  vregs.o [5]
                            - 0x000010    0x10

"P2", part 1 of 5:                       0xef5
  .near.bss          zero     0x000010   0xef5  ApiPocCmd.o [1]
                            - 0x000f05   0xef5

"P2", part 2 of 5:                       0x28a
  .near.bss          zero     0x000f05   0x28a  DrvGD83.o [1]
                            - 0x00118f   0x28a

"P2", part 3 of 5:                       0x200
  .near.bss          zero     0x00118f   0x200  ApiDisplay.o [1]
                            - 0x00138f   0x200

"P2", part 4 of 5:                       0x1d4
  .near.bss          zero     0x00138f    0x77  ApiAtCmd.o [1]
  .near.bss          zero     0x001406    0x50  ApiPocCmd.o [1]
  .near.bss          zero     0x001456    0x44  uart3.o [1]
  .near.bss          zero     0x00149a    0x40  ApiDisplay.o [1]
  .near.bss          zero     0x0014da    0x14  System.o [1]
  .near.bss          zero     0x0014ee    0x12  Beep.o [1]
  .near.bss          zero     0x001500    0x12  Tone.o [1]
  .near.bss          zero     0x001512     0xf  ApiPocCmd.o [1]
  .near.bss          zero     0x001521     0xb  Delay.o [1]
  .near.bss          zero     0x00152c     0x6  ApiKeyboard.o [1]
  .near.bss          zero     0x001532     0x6  Voice.o [1]
  .near.bss          zero     0x001538     0x5  System.o [1]
  .near.bss          zero     0x00153d     0x4  uart3.o [1]
  .near.bss          zero     0x001541     0x2  ApiDisplay.o [1]
  .near.bss          zero     0x001543     0x2  ApiGpsCmd.o [1]
  .near.bss          zero     0x001545     0x2  DrvHTG12832.o [1]
  .near.bss          zero     0x001547     0x1  ADC.o [1]
  .near.bss          zero     0x001548     0x1  ApiAtCmd.o [1]
  .near.bss          zero     0x001549     0x1  ApiAtCmd.o [1]
  .near.bss          zero     0x00154a     0x1  ApiAtCmd.o [1]
  .near.bss          zero     0x00154b     0x1  ApiAtCmd.o [1]
  .near.bss          zero     0x00154c     0x1  ApiAtCmd.o [1]
  .near.bss          zero     0x00154d     0x1  ApiGpsCmd.o [1]
  .near.bss          zero     0x00154e     0x1  ApiKeyboard.o [1]
  .near.bss          zero     0x00154f     0x1  ApiKeyboard.o [1]
  .near.bss          zero     0x001550     0x1  ApiKeyboard.o [1]
  .near.bss          zero     0x001551     0x1  ApiKeyboard.o [1]
  .near.bss          zero     0x001552     0x1  ApiKeyboard.o [1]
  .near.bss          zero     0x001553     0x1  ApiKeyboard.o [1]
  .near.bss          zero     0x001554     0x1  ApiKeyboard.o [1]
  .near.bss          zero     0x001555     0x1  ApiKeyboard.o [1]
  .near.bss          zero     0x001556     0x1  ApiKeyboard.o [1]
  .near.bss          zero     0x001557     0x1  ApiKeyboard.o [1]
  .near.bss          zero     0x001558     0x1  ApiKeyboard.o [1]
  .near.bss          zero     0x001559     0x1  ApiKeyboard.o [1]
  .near.bss          zero     0x00155a     0x1  ApiKeyboard.o [1]
  .near.bss          zero     0x00155b     0x1  ApiLED.o [1]
  .near.bss          zero     0x00155c     0x1  ApiPocCmd.o [1]
  .near.bss          zero     0x00155d     0x1  ApiPocCmd.o [1]
  .near.bss          zero     0x00155e     0x1  DrvGD83.o [1]
  .near.bss          zero     0x00155f     0x1  Task.o [1]
  .near.bss          zero     0x001560     0x1  Task.o [1]
  .near.bss          zero     0x001561     0x1  Task.o [1]
  .near.bss          zero     0x001562     0x1  Task.o [1]
                            - 0x001563   0x1d4

"P2", part 5 of 5:                        0x7e
  P2-1                        0x001563    0x7e  <Init block>
    .near.data       inited   0x001563     0x1  ApiAtCmd.o [1]
    .near.data       inited   0x001564     0x2  ApiAtCmd.o [1]
    .near.data       inited   0x001566     0x2  ApiAtCmd.o [1]
    .near.data       inited   0x001568     0x2  ApiAtCmd.o [1]
    .near.data       inited   0x00156a     0x2  ApiAtCmd.o [1]
    .near.data       inited   0x00156c     0x2  ApiAtCmd.o [1]
    .near.data       inited   0x00156e     0x2  ApiAtCmd.o [1]
    .near.data       inited   0x001570     0x2  ApiAtCmd.o [1]
    .near.data       inited   0x001572     0x2  ApiAtCmd.o [1]
    .near.data       inited   0x001574     0x2  ApiAtCmd.o [1]
    .near.data       inited   0x001576     0x2  ApiAtCmd.o [1]
    .near.data       inited   0x001578     0x2  ApiAtCmd.o [1]
    .near.data       inited   0x00157a     0x2  ApiAtCmd.o [1]
    .near.data       inited   0x00157c     0x2  ApiAtCmd.o [1]
    .near.data       inited   0x00157e     0x2  ApiAtCmd.o [1]
    .near.data       inited   0x001580     0x2  ApiAtCmd.o [1]
    .near.data       inited   0x001582     0x2  ApiAtCmd.o [1]
    .near.data       inited   0x001584     0x2  ApiAtCmd.o [1]
    .near.data       inited   0x001586     0x2  ApiAtCmd.o [1]
    .near.data       inited   0x001588     0x1  ApiKeyboard.o [1]
    .near.data       inited   0x001589     0x2  ApiKeyboard.o [1]
    .near.data       inited   0x00158b     0x2  ApiKeyboard.o [1]
    .near.data       inited   0x00158d     0x2  ApiKeyboard.o [1]
    .near.data       inited   0x00158f     0x1  ApiKeyboard.o [1]
    .near.data       inited   0x001590     0x2  ApiPocCmd.o [1]
    .near.data       inited   0x001592     0x2  ApiPocCmd.o [1]
    .near.data       inited   0x001594     0x2  DrvGD83.o [1]
    .near.data       inited   0x001596     0x2  DrvGD83.o [1]
    .near.data       inited   0x001598     0x2  DrvGD83.o [1]
    .near.data       inited   0x00159a     0x2  DrvGD83.o [1]
    .near.data       inited   0x00159c     0x8  DrvGT20L16S1Y.o [1]
    .near.data       inited   0x0015a4    0x20  DrvGT20L16S1Y.o [1]
    .near.data       inited   0x0015c4     0x2  System.o [1]
    .near.data       inited   0x0015c6     0x1  Task.o [1]
    .near.data       inited   0x0015c7     0x2  Task.o [1]
    .near.data       inited   0x0015c9     0x2  Task.o [1]
    .near.data       inited   0x0015cb     0x2  Task.o [1]
    .near.data       inited   0x0015cd     0x2  Task.o [1]
    .near.data       inited   0x0015cf     0x2  Task.o [1]
    .near.data       inited   0x0015d1     0x2  Task.o [1]
    .near.data       inited   0x0015d3     0x2  Task.o [1]
    .near.data       inited   0x0015d5     0x2  Task.o [1]
    .near.data       inited   0x0015d7     0x2  Task.o [1]
    .near.data       inited   0x0015d9     0x2  Task.o [1]
    .near.data       inited   0x0015db     0x2  Task.o [1]
    .near.data       inited   0x0015dd     0x2  Task.o [1]
    .near.data       inited   0x0015df     0x2  Task.o [1]
                            - 0x0015e1    0x7e

"A2":                                    0x200
  CSTACK                      0x001600   0x200  <Block>
    CSTACK           uninit   0x001600   0x200  <Block tail>
                            - 0x001800   0x200

"A3":                                     0x80
  INTVEC                      0x008000    0x80  <Block>
    .intvec          const    0x008000    0x80  interrupt.o [5]
                            - 0x008080    0x80

"P3":                                   0x757e
  .near_func.text    ro code  0x008080   0x809  DrvGD83.o [1]
  .near_func.text    ro code  0x008889   0x6d4  ApiGpsCmd.o [1]
  .near.rodata       const    0x008f5d   0x400  ApiDisplay.o [1]
  .near_func.text    ro code  0x00935d   0x38a  ApiKeyboard.o [1]
  .near_func.text    ro code  0x0096e7   0x315  Task.o [1]
  .near_func.text    ro code  0x0099fc   0x2fa  Beep.o [1]
  .near_func.text    ro code  0x009cf6   0x2f8  ApiPocCmd.o [1]
  .near_func.text    ro code  0x009fee   0x2e1  ApiGpsCmd.o [1]
  .near_func.text    ro code  0x00a2cf   0x296  ApiGpsCmd.o [1]
  .near_func.text    ro code  0x00a565   0x292  ApiGpsCmd.o [1]
  .near_func.text    ro code  0x00a7f7   0x288  ApiKeyboard.o [1]
  .near_func.text    ro code  0x00aa7f   0x21a  ApiAtCmd.o [1]
  .near_func.text    ro code  0x00ac99   0x219  DrvHTG12832.o [1]
  .near_func.text    ro code  0x00aeb2   0x1e7  DrvKeyboard.o [1]
  .near_func.text    ro code  0x00b099   0x1d9  GT20L16P1Y.o [3]
  .near_func.text    ro code  0x00b272   0x1ad  Task.o [1]
  .near_func.text    ro code  0x00b41f   0x1aa  uart3.o [1]
  .near_func.text    ro code  0x00b5c9   0x198  DrvGT20L16S1Y.o [1]
  .near_func.text    ro code  0x00b761   0x197  long.o [5]
  .near_func.text    ro code  0x00b8f8   0x15d  ApiPocCmd.o [1]
  .near_func.text    ro code  0x00ba55   0x14a  ApiPocCmd.o [1]
  .near_func.text    ro code  0x00bb9f   0x139  DrvKeyboard.o [1]
  .near_func.text    ro code  0x00bcd8   0x136  DrvKeyboard.o [1]
  .near_func.text    ro code  0x00be0e   0x134  stm8s_uart1.o [1]
  .near_func.text    ro code  0x00bf42   0x134  vreg_util.o [5]
  .near_func.text    ro code  0x00c076   0x130  GT20L16P1Y.o [3]
  .near_func.text    ro code  0x00c1a6   0x111  ApiAtCmd.o [1]
  .near_func.text    ro code  0x00c2b7   0x109  System.o [1]
  .near_func.text    ro code  0x00c3c0   0x105  stm8s_uart3.o [1]
  .near_func.text    ro code  0x00c4c5   0x104  uart3.o [1]
  .near_func.text    ro code  0x00c5c9   0x101  stm8s_itc.o [1]
  .near_func.text    ro code  0x00c6ca    0xf0  ADC.o [1]
  .near_func.text    ro code  0x00c7ba    0xe5  ApiKeyboard.o [1]
  .near_func.text    ro code  0x00c89f    0xe1  DrvGD83.o [1]
  .near_func.text    ro code  0x00c980    0xdb  CommonLib.o [1]
  .near_func.text    ro code  0x00ca5b    0xd7  uart3.o [1]
  .near_func.text    ro code  0x00cb32    0xd4  ApiPocCmd.o [1]
  .near_func.text    ro code  0x00cc06    0xce  ApiDisplay.o [1]
  .near_func.text    ro code  0x00ccd4    0xc5  ApiDisplay.o [1]
  .near_func.text    ro code  0x00cd99    0xba  ApiDisplay.o [1]
  .near_func.text    ro code  0x00ce53    0xb8  uart3.o [1]
  .near_func.text    ro code  0x00cf0b    0xb4  stm8s_uart3.o [1]
  .near_func.text    ro code  0x00cfbf    0xaf  ApiAtCmd.o [1]
  .near_func.text    ro code  0x00d06e    0xaf  ApiDisplay.o [1]
  .near_func.text    ro code  0x00d11d    0xaf  ApiGpsCmd.o [1]
  .near_func.text    ro code  0x00d1cc    0xaf  stm8s_gpio.o [1]
  .near_func.text    ro code  0x00d27b    0xa2  Delay.o [1]
  .near_func.text    ro code  0x00d31d    0xa2  stm8s_clk.o [1]
  .near_func.text    ro code  0x00d3bf    0x9c  Delay.o [1]
  .near_func.text    ro code  0x00d45b    0x99  stm8s_tim1.o [1]
  .near_func.text    ro code  0x00d4f4    0x99  Voice.o [1]
  .near_func.text    ro code  0x00d58d    0x90  stm8s_uart1.o [1]
  .near_func.text    ro code  0x00d61d    0x8f  ApiDisplay.o [1]
  .near_func.text    ro code  0x00d6ac    0x8e  uart3.o [1]
  .near_func.text    ro code  0x00d73a    0x8c  stm8s_uart3.o [1]
  .near_func.text    ro code  0x00d7c6    0x8a  DrvKeyboard.o [1]
  .near_func.text    ro code  0x00d850    0x7e  stm8s_adc2.o [1]
  Initializer bytes  const    0x00d8ce    0x7e  <for P2-1>
  .near_func.text    ro code  0x00d94c    0x7a  DrvGD83.o [1]
  .near_func.text    ro code  0x00d9c6    0x79  ApiDisplay.o [1]
  .near_func.text    ro code  0x00da3f    0x73  Delay.o [1]
  .near_func.text    ro code  0x00dab2    0x6d  uart3.o [1]
  .near_func.text    ro code  0x00db1f    0x6c  DrvKeyboard.o [1]
  .near_func.text    ro code  0x00db8b    0x6c  stm8s_uart1.o [1]
  .near_func.text    ro code  0x00dbf7    0x68  ApiAtCmd.o [1]
  .near_func.text    ro code  0x00dc5f    0x67  Tone.o [1]
  .near_func.text    ro code  0x00dcc6    0x61  stm8s_tim1.o [1]
  .near_func.text    ro code  0x00dd27    0x5e  CommonLib.o [1]
  .near_func.text    ro code  0x00dd85    0x5b  ApiLED.o [1]
  .near_func.text    ro code  0x00dde0    0x5a  ApiDisplay.o [1]
  .near_func.text    ro code  0x00de3a    0x57  ApiDisplay.o [1]
  .near_func.text    ro code  0x00de91    0x57  stm8s_clk.o [1]
  .near_func.text    ro code  0x00dee8    0x57  long_util.o [5]
  .near_func.text    ro code  0x00df3f    0x54  Delay.o [1]
  .near_func.text    ro code  0x00df93    0x53  stm8s_adc2.o [1]
  .near_func.text    ro code  0x00dfe6    0x51  ApiDisplay.o [1]
  .near_func.text    ro code  0x00e037    0x50  uart3.o [1]
  .near_func.text    ro code  0x00e087    0x50  uart3.o [1]
  .near_func.text    ro code  0x00e0d7    0x50  short.o [5]
  .near_func.text    ro code  0x00e127    0x4e  CommonLib.o [1]
  .near_func.text    ro code  0x00e175    0x4e  Tone.o [1]
  .near_func.text    ro code  0x00e1c3    0x4b  uart3.o [1]
  .near_func.text    ro code  0x00e20e    0x4a  ApiDisplay.o [1]
  .near_func.text    ro code  0x00e258    0x49  DrvGD83.o [1]
  .near_func.text    ro code  0x00e2a1    0x49  DrvGD83.o [1]
  .near_func.text    ro code  0x00e2ea    0x49  DrvGD83.o [1]
  .near_func.text    ro code  0x00e333    0x49  DrvGD83.o [1]
  .near_func.text    ro code  0x00e37c    0x49  stm8s_uart3.o [1]
  .near_func.text    ro code  0x00e3c5    0x46  GT20L16P1Y.o [3]
  .near_func.text    ro code  0x00e40b    0x43  Flash_eeprom.o [1]
  .near_func.text    ro code  0x00e44e    0x43  Flash_eeprom.o [1]
  .near_func.text    ro code  0x00e491    0x43  stm8s_tim1.o [1]
  .near_func.text    const    0x00e4d4    0x40  ApiDisplay.o [1]
  .near_func.text    ro code  0x00e514    0x40  Task.o [1]
  .near.rodata       const    0x00e554    0x3e  GT20L16P1Y.o [3]
  .near_func.text    ro code  0x00e592    0x3e  uart3.o [1]
  .near_func.text    ro code  0x00e5d0    0x3d  DrvGD83.o [1]
  .near_func.text    ro code  0x00e60d    0x36  stm8s_flash.o [1]
  .near_func.text    ro code  0x00e643    0x36  memcmp.o [5]
  .near_func.text    ro code  0x00e679    0x35  Flash_eeprom.o [1]
  .near_func.text    ro code  0x00e6ae    0x35  uart3.o [1]
  .near_func.text    ro code  0x00e6e3    0x33  DrvGT20L16S1Y.o [1]
  .near_func.text    ro code  0x00e716    0x32  Beep.o [1]
  .near_func.text    ro code  0x00e748    0x32  stm8s_uart1.o [1]
  .near.rodata       const    0x00e77a    0x31  Task.o [1]
  .near_func.text    ro code  0x00e7ab    0x30  McuConfig.o [1]
  .near_func.text    ro code  0x00e7db    0x30  sysclock.o [1]
  .near_func.text    ro code  0x00e80b    0x2f  stm8s_adc2.o [1]
  .near_func.text    ro code  0x00e83a    0x2d  stm8s_uart1.o [1]
  .near_func.text    ro code  0x00e867    0x2c  ApiDisplay.o [1]
  .near_func.text    ro code  0x00e893    0x2c  DrvGD83.o [1]
  .near_func.text    ro code  0x00e8bf    0x2c  stm8s_adc2.o [1]
  .near_func.text    ro code  0x00e8eb    0x2b  ApiDisplay.o [1]
  .near_func.text    ro code  0x00e916    0x2b  ApiDisplay.o [1]
  .near.rodata       const    0x00e941    0x2a  Task.o [1]
  .near_func.text    ro code  0x00e96b    0x2a  ApiDisplay.o [1]
  .near_func.text    ro code  0x00e995    0x2a  McuConfig.o [1]
  .near_func.text    ro code  0x00e9bf    0x28  Delay.o [1]
  .near_func.text    ro code  0x00e9e7    0x28  init_small.o [5]
  .near_func.text    ro code  0x00ea0f    0x27  stm8s_flash.o [1]
  .near_func.text    ro code  0x00ea36    0x27  sysclock.o [1]
  .near_func.text    ro code  0x00ea5d    0x26  Task.o [1]
  .near.rodata       const    0x00ea83    0x25  Task.o [1]
  .near.rodata       const    0x00eaa8    0x25  Task.o [1]
  .near.rodata       const    0x00eacd    0x25  Task.o [1]
  .near_func.text    ro code  0x00eaf2    0x25  stm8s_uart3.o [1]
  .near_func.text    ro code  0x00eb17    0x25  memcpy.o [5]
  .near_func.text    ro code  0x00eb3c    0x25  dc_util.o [5]
  .near_func.text    ro code  0x00eb61    0x24  McuConfig.o [1]
  .near_func.text    ro code  0x00eb85    0x24  McuConfig.o [1]
  .near_func.text    ro code  0x00eba9    0x24  stm8s_flash.o [1]
  .near_func.text    ro code  0x00ebcd    0x24  stm8s_tim1.o [1]
  .near_func.text    ro code  0x00ebf1    0x23  ADC.o [1]
  .near_func.text    ro code  0x00ec14    0x23  ApiGpsCmd.o [1]
  .near_func.text    ro code  0x00ec37    0x23  Tone.o [1]
  .near_func.text    ro code  0x00ec5a    0x22  ApiPocCmd.o [1]
  .near_func.text    ro code  0x00ec7c    0x21  ApiPocCmd.o [1]
  .near_func.text    ro code  0x00ec9d    0x21  stm8s_adc2.o [1]
  .iar.init_table    const    0x00ecbe    0x1e  - Linker created -
  .near_func.text    ro code  0x00ecdc    0x20  ADC.o [1]
  .near_func.text    ro code  0x00ecfc    0x20  ApiPocCmd.o [1]
  .near_func.text    ro code  0x00ed1c    0x20  ApiPocCmd.o [1]
  .near_func.text    ro code  0x00ed3c    0x20  stm8s_it.o [1]
  .near_func.text    ro code  0x00ed5c    0x1f  Delay.o [1]
  .near_func.text    ro code  0x00ed7b    0x1f  move.o [5]
  .near_func.text    ro code  0x00ed9a    0x1e  init_small.o [5]
  .near.rodata       const    0x00edb8    0x1d  Task.o [1]
  .near_func.text    ro code  0x00edd5    0x1c  Delay.o [1]
  .near_func.text    ro code  0x00edf1    0x1b  stm8s_it.o [1]
  .near_func.text    ro code  0x00ee0c    0x1b  sysclock.o [1]
  .near_func.text    ro code  0x00ee27    0x1a  Beep.o [1]
  .near.rodata       const    0x00ee41    0x18  Task.o [1]
  .near_func.text    ro code  0x00ee59    0x18  McuConfig.o [1]
  .near_func.text    ro code  0x00ee71    0x18  McuConfig.o [1]
  .near_func.text    ro code  0x00ee89    0x17  McuConfig.o [1]
  .near_func.text    ro code  0x00eea0    0x17  McuConfig.o [1]
  .near_func.text    ro code  0x00eeb7    0x17  McuConfig.o [1]
  .near_func.text    ro code  0x00eece    0x17  McuConfig.o [1]
  .near_func.text    ro code  0x00eee5    0x17  McuConfig.o [1]
  .near_func.text    ro code  0x00eefc    0x17  memset.o [5]
  .near_func.text    ro code  0x00ef13    0x17  init.o [5]
  .near_func.text    ro code  0x00ef2a    0x16  stm8s_flash.o [1]
  .near_func.text    ro code  0x00ef40    0x16  stm8s_it.o [1]
  .near_func.text    ro code  0x00ef56    0x15  ApiDisplay.o [1]
  .near_func.text    ro code  0x00ef6b    0x15  ApiDisplay.o [1]
  .near_func.text    ro code  0x00ef80    0x15  uart3.o [1]
  .near_func.text    ro code  0x00ef95    0x14  stm8s_flash.o [1]
  .near_func.text    ro code  0x00efa9    0x14  __dbg_xxexit.o [4]
  .near.rodata       const    0x00efbd    0x13  ApiAtCmd.o [1]
  .near.rodata       const    0x00efd0    0x13  Task.o [1]
  .near.rodata       const    0x00efe3    0x13  Task.o [1]
  .near_func.text    ro code  0x00eff6    0x13  stm8s_adc2.o [1]
  .near_func.text    ro code  0x00f009    0x13  stm8s_clk.o [1]
  .near_func.text    ro code  0x00f01c    0x13  stm8s_tim3.o [1]
  .near_func.text    ro code  0x00f02f    0x13  cstartup.o [5]
  .near.rodata       const    0x00f042    0x12  ApiAtCmd.o [1]
  .near.rodata       const    0x00f054    0x12  Task.o [1]
  .near_func.text    ro code  0x00f066    0x12  ApiPocCmd.o [1]
  .near_func.text    ro code  0x00f078    0x12  ApiPocCmd.o [1]
  .near_func.text    ro code  0x00f08a    0x12  uart3.o [1]
  .near_func.text    ro code  0x00f09c    0x12  strlen.o [5]
  .near.rodata       const    0x00f0ae    0x11  ApiKeyboard.o [1]
  .near.rodata       const    0x00f0bf    0x11  ApiKeyboard.o [1]
  .near.rodata       const    0x00f0d0    0x11  ApiKeyboard.o [1]
  .near.rodata       const    0x00f0e1    0x11  ApiKeyboard.o [1]
  .near.rodata       const    0x00f0f2    0x11  ApiKeyboard.o [1]
  .near.rodata       const    0x00f103    0x11  ApiKeyboard.o [1]
  .near.rodata       const    0x00f114    0x11  ApiKeyboard.o [1]
  .near.rodata       const    0x00f125    0x11  ApiKeyboard.o [1]
  .near.rodata       const    0x00f136    0x11  ApiKeyboard.o [1]
  .near.rodata       const    0x00f147    0x11  ApiKeyboard.o [1]
  .near.rodata       const    0x00f158    0x11  CommonLib.o [1]
  .near.rodata       const    0x00f169    0x11  System.o [1]
  .near.rodata       const    0x00f17a    0x11  Task.o [1]
  .near.rodata       const    0x00f18b    0x11  Task.o [1]
  .near.rodata       const    0x00f19c    0x11  Task.o [1]
  .near.rodata       const    0x00f1ad    0x11  Task.o [1]
  .near.rodata       const    0x00f1be    0x11  Task.o [1]
  .near.rodata       const    0x00f1cf    0x11  Task.o [1]
  .near.rodata       const    0x00f1e0    0x11  Task.o [1]
  .near.rodata       const    0x00f1f1    0x11  Task.o [1]
  .near.rodata       const    0x00f202    0x11  Task.o [1]
  .near.rodata       const    0x00f213    0x11  Task.o [1]
  .near.rodata       const    0x00f224    0x11  Task.o [1]
  .near.rodata       const    0x00f235    0x11  Task.o [1]
  .near.rodata       const    0x00f246    0x11  Task.o [1]
  .near_func.text    ro code  0x00f257    0x11  ApiPocCmd.o [1]
  .near_func.text    ro code  0x00f268    0x11  ApiPocCmd.o [1]
  .near.rodata       const    0x00f279    0x10  ApiAtCmd.o [1]
  .near.rodata       const    0x00f289    0x10  ApiAtCmd.o [1]
  .near.rodata       const    0x00f299    0x10  ApiDisplay.o [1]
  .near.rodata       const    0x00f2a9    0x10  ApiDisplay.o [1]
  .near.rodata       const    0x00f2b9    0x10  uart3.o [1]
  .near.rodata       const    0x00f2c9     0xf  ApiAtCmd.o [1]
  .near.rodata       const    0x00f2d8     0xf  ApiKeyboard.o [1]
  .near.rodata       const    0x00f2e7     0xf  Task.o [1]
  .near.rodata       const    0x00f2f6     0xf  Task.o [1]
  .near_func.text    ro code  0x00f305     0xf  Voice.o [1]
  .near.rodata       const    0x00f314     0xe  ApiAtCmd.o [1]
  .near.rodata       const    0x00f322     0xe  ApiAtCmd.o [1]
  .near.rodata       const    0x00f330     0xe  ApiAtCmd.o [1]
  .near.rodata       const    0x00f33e     0xe  Task.o [1]
  .near.rodata       const    0x00f34c     0xe  Task.o [1]
  .near_func.text    ro code  0x00f35a     0xe  ApiPocCmd.o [1]
  .near_func.text    ro code  0x00f368     0xe  uart3.o [1]
  .near.rodata       const    0x00f376     0xd  ApiPocCmd.o [1]
  .near.rodata       const    0x00f383     0xd  ApiPocCmd.o [1]
  .near.rodata       const    0x00f390     0xd  Task.o [1]
  .near_func.text    ro code  0x00f39d     0xd  stm8s_adc2.o [1]
  .near_func.text    ro code  0x00f3aa     0xd  stm8s_tim1.o [1]
  .near_func.text    ro code  0x00f3b7     0xd  stm8s_tim1.o [1]
  .near_func.text    ro code  0x00f3c4     0xd  stm8s_tim1.o [1]
  .near_func.text    ro code  0x00f3d1     0xd  stm8s_tim3.o [1]
  .near_func.text    ro code  0x00f3de     0xd  stm8s_tim3.o [1]
  .near_func.text    ro code  0x00f3eb     0xd  stm8s_uart1.o [1]
  .near_func.text    ro code  0x00f3f8     0xd  stm8s_uart3.o [1]
  .near.rodata       const    0x00f405     0xc  ApiAtCmd.o [1]
  .near_func.text    ro code  0x00f411     0xc  McuConfig.o [1]
  .near_func.text    ro code  0x00f41d     0xc  McuConfig.o [1]
  .near_func.text    ro code  0x00f429     0xc  McuConfig.o [1]
  .near_func.text    ro code  0x00f435     0xc  McuConfig.o [1]
  .near_func.text    ro code  0x00f441     0xc  stm8s_tim3.o [1]
  .near.rodata       const    0x00f44d     0xb  ApiAtCmd.o [1]
  .near.rodata       const    0x00f458     0xb  Task.o [1]
  .near_func.text    ro code  0x00f463     0xb  char.o [5]
  .near.rodata       const    0x00f46e     0xa  ApiAtCmd.o [1]
  .near.rodata       const    0x00f478     0xa  Task.o [1]
  .near.rodata       const    0x00f482     0xa  Task.o [1]
  .near_func.text    ro code  0x00f48c     0xa  ApiAtCmd.o [1]
  .near_func.text    ro code  0x00f496     0xa  ApiPocCmd.o [1]
  .near_func.text    ro code  0x00f4a0     0xa  ApiPocCmd.o [1]
  .near.rodata       const    0x00f4aa     0x9  ApiAtCmd.o [1]
  .near.rodata       const    0x00f4b3     0x9  ApiAtCmd.o [1]
  .near.rodata       const    0x00f4bc     0x9  ApiAtCmd.o [1]
  .near.rodata       const    0x00f4c5     0x9  ApiKeyboard.o [1]
  .near.rodata       const    0x00f4ce     0x9  ApiKeyboard.o [1]
  .near.rodata       const    0x00f4d7     0x9  ApiKeyboard.o [1]
  .near.rodata       const    0x00f4e0     0x9  DrvGD83.o [1]
  .near.rodata       const    0x00f4e9     0x9  System.o [1]
  .near.rodata       const    0x00f4f2     0x9  Task.o [1]
  .near_func.text    ro code  0x00f4fb     0x9  stm8s_gpio.o [1]
  .near_func.text    ro code  0x00f504     0x9  stm8s_tim3.o [1]
  .near.rodata       const    0x00f50d     0x8  ApiAtCmd.o [1]
  .near.rodata       const    0x00f515     0x8  ApiDisplay.o [1]
  .near.rodata       const    0x00f51d     0x8  ApiPocCmd.o [1]
  .near.rodata       const    0x00f525     0x8  Task.o [1]
  .near.rodata       const    0x00f52d     0x7  ApiAtCmd.o [1]
  .near.rodata       const    0x00f534     0x7  ApiAtCmd.o [1]
  .near.rodata       const    0x00f53b     0x7  ApiAtCmd.o [1]
  .near.rodata       const    0x00f542     0x7  ApiPocCmd.o [1]
  .near.rodata       const    0x00f549     0x7  DrvGD83.o [1]
  .near.rodata       const    0x00f550     0x7  Task.o [1]
  .near.rodata       const    0x00f557     0x7  Task.o [1]
  .near_func.text    ro code  0x00f55e     0x7  stm8s_flash.o [1]
  .near_func.text    ro code  0x00f565     0x7  stm8s_gpio.o [1]
  .near.rodata       const    0x00f56c     0x6  DrvGD83.o [1]
  .near.rodata       const    0x00f572     0x6  System.o [1]
  .near_func.text    ro code  0x00f578     0x5  stm8s_adc2.o [1]
  .near_func.text    ro code  0x00f57d     0x5  stm8s_flash.o [1]
  .near_func.text    ro code  0x00f582     0x5  stm8s_flash.o [1]
  .near_func.text    ro code  0x00f587     0x5  stm8s_tim3.o [1]
  .near_func.text    ro code  0x00f58c     0x5  cexit.o [5]
  .near.rodata       const    0x00f591     0x4  stm8s_clk.o [1]
  .near.rodata       const    0x00f595     0x4  uart3.o [1]
  .near_func.text    ro code  0x00f599     0x4  ApiPocCmd.o [1]
  .near_func.text    ro code  0x00f59d     0x4  ApiPocCmd.o [1]
  .near_func.text    ro code  0x00f5a1     0x4  ApiPocCmd.o [1]
  .near_func.text    ro code  0x00f5a5     0x4  ApiPocCmd.o [1]
  .near_func.text    ro code  0x00f5a9     0x4  ApiPocCmd.o [1]
  .near_func.text    ro code  0x00f5ad     0x4  ApiPocCmd.o [1]
  .near_func.text    ro code  0x00f5b1     0x4  stm8s_gpio.o [1]
  .near_func.text    ro code  0x00f5b5     0x4  stm8s_uart1.o [1]
  .near_func.text    ro code  0x00f5b9     0x4  stm8s_uart1.o [1]
  .near_func.text    ro code  0x00f5bd     0x4  stm8s_uart3.o [1]
  .near_func.text    ro code  0x00f5c1     0x4  stm8s_uart3.o [1]
  .near_func.text    ro code  0x00f5c5     0x4  System.o [1]
  .near_func.text    ro code  0x00f5c9     0x4  System.o [1]
  .near.rodata       const    0x00f5cd     0x3  DrvGD83.o [1]
  .near.rodata       const    0x00f5d0     0x3  uart3.o [1]
  .near.rodata       const    0x00f5d3     0x3  uart3.o [1]
  .near_func.text    ro code  0x00f5d6     0x3  main.o [1]
  .near_func.text    ro code  0x00f5d9     0x3  Task.o [1]
  .near_func.text    ro code  0x00f5dc     0x3  interrupt.o [5]
  .near_func.text    ro code  0x00f5df     0x3  low_level_init.o [5]
  .near_func.text    ro code  0x00f5e2     0x3  exit.o [5]
  .near_func.text    ro code  0x00f5e5     0x3  unhandled_exception.o [5]
  .near_func.text    ro code  0x00f5e8     0x1  stm8s_it.o [1]
  .near_func.text    ro code  0x00f5e9     0x1  stm8s_it.o [1]
  .near_func.text    ro code  0x00f5ea     0x1  stm8s_it.o [1]
  .near_func.text    ro code  0x00f5eb     0x1  stm8s_it.o [1]
  .near_func.text    ro code  0x00f5ec     0x1  stm8s_it.o [1]
  .near_func.text    ro code  0x00f5ed     0x1  stm8s_it.o [1]
  .near_func.text    ro code  0x00f5ee     0x1  stm8s_it.o [1]
  .near_func.text    ro code  0x00f5ef     0x1  stm8s_it.o [1]
  .near_func.text    ro code  0x00f5f0     0x1  stm8s_it.o [1]
  .near_func.text    ro code  0x00f5f1     0x1  stm8s_it.o [1]
  .near_func.text    ro code  0x00f5f2     0x1  stm8s_it.o [1]
  .near_func.text    ro code  0x00f5f3     0x1  stm8s_it.o [1]
  .near_func.text    ro code  0x00f5f4     0x1  stm8s_it.o [1]
  .near_func.text    ro code  0x00f5f5     0x1  stm8s_it.o [1]
  .near_func.text    ro code  0x00f5f6     0x1  stm8s_it.o [1]
  .near_func.text    ro code  0x00f5f7     0x1  stm8s_it.o [1]
  .near_func.text    ro code  0x00f5f8     0x1  stm8s_it.o [1]
  .near_func.text    ro code  0x00f5f9     0x1  stm8s_it.o [1]
  .near_func.text    ro code  0x00f5fa     0x1  stm8s_it.o [1]
  .near_func.text    ro code  0x00f5fb     0x1  stm8s_it.o [1]
  .near_func.text    ro code  0x00f5fc     0x1  stm8s_it.o [1]
  .near_func.text    ro code  0x00f5fd     0x1  __dbg_break.o [4]
                            - 0x00f5fe  0x757e


*******************************************************************************
*** INIT TABLE
***

          Address   Size
          -------   ----
Zero (__iar_zero_init2)
    4 destination ranges, total size 0x1553:
          0x000010  0xef5
          0x000f05  0x28a
          0x00118f  0x200
          0x00138f  0x1d4

Copy (__iar_copy_init2)
    1 source range, total size 0x7e:
          0x00d8ce   0x7e
    1 destination range, total size 0x7e:
          0x001563   0x7e



*******************************************************************************
*** MODULE SUMMARY
***

    Module                 ro code  ro data  rw data
    ------                 -------  -------  -------
E:\1-source\A508\PRJ\Debug\Obj: [1]
    ADC.o                      307                 1
    ApiAtCmd.o               1 100      252      161
    ApiDisplay.o             1 574    1 128      578
    ApiGpsCmd.o              4 015                 3
    ApiKeyboard.o            1 783      220       27
    ApiLED.o                    91                 1
    ApiPocCmd.o              1 910       45    3 930
    Beep.o                     838                18
    CommonLib.o                391       17
    Delay.o                    616                11
    DrvGD83.o                2 801       33      659
    DrvGT20L16S1Y.o            459       40       40
    DrvHTG12832.o              537                 2
    DrvKeyboard.o            1 356
    Flash_eeprom.o             187
    McuConfig.o                373
    System.o                   273       34       27
    Task.o                   1 323      692       31
    Tone.o                     216                18
    Voice.o                    168                 6
    main.o                       3
    stm8s_adc2.o               370
    stm8s_clk.o                268        4
    stm8s_flash.o              188
    stm8s_gpio.o               195
    stm8s_it.o                 102
    stm8s_itc.o                257
    stm8s_tim1.o               392
    stm8s_tim3.o                71
    stm8s_uart1.o              676
    stm8s_uart3.o              712
    sysclock.o                 114
    uart3.o                  1 739       26       72
    ------------------------------------------------
    Total:                  25 405    2 491    5 585

command line: [2]
    ------------------------------------------------
    Total:

GT20L16P1Y_IAR_STM8.a: [3]
    GT20L16P1Y.o               847       62
    ------------------------------------------------
    Total:                     847       62

dbgstm8smd.a: [4]
    __dbg_break.o                1
    __dbg_xxexit.o              20
    ------------------------------------------------
    Total:                      21

dlstm8smn.a: [5]
    cexit.o                      5
    char.o                      11
    cstartup.o                  19
    dc_util.o                   37
    exit.o                       3
    init.o                      23
    init_small.o                70
    interrupt.o                  3      128
    long.o                     407
    long_util.o                 87
    low_level_init.o             3
    memcmp.o                    54
    memcpy.o                    37
    memset.o                    23
    move.o                      31
    short.o                     80
    strlen.o                    18
    unhandled_exception.o        3
    vreg_util.o                308
    vregs.o                                       16
    ------------------------------------------------
    Total:                   1 222      128       16

    Linker created                       30      512
----------------------------------------------------
    Grand Total:            27 495    2 711    6 113


*******************************************************************************
*** ENTRY LIST
***

Entry                    Address   Size  Type      Object
-----                    -------   ----  ----      ------
.iar.init_table$$Base   0x00ecbe          --   Gb  - Linker created -
.iar.init_table$$Limit  0x00ecdc          --   Gb  - Linker created -
?add32_l0_l0_0x         0x00b769         Code  Gb  long.o [5]
?add32_l0_l0_dl         0x00b761         Code  Gb  long.o [5]
?add32_l0_l0_l1         0x00b766         Code  Gb  long.o [5]
?and32_l0_l0_0x         0x00b8a9         Code  Gb  long.o [5]
?and32_l0_l0_l1         0x00b8a6         Code  Gb  long.o [5]
?b0                     0x000000         Data  Gb  vregs.o [5]
?b1                     0x000001         Data  Gb  vregs.o [5]
?b10                    0x00000a         Data  Gb  vregs.o [5]
?b11                    0x00000b         Data  Gb  vregs.o [5]
?b12                    0x00000c         Data  Gb  vregs.o [5]
?b13                    0x00000d         Data  Gb  vregs.o [5]
?b14                    0x00000e         Data  Gb  vregs.o [5]
?b15                    0x00000f         Data  Gb  vregs.o [5]
?b2                     0x000002         Data  Gb  vregs.o [5]
?b3                     0x000003         Data  Gb  vregs.o [5]
?b4                     0x000004         Data  Gb  vregs.o [5]
?b5                     0x000005         Data  Gb  vregs.o [5]
?b6                     0x000006         Data  Gb  vregs.o [5]
?b7                     0x000007         Data  Gb  vregs.o [5]
?b8                     0x000008         Data  Gb  vregs.o [5]
?b9                     0x000009         Data  Gb  vregs.o [5]
?dc32_l0                0x00eb3c         Code  Gb  dc_util.o [5]
?dc32_l1                0x00eb49         Code  Gb  dc_util.o [5]
?dc32_px                0x00eb56         Code  Gb  dc_util.o [5]
?e0                     0x000001         Data  Gb  vregs.o [5]
?e1                     0x000005         Data  Gb  vregs.o [5]
?e2                     0x000009         Data  Gb  vregs.o [5]
?e3                     0x00000d         Data  Gb  vregs.o [5]
?epilogue_l2            0x00bfdd         Code  Gb  vreg_util.o [5]
?epilogue_l2_l3         0x00bfda         Code  Gb  vreg_util.o [5]
?epilogue_l2_w6         0x00bfe1         Code  Gb  vreg_util.o [5]
?epilogue_w4            0x00bfe8         Code  Gb  vreg_util.o [5]
?l0                     0x000000         Data  Gb  vregs.o [5]
?l1                     0x000004         Data  Gb  vregs.o [5]
?l2                     0x000008         Data  Gb  vregs.o [5]
?l3                     0x00000c         Data  Gb  vregs.o [5]
?load32_0x_l0           0x00df31         Code  Gb  long_util.o [5]
?load32_asp_l0          0x00df25         Code  Gb  long_util.o [5]
?load32_dbsp_l0         0x00df20         Code  Gb  long_util.o [5]
?load32_l0_0x           0x00def8         Code  Gb  long_util.o [5]
?load32_l0_asp          0x00deed         Code  Gb  long_util.o [5]
?load32_l0_dbsp         0x00dee8         Code  Gb  long_util.o [5]
?load32_l0_xsp          0x00deef         Code  Gb  long_util.o [5]
?load32_l1_0x           0x00df14         Code  Gb  long_util.o [5]
?load32_l1_asp          0x00df09         Code  Gb  long_util.o [5]
?load32_l1_dbsp         0x00df04         Code  Gb  long_util.o [5]
?load32_l1_xsp          0x00df0b         Code  Gb  long_util.o [5]
?load32_xsp_l0          0x00df27         Code  Gb  long_util.o [5]
?longfarg16_v_w0_a      0x00ed88         Code  Gb  move.o [5]
?longfarg16_v_w0_x      0x00ed8a         Code  Gb  move.o [5]
?mov_e0_e1              0x00c004         Code  Gb  vreg_util.o [5]
?mov_e0_e2              0x00c011         Code  Gb  vreg_util.o [5]
?mov_e0_e3              0x00c01e         Code  Gb  vreg_util.o [5]
?mov_e1_e0              0x00c02b         Code  Gb  vreg_util.o [5]
?mov_e1_e2              0x00c038         Code  Gb  vreg_util.o [5]
?mov_e1_e3              0x00c045         Code  Gb  vreg_util.o [5]
?mov_e2_e0              0x00c052         Code  Gb  vreg_util.o [5]
?mov_e3_e0              0x00c05f         Code  Gb  vreg_util.o [5]
?mov_e3_e1              0x00c06c         Code  Gb  vreg_util.o [5]
?mov_l0_l1              0x00c001         Code  Gb  vreg_util.o [5]
?mov_l0_l2              0x00c00e         Code  Gb  vreg_util.o [5]
?mov_l0_l3              0x00c01b         Code  Gb  vreg_util.o [5]
?mov_l1_l0              0x00c028         Code  Gb  vreg_util.o [5]
?mov_l1_l2              0x00c035         Code  Gb  vreg_util.o [5]
?mov_l1_l3              0x00c042         Code  Gb  vreg_util.o [5]
?mov_l2_l0              0x00c04f         Code  Gb  vreg_util.o [5]
?mov_l3_l0              0x00c05c         Code  Gb  vreg_util.o [5]
?mov_l3_l1              0x00c069         Code  Gb  vreg_util.o [5]
?mov_w1_w3              0x00c007         Code  Gb  vreg_util.o [5]
?mov_w1_w4              0x00bfec         Code  Gb  vreg_util.o [5]
?mov_w1_w5              0x00c014         Code  Gb  vreg_util.o [5]
?mov_w1_w7              0x00c021         Code  Gb  vreg_util.o [5]
?mov_w2_w1              0x00bff3         Code  Gb  vreg_util.o [5]
?mov_w3_w1              0x00c02e         Code  Gb  vreg_util.o [5]
?mov_w3_w5              0x00c03b         Code  Gb  vreg_util.o [5]
?mov_w3_w7              0x00c048         Code  Gb  vreg_util.o [5]
?mov_w5_w1              0x00c055         Code  Gb  vreg_util.o [5]
?mov_w6_w0              0x00bffa         Code  Gb  vreg_util.o [5]
?mov_w7_w1              0x00c062         Code  Gb  vreg_util.o [5]
?mov_w7_w3              0x00c06f         Code  Gb  vreg_util.o [5]
?move1616_v_x_y_a       0x00ed7b         Code  Gb  move.o [5]
?mul16_x_x_w0           0x00e0d7         Code  Gb  short.o [5]
?mul32_l0_l0_0x         0x00b79f         Code  Gb  long.o [5]
?mul32_l0_l0_dl         0x00b79c         Code  Gb  long.o [5]
?mul32_l0_l0_l1         0x00b7a8         Code  Gb  long.o [5]
?or32_l0_l0_0x          0x00b8c4         Code  Gb  long.o [5]
?or32_l0_l0_l1          0x00b8c1         Code  Gb  long.o [5]
?pop_l0                 0x00bfa6         Code  Gb  vreg_util.o [5]
?pop_l1                 0x00bfb1         Code  Gb  vreg_util.o [5]
?pop_l2                 0x00bfbc         Code  Gb  vreg_util.o [5]
?pop_l3                 0x00bfc7         Code  Gb  vreg_util.o [5]
?pop_w4                 0x00bf5f         Code  Gb  vreg_util.o [5]
?pop_w6                 0x00bf66         Code  Gb  vreg_util.o [5]
?push_l0                0x00bf75         Code  Gb  vreg_util.o [5]
?push_l1                0x00bf7a         Code  Gb  vreg_util.o [5]
?push_l2                0x00bf7f         Code  Gb  vreg_util.o [5]
?push_l3                0x00bf84         Code  Gb  vreg_util.o [5]
?push_w4                0x00bf42         Code  Gb  vreg_util.o [5]
?push_w6                0x00bf47         Code  Gb  vreg_util.o [5]
?sext16_x_a             0x00e120         Code  Gb  short.o [5]
?sext32_l0_x            0x00b8ed         Code  Gb  long.o [5]
?sll16_x_x_4            0x00e10f         Code  Gb  short.o [5]
?sll16_x_x_5            0x00e10e         Code  Gb  short.o [5]
?sll16_x_x_6            0x00e10d         Code  Gb  short.o [5]
?sll16_x_x_a            0x00e105         Code  Gb  short.o [5]
?sll32_0x_0x_a          0x00b8df         Code  Gb  long.o [5]
?sll32_l0_l0_a          0x00b8dc         Code  Gb  long.o [5]
?smod16_y_x_y           0x00e0f5         Code  Gb  short.o [5]
?sra8_a_a_4             0x00f469         Code  Gb  char.o [5]
?srl16_x_x_10           0x00e115         Code  Gb  short.o [5]
?srl16_x_x_11           0x00e114         Code  Gb  short.o [5]
?srl16_x_x_4            0x00e11b         Code  Gb  short.o [5]
?srl16_x_x_5            0x00e11a         Code  Gb  short.o [5]
?srl16_x_x_6            0x00e119         Code  Gb  short.o [5]
?srl16_x_x_7            0x00e118         Code  Gb  short.o [5]
?srl16_x_x_8            0x00e117         Code  Gb  short.o [5]
?srl16_x_x_9            0x00e116         Code  Gb  short.o [5]
?srl8_a_a_5             0x00f464         Code  Gb  char.o [5]
?srl8_a_a_6             0x00f463         Code  Gb  char.o [5]
?sub32_l0_l0_0x         0x00b784         Code  Gb  long.o [5]
?sub32_l0_l0_l1         0x00b781         Code  Gb  long.o [5]
?ucmp32_c_l0_l1         0x00b89b         Code  Gb  long.o [5]
?udiv32_l0_dl_l1        0x00b826         Code  Gb  long.o [5]
?udiv32_l0_l0_dl        0x00b82b         Code  Gb  long.o [5]
?udiv32_l0_l0_l1        0x00b82e         Code  Gb  long.o [5]
?umod32_l1_l0_l1        0x00b82e         Code  Gb  long.o [5]
?w0                     0x000000         Data  Gb  vregs.o [5]
?w1                     0x000002         Data  Gb  vregs.o [5]
?w2                     0x000004         Data  Gb  vregs.o [5]
?w3                     0x000006         Data  Gb  vregs.o [5]
?w4                     0x000008         Data  Gb  vregs.o [5]
?w5                     0x00000a         Data  Gb  vregs.o [5]
?w6                     0x00000c         Data  Gb  vregs.o [5]
?w7                     0x00000e         Data  Gb  vregs.o [5]
ADC2_Cmd                0x00f39d    0xd  Code  Gb  stm8s_adc2.o [1]
ADC2_ConversionConfig   0x00e80b   0x2f  Code  Gb  stm8s_adc2.o [1]
ADC2_ExternalTriggerConfig
                        0x00ec9d   0x21  Code  Gb  stm8s_adc2.o [1]
ADC2_GetConversionValue
                        0x00df93   0x53  Code  Gb  stm8s_adc2.o [1]
ADC2_IRQHandler         0x00f5fa    0x1  Code  Gb  stm8s_it.o [1]
ADC2_Init               0x00e8bf   0x2c  Code  Gb  stm8s_adc2.o [1]
ADC2_PrescalerConfig    0x00eff6   0x13  Code  Gb  stm8s_adc2.o [1]
ADC2_SchmittTriggerConfig
                        0x00d850   0x7e  Code  Gb  stm8s_adc2.o [1]
ADC2_StartConversion    0x00f578    0x5  Code  Gb  stm8s_adc2.o [1]
ADC_Init                0x00ecdc   0x20  Code  Gb  ADC.o [1]
AF_Mute_Init            0x00f41d    0xc  Code  Gb  McuConfig.o [1]
AUDIO_IOAFMUT           0x00eece   0x17  Code  Gb  McuConfig.o [1]
AUDIO_IOAFPOW           0x00eee5   0x17  Code  Gb  McuConfig.o [1]
AWU_IRQHandler          0x00f5ea    0x1  Code  Gb  stm8s_it.o [1]
AkeyvolumeCount         0x001588    0x1  Data  Gb  ApiKeyboard.o [1]
AlarmCount              0x0015c6    0x1  Data  Gb  Task.o [1]
ApGpsCmd_10msRenew      0x00ec14   0x23  Code  Gb  ApiGpsCmd.o [1]
ApiAtCmd_100msRenew     0x00ac1e   0x7b  Code  Gb  ApiAtCmd.o [1]
ApiAtCmd_10msRenew      0x00cfbf   0xaf  Code  Gb  ApiAtCmd.o [1]
ApiAtCmd_GetGroupName   0x00f257   0x11  Code  Gb  ApiPocCmd.o [1]
ApiAtCmd_GetGroupNameLen
                        0x00f066   0x12  Code  Gb  ApiPocCmd.o [1]
ApiAtCmd_GetGroupNum    0x00f5a1    0x4  Code  Gb  ApiPocCmd.o [1]
ApiAtCmd_GetLoginState  0x00f496    0xa  Code  Gb  ApiPocCmd.o [1]
ApiAtCmd_GetMainGroupId
                        0x00f5a9    0x4  Code  Gb  ApiPocCmd.o [1]
ApiAtCmd_GetMainUserId  0x00f5ad    0x4  Code  Gb  ApiPocCmd.o [1]
ApiAtCmd_GetMainWorkName
                        0x00f599    0x4  Code  Gb  ApiPocCmd.o [1]
ApiAtCmd_GetMainWorkNameLen
                        0x00f59d    0x4  Code  Gb  ApiPocCmd.o [1]
ApiAtCmd_GetUserName    0x00f268   0x11  Code  Gb  ApiPocCmd.o [1]
ApiAtCmd_GetUserNameLen
                        0x00f078   0x12  Code  Gb  ApiPocCmd.o [1]
ApiAtCmd_GetUserNum     0x00f5a5    0x4  Code  Gb  ApiPocCmd.o [1]
ApiAtCmd_PlayVoice      0x00dbf7   0x68  Code  Gb  ApiAtCmd.o [1]
ApiAtCmd_WritCommand    0x00aa7f  0x152  Code  Gb  ApiAtCmd.o [1]
ApiAtCmd_tcp_state      0x00f48c    0xa  Code  Gb  ApiAtCmd.o [1]
ApiCaretCmd_10msRenew   0x00c1a6  0x111  Code  Gb  ApiAtCmd.o [1]
ApiGpsCmd_100msRenew    0x008cac  0x2b1  Code  Gb  ApiGpsCmd.o [1]
ApiGpsCmd_PowerOnInitial
                        0x00d11d   0xaf  Code  Gb  ApiGpsCmd.o [1]
ApiPocCmd_10msRenew     0x009cf6  0x2f8  Code  Gb  ApiPocCmd.o [1]
ApiPocCmd_WritCommand   0x00ba55  0x14a  Code  Gb  ApiPocCmd.o [1]
ApiPocCmd_user_info_set
                        0x00cb32   0xd4  Code  Gb  ApiPocCmd.o [1]
AtCmdDrvobj             0x00138f   0x77  Data  Lc  ApiAtCmd.o [1]
AtCmd_NetParamCode      0x00abd1   0x4d  Code  Lc  ApiAtCmd.o [1]
AtNotify_Queue          0x008118   0x4c  Code  Lc  DrvGD83.o [1]
AtNotify_Queue_Start    0x008164   0x55  Code  Lc  DrvGD83.o [1]
BEEP_Interrupt10ms      0x00ee27   0x1a  Code  Gb  Beep.o [1]
BEEP_PowerOnInitial     0x009c2d   0xc9  Code  Gb  Beep.o [1]
BEEP_SetOutput          0x0099fc  0x231  Code  Gb  Beep.o [1]
BEEP_Time               0x00e716   0x32  Code  Gb  Beep.o [1]
BaseAdd                 0x0015a4   0x20  Data  Gb  DrvGT20L16S1Y.o [1]
BeepDrvObj              0x0014ee   0x12  Data  Lc  Beep.o [1]
BitTab                  0x00f515    0x8  Data  Gb  ApiDisplay.o [1]
BootProcess_PPPCFG_Flag
                        0x001549    0x1  Data  Gb  ApiAtCmd.o [1]
BootProcess_PPPCFG_Flag_Zanshi
                        0x001563    0x1  Data  Gb  ApiAtCmd.o [1]
BootProcess_SIMST_Flag  0x001548    0x1  Data  Gb  ApiAtCmd.o [1]
CHAR_HIGH               0x00f299   0x10  Data  Gb  ApiDisplay.o [1]
CHAR_WIDTH              0x00f2a9   0x10  Data  Gb  ApiDisplay.o [1]
CLK_ClockSwitchConfig   0x00d31d   0xa2  Code  Gb  stm8s_clk.o [1]
CLK_GetClockFreq        0x00de91   0x57  Code  Gb  stm8s_clk.o [1]
CLK_HSIPrescalerConfig  0x00f009   0x13  Code  Gb  stm8s_clk.o [1]
CLK_IRQHandler          0x00f5eb    0x1  Code  Gb  stm8s_it.o [1]
COML_AscToHex           0x00c980   0xdb  Code  Gb  CommonLib.o [1]
COML_StringReverse      0x00dd27   0x5e  Code  Gb  CommonLib.o [1]
CSQ_Flag                0x00154b    0x1  Data  Gb  ApiAtCmd.o [1]
CSTACK$$Base            0x001600          --   Gb  - Linker created -
CSTACK$$Limit           0x001800          --   Gb  - Linker created -
C_TEST_OUT_SET          0x00f435    0xc  Code  Gb  McuConfig.o [1]
CaretNotify_Queue       0x008080   0x4c  Code  Lc  DrvGD83.o [1]
CaretNotify_Queue_Start
                        0x00820e   0x55  Code  Lc  DrvGD83.o [1]
CharCode                0x001541    0x2  Data  Gb  ApiDisplay.o [1]
DEL_100msProcess        0x00d3dd   0x4d  Code  Lc  Delay.o [1]
DEL_10msProcess         0x00d42a   0x1c  Code  Lc  Delay.o [1]
DEL_1msProcess          0x00d446    0x9  Code  Lc  Delay.o [1]
DEL_500msProcess        0x00d3bf   0x1e  Code  Lc  Delay.o [1]
DEL_GetTimer            0x00df3f   0x54  Code  Gb  Delay.o [1]
DEL_Interrupt           0x00d27b   0xa2  Code  Gb  Delay.o [1]
DEL_PowerOnInitial      0x00ed5c   0x1f  Code  Gb  Delay.o [1]
DEL_Renew               0x00d44f    0xc  Code  Gb  Delay.o [1]
DEL_SetTimer            0x00da3f   0x73  Code  Gb  Delay.o [1]
DEL_Soft1ms             0x00edd5   0x1c  Code  Gb  Delay.o [1]
DEL_TimerRenew          0x00e9bf   0x28  Code  Lc  Delay.o [1]
DISP_DataBuf            0x00ccd4   0xc5  Code  Lc  ApiDisplay.o [1]
DISP_MulTypePro         0x00cd99   0xba  Code  Lc  ApiDisplay.o [1]
DISP_MulTypePro2        0x00cc06   0xce  Code  Lc  ApiDisplay.o [1]
Dec2Hex                 0x00e127   0x4e  Code  Gb  CommonLib.o [1]
DefaultSystemClockForHSI
                        0x00ee0c   0x1b  Code  Gb  sysclock.o [1]
DelDrvObj               0x001521    0xb  Data  Lc  Delay.o [1]
Delay_100ms             0x00e514   0x40  Code  Gb  Task.o [1]
DisDataBit              0x00149a   0x40  Data  Gb  ApiDisplay.o [1]
DisDataBuf              0x00118f  0x200  Data  Gb  ApiDisplay.o [1]
DrvGD83DrvObj           0x000f05  0x28a  Data  Lc  DrvGD83.o [1]
DrvGD83_Init            0x00ee59   0x18  Code  Gb  McuConfig.o [1]
DrvGD83_UART_TxCommand  0x00d94c   0x7a  Code  Gb  DrvGD83.o [1]
DrvMC8332_AtNotify_Queue_front
                        0x00e2a1   0x49  Code  Gb  DrvGD83.o [1]
DrvMC8332_CaretNotify_Queue_front
                        0x00e258   0x49  Code  Gb  DrvGD83.o [1]
DrvMC8332_GpsNotify_Queue_front
                        0x00e333   0x49  Code  Gb  DrvGD83.o [1]
DrvMC8332_PocNotify_Queue_front
                        0x00e2ea   0x49  Code  Gb  DrvGD83.o [1]
DrvMC8332_Software_Initial
                        0x00e5d0   0x3d  Code  Gb  DrvGD83.o [1]
DrvMC8332_TxPort_SetValidable
                        0x00e893   0x2c  Code  Gb  DrvGD83.o [1]
DrvMC8332_UART_Interrupt
                        0x0084cd  0x3bc  Code  Gb  DrvGD83.o [1]
DrvMc8332_UART_TxTail   0x00c89f   0xe1  Code  Gb  DrvGD83.o [1]
EEPROM_EEC_IRQHandler   0x00f5fc    0x1  Code  Gb  stm8s_it.o [1]
EXTI_PORTA_IRQHandler   0x00f5ec    0x1  Code  Gb  stm8s_it.o [1]
EXTI_PORTB_IRQHandler   0x00f5ed    0x1  Code  Gb  stm8s_it.o [1]
EXTI_PORTC_IRQHandler   0x00f5ee    0x1  Code  Gb  stm8s_it.o [1]
EXTI_PORTD_IRQHandler   0x00f5ef    0x1  Code  Gb  stm8s_it.o [1]
EXTI_PORTE_IRQHandler   0x00f5f0    0x1  Code  Gb  stm8s_it.o [1]
FILE_Read               0x00e44e   0x43  Code  Gb  Flash_eeprom.o [1]
FILE_Write              0x00e40b   0x43  Code  Gb  Flash_eeprom.o [1]
FLASH_EraseOptionByte   0x00ea0f   0x27  Code  Gb  stm8s_flash.o [1]
FLASH_GetFlagStatus     0x00ef95   0x14  Code  Gb  stm8s_flash.o [1]
FLASH_Lock              0x00f55e    0x7  Code  Gb  stm8s_flash.o [1]
FLASH_ProgramByte       0x00f57d    0x5  Code  Gb  stm8s_flash.o [1]
FLASH_ProgramOptionByte
                        0x00eba9   0x24  Code  Gb  stm8s_flash.o [1]
FLASH_ReadByte          0x00f582    0x5  Code  Gb  stm8s_flash.o [1]
FLASH_Unlock            0x00ef2a   0x16  Code  Gb  stm8s_flash.o [1]
FLASH_WaitForLastOperation
                        0x00e60d   0x36  Code  Gb  stm8s_flash.o [1]
GB2312_16_GetData       0x00b099  0x1d9  Code  Gb  GT20L16P1Y.o [3]
GD83_ON                 0x00ee71   0x18  Code  Gb  McuConfig.o [1]
GPIO_Init               0x00d1cc   0xaf  Code  Gb  stm8s_gpio.o [1]
GPIO_ReadInputPin       0x00f4fb    0x9  Code  Gb  stm8s_gpio.o [1]
GPIO_WriteHigh          0x00f565    0x7  Code  Gb  stm8s_gpio.o [1]
GPIO_WriteLow           0x00f5b1    0x4  Code  Gb  stm8s_gpio.o [1]
GeHuTest                0x00a7f7  0x288  Code  Lc  ApiKeyboard.o [1]
GetPersonalCallingMode  0x00f35a    0xe  Code  Gb  ApiPocCmd.o [1]
GetPlayState            0x00f4a0    0xa  Code  Gb  ApiPocCmd.o [1]
GetTaskId               0x00f5c5    0x4  Code  Gb  System.o [1]
GpsCmd_GbAnalytical     0x00a565  0x292  Code  Lc  ApiGpsCmd.o [1]
GpsCmd_GbDataTransave   0x009fee  0x2e1  Code  Lc  ApiGpsCmd.o [1]
GpsCmd_GbWritCommand    0x008889  0x423  Code  Lc  ApiGpsCmd.o [1]
GpsFunDrvObj            0x001543    0x2  Data  Lc  ApiGpsCmd.o [1]
GpsNotify_Queue         0x008451   0x7c  Code  Lc  DrvGD83.o [1]
GpsNotify_Queue_Start   0x008263   0x99  Code  Lc  DrvGD83.o [1]
GroupCallingNum         0x00158f    0x1  Data  Gb  ApiKeyboard.o [1]
HSE_ClockStartUpConfiguration
                        0x00e7db   0x30  Code  Lc  sysclock.o [1]
HSIDivFactor            0x00f591    0x4  Data  Gb  stm8s_clk.o [1]
HexToChar_GroupCallingNum
                        0x00ed1c   0x20  Code  Gb  ApiPocCmd.o [1]
HexToChar_MainGroupId   0x00ecfc   0x20  Code  Gb  ApiPocCmd.o [1]
HexToChar_MainUserId    0x00ec7c   0x21  Code  Gb  ApiPocCmd.o [1]
HexToChar_PersonalCallingNum
                        0x00ec5a   0x22  Code  Gb  ApiPocCmd.o [1]
HtgDrvObj               0x001545    0x2  Data  Lc  DrvHTG12832.o [1]
I2C_IRQHandler          0x00f5f8    0x1  Code  Gb  stm8s_it.o [1]
INTVEC$$Base            0x008000          --   Gb  - Linker created -
INTVEC$$Limit           0x008080          --   Gb  - Linker created -
ITC_SetSoftwarePriority
                        0x00c5c9  0x101  Code  Gb  stm8s_itc.o [1]
Ico_DataBuf             0x008f5d  0x400  Data  Gb  ApiDisplay.o [1]
KEY_TABLE               0x00f5d0    0x3  Data  Lc  uart3.o [1]
KeyBoardState           0x00155a    0x1  Data  Gb  ApiKeyboard.o [1]
KeyDownUpChoose_GroupOrUser_Flag
                        0x00154c    0x1  Data  Gb  ApiAtCmd.o [1]
KeyPersonalCallingCount
                        0x001550    0x1  Data  Gb  ApiKeyboard.o [1]
KeyUpDownCount          0x00154f    0x1  Data  Gb  ApiKeyboard.o [1]
Key_Flag_0              0x001560    0x1  Data  Gb  Task.o [1]
Key_Flag_1              0x001551    0x1  Data  Gb  ApiKeyboard.o [1]
Key_Init                0x00e7ab   0x30  Code  Gb  McuConfig.o [1]
Key_PersonalCalling_Flag
                        0x001561    0x1  Data  Gb  Task.o [1]
Keyboard_Test           0x00935d  0x38a  Code  Gb  ApiKeyboard.o [1]
LED_Conut               0x00155b    0x1  Data  Gb  ApiLED.o [1]
LED_Init                0x00eb61   0x24  Code  Gb  McuConfig.o [1]
LED_IntOutputRenew      0x00dd85   0x5b  Code  Gb  ApiLED.o [1]
LowVoltageDetection     0x00c6ca   0xf0  Code  Gb  ADC.o [1]
LowVoltageDetection_Flag
                        0x001547    0x1  Data  Gb  ADC.o [1]
MIC_GPIO_Init           0x00f411    0xc  Code  Gb  McuConfig.o [1]
MIC_IOMUT               0x00eeb7   0x17  Code  Gb  McuConfig.o [1]
NoUseNum                0x00155f    0x1  Data  Gb  Task.o [1]
Noise_Mute_Init         0x00f429    0xc  Code  Gb  McuConfig.o [1]
Notify_Queue_Stop       0x0082fc  0x155  Code  Lc  DrvGD83.o [1]
OneChannelGetADValue    0x00ebf1   0x23  Code  Lc  ADC.o [1]
PAS_NULLTBL             0x00f2b9   0x10  Data  Lc  uart3.o [1]
POC_GetGroupInformationFlag
                        0x00155c    0x1  Data  Gb  ApiPocCmd.o [1]
POC_GetGroupInformationFlag2
                        0x00155d    0x1  Data  Gb  ApiPocCmd.o [1]
POC_TABLE               0x00f5d3    0x3  Data  Lc  uart3.o [1]
PasObj                  0x00153d    0x4  Data  Lc  uart3.o [1]
PersonalCallingNum      0x00154e    0x1  Data  Gb  ApiKeyboard.o [1]
PocCmdDrvobj            0x000010  0xef5  Data  Lc  ApiPocCmd.o [1]
PocNotify_Queue         0x0080cc   0x4c  Code  Lc  DrvGD83.o [1]
PocNotify_Queue_Start   0x0081b9   0x55  Code  Lc  DrvGD83.o [1]
PressButton             0x001559    0x1  Data  Gb  ApiKeyboard.o [1]
ReadBuffer              0x001406   0x50  Data  Gb  ApiPocCmd.o [1]
ReadByte                0x00dfe6   0x51  Code  Gb  ApiDisplay.o [1]
Region$$Table$$Base     0x00ecbe          --   Gb  - Linker created -
Region$$Table$$Limit    0x00ecdc          --   Gb  - Linker created -
SPI_IRQHandler          0x00f5f1    0x1  Code  Gb  stm8s_it.o [1]
SendByte                0x00d9c6   0x79  Code  Gb  ApiDisplay.o [1]
SetTaskId               0x00f5c9    0x4  Code  Gb  System.o [1]
Set_GreenLed            0x00ee89   0x17  Code  Gb  McuConfig.o [1]
Set_RedLed              0x00eea0   0x17  Code  Gb  McuConfig.o [1]
SystemClock_Init        0x00ea36   0x27  Code  Gb  sysclock.o [1]
TASK_RunLoBattery       0x00ea5d   0x26  Code  Gb  Task.o [1]
TASK_WriteFreq          0x00f5d9    0x3  Code  Gb  Task.o [1]
TIM1_CAP_COM_IRQHandler
                        0x00f5f3    0x1  Code  Gb  stm8s_it.o [1]
TIM1_CCxCmd             0x00e491   0x43  Code  Gb  stm8s_tim1.o [1]
TIM1_Cmd                0x00f3aa    0xd  Code  Gb  stm8s_tim1.o [1]
TIM1_CtrlPWMOutputs     0x00f3b7    0xd  Code  Gb  stm8s_tim1.o [1]
TIM1_DeInit             0x00d45b   0x99  Code  Gb  stm8s_tim1.o [1]
TIM1_OC1Init            0x00dcc6   0x61  Code  Gb  stm8s_tim1.o [1]
TIM1_OC1PreloadConfig   0x00f3c4    0xd  Code  Gb  stm8s_tim1.o [1]
TIM1_PWM_Init           0x00e175   0x4e  Code  Gb  Tone.o [1]
TIM1_TimeBaseInit       0x00ebcd   0x24  Code  Gb  stm8s_tim1.o [1]
TIM1_UPD_OVF_TRG_BRK_IRQHandler
                        0x00f5f2    0x1  Code  Gb  stm8s_it.o [1]
TIM2_CAP_COM_IRQHandler
                        0x00f5f5    0x1  Code  Gb  stm8s_it.o [1]
TIM2_UPD_OVF_BRK_IRQHandler
                        0x00f5f4    0x1  Code  Gb  stm8s_it.o [1]
TIM3_ARRPreloadConfig   0x00f3de    0xd  Code  Gb  stm8s_tim3.o [1]
TIM3_CAP_COM_IRQHandler
                        0x00f5f6    0x1  Code  Gb  stm8s_it.o [1]
TIM3_ClearITPendingBit  0x00f587    0x5  Code  Gb  stm8s_tim3.o [1]
TIM3_Cmd                0x00f3d1    0xd  Code  Gb  stm8s_tim3.o [1]
TIM3_ITConfig           0x00f01c   0x13  Code  Gb  stm8s_tim3.o [1]
TIM3_PrescalerConfig    0x00f504    0x9  Code  Gb  stm8s_tim3.o [1]
TIM3_TimeBaseInit       0x00f441    0xc  Code  Gb  stm8s_tim3.o [1]
TIM3_UPD_OVF_BRK_IRQHandler
                        0x00edf1   0x1b  Code  Gb  stm8s_it.o [1]
TIM4_UPD_OVF_IRQHandler
                        0x00f5fb    0x1  Code  Gb  stm8s_it.o [1]
TLI_IRQHandler          0x00f5e9    0x1  Code  Gb  stm8s_it.o [1]
TONE_PowerOnInitial     0x00dc5f   0x67  Code  Gb  Tone.o [1]
TONE_Start              0x00ec3f   0x1b  Code  Gb  Tone.o [1]
TONE_Stop               0x00ec37    0x8  Code  Gb  Tone.o [1]
TRAP_IRQHandler         0x00f5e8    0x1  Code  Gb  stm8s_it.o [1]
TaskDrvObj              0x0014da   0x14  Data  Lc  System.o [1]
Task_RunNormalOperation
                        0x0096e7  0x315  Code  Gb  Task.o [1]
Task_RunStart           0x00b272  0x1ad  Code  Gb  Task.o [1]
Test1                   0x00154d    0x1  Data  Gb  ApiGpsCmd.o [1]
TestBuf                 0x001538    0x5  Data  Gb  System.o [1]
TestBuf1                0x00152c    0x6  Data  Gb  ApiKeyboard.o [1]
Tim3_Timer_Init         0x00eb85   0x24  Code  Gb  McuConfig.o [1]
TimeVal                 0x00159c    0x8  Data  Gb  DrvGT20L16S1Y.o [1]
ToneDrvObj              0x001500   0x12  Data  Lc  Tone.o [1]
UART1_Cmd               0x00f3eb    0xd  Code  Gb  stm8s_uart1.o [1]
UART1_DeInit            0x00e83a   0x2d  Code  Gb  stm8s_uart1.o [1]
UART1_GetFlagStatus     0x00e748   0x32  Code  Gb  stm8s_uart1.o [1]
UART1_GetITStatus       0x00d58d   0x90  Code  Gb  stm8s_uart1.o [1]
UART1_ITConfig          0x00db8b   0x6c  Code  Gb  stm8s_uart1.o [1]
UART1_Init              0x00be0e  0x134  Code  Gb  stm8s_uart1.o [1]
UART1_RX_IRQHandler     0x00ed3c   0x20  Code  Gb  stm8s_it.o [1]
UART1_ReceiveData8      0x00f5b5    0x4  Code  Gb  stm8s_uart1.o [1]
UART1_SendData8         0x00f5b9    0x4  Code  Gb  stm8s_uart1.o [1]
UART1_TX_IRQHandler     0x00f5f7    0x1  Code  Gb  stm8s_it.o [1]
UART3_Cmd               0x00f3f8    0xd  Code  Gb  stm8s_uart3.o [1]
UART3_DeInit            0x00eaf2   0x25  Code  Gb  stm8s_uart3.o [1]
UART3_GetFlagStatus     0x00e37c   0x49  Code  Gb  stm8s_uart3.o [1]
UART3_GetITStatus       0x00cf0b   0xb4  Code  Gb  stm8s_uart3.o [1]
UART3_ITConfig          0x00d73a   0x8c  Code  Gb  stm8s_uart3.o [1]
UART3_Init              0x00c3c0  0x105  Code  Gb  stm8s_uart3.o [1]
UART3_Interrupt         0x00ef80   0x15  Code  Gb  uart3.o [1]
UART3_RX_IRQHandler     0x00ef40   0x16  Code  Gb  stm8s_it.o [1]
UART3_ReceiveData8      0x00f5bd    0x4  Code  Gb  stm8s_uart3.o [1]
UART3_SendByte          0x00f368    0xe  Code  Gb  uart3.o [1]
UART3_SendData8         0x00f5c1    0x4  Code  Gb  stm8s_uart3.o [1]
UART3_TX_IRQHandler     0x00f5f9    0x1  Code  Gb  stm8s_it.o [1]
UART3_ToMcuMain         0x00e592   0x3e  Code  Gb  uart3.o [1]
UART_Delay              0x00f08a   0x12  Code  Lc  uart3.o [1]
UART_ErrorAck           0x00e1f9   0x15  Code  Lc  uart3.o [1]
UART_GetCheckSum        0x00d6ac   0x2d  Code  Lc  uart3.o [1]
UART_KeyCommand         0x00c4c5  0x104  Code  Lc  uart3.o [1]
UART_Link               0x00d6d9   0x61  Code  Lc  uart3.o [1]
UART_PasCommand         0x00b41f  0x1aa  Code  Lc  uart3.o [1]
UART_PocCommand         0x00e037   0x50  Code  Lc  uart3.o [1]
UART_RightAck           0x00dab2   0x6d  Code  Lc  uart3.o [1]
UART_RxFrame            0x00e087   0x50  Code  Lc  uart3.o [1]
UART_TxSend             0x00e1c3   0x36  Code  Lc  uart3.o [1]
UART_WriteCommand       0x00ce53   0xb8  Code  Lc  uart3.o [1]
UNICODE_16_GetData      0x00c076  0x130  Code  Gb  GT20L16P1Y.o [3]
Uart1_Init              0x00e995   0x2a  Code  Gb  McuConfig.o [1]
Uart3_Init              0x00e6ae   0x35  Code  Gb  uart3.o [1]
UartDrvObj              0x001456   0x44  Data  Lc  uart3.o [1]
UnicodeForGbk_MainWorkName
                        0x00b8f8  0x15d  Code  Gb  ApiPocCmd.o [1]
UnicodeForGbk_MainWorkNameBuf
                        0x001512    0xf  Data  Gb  ApiPocCmd.o [1]
VOICE_1sProcess         0x00f305    0xf  Code  Gb  Voice.o [1]
VOICE_Renew             0x00d4f4   0x70  Code  Gb  Voice.o [1]
VOICE_SetOutput         0x00d564   0x29  Code  Gb  Voice.o [1]
VoiceDrvObj             0x001532    0x6  Data  Lc  Voice.o [1]
VoiceEnd_Flag           0x00154a    0x1  Data  Gb  ApiAtCmd.o [1]
WRITE_TABLE             0x00f595    0x4  Data  Lc  uart3.o [1]
WriteEEPROMByte         0x00e679   0x35  Code  Gb  Flash_eeprom.o [1]
__DebugBreak            0x00f5fd    0x1  Code  Gb  __dbg_break.o [4]
__exit                  0x00efa9   0x14  Code  Gb  __dbg_xxexit.o [4]
__iar_copy_init2        0x00e9e7         Code  Gb  init_small.o [5]
__iar_data_init2        0x00ef13   0x17  Code  Gb  init.o [5]
__iar_program_start     0x00f02f         Code  Gb  cstartup.o [5]
__iar_unhandled_exception
                        0x00f5e5         Code  Gb  unhandled_exception.o [5]
__iar_zero_init2        0x00ed9a         Code  Gb  init_small.o [5]
__intvec                0x008000         Data  Gb  interrupt.o [5]
__low_level_init        0x00f5df    0x3  Code  Gb  low_level_init.o [5]
_exit                   0x00f58c         Code  Gb  cexit.o [5]
_interrupt_1            0x00f5e8         Code  Gb  stm8s_it.o [1]
_interrupt_12           0x00f5f1         Code  Gb  stm8s_it.o [1]
_interrupt_13           0x00f5f2         Code  Gb  stm8s_it.o [1]
_interrupt_14           0x00f5f3         Code  Gb  stm8s_it.o [1]
_interrupt_15           0x00f5f4         Code  Gb  stm8s_it.o [1]
_interrupt_16           0x00f5f5         Code  Gb  stm8s_it.o [1]
_interrupt_17           0x00edf1         Code  Gb  stm8s_it.o [1]
_interrupt_18           0x00f5f6         Code  Gb  stm8s_it.o [1]
_interrupt_19           0x00f5f7         Code  Gb  stm8s_it.o [1]
_interrupt_2            0x00f5e9         Code  Gb  stm8s_it.o [1]
_interrupt_20           0x00ed3c         Code  Gb  stm8s_it.o [1]
_interrupt_21           0x00f5f8         Code  Gb  stm8s_it.o [1]
_interrupt_22           0x00f5f9         Code  Gb  stm8s_it.o [1]
_interrupt_23           0x00ef40         Code  Gb  stm8s_it.o [1]
_interrupt_24           0x00f5fa         Code  Gb  stm8s_it.o [1]
_interrupt_25           0x00f5fb         Code  Gb  stm8s_it.o [1]
_interrupt_26           0x00f5fc         Code  Gb  stm8s_it.o [1]
_interrupt_3            0x00f5ea         Code  Gb  stm8s_it.o [1]
_interrupt_4            0x00f5eb         Code  Gb  stm8s_it.o [1]
_interrupt_5            0x00f5ec         Code  Gb  stm8s_it.o [1]
_interrupt_6            0x00f5ed         Code  Gb  stm8s_it.o [1]
_interrupt_7            0x00f5ee         Code  Gb  stm8s_it.o [1]
_interrupt_8            0x00f5ef         Code  Gb  stm8s_it.o [1]
_interrupt_9            0x00f5f0         Code  Gb  stm8s_it.o [1]
api_diap_ico_pos_get    0x00dde0   0x5a  Code  Gb  ApiDisplay.o [1]
api_disp_all_screen_refresh
                        0x00e20e   0x4a  Code  Gb  ApiDisplay.o [1]
api_disp_char_output    0x00ef56   0x15  Code  Gb  ApiDisplay.o [1]
api_disp_char_output2   0x00ef6b   0x15  Code  Gb  ApiDisplay.o [1]
api_disp_ico_output     0x00d06e   0xaf  Code  Gb  ApiDisplay.o [1]
api_disp_icoid_output   0x00d61d   0x8f  Code  Gb  ApiDisplay.o [1]
api_lcd_pwr_on_hint     0x00e8eb   0x2b  Code  Gb  ApiDisplay.o [1]
api_lcd_pwr_on_hint2    0x00e867   0x2c  Code  Gb  ApiDisplay.o [1]
api_lcd_pwr_on_hint3    0x00e96b   0x2a  Code  Gb  ApiDisplay.o [1]
api_lcd_pwr_on_hint4    0x00e916   0x2b  Code  Gb  ApiDisplay.o [1]
api_poc_command_set     0x00ca5b   0xd7  Code  Gb  uart3.o [1]
drv_gt20_data_output    0x00b5c9  0x198  Code  Gb  DrvGT20L16S1Y.o [1]
drv_gt20_pwr_on_init    0x00e713    0x3  Code  Gb  DrvGT20L16S1Y.o [1]
drv_htg_clr_allscr      0x00adb7   0x31  Code  Gb  DrvHTG12832.o [1]
drv_htg_pwr_on_init     0x00aea9    0x9  Code  Gb  DrvHTG12832.o [1]
drv_htg_reset           0x00ac99    0x5  Code  Gb  DrvHTG12832.o [1]
drv_htg_set_address     0x00ad0d   0x3b  Code  Gb  DrvHTG12832.o [1]
drv_htg_write_command   0x00ac9e   0x6f  Code  Gb  DrvHTG12832.o [1]
drv_htg_write_data      0x00ad48   0x6f  Code  Gb  DrvHTG12832.o [1]
drv_keypad_scan         0x00aeb2  0x1e7  Code  Gb  DrvKeyboard.o [1]
exit                    0x00f5e2    0x3  Code  Gb  exit.o [5]
find_zf_tab             0x00e3c5   0x46  Code  Gb  GT20L16P1Y.o [3]
get_key_value           0x00c7ba   0xe5  Code  Gb  ApiKeyboard.o [1]
htg_delay_ms            0x00ade8   0x1e  Code  Lc  DrvHTG12832.o [1]
htg_initial             0x00ae06   0x5b  Code  Lc  DrvHTG12832.o [1]
key_scan_board          0x00bb9f  0x139  Code  Gb  DrvKeyboard.o [1]
main                    0x00f5d6    0x3  Code  Gb  main.o [1]
main_app                0x00c2b7  0x109  Code  Gb  System.o [1]
mcu_gt20_initial        0x00e6e3   0x30  Code  Lc  DrvGT20L16S1Y.o [1]
mcu_key_pad_out         0x00d7c6   0x8a  Code  Gb  DrvKeyboard.o [1]
mcu_key_pad_read        0x00db1f   0x6c  Code  Gb  DrvKeyboard.o [1]
mcu_key_pad_set         0x00bcd8  0x136  Code  Gb  DrvKeyboard.o [1]
mcu_lcd_initial         0x00ae61   0x48  Code  Lc  DrvHTG12832.o [1]
memcmp                  0x00e643   0x36  Code  Gb  memcmp.o [5]
memcpy                  0x00eb17   0x25  Code  Gb  memcpy.o [5]
memset                  0x00eefc   0x17  Code  Gb  memset.o [5]
num1                    0x001552    0x1  Data  Gb  ApiKeyboard.o [1]
num2                    0x001553    0x1  Data  Gb  ApiKeyboard.o [1]
num3                    0x001554    0x1  Data  Gb  ApiKeyboard.o [1]
num4                    0x001555    0x1  Data  Gb  ApiKeyboard.o [1]
num5                    0x001556    0x1  Data  Gb  ApiKeyboard.o [1]
num6                    0x001557    0x1  Data  Gb  ApiKeyboard.o [1]
numCount                0x001558    0x1  Data  Gb  ApiKeyboard.o [1]
pack_data               0x00a2cf  0x296  Code  Lc  ApiGpsCmd.o [1]
r_dat_bat               0x00de3a   0x57  Code  Gb  ApiDisplay.o [1]
strlen                  0x00f09c   0x12  Code  Gb  strlen.o [5]
ucAtPocHead             0x001590    0x2  Data  Gb  ApiPocCmd.o [1]
ucCLVL                  0x0015cd    0x2  Data  Gb  Task.o [1]
ucCODECCTL              0x0015d1    0x2  Data  Gb  Task.o [1]
ucCSQ                   0x0015d9    0x2  Data  Gb  Task.o [1]
ucCaretPPPCFG           0x001570    0x2  Data  Gb  ApiAtCmd.o [1]
ucCheckCard             0x001586    0x2  Data  Gb  ApiAtCmd.o [1]
ucCheckPPP              0x00157e    0x2  Data  Gb  ApiAtCmd.o [1]
ucCheckRssi             0x001584    0x2  Data  Gb  ApiAtCmd.o [1]
ucCheckTcp              0x001574    0x2  Data  Gb  ApiAtCmd.o [1]
ucEndPTT                0x0015c9    0x2  Data  Gb  Task.o [1]
ucGD83Reset             0x0015c4    0x2  Data  Gb  System.o [1]
ucOSSYSHWID             0x0015d3    0x2  Data  Gb  Task.o [1]
ucPPPCFG                0x0015db    0x2  Data  Gb  Task.o [1]
ucPlayZtts              0x001572    0x2  Data  Gb  ApiAtCmd.o [1]
ucPocOpenConfig         0x0015df    0x2  Data  Gb  Task.o [1]
ucPrefmode2             0x0015d5    0x2  Data  Gb  Task.o [1]
ucPrefmode4             0x0015d7    0x2  Data  Gb  Task.o [1]
ucQuitPersonalCalling   0x00158d    0x2  Data  Gb  ApiKeyboard.o [1]
ucRequestUserListInfo   0x0015cb    0x2  Data  Gb  Task.o [1]
ucRxCSQ31               0x001568    0x2  Data  Gb  ApiAtCmd.o [1]
ucRxCSQ99               0x00156a    0x2  Data  Gb  ApiAtCmd.o [1]
ucRxCheckCard           0x001564    0x2  Data  Gb  ApiAtCmd.o [1]
ucRxCheckPppClose       0x001582    0x2  Data  Gb  ApiAtCmd.o [1]
ucRxCheckPppOpen        0x001580    0x2  Data  Gb  ApiAtCmd.o [1]
ucRxCheckTcp            0x00157a    0x2  Data  Gb  ApiAtCmd.o [1]
ucRxOkHeadInfo          0x001598    0x2  Data  Gb  DrvGD83.o [1]
ucRxPocHeadInfo         0x001596    0x2  Data  Gb  DrvGD83.o [1]
ucRxTcpDataHeadInfo     0x00159a    0x2  Data  Gb  DrvGD83.o [1]
ucRxZTTS0               0x001566    0x2  Data  Gb  ApiAtCmd.o [1]
ucSIMST1                0x00156c    0x2  Data  Gb  ApiAtCmd.o [1]
ucSIMST255              0x00156e    0x2  Data  Gb  ApiAtCmd.o [1]
ucSendTcp               0x001578    0x2  Data  Gb  ApiAtCmd.o [1]
ucSetIPAndID            0x001592    0x2  Data  Gb  ApiPocCmd.o [1]
ucSetIp                 0x001576    0x2  Data  Gb  ApiAtCmd.o [1]
ucStartPTT              0x0015c7    0x2  Data  Gb  Task.o [1]
ucTxPocHeadInfo         0x001594    0x2  Data  Gb  DrvGD83.o [1]
ucVGR                   0x0015cf    0x2  Data  Gb  Task.o [1]
ucVGR1                  0x001589    0x2  Data  Gb  ApiKeyboard.o [1]
ucVGR7                  0x00158b    0x2  Data  Gb  ApiKeyboard.o [1]
ucZTTS_Abell            0x0015dd    0x2  Data  Gb  Task.o [1]
ucZpppOpen              0x00157c    0x2  Data  Gb  ApiAtCmd.o [1]
x                       0x001562    0x1  Data  Gb  Task.o [1]


[1] = E:\1-source\A508\PRJ\Debug\Obj
[2] = command line
[3] = GT20L16P1Y_IAR_STM8.a
[4] = dbgstm8smd.a
[5] = dlstm8smn.a

  27 495 bytes of readonly  code memory
   2 711 bytes of readonly  data memory
   6 113 bytes of readwrite data memory

Errors: none
Warnings: none
