###############################################################################
#
# IAR ELF Linker V2.20.1.176 for STM8                     18/Nov/2017  15:47:14
# Copyright 2010-2015 IAR Systems AB.
#
#    Output file  =  E:\1-source\A508\PRJ\Debug\Exe\A508_DEMO1.out
#    Map file     =  E:\1-source\A508\PRJ\Debug\List\A508_DEMO1.map
#    Command line =  
#        E:\1-source\A508\PRJ\Debug\Obj\ApiAtCmd.o
#        E:\1-source\A508\PRJ\Debug\Obj\ApiDisplay.o
#        E:\1-source\A508\PRJ\Debug\Obj\ApiKeyboard.o
#        E:\1-source\A508\PRJ\Debug\Obj\ApiPocCmd.o
#        E:\1-source\A508\PRJ\Debug\Obj\Beep.o
#        E:\1-source\A508\PRJ\Debug\Obj\CommonLib.o
#        E:\1-source\A508\PRJ\Debug\Obj\Delay.o
#        E:\1-source\A508\PRJ\Debug\Obj\DrvGD83.o
#        E:\1-source\A508\PRJ\Debug\Obj\DrvGT20L16S1Y.o
#        E:\1-source\A508\PRJ\Debug\Obj\DrvHTG12832.o
#        E:\1-source\A508\PRJ\Debug\Obj\DrvKeyboard.o
#        E:\1-source\A508\PRJ\Debug\Obj\main.o
#        E:\1-source\A508\PRJ\Debug\Obj\McuConfig.o
#        E:\1-source\A508\PRJ\Debug\Obj\stm8s_adc2.o
#        E:\1-source\A508\PRJ\Debug\Obj\stm8s_awu.o
#        E:\1-source\A508\PRJ\Debug\Obj\stm8s_beep.o
#        E:\1-source\A508\PRJ\Debug\Obj\stm8s_clk.o
#        E:\1-source\A508\PRJ\Debug\Obj\stm8s_exti.o
#        E:\1-source\A508\PRJ\Debug\Obj\stm8s_flash.o
#        E:\1-source\A508\PRJ\Debug\Obj\stm8s_gpio.o
#        E:\1-source\A508\PRJ\Debug\Obj\stm8s_i2c.o
#        E:\1-source\A508\PRJ\Debug\Obj\stm8s_it.o
#        E:\1-source\A508\PRJ\Debug\Obj\stm8s_itc.o
#        E:\1-source\A508\PRJ\Debug\Obj\stm8s_iwdg.o
#        E:\1-source\A508\PRJ\Debug\Obj\stm8s_rst.o
#        E:\1-source\A508\PRJ\Debug\Obj\stm8s_spi.o
#        E:\1-source\A508\PRJ\Debug\Obj\stm8s_tim1.o
#        E:\1-source\A508\PRJ\Debug\Obj\stm8s_tim2.o
#        E:\1-source\A508\PRJ\Debug\Obj\stm8s_tim3.o
#        E:\1-source\A508\PRJ\Debug\Obj\stm8s_tim4.o
#        E:\1-source\A508\PRJ\Debug\Obj\stm8s_uart1.o
#        E:\1-source\A508\PRJ\Debug\Obj\stm8s_uart3.o
#        E:\1-source\A508\PRJ\Debug\Obj\stm8s_wwdg.o
#        E:\1-source\A508\PRJ\Debug\Obj\sysclock.o
#        E:\1-source\A508\PRJ\Debug\Obj\System.o
#        E:\1-source\A508\PRJ\Debug\Obj\Task.o
#        E:\1-source\A508\PRJ\Debug\Obj\Tone.o --redirect _Printf=_PrintfSmall
#        --redirect _Scanf=_ScanfSmall -o
#        E:\1-source\A508\PRJ\Debug\Exe\A508_DEMO1.out --map
#        E:\1-source\A508\PRJ\Debug\List\A508_DEMO1.map --config "C:\Program
#        Files\IAR Systems\Embedded Workbench
#        7.3\stm8\config\lnkstm8s007c8.icf" --config_def _CSTACK_SIZE=0x100
#        --config_def _HEAP_SIZE=0x100 --entry __iar_program_start --debug_lib
#
###############################################################################

*******************************************************************************
*** RUNTIME MODEL ATTRIBUTES
***

__SystemLibrary            = DLib
__code_model               = small
__core                     = stm8
__data_model               = medium
__dlib_file_descriptor     = 0
__dlib_full_locale_support = 0
__rt_version               = 4


*******************************************************************************
*** PLACEMENT SUMMARY
***

"A1":  place at start of [0x000000-0x0000ff] { rw section .vregs };
"A2":  place at end of [0x000000-0x0017ff] { block CSTACK };
"P2":  place in [from 0x000000 to 0x0017ff] {
          block HEAP, rw section __DLIB_PERTHREAD, rw section .far.bss,
          rw section .far.data, rw section .far.noinit,
          rw section .far_func.textrw, rw section .huge.bss,
          rw section .huge.data, rw section .huge.noinit,
          rw section .huge_func.textrw, rw section .iar.dynexit,
          rw section .near.bss, rw section .near.data, rw section .near.noinit,
          rw section .near_func.textrw };
"A3":  place at start of [0x008000-0x00ffff] { block INTVEC };
"P3":  place in [from 0x008000 to 0x00ffff] {
          ro section __DLIB_PERTHREAD_init, ro section .far.data_init,
          ro section .far_func.textrw_init, ro section .huge.data_init,
          ro section .huge_func.textrw_init, ro section .iar.init_table,
          ro section .init_array, ro section .near.data_init,
          ro section .near.rodata, ro section .near_func.text,
          ro section .near_func.textrw_init, ro section .tiny.data_init,
          ro section .tiny.rodata_init };

  Section            Kind      Address    Size  Object
  -------            ----      -------    ----  ------
"A1":                                     0x10
  .vregs             uninit   0x000000    0x10  vregs.o [4]
                            - 0x000010    0x10

"P2", part 1 of 2:                        0x40
  P2-1                        0x000010    0x40  <Init block>
    .near.data       inited   0x000010     0x2  ApiAtCmd.o [1]
    .near.data       inited   0x000012     0x2  ApiAtCmd.o [1]
    .near.data       inited   0x000014     0x2  ApiKeyboard.o [1]
    .near.data       inited   0x000016     0x2  ApiKeyboard.o [1]
    .near.data       inited   0x000018     0x2  ApiPocCmd.o [1]
    .near.data       inited   0x00001a     0x2  DrvGD83.o [1]
    .near.data       inited   0x00001c     0x2  DrvGD83.o [1]
    .near.data       inited   0x00001e     0x2  DrvGD83.o [1]
    .near.data       inited   0x000020     0x8  DrvGT20L16S1Y.o [1]
    .near.data       inited   0x000028    0x20  DrvGT20L16S1Y.o [1]
    .near.data       inited   0x000048     0x2  System.o [1]
    .near.data       inited   0x00004a     0x2  System.o [1]
    .near.data       inited   0x00004c     0x2  System.o [1]
    .near.data       inited   0x00004e     0x2  System.o [1]
                            - 0x000050    0x40

"P2", part 2 of 2:                       0x896
  .near.bss          zero     0x000050   0x355  ApiPocCmd.o [1]
  .near.bss          zero     0x0003a5   0x20c  DrvGD83.o [1]
  .near.bss          zero     0x0005b1   0x200  ApiDisplay.o [1]
  .near.bss          zero     0x0007b1    0x77  ApiAtCmd.o [1]
  .near.bss          zero     0x000828    0x40  ApiDisplay.o [1]
  .near.bss          zero     0x000868    0x32  DrvGD83.o [1]
  .near.bss          zero     0x00089a    0x14  System.o [1]
  .near.bss          zero     0x0008ae    0x12  Beep.o [1]
  .near.bss          zero     0x0008c0    0x12  Tone.o [1]
  .near.bss          zero     0x0008d2     0xb  Delay.o [1]
  .near.bss          zero     0x0008dd     0x4  ApiDisplay.o [1]
  .near.bss          zero     0x0008e1     0x2  DrvHTG12832.o [1]
  .near.bss          zero     0x0008e3     0x1  ApiAtCmd.o [1]
  .near.bss          zero     0x0008e4     0x1  ApiKeyboard.o [1]
  .near.bss          zero     0x0008e5     0x1  DrvGD83.o [1]
                            - 0x0008e6   0x896

"A2":                                    0x100
  CSTACK                      0x001700   0x100  <Block>
    CSTACK           uninit   0x001700   0x100  <Block tail>
                            - 0x001800   0x100

"A3":                                     0x80
  INTVEC                      0x008000    0x80  <Block>
    .intvec          const    0x008000    0x80  interrupt.o [4]
                            - 0x008080    0x80

"P3":                                   0x322a
  .near_func.text    ro code  0x008080   0x59d  DrvGD83.o [1]
  .near_func.text    ro code  0x00861d   0x231  Beep.o [1]
  .near_func.text    ro code  0x00884e   0x21a  ApiKeyboard.o [1]
  .near_func.text    ro code  0x008a68   0x219  DrvHTG12832.o [1]
  .near_func.text    ro code  0x008c81   0x1e7  DrvKeyboard.o [1]
  .near_func.text    ro code  0x008e68   0x1be  System.o [1]
  .near_func.text    ro code  0x009026   0x19a  DrvGT20L16S1Y.o [1]
  .near_func.text    ro code  0x0091c0   0x17a  long.o [4]
  .near_func.text    ro code  0x00933a   0x139  DrvKeyboard.o [1]
  .near_func.text    ro code  0x009473   0x136  DrvKeyboard.o [1]
  .near_func.text    ro code  0x0095a9   0x134  stm8s_uart1.o [1]
  .near_func.text    ro code  0x0096dd   0x11e  vreg_util.o [4]
  .near_func.text    ro code  0x0097fb   0x101  stm8s_itc.o [1]
  .near_func.text    ro code  0x0098fc    0xe5  ApiKeyboard.o [1]
  .near_func.text    ro code  0x0099e1    0xe1  DrvGD83.o [1]
  .near_func.text    ro code  0x009ac2    0xdf  ApiDisplay.o [1]
  .near_func.text    ro code  0x009ba1    0xdb  CommonLib.o [1]
  .near_func.text    ro code  0x009c7c    0xbb  ApiPocCmd.o [1]
  .near_func.text    ro code  0x009d37    0xb2  ApiDisplay.o [1]
  .near_func.text    ro code  0x009de9    0xb0  Beep.o [1]
  .near_func.text    ro code  0x009e99    0xaf  stm8s_gpio.o [1]
  .near_func.text    ro code  0x009f48    0xa2  Delay.o [1]
  .near_func.text    ro code  0x009fea    0xa2  stm8s_clk.o [1]
  .near_func.text    ro code  0x00a08c    0x99  stm8s_tim1.o [1]
  .near_func.text    ro code  0x00a125    0x90  stm8s_uart1.o [1]
  .near_func.text    ro code  0x00a1b5    0x8a  DrvKeyboard.o [1]
  .near_func.text    ro code  0x00a23f    0x7a  DrvGD83.o [1]
  .near_func.text    ro code  0x00a2b9    0x79  ApiAtCmd.o [1]
  .near_func.text    ro code  0x00a332    0x73  Delay.o [1]
  .near_func.text    ro code  0x00a3a5    0x6c  DrvKeyboard.o [1]
  .near_func.text    ro code  0x00a411    0x6c  stm8s_uart1.o [1]
  .near_func.text    ro code  0x00a47d    0x67  Tone.o [1]
  .near_func.text    ro code  0x00a4e4    0x61  stm8s_tim1.o [1]
  .near_func.text    ro code  0x00a545    0x5f  DrvGT20L16S1Y.o [1]
  .near_func.text    ro code  0x00a5a4    0x5a  DrvGT20L16S1Y.o [1]
  .near_func.text    ro code  0x00a5fe    0x57  stm8s_clk.o [1]
  .near_func.text    ro code  0x00a655    0x54  Delay.o [1]
  .near_func.text    ro code  0x00a6a9    0x4e  Tone.o [1]
  .near_func.text    ro code  0x00a6f7    0x4d  ApiPocCmd.o [1]
  .near_func.text    ro code  0x00a744    0x4c  DrvGT20L16S1Y.o [1]
  .near_func.text    ro code  0x00a790    0x4a  ApiDisplay.o [1]
  .near_func.text    ro code  0x00a7da    0x49  DrvGD83.o [1]
  .near_func.text    ro code  0x00a823    0x49  DrvGD83.o [1]
  .near_func.text    ro code  0x00a86c    0x47  long_util.o [4]
  .near_func.text    ro code  0x00a8b3    0x43  stm8s_tim1.o [1]
  Initializer bytes  const    0x00a8f6    0x40  <for P2-1>
  .near_func.text    ro code  0x00a936    0x36  DrvGT20L16S1Y.o [1]
  .near_func.text    ro code  0x00a96c    0x36  stm8s_flash.o [1]
  .near_func.text    ro code  0x00a9a2    0x36  memcmp.o [4]
  .near_func.text    ro code  0x00a9d8    0x33  ApiDisplay.o [1]
  .near_func.text    ro code  0x00aa0b    0x33  DrvGT20L16S1Y.o [1]
  .near_func.text    ro code  0x00aa3e    0x32  Beep.o [1]
  .near_func.text    ro code  0x00aa70    0x32  stm8s_uart1.o [1]
  .near_func.text    ro code  0x00aaa2    0x32  short.o [4]
  .near_func.text    ro code  0x00aad4    0x30  McuConfig.o [1]
  .near_func.text    ro code  0x00ab04    0x30  sysclock.o [1]
  .near_func.text    ro code  0x00ab34    0x2d  stm8s_uart1.o [1]
  .near_func.text    ro code  0x00ab61    0x2c  DrvGD83.o [1]
  .near_func.text    ro code  0x00ab8d    0x2a  McuConfig.o [1]
  .near_func.text    ro code  0x00abb7    0x28  Delay.o [1]
  .near_func.text    ro code  0x00abdf    0x28  init_small.o [4]
  .near_func.text    ro code  0x00ac07    0x27  stm8s_flash.o [1]
  .near_func.text    ro code  0x00ac2e    0x27  sysclock.o [1]
  .near_func.text    ro code  0x00ac55    0x25  dc_util.o [4]
  .near_func.text    ro code  0x00ac7a    0x24  McuConfig.o [1]
  .near_func.text    ro code  0x00ac9e    0x24  stm8s_flash.o [1]
  .near_func.text    ro code  0x00acc2    0x24  stm8s_tim1.o [1]
  .near_func.text    ro code  0x00ace6    0x23  Tone.o [1]
  .iar.init_table    const    0x00ad09    0x12  - Linker created -
  .near_func.text    ro code  0x00ad1b    0x20  stm8s_it.o [1]
  .near_func.text    ro code  0x00ad3b    0x1f  Delay.o [1]
  .near_func.text    ro code  0x00ad5a    0x1f  move.o [4]
  .near_func.text    ro code  0x00ad79    0x1e  ApiPocCmd.o [1]
  .near_func.text    ro code  0x00ad97    0x1e  init_small.o [4]
  .near_func.text    ro code  0x00adb5    0x1c  Delay.o [1]
  .near_func.text    ro code  0x00add1    0x1b  stm8s_it.o [1]
  .near_func.text    ro code  0x00adec    0x1b  sysclock.o [1]
  .near_func.text    ro code  0x00ae07    0x1b  Task.o [1]
  .near.rodata       const    0x00ae22    0x1a  System.o [1]
  .near_func.text    ro code  0x00ae3c    0x1a  Beep.o [1]
  .near_func.text    ro code  0x00ae56    0x18  McuConfig.o [1]
  .near_func.text    ro code  0x00ae6e    0x18  McuConfig.o [1]
  .near_func.text    ro code  0x00ae86    0x18  McuConfig.o [1]
  .near_func.text    ro code  0x00ae9e    0x17  McuConfig.o [1]
  .near_func.text    ro code  0x00aeb5    0x17  McuConfig.o [1]
  .near_func.text    ro code  0x00aecc    0x17  McuConfig.o [1]
  .near_func.text    ro code  0x00aee3    0x17  McuConfig.o [1]
  .near_func.text    ro code  0x00aefa    0x17  McuConfig.o [1]
  .near_func.text    ro code  0x00af11    0x17  init.o [4]
  .near_func.text    ro code  0x00af28    0x16  stm8s_flash.o [1]
  .near_func.text    ro code  0x00af3e    0x15  ApiDisplay.o [1]
  .near.rodata       const    0x00af53    0x14  System.o [1]
  .near_func.text    ro code  0x00af67    0x14  DrvGT20L16S1Y.o [1]
  .near_func.text    ro code  0x00af7b    0x14  __dbg_xxexit.o [3]
  .near_func.text    ro code  0x00af8f    0x13  stm8s_clk.o [1]
  .near_func.text    ro code  0x00afa2    0x13  stm8s_tim3.o [1]
  .near_func.text    ro code  0x00afb5    0x13  cstartup.o [4]
  .near_func.text    ro code  0x00afc8    0x12  strlen.o [4]
  .near.rodata       const    0x00afda    0x11  System.o [1]
  .near.rodata       const    0x00afeb    0x10  ApiDisplay.o [1]
  .near.rodata       const    0x00affb    0x10  ApiDisplay.o [1]
  .near.rodata       const    0x00b00b    0x10  ApiKeyboard.o [1]
  .near.rodata       const    0x00b01b    0x10  ApiKeyboard.o [1]
  .near.rodata       const    0x00b02b    0x10  ApiKeyboard.o [1]
  .near.rodata       const    0x00b03b    0x10  ApiKeyboard.o [1]
  .near.rodata       const    0x00b04b    0x10  ApiKeyboard.o [1]
  .near.rodata       const    0x00b05b    0x10  ApiKeyboard.o [1]
  .near.rodata       const    0x00b06b    0x10  ApiKeyboard.o [1]
  .near.rodata       const    0x00b07b    0x10  ApiKeyboard.o [1]
  .near.rodata       const    0x00b08b    0x10  ApiKeyboard.o [1]
  .near.rodata       const    0x00b09b    0x10  ApiKeyboard.o [1]
  .near.rodata       const    0x00b0ab    0x10  ApiKeyboard.o [1]
  .near.rodata       const    0x00b0bb    0x10  ApiKeyboard.o [1]
  .near.rodata       const    0x00b0cb    0x10  ApiKeyboard.o [1]
  .near.rodata       const    0x00b0db    0x10  ApiKeyboard.o [1]
  .near.rodata       const    0x00b0eb    0x10  ApiKeyboard.o [1]
  .near.rodata       const    0x00b0fb    0x10  ApiKeyboard.o [1]
  .near.rodata       const    0x00b10b    0x10  ApiKeyboard.o [1]
  .near.rodata       const    0x00b11b     0xf  System.o [1]
  .near.rodata       const    0x00b12a     0xf  System.o [1]
  .near.rodata       const    0x00b139     0xe  System.o [1]
  .near_func.text    ro code  0x00b147     0xd  stm8s_tim1.o [1]
  .near_func.text    ro code  0x00b154     0xd  stm8s_tim1.o [1]
  .near_func.text    ro code  0x00b161     0xd  stm8s_tim1.o [1]
  .near_func.text    ro code  0x00b16e     0xd  stm8s_tim3.o [1]
  .near_func.text    ro code  0x00b17b     0xd  stm8s_tim3.o [1]
  .near_func.text    ro code  0x00b188     0xd  stm8s_uart1.o [1]
  .near_func.text    ro code  0x00b195     0xc  McuConfig.o [1]
  .near_func.text    ro code  0x00b1a1     0xc  McuConfig.o [1]
  .near_func.text    ro code  0x00b1ad     0xc  McuConfig.o [1]
  .near_func.text    ro code  0x00b1b9     0xc  McuConfig.o [1]
  .near_func.text    ro code  0x00b1c5     0xc  stm8s_tim3.o [1]
  .near.rodata       const    0x00b1d1     0xb  System.o [1]
  .near.rodata       const    0x00b1dc     0xa  ApiAtCmd.o [1]
  .near.rodata       const    0x00b1e6     0x9  ApiAtCmd.o [1]
  .near.rodata       const    0x00b1ef     0x9  ApiKeyboard.o [1]
  .near.rodata       const    0x00b1f8     0x9  ApiKeyboard.o [1]
  .near.rodata       const    0x00b201     0x9  DrvGD83.o [1]
  .near.rodata       const    0x00b20a     0x9  System.o [1]
  .near_func.text    ro code  0x00b213     0x9  Delay.o [1]
  .near_func.text    ro code  0x00b21c     0x9  stm8s_gpio.o [1]
  .near_func.text    ro code  0x00b225     0x9  stm8s_tim3.o [1]
  .near.rodata       const    0x00b22e     0x8  ApiDisplay.o [1]
  .near.rodata       const    0x00b236     0x8  ApiPocCmd.o [1]
  .near.rodata       const    0x00b23e     0x7  System.o [1]
  .near.rodata       const    0x00b245     0x7  System.o [1]
  .near_func.text    ro code  0x00b24c     0x7  stm8s_flash.o [1]
  .near_func.text    ro code  0x00b253     0x7  stm8s_gpio.o [1]
  .near.rodata       const    0x00b25a     0x6  DrvGD83.o [1]
  .near_func.text    ro code  0x00b260     0x6  char.o [4]
  .near_func.text    ro code  0x00b266     0x5  stm8s_tim3.o [1]
  .near_func.text    ro code  0x00b26b     0x5  cexit.o [4]
  .near.rodata       const    0x00b270     0x4  stm8s_clk.o [1]
  .near_func.text    ro code  0x00b274     0x4  stm8s_gpio.o [1]
  .near_func.text    ro code  0x00b278     0x4  stm8s_uart1.o [1]
  .near_func.text    ro code  0x00b27c     0x4  stm8s_uart1.o [1]
  .near.rodata       const    0x00b280     0x3  DrvGD83.o [1]
  .near_func.text    ro code  0x00b283     0x3  main.o [1]
  .near_func.text    ro code  0x00b286     0x3  interrupt.o [4]
  .near_func.text    ro code  0x00b289     0x3  low_level_init.o [4]
  .near_func.text    ro code  0x00b28c     0x3  exit.o [4]
  .near_func.text    ro code  0x00b28f     0x3  unhandled_exception.o [4]
  .near_func.text    ro code  0x00b292     0x1  stm8s_it.o [1]
  .near_func.text    ro code  0x00b293     0x1  stm8s_it.o [1]
  .near_func.text    ro code  0x00b294     0x1  stm8s_it.o [1]
  .near_func.text    ro code  0x00b295     0x1  stm8s_it.o [1]
  .near_func.text    ro code  0x00b296     0x1  stm8s_it.o [1]
  .near_func.text    ro code  0x00b297     0x1  stm8s_it.o [1]
  .near_func.text    ro code  0x00b298     0x1  stm8s_it.o [1]
  .near_func.text    ro code  0x00b299     0x1  stm8s_it.o [1]
  .near_func.text    ro code  0x00b29a     0x1  stm8s_it.o [1]
  .near_func.text    ro code  0x00b29b     0x1  stm8s_it.o [1]
  .near_func.text    ro code  0x00b29c     0x1  stm8s_it.o [1]
  .near_func.text    ro code  0x00b29d     0x1  stm8s_it.o [1]
  .near_func.text    ro code  0x00b29e     0x1  stm8s_it.o [1]
  .near_func.text    ro code  0x00b29f     0x1  stm8s_it.o [1]
  .near_func.text    ro code  0x00b2a0     0x1  stm8s_it.o [1]
  .near_func.text    ro code  0x00b2a1     0x1  stm8s_it.o [1]
  .near_func.text    ro code  0x00b2a2     0x1  stm8s_it.o [1]
  .near_func.text    ro code  0x00b2a3     0x1  stm8s_it.o [1]
  .near_func.text    ro code  0x00b2a4     0x1  stm8s_it.o [1]
  .near_func.text    ro code  0x00b2a5     0x1  stm8s_it.o [1]
  .near_func.text    ro code  0x00b2a6     0x1  stm8s_it.o [1]
  .near_func.text    ro code  0x00b2a7     0x1  stm8s_it.o [1]
  .near_func.text    ro code  0x00b2a8     0x1  Task.o [1]
  .near_func.text    ro code  0x00b2a9     0x1  __dbg_break.o [3]
                            - 0x00b2aa  0x322a


*******************************************************************************
*** INIT TABLE
***

          Address   Size
          -------   ----
Zero (__iar_zero_init2)
    1 destination range, total size 0x896:
          0x000050  0x896

Copy (__iar_copy_init2)
    1 source range, total size 0x40:
          0x00a8f6   0x40
    1 destination range, total size 0x40:
          0x000010   0x40



*******************************************************************************
*** MODULE SUMMARY
***

    Module                 ro code  ro data  rw data
    ------                 -------  -------  -------
E:\1-source\A508\PRJ\Debug\Obj: [1]
    ApiAtCmd.o                 121       23      124
    ApiDisplay.o               547       40      580
    ApiKeyboard.o              767      294        5
    ApiPocCmd.o                294       10      855
    Beep.o                     813                18
    CommonLib.o                219
    Delay.o                    469                11
    DrvGD83.o                1 974       24      581
    DrvGT20L16S1Y.o            796       40       40
    DrvHTG12832.o              537                 2
    DrvKeyboard.o            1 356
    McuConfig.o                361
    System.o                   446      149       28
    Task.o                      28
    Tone.o                     216                18
    main.o                       3
    stm8s_clk.o                268        4
    stm8s_flash.o              158
    stm8s_gpio.o               195
    stm8s_it.o                  81
    stm8s_itc.o                257
    stm8s_tim1.o               392
    stm8s_tim3.o                71
    stm8s_uart1.o              676
    sysclock.o                 114
    ------------------------------------------------
    Total:                  11 159      584    2 262

command line: [2]
    ------------------------------------------------
    Total:

dbgstm8smd.a: [3]
    __dbg_break.o                1
    __dbg_xxexit.o              20
    ------------------------------------------------
    Total:                      21

dlstm8smn.a: [4]
    cexit.o                      5
    char.o                       6
    cstartup.o                  19
    dc_util.o                   37
    exit.o                       3
    init.o                      23
    init_small.o                70
    interrupt.o                  3      128
    long.o                     378
    long_util.o                 71
    low_level_init.o             3
    memcmp.o                    54
    move.o                      31
    short.o                     50
    strlen.o                    18
    unhandled_exception.o        3
    vreg_util.o                286
    vregs.o                                       16
    ------------------------------------------------
    Total:                   1 060      128       16

    Linker created                       18      256
----------------------------------------------------
    Grand Total:            12 240      730    2 534


*******************************************************************************
*** ENTRY LIST
***

Entry                    Address   Size  Type      Object
-----                    -------   ----  ----      ------
.iar.init_table$$Base   0x00ad09          --   Gb  - Linker created -
.iar.init_table$$Limit  0x00ad1b          --   Gb  - Linker created -
?add32_l0_l0_0x         0x0091c3         Code  Gb  long.o [4]
?add32_l0_l0_l1         0x0091c0         Code  Gb  long.o [4]
?b0                     0x000000         Data  Gb  vregs.o [4]
?b1                     0x000001         Data  Gb  vregs.o [4]
?b10                    0x00000a         Data  Gb  vregs.o [4]
?b11                    0x00000b         Data  Gb  vregs.o [4]
?b12                    0x00000c         Data  Gb  vregs.o [4]
?b13                    0x00000d         Data  Gb  vregs.o [4]
?b14                    0x00000e         Data  Gb  vregs.o [4]
?b15                    0x00000f         Data  Gb  vregs.o [4]
?b2                     0x000002         Data  Gb  vregs.o [4]
?b3                     0x000003         Data  Gb  vregs.o [4]
?b4                     0x000004         Data  Gb  vregs.o [4]
?b5                     0x000005         Data  Gb  vregs.o [4]
?b6                     0x000006         Data  Gb  vregs.o [4]
?b7                     0x000007         Data  Gb  vregs.o [4]
?b8                     0x000008         Data  Gb  vregs.o [4]
?b9                     0x000009         Data  Gb  vregs.o [4]
?dc32_l0                0x00ac55         Code  Gb  dc_util.o [4]
?dc32_l1                0x00ac62         Code  Gb  dc_util.o [4]
?dc32_px                0x00ac6f         Code  Gb  dc_util.o [4]
?e0                     0x000001         Data  Gb  vregs.o [4]
?e1                     0x000005         Data  Gb  vregs.o [4]
?e2                     0x000009         Data  Gb  vregs.o [4]
?e3                     0x00000d         Data  Gb  vregs.o [4]
?epilogue_l2            0x009784         Code  Gb  vreg_util.o [4]
?epilogue_l2_l3         0x009781         Code  Gb  vreg_util.o [4]
?epilogue_l2_w6         0x009788         Code  Gb  vreg_util.o [4]
?epilogue_w4            0x00978f         Code  Gb  vreg_util.o [4]
?l0                     0x000000         Data  Gb  vregs.o [4]
?l1                     0x000004         Data  Gb  vregs.o [4]
?l2                     0x000008         Data  Gb  vregs.o [4]
?l3                     0x00000c         Data  Gb  vregs.o [4]
?load32_0x_l0           0x00a8a5         Code  Gb  long_util.o [4]
?load32_asp_l0          0x00a899         Code  Gb  long_util.o [4]
?load32_dbsp_l0         0x00a894         Code  Gb  long_util.o [4]
?load32_l0_0x           0x00a87c         Code  Gb  long_util.o [4]
?load32_l0_asp          0x00a871         Code  Gb  long_util.o [4]
?load32_l0_dbsp         0x00a86c         Code  Gb  long_util.o [4]
?load32_l0_xsp          0x00a873         Code  Gb  long_util.o [4]
?load32_l1_0x           0x00a888         Code  Gb  long_util.o [4]
?load32_xsp_l0          0x00a89b         Code  Gb  long_util.o [4]
?longfarg16_v_w0_a      0x00ad67         Code  Gb  move.o [4]
?longfarg16_v_w0_x      0x00ad69         Code  Gb  move.o [4]
?mov_e0_e1              0x009796         Code  Gb  vreg_util.o [4]
?mov_e0_e2              0x0097a3         Code  Gb  vreg_util.o [4]
?mov_e0_e3              0x0097b0         Code  Gb  vreg_util.o [4]
?mov_e1_e0              0x0097bd         Code  Gb  vreg_util.o [4]
?mov_e1_e2              0x0097ca         Code  Gb  vreg_util.o [4]
?mov_e1_e3              0x0097d7         Code  Gb  vreg_util.o [4]
?mov_e2_e0              0x0097e4         Code  Gb  vreg_util.o [4]
?mov_e3_e0              0x0097f1         Code  Gb  vreg_util.o [4]
?mov_l0_l1              0x009793         Code  Gb  vreg_util.o [4]
?mov_l0_l2              0x0097a0         Code  Gb  vreg_util.o [4]
?mov_l0_l3              0x0097ad         Code  Gb  vreg_util.o [4]
?mov_l1_l0              0x0097ba         Code  Gb  vreg_util.o [4]
?mov_l1_l2              0x0097c7         Code  Gb  vreg_util.o [4]
?mov_l1_l3              0x0097d4         Code  Gb  vreg_util.o [4]
?mov_l2_l0              0x0097e1         Code  Gb  vreg_util.o [4]
?mov_l3_l0              0x0097ee         Code  Gb  vreg_util.o [4]
?mov_w1_w3              0x009799         Code  Gb  vreg_util.o [4]
?mov_w1_w5              0x0097a6         Code  Gb  vreg_util.o [4]
?mov_w1_w7              0x0097b3         Code  Gb  vreg_util.o [4]
?mov_w3_w1              0x0097c0         Code  Gb  vreg_util.o [4]
?mov_w3_w5              0x0097cd         Code  Gb  vreg_util.o [4]
?mov_w3_w7              0x0097da         Code  Gb  vreg_util.o [4]
?mov_w5_w1              0x0097e7         Code  Gb  vreg_util.o [4]
?mov_w7_w1              0x0097f4         Code  Gb  vreg_util.o [4]
?move1616_v_x_y_a       0x00ad5a         Code  Gb  move.o [4]
?mul16_x_x_w0           0x00aaa2         Code  Gb  short.o [4]
?mul32_l0_l0_0x         0x0091f9         Code  Gb  long.o [4]
?mul32_l0_l0_dl         0x0091f6         Code  Gb  long.o [4]
?mul32_l0_l0_l1         0x009202         Code  Gb  long.o [4]
?or32_l0_l0_0x          0x0092f5         Code  Gb  long.o [4]
?pop_l0                 0x00974d         Code  Gb  vreg_util.o [4]
?pop_l1                 0x009758         Code  Gb  vreg_util.o [4]
?pop_l2                 0x009763         Code  Gb  vreg_util.o [4]
?pop_l3                 0x00976e         Code  Gb  vreg_util.o [4]
?pop_w4                 0x0096ff         Code  Gb  vreg_util.o [4]
?pop_w6                 0x009706         Code  Gb  vreg_util.o [4]
?pop_w7                 0x00970d         Code  Gb  vreg_util.o [4]
?push_l0                0x00971c         Code  Gb  vreg_util.o [4]
?push_l1                0x009721         Code  Gb  vreg_util.o [4]
?push_l2                0x009726         Code  Gb  vreg_util.o [4]
?push_l3                0x00972b         Code  Gb  vreg_util.o [4]
?push_w4                0x0096dd         Code  Gb  vreg_util.o [4]
?push_w6                0x0096e2         Code  Gb  vreg_util.o [4]
?push_w7                0x0096e7         Code  Gb  vreg_util.o [4]
?sext32_l0_x            0x00932f         Code  Gb  long.o [4]
?sll16_x_x_4            0x00aaca         Code  Gb  short.o [4]
?sll16_x_x_5            0x00aac9         Code  Gb  short.o [4]
?sll16_x_x_6            0x00aac8         Code  Gb  short.o [4]
?sll16_x_x_a            0x00aac0         Code  Gb  short.o [4]
?sll32_0x_0x_a          0x009310         Code  Gb  long.o [4]
?sll32_l0_l0_a          0x00930d         Code  Gb  long.o [4]
?srl16_x_x_4            0x00aacf         Code  Gb  short.o [4]
?srl32_0x_0x_a          0x009321         Code  Gb  long.o [4]
?srl32_l0_l0_a          0x00931e         Code  Gb  long.o [4]
?srl8_a_a_5             0x00b261         Code  Gb  char.o [4]
?srl8_a_a_6             0x00b260         Code  Gb  char.o [4]
?sub32_l0_l0_0x         0x0091de         Code  Gb  long.o [4]
?sub32_l0_l0_l1         0x0091db         Code  Gb  long.o [4]
?udiv32_l0_dl_l1        0x009280         Code  Gb  long.o [4]
?udiv32_l0_l0_dl        0x009285         Code  Gb  long.o [4]
?udiv32_l0_l0_l1        0x009288         Code  Gb  long.o [4]
?umod32_l1_l0_l1        0x009288         Code  Gb  long.o [4]
?w0                     0x000000         Data  Gb  vregs.o [4]
?w1                     0x000002         Data  Gb  vregs.o [4]
?w2                     0x000004         Data  Gb  vregs.o [4]
?w3                     0x000006         Data  Gb  vregs.o [4]
?w4                     0x000008         Data  Gb  vregs.o [4]
?w5                     0x00000a         Data  Gb  vregs.o [4]
?w6                     0x00000c         Data  Gb  vregs.o [4]
?w7                     0x00000e         Data  Gb  vregs.o [4]
ADC2_IRQHandler         0x00b2a5    0x1  Code  Gb  stm8s_it.o [1]
AF_Mute_Init            0x00b1a1    0xc  Code  Gb  McuConfig.o [1]
AUDIO_IOAFMUT           0x00aee3   0x17  Code  Gb  McuConfig.o [1]
AUDIO_IOAFPOW           0x00aefa   0x17  Code  Gb  McuConfig.o [1]
AWU_IRQHandler          0x00b294    0x1  Code  Gb  stm8s_it.o [1]
ApiAtCmd_10msRenew      0x00a2b9   0x79  Code  Gb  ApiAtCmd.o [1]
ApiPocCmd_10msRenew     0x00a6f7   0x4d  Code  Gb  ApiPocCmd.o [1]
ApiPocCmd_WritCommand   0x009c7c   0xbb  Code  Gb  ApiPocCmd.o [1]
AtCmdDrvobj             0x0007b1   0x77  Data  Lc  ApiAtCmd.o [1]
AtNotify_Queue          0x0080cc   0x4c  Code  Lc  DrvGD83.o [1]
AtNotify_Queue_Start    0x008118   0x55  Code  Lc  DrvGD83.o [1]
BEEP_Interrupt10ms      0x00ae3c   0x1a  Code  Gb  Beep.o [1]
BEEP_PowerOnInitial     0x009de9   0xb0  Code  Gb  Beep.o [1]
BEEP_SetOutput          0x00861d  0x231  Code  Gb  Beep.o [1]
BEEP_Time               0x00aa3e   0x32  Code  Gb  Beep.o [1]
BaseAdd                 0x000028   0x20  Data  Gb  DrvGT20L16S1Y.o [1]
BeepDrvObj              0x0008ae   0x12  Data  Lc  Beep.o [1]
BitTab                  0x00b22e    0x8  Data  Gb  ApiDisplay.o [1]
CHAR_HIGH               0x00afeb   0x10  Data  Gb  ApiDisplay.o [1]
CHAR_WIDTH              0x00affb   0x10  Data  Gb  ApiDisplay.o [1]
CLK_ClockSwitchConfig   0x009fea   0xa2  Code  Gb  stm8s_clk.o [1]
CLK_GetClockFreq        0x00a5fe   0x57  Code  Gb  stm8s_clk.o [1]
CLK_HSIPrescalerConfig  0x00af8f   0x13  Code  Gb  stm8s_clk.o [1]
CLK_IRQHandler          0x00b295    0x1  Code  Gb  stm8s_it.o [1]
COML_AscToHex           0x009ba1   0xdb  Code  Gb  CommonLib.o [1]
CSTACK$$Base            0x001700          --   Gb  - Linker created -
CSTACK$$Limit           0x001800          --   Gb  - Linker created -
C_TEST_OUT_SET          0x00b1b9    0xc  Code  Gb  McuConfig.o [1]
DEL_1msProcess          0x00b213    0x6  Code  Lc  Delay.o [1]
DEL_GetTimer            0x00a655   0x54  Code  Gb  Delay.o [1]
DEL_Interrupt           0x009f48   0xa2  Code  Gb  Delay.o [1]
DEL_PowerOnInitial      0x00ad3b   0x1f  Code  Gb  Delay.o [1]
DEL_Renew               0x00b219    0x3  Code  Gb  Delay.o [1]
DEL_SetTimer            0x00a332   0x73  Code  Gb  Delay.o [1]
DEL_Soft1ms             0x00adb5   0x1c  Code  Gb  Delay.o [1]
DEL_TimerRenew          0x00abb7   0x28  Code  Lc  Delay.o [1]
DISP_DataBuf            0x009ac2   0xdf  Code  Lc  ApiDisplay.o [1]
DISP_MulTypePro         0x009d37   0xb2  Code  Lc  ApiDisplay.o [1]
DefaultSystemClockForHSI
                        0x00adec   0x1b  Code  Gb  sysclock.o [1]
DelDrvObj               0x0008d2    0xb  Data  Lc  Delay.o [1]
DisDataBit              0x000828   0x40  Data  Gb  ApiDisplay.o [1]
DisDataBuf              0x0005b1  0x200  Data  Gb  ApiDisplay.o [1]
DisDrvObj               0x0008dd    0x4  Data  Lc  ApiDisplay.o [1]
DrvGD83DrvObj           0x0003a5  0x20c  Data  Lc  DrvGD83.o [1]
DrvGD83_Init            0x00ae6e   0x18  Code  Gb  McuConfig.o [1]
DrvGD83_UART_TxCommand  0x00a23f   0x7a  Code  Gb  DrvGD83.o [1]
DrvMC8332_AtNotify_Queue_front
                        0x00a7da   0x49  Code  Gb  DrvGD83.o [1]
DrvMC8332_PocNotify_Queue_front
                        0x00a823   0x49  Code  Gb  DrvGD83.o [1]
DrvMC8332_TxPort_SetValidable
                        0x00ab61   0x2c  Code  Gb  DrvGD83.o [1]
DrvMC8332_UART_Interrupt
                        0x0082e2  0x33b  Code  Gb  DrvGD83.o [1]
DrvMc8332_UART_TxTail   0x0099e1   0xe1  Code  Gb  DrvGD83.o [1]
EEPROM_EEC_IRQHandler   0x00b2a7    0x1  Code  Gb  stm8s_it.o [1]
EXTI_PORTA_IRQHandler   0x00b296    0x1  Code  Gb  stm8s_it.o [1]
EXTI_PORTB_IRQHandler   0x00b297    0x1  Code  Gb  stm8s_it.o [1]
EXTI_PORTC_IRQHandler   0x00b298    0x1  Code  Gb  stm8s_it.o [1]
EXTI_PORTD_IRQHandler   0x00b299    0x1  Code  Gb  stm8s_it.o [1]
EXTI_PORTE_IRQHandler   0x00b29a    0x1  Code  Gb  stm8s_it.o [1]
FLASH_EraseOptionByte   0x00ac07   0x27  Code  Gb  stm8s_flash.o [1]
FLASH_Lock              0x00b24c    0x7  Code  Gb  stm8s_flash.o [1]
FLASH_ProgramOptionByte
                        0x00ac9e   0x24  Code  Gb  stm8s_flash.o [1]
FLASH_Unlock            0x00af28   0x16  Code  Gb  stm8s_flash.o [1]
FLASH_WaitForLastOperation
                        0x00a96c   0x36  Code  Gb  stm8s_flash.o [1]
GD83_ON                 0x00ae86   0x18  Code  Gb  McuConfig.o [1]
GPIO_Init               0x009e99   0xaf  Code  Gb  stm8s_gpio.o [1]
GPIO_ReadInputPin       0x00b21c    0x9  Code  Gb  stm8s_gpio.o [1]
GPIO_WriteHigh          0x00b253    0x7  Code  Gb  stm8s_gpio.o [1]
GPIO_WriteLow           0x00b274    0x4  Code  Gb  stm8s_gpio.o [1]
GT20_DelTime            0x00af67   0x14  Code  Lc  DrvGT20L16S1Y.o [1]
GT20_GetData            0x00a545   0x5f  Code  Lc  DrvGT20L16S1Y.o [1]
GT20_GetDisData         0x00a936   0x36  Code  Lc  DrvGT20L16S1Y.o [1]
GT20_SendByte           0x00a5a4   0x5a  Code  Lc  DrvGT20L16S1Y.o [1]
GT20_SendCommand        0x00a744   0x4c  Code  Lc  DrvGT20L16S1Y.o [1]
HSE_ClockStartUpConfiguration
                        0x00ab04   0x30  Code  Lc  sysclock.o [1]
HSIDivFactor            0x00b270    0x4  Data  Gb  stm8s_clk.o [1]
HtgDrvObj               0x0008e1    0x2  Data  Lc  DrvHTG12832.o [1]
I2C_IRQHandler          0x00b2a2    0x1  Code  Gb  stm8s_it.o [1]
INTVEC$$Base            0x008000          --   Gb  - Linker created -
INTVEC$$Limit           0x008080          --   Gb  - Linker created -
ITC_SetSoftwarePriority
                        0x0097fb  0x101  Code  Gb  stm8s_itc.o [1]
Key_Flag_1              0x0008e4    0x1  Data  Gb  ApiKeyboard.o [1]
Key_Init                0x00aad4   0x30  Code  Gb  McuConfig.o [1]
Keyboard_Test           0x00884e  0x21a  Code  Gb  ApiKeyboard.o [1]
LED_Init                0x00ae56   0x18  Code  Gb  McuConfig.o [1]
ListenState             0x00ad79   0x1e  Code  Gb  ApiPocCmd.o [1]
MIC_GPIO_Init           0x00b195    0xc  Code  Gb  McuConfig.o [1]
MIC_IOMUT               0x00aecc   0x17  Code  Gb  McuConfig.o [1]
Noise_Mute_Init         0x00b1ad    0xc  Code  Gb  McuConfig.o [1]
Notify_Queue_Stop       0x0081c2  0x120  Code  Lc  DrvGD83.o [1]
PocCmdDrvobj            0x000050  0x355  Data  Lc  ApiPocCmd.o [1]
PocNotify_Queue         0x008080   0x4c  Code  Lc  DrvGD83.o [1]
PocNotify_Queue_Start   0x00816d   0x55  Code  Lc  DrvGD83.o [1]
Region$$Table$$Base     0x00ad09          --   Gb  - Linker created -
Region$$Table$$Limit    0x00ad1b          --   Gb  - Linker created -
SIMST_Flag              0x0008e3    0x1  Data  Gb  ApiAtCmd.o [1]
SPI_IRQHandler          0x00b29b    0x1  Code  Gb  stm8s_it.o [1]
Set_GreenLed            0x00ae9e   0x17  Code  Gb  McuConfig.o [1]
Set_RedLed              0x00aeb5   0x17  Code  Gb  McuConfig.o [1]
SystemClock_Init        0x00ac2e   0x27  Code  Gb  sysclock.o [1]
TASK_WriteFreq          0x00b2a8    0x1  Code  Gb  Task.o [1]
TIM1_CAP_COM_IRQHandler
                        0x00b29d    0x1  Code  Gb  stm8s_it.o [1]
TIM1_CCxCmd             0x00a8b3   0x43  Code  Gb  stm8s_tim1.o [1]
TIM1_Cmd                0x00b147    0xd  Code  Gb  stm8s_tim1.o [1]
TIM1_CtrlPWMOutputs     0x00b154    0xd  Code  Gb  stm8s_tim1.o [1]
TIM1_DeInit             0x00a08c   0x99  Code  Gb  stm8s_tim1.o [1]
TIM1_OC1Init            0x00a4e4   0x61  Code  Gb  stm8s_tim1.o [1]
TIM1_OC1PreloadConfig   0x00b161    0xd  Code  Gb  stm8s_tim1.o [1]
TIM1_PWM_Init           0x00a6a9   0x4e  Code  Gb  Tone.o [1]
TIM1_TimeBaseInit       0x00acc2   0x24  Code  Gb  stm8s_tim1.o [1]
TIM1_UPD_OVF_TRG_BRK_IRQHandler
                        0x00b29c    0x1  Code  Gb  stm8s_it.o [1]
TIM2_CAP_COM_IRQHandler
                        0x00b29f    0x1  Code  Gb  stm8s_it.o [1]
TIM2_UPD_OVF_BRK_IRQHandler
                        0x00b29e    0x1  Code  Gb  stm8s_it.o [1]
TIM3_ARRPreloadConfig   0x00b17b    0xd  Code  Gb  stm8s_tim3.o [1]
TIM3_CAP_COM_IRQHandler
                        0x00b2a0    0x1  Code  Gb  stm8s_it.o [1]
TIM3_ClearITPendingBit  0x00b266    0x5  Code  Gb  stm8s_tim3.o [1]
TIM3_Cmd                0x00b16e    0xd  Code  Gb  stm8s_tim3.o [1]
TIM3_ITConfig           0x00afa2   0x13  Code  Gb  stm8s_tim3.o [1]
TIM3_PrescalerConfig    0x00b225    0x9  Code  Gb  stm8s_tim3.o [1]
TIM3_TimeBaseInit       0x00b1c5    0xc  Code  Gb  stm8s_tim3.o [1]
TIM3_UPD_OVF_BRK_IRQHandler
                        0x00add1   0x1b  Code  Gb  stm8s_it.o [1]
TIM4_UPD_OVF_IRQHandler
                        0x00b2a6    0x1  Code  Gb  stm8s_it.o [1]
TLI_IRQHandler          0x00b293    0x1  Code  Gb  stm8s_it.o [1]
TONE_PowerOnInitial     0x00a47d   0x67  Code  Gb  Tone.o [1]
TONE_Start              0x00acee   0x1b  Code  Gb  Tone.o [1]
TONE_Stop               0x00ace6    0x8  Code  Gb  Tone.o [1]
TRAP_IRQHandler         0x00b292    0x1  Code  Gb  stm8s_it.o [1]
TaskDrvObj              0x00089a   0x14  Data  Lc  System.o [1]
Task_RunStart           0x00ae07   0x1b  Code  Gb  Task.o [1]
Tim3_Timer_Init         0x00ac7a   0x24  Code  Gb  McuConfig.o [1]
TimeVal                 0x000020    0x8  Data  Gb  DrvGT20L16S1Y.o [1]
ToneDrvObj              0x0008c0   0x12  Data  Lc  Tone.o [1]
UART1_Cmd               0x00b188    0xd  Code  Gb  stm8s_uart1.o [1]
UART1_DeInit            0x00ab34   0x2d  Code  Gb  stm8s_uart1.o [1]
UART1_GetFlagStatus     0x00aa70   0x32  Code  Gb  stm8s_uart1.o [1]
UART1_GetITStatus       0x00a125   0x90  Code  Gb  stm8s_uart1.o [1]
UART1_ITConfig          0x00a411   0x6c  Code  Gb  stm8s_uart1.o [1]
UART1_Init              0x0095a9  0x134  Code  Gb  stm8s_uart1.o [1]
UART1_RX_IRQHandler     0x00ad1b   0x20  Code  Gb  stm8s_it.o [1]
UART1_ReceiveData8      0x00b278    0x4  Code  Gb  stm8s_uart1.o [1]
UART1_SendData8         0x00b27c    0x4  Code  Gb  stm8s_uart1.o [1]
UART1_TX_IRQHandler     0x00b2a1    0x1  Code  Gb  stm8s_it.o [1]
UART3_RX_IRQHandler     0x00b2a4    0x1  Code  Gb  stm8s_it.o [1]
UART3_TX_IRQHandler     0x00b2a3    0x1  Code  Gb  stm8s_it.o [1]
Uart1_Init              0x00ab8d   0x2a  Code  Gb  McuConfig.o [1]
__DebugBreak            0x00b2a9    0x1  Code  Gb  __dbg_break.o [3]
__exit                  0x00af7b   0x14  Code  Gb  __dbg_xxexit.o [3]
__iar_copy_init2        0x00abdf         Code  Gb  init_small.o [4]
__iar_data_init2        0x00af11   0x17  Code  Gb  init.o [4]
__iar_program_start     0x00afb5         Code  Gb  cstartup.o [4]
__iar_unhandled_exception
                        0x00b28f         Code  Gb  unhandled_exception.o [4]
__iar_zero_init2        0x00ad97         Code  Gb  init_small.o [4]
__intvec                0x008000         Data  Gb  interrupt.o [4]
__low_level_init        0x00b289    0x3  Code  Gb  low_level_init.o [4]
_exit                   0x00b26b         Code  Gb  cexit.o [4]
_interrupt_1            0x00b292         Code  Gb  stm8s_it.o [1]
_interrupt_12           0x00b29b         Code  Gb  stm8s_it.o [1]
_interrupt_13           0x00b29c         Code  Gb  stm8s_it.o [1]
_interrupt_14           0x00b29d         Code  Gb  stm8s_it.o [1]
_interrupt_15           0x00b29e         Code  Gb  stm8s_it.o [1]
_interrupt_16           0x00b29f         Code  Gb  stm8s_it.o [1]
_interrupt_17           0x00add1         Code  Gb  stm8s_it.o [1]
_interrupt_18           0x00b2a0         Code  Gb  stm8s_it.o [1]
_interrupt_19           0x00b2a1         Code  Gb  stm8s_it.o [1]
_interrupt_2            0x00b293         Code  Gb  stm8s_it.o [1]
_interrupt_20           0x00ad1b         Code  Gb  stm8s_it.o [1]
_interrupt_21           0x00b2a2         Code  Gb  stm8s_it.o [1]
_interrupt_22           0x00b2a3         Code  Gb  stm8s_it.o [1]
_interrupt_23           0x00b2a4         Code  Gb  stm8s_it.o [1]
_interrupt_24           0x00b2a5         Code  Gb  stm8s_it.o [1]
_interrupt_25           0x00b2a6         Code  Gb  stm8s_it.o [1]
_interrupt_26           0x00b2a7         Code  Gb  stm8s_it.o [1]
_interrupt_3            0x00b294         Code  Gb  stm8s_it.o [1]
_interrupt_4            0x00b295         Code  Gb  stm8s_it.o [1]
_interrupt_5            0x00b296         Code  Gb  stm8s_it.o [1]
_interrupt_6            0x00b297         Code  Gb  stm8s_it.o [1]
_interrupt_7            0x00b298         Code  Gb  stm8s_it.o [1]
_interrupt_8            0x00b299         Code  Gb  stm8s_it.o [1]
_interrupt_9            0x00b29a         Code  Gb  stm8s_it.o [1]
api_disp_all_screen_refresh
                        0x00a790   0x4a  Code  Gb  ApiDisplay.o [1]
api_disp_char_output    0x00af3e   0x15  Code  Gb  ApiDisplay.o [1]
api_lcd_pwr_on_hint     0x00a9d8   0x33  Code  Gb  ApiDisplay.o [1]
drv_gt20_data_output    0x009026  0x19a  Code  Gb  DrvGT20L16S1Y.o [1]
drv_gt20_pwr_on_init    0x00aa3b    0x3  Code  Gb  DrvGT20L16S1Y.o [1]
drv_htg_clr_allscr      0x008b86   0x31  Code  Gb  DrvHTG12832.o [1]
drv_htg_pwr_on_init     0x008c78    0x9  Code  Gb  DrvHTG12832.o [1]
drv_htg_reset           0x008a68    0x5  Code  Gb  DrvHTG12832.o [1]
drv_htg_set_address     0x008adc   0x3b  Code  Gb  DrvHTG12832.o [1]
drv_htg_write_command   0x008a6d   0x6f  Code  Gb  DrvHTG12832.o [1]
drv_htg_write_data      0x008b17   0x6f  Code  Gb  DrvHTG12832.o [1]
drv_keypad_scan         0x008c81  0x1e7  Code  Gb  DrvKeyboard.o [1]
exit                    0x00b28c    0x3  Code  Gb  exit.o [4]
get_key_value           0x0098fc   0xe5  Code  Gb  ApiKeyboard.o [1]
htg_delay_ms            0x008bb7   0x1e  Code  Lc  DrvHTG12832.o [1]
htg_initial             0x008bd5   0x5b  Code  Lc  DrvHTG12832.o [1]
key_scan_board          0x00933a  0x139  Code  Gb  DrvKeyboard.o [1]
main                    0x00b283    0x3  Code  Gb  main.o [1]
main_app                0x008e68  0x1be  Code  Gb  System.o [1]
mcu_gt20_initial        0x00aa0b   0x30  Code  Lc  DrvGT20L16S1Y.o [1]
mcu_key_pad_out         0x00a1b5   0x8a  Code  Gb  DrvKeyboard.o [1]
mcu_key_pad_read        0x00a3a5   0x6c  Code  Gb  DrvKeyboard.o [1]
mcu_key_pad_set         0x009473  0x136  Code  Gb  DrvKeyboard.o [1]
mcu_lcd_initial         0x008c30   0x48  Code  Lc  DrvHTG12832.o [1]
memcmp                  0x00a9a2   0x36  Code  Gb  memcmp.o [4]
strlen                  0x00afc8   0x12  Code  Gb  strlen.o [4]
ucAtPocHead             0x000018    0x2  Data  Gb  ApiPocCmd.o [1]
ucEndPTT                0x00004c    0x2  Data  Gb  System.o [1]
ucKeyDown               0x000016    0x2  Data  Gb  ApiKeyboard.o [1]
ucKeyUp                 0x000014    0x2  Data  Gb  ApiKeyboard.o [1]
ucPocOpenConfig         0x000048    0x2  Data  Gb  System.o [1]
ucRxCheckCard           0x000010    0x2  Data  Gb  ApiAtCmd.o [1]
ucRxOkHeadInfo          0x00001e    0x2  Data  Gb  DrvGD83.o [1]
ucRxPocHeadInfo         0x00001c    0x2  Data  Gb  DrvGD83.o [1]
ucSIMST                 0x000012    0x2  Data  Gb  ApiAtCmd.o [1]
ucStartPTT              0x00004a    0x2  Data  Gb  System.o [1]
ucSwitch                0x00004e    0x2  Data  Gb  System.o [1]
ucTxPocHeadInfo         0x00001a    0x2  Data  Gb  DrvGD83.o [1]


[1] = E:\1-source\A508\PRJ\Debug\Obj
[2] = command line
[3] = dbgstm8smd.a
[4] = dlstm8smn.a

  12 240 bytes of readonly  code memory
     730 bytes of readonly  data memory
   2 534 bytes of readwrite data memory

Errors: none
Warnings: none
