###############################################################################
#
# IAR ELF Linker V2.20.1.176 for STM8                     23/Jan/2018  10:55:18
# Copyright 2010-2015 IAR Systems AB.
#
#    Output file  =  E:\1-source\A508\PRJ\Debug\Exe\A508_DEMO1.out
#    Map file     =  E:\1-source\A508\PRJ\Debug\List\A508_DEMO1.map
#    Command line =  
#        E:\1-source\A508\PRJ\Debug\Obj\ADC.o
#        E:\1-source\A508\PRJ\Debug\Obj\ApiAtCmd.o
#        E:\1-source\A508\PRJ\Debug\Obj\ApiDisplay.o
#        E:\1-source\A508\PRJ\Debug\Obj\ApiGpsCmd.o
#        E:\1-source\A508\PRJ\Debug\Obj\ApiKeyboard.o
#        E:\1-source\A508\PRJ\Debug\Obj\ApiLED.o
#        E:\1-source\A508\PRJ\Debug\Obj\ApiMenu.o
#        E:\1-source\A508\PRJ\Debug\Obj\ApiPocCmd.o
#        E:\1-source\A508\PRJ\Debug\Obj\Beep.o
#        E:\1-source\A508\PRJ\Debug\Obj\CommonLib.o
#        E:\1-source\A508\PRJ\Debug\Obj\Config.o
#        E:\1-source\A508\PRJ\Debug\Obj\Delay.o
#        E:\1-source\A508\PRJ\Debug\Obj\DrvGD83.o
#        E:\1-source\A508\PRJ\Debug\Obj\DrvGT20L16S1Y.o
#        E:\1-source\A508\PRJ\Debug\Obj\DrvHTG12832.o
#        E:\1-source\A508\PRJ\Debug\Obj\DrvKeyboard.o
#        E:\1-source\A508\PRJ\Debug\Obj\Flash_eeprom.o
#        E:\1-source\A508\SRC\Syetem\GT20L16_STM8_DOUBLE_MEDIUM_IAR.a
#        E:\1-source\A508\PRJ\Debug\Obj\GT20L16P1Y_D.o
#        E:\1-source\A508\PRJ\Debug\Obj\main.o
#        E:\1-source\A508\PRJ\Debug\Obj\McuConfig.o
#        E:\1-source\A508\PRJ\Debug\Obj\stm8s_adc2.o
#        E:\1-source\A508\PRJ\Debug\Obj\stm8s_awu.o
#        E:\1-source\A508\PRJ\Debug\Obj\stm8s_beep.o
#        E:\1-source\A508\PRJ\Debug\Obj\stm8s_clk.o
#        E:\1-source\A508\PRJ\Debug\Obj\stm8s_exti.o
#        E:\1-source\A508\PRJ\Debug\Obj\stm8s_flash.o
#        E:\1-source\A508\PRJ\Debug\Obj\stm8s_gpio.o
#        E:\1-source\A508\PRJ\Debug\Obj\stm8s_i2c.o
#        E:\1-source\A508\PRJ\Debug\Obj\stm8s_it.o
#        E:\1-source\A508\PRJ\Debug\Obj\stm8s_itc.o
#        E:\1-source\A508\PRJ\Debug\Obj\stm8s_iwdg.o
#        E:\1-source\A508\PRJ\Debug\Obj\stm8s_rst.o
#        E:\1-source\A508\PRJ\Debug\Obj\stm8s_spi.o
#        E:\1-source\A508\PRJ\Debug\Obj\stm8s_tim1.o
#        E:\1-source\A508\PRJ\Debug\Obj\stm8s_tim2.o
#        E:\1-source\A508\PRJ\Debug\Obj\stm8s_tim3.o
#        E:\1-source\A508\PRJ\Debug\Obj\stm8s_tim4.o
#        E:\1-source\A508\PRJ\Debug\Obj\stm8s_uart1.o
#        E:\1-source\A508\PRJ\Debug\Obj\stm8s_uart3.o
#        E:\1-source\A508\PRJ\Debug\Obj\stm8s_wwdg.o
#        E:\1-source\A508\PRJ\Debug\Obj\sysclock.o
#        E:\1-source\A508\PRJ\Debug\Obj\System.o
#        E:\1-source\A508\PRJ\Debug\Obj\Task.o
#        E:\1-source\A508\PRJ\Debug\Obj\Tone.o
#        E:\1-source\A508\PRJ\Debug\Obj\uart3.o
#        E:\1-source\A508\PRJ\Debug\Obj\Voice.o --redirect _Printf=_PrintfSmall
#        --redirect _Scanf=_ScanfSmall -o
#        E:\1-source\A508\PRJ\Debug\Exe\A508_DEMO1.out --map
#        E:\1-source\A508\PRJ\Debug\List\A508_DEMO1.map --config "C:\Program
#        Files\IAR Systems\Embedded Workbench
#        7.3\stm8\config\lnkstm8s007c8.icf" --config_def _CSTACK_SIZE=0x100
#        --config_def _HEAP_SIZE=0x00 --entry __iar_program_start --debug_lib
#
###############################################################################

*******************************************************************************
*** RUNTIME MODEL ATTRIBUTES
***

__SystemLibrary            = DLib
__code_model               = medium_or_large
__core                     = stm8
__data_model               = medium
__dlib_file_descriptor     = 0
__dlib_full_locale_support = 0
__rt_version               = 4


*******************************************************************************
*** PLACEMENT SUMMARY
***

"A1":  place at start of [0x000000-0x0000ff] { rw section .vregs };
"A2":  place at end of [0x000000-0x0017ff] { block CSTACK };
"P2":  place in [from 0x000000 to 0x0017ff] {
          block HEAP, rw section __DLIB_PERTHREAD, rw section .far.bss,
          rw section .far.data, rw section .far.noinit,
          rw section .far_func.textrw, rw section .huge.bss,
          rw section .huge.data, rw section .huge.noinit,
          rw section .huge_func.textrw, rw section .iar.dynexit,
          rw section .near.bss, rw section .near.data, rw section .near.noinit,
          rw section .near_func.textrw };
"A3":  place at start of [0x008000-0x00ffff] { block INTVEC };
"P3":  place in [from 0x008000 to 0x00ffff] {
          ro section __DLIB_PERTHREAD_init, ro section .far.data_init,
          ro section .far_func.textrw_init, ro section .huge.data_init,
          ro section .huge_func.textrw_init, ro section .iar.init_table,
          ro section .init_array, ro section .near.data_init,
          ro section .near.rodata, ro section .near_func.text,
          ro section .near_func.textrw_init, ro section .tiny.data_init,
          ro section .tiny.rodata_init };
"P4":  place in [from 0x008000 to 0x00ffff repeat 2] {
          ro section .far.rodata, ro section .far_func.text };

  Section            Kind      Address    Size  Object
  -------            ----      -------    ----  ------
"A1":                                     0x10
  .vregs             uninit   0x000000    0x10  vregs.o [5]
                            - 0x000010    0x10

"P2", part 1 of 2:                        0x5f
  P2-1                        0x000010    0x5f  <Init block>
    .near.data       inited   0x000010     0x1  ApiAtCmd.o [1]
    .near.data       inited   0x000011     0x2  ApiAtCmd.o [1]
    .near.data       inited   0x000013     0x2  ApiAtCmd.o [1]
    .near.data       inited   0x000015     0x2  ApiAtCmd.o [1]
    .near.data       inited   0x000017     0x2  ApiAtCmd.o [1]
    .near.data       inited   0x000019     0x2  ApiAtCmd.o [1]
    .near.data       inited   0x00001b     0x2  ApiAtCmd.o [1]
    .near.data       inited   0x00001d     0x2  ApiAtCmd.o [1]
    .near.data       inited   0x00001f     0x2  ApiAtCmd.o [1]
    .near.data       inited   0x000021     0x2  ApiAtCmd.o [1]
    .near.data       inited   0x000023     0x2  ApiAtCmd.o [1]
    .near.data       inited   0x000025     0x2  ApiAtCmd.o [1]
    .near.data       inited   0x000027     0x2  ApiAtCmd.o [1]
    .near.data       inited   0x000029     0x2  ApiAtCmd.o [1]
    .near.data       inited   0x00002b     0x2  ApiAtCmd.o [1]
    .near.data       inited   0x00002d     0x2  ApiAtCmd.o [1]
    .near.data       inited   0x00002f     0x2  ApiAtCmd.o [1]
    .near.data       inited   0x000031     0x2  ApiAtCmd.o [1]
    .near.data       inited   0x000033     0x2  ApiAtCmd.o [1]
    .near.data       inited   0x000035     0x2  ApiAtCmd.o [1]
    .near.data       inited   0x000037     0x2  ApiAtCmd.o [1]
    .near.data       inited   0x000039     0x1  ApiKeyboard.o [1]
    .near.data       inited   0x00003a     0x2  ApiKeyboard.o [1]
    .near.data       inited   0x00003c     0x2  ApiKeyboard.o [1]
    .near.data       inited   0x00003e     0x2  ApiKeyboard.o [1]
    .near.data       inited   0x000040     0x1  ApiKeyboard.o [1]
    .near.data       inited   0x000041     0x1  ApiKeyboard.o [1]
    .near.data       inited   0x000042     0x2  ApiPocCmd.o [1]
    .near.data       inited   0x000044     0x2  ApiPocCmd.o [1]
    .near.data       inited   0x000046     0x2  DrvGD83.o [1]
    .near.data       inited   0x000048     0x2  DrvGD83.o [1]
    .near.data       inited   0x00004a     0x2  DrvGD83.o [1]
    .near.data       inited   0x00004c     0x2  DrvGD83.o [1]
    .near.data       inited   0x00004e     0x2  System.o [1]
    .near.data       inited   0x000050     0x2  System.o [1]
    .near.data       inited   0x000052     0x2  System.o [1]
    .near.data       inited   0x000054     0x1  Task.o [1]
    .near.data       inited   0x000055     0x2  Task.o [1]
    .near.data       inited   0x000057     0x2  Task.o [1]
    .near.data       inited   0x000059     0x2  Task.o [1]
    .near.data       inited   0x00005b     0x2  Task.o [1]
    .near.data       inited   0x00005d     0x2  Task.o [1]
    .near.data       inited   0x00005f     0x2  Task.o [1]
    .near.data       inited   0x000061     0x2  Task.o [1]
    .near.data       inited   0x000063     0x2  Task.o [1]
    .near.data       inited   0x000065     0x2  Task.o [1]
    .near.data       inited   0x000067     0x2  Task.o [1]
    .near.data       inited   0x000069     0x2  Task.o [1]
    .near.data       inited   0x00006b     0x2  Task.o [1]
    .near.data       inited   0x00006d     0x2  Task.o [1]
                            - 0x00006f    0x5f

"P2", part 2 of 2:                      0x159a
  .near.bss          zero     0x00006f   0xbd7  ApiPocCmd.o [1]
  .near.bss          zero     0x000c46   0x28a  DrvGD83.o [1]
  .near.bss          zero     0x000ed0   0x224  ApiGpsCmd.o [1]
  .near.bss          zero     0x0010f4   0x200  ApiDisplay.o [1]
  .near.bss          zero     0x0012f4   0x12c  ApiPocCmd.o [1]
  .near.bss          zero     0x001420    0x85  ApiAtCmd.o [1]
  .near.bss          zero     0x0014a5    0x50  ApiPocCmd.o [1]
  .near.bss          zero     0x0014f5    0x44  uart3.o [1]
  .near.bss          zero     0x001539    0x40  ApiDisplay.o [1]
  .near.bss          zero     0x001579    0x14  System.o [1]
  .near.bss          zero     0x00158d    0x12  Beep.o [1]
  .near.bss          zero     0x00159f    0x12  Tone.o [1]
  .near.bss          zero     0x0015b1     0xf  ApiPocCmd.o [1]
  .near.bss          zero     0x0015c0     0xb  Delay.o [1]
  .near.bss          zero     0x0015cb     0x6  Voice.o [1]
  .near.bss          zero     0x0015d1     0x4  uart3.o [1]
  .near.bss          zero     0x0015d5     0x2  ApiDisplay.o [1]
  .near.bss          zero     0x0015d7     0x2  DrvHTG12832.o [1]
  .near.bss          zero     0x0015d9     0x1  ADC.o [1]
  .near.bss          zero     0x0015da     0x1  ApiAtCmd.o [1]
  .near.bss          zero     0x0015db     0x1  ApiAtCmd.o [1]
  .near.bss          zero     0x0015dc     0x1  ApiAtCmd.o [1]
  .near.bss          zero     0x0015dd     0x1  ApiAtCmd.o [1]
  .near.bss          zero     0x0015de     0x1  ApiAtCmd.o [1]
  .near.bss          zero     0x0015df     0x1  ApiAtCmd.o [1]
  .near.bss          zero     0x0015e0     0x1  ApiGpsCmd.o [1]
  .near.bss          zero     0x0015e1     0x1  ApiKeyboard.o [1]
  .near.bss          zero     0x0015e2     0x1  ApiKeyboard.o [1]
  .near.bss          zero     0x0015e3     0x1  ApiKeyboard.o [1]
  .near.bss          zero     0x0015e4     0x1  ApiKeyboard.o [1]
  .near.bss          zero     0x0015e5     0x1  ApiKeyboard.o [1]
  .near.bss          zero     0x0015e6     0x1  ApiKeyboard.o [1]
  .near.bss          zero     0x0015e7     0x1  ApiKeyboard.o [1]
  .near.bss          zero     0x0015e8     0x1  ApiKeyboard.o [1]
  .near.bss          zero     0x0015e9     0x1  ApiKeyboard.o [1]
  .near.bss          zero     0x0015ea     0x1  ApiKeyboard.o [1]
  .near.bss          zero     0x0015eb     0x1  ApiKeyboard.o [1]
  .near.bss          zero     0x0015ec     0x1  ApiKeyboard.o [1]
  .near.bss          zero     0x0015ed     0x1  ApiKeyboard.o [1]
  .near.bss          zero     0x0015ee     0x1  ApiKeyboard.o [1]
  .near.bss          zero     0x0015ef     0x1  ApiKeyboard.o [1]
  .near.bss          zero     0x0015f0     0x1  ApiKeyboard.o [1]
  .near.bss          zero     0x0015f1     0x1  ApiKeyboard.o [1]
  .near.bss          zero     0x0015f2     0x1  ApiKeyboard.o [1]
  .near.bss          zero     0x0015f3     0x1  ApiKeyboard.o [1]
  .near.bss          zero     0x0015f4     0x1  ApiLED.o [1]
  .near.bss          zero     0x0015f5     0x1  ApiPocCmd.o [1]
  .near.bss          zero     0x0015f6     0x1  ApiPocCmd.o [1]
  .near.bss          zero     0x0015f7     0x1  ApiPocCmd.o [1]
  .near.bss          zero     0x0015f8     0x1  ApiPocCmd.o [1]
  .near.bss          zero     0x0015f9     0x1  ApiPocCmd.o [1]
  .near.bss          zero     0x0015fa     0x1  ApiPocCmd.o [1]
  .near.bss          zero     0x0015fb     0x1  ApiPocCmd.o [1]
  .near.bss          zero     0x0015fc     0x1  ApiPocCmd.o [1]
  .near.bss          zero     0x0015fd     0x1  ApiPocCmd.o [1]
  .near.bss          zero     0x0015fe     0x1  Delay.o [1]
  .near.bss          zero     0x0015ff     0x1  Delay.o [1]
  .near.bss          zero     0x001600     0x1  Delay.o [1]
  .near.bss          zero     0x001601     0x1  Delay.o [1]
  .near.bss          zero     0x001602     0x1  Delay.o [1]
  .near.bss          zero     0x001603     0x1  DrvGD83.o [1]
  .near.bss          zero     0x001604     0x1  Task.o [1]
  .near.bss          zero     0x001605     0x1  Task.o [1]
  .near.bss          zero     0x001606     0x1  Task.o [1]
  .near.bss          zero     0x001607     0x1  Task.o [1]
  .near.bss          zero     0x001608     0x1  Task.o [1]
                            - 0x001609  0x159a

"A2":                                    0x100
  CSTACK                      0x001700   0x100  <Block>
    CSTACK           uninit   0x001700   0x100  <Block tail>
                            - 0x001800   0x100

"A3":                                     0x80
  INTVEC                      0x008000    0x80  <Block>
    .intvec          const    0x008000    0x80  interrupt.o [5]
                            - 0x008080    0x80

"P3":                                   0x292e
  .near.rodata       const    0x008080  0x1b00  GT20L16P1Y_D.o [1]
  .near.rodata       const    0x009b80   0x400  ApiDisplay.o [1]
  .near.rodata       const    0x009f80   0x1b0  GT20L16P1Y_D.o [1]
  .near.rodata       const    0x00a130   0x1b0  GT20L16P1Y_D.o [1]
  Initializer bytes  const    0x00a2e0    0x5f  <for P2-1>
  .near_func.text    const    0x00a33f    0x40  ApiDisplay.o [1]
  .near.rodata       const    0x00a37f    0x3e  GT20L16P1Y.o [3]
  .near.rodata       const    0x00a3bd    0x31  Task.o [1]
  .near.rodata       const    0x00a3ee    0x2a  Task.o [1]
  .near.rodata       const    0x00a418    0x25  Task.o [1]
  .near.rodata       const    0x00a43d    0x25  Task.o [1]
  .near.rodata       const    0x00a462    0x25  Task.o [1]
  .iar.init_table    const    0x00a487    0x14  - Linker created -
  .near.rodata       const    0x00a49b    0x1d  Task.o [1]
  .near.rodata       const    0x00a4b8    0x18  Task.o [1]
  .near.rodata       const    0x00a4d0    0x13  ApiAtCmd.o [1]
  .near.rodata       const    0x00a4e3    0x13  Task.o [1]
  .near.rodata       const    0x00a4f6    0x13  Task.o [1]
  .near.rodata       const    0x00a509    0x12  ApiAtCmd.o [1]
  .near.rodata       const    0x00a51b    0x12  Task.o [1]
  .near.rodata       const    0x00a52d    0x11  ApiKeyboard.o [1]
  .near.rodata       const    0x00a53e    0x11  ApiKeyboard.o [1]
  .near.rodata       const    0x00a54f    0x11  ApiKeyboard.o [1]
  .near.rodata       const    0x00a560    0x11  ApiKeyboard.o [1]
  .near.rodata       const    0x00a571    0x11  ApiKeyboard.o [1]
  .near.rodata       const    0x00a582    0x11  ApiKeyboard.o [1]
  .near.rodata       const    0x00a593    0x11  ApiKeyboard.o [1]
  .near.rodata       const    0x00a5a4    0x11  ApiMenu.o [1]
  .near.rodata       const    0x00a5b5    0x11  ApiMenu.o [1]
  .near.rodata       const    0x00a5c6    0x11  ApiMenu.o [1]
  .near.rodata       const    0x00a5d7    0x11  ApiMenu.o [1]
  .near.rodata       const    0x00a5e8    0x11  ApiMenu.o [1]
  .near.rodata       const    0x00a5f9    0x11  ApiMenu.o [1]
  .near.rodata       const    0x00a60a    0x11  ApiMenu.o [1]
  .near.rodata       const    0x00a61b    0x11  ApiMenu.o [1]
  .near.rodata       const    0x00a62c    0x11  ApiMenu.o [1]
  .near.rodata       const    0x00a63d    0x11  ApiMenu.o [1]
  .near.rodata       const    0x00a64e    0x11  ApiMenu.o [1]
  .near.rodata       const    0x00a65f    0x11  CommonLib.o [1]
  .near.rodata       const    0x00a670    0x11  Delay.o [1]
  .near.rodata       const    0x00a681    0x11  System.o [1]
  .near.rodata       const    0x00a692    0x11  Task.o [1]
  .near.rodata       const    0x00a6a3    0x11  Task.o [1]
  .near.rodata       const    0x00a6b4    0x11  Task.o [1]
  .near.rodata       const    0x00a6c5    0x11  Task.o [1]
  .near.rodata       const    0x00a6d6    0x11  Task.o [1]
  .near.rodata       const    0x00a6e7    0x11  Task.o [1]
  .near.rodata       const    0x00a6f8    0x11  Task.o [1]
  .near.rodata       const    0x00a709    0x11  Task.o [1]
  .near.rodata       const    0x00a71a    0x11  Task.o [1]
  .near.rodata       const    0x00a72b    0x11  Task.o [1]
  .near.rodata       const    0x00a73c    0x11  Task.o [1]
  .near.rodata       const    0x00a74d    0x10  ApiAtCmd.o [1]
  .near.rodata       const    0x00a75d    0x10  ApiAtCmd.o [1]
  .near.rodata       const    0x00a76d    0x10  ApiDisplay.o [1]
  .near.rodata       const    0x00a77d    0x10  ApiDisplay.o [1]
  .near.rodata       const    0x00a78d    0x10  uart3.o [1]
  .near.rodata       const    0x00a79d     0xf  ApiAtCmd.o [1]
  .near.rodata       const    0x00a7ac     0xf  ApiKeyboard.o [1]
  .near.rodata       const    0x00a7bb     0xf  System.o [1]
  .near.rodata       const    0x00a7ca     0xf  Task.o [1]
  .near.rodata       const    0x00a7d9     0xf  Task.o [1]
  .near.rodata       const    0x00a7e8     0xe  ApiAtCmd.o [1]
  .near.rodata       const    0x00a7f6     0xe  ApiAtCmd.o [1]
  .near.rodata       const    0x00a804     0xe  ApiAtCmd.o [1]
  .near.rodata       const    0x00a812     0xe  System.o [1]
  .near.rodata       const    0x00a820     0xe  Task.o [1]
  .near.rodata       const    0x00a82e     0xe  Task.o [1]
  .near.rodata       const    0x00a83c     0xe  Task.o [1]
  .near.rodata       const    0x00a84a     0xd  ApiPocCmd.o [1]
  .near.rodata       const    0x00a857     0xd  ApiPocCmd.o [1]
  .near.rodata       const    0x00a864     0xd  Task.o [1]
  .near.rodata       const    0x00a871     0xc  ApiAtCmd.o [1]
  .near.rodata       const    0x00a87d     0xc  ApiGpsCmd.o [1]
  .near.rodata       const    0x00a889     0xb  ApiAtCmd.o [1]
  .near.rodata       const    0x00a894     0xb  ApiAtCmd.o [1]
  .near.rodata       const    0x00a89f     0xb  Task.o [1]
  .near.rodata       const    0x00a8aa     0xa  ApiAtCmd.o [1]
  .near.rodata       const    0x00a8b4     0xa  Task.o [1]
  .near.rodata       const    0x00a8be     0x9  ApiAtCmd.o [1]
  .near.rodata       const    0x00a8c7     0x9  ApiAtCmd.o [1]
  .near.rodata       const    0x00a8d0     0x9  ApiAtCmd.o [1]
  .near.rodata       const    0x00a8d9     0x9  ApiKeyboard.o [1]
  .near.rodata       const    0x00a8e2     0x9  ApiKeyboard.o [1]
  .near.rodata       const    0x00a8eb     0x9  ApiMenu.o [1]
  .near.rodata       const    0x00a8f4     0x9  DrvGD83.o [1]
  .near.rodata       const    0x00a8fd     0x9  System.o [1]
  .near.rodata       const    0x00a906     0x9  Task.o [1]
  .near.rodata       const    0x00a90f     0x9  Task.o [1]
  .near.rodata       const    0x00a918     0x8  ApiAtCmd.o [1]
  .near.rodata       const    0x00a920     0x8  ApiAtCmd.o [1]
  .near.rodata       const    0x00a928     0x8  ApiDisplay.o [1]
  .near.rodata       const    0x00a930     0x8  ApiPocCmd.o [1]
  .near.rodata       const    0x00a938     0x8  Task.o [1]
  .near.rodata       const    0x00a940     0x7  ApiAtCmd.o [1]
  .near.rodata       const    0x00a947     0x7  ApiAtCmd.o [1]
  .near.rodata       const    0x00a94e     0x7  ApiAtCmd.o [1]
  .near.rodata       const    0x00a955     0x7  ApiPocCmd.o [1]
  .near.rodata       const    0x00a95c     0x7  DrvGD83.o [1]
  .near.rodata       const    0x00a963     0x7  Task.o [1]
  .near.rodata       const    0x00a96a     0x7  Task.o [1]
  .near.rodata       const    0x00a971     0x6  DrvGD83.o [1]
  .near.rodata       const    0x00a977     0x6  System.o [1]
  .near.rodata       const    0x00a97d     0x4  ApiMenu.o [1]
  .near.rodata       const    0x00a981     0x4  ApiMenu.o [1]
  .near.rodata       const    0x00a985     0x4  ApiMenu.o [1]
  .near.rodata       const    0x00a989     0x4  ApiMenu.o [1]
  .near.rodata       const    0x00a98d     0x4  ApiMenu.o [1]
  .near.rodata       const    0x00a991     0x4  ApiMenu.o [1]
  .near.rodata       const    0x00a995     0x4  ApiMenu.o [1]
  .near.rodata       const    0x00a999     0x4  ApiMenu.o [1]
  .near.rodata       const    0x00a99d     0x4  stm8s_clk.o [1]
  .near.rodata       const    0x00a9a1     0x4  uart3.o [1]
  .near.rodata       const    0x00a9a5     0x3  DrvGD83.o [1]
  .near.rodata       const    0x00a9a8     0x3  uart3.o [1]
  .near.rodata       const    0x00a9ab     0x3  uart3.o [1]
                            - 0x00a9ae  0x292e

"P4", part 1 of 2:                      0x1753
  .far_func.text     ro code  0x00a9ae    0x67  ApiAtCmd.o [1]
  .far_func.text     ro code  0x00aa15    0x64  ApiDisplay.o [1]
  .far_func.text     ro code  0x00aa79    0x64  ApiGpsCmd.o [1]
  .far_func.text     ro code  0x00aadd    0x64  long_util.o [5]
  .far_func.text     ro code  0x00ab41    0x61  stm8s_tim1.o [1]
  .far_func.text     ro code  0x00aba2    0x60  ApiLED.o [1]
  .far_func.text     ro code  0x00ac02    0x5e  CommonLib.o [1]
  .far_func.text     ro code  0x00ac60    0x5c  GT20L16P1Y_D.o [1]
  .far_func.text     ro code  0x00acbc    0x5a  ApiDisplay.o [1]
  .far_func.text     ro code  0x00ad16    0x58  stm8s_clk.o [1]
  .far_func.text     ro code  0x00ad6e    0x58  dc_util.o [5]
  .far_func.text     ro code  0x00adc6    0x57  ApiDisplay.o [1]
  .far_func.text     ro code  0x00ae1d    0x56  Tone.o [1]
  .far_func.text     ro code  0x00ae73    0x55  Delay.o [1]
  .far_func.text     ro code  0x00aec8    0x54  stm8s_adc2.o [1]
  .far_func.text     ro code  0x00af1c    0x52  uart3.o [1]
  .far_func.text     ro code  0x00af6e    0x52  uart3.o [1]
  .far_func.text     ro code  0x00afc0    0x50  Flash_eeprom.o [1]
  .far_func.text     ro code  0x00b010    0x4f  ApiDisplay.o [1]
  .far_func.text     ro code  0x00b05f    0x4f  uart3.o [1]
  .far_func.text     ro code  0x00b0ae    0x4e  CommonLib.o [1]
  .far_func.text     ro code  0x00b0fc    0x4a  DrvGD83.o [1]
  .far_func.text     ro code  0x00b146    0x4a  DrvGD83.o [1]
  .far_func.text     ro code  0x00b190    0x4a  DrvGD83.o [1]
  .far_func.text     ro code  0x00b1da    0x4a  DrvGD83.o [1]
  .far_func.text     ro code  0x00b224    0x49  stm8s_uart3.o [1]
  .far_func.text     ro code  0x00b26d    0x48  Flash_eeprom.o [1]
  .far_func.text     ro code  0x00b2b5    0x48  Flash_eeprom.o [1]
  .far_func.text     ro code  0x00b2fd    0x48  GT20L16P1Y_D.o [1]
  .far_func.text     ro code  0x00b345    0x48  GT20L16P1Y_D.o [1]
  .far_func.text     ro code  0x00b38d    0x47  GT20L16P1Y.o [3]
  .far_func.text     ro code  0x00b3d4    0x45  Flash_eeprom.o [1]
  .far_func.text     ro code  0x00b419    0x44  short.o [5]
  .far_func.text     ro code  0x00b45d    0x43  stm8s_tim1.o [1]
  .far_func.text     ro code  0x00b4a0    0x43  uart3.o [1]
  .far_func.text     ro code  0x00b4e3    0x40  Task.o [1]
  .far_func.text     ro code  0x00b523    0x3e  Flash_eeprom.o [1]
  .far_func.text     ro code  0x00b561    0x3d  DrvGD83.o [1]
  .far_func.text     ro code  0x00b59e    0x39  uart3.o [1]
  .far_func.text     ro code  0x00b5d7    0x38  Beep.o [1]
  .far_func.text     ro code  0x00b60f    0x38  DrvGT20L16S1Y.o [1]
  .far_func.text     ro code  0x00b647    0x36  stm8s_flash.o [1]
  .far_func.text     ro code  0x00b67d    0x36  sysclock.o [1]
  .far_func.text     ro code  0x00b6b3    0x36  memcmp.o [5]
  .far_func.text     ro code  0x00b6e9    0x34  McuConfig.o [1]
  .far_func.text     ro code  0x00b71d    0x32  stm8s_uart1.o [1]
  .far_func.text     ro code  0x00b74f    0x30  stm8s_adc2.o [1]
  .far_func.text     ro code  0x00b77f    0x2f  ApiDisplay.o [1]
  .far_func.text     ro code  0x00b7ae    0x2f  ApiDisplay.o [1]
  .far_func.text     ro code  0x00b7dd    0x2f  stm8s_adc2.o [1]
  .far_func.text     ro code  0x00b80c    0x2e  ApiDisplay.o [1]
  .far_func.text     ro code  0x00b83a    0x2e  ApiDisplay.o [1]
  .far_func.text     ro code  0x00b868    0x2e  McuConfig.o [1]
  .far_func.text     ro code  0x00b896    0x2d  ApiDisplay.o [1]
  .far_func.text     ro code  0x00b8c3    0x2d  stm8s_uart1.o [1]
  .far_func.text     ro code  0x00b8f0    0x2c  DrvGD83.o [1]
  .far_func.text     ro code  0x00b91c    0x2b  sysclock.o [1]
  .far_func.text     ro code  0x00b947    0x2b  Task.o [1]
  .far_func.text     ro code  0x00b972    0x29  Delay.o [1]
  .far_func.text     ro code  0x00b99b    0x29  McuConfig.o [1]
  .far_func.text     ro code  0x00b9c4    0x28  stm8s_flash.o [1]
  .far_func.text     ro code  0x00b9ec    0x28  init_small.o [5]
  .far_func.text     ro code  0x00ba14    0x27  ADC.o [1]
  .far_func.text     ro code  0x00ba3b    0x27  McuConfig.o [1]
  .far_func.text     ro code  0x00ba62    0x26  GT20L16P1Y_D.o [1]
  .far_func.text     ro code  0x00ba88    0x26  stm8s_it.o [1]
  .far_func.text     ro code  0x00baae    0x26  Tone.o [1]
  .far_func.text     ro code  0x00bad4    0x26  memcpy.o [5]
  .far_func.text     ro code  0x00bafa    0x25  stm8s_flash.o [1]
  .far_func.text     ro code  0x00bb1f    0x25  stm8s_uart3.o [1]
  .far_func.text     ro code  0x00bb44    0x25  move.o [5]
  .far_func.text     ro code  0x00bb69    0x24  stm8s_tim1.o [1]
  .far_func.text     ro code  0x00bb8d    0x22  ADC.o [1]
  .far_func.text     ro code  0x00bbaf    0x22  ApiPocCmd.o [1]
  .far_func.text     ro code  0x00bbd1    0x22  ApiPocCmd.o [1]
  .far_func.text     ro code  0x00bbf3    0x21  ApiGpsCmd.o [1]
  .far_func.text     ro code  0x00bc14    0x21  ApiPocCmd.o [1]
  .far_func.text     ro code  0x00bc35    0x21  Delay.o [1]
  .far_func.text     ro code  0x00bc56    0x21  stm8s_adc2.o [1]
  .far_func.text     ro code  0x00bc77    0x21  stm8s_it.o [1]
  .far_func.text     ro code  0x00bc98    0x20  ApiPocCmd.o [1]
  .far_func.text     ro code  0x00bcb8    0x1f  sysclock.o [1]
  .far_func.text     ro code  0x00bcd7    0x1e  init.o [5]
  .far_func.text     ro code  0x00bcf5    0x1e  init_small.o [5]
  .far_func.text     ro code  0x00bd13    0x1c  Beep.o [1]
  .far_func.text     ro code  0x00bd2f    0x1c  Delay.o [1]
  .far_func.text     ro code  0x00bd4b    0x1b  stm8s_it.o [1]
  .far_func.text     ro code  0x00bd66    0x19  McuConfig.o [1]
  .far_func.text     ro code  0x00bd7f    0x19  McuConfig.o [1]
  .far_func.text     ro code  0x00bd98    0x19  McuConfig.o [1]
  .far_func.text     ro code  0x00bdb1    0x19  McuConfig.o [1]
  .far_func.text     ro code  0x00bdca    0x19  McuConfig.o [1]
  .far_func.text     ro code  0x00bde3    0x17  ApiDisplay.o [1]
  .far_func.text     ro code  0x00bdfa    0x17  ApiDisplay.o [1]
  .far_func.text     ro code  0x00be11    0x17  uart3.o [1]
  .far_func.text     ro code  0x00be28    0x17  cstartup.o [5]
  .far_func.text     ro code  0x00be3f    0x17  memset.o [5]
  .far_func.text     ro code  0x00be56    0x16  stm8s_flash.o [1]
  .far_func.text     ro code  0x00be6c    0x16  __dbg_xxexit.o [4]
  .far_func.text     ro code  0x00be82    0x14  stm8s_flash.o [1]
  .far_func.text     ro code  0x00be96    0x13  ApiPocCmd.o [1]
  .far_func.text     ro code  0x00bea9    0x13  ApiPocCmd.o [1]
  .far_func.text     ro code  0x00bebc    0x13  stm8s_adc2.o [1]
  .far_func.text     ro code  0x00becf    0x13  stm8s_clk.o [1]
  .far_func.text     ro code  0x00bee2    0x13  stm8s_tim3.o [1]
  .far_func.text     ro code  0x00bef5    0x12  ApiPocCmd.o [1]
  .far_func.text     ro code  0x00bf07    0x12  ApiPocCmd.o [1]
  .far_func.text     ro code  0x00bf19    0x12  uart3.o [1]
  .far_func.text     ro code  0x00bf2b    0x12  strlen.o [5]
  .far_func.text     ro code  0x00bf3d    0x10  uart3.o [1]
  .far_func.text     ro code  0x00bf4d     0xf  Voice.o [1]
  .far_func.text     ro code  0x00bf5c     0xe  far_util.o [5]
  .far_func.text     ro code  0x00bf6a     0xd  McuConfig.o [1]
  .far_func.text     ro code  0x00bf77     0xd  McuConfig.o [1]
  .far_func.text     ro code  0x00bf84     0xd  McuConfig.o [1]
  .far_func.text     ro code  0x00bf91     0xd  McuConfig.o [1]
  .far_func.text     ro code  0x00bf9e     0xd  stm8s_adc2.o [1]
  .far_func.text     ro code  0x00bfab     0xd  stm8s_tim1.o [1]
  .far_func.text     ro code  0x00bfb8     0xd  stm8s_tim1.o [1]
  .far_func.text     ro code  0x00bfc5     0xd  stm8s_tim1.o [1]
  .far_func.text     ro code  0x00bfd2     0xd  stm8s_tim3.o [1]
  .far_func.text     ro code  0x00bfdf     0xd  stm8s_tim3.o [1]
  .far_func.text     ro code  0x00bfec     0xd  stm8s_uart1.o [1]
  .far_func.text     ro code  0x00bff9     0xd  stm8s_uart3.o [1]
  .far_func.text     ro code  0x00c006     0xc  stm8s_tim3.o [1]
  .far_func.text     ro code  0x00c012     0xb  ApiPocCmd.o [1]
  .far_func.text     ro code  0x00c01d     0xa  ApiAtCmd.o [1]
  .far_func.text     ro code  0x00c027     0x9  stm8s_gpio.o [1]
  .far_func.text     ro code  0x00c030     0x9  stm8s_tim3.o [1]
  .far_func.text     ro code  0x00c039     0x7  ApiAtCmd.o [1]
  .far_func.text     ro code  0x00c040     0x7  ApiAtCmd.o [1]
  .far_func.text     ro code  0x00c047     0x7  ApiPocCmd.o [1]
  .far_func.text     ro code  0x00c04e     0x7  stm8s_flash.o [1]
  .far_func.text     ro code  0x00c055     0x7  stm8s_gpio.o [1]
  .far_func.text     ro code  0x00c05c     0x6  char.o [5]
  .far_func.text     ro code  0x00c062     0x6  cexit.o [5]
  .far_func.text     ro code  0x00c068     0x5  stm8s_adc2.o [1]
  .far_func.text     ro code  0x00c06d     0x5  stm8s_flash.o [1]
  .far_func.text     ro code  0x00c072     0x5  stm8s_flash.o [1]
  .far_func.text     ro code  0x00c077     0x5  stm8s_tim3.o [1]
  .far_func.text     ro code  0x00c07c     0x4  ApiAtCmd.o [1]
  .far_func.text     ro code  0x00c080     0x4  ApiAtCmd.o [1]
  .far_func.text     ro code  0x00c084     0x4  ApiAtCmd.o [1]
  .far_func.text     ro code  0x00c088     0x4  ApiAtCmd.o [1]
  .far_func.text     ro code  0x00c08c     0x4  ApiAtCmd.o [1]
  .far_func.text     ro code  0x00c090     0x4  ApiAtCmd.o [1]
  .far_func.text     ro code  0x00c094     0x4  ApiAtCmd.o [1]
  .far_func.text     ro code  0x00c098     0x4  ApiAtCmd.o [1]
  .far_func.text     ro code  0x00c09c     0x4  ApiGpsCmd.o [1]
  .far_func.text     ro code  0x00c0a0     0x4  ApiGpsCmd.o [1]
  .far_func.text     ro code  0x00c0a4     0x4  ApiPocCmd.o [1]
  .far_func.text     ro code  0x00c0a8     0x4  ApiPocCmd.o [1]
  .far_func.text     ro code  0x00c0ac     0x4  ApiPocCmd.o [1]
  .far_func.text     ro code  0x00c0b0     0x4  ApiPocCmd.o [1]
  .far_func.text     ro code  0x00c0b4     0x4  ApiPocCmd.o [1]
  .far_func.text     ro code  0x00c0b8     0x4  main.o [1]
  .far_func.text     ro code  0x00c0bc     0x4  stm8s_gpio.o [1]
  .far_func.text     ro code  0x00c0c0     0x4  stm8s_uart1.o [1]
  .far_func.text     ro code  0x00c0c4     0x4  stm8s_uart1.o [1]
  .far_func.text     ro code  0x00c0c8     0x4  stm8s_uart3.o [1]
  .far_func.text     ro code  0x00c0cc     0x4  stm8s_uart3.o [1]
  .far_func.text     ro code  0x00c0d0     0x4  System.o [1]
  .far_func.text     ro code  0x00c0d4     0x4  System.o [1]
  .far_func.text     ro code  0x00c0d8     0x4  Task.o [1]
  .far_func.text     ro code  0x00c0dc     0x4  interrupt.o [5]
  .far_func.text     ro code  0x00c0e0     0x4  exit.o [5]
  .far_func.text     ro code  0x00c0e4     0x3  low_level_init.o [5]
  .far_func.text     ro code  0x00c0e7     0x3  unhandled_exception.o [5]
  .far_func.text     ro code  0x00c0ea     0x1  ApiKeyboard.o [1]
  .far_func.text     ro code  0x00c0eb     0x1  stm8s_it.o [1]
  .far_func.text     ro code  0x00c0ec     0x1  stm8s_it.o [1]
  .far_func.text     ro code  0x00c0ed     0x1  stm8s_it.o [1]
  .far_func.text     ro code  0x00c0ee     0x1  stm8s_it.o [1]
  .far_func.text     ro code  0x00c0ef     0x1  stm8s_it.o [1]
  .far_func.text     ro code  0x00c0f0     0x1  stm8s_it.o [1]
  .far_func.text     ro code  0x00c0f1     0x1  stm8s_it.o [1]
  .far_func.text     ro code  0x00c0f2     0x1  stm8s_it.o [1]
  .far_func.text     ro code  0x00c0f3     0x1  stm8s_it.o [1]
  .far_func.text     ro code  0x00c0f4     0x1  stm8s_it.o [1]
  .far_func.text     ro code  0x00c0f5     0x1  stm8s_it.o [1]
  .far_func.text     ro code  0x00c0f6     0x1  stm8s_it.o [1]
  .far_func.text     ro code  0x00c0f7     0x1  stm8s_it.o [1]
  .far_func.text     ro code  0x00c0f8     0x1  stm8s_it.o [1]
  .far_func.text     ro code  0x00c0f9     0x1  stm8s_it.o [1]
  .far_func.text     ro code  0x00c0fa     0x1  stm8s_it.o [1]
  .far_func.text     ro code  0x00c0fb     0x1  stm8s_it.o [1]
  .far_func.text     ro code  0x00c0fc     0x1  stm8s_it.o [1]
  .far_func.text     ro code  0x00c0fd     0x1  stm8s_it.o [1]
  .far_func.text     ro code  0x00c0fe     0x1  stm8s_it.o [1]
  .far_func.text     ro code  0x00c0ff     0x1  stm8s_it.o [1]
  .far_func.text     ro code  0x00c100     0x1  __dbg_break.o [4]
                            - 0x00c101  0x1753

"P4", part 2 of 2:                      0x666e
  .far_func.text     ro code  0x010000   0x823  DrvGD83.o [1]
  .far_func.text     ro code  0x010823   0x5e6  ApiKeyboard.o [1]
  .far_func.text     ro code  0x010e09   0x4b5  ApiGpsCmd.o [1]
  .far_func.text     ro code  0x0112be   0x432  Task.o [1]
  .far_func.text     ro code  0x0116f0   0x36d  ApiPocCmd.o [1]
  .far_func.text     ro code  0x011a5d   0x30f  Beep.o [1]
  .far_func.text     ro code  0x011d6c   0x2de  ApiGpsCmd.o [1]
  .far_func.text     ro code  0x01204a   0x2cd  GT20L16P1Y.o [3]
  .far_func.text     ro code  0x012317   0x284  ApiAtCmd.o [1]
  .far_func.text     ro code  0x01259b   0x255  ApiGpsCmd.o [1]
  .far_func.text     ro code  0x0127f0   0x252  DrvHTG12832.o [1]
  .far_func.text     ro code  0x012a42   0x251  GT20L16P1Y.o [3]
  .far_func.text     ro code  0x012c93   0x22c  Config.o [1]
  .far_func.text     ro code  0x012ebf   0x228  ApiAtCmd.o [1]
  .far_func.text     ro code  0x0130e7   0x211  DrvKeyboard.o [1]
  .far_func.text     ro code  0x0132f8   0x1dc  Task.o [1]
  .far_func.text     ro code  0x0134d4   0x1d1  ApiGpsCmd.o [1]
  .far_func.text     ro code  0x0136a5   0x1b2  uart3.o [1]
  .far_func.text     ro code  0x013857   0x19f  long.o [5]
  .far_func.text     ro code  0x0139f6   0x186  Delay.o [1]
  .far_func.text     ro code  0x013b7c   0x185  GT20L16P1Y.o [3]
  .far_func.text     ro code  0x013d01   0x17c  ApiPocCmd.o [1]
  .far_func.text     ro code  0x013e7d   0x173  ApiPocCmd.o [1]
  .far_func.text     ro code  0x013ff0   0x16d  System.o [1]
  .far_func.text     ro code  0x01415d   0x16b  ApiAtCmd.o [1]
  .far_func.text     ro code  0x0142c8   0x165  ApiGpsCmd.o [1]
  .far_func.text     ro code  0x01442d   0x15c  vreg_util.o [5]
  .far_func.text     ro code  0x014589   0x159  ApiMenu.o [1]
  .far_func.text     ro code  0x0146e2   0x159  stm8s_uart1.o [1]
  .far_func.text     ro code  0x01483b   0x148  DrvKeyboard.o [1]
  .far_func.text     ro code  0x014983   0x13f  DrvKeyboard.o [1]
  .far_func.text     ro code  0x014ac2   0x13b  DrvGT20L16S1Y.o [1]
  .far_func.text     ro code  0x014bfd   0x134  DrvGT20L16S1Y.o [1]
  .far_func.text     ro code  0x014d31   0x12a  stm8s_uart3.o [1]
  .far_func.text     ro code  0x014e5b   0x109  uart3.o [1]
  .far_func.text     ro code  0x014f64   0x104  ApiAtCmd.o [1]
  .far_func.text     ro code  0x015068   0x103  stm8s_itc.o [1]
  .far_func.text     ro code  0x01516b   0x101  ADC.o [1]
  .far_func.text     ro code  0x01526c    0xfa  CommonLib.o [1]
  .far_func.text     ro code  0x015366    0xf3  uart3.o [1]
  .far_func.text     ro code  0x015459    0xeb  DrvGD83.o [1]
  .far_func.text     ro code  0x015544    0xe5  ApiKeyboard.o [1]
  .far_func.text     ro code  0x015629    0xdf  uart3.o [1]
  .far_func.text     ro code  0x015708    0xd9  ApiDisplay.o [1]
  .far_func.text     ro code  0x0157e1    0xd8  ApiPocCmd.o [1]
  .far_func.text     ro code  0x0158b9    0xc8  ApiDisplay.o [1]
  .far_func.text     ro code  0x015981    0xc0  ApiDisplay.o [1]
  .far_func.text     ro code  0x015a41    0xb6  stm8s_uart3.o [1]
  .far_func.text     ro code  0x015af7    0xb0  ApiDisplay.o [1]
  .far_func.text     ro code  0x015ba7    0xaf  stm8s_gpio.o [1]
  .far_func.text     ro code  0x015c56    0xa3  Delay.o [1]
  .far_func.text     ro code  0x015cf9    0xa2  stm8s_clk.o [1]
  .far_func.text     ro code  0x015d9b    0x9b  Voice.o [1]
  .far_func.text     ro code  0x015e36    0x99  stm8s_tim1.o [1]
  .far_func.text     ro code  0x015ecf    0x97  ApiDisplay.o [1]
  .far_func.text     ro code  0x015f66    0x96  CommonLib.o [1]
  .far_func.text     ro code  0x015ffc    0x96  DrvKeyboard.o [1]
  .far_func.text     ro code  0x016092    0x95  uart3.o [1]
  .far_func.text     ro code  0x016127    0x92  stm8s_uart1.o [1]
  .far_func.text     ro code  0x0161b9    0x8d  stm8s_uart3.o [1]
  .far_func.text     ro code  0x016246    0x88  ApiDisplay.o [1]
  .far_func.text     ro code  0x0162ce    0x82  stm8s_adc2.o [1]
  .far_func.text     ro code  0x016350    0x80  DrvGD83.o [1]
  .far_func.text     ro code  0x0163d0    0x73  ApiAtCmd.o [1]
  .far_func.text     ro code  0x016443    0x73  Delay.o [1]
  .far_func.text     ro code  0x0164b6    0x72  DrvKeyboard.o [1]
  .far_func.text     ro code  0x016528    0x6e  uart3.o [1]
  .far_func.text     ro code  0x016596    0x6d  stm8s_uart1.o [1]
  .far_func.text     ro code  0x016603    0x6b  Tone.o [1]
                            - 0x01666e  0x666e


*******************************************************************************
*** INIT TABLE
***

          Address   Size
          -------   ----
Zero (__iar_zero_init2)
    1 destination range, total size 0x159a:
          0x00006f  0x159a

Copy (__iar_copy_init2)
    1 source range, total size 0x5f:
          0x00a2e0    0x5f
    1 destination range, total size 0x5f:
          0x000010    0x5f



*******************************************************************************
*** MODULE SUMMARY
***

    Module                 ro code  ro data  rw data
    ------                 -------  -------  -------
E:\1-source\A508\PRJ\Debug\Obj: [1]
    ADC.o                      330                 1
    ApiAtCmd.o               2 093      275      180
    ApiDisplay.o             1 705    1 128      578
    ApiGpsCmd.o              3 499       12      549
    ApiKeyboard.o            1 740      161       28
    ApiLED.o                    96                 1
    ApiMenu.o                  345      228
    ApiPocCmd.o              2 089       45    3 439
    Beep.o                     867                18
    CommonLib.o                572       17
    Config.o                   556
    Delay.o                    855       17       16
    DrvGD83.o                2 847       33      659
    DrvGT20L16S1Y.o            679
    DrvHTG12832.o              594                 2
    DrvKeyboard.o            1 440
    Flash_eeprom.o             355
    GT20L16P1Y_D.o             274    7 776
    McuConfig.o                355
    System.o                   373       67       26
    Task.o                   1 661      671       32
    Tone.o                     231                18
    Voice.o                    170                 6
    main.o                       4
    stm8s_adc2.o               379
    stm8s_clk.o                269        4
    stm8s_flash.o              190
    stm8s_gpio.o               195
    stm8s_it.o                 119
    stm8s_itc.o                259
    stm8s_tim1.o               392
    stm8s_tim3.o                71
    stm8s_uart1.o              716
    stm8s_uart3.o              752
    sysclock.o                 128
    uart3.o                  1 848       26       72
    ------------------------------------------------
    Total:                  29 048   10 460    5 625

command line: [2]
    ------------------------------------------------
    Total:

GT20L16_STM8_DOUBLE_MEDIUM_IAR.a: [3]
    GT20L16P1Y.o             1 770       62
    ------------------------------------------------
    Total:                   1 770       62

dbgstm8mmd.a: [4]
    __dbg_break.o                1
    __dbg_xxexit.o              22
    ------------------------------------------------
    Total:                      23

dlstm8mmn.a: [5]
    cexit.o                      6
    char.o                       6
    cstartup.o                  23
    dc_util.o                   88
    exit.o                       4
    far_util.o                  14
    init.o                      30
    init_small.o                70
    interrupt.o                  4      128
    long.o                     415
    long_util.o                100
    low_level_init.o             3
    memcmp.o                    54
    memcpy.o                    38
    memset.o                    23
    move.o                      37
    short.o                     68
    strlen.o                    18
    unhandled_exception.o        3
    vreg_util.o                348
    vregs.o                                       16
    ------------------------------------------------
    Total:                   1 352      128       16

    Linker created                       20      256
----------------------------------------------------
    Grand Total:            32 193   10 670    5 897


*******************************************************************************
*** ENTRY LIST
***

Entry                    Address    Size  Type      Object
-----                    -------    ----  ----      ------
.iar.init_table$$Base   0x00a487           --   Gb  - Linker created -
.iar.init_table$$Limit  0x00a49b           --   Gb  - Linker created -
?add32_l0_l0_0x         0x01385a          Code  Gb  long.o [5]
?add32_l0_l0_l1         0x013857          Code  Gb  long.o [5]
?and32_l0_l0_0x         0x013996          Code  Gb  long.o [5]
?and32_l0_l0_l1         0x013993          Code  Gb  long.o [5]
?b0                     0x000000          Data  Gb  vregs.o [5]
?b1                     0x000001          Data  Gb  vregs.o [5]
?b10                    0x00000a          Data  Gb  vregs.o [5]
?b11                    0x00000b          Data  Gb  vregs.o [5]
?b12                    0x00000c          Data  Gb  vregs.o [5]
?b13                    0x00000d          Data  Gb  vregs.o [5]
?b14                    0x00000e          Data  Gb  vregs.o [5]
?b15                    0x00000f          Data  Gb  vregs.o [5]
?b2                     0x000002          Data  Gb  vregs.o [5]
?b3                     0x000003          Data  Gb  vregs.o [5]
?b4                     0x000004          Data  Gb  vregs.o [5]
?b5                     0x000005          Data  Gb  vregs.o [5]
?b6                     0x000006          Data  Gb  vregs.o [5]
?b7                     0x000007          Data  Gb  vregs.o [5]
?b8                     0x000008          Data  Gb  vregs.o [5]
?b9                     0x000009          Data  Gb  vregs.o [5]
?dc32_l0                0x00ad6e          Code  Gb  dc_util.o [5]
?dc32_l1                0x00ad9a          Code  Gb  dc_util.o [5]
?e0                     0x000001          Data  Gb  vregs.o [5]
?e1                     0x000005          Data  Gb  vregs.o [5]
?e2                     0x000009          Data  Gb  vregs.o [5]
?e3                     0x00000d          Data  Gb  vregs.o [5]
?epilogue_l2            0x0144e5          Code  Gb  vreg_util.o [5]
?epilogue_l2_l3         0x0144e1          Code  Gb  vreg_util.o [5]
?epilogue_l2_w6         0x0144ea          Code  Gb  vreg_util.o [5]
?epilogue_w4            0x0144f3          Code  Gb  vreg_util.o [5]
?l0                     0x000000          Data  Gb  vregs.o [5]
?l1                     0x000004          Data  Gb  vregs.o [5]
?l2                     0x000008          Data  Gb  vregs.o [5]
?l3                     0x00000c          Data  Gb  vregs.o [5]
?load24_e1_0x           0x00bf5c          Code  Gb  far_util.o [5]
?load32_0x_l0           0x00ab33          Code  Gb  long_util.o [5]
?load32_l0_0x           0x00aaf7          Code  Gb  long_util.o [5]
?load32_l0_asp          0x00aaeb          Code  Gb  long_util.o [5]
?load32_l0_dbsp         0x00aadd          Code  Gb  long_util.o [5]
?load32_l0_xsp          0x00aaed          Code  Gb  long_util.o [5]
?load32_l1_0x           0x00ab1d          Code  Gb  long_util.o [5]
?load32_l1_asp          0x00ab11          Code  Gb  long_util.o [5]
?load32_l1_dbsp         0x00ab03          Code  Gb  long_util.o [5]
?load32_l1_xsp          0x00ab13          Code  Gb  long_util.o [5]
?load32_xsp_l0          0x00ab29          Code  Gb  long_util.o [5]
?longfarg16_v_w0_a      0x00bb51          Code  Gb  move.o [5]
?longfarg16_v_w0_x      0x00bb53          Code  Gb  move.o [5]
?mov_e0_e1              0x014510          Code  Gb  vreg_util.o [5]
?mov_e0_e2              0x01451d          Code  Gb  vreg_util.o [5]
?mov_e0_e3              0x01452a          Code  Gb  vreg_util.o [5]
?mov_e1_e0              0x014537          Code  Gb  vreg_util.o [5]
?mov_e1_e2              0x014544          Code  Gb  vreg_util.o [5]
?mov_e1_e3              0x014551          Code  Gb  vreg_util.o [5]
?mov_e2_e0              0x01455e          Code  Gb  vreg_util.o [5]
?mov_e3_e0              0x014572          Code  Gb  vreg_util.o [5]
?mov_e3_e1              0x01457f          Code  Gb  vreg_util.o [5]
?mov_l0_l1              0x01450d          Code  Gb  vreg_util.o [5]
?mov_l0_l2              0x01451a          Code  Gb  vreg_util.o [5]
?mov_l0_l3              0x014527          Code  Gb  vreg_util.o [5]
?mov_l1_l0              0x014534          Code  Gb  vreg_util.o [5]
?mov_l1_l2              0x014541          Code  Gb  vreg_util.o [5]
?mov_l1_l3              0x01454e          Code  Gb  vreg_util.o [5]
?mov_l2_l0              0x01455b          Code  Gb  vreg_util.o [5]
?mov_l3_l0              0x01456f          Code  Gb  vreg_util.o [5]
?mov_l3_l1              0x01457c          Code  Gb  vreg_util.o [5]
?mov_w1_w3              0x014513          Code  Gb  vreg_util.o [5]
?mov_w1_w4              0x0144f8          Code  Gb  vreg_util.o [5]
?mov_w1_w5              0x014520          Code  Gb  vreg_util.o [5]
?mov_w1_w7              0x01452d          Code  Gb  vreg_util.o [5]
?mov_w2_w1              0x0144ff          Code  Gb  vreg_util.o [5]
?mov_w3_w1              0x01453a          Code  Gb  vreg_util.o [5]
?mov_w3_w5              0x014547          Code  Gb  vreg_util.o [5]
?mov_w3_w7              0x014554          Code  Gb  vreg_util.o [5]
?mov_w5_w1              0x014561          Code  Gb  vreg_util.o [5]
?mov_w5_w3              0x014568          Code  Gb  vreg_util.o [5]
?mov_w6_w0              0x014506          Code  Gb  vreg_util.o [5]
?mov_w7_w1              0x014575          Code  Gb  vreg_util.o [5]
?mov_w7_w3              0x014582          Code  Gb  vreg_util.o [5]
?move1616_v_x_y_a       0x00bb44          Code  Gb  move.o [5]
?mul16_x_x_w0           0x00b419          Code  Gb  short.o [5]
?mul32_l0_l0_l1         0x01388d          Code  Gb  long.o [5]
?or32_l0_l0_0x          0x0139b1          Code  Gb  long.o [5]
?or32_l0_l0_l1          0x0139ae          Code  Gb  long.o [5]
?pop_l0                 0x0144a9          Code  Gb  vreg_util.o [5]
?pop_l1                 0x0144b4          Code  Gb  vreg_util.o [5]
?pop_l2                 0x0144bf          Code  Gb  vreg_util.o [5]
?pop_l3                 0x0144ca          Code  Gb  vreg_util.o [5]
?pop_w4                 0x014453          Code  Gb  vreg_util.o [5]
?pop_w5                 0x01445a          Code  Gb  vreg_util.o [5]
?pop_w6                 0x014461          Code  Gb  vreg_util.o [5]
?push_l0                0x014474          Code  Gb  vreg_util.o [5]
?push_l1                0x014479          Code  Gb  vreg_util.o [5]
?push_l2                0x01447e          Code  Gb  vreg_util.o [5]
?push_l3                0x014483          Code  Gb  vreg_util.o [5]
?push_w4                0x01442d          Code  Gb  vreg_util.o [5]
?push_w5                0x014432          Code  Gb  vreg_util.o [5]
?push_w6                0x014437          Code  Gb  vreg_util.o [5]
?sext16_x_a             0x00b456          Code  Gb  short.o [5]
?sext32_l0_x            0x0139eb          Code  Gb  long.o [5]
?sll16_x_x_4            0x00b451          Code  Gb  short.o [5]
?sll16_x_x_5            0x00b450          Code  Gb  short.o [5]
?sll16_x_x_6            0x00b44f          Code  Gb  short.o [5]
?sll16_x_x_a            0x00b447          Code  Gb  short.o [5]
?sll32_0x_0x_a          0x0139cc          Code  Gb  long.o [5]
?sll32_l0_l0_a          0x0139c9          Code  Gb  long.o [5]
?smod16_y_x_y           0x00b437          Code  Gb  short.o [5]
?srl32_0x_0x_a          0x0139dd          Code  Gb  long.o [5]
?srl32_l0_l0_a          0x0139da          Code  Gb  long.o [5]
?srl8_a_a_5             0x00c05d          Code  Gb  char.o [5]
?srl8_a_a_6             0x00c05c          Code  Gb  char.o [5]
?sub32_l0_l0_0x         0x013875          Code  Gb  long.o [5]
?sub32_l0_l0_l1         0x013872          Code  Gb  long.o [5]
?ucmp32_c_l0_l1         0x013988          Code  Gb  long.o [5]
?udiv32_l0_dl_l1        0x013911          Code  Gb  long.o [5]
?udiv32_l0_l0_dl        0x013917          Code  Gb  long.o [5]
?udiv32_l0_l0_l1        0x01391b          Code  Gb  long.o [5]
?umod32_l1_l0_dl        0x01390b          Code  Gb  long.o [5]
?umod32_l1_l0_l1        0x01391b          Code  Gb  long.o [5]
?w0                     0x000000          Data  Gb  vregs.o [5]
?w1                     0x000002          Data  Gb  vregs.o [5]
?w2                     0x000004          Data  Gb  vregs.o [5]
?w3                     0x000006          Data  Gb  vregs.o [5]
?w4                     0x000008          Data  Gb  vregs.o [5]
?w5                     0x00000a          Data  Gb  vregs.o [5]
?w6                     0x00000c          Data  Gb  vregs.o [5]
?w7                     0x00000e          Data  Gb  vregs.o [5]
ADC2_Cmd                0x00bf9e     0xd  Code  Gb  stm8s_adc2.o [1]
ADC2_ConversionConfig   0x00b7dd    0x2f  Code  Gb  stm8s_adc2.o [1]
ADC2_ExternalTriggerConfig
                        0x00bc56    0x21  Code  Gb  stm8s_adc2.o [1]
ADC2_GetConversionValue
                        0x00aec8    0x54  Code  Gb  stm8s_adc2.o [1]
ADC2_IRQHandler         0x00c0fd     0x1  Code  Gb  stm8s_it.o [1]
ADC2_Init               0x00b74f    0x30  Code  Gb  stm8s_adc2.o [1]
ADC2_PrescalerConfig    0x00bebc    0x13  Code  Gb  stm8s_adc2.o [1]
ADC2_SchmittTriggerConfig
                        0x0162ce    0x82  Code  Gb  stm8s_adc2.o [1]
ADC2_StartConversion    0x00c068     0x5  Code  Gb  stm8s_adc2.o [1]
ADC_Init                0x00bb8d    0x22  Code  Gb  ADC.o [1]
AF_Mute_Init            0x00bf77     0xd  Code  Gb  McuConfig.o [1]
AUDIO_IOAFMUT           0x00bdb1    0x19  Code  Gb  McuConfig.o [1]
AUDIO_IOAFPOW           0x00bdca    0x19  Code  Gb  McuConfig.o [1]
AWU_IRQHandler          0x00c0ed     0x1  Code  Gb  stm8s_it.o [1]
AkeyvolumeCount         0x000039     0x1  Data  Gb  ApiKeyboard.o [1]
AlarmCount              0x000054     0x1  Data  Gb  Task.o [1]
ApGpsCmd_10msRenew      0x00bbf3    0x21  Code  Gb  ApiGpsCmd.o [1]
ApiAtCmd_100msRenew     0x01251a    0x81  Code  Gb  ApiAtCmd.o [1]
ApiAtCmd_10msRenew      0x014f64   0x104  Code  Gb  ApiAtCmd.o [1]
ApiAtCmd_GetGroupName   0x00bef5    0x12  Code  Gb  ApiPocCmd.o [1]
ApiAtCmd_GetGroupNameLen
                        0x00be96    0x13  Code  Gb  ApiPocCmd.o [1]
ApiAtCmd_GetGroupNum    0x00c0a8     0x4  Code  Gb  ApiPocCmd.o [1]
ApiAtCmd_GetLoginState  0x00c047     0x7  Code  Gb  ApiPocCmd.o [1]
ApiAtCmd_GetMainGroupId
                        0x00c0b0     0x4  Code  Gb  ApiPocCmd.o [1]
ApiAtCmd_GetMainUserId  0x00c0b4     0x4  Code  Gb  ApiPocCmd.o [1]
ApiAtCmd_GetMainWorkName
                        0x00c0a4     0x4  Code  Gb  ApiPocCmd.o [1]
ApiAtCmd_GetUserName    0x00bf07    0x12  Code  Gb  ApiPocCmd.o [1]
ApiAtCmd_GetUserNameLen
                        0x00bea9    0x13  Code  Gb  ApiPocCmd.o [1]
ApiAtCmd_GetUserNum     0x00c0ac     0x4  Code  Gb  ApiPocCmd.o [1]
ApiAtCmd_Get_location_Information
                        0x012ebf   0x228  Code  Gb  ApiAtCmd.o [1]
ApiAtCmd_PlayVoice      0x0163d0    0x73  Code  Gb  ApiAtCmd.o [1]
ApiAtCmd_WritCommand    0x012317   0x178  Code  Gb  ApiAtCmd.o [1]
ApiAtCmd_tcp_state      0x00c01d     0xa  Code  Gb  ApiAtCmd.o [1]
ApiCaretCmd_10msRenew   0x01415d   0x16b  Code  Gb  ApiAtCmd.o [1]
ApiGpsCmd_100msRenew    0x0110fa   0x1c4  Code  Gb  ApiGpsCmd.o [1]
ApiGpsCmd_PowerOnInitial
                        0x0134d4   0x1d1  Code  Gb  ApiGpsCmd.o [1]
ApiGps_GetTcpIpAddress  0x00c09c     0x4  Code  Gb  ApiGpsCmd.o [1]
ApiGps_GetTcpPortAddress
                        0x00c0a0     0x4  Code  Gb  ApiGpsCmd.o [1]
ApiPocCmd_10msRenew     0x0116f0   0x36d  Code  Gb  ApiPocCmd.o [1]
ApiPocCmd_WritCommand   0x013d01   0x17c  Code  Gb  ApiPocCmd.o [1]
ApiPocCmd_user_info_set
                        0x0157e1    0xd8  Code  Gb  ApiPocCmd.o [1]
AtCmdDrvobj             0x001420    0x85  Data  Lc  ApiAtCmd.o [1]
AtCmd_NetParamCode      0x01248f    0x8b  Code  Lc  ApiAtCmd.o [1]
AtNotify_Queue          0x01009a    0x4d  Code  Lc  DrvGD83.o [1]
AtNotify_Queue_Start    0x0100e7    0x56  Code  Lc  DrvGD83.o [1]
BEEP_Interrupt10ms      0x00bd13    0x1c  Code  Gb  Beep.o [1]
BEEP_PowerOnInitial     0x011c99    0xd3  Code  Gb  Beep.o [1]
BEEP_SetOutput          0x011a5d   0x23c  Code  Gb  Beep.o [1]
BEEP_Time               0x00b5d7    0x38  Code  Gb  Beep.o [1]
BeepDrvObj              0x00158d    0x12  Data  Lc  Beep.o [1]
BitTab                  0x00a928     0x8  Data  Gb  ApiDisplay.o [1]
BootProcess_PPPCFG_Flag
                        0x0015db     0x1  Data  Gb  ApiAtCmd.o [1]
BootProcess_PPPCFG_Flag_Zanshi
                        0x000010     0x1  Data  Gb  ApiAtCmd.o [1]
BootProcess_SIMST_Flag  0x0015da     0x1  Data  Gb  ApiAtCmd.o [1]
CFG_GetCurAdr           0x012c93   0x22c  Code  Gb  Config.o [1]
CHAR_HIGH               0x00a76d    0x10  Data  Gb  ApiDisplay.o [1]
CHAR_TO_Digital         0x00a9ae    0x67  Code  Gb  ApiAtCmd.o [1]
CHAR_WIDTH              0x00a77d    0x10  Data  Gb  ApiDisplay.o [1]
CLK_ClockSwitchConfig   0x015cf9    0xa2  Code  Gb  stm8s_clk.o [1]
CLK_GetClockFreq        0x00ad16    0x58  Code  Gb  stm8s_clk.o [1]
CLK_HSIPrescalerConfig  0x00becf    0x13  Code  Gb  stm8s_clk.o [1]
CLK_IRQHandler          0x00c0ee     0x1  Code  Gb  stm8s_it.o [1]
COMLHexArray2String     0x00aa79    0x64  Code  Lc  ApiGpsCmd.o [1]
COML_AscToHex           0x01526c    0xfa  Code  Gb  CommonLib.o [1]
COML_HexToAsc2          0x015f66    0x96  Code  Gb  CommonLib.o [1]
COML_StringReverse      0x00ac02    0x5e  Code  Gb  CommonLib.o [1]
CSQ_Flag                0x0015dd     0x1  Data  Gb  ApiAtCmd.o [1]
CSTACK$$Base            0x001700           --   Gb  - Linker created -
CSTACK$$Limit           0x001800           --   Gb  - Linker created -
C_TEST_OUT_SET          0x00bf91     0xd  Code  Gb  McuConfig.o [1]
CaretNotify_Queue       0x010000    0x4d  Code  Lc  DrvGD83.o [1]
CaretNotify_Queue_Start
                        0x010193    0x56  Code  Lc  DrvGD83.o [1]
CharCode                0x0015d5     0x2  Data  Gb  ApiDisplay.o [1]
DEL_100msProcess        0x013aef    0x54  Code  Lc  Delay.o [1]
DEL_10msProcess         0x013b43    0x1d  Code  Lc  Delay.o [1]
DEL_1msProcess          0x013b60     0xc  Code  Lc  Delay.o [1]
DEL_500msProcess        0x0139f6    0xf9  Code  Lc  Delay.o [1]
DEL_500ms_Count         0x0015fe     0x1  Data  Gb  Delay.o [1]
DEL_GetTimer            0x00ae73    0x55  Code  Gb  Delay.o [1]
DEL_Interrupt           0x015c56    0xa3  Code  Gb  Delay.o [1]
DEL_PowerOnInitial      0x00bc35    0x21  Code  Gb  Delay.o [1]
DEL_Renew               0x013b6c    0x10  Code  Gb  Delay.o [1]
DEL_SetTimer            0x016443    0x73  Code  Gb  Delay.o [1]
DEL_Soft1ms             0x00bd2f    0x1c  Code  Gb  Delay.o [1]
DEL_TimerRenew          0x00b972    0x29  Code  Lc  Delay.o [1]
DISP_DataBuf            0x0158b9    0xc8  Code  Lc  ApiDisplay.o [1]
DISP_MulTypePro         0x015981    0xc0  Code  Lc  ApiDisplay.o [1]
DISP_MulTypePro2        0x015708    0xd9  Code  Lc  ApiDisplay.o [1]
Data_Date0              0x00c090     0x4  Code  Gb  ApiAtCmd.o [1]
Data_Date1              0x00c094     0x4  Code  Gb  ApiAtCmd.o [1]
Data_Date2              0x00c098     0x4  Code  Gb  ApiAtCmd.o [1]
Data_Latitude_Minute    0x00c080     0x4  Code  Gb  ApiAtCmd.o [1]
Data_Latitude_Second    0x00c040     0x7  Code  Gb  ApiAtCmd.o [1]
Data_Longitude_Minute   0x00c07c     0x4  Code  Gb  ApiAtCmd.o [1]
Data_Longitude_Second   0x00c039     0x7  Code  Gb  ApiAtCmd.o [1]
Data_Time0              0x00c084     0x4  Code  Gb  ApiAtCmd.o [1]
Data_Time1              0x00c088     0x4  Code  Gb  ApiAtCmd.o [1]
Data_Time2              0x00c08c     0x4  Code  Gb  ApiAtCmd.o [1]
Dec2Hex                 0x00b0ae    0x4e  Code  Gb  CommonLib.o [1]
DefaultSystemClockForHSI
                        0x00bcb8    0x1f  Code  Gb  sysclock.o [1]
DelDrvObj               0x0015c0     0xb  Data  Lc  Delay.o [1]
Delay_100ms             0x00b4e3    0x40  Code  Gb  Task.o [1]
DisDataBit              0x001539    0x40  Data  Gb  ApiDisplay.o [1]
DisDataBuf              0x0010f4   0x200  Data  Gb  ApiDisplay.o [1]
DrvGD83DrvObj           0x000c46   0x28a  Data  Lc  DrvGD83.o [1]
DrvGD83_UART_TxCommand  0x016350    0x80  Code  Gb  DrvGD83.o [1]
DrvMC8332_AtNotify_Queue_front
                        0x00b146    0x4a  Code  Gb  DrvGD83.o [1]
DrvMC8332_CaretNotify_Queue_front
                        0x00b0fc    0x4a  Code  Gb  DrvGD83.o [1]
DrvMC8332_GpsNotify_Queue_front
                        0x00b1da    0x4a  Code  Gb  DrvGD83.o [1]
DrvMC8332_PocNotify_Queue_front
                        0x00b190    0x4a  Code  Gb  DrvGD83.o [1]
DrvMC8332_Software_Initial
                        0x00b561    0x3d  Code  Gb  DrvGD83.o [1]
DrvMC8332_TxPort_SetValidable
                        0x00b8f0    0x2c  Code  Gb  DrvGD83.o [1]
DrvMC8332_UART_Interrupt
                        0x010458   0x3cb  Code  Gb  DrvGD83.o [1]
DrvMc8332_UART_TxTail   0x015459    0xeb  Code  Gb  DrvGD83.o [1]
EEPROM_EEC_IRQHandler   0x00c0ff     0x1  Code  Gb  stm8s_it.o [1]
EXTI_PORTA_IRQHandler   0x00c0ef     0x1  Code  Gb  stm8s_it.o [1]
EXTI_PORTB_IRQHandler   0x00c0f0     0x1  Code  Gb  stm8s_it.o [1]
EXTI_PORTC_IRQHandler   0x00c0f1     0x1  Code  Gb  stm8s_it.o [1]
EXTI_PORTD_IRQHandler   0x00c0f2     0x1  Code  Gb  stm8s_it.o [1]
EXTI_PORTE_IRQHandler   0x00c0f3     0x1  Code  Gb  stm8s_it.o [1]
FILE_Read               0x00b2b5    0x48  Code  Gb  Flash_eeprom.o [1]
FILE_Read2              0x00b3d4    0x45  Code  Gb  Flash_eeprom.o [1]
FILE_Write              0x00b26d    0x48  Code  Gb  Flash_eeprom.o [1]
FILE_Write2             0x00afc0    0x50  Code  Gb  Flash_eeprom.o [1]
FLASH_EraseOptionByte   0x00b9c4    0x28  Code  Gb  stm8s_flash.o [1]
FLASH_GetFlagStatus     0x00be82    0x14  Code  Gb  stm8s_flash.o [1]
FLASH_Lock              0x00c04e     0x7  Code  Gb  stm8s_flash.o [1]
FLASH_ProgramByte       0x00c06d     0x5  Code  Gb  stm8s_flash.o [1]
FLASH_ProgramOptionByte
                        0x00bafa    0x25  Code  Gb  stm8s_flash.o [1]
FLASH_ReadByte          0x00c072     0x5  Code  Gb  stm8s_flash.o [1]
FLASH_Unlock            0x00be56    0x16  Code  Gb  stm8s_flash.o [1]
FLASH_WaitForLastOperation
                        0x00b647    0x36  Code  Gb  stm8s_flash.o [1]
GB2312_16_GetData       0x012a42   0x251  Code  Gb  GT20L16P1Y.o [3]
GPIO_Init               0x015ba7    0xaf  Code  Gb  stm8s_gpio.o [1]
GPIO_ReadInputPin       0x00c027     0x9  Code  Gb  stm8s_gpio.o [1]
GPIO_WriteHigh          0x00c055     0x7  Code  Gb  stm8s_gpio.o [1]
GPIO_WriteLow           0x00c0bc     0x4  Code  Gb  stm8s_gpio.o [1]
GeHuTest                0x00c0ea     0x1  Code  Lc  ApiKeyboard.o [1]
GetPersonalCallingMode  0x00c012     0xb  Code  Gb  ApiPocCmd.o [1]
GetPointArrayData32     0x00b2fd    0x48  Code  Gb  GT20L16P1Y_D.o [1]
GetTaskId               0x00c0d0     0x4  Code  Gb  System.o [1]
GpsCmd_GbAnalytical     0x01259b   0x255  Code  Lc  ApiGpsCmd.o [1]
GpsCmd_GbDataTransave   0x011d6c   0x2de  Code  Lc  ApiGpsCmd.o [1]
GpsCmd_GbWritCommand    0x010e09   0x2f1  Code  Lc  ApiGpsCmd.o [1]
GpsFunDrvObj            0x000ed0   0x224  Data  Lc  ApiGpsCmd.o [1]
GpsNotify_Queue         0x0103db    0x7d  Code  Lc  DrvGD83.o [1]
GpsNotify_Queue_Start   0x0101e9    0x9a  Code  Lc  DrvGD83.o [1]
GroupCallingNum         0x000040     0x1  Data  Gb  ApiKeyboard.o [1]
HSE_ClockStartUpConfiguration
                        0x00b67d    0x36  Code  Lc  sysclock.o [1]
HSIDivFactor            0x00a99d     0x4  Data  Gb  stm8s_clk.o [1]
HexToChar_GroupCallingNum
                        0x00bc98    0x20  Code  Gb  ApiPocCmd.o [1]
HexToChar_MainGroupId   0x00bc14    0x21  Code  Gb  ApiPocCmd.o [1]
HexToChar_MainUserId    0x00bbaf    0x22  Code  Gb  ApiPocCmd.o [1]
HexToChar_PersonalCallingNum
                        0x00bbd1    0x22  Code  Gb  ApiPocCmd.o [1]
HtgDrvObj               0x0015d7     0x2  Data  Lc  DrvHTG12832.o [1]
I2C_IRQHandler          0x00c0fb     0x1  Code  Gb  stm8s_it.o [1]
INTVEC$$Base            0x008000           --   Gb  - Linker created -
INTVEC$$Limit           0x008080           --   Gb  - Linker created -
ITC_SetSoftwarePriority
                        0x015068   0x103  Code  Gb  stm8s_itc.o [1]
Ico_DataBuf             0x009b80   0x400  Data  Gb  ApiDisplay.o [1]
InputGBcode             0x009f80   0x1b0  Data  Gb  GT20L16P1Y_D.o [1]
InputUnicode            0x00a130   0x1b0  Data  Gb  GT20L16P1Y_D.o [1]
KEY_TABLE               0x00a9a8     0x3  Data  Lc  uart3.o [1]
KeyDownUpChoose_GroupOrUser_Flag
                        0x0015de     0x1  Data  Gb  ApiAtCmd.o [1]
KeyPersonalCallingCount
                        0x0015e3     0x1  Data  Gb  ApiKeyboard.o [1]
KeyUpDownCount          0x0015e2     0x1  Data  Gb  ApiKeyboard.o [1]
Key_Flag_0              0x001605     0x1  Data  Gb  Task.o [1]
Key_Flag_1              0x0015e4     0x1  Data  Gb  ApiKeyboard.o [1]
Key_Init                0x00b6e9    0x34  Code  Gb  McuConfig.o [1]
Key_PersonalCalling_Flag
                        0x001606     0x1  Data  Gb  Task.o [1]
Keyboard_Test           0x010823   0x5e6  Code  Gb  ApiKeyboard.o [1]
LED_Conut               0x0015f4     0x1  Data  Gb  ApiLED.o [1]
LED_Init                0x00ba3b    0x27  Code  Gb  McuConfig.o [1]
LED_IntOutputRenew      0x00aba2    0x60  Code  Gb  ApiLED.o [1]
LockingState_EnterOK_Flag
                        0x0015e7     0x1  Data  Gb  ApiKeyboard.o [1]
LockingState_Flag       0x001602     0x1  Data  Gb  Delay.o [1]
LowVoltageDetection     0x01516b   0x101  Code  Gb  ADC.o [1]
LowVoltageDetection_Flag
                        0x0015d9     0x1  Data  Gb  ADC.o [1]
MIC_GPIO_Init           0x00bf6a     0xd  Code  Gb  McuConfig.o [1]
MIC_IOMUT               0x00bd98    0x19  Code  Gb  McuConfig.o [1]
MenuDisplay             0x014589   0x159  Code  Gb  ApiMenu.o [1]
MenuModeCount           0x000041     0x1  Data  Gb  ApiKeyboard.o [1]
MenuMode_Flag           0x0015e5     0x1  Data  Gb  ApiKeyboard.o [1]
NoUseNum                0x001604     0x1  Data  Gb  Task.o [1]
Noise_Mute_Init         0x00bf84     0xd  Code  Gb  McuConfig.o [1]
Notify_Queue_Stop       0x010283   0x158  Code  Lc  DrvGD83.o [1]
NumberKeyboardPressDown_flag
                        0x0015e6     0x1  Data  Gb  ApiKeyboard.o [1]
OneChannelGetADValue    0x00ba14    0x27  Code  Lc  ADC.o [1]
PAS_NULLTBL             0x00a78d    0x10  Data  Lc  uart3.o [1]
POC_AtEnterPersonalCalling_Flag
                        0x0015f7     0x1  Data  Gb  ApiPocCmd.o [1]
POC_AtQuitPersonalCalling_Flag
                        0x0015f8     0x1  Data  Gb  ApiPocCmd.o [1]
POC_EnterGroupCalling_Flag
                        0x0015f9     0x1  Data  Gb  ApiPocCmd.o [1]
POC_EnterPersonalCalling_Flag
                        0x0015f5     0x1  Data  Gb  ApiPocCmd.o [1]
POC_QuitGroupCalling_Flag
                        0x0015fa     0x1  Data  Gb  ApiPocCmd.o [1]
POC_QuitPersonalCalling_Flag
                        0x0015f6     0x1  Data  Gb  ApiPocCmd.o [1]
POC_Receive86_Flag      0x0015fd     0x1  Data  Gb  ApiPocCmd.o [1]
POC_ReceivedVoiceEnd_Flag
                        0x0015fc     0x1  Data  Gb  ApiPocCmd.o [1]
POC_ReceivedVoiceStart_Flag
                        0x0015fb     0x1  Data  Gb  ApiPocCmd.o [1]
POC_TABLE               0x00a9ab     0x3  Data  Lc  uart3.o [1]
PasObj                  0x0015d1     0x4  Data  Lc  uart3.o [1]
PersonalCallingNum      0x0015e1     0x1  Data  Gb  ApiKeyboard.o [1]
PocCmdDrvobj            0x00006f   0xbd7  Data  Lc  ApiPocCmd.o [1]
PocNotify_Queue         0x01004d    0x4d  Code  Lc  DrvGD83.o [1]
PocNotify_Queue_Start   0x01013d    0x56  Code  Lc  DrvGD83.o [1]
PositionInformationSendToATPORT_Flag
                        0x0015df     0x1  Data  Gb  ApiAtCmd.o [1]
ReadBuffer              0x0014a5    0x50  Data  Gb  ApiPocCmd.o [1]
ReadByte                0x00adc6    0x57  Code  Gb  ApiDisplay.o [1]
Region$$Table$$Base     0x00a487           --   Gb  - Linker created -
Region$$Table$$Limit    0x00a49b           --   Gb  - Linker created -
SPI_IRQHandler          0x00c0f4     0x1  Code  Gb  stm8s_it.o [1]
SendByte                0x016246    0x88  Code  Gb  ApiDisplay.o [1]
SetTaskId               0x00c0d4     0x4  Code  Gb  System.o [1]
Set_GreenLed            0x00bd66    0x19  Code  Gb  McuConfig.o [1]
Set_RedLed              0x00bd7f    0x19  Code  Gb  McuConfig.o [1]
SystemClock_Init        0x00b91c    0x2b  Code  Gb  sysclock.o [1]
TASK_Ptt_StartPersonCalling_Flag
                        0x001607     0x1  Data  Gb  Task.o [1]
TASK_RunLoBattery       0x00b947    0x2b  Code  Gb  Task.o [1]
TASK_WriteFreq          0x00c0d8     0x4  Code  Gb  Task.o [1]
TIM1_CAP_COM_IRQHandler
                        0x00c0f6     0x1  Code  Gb  stm8s_it.o [1]
TIM1_CCxCmd             0x00b45d    0x43  Code  Gb  stm8s_tim1.o [1]
TIM1_Cmd                0x00bfab     0xd  Code  Gb  stm8s_tim1.o [1]
TIM1_CtrlPWMOutputs     0x00bfb8     0xd  Code  Gb  stm8s_tim1.o [1]
TIM1_DeInit             0x015e36    0x99  Code  Gb  stm8s_tim1.o [1]
TIM1_OC1Init            0x00ab41    0x61  Code  Gb  stm8s_tim1.o [1]
TIM1_OC1PreloadConfig   0x00bfc5     0xd  Code  Gb  stm8s_tim1.o [1]
TIM1_PWM_Init           0x00ae1d    0x56  Code  Gb  Tone.o [1]
TIM1_TimeBaseInit       0x00bb69    0x24  Code  Gb  stm8s_tim1.o [1]
TIM1_UPD_OVF_TRG_BRK_IRQHandler
                        0x00c0f5     0x1  Code  Gb  stm8s_it.o [1]
TIM2_CAP_COM_IRQHandler
                        0x00c0f8     0x1  Code  Gb  stm8s_it.o [1]
TIM2_UPD_OVF_BRK_IRQHandler
                        0x00c0f7     0x1  Code  Gb  stm8s_it.o [1]
TIM3_ARRPreloadConfig   0x00bfdf     0xd  Code  Gb  stm8s_tim3.o [1]
TIM3_CAP_COM_IRQHandler
                        0x00c0f9     0x1  Code  Gb  stm8s_it.o [1]
TIM3_ClearITPendingBit  0x00c077     0x5  Code  Gb  stm8s_tim3.o [1]
TIM3_Cmd                0x00bfd2     0xd  Code  Gb  stm8s_tim3.o [1]
TIM3_ITConfig           0x00bee2    0x13  Code  Gb  stm8s_tim3.o [1]
TIM3_PrescalerConfig    0x00c030     0x9  Code  Gb  stm8s_tim3.o [1]
TIM3_TimeBaseInit       0x00c006     0xc  Code  Gb  stm8s_tim3.o [1]
TIM3_UPD_OVF_BRK_IRQHandler
                        0x00bc77    0x21  Code  Gb  stm8s_it.o [1]
TIM4_UPD_OVF_IRQHandler
                        0x00c0fe     0x1  Code  Gb  stm8s_it.o [1]
TLI_IRQHandler          0x00c0ec     0x1  Code  Gb  stm8s_it.o [1]
TONE_PowerOnInitial     0x016603    0x6b  Code  Gb  Tone.o [1]
TONE_Start              0x00bab7    0x1d  Code  Gb  Tone.o [1]
TONE_Stop               0x00baae     0x9  Code  Gb  Tone.o [1]
TRAP_IRQHandler         0x00c0eb     0x1  Code  Gb  stm8s_it.o [1]
TaskDrvObj              0x001579    0x14  Data  Lc  System.o [1]
Task_RunNormalOperation
                        0x0112be   0x432  Code  Gb  Task.o [1]
Task_RunStart           0x0132f8   0x1dc  Code  Gb  Task.o [1]
Test1                   0x0015e0     0x1  Data  Gb  ApiGpsCmd.o [1]
TestNum1                0x0015e8     0x1  Data  Gb  ApiKeyboard.o [1]
TestNum10               0x0015f1     0x1  Data  Gb  ApiKeyboard.o [1]
TestNum11               0x0015f2     0x1  Data  Gb  ApiKeyboard.o [1]
TestNum12               0x0015f3     0x1  Data  Gb  ApiKeyboard.o [1]
TestNum2                0x0015e9     0x1  Data  Gb  ApiKeyboard.o [1]
TestNum3                0x0015ea     0x1  Data  Gb  ApiKeyboard.o [1]
TestNum4                0x0015eb     0x1  Data  Gb  ApiKeyboard.o [1]
TestNum5                0x0015ec     0x1  Data  Gb  ApiKeyboard.o [1]
TestNum6                0x0015ed     0x1  Data  Gb  ApiKeyboard.o [1]
TestNum7                0x0015ee     0x1  Data  Gb  ApiKeyboard.o [1]
TestNum8                0x0015ef     0x1  Data  Gb  ApiKeyboard.o [1]
TestNum9                0x0015f0     0x1  Data  Gb  ApiKeyboard.o [1]
TestReadBuffer          0x0012f4   0x12c  Data  Gb  ApiPocCmd.o [1]
Tim3_Timer_Init         0x00b99b    0x29  Code  Gb  McuConfig.o [1]
TimeCount               0x0015ff     0x1  Data  Gb  Delay.o [1]
TimeCount2              0x001600     0x1  Data  Gb  Delay.o [1]
TimeCount3              0x001601     0x1  Data  Gb  Delay.o [1]
ToneDrvObj              0x00159f    0x12  Data  Lc  Tone.o [1]
UART1_Cmd               0x00bfec     0xd  Code  Gb  stm8s_uart1.o [1]
UART1_DeInit            0x00b8c3    0x2d  Code  Gb  stm8s_uart1.o [1]
UART1_GetFlagStatus     0x00b71d    0x32  Code  Gb  stm8s_uart1.o [1]
UART1_GetITStatus       0x016127    0x92  Code  Gb  stm8s_uart1.o [1]
UART1_ITConfig          0x016596    0x6d  Code  Gb  stm8s_uart1.o [1]
UART1_Init              0x0146e2   0x159  Code  Gb  stm8s_uart1.o [1]
UART1_RX_IRQHandler     0x00ba88    0x26  Code  Gb  stm8s_it.o [1]
UART1_ReceiveData8      0x00c0c0     0x4  Code  Gb  stm8s_uart1.o [1]
UART1_SendData8         0x00c0c4     0x4  Code  Gb  stm8s_uart1.o [1]
UART1_TX_IRQHandler     0x00c0fa     0x1  Code  Gb  stm8s_it.o [1]
UART3_Cmd               0x00bff9     0xd  Code  Gb  stm8s_uart3.o [1]
UART3_DeInit            0x00bb1f    0x25  Code  Gb  stm8s_uart3.o [1]
UART3_GetFlagStatus     0x00b224    0x49  Code  Gb  stm8s_uart3.o [1]
UART3_GetITStatus       0x015a41    0xb6  Code  Gb  stm8s_uart3.o [1]
UART3_ITConfig          0x0161b9    0x8d  Code  Gb  stm8s_uart3.o [1]
UART3_Init              0x014d31   0x12a  Code  Gb  stm8s_uart3.o [1]
UART3_Interrupt         0x00be11    0x17  Code  Gb  uart3.o [1]
UART3_RX_IRQHandler     0x00bd4b    0x1b  Code  Gb  stm8s_it.o [1]
UART3_ReceiveData8      0x00c0c8     0x4  Code  Gb  stm8s_uart3.o [1]
UART3_SendByte          0x00bf3d    0x10  Code  Gb  uart3.o [1]
UART3_SendData8         0x00c0cc     0x4  Code  Gb  stm8s_uart3.o [1]
UART3_TX_IRQHandler     0x00c0fc     0x1  Code  Gb  stm8s_it.o [1]
UART3_ToMcuMain         0x00b4a0    0x43  Code  Gb  uart3.o [1]
UART_Delay              0x00bf19    0x12  Code  Lc  uart3.o [1]
UART_ErrorAck           0x00b098    0x16  Code  Lc  uart3.o [1]
UART_GetCheckSum        0x016092    0x2e  Code  Lc  uart3.o [1]
UART_KeyCommand         0x014e5b   0x109  Code  Lc  uart3.o [1]
UART_Link               0x0160c0    0x67  Code  Lc  uart3.o [1]
UART_PasCommand         0x0136a5   0x1b2  Code  Lc  uart3.o [1]
UART_PocCommand         0x00af1c    0x52  Code  Lc  uart3.o [1]
UART_RightAck           0x016528    0x6e  Code  Lc  uart3.o [1]
UART_RxFrame            0x00af6e    0x52  Code  Lc  uart3.o [1]
UART_TxSend             0x00b05f    0x39  Code  Lc  uart3.o [1]
UART_WriteCommand       0x015366    0xf3  Code  Lc  uart3.o [1]
UNICODE_16_GetData      0x013b7c   0x185  Code  Gb  GT20L16P1Y.o [3]
Uart1_Init              0x00b868    0x2e  Code  Gb  McuConfig.o [1]
Uart3_Init              0x00b59e    0x39  Code  Gb  uart3.o [1]
UartDrvObj              0x0014f5    0x44  Data  Lc  uart3.o [1]
UnicodeForGbk_MainWorkName
                        0x013e7d   0x173  Code  Gb  ApiPocCmd.o [1]
UnicodeForGbk_MainWorkNameBuf
                        0x0015b1     0xf  Data  Gb  ApiPocCmd.o [1]
UnicodeGetPointArrayData32
                        0x00b345    0x48  Code  Gb  GT20L16P1Y_D.o [1]
UnicodeValueSearch      0x00ba62    0x26  Code  Gb  GT20L16P1Y_D.o [1]
VOICE_1sProcess         0x00bf4d     0xf  Code  Gb  Voice.o [1]
VOICE_Renew             0x015d9b    0x71  Code  Gb  Voice.o [1]
VOICE_SetOutput         0x015e0c    0x2a  Code  Gb  Voice.o [1]
ValueSearch             0x00ac60    0x5c  Code  Gb  GT20L16P1Y_D.o [1]
VerifyData              0x008080  0x1b00  Data  Gb  GT20L16P1Y_D.o [1]
VoiceDrvObj             0x0015cb     0x6  Data  Lc  Voice.o [1]
VoiceEnd_Flag           0x0015dc     0x1  Data  Gb  ApiAtCmd.o [1]
WRITE_TABLE             0x00a9a1     0x4  Data  Lc  uart3.o [1]
WW_GetData              0x01204a   0x2cd  Code  Gb  GT20L16P1Y.o [3]
WriteEEPROMByte         0x00b523    0x3e  Code  Gb  Flash_eeprom.o [1]
__DebugBreak            0x00c100     0x1  Code  Gb  __dbg_break.o [4]
__exit                  0x00be6c    0x16  Code  Gb  __dbg_xxexit.o [4]
__iar_copy_init2        0x00b9ec          Code  Gb  init_small.o [5]
__iar_data_init2        0x00bcd7    0x1e  Code  Gb  init.o [5]
__iar_program_start     0x00be28          Code  Gb  cstartup.o [5]
__iar_unhandled_exception
                        0x00c0e7          Code  Gb  unhandled_exception.o [5]
__iar_zero_init2        0x00bcf5          Code  Gb  init_small.o [5]
__intvec                0x008000          Data  Gb  interrupt.o [5]
__low_level_init        0x00c0e4     0x3  Code  Gb  low_level_init.o [5]
_exit                   0x00c062          Code  Gb  cexit.o [5]
_interrupt_1            0x00c0eb          Code  Gb  stm8s_it.o [1]
_interrupt_12           0x00c0f4          Code  Gb  stm8s_it.o [1]
_interrupt_13           0x00c0f5          Code  Gb  stm8s_it.o [1]
_interrupt_14           0x00c0f6          Code  Gb  stm8s_it.o [1]
_interrupt_15           0x00c0f7          Code  Gb  stm8s_it.o [1]
_interrupt_16           0x00c0f8          Code  Gb  stm8s_it.o [1]
_interrupt_17           0x00bc77          Code  Gb  stm8s_it.o [1]
_interrupt_18           0x00c0f9          Code  Gb  stm8s_it.o [1]
_interrupt_19           0x00c0fa          Code  Gb  stm8s_it.o [1]
_interrupt_2            0x00c0ec          Code  Gb  stm8s_it.o [1]
_interrupt_20           0x00ba88          Code  Gb  stm8s_it.o [1]
_interrupt_21           0x00c0fb          Code  Gb  stm8s_it.o [1]
_interrupt_22           0x00c0fc          Code  Gb  stm8s_it.o [1]
_interrupt_23           0x00bd4b          Code  Gb  stm8s_it.o [1]
_interrupt_24           0x00c0fd          Code  Gb  stm8s_it.o [1]
_interrupt_25           0x00c0fe          Code  Gb  stm8s_it.o [1]
_interrupt_26           0x00c0ff          Code  Gb  stm8s_it.o [1]
_interrupt_3            0x00c0ed          Code  Gb  stm8s_it.o [1]
_interrupt_4            0x00c0ee          Code  Gb  stm8s_it.o [1]
_interrupt_5            0x00c0ef          Code  Gb  stm8s_it.o [1]
_interrupt_6            0x00c0f0          Code  Gb  stm8s_it.o [1]
_interrupt_7            0x00c0f1          Code  Gb  stm8s_it.o [1]
_interrupt_8            0x00c0f2          Code  Gb  stm8s_it.o [1]
_interrupt_9            0x00c0f3          Code  Gb  stm8s_it.o [1]
api_diap_ico_pos_get    0x00acbc    0x5a  Code  Gb  ApiDisplay.o [1]
api_disp_all_screen_refresh
                        0x00b010    0x4f  Code  Gb  ApiDisplay.o [1]
api_disp_char_output    0x00bde3    0x17  Code  Gb  ApiDisplay.o [1]
api_disp_char_output2   0x00bdfa    0x17  Code  Gb  ApiDisplay.o [1]
api_disp_ico_output     0x015af7    0xb0  Code  Gb  ApiDisplay.o [1]
api_disp_icoid_output   0x015ecf    0x97  Code  Gb  ApiDisplay.o [1]
api_lcd_pwr_on_hint     0x00b80c    0x2e  Code  Gb  ApiDisplay.o [1]
api_lcd_pwr_on_hint2    0x00b77f    0x2f  Code  Gb  ApiDisplay.o [1]
api_lcd_pwr_on_hint3    0x00b896    0x2d  Code  Gb  ApiDisplay.o [1]
api_lcd_pwr_on_hint4    0x00b7ae    0x2f  Code  Gb  ApiDisplay.o [1]
api_lcd_pwr_on_hint5    0x00b83a    0x2e  Code  Gb  ApiDisplay.o [1]
api_poc_command_set     0x015629    0xdf  Code  Gb  uart3.o [1]
drv_gt20_data_output    0x014bfd   0x134  Code  Gb  DrvGT20L16S1Y.o [1]
drv_gt20_data_output2   0x014ac2   0x13b  Code  Gb  DrvGT20L16S1Y.o [1]
drv_gt20_pwr_on_init    0x00b643     0x4  Code  Gb  DrvGT20L16S1Y.o [1]
drv_htg_clr_allscr      0x012929    0x35  Code  Gb  DrvHTG12832.o [1]
drv_htg_pwr_on_init     0x012a36     0xc  Code  Gb  DrvHTG12832.o [1]
drv_htg_reset           0x0127f0     0x5  Code  Gb  DrvHTG12832.o [1]
drv_htg_set_address     0x01286f    0x40  Code  Gb  DrvHTG12832.o [1]
drv_htg_write_command   0x0127f5    0x7a  Code  Gb  DrvHTG12832.o [1]
drv_htg_write_data      0x0128af    0x7a  Code  Gb  DrvHTG12832.o [1]
drv_keypad_scan         0x0130e7   0x211  Code  Gb  DrvKeyboard.o [1]
exit                    0x00c0e0     0x4  Code  Gb  exit.o [5]
find_zf_tab             0x00b38d    0x47  Code  Gb  GT20L16P1Y.o [3]
get_key_value           0x015544    0xe5  Code  Gb  ApiKeyboard.o [1]
htg_delay_ms            0x01295e    0x1e  Code  Lc  DrvHTG12832.o [1]
htg_initial             0x01297c    0x6c  Code  Lc  DrvHTG12832.o [1]
key_scan_board          0x014983   0x13f  Code  Gb  DrvKeyboard.o [1]
main                    0x00c0b8     0x4  Code  Gb  main.o [1]
main_app                0x013ff0   0x16d  Code  Gb  System.o [1]
mcu_gt20_initial        0x00b60f    0x34  Code  Lc  DrvGT20L16S1Y.o [1]
mcu_key_pad_out         0x015ffc    0x96  Code  Gb  DrvKeyboard.o [1]
mcu_key_pad_read        0x0164b6    0x72  Code  Gb  DrvKeyboard.o [1]
mcu_key_pad_set         0x01483b   0x148  Code  Gb  DrvKeyboard.o [1]
mcu_lcd_initial         0x0129e8    0x4e  Code  Lc  DrvHTG12832.o [1]
memcmp                  0x00b6b3    0x36  Code  Gb  memcmp.o [5]
memcpy                  0x00bad4    0x26  Code  Gb  memcpy.o [5]
memset                  0x00be3f    0x17  Code  Gb  memset.o [5]
pack_data               0x0142c8   0x165  Code  Lc  ApiGpsCmd.o [1]
r_dat_bat               0x00aa15    0x64  Code  Gb  ApiDisplay.o [1]
strlen                  0x00bf2b    0x12  Code  Gb  strlen.o [5]
ucAtPocHead             0x000042     0x2  Data  Gb  ApiPocCmd.o [1]
ucCDMATIME              0x00001b     0x2  Data  Gb  ApiAtCmd.o [1]
ucCLVL                  0x00005b     0x2  Data  Gb  Task.o [1]
ucCODECCTL              0x00005f     0x2  Data  Gb  Task.o [1]
ucCSQ                   0x000067     0x2  Data  Gb  Task.o [1]
ucCaretPPPCFG           0x000021     0x2  Data  Gb  ApiAtCmd.o [1]
ucCheckCard             0x000037     0x2  Data  Gb  ApiAtCmd.o [1]
ucCheckPPP              0x00002f     0x2  Data  Gb  ApiAtCmd.o [1]
ucCheckRssi             0x000035     0x2  Data  Gb  ApiAtCmd.o [1]
ucCheckTcp              0x000025     0x2  Data  Gb  ApiAtCmd.o [1]
ucEndPTT                0x000057     0x2  Data  Gb  Task.o [1]
ucGD83Reset             0x00004e     0x2  Data  Gb  System.o [1]
ucGPSSendToAtPort       0x000050     0x2  Data  Gb  System.o [1]
ucGPSUploadTime_5s      0x000052     0x2  Data  Gb  System.o [1]
ucGpsPosition           0x000019     0x2  Data  Gb  ApiAtCmd.o [1]
ucOSSYSHWID             0x000061     0x2  Data  Gb  Task.o [1]
ucPPPCFG                0x000069     0x2  Data  Gb  Task.o [1]
ucPlayZtts              0x000023     0x2  Data  Gb  ApiAtCmd.o [1]
ucPocOpenConfig         0x00006d     0x2  Data  Gb  Task.o [1]
ucPrefmode2             0x000063     0x2  Data  Gb  Task.o [1]
ucPrefmode4             0x000065     0x2  Data  Gb  Task.o [1]
ucQuitPersonalCalling   0x00003e     0x2  Data  Gb  ApiKeyboard.o [1]
ucRequestUserListInfo   0x000059     0x2  Data  Gb  Task.o [1]
ucRxCSQ31               0x000015     0x2  Data  Gb  ApiAtCmd.o [1]
ucRxCSQ99               0x000017     0x2  Data  Gb  ApiAtCmd.o [1]
ucRxCheckCard           0x000011     0x2  Data  Gb  ApiAtCmd.o [1]
ucRxCheckPppClose       0x000033     0x2  Data  Gb  ApiAtCmd.o [1]
ucRxCheckPppOpen        0x000031     0x2  Data  Gb  ApiAtCmd.o [1]
ucRxCheckTcp            0x00002b     0x2  Data  Gb  ApiAtCmd.o [1]
ucRxOkHeadInfo          0x00004a     0x2  Data  Gb  DrvGD83.o [1]
ucRxPocHeadInfo         0x000048     0x2  Data  Gb  DrvGD83.o [1]
ucRxTcpDataHeadInfo     0x00004c     0x2  Data  Gb  DrvGD83.o [1]
ucRxZTTS0               0x000013     0x2  Data  Gb  ApiAtCmd.o [1]
ucSIMST1                0x00001d     0x2  Data  Gb  ApiAtCmd.o [1]
ucSIMST255              0x00001f     0x2  Data  Gb  ApiAtCmd.o [1]
ucSendTcp               0x000029     0x2  Data  Gb  ApiAtCmd.o [1]
ucSetIPAndID            0x000044     0x2  Data  Gb  ApiPocCmd.o [1]
ucSetIp                 0x000027     0x2  Data  Gb  ApiAtCmd.o [1]
ucStartPTT              0x000055     0x2  Data  Gb  Task.o [1]
ucTxPocHeadInfo         0x000046     0x2  Data  Gb  DrvGD83.o [1]
ucVGR                   0x00005d     0x2  Data  Gb  Task.o [1]
ucVGR1                  0x00003a     0x2  Data  Gb  ApiKeyboard.o [1]
ucVGR7                  0x00003c     0x2  Data  Gb  ApiKeyboard.o [1]
ucZTTS_Abell            0x00006b     0x2  Data  Gb  Task.o [1]
ucZpppOpen              0x00002d     0x2  Data  Gb  ApiAtCmd.o [1]
x                       0x001608     0x1  Data  Gb  Task.o [1]


[1] = E:\1-source\A508\PRJ\Debug\Obj
[2] = command line
[3] = GT20L16_STM8_DOUBLE_MEDIUM_IAR.a
[4] = dbgstm8mmd.a
[5] = dlstm8mmn.a

  32 193 bytes of readonly  code memory
  10 670 bytes of readonly  data memory
   5 897 bytes of readwrite data memory

Errors: none
Warnings: none
