###############################################################################
#
# IAR ELF Linker V2.20.1.176 for STM8                     14/Nov/2017  19:00:50
# Copyright 2010-2015 IAR Systems AB.
#
#    Output file  =  E:\1-source\A508\PRJ\Debug\Exe\A508_DEMO1.out
#    Map file     =  E:\1-source\A508\PRJ\Debug\List\A508_DEMO1.map
#    Command line =  
#        E:\1-source\A508\PRJ\Debug\Obj\ApiAtCmd.o
#        E:\1-source\A508\PRJ\Debug\Obj\ApiDisplay.o
#        E:\1-source\A508\PRJ\Debug\Obj\ApiKeyboard.o
#        E:\1-source\A508\PRJ\Debug\Obj\ApiPocCmd.o
#        E:\1-source\A508\PRJ\Debug\Obj\Beep.o
#        E:\1-source\A508\PRJ\Debug\Obj\CommonLib.o
#        E:\1-source\A508\PRJ\Debug\Obj\Delay.o
#        E:\1-source\A508\PRJ\Debug\Obj\DrvGD83.o
#        E:\1-source\A508\PRJ\Debug\Obj\DrvGT20L16S1Y.o
#        E:\1-source\A508\PRJ\Debug\Obj\DrvHTG12832.o
#        E:\1-source\A508\PRJ\Debug\Obj\DrvKeyboard.o
#        E:\1-source\A508\PRJ\Debug\Obj\main.o
#        E:\1-source\A508\PRJ\Debug\Obj\McuConfig.o
#        E:\1-source\A508\PRJ\Debug\Obj\stm8s_adc2.o
#        E:\1-source\A508\PRJ\Debug\Obj\stm8s_awu.o
#        E:\1-source\A508\PRJ\Debug\Obj\stm8s_beep.o
#        E:\1-source\A508\PRJ\Debug\Obj\stm8s_clk.o
#        E:\1-source\A508\PRJ\Debug\Obj\stm8s_exti.o
#        E:\1-source\A508\PRJ\Debug\Obj\stm8s_flash.o
#        E:\1-source\A508\PRJ\Debug\Obj\stm8s_gpio.o
#        E:\1-source\A508\PRJ\Debug\Obj\stm8s_i2c.o
#        E:\1-source\A508\PRJ\Debug\Obj\stm8s_it.o
#        E:\1-source\A508\PRJ\Debug\Obj\stm8s_itc.o
#        E:\1-source\A508\PRJ\Debug\Obj\stm8s_iwdg.o
#        E:\1-source\A508\PRJ\Debug\Obj\stm8s_rst.o
#        E:\1-source\A508\PRJ\Debug\Obj\stm8s_spi.o
#        E:\1-source\A508\PRJ\Debug\Obj\stm8s_tim1.o
#        E:\1-source\A508\PRJ\Debug\Obj\stm8s_tim2.o
#        E:\1-source\A508\PRJ\Debug\Obj\stm8s_tim3.o
#        E:\1-source\A508\PRJ\Debug\Obj\stm8s_tim4.o
#        E:\1-source\A508\PRJ\Debug\Obj\stm8s_uart1.o
#        E:\1-source\A508\PRJ\Debug\Obj\stm8s_uart3.o
#        E:\1-source\A508\PRJ\Debug\Obj\stm8s_wwdg.o
#        E:\1-source\A508\PRJ\Debug\Obj\sysclock.o
#        E:\1-source\A508\PRJ\Debug\Obj\System.o
#        E:\1-source\A508\PRJ\Debug\Obj\Tone.o --redirect _Printf=_PrintfSmall
#        --redirect _Scanf=_ScanfSmall -o
#        E:\1-source\A508\PRJ\Debug\Exe\A508_DEMO1.out --map
#        E:\1-source\A508\PRJ\Debug\List\A508_DEMO1.map --config "C:\Program
#        Files\IAR Systems\Embedded Workbench
#        7.3\stm8\config\lnkstm8s007c8.icf" --config_def _CSTACK_SIZE=0x100
#        --config_def _HEAP_SIZE=0x100 --entry __iar_program_start --debug_lib
#
###############################################################################

*******************************************************************************
*** RUNTIME MODEL ATTRIBUTES
***

__SystemLibrary            = DLib
__code_model               = small
__core                     = stm8
__data_model               = medium
__dlib_file_descriptor     = 0
__dlib_full_locale_support = 0
__rt_version               = 4


*******************************************************************************
*** PLACEMENT SUMMARY
***

"A1":  place at start of [0x000000-0x0000ff] { rw section .vregs };
"A2":  place at end of [0x000000-0x0017ff] { block CSTACK };
"P2":  place in [from 0x000000 to 0x0017ff] {
          block HEAP, rw section __DLIB_PERTHREAD, rw section .far.bss,
          rw section .far.data, rw section .far.noinit,
          rw section .far_func.textrw, rw section .huge.bss,
          rw section .huge.data, rw section .huge.noinit,
          rw section .huge_func.textrw, rw section .iar.dynexit,
          rw section .near.bss, rw section .near.data, rw section .near.noinit,
          rw section .near_func.textrw };
"A3":  place at start of [0x008000-0x00ffff] { block INTVEC };
"P3":  place in [from 0x008000 to 0x00ffff] {
          ro section __DLIB_PERTHREAD_init, ro section .far.data_init,
          ro section .far_func.textrw_init, ro section .huge.data_init,
          ro section .huge_func.textrw_init, ro section .iar.init_table,
          ro section .init_array, ro section .near.data_init,
          ro section .near.rodata, ro section .near_func.text,
          ro section .near_func.textrw_init, ro section .tiny.data_init,
          ro section .tiny.rodata_init };

  Section            Kind      Address    Size  Object
  -------            ----      -------    ----  ------
"A1":                                     0x10
  .vregs             uninit   0x000000    0x10  vregs.o [4]
                            - 0x000010    0x10

"P2", part 1 of 2:                        0x3e
  P2-1                        0x000010    0x3e  <Init block>
    .near.data       inited   0x000010     0x2  ApiAtCmd.o [1]
    .near.data       inited   0x000012     0x2  ApiKeyboard.o [1]
    .near.data       inited   0x000014     0x2  ApiKeyboard.o [1]
    .near.data       inited   0x000016     0x2  ApiPocCmd.o [1]
    .near.data       inited   0x000018     0x2  DrvGD83.o [1]
    .near.data       inited   0x00001a     0x2  DrvGD83.o [1]
    .near.data       inited   0x00001c     0x2  DrvGD83.o [1]
    .near.data       inited   0x00001e     0x8  DrvGT20L16S1Y.o [1]
    .near.data       inited   0x000026    0x20  DrvGT20L16S1Y.o [1]
    .near.data       inited   0x000046     0x2  System.o [1]
    .near.data       inited   0x000048     0x2  System.o [1]
    .near.data       inited   0x00004a     0x2  System.o [1]
    .near.data       inited   0x00004c     0x2  System.o [1]
                            - 0x00004e    0x3e

"P2", part 2 of 2:                       0x881
  .near.bss          zero     0x00004e   0x355  ApiPocCmd.o [1]
  .near.bss          zero     0x0003a3   0x20c  DrvGD83.o [1]
  .near.bss          zero     0x0005af   0x200  ApiDisplay.o [1]
  .near.bss          zero     0x0007af    0x77  ApiAtCmd.o [1]
  .near.bss          zero     0x000826    0x40  ApiDisplay.o [1]
  .near.bss          zero     0x000866    0x32  DrvGD83.o [1]
  .near.bss          zero     0x000898    0x12  Beep.o [1]
  .near.bss          zero     0x0008aa    0x12  Tone.o [1]
  .near.bss          zero     0x0008bc     0xb  Delay.o [1]
  .near.bss          zero     0x0008c7     0x4  ApiDisplay.o [1]
  .near.bss          zero     0x0008cb     0x2  DrvHTG12832.o [1]
  .near.bss          zero     0x0008cd     0x1  ApiKeyboard.o [1]
  .near.bss          zero     0x0008ce     0x1  DrvGD83.o [1]
                            - 0x0008cf   0x881

"A2":                                    0x100
  CSTACK                      0x001700   0x100  <Block>
    CSTACK           uninit   0x001700   0x100  <Block tail>
                            - 0x001800   0x100

"A3":                                     0x80
  INTVEC                      0x008000    0x80  <Block>
    .intvec          const    0x008000    0x80  interrupt.o [4]
                            - 0x008080    0x80

"P3":                                   0x30bf
  .near_func.text    ro code  0x008080   0x4c8  DrvGD83.o [1]
  .near_func.text    ro code  0x008548   0x231  Beep.o [1]
  .near_func.text    ro code  0x008779   0x21a  ApiKeyboard.o [1]
  .near_func.text    ro code  0x008993   0x219  DrvHTG12832.o [1]
  .near_func.text    ro code  0x008bac   0x1e7  DrvKeyboard.o [1]
  .near_func.text    ro code  0x008d93   0x19a  DrvGT20L16S1Y.o [1]
  .near_func.text    ro code  0x008f2d   0x17a  long.o [4]
  .near_func.text    ro code  0x0090a7   0x156  System.o [1]
  .near_func.text    ro code  0x0091fd   0x139  DrvKeyboard.o [1]
  .near_func.text    ro code  0x009336   0x136  DrvKeyboard.o [1]
  .near_func.text    ro code  0x00946c   0x134  stm8s_uart1.o [1]
  .near_func.text    ro code  0x0095a0   0x11e  vreg_util.o [4]
  .near_func.text    ro code  0x0096be   0x101  stm8s_itc.o [1]
  .near_func.text    ro code  0x0097bf    0xe5  ApiKeyboard.o [1]
  .near_func.text    ro code  0x0098a4    0xe1  DrvGD83.o [1]
  .near_func.text    ro code  0x009985    0xdf  ApiDisplay.o [1]
  .near_func.text    ro code  0x009a64    0xdb  CommonLib.o [1]
  .near_func.text    ro code  0x009b3f    0xbb  ApiPocCmd.o [1]
  .near_func.text    ro code  0x009bfa    0xb2  ApiDisplay.o [1]
  .near_func.text    ro code  0x009cac    0xb0  Beep.o [1]
  .near_func.text    ro code  0x009d5c    0xaf  stm8s_gpio.o [1]
  .near_func.text    ro code  0x009e0b    0xa2  Delay.o [1]
  .near_func.text    ro code  0x009ead    0xa2  stm8s_clk.o [1]
  .near_func.text    ro code  0x009f4f    0x99  stm8s_tim1.o [1]
  .near_func.text    ro code  0x009fe8    0x90  stm8s_uart1.o [1]
  .near_func.text    ro code  0x00a078    0x8a  DrvKeyboard.o [1]
  .near_func.text    ro code  0x00a102    0x7a  DrvGD83.o [1]
  .near_func.text    ro code  0x00a17c    0x73  Delay.o [1]
  .near_func.text    ro code  0x00a1ef    0x6c  DrvKeyboard.o [1]
  .near_func.text    ro code  0x00a25b    0x6c  stm8s_uart1.o [1]
  .near_func.text    ro code  0x00a2c7    0x67  Tone.o [1]
  .near_func.text    ro code  0x00a32e    0x63  ApiAtCmd.o [1]
  .near_func.text    ro code  0x00a391    0x61  stm8s_tim1.o [1]
  .near_func.text    ro code  0x00a3f2    0x5f  DrvGT20L16S1Y.o [1]
  .near_func.text    ro code  0x00a451    0x5a  DrvGT20L16S1Y.o [1]
  .near_func.text    ro code  0x00a4ab    0x57  stm8s_clk.o [1]
  .near_func.text    ro code  0x00a502    0x54  Delay.o [1]
  .near_func.text    ro code  0x00a556    0x4e  Tone.o [1]
  .near_func.text    ro code  0x00a5a4    0x4d  ApiPocCmd.o [1]
  .near_func.text    ro code  0x00a5f1    0x4c  DrvGD83.o [1]
  .near_func.text    ro code  0x00a63d    0x4c  DrvGT20L16S1Y.o [1]
  .near_func.text    ro code  0x00a689    0x4a  ApiDisplay.o [1]
  .near_func.text    ro code  0x00a6d3    0x49  DrvGD83.o [1]
  .near_func.text    ro code  0x00a71c    0x49  DrvGD83.o [1]
  .near_func.text    ro code  0x00a765    0x47  long_util.o [4]
  .near_func.text    ro code  0x00a7ac    0x43  stm8s_tim1.o [1]
  Initializer bytes  const    0x00a7ef    0x3e  <for P2-1>
  .near_func.text    ro code  0x00a82d    0x36  DrvGT20L16S1Y.o [1]
  .near_func.text    ro code  0x00a863    0x36  stm8s_flash.o [1]
  .near_func.text    ro code  0x00a899    0x36  memcmp.o [4]
  .near_func.text    ro code  0x00a8cf    0x33  ApiDisplay.o [1]
  .near_func.text    ro code  0x00a902    0x33  DrvGT20L16S1Y.o [1]
  .near_func.text    ro code  0x00a935    0x32  Beep.o [1]
  .near_func.text    ro code  0x00a967    0x32  stm8s_uart1.o [1]
  .near_func.text    ro code  0x00a999    0x32  short.o [4]
  .near_func.text    ro code  0x00a9cb    0x30  McuConfig.o [1]
  .near_func.text    ro code  0x00a9fb    0x30  sysclock.o [1]
  .near_func.text    ro code  0x00aa2b    0x2d  stm8s_uart1.o [1]
  .near_func.text    ro code  0x00aa58    0x2c  DrvGD83.o [1]
  .near_func.text    ro code  0x00aa84    0x2a  McuConfig.o [1]
  .near_func.text    ro code  0x00aaae    0x28  Delay.o [1]
  .near_func.text    ro code  0x00aad6    0x28  init_small.o [4]
  .near_func.text    ro code  0x00aafe    0x27  stm8s_flash.o [1]
  .near_func.text    ro code  0x00ab25    0x27  sysclock.o [1]
  .near_func.text    ro code  0x00ab4c    0x25  dc_util.o [4]
  .near_func.text    ro code  0x00ab71    0x24  McuConfig.o [1]
  .near_func.text    ro code  0x00ab95    0x24  stm8s_flash.o [1]
  .near_func.text    ro code  0x00abb9    0x24  stm8s_tim1.o [1]
  .near_func.text    ro code  0x00abdd    0x23  Tone.o [1]
  .iar.init_table    const    0x00ac00    0x12  - Linker created -
  .near_func.text    ro code  0x00ac12    0x20  stm8s_it.o [1]
  .near_func.text    ro code  0x00ac32    0x1f  Delay.o [1]
  .near_func.text    ro code  0x00ac51    0x1f  move.o [4]
  .near_func.text    ro code  0x00ac70    0x1e  ApiPocCmd.o [1]
  .near_func.text    ro code  0x00ac8e    0x1e  init_small.o [4]
  .near_func.text    ro code  0x00acac    0x1c  Delay.o [1]
  .near_func.text    ro code  0x00acc8    0x1b  stm8s_it.o [1]
  .near_func.text    ro code  0x00ace3    0x1b  sysclock.o [1]
  .near_func.text    ro code  0x00acfe    0x1a  Beep.o [1]
  .near_func.text    ro code  0x00ad18    0x18  McuConfig.o [1]
  .near_func.text    ro code  0x00ad30    0x18  McuConfig.o [1]
  .near_func.text    ro code  0x00ad48    0x18  McuConfig.o [1]
  .near_func.text    ro code  0x00ad60    0x17  McuConfig.o [1]
  .near_func.text    ro code  0x00ad77    0x17  McuConfig.o [1]
  .near_func.text    ro code  0x00ad8e    0x17  McuConfig.o [1]
  .near_func.text    ro code  0x00ada5    0x17  McuConfig.o [1]
  .near_func.text    ro code  0x00adbc    0x17  McuConfig.o [1]
  .near_func.text    ro code  0x00add3    0x17  init.o [4]
  .near_func.text    ro code  0x00adea    0x16  stm8s_flash.o [1]
  .near_func.text    ro code  0x00ae00    0x15  ApiDisplay.o [1]
  .near_func.text    ro code  0x00ae15    0x14  DrvGT20L16S1Y.o [1]
  .near_func.text    ro code  0x00ae29    0x14  __dbg_xxexit.o [3]
  .near_func.text    ro code  0x00ae3d    0x13  stm8s_clk.o [1]
  .near_func.text    ro code  0x00ae50    0x13  stm8s_tim3.o [1]
  .near_func.text    ro code  0x00ae63    0x13  cstartup.o [4]
  .near_func.text    ro code  0x00ae76    0x12  strlen.o [4]
  .near.rodata       const    0x00ae88    0x10  ApiDisplay.o [1]
  .near.rodata       const    0x00ae98    0x10  ApiDisplay.o [1]
  .near.rodata       const    0x00aea8    0x10  ApiKeyboard.o [1]
  .near.rodata       const    0x00aeb8    0x10  ApiKeyboard.o [1]
  .near.rodata       const    0x00aec8    0x10  ApiKeyboard.o [1]
  .near.rodata       const    0x00aed8    0x10  ApiKeyboard.o [1]
  .near.rodata       const    0x00aee8    0x10  ApiKeyboard.o [1]
  .near.rodata       const    0x00aef8    0x10  ApiKeyboard.o [1]
  .near.rodata       const    0x00af08    0x10  ApiKeyboard.o [1]
  .near.rodata       const    0x00af18    0x10  ApiKeyboard.o [1]
  .near.rodata       const    0x00af28    0x10  ApiKeyboard.o [1]
  .near.rodata       const    0x00af38    0x10  ApiKeyboard.o [1]
  .near.rodata       const    0x00af48    0x10  ApiKeyboard.o [1]
  .near.rodata       const    0x00af58    0x10  ApiKeyboard.o [1]
  .near.rodata       const    0x00af68    0x10  ApiKeyboard.o [1]
  .near.rodata       const    0x00af78    0x10  ApiKeyboard.o [1]
  .near.rodata       const    0x00af88    0x10  ApiKeyboard.o [1]
  .near.rodata       const    0x00af98    0x10  ApiKeyboard.o [1]
  .near.rodata       const    0x00afa8    0x10  ApiKeyboard.o [1]
  .near.rodata       const    0x00afb8    0x10  System.o [1]
  .near.rodata       const    0x00afc8    0x10  System.o [1]
  .near.rodata       const    0x00afd8     0xe  System.o [1]
  .near_func.text    ro code  0x00afe6     0xd  stm8s_tim1.o [1]
  .near_func.text    ro code  0x00aff3     0xd  stm8s_tim1.o [1]
  .near_func.text    ro code  0x00b000     0xd  stm8s_tim1.o [1]
  .near_func.text    ro code  0x00b00d     0xd  stm8s_tim3.o [1]
  .near_func.text    ro code  0x00b01a     0xd  stm8s_tim3.o [1]
  .near_func.text    ro code  0x00b027     0xd  stm8s_uart1.o [1]
  .near_func.text    ro code  0x00b034     0xc  McuConfig.o [1]
  .near_func.text    ro code  0x00b040     0xc  McuConfig.o [1]
  .near_func.text    ro code  0x00b04c     0xc  McuConfig.o [1]
  .near_func.text    ro code  0x00b058     0xc  McuConfig.o [1]
  .near_func.text    ro code  0x00b064     0xc  stm8s_tim3.o [1]
  .near.rodata       const    0x00b070     0xb  System.o [1]
  .near.rodata       const    0x00b07b     0xa  ApiAtCmd.o [1]
  .near.rodata       const    0x00b085     0x9  ApiKeyboard.o [1]
  .near.rodata       const    0x00b08e     0x9  ApiKeyboard.o [1]
  .near.rodata       const    0x00b097     0x9  DrvGD83.o [1]
  .near.rodata       const    0x00b0a0     0x9  System.o [1]
  .near_func.text    ro code  0x00b0a9     0x9  Delay.o [1]
  .near_func.text    ro code  0x00b0b2     0x9  stm8s_gpio.o [1]
  .near_func.text    ro code  0x00b0bb     0x9  stm8s_tim3.o [1]
  .near.rodata       const    0x00b0c4     0x8  ApiDisplay.o [1]
  .near.rodata       const    0x00b0cc     0x8  ApiPocCmd.o [1]
  .near.rodata       const    0x00b0d4     0x7  System.o [1]
  .near.rodata       const    0x00b0db     0x7  System.o [1]
  .near_func.text    ro code  0x00b0e2     0x7  stm8s_flash.o [1]
  .near_func.text    ro code  0x00b0e9     0x7  stm8s_gpio.o [1]
  .near.rodata       const    0x00b0f0     0x6  DrvGD83.o [1]
  .near_func.text    ro code  0x00b0f6     0x6  char.o [4]
  .near_func.text    ro code  0x00b0fc     0x5  stm8s_tim3.o [1]
  .near_func.text    ro code  0x00b101     0x5  cexit.o [4]
  .near.rodata       const    0x00b106     0x4  stm8s_clk.o [1]
  .near_func.text    ro code  0x00b10a     0x4  stm8s_gpio.o [1]
  .near_func.text    ro code  0x00b10e     0x4  stm8s_uart1.o [1]
  .near_func.text    ro code  0x00b112     0x4  stm8s_uart1.o [1]
  .near.rodata       const    0x00b116     0x3  DrvGD83.o [1]
  .near_func.text    ro code  0x00b119     0x3  main.o [1]
  .near_func.text    ro code  0x00b11c     0x3  interrupt.o [4]
  .near_func.text    ro code  0x00b11f     0x3  low_level_init.o [4]
  .near_func.text    ro code  0x00b122     0x3  exit.o [4]
  .near_func.text    ro code  0x00b125     0x3  unhandled_exception.o [4]
  .near_func.text    ro code  0x00b128     0x1  stm8s_it.o [1]
  .near_func.text    ro code  0x00b129     0x1  stm8s_it.o [1]
  .near_func.text    ro code  0x00b12a     0x1  stm8s_it.o [1]
  .near_func.text    ro code  0x00b12b     0x1  stm8s_it.o [1]
  .near_func.text    ro code  0x00b12c     0x1  stm8s_it.o [1]
  .near_func.text    ro code  0x00b12d     0x1  stm8s_it.o [1]
  .near_func.text    ro code  0x00b12e     0x1  stm8s_it.o [1]
  .near_func.text    ro code  0x00b12f     0x1  stm8s_it.o [1]
  .near_func.text    ro code  0x00b130     0x1  stm8s_it.o [1]
  .near_func.text    ro code  0x00b131     0x1  stm8s_it.o [1]
  .near_func.text    ro code  0x00b132     0x1  stm8s_it.o [1]
  .near_func.text    ro code  0x00b133     0x1  stm8s_it.o [1]
  .near_func.text    ro code  0x00b134     0x1  stm8s_it.o [1]
  .near_func.text    ro code  0x00b135     0x1  stm8s_it.o [1]
  .near_func.text    ro code  0x00b136     0x1  stm8s_it.o [1]
  .near_func.text    ro code  0x00b137     0x1  stm8s_it.o [1]
  .near_func.text    ro code  0x00b138     0x1  stm8s_it.o [1]
  .near_func.text    ro code  0x00b139     0x1  stm8s_it.o [1]
  .near_func.text    ro code  0x00b13a     0x1  stm8s_it.o [1]
  .near_func.text    ro code  0x00b13b     0x1  stm8s_it.o [1]
  .near_func.text    ro code  0x00b13c     0x1  stm8s_it.o [1]
  .near_func.text    ro code  0x00b13d     0x1  stm8s_it.o [1]
  .near_func.text    ro code  0x00b13e     0x1  __dbg_break.o [3]
                            - 0x00b13f  0x30bf


*******************************************************************************
*** INIT TABLE
***

          Address   Size
          -------   ----
Zero (__iar_zero_init2)
    1 destination range, total size 0x881:
          0x00004e  0x881

Copy (__iar_copy_init2)
    1 source range, total size 0x3e:
          0x00a7ef   0x3e
    1 destination range, total size 0x3e:
          0x000010   0x3e



*******************************************************************************
*** MODULE SUMMARY
***

    Module                 ro code  ro data  rw data
    ------                 -------  -------  -------
E:\1-source\A508\PRJ\Debug\Obj: [1]
    ApiAtCmd.o                  99       12      121
    ApiDisplay.o               547       40      580
    ApiKeyboard.o              767      294        5
    ApiPocCmd.o                294       10      855
    Beep.o                     813                18
    CommonLib.o                219
    Delay.o                    469                11
    DrvGD83.o                1 837       24      581
    DrvGT20L16S1Y.o            796       40       40
    DrvHTG12832.o              537                 2
    DrvKeyboard.o            1 356
    McuConfig.o                361
    System.o                   342       88        8
    Tone.o                     216                18
    main.o                       3
    stm8s_clk.o                268        4
    stm8s_flash.o              158
    stm8s_gpio.o               195
    stm8s_it.o                  81
    stm8s_itc.o                257
    stm8s_tim1.o               392
    stm8s_tim3.o                71
    stm8s_uart1.o              676
    sysclock.o                 114
    ------------------------------------------------
    Total:                  10 868      512    2 239

command line: [2]
    ------------------------------------------------
    Total:

dbgstm8smd.a: [3]
    __dbg_break.o                1
    __dbg_xxexit.o              20
    ------------------------------------------------
    Total:                      21

dlstm8smn.a: [4]
    cexit.o                      5
    char.o                       6
    cstartup.o                  19
    dc_util.o                   37
    exit.o                       3
    init.o                      23
    init_small.o                70
    interrupt.o                  3      128
    long.o                     378
    long_util.o                 71
    low_level_init.o             3
    memcmp.o                    54
    move.o                      31
    short.o                     50
    strlen.o                    18
    unhandled_exception.o        3
    vreg_util.o                286
    vregs.o                                       16
    ------------------------------------------------
    Total:                   1 060      128       16

    Linker created                       18      256
----------------------------------------------------
    Grand Total:            11 949      658    2 511


*******************************************************************************
*** ENTRY LIST
***

Entry                    Address   Size  Type      Object
-----                    -------   ----  ----      ------
.iar.init_table$$Base   0x00ac00          --   Gb  - Linker created -
.iar.init_table$$Limit  0x00ac12          --   Gb  - Linker created -
?add32_l0_l0_0x         0x008f30         Code  Gb  long.o [4]
?add32_l0_l0_l1         0x008f2d         Code  Gb  long.o [4]
?b0                     0x000000         Data  Gb  vregs.o [4]
?b1                     0x000001         Data  Gb  vregs.o [4]
?b10                    0x00000a         Data  Gb  vregs.o [4]
?b11                    0x00000b         Data  Gb  vregs.o [4]
?b12                    0x00000c         Data  Gb  vregs.o [4]
?b13                    0x00000d         Data  Gb  vregs.o [4]
?b14                    0x00000e         Data  Gb  vregs.o [4]
?b15                    0x00000f         Data  Gb  vregs.o [4]
?b2                     0x000002         Data  Gb  vregs.o [4]
?b3                     0x000003         Data  Gb  vregs.o [4]
?b4                     0x000004         Data  Gb  vregs.o [4]
?b5                     0x000005         Data  Gb  vregs.o [4]
?b6                     0x000006         Data  Gb  vregs.o [4]
?b7                     0x000007         Data  Gb  vregs.o [4]
?b8                     0x000008         Data  Gb  vregs.o [4]
?b9                     0x000009         Data  Gb  vregs.o [4]
?dc32_l0                0x00ab4c         Code  Gb  dc_util.o [4]
?dc32_l1                0x00ab59         Code  Gb  dc_util.o [4]
?dc32_px                0x00ab66         Code  Gb  dc_util.o [4]
?e0                     0x000001         Data  Gb  vregs.o [4]
?e1                     0x000005         Data  Gb  vregs.o [4]
?e2                     0x000009         Data  Gb  vregs.o [4]
?e3                     0x00000d         Data  Gb  vregs.o [4]
?epilogue_l2            0x009647         Code  Gb  vreg_util.o [4]
?epilogue_l2_l3         0x009644         Code  Gb  vreg_util.o [4]
?epilogue_l2_w6         0x00964b         Code  Gb  vreg_util.o [4]
?epilogue_w4            0x009652         Code  Gb  vreg_util.o [4]
?l0                     0x000000         Data  Gb  vregs.o [4]
?l1                     0x000004         Data  Gb  vregs.o [4]
?l2                     0x000008         Data  Gb  vregs.o [4]
?l3                     0x00000c         Data  Gb  vregs.o [4]
?load32_0x_l0           0x00a79e         Code  Gb  long_util.o [4]
?load32_asp_l0          0x00a792         Code  Gb  long_util.o [4]
?load32_dbsp_l0         0x00a78d         Code  Gb  long_util.o [4]
?load32_l0_0x           0x00a775         Code  Gb  long_util.o [4]
?load32_l0_asp          0x00a76a         Code  Gb  long_util.o [4]
?load32_l0_dbsp         0x00a765         Code  Gb  long_util.o [4]
?load32_l0_xsp          0x00a76c         Code  Gb  long_util.o [4]
?load32_l1_0x           0x00a781         Code  Gb  long_util.o [4]
?load32_xsp_l0          0x00a794         Code  Gb  long_util.o [4]
?longfarg16_v_w0_a      0x00ac5e         Code  Gb  move.o [4]
?longfarg16_v_w0_x      0x00ac60         Code  Gb  move.o [4]
?mov_e0_e1              0x009659         Code  Gb  vreg_util.o [4]
?mov_e0_e2              0x009666         Code  Gb  vreg_util.o [4]
?mov_e0_e3              0x009673         Code  Gb  vreg_util.o [4]
?mov_e1_e0              0x009680         Code  Gb  vreg_util.o [4]
?mov_e1_e2              0x00968d         Code  Gb  vreg_util.o [4]
?mov_e1_e3              0x00969a         Code  Gb  vreg_util.o [4]
?mov_e2_e0              0x0096a7         Code  Gb  vreg_util.o [4]
?mov_e3_e0              0x0096b4         Code  Gb  vreg_util.o [4]
?mov_l0_l1              0x009656         Code  Gb  vreg_util.o [4]
?mov_l0_l2              0x009663         Code  Gb  vreg_util.o [4]
?mov_l0_l3              0x009670         Code  Gb  vreg_util.o [4]
?mov_l1_l0              0x00967d         Code  Gb  vreg_util.o [4]
?mov_l1_l2              0x00968a         Code  Gb  vreg_util.o [4]
?mov_l1_l3              0x009697         Code  Gb  vreg_util.o [4]
?mov_l2_l0              0x0096a4         Code  Gb  vreg_util.o [4]
?mov_l3_l0              0x0096b1         Code  Gb  vreg_util.o [4]
?mov_w1_w3              0x00965c         Code  Gb  vreg_util.o [4]
?mov_w1_w5              0x009669         Code  Gb  vreg_util.o [4]
?mov_w1_w7              0x009676         Code  Gb  vreg_util.o [4]
?mov_w3_w1              0x009683         Code  Gb  vreg_util.o [4]
?mov_w3_w5              0x009690         Code  Gb  vreg_util.o [4]
?mov_w3_w7              0x00969d         Code  Gb  vreg_util.o [4]
?mov_w5_w1              0x0096aa         Code  Gb  vreg_util.o [4]
?mov_w7_w1              0x0096b7         Code  Gb  vreg_util.o [4]
?move1616_v_x_y_a       0x00ac51         Code  Gb  move.o [4]
?mul16_x_x_w0           0x00a999         Code  Gb  short.o [4]
?mul32_l0_l0_0x         0x008f66         Code  Gb  long.o [4]
?mul32_l0_l0_dl         0x008f63         Code  Gb  long.o [4]
?mul32_l0_l0_l1         0x008f6f         Code  Gb  long.o [4]
?or32_l0_l0_0x          0x009062         Code  Gb  long.o [4]
?pop_l0                 0x009610         Code  Gb  vreg_util.o [4]
?pop_l1                 0x00961b         Code  Gb  vreg_util.o [4]
?pop_l2                 0x009626         Code  Gb  vreg_util.o [4]
?pop_l3                 0x009631         Code  Gb  vreg_util.o [4]
?pop_w4                 0x0095c2         Code  Gb  vreg_util.o [4]
?pop_w6                 0x0095c9         Code  Gb  vreg_util.o [4]
?pop_w7                 0x0095d0         Code  Gb  vreg_util.o [4]
?push_l0                0x0095df         Code  Gb  vreg_util.o [4]
?push_l1                0x0095e4         Code  Gb  vreg_util.o [4]
?push_l2                0x0095e9         Code  Gb  vreg_util.o [4]
?push_l3                0x0095ee         Code  Gb  vreg_util.o [4]
?push_w4                0x0095a0         Code  Gb  vreg_util.o [4]
?push_w6                0x0095a5         Code  Gb  vreg_util.o [4]
?push_w7                0x0095aa         Code  Gb  vreg_util.o [4]
?sext32_l0_x            0x00909c         Code  Gb  long.o [4]
?sll16_x_x_4            0x00a9c1         Code  Gb  short.o [4]
?sll16_x_x_5            0x00a9c0         Code  Gb  short.o [4]
?sll16_x_x_6            0x00a9bf         Code  Gb  short.o [4]
?sll16_x_x_a            0x00a9b7         Code  Gb  short.o [4]
?sll32_0x_0x_a          0x00907d         Code  Gb  long.o [4]
?sll32_l0_l0_a          0x00907a         Code  Gb  long.o [4]
?srl16_x_x_4            0x00a9c6         Code  Gb  short.o [4]
?srl32_0x_0x_a          0x00908e         Code  Gb  long.o [4]
?srl32_l0_l0_a          0x00908b         Code  Gb  long.o [4]
?srl8_a_a_5             0x00b0f7         Code  Gb  char.o [4]
?srl8_a_a_6             0x00b0f6         Code  Gb  char.o [4]
?sub32_l0_l0_0x         0x008f4b         Code  Gb  long.o [4]
?sub32_l0_l0_l1         0x008f48         Code  Gb  long.o [4]
?udiv32_l0_dl_l1        0x008fed         Code  Gb  long.o [4]
?udiv32_l0_l0_dl        0x008ff2         Code  Gb  long.o [4]
?udiv32_l0_l0_l1        0x008ff5         Code  Gb  long.o [4]
?umod32_l1_l0_l1        0x008ff5         Code  Gb  long.o [4]
?w0                     0x000000         Data  Gb  vregs.o [4]
?w1                     0x000002         Data  Gb  vregs.o [4]
?w2                     0x000004         Data  Gb  vregs.o [4]
?w3                     0x000006         Data  Gb  vregs.o [4]
?w4                     0x000008         Data  Gb  vregs.o [4]
?w5                     0x00000a         Data  Gb  vregs.o [4]
?w6                     0x00000c         Data  Gb  vregs.o [4]
?w7                     0x00000e         Data  Gb  vregs.o [4]
ADC2_IRQHandler         0x00b13b    0x1  Code  Gb  stm8s_it.o [1]
AF_Mute_Init            0x00b040    0xc  Code  Gb  McuConfig.o [1]
AUDIO_IOAFMUT           0x00ada5   0x17  Code  Gb  McuConfig.o [1]
AUDIO_IOAFPOW           0x00adbc   0x17  Code  Gb  McuConfig.o [1]
AWU_IRQHandler          0x00b12a    0x1  Code  Gb  stm8s_it.o [1]
ApiAtCmd_10msRenew      0x00a32e   0x63  Code  Gb  ApiAtCmd.o [1]
ApiPocCmd_10msRenew     0x00a5a4   0x4d  Code  Gb  ApiPocCmd.o [1]
ApiPocCmd_WritCommand   0x009b3f   0xbb  Code  Gb  ApiPocCmd.o [1]
AtCmdDrvobj             0x0007af   0x77  Data  Lc  ApiAtCmd.o [1]
AtNotify_Queue          0x008080   0x4c  Code  Lc  DrvGD83.o [1]
AtNotify_Queue_Start    0x0080cc   0x55  Code  Lc  DrvGD83.o [1]
BEEP_Interrupt10ms      0x00acfe   0x1a  Code  Gb  Beep.o [1]
BEEP_PowerOnInitial     0x009cac   0xb0  Code  Gb  Beep.o [1]
BEEP_SetOutput          0x008548  0x231  Code  Gb  Beep.o [1]
BEEP_Time               0x00a935   0x32  Code  Gb  Beep.o [1]
BaseAdd                 0x000026   0x20  Data  Gb  DrvGT20L16S1Y.o [1]
BeepDrvObj              0x000898   0x12  Data  Lc  Beep.o [1]
BitTab                  0x00b0c4    0x8  Data  Gb  ApiDisplay.o [1]
CHAR_HIGH               0x00ae88   0x10  Data  Gb  ApiDisplay.o [1]
CHAR_WIDTH              0x00ae98   0x10  Data  Gb  ApiDisplay.o [1]
CLK_ClockSwitchConfig   0x009ead   0xa2  Code  Gb  stm8s_clk.o [1]
CLK_GetClockFreq        0x00a4ab   0x57  Code  Gb  stm8s_clk.o [1]
CLK_HSIPrescalerConfig  0x00ae3d   0x13  Code  Gb  stm8s_clk.o [1]
CLK_IRQHandler          0x00b12b    0x1  Code  Gb  stm8s_it.o [1]
COML_AscToHex           0x009a64   0xdb  Code  Gb  CommonLib.o [1]
CSTACK$$Base            0x001700          --   Gb  - Linker created -
CSTACK$$Limit           0x001800          --   Gb  - Linker created -
C_TEST_OUT_SET          0x00b058    0xc  Code  Gb  McuConfig.o [1]
DEL_1msProcess          0x00b0a9    0x6  Code  Lc  Delay.o [1]
DEL_GetTimer            0x00a502   0x54  Code  Gb  Delay.o [1]
DEL_Interrupt           0x009e0b   0xa2  Code  Gb  Delay.o [1]
DEL_PowerOnInitial      0x00ac32   0x1f  Code  Gb  Delay.o [1]
DEL_Renew               0x00b0af    0x3  Code  Gb  Delay.o [1]
DEL_SetTimer            0x00a17c   0x73  Code  Gb  Delay.o [1]
DEL_Soft1ms             0x00acac   0x1c  Code  Gb  Delay.o [1]
DEL_TimerRenew          0x00aaae   0x28  Code  Lc  Delay.o [1]
DISP_DataBuf            0x009985   0xdf  Code  Lc  ApiDisplay.o [1]
DISP_MulTypePro         0x009bfa   0xb2  Code  Lc  ApiDisplay.o [1]
DefaultSystemClockForHSI
                        0x00ace3   0x1b  Code  Gb  sysclock.o [1]
DelDrvObj               0x0008bc    0xb  Data  Lc  Delay.o [1]
DisDataBit              0x000826   0x40  Data  Gb  ApiDisplay.o [1]
DisDataBuf              0x0005af  0x200  Data  Gb  ApiDisplay.o [1]
DisDrvObj               0x0008c7    0x4  Data  Lc  ApiDisplay.o [1]
DrvGD83DrvObj           0x0003a3  0x20c  Data  Lc  DrvGD83.o [1]
DrvGD83_Init            0x00ad30   0x18  Code  Gb  McuConfig.o [1]
DrvGD83_UART_TxCommand  0x00a102   0x7a  Code  Gb  DrvGD83.o [1]
DrvMC8332_AtNotify_Queue_front
                        0x00a6d3   0x49  Code  Gb  DrvGD83.o [1]
DrvMC8332_PocNotify_Queue_front
                        0x00a71c   0x49  Code  Gb  DrvGD83.o [1]
DrvMC8332_TxPort_SetValidable
                        0x00aa58   0x2c  Code  Gb  DrvGD83.o [1]
DrvMC8332_UART_Interrupt
                        0x008271  0x2d7  Code  Gb  DrvGD83.o [1]
DrvMc8332_UART_TxTail   0x0098a4   0xe1  Code  Gb  DrvGD83.o [1]
EEPROM_EEC_IRQHandler   0x00b13d    0x1  Code  Gb  stm8s_it.o [1]
EXTI_PORTA_IRQHandler   0x00b12c    0x1  Code  Gb  stm8s_it.o [1]
EXTI_PORTB_IRQHandler   0x00b12d    0x1  Code  Gb  stm8s_it.o [1]
EXTI_PORTC_IRQHandler   0x00b12e    0x1  Code  Gb  stm8s_it.o [1]
EXTI_PORTD_IRQHandler   0x00b12f    0x1  Code  Gb  stm8s_it.o [1]
EXTI_PORTE_IRQHandler   0x00b130    0x1  Code  Gb  stm8s_it.o [1]
FLASH_EraseOptionByte   0x00aafe   0x27  Code  Gb  stm8s_flash.o [1]
FLASH_Lock              0x00b0e2    0x7  Code  Gb  stm8s_flash.o [1]
FLASH_ProgramOptionByte
                        0x00ab95   0x24  Code  Gb  stm8s_flash.o [1]
FLASH_Unlock            0x00adea   0x16  Code  Gb  stm8s_flash.o [1]
FLASH_WaitForLastOperation
                        0x00a863   0x36  Code  Gb  stm8s_flash.o [1]
GD83_ON                 0x00ad48   0x18  Code  Gb  McuConfig.o [1]
GPIO_Init               0x009d5c   0xaf  Code  Gb  stm8s_gpio.o [1]
GPIO_ReadInputPin       0x00b0b2    0x9  Code  Gb  stm8s_gpio.o [1]
GPIO_WriteHigh          0x00b0e9    0x7  Code  Gb  stm8s_gpio.o [1]
GPIO_WriteLow           0x00b10a    0x4  Code  Gb  stm8s_gpio.o [1]
GT20_DelTime            0x00ae15   0x14  Code  Lc  DrvGT20L16S1Y.o [1]
GT20_GetData            0x00a3f2   0x5f  Code  Lc  DrvGT20L16S1Y.o [1]
GT20_GetDisData         0x00a82d   0x36  Code  Lc  DrvGT20L16S1Y.o [1]
GT20_SendByte           0x00a451   0x5a  Code  Lc  DrvGT20L16S1Y.o [1]
GT20_SendCommand        0x00a63d   0x4c  Code  Lc  DrvGT20L16S1Y.o [1]
HSE_ClockStartUpConfiguration
                        0x00a9fb   0x30  Code  Lc  sysclock.o [1]
HSIDivFactor            0x00b106    0x4  Data  Gb  stm8s_clk.o [1]
HtgDrvObj               0x0008cb    0x2  Data  Lc  DrvHTG12832.o [1]
I2C_IRQHandler          0x00b138    0x1  Code  Gb  stm8s_it.o [1]
INTVEC$$Base            0x008000          --   Gb  - Linker created -
INTVEC$$Limit           0x008080          --   Gb  - Linker created -
ITC_SetSoftwarePriority
                        0x0096be  0x101  Code  Gb  stm8s_itc.o [1]
Key_Flag_1              0x0008cd    0x1  Data  Gb  ApiKeyboard.o [1]
Key_Init                0x00a9cb   0x30  Code  Gb  McuConfig.o [1]
Keyboard_Test           0x008779  0x21a  Code  Gb  ApiKeyboard.o [1]
LED_Init                0x00ad18   0x18  Code  Gb  McuConfig.o [1]
ListenState             0x00ac70   0x1e  Code  Gb  ApiPocCmd.o [1]
MIC_GPIO_Init           0x00b034    0xc  Code  Gb  McuConfig.o [1]
MIC_IOMUT               0x00ad8e   0x17  Code  Gb  McuConfig.o [1]
Noise_Mute_Init         0x00b04c    0xc  Code  Gb  McuConfig.o [1]
Notify_Queue_Stop       0x008176   0xfb  Code  Lc  DrvGD83.o [1]
PocCmdDrvobj            0x00004e  0x355  Data  Lc  ApiPocCmd.o [1]
PocNotify_Queue         0x00a5f1   0x4c  Code  Lc  DrvGD83.o [1]
PocNotify_Queue_Start   0x008121   0x55  Code  Lc  DrvGD83.o [1]
Region$$Table$$Base     0x00ac00          --   Gb  - Linker created -
Region$$Table$$Limit    0x00ac12          --   Gb  - Linker created -
SPI_IRQHandler          0x00b131    0x1  Code  Gb  stm8s_it.o [1]
Set_GreenLed            0x00ad60   0x17  Code  Gb  McuConfig.o [1]
Set_RedLed              0x00ad77   0x17  Code  Gb  McuConfig.o [1]
SystemClock_Init        0x00ab25   0x27  Code  Gb  sysclock.o [1]
TIM1_CAP_COM_IRQHandler
                        0x00b133    0x1  Code  Gb  stm8s_it.o [1]
TIM1_CCxCmd             0x00a7ac   0x43  Code  Gb  stm8s_tim1.o [1]
TIM1_Cmd                0x00afe6    0xd  Code  Gb  stm8s_tim1.o [1]
TIM1_CtrlPWMOutputs     0x00aff3    0xd  Code  Gb  stm8s_tim1.o [1]
TIM1_DeInit             0x009f4f   0x99  Code  Gb  stm8s_tim1.o [1]
TIM1_OC1Init            0x00a391   0x61  Code  Gb  stm8s_tim1.o [1]
TIM1_OC1PreloadConfig   0x00b000    0xd  Code  Gb  stm8s_tim1.o [1]
TIM1_PWM_Init           0x00a556   0x4e  Code  Gb  Tone.o [1]
TIM1_TimeBaseInit       0x00abb9   0x24  Code  Gb  stm8s_tim1.o [1]
TIM1_UPD_OVF_TRG_BRK_IRQHandler
                        0x00b132    0x1  Code  Gb  stm8s_it.o [1]
TIM2_CAP_COM_IRQHandler
                        0x00b135    0x1  Code  Gb  stm8s_it.o [1]
TIM2_UPD_OVF_BRK_IRQHandler
                        0x00b134    0x1  Code  Gb  stm8s_it.o [1]
TIM3_ARRPreloadConfig   0x00b01a    0xd  Code  Gb  stm8s_tim3.o [1]
TIM3_CAP_COM_IRQHandler
                        0x00b136    0x1  Code  Gb  stm8s_it.o [1]
TIM3_ClearITPendingBit  0x00b0fc    0x5  Code  Gb  stm8s_tim3.o [1]
TIM3_Cmd                0x00b00d    0xd  Code  Gb  stm8s_tim3.o [1]
TIM3_ITConfig           0x00ae50   0x13  Code  Gb  stm8s_tim3.o [1]
TIM3_PrescalerConfig    0x00b0bb    0x9  Code  Gb  stm8s_tim3.o [1]
TIM3_TimeBaseInit       0x00b064    0xc  Code  Gb  stm8s_tim3.o [1]
TIM3_UPD_OVF_BRK_IRQHandler
                        0x00acc8   0x1b  Code  Gb  stm8s_it.o [1]
TIM4_UPD_OVF_IRQHandler
                        0x00b13c    0x1  Code  Gb  stm8s_it.o [1]
TLI_IRQHandler          0x00b129    0x1  Code  Gb  stm8s_it.o [1]
TONE_PowerOnInitial     0x00a2c7   0x67  Code  Gb  Tone.o [1]
TONE_Start              0x00abe5   0x1b  Code  Gb  Tone.o [1]
TONE_Stop               0x00abdd    0x8  Code  Gb  Tone.o [1]
TRAP_IRQHandler         0x00b128    0x1  Code  Gb  stm8s_it.o [1]
Tim3_Timer_Init         0x00ab71   0x24  Code  Gb  McuConfig.o [1]
TimeVal                 0x00001e    0x8  Data  Gb  DrvGT20L16S1Y.o [1]
ToneDrvObj              0x0008aa   0x12  Data  Lc  Tone.o [1]
UART1_Cmd               0x00b027    0xd  Code  Gb  stm8s_uart1.o [1]
UART1_DeInit            0x00aa2b   0x2d  Code  Gb  stm8s_uart1.o [1]
UART1_GetFlagStatus     0x00a967   0x32  Code  Gb  stm8s_uart1.o [1]
UART1_GetITStatus       0x009fe8   0x90  Code  Gb  stm8s_uart1.o [1]
UART1_ITConfig          0x00a25b   0x6c  Code  Gb  stm8s_uart1.o [1]
UART1_Init              0x00946c  0x134  Code  Gb  stm8s_uart1.o [1]
UART1_RX_IRQHandler     0x00ac12   0x20  Code  Gb  stm8s_it.o [1]
UART1_ReceiveData8      0x00b10e    0x4  Code  Gb  stm8s_uart1.o [1]
UART1_SendData8         0x00b112    0x4  Code  Gb  stm8s_uart1.o [1]
UART1_TX_IRQHandler     0x00b137    0x1  Code  Gb  stm8s_it.o [1]
UART3_RX_IRQHandler     0x00b13a    0x1  Code  Gb  stm8s_it.o [1]
UART3_TX_IRQHandler     0x00b139    0x1  Code  Gb  stm8s_it.o [1]
Uart1_Init              0x00aa84   0x2a  Code  Gb  McuConfig.o [1]
__DebugBreak            0x00b13e    0x1  Code  Gb  __dbg_break.o [3]
__exit                  0x00ae29   0x14  Code  Gb  __dbg_xxexit.o [3]
__iar_copy_init2        0x00aad6         Code  Gb  init_small.o [4]
__iar_data_init2        0x00add3   0x17  Code  Gb  init.o [4]
__iar_program_start     0x00ae63         Code  Gb  cstartup.o [4]
__iar_unhandled_exception
                        0x00b125         Code  Gb  unhandled_exception.o [4]
__iar_zero_init2        0x00ac8e         Code  Gb  init_small.o [4]
__intvec                0x008000         Data  Gb  interrupt.o [4]
__low_level_init        0x00b11f    0x3  Code  Gb  low_level_init.o [4]
_exit                   0x00b101         Code  Gb  cexit.o [4]
_interrupt_1            0x00b128         Code  Gb  stm8s_it.o [1]
_interrupt_12           0x00b131         Code  Gb  stm8s_it.o [1]
_interrupt_13           0x00b132         Code  Gb  stm8s_it.o [1]
_interrupt_14           0x00b133         Code  Gb  stm8s_it.o [1]
_interrupt_15           0x00b134         Code  Gb  stm8s_it.o [1]
_interrupt_16           0x00b135         Code  Gb  stm8s_it.o [1]
_interrupt_17           0x00acc8         Code  Gb  stm8s_it.o [1]
_interrupt_18           0x00b136         Code  Gb  stm8s_it.o [1]
_interrupt_19           0x00b137         Code  Gb  stm8s_it.o [1]
_interrupt_2            0x00b129         Code  Gb  stm8s_it.o [1]
_interrupt_20           0x00ac12         Code  Gb  stm8s_it.o [1]
_interrupt_21           0x00b138         Code  Gb  stm8s_it.o [1]
_interrupt_22           0x00b139         Code  Gb  stm8s_it.o [1]
_interrupt_23           0x00b13a         Code  Gb  stm8s_it.o [1]
_interrupt_24           0x00b13b         Code  Gb  stm8s_it.o [1]
_interrupt_25           0x00b13c         Code  Gb  stm8s_it.o [1]
_interrupt_26           0x00b13d         Code  Gb  stm8s_it.o [1]
_interrupt_3            0x00b12a         Code  Gb  stm8s_it.o [1]
_interrupt_4            0x00b12b         Code  Gb  stm8s_it.o [1]
_interrupt_5            0x00b12c         Code  Gb  stm8s_it.o [1]
_interrupt_6            0x00b12d         Code  Gb  stm8s_it.o [1]
_interrupt_7            0x00b12e         Code  Gb  stm8s_it.o [1]
_interrupt_8            0x00b12f         Code  Gb  stm8s_it.o [1]
_interrupt_9            0x00b130         Code  Gb  stm8s_it.o [1]
api_disp_all_screen_refresh
                        0x00a689   0x4a  Code  Gb  ApiDisplay.o [1]
api_disp_char_output    0x00ae00   0x15  Code  Gb  ApiDisplay.o [1]
api_lcd_pwr_on_hint     0x00a8cf   0x33  Code  Gb  ApiDisplay.o [1]
drv_gt20_data_output    0x008d93  0x19a  Code  Gb  DrvGT20L16S1Y.o [1]
drv_gt20_pwr_on_init    0x00a932    0x3  Code  Gb  DrvGT20L16S1Y.o [1]
drv_htg_clr_allscr      0x008ab1   0x31  Code  Gb  DrvHTG12832.o [1]
drv_htg_pwr_on_init     0x008ba3    0x9  Code  Gb  DrvHTG12832.o [1]
drv_htg_reset           0x008993    0x5  Code  Gb  DrvHTG12832.o [1]
drv_htg_set_address     0x008a07   0x3b  Code  Gb  DrvHTG12832.o [1]
drv_htg_write_command   0x008998   0x6f  Code  Gb  DrvHTG12832.o [1]
drv_htg_write_data      0x008a42   0x6f  Code  Gb  DrvHTG12832.o [1]
drv_keypad_scan         0x008bac  0x1e7  Code  Gb  DrvKeyboard.o [1]
exit                    0x00b122    0x3  Code  Gb  exit.o [4]
get_key_value           0x0097bf   0xe5  Code  Gb  ApiKeyboard.o [1]
htg_delay_ms            0x008ae2   0x1e  Code  Lc  DrvHTG12832.o [1]
htg_initial             0x008b00   0x5b  Code  Lc  DrvHTG12832.o [1]
key_scan_board          0x0091fd  0x139  Code  Gb  DrvKeyboard.o [1]
main                    0x00b119    0x3  Code  Gb  main.o [1]
main_app                0x0090a7  0x156  Code  Gb  System.o [1]
mcu_gt20_initial        0x00a902   0x30  Code  Lc  DrvGT20L16S1Y.o [1]
mcu_key_pad_out         0x00a078   0x8a  Code  Gb  DrvKeyboard.o [1]
mcu_key_pad_read        0x00a1ef   0x6c  Code  Gb  DrvKeyboard.o [1]
mcu_key_pad_set         0x009336  0x136  Code  Gb  DrvKeyboard.o [1]
mcu_lcd_initial         0x008b5b   0x48  Code  Lc  DrvHTG12832.o [1]
memcmp                  0x00a899   0x36  Code  Gb  memcmp.o [4]
strlen                  0x00ae76   0x12  Code  Gb  strlen.o [4]
ucAtPocHead             0x000016    0x2  Data  Gb  ApiPocCmd.o [1]
ucEndPTT                0x00004a    0x2  Data  Gb  System.o [1]
ucKeyDown               0x000014    0x2  Data  Gb  ApiKeyboard.o [1]
ucKeyUp                 0x000012    0x2  Data  Gb  ApiKeyboard.o [1]
ucPocOpenConfig         0x000046    0x2  Data  Gb  System.o [1]
ucRxCheckCard           0x000010    0x2  Data  Gb  ApiAtCmd.o [1]
ucRxOkHeadInfo          0x00001c    0x2  Data  Gb  DrvGD83.o [1]
ucRxPocHeadInfo         0x00001a    0x2  Data  Gb  DrvGD83.o [1]
ucStartPTT              0x000048    0x2  Data  Gb  System.o [1]
ucSwitch                0x00004c    0x2  Data  Gb  System.o [1]
ucTxPocHeadInfo         0x000018    0x2  Data  Gb  DrvGD83.o [1]


[1] = E:\1-source\A508\PRJ\Debug\Obj
[2] = command line
[3] = dbgstm8smd.a
[4] = dlstm8smn.a

  11 949 bytes of readonly  code memory
     658 bytes of readonly  data memory
   2 511 bytes of readwrite data memory

Errors: none
Warnings: none
