###############################################################################
#
# IAR ELF Linker V2.20.1.176 for STM8                     22/Nov/2017  17:15:33
# Copyright 2010-2015 IAR Systems AB.
#
#    Output file  =  E:\1-source\A508\PRJ\Debug\Exe\A508_DEMO1.out
#    Map file     =  E:\1-source\A508\PRJ\Debug\List\A508_DEMO1.map
#    Command line =  
#        E:\1-source\A508\PRJ\Debug\Obj\ApiAtCmd.o
#        E:\1-source\A508\PRJ\Debug\Obj\ApiDisplay.o
#        E:\1-source\A508\PRJ\Debug\Obj\ApiKeyboard.o
#        E:\1-source\A508\PRJ\Debug\Obj\ApiPocCmd.o
#        E:\1-source\A508\PRJ\Debug\Obj\Beep.o
#        E:\1-source\A508\PRJ\Debug\Obj\CommonLib.o
#        E:\1-source\A508\PRJ\Debug\Obj\Delay.o
#        E:\1-source\A508\PRJ\Debug\Obj\DrvGD83.o
#        E:\1-source\A508\PRJ\Debug\Obj\DrvGT20L16S1Y.o
#        E:\1-source\A508\PRJ\Debug\Obj\DrvHTG12832.o
#        E:\1-source\A508\PRJ\Debug\Obj\DrvKeyboard.o
#        E:\1-source\A508\PRJ\Debug\Obj\main.o
#        E:\1-source\A508\PRJ\Debug\Obj\McuConfig.o
#        E:\1-source\A508\PRJ\Debug\Obj\stm8s_adc2.o
#        E:\1-source\A508\PRJ\Debug\Obj\stm8s_awu.o
#        E:\1-source\A508\PRJ\Debug\Obj\stm8s_beep.o
#        E:\1-source\A508\PRJ\Debug\Obj\stm8s_clk.o
#        E:\1-source\A508\PRJ\Debug\Obj\stm8s_exti.o
#        E:\1-source\A508\PRJ\Debug\Obj\stm8s_flash.o
#        E:\1-source\A508\PRJ\Debug\Obj\stm8s_gpio.o
#        E:\1-source\A508\PRJ\Debug\Obj\stm8s_i2c.o
#        E:\1-source\A508\PRJ\Debug\Obj\stm8s_it.o
#        E:\1-source\A508\PRJ\Debug\Obj\stm8s_itc.o
#        E:\1-source\A508\PRJ\Debug\Obj\stm8s_iwdg.o
#        E:\1-source\A508\PRJ\Debug\Obj\stm8s_rst.o
#        E:\1-source\A508\PRJ\Debug\Obj\stm8s_spi.o
#        E:\1-source\A508\PRJ\Debug\Obj\stm8s_tim1.o
#        E:\1-source\A508\PRJ\Debug\Obj\stm8s_tim2.o
#        E:\1-source\A508\PRJ\Debug\Obj\stm8s_tim3.o
#        E:\1-source\A508\PRJ\Debug\Obj\stm8s_tim4.o
#        E:\1-source\A508\PRJ\Debug\Obj\stm8s_uart1.o
#        E:\1-source\A508\PRJ\Debug\Obj\stm8s_uart3.o
#        E:\1-source\A508\PRJ\Debug\Obj\stm8s_wwdg.o
#        E:\1-source\A508\PRJ\Debug\Obj\sysclock.o
#        E:\1-source\A508\PRJ\Debug\Obj\System.o
#        E:\1-source\A508\PRJ\Debug\Obj\Task.o
#        E:\1-source\A508\PRJ\Debug\Obj\Tone.o
#        E:\1-source\A508\PRJ\Debug\Obj\Voice.o --redirect _Printf=_PrintfSmall
#        --redirect _Scanf=_ScanfSmall -o
#        E:\1-source\A508\PRJ\Debug\Exe\A508_DEMO1.out --map
#        E:\1-source\A508\PRJ\Debug\List\A508_DEMO1.map --config "C:\Program
#        Files\IAR Systems\Embedded Workbench
#        7.3\stm8\config\lnkstm8s007c8.icf" --config_def _CSTACK_SIZE=0x100
#        --config_def _HEAP_SIZE=0x100 --entry __iar_program_start --debug_lib
#
###############################################################################

*******************************************************************************
*** RUNTIME MODEL ATTRIBUTES
***

__SystemLibrary            = DLib
__code_model               = small
__core                     = stm8
__data_model               = medium
__dlib_file_descriptor     = 0
__dlib_full_locale_support = 0
__rt_version               = 4


*******************************************************************************
*** PLACEMENT SUMMARY
***

"A1":  place at start of [0x000000-0x0000ff] { rw section .vregs };
"A2":  place at end of [0x000000-0x0017ff] { block CSTACK };
"P2":  place in [from 0x000000 to 0x0017ff] {
          block HEAP, rw section __DLIB_PERTHREAD, rw section .far.bss,
          rw section .far.data, rw section .far.noinit,
          rw section .far_func.textrw, rw section .huge.bss,
          rw section .huge.data, rw section .huge.noinit,
          rw section .huge_func.textrw, rw section .iar.dynexit,
          rw section .near.bss, rw section .near.data, rw section .near.noinit,
          rw section .near_func.textrw };
"A3":  place at start of [0x008000-0x00ffff] { block INTVEC };
"P3":  place in [from 0x008000 to 0x00ffff] {
          ro section __DLIB_PERTHREAD_init, ro section .far.data_init,
          ro section .far_func.textrw_init, ro section .huge.data_init,
          ro section .huge_func.textrw_init, ro section .iar.init_table,
          ro section .init_array, ro section .near.data_init,
          ro section .near.rodata, ro section .near_func.text,
          ro section .near_func.textrw_init, ro section .tiny.data_init,
          ro section .tiny.rodata_init };

  Section            Kind      Address    Size  Object
  -------            ----      -------    ----  ------
"A1":                                     0x10
  .vregs             uninit   0x000000    0x10  vregs.o [4]
                            - 0x000010    0x10

"P2", part 1 of 2:                        0x45
  P2-1                        0x000010    0x45  <Init block>
    .near.data       inited   0x000010     0x2  ApiAtCmd.o [1]
    .near.data       inited   0x000012     0x2  ApiAtCmd.o [1]
    .near.data       inited   0x000014     0x2  ApiAtCmd.o [1]
    .near.data       inited   0x000016     0x2  ApiAtCmd.o [1]
    .near.data       inited   0x000018     0x2  ApiAtCmd.o [1]
    .near.data       inited   0x00001a     0x1  ApiKeyboard.o [1]
    .near.data       inited   0x00001b     0x2  ApiPocCmd.o [1]
    .near.data       inited   0x00001d     0x2  DrvGD83.o [1]
    .near.data       inited   0x00001f     0x2  DrvGD83.o [1]
    .near.data       inited   0x000021     0x2  DrvGD83.o [1]
    .near.data       inited   0x000023     0x8  DrvGT20L16S1Y.o [1]
    .near.data       inited   0x00002b    0x20  DrvGT20L16S1Y.o [1]
    .near.data       inited   0x00004b     0x2  Task.o [1]
    .near.data       inited   0x00004d     0x2  Task.o [1]
    .near.data       inited   0x00004f     0x2  Task.o [1]
    .near.data       inited   0x000051     0x2  Task.o [1]
    .near.data       inited   0x000053     0x2  Task.o [1]
                            - 0x000055    0x45

"P2", part 2 of 2:                      0x119c
  .near.bss          zero     0x000055   0xbd1  ApiPocCmd.o [1]
  .near.bss          zero     0x000c26   0x28a  DrvGD83.o [1]
  .near.bss          zero     0x000eb0   0x200  ApiDisplay.o [1]
  .near.bss          zero     0x0010b0    0x77  ApiAtCmd.o [1]
  .near.bss          zero     0x001127    0x40  ApiDisplay.o [1]
  .near.bss          zero     0x001167    0x32  DrvGD83.o [1]
  .near.bss          zero     0x001199    0x14  System.o [1]
  .near.bss          zero     0x0011ad    0x12  Beep.o [1]
  .near.bss          zero     0x0011bf    0x12  Tone.o [1]
  .near.bss          zero     0x0011d1     0xb  Delay.o [1]
  .near.bss          zero     0x0011dc     0x6  Voice.o [1]
  .near.bss          zero     0x0011e2     0x4  ApiDisplay.o [1]
  .near.bss          zero     0x0011e6     0x2  DrvHTG12832.o [1]
  .near.bss          zero     0x0011e8     0x1  ApiAtCmd.o [1]
  .near.bss          zero     0x0011e9     0x1  ApiAtCmd.o [1]
  .near.bss          zero     0x0011ea     0x1  ApiAtCmd.o [1]
  .near.bss          zero     0x0011eb     0x1  ApiAtCmd.o [1]
  .near.bss          zero     0x0011ec     0x1  ApiKeyboard.o [1]
  .near.bss          zero     0x0011ed     0x1  ApiKeyboard.o [1]
  .near.bss          zero     0x0011ee     0x1  ApiKeyboard.o [1]
  .near.bss          zero     0x0011ef     0x1  DrvGD83.o [1]
  .near.bss          zero     0x0011f0     0x1  Task.o [1]
                            - 0x0011f1  0x119c

"A2":                                    0x100
  CSTACK                      0x001700   0x100  <Block>
    CSTACK           uninit   0x001700   0x100  <Block tail>
                            - 0x001800   0x100

"A3":                                     0x80
  INTVEC                      0x008000    0x80  <Block>
    .intvec          const    0x008000    0x80  interrupt.o [4]
                            - 0x008080    0x80

"P3":                                   0x37ba
  .near_func.text    ro code  0x008080   0x635  DrvGD83.o [1]
  .near_func.text    ro code  0x0086b5   0x2ed  Beep.o [1]
  .near_func.text    ro code  0x0089a2   0x295  ApiKeyboard.o [1]
  .near_func.text    ro code  0x008c37   0x219  DrvHTG12832.o [1]
  .near_func.text    ro code  0x008e50   0x1ef  ApiPocCmd.o [1]
  .near_func.text    ro code  0x00903f   0x1e7  DrvKeyboard.o [1]
  .near_func.text    ro code  0x009226   0x19a  DrvGT20L16S1Y.o [1]
  .near_func.text    ro code  0x0093c0   0x17a  long.o [4]
  .near_func.text    ro code  0x00953a   0x139  DrvKeyboard.o [1]
  .near_func.text    ro code  0x009673   0x136  DrvKeyboard.o [1]
  .near_func.text    ro code  0x0097a9   0x134  stm8s_uart1.o [1]
  .near_func.text    ro code  0x0098dd   0x11e  vreg_util.o [4]
  .near_func.text    ro code  0x0099fb   0x101  stm8s_itc.o [1]
  .near_func.text    ro code  0x009afc    0xe5  ApiKeyboard.o [1]
  .near_func.text    ro code  0x009be1    0xe1  DrvGD83.o [1]
  .near_func.text    ro code  0x009cc2    0xdf  ApiDisplay.o [1]
  .near_func.text    ro code  0x009da1    0xde  ApiPocCmd.o [1]
  .near_func.text    ro code  0x009e7f    0xdb  CommonLib.o [1]
  .near_func.text    ro code  0x009f5a    0xb2  ApiDisplay.o [1]
  .near_func.text    ro code  0x00a00c    0xaf  stm8s_gpio.o [1]
  .near_func.text    ro code  0x00a0bb    0xad  System.o [1]
  .near_func.text    ro code  0x00a168    0xa2  Delay.o [1]
  .near_func.text    ro code  0x00a20a    0xa2  stm8s_clk.o [1]
  .near_func.text    ro code  0x00a2ac    0x99  stm8s_tim1.o [1]
  .near_func.text    ro code  0x00a345    0x99  Voice.o [1]
  .near_func.text    ro code  0x00a3de    0x97  Task.o [1]
  .near_func.text    ro code  0x00a475    0x90  stm8s_uart1.o [1]
  .near_func.text    ro code  0x00a505    0x8a  DrvKeyboard.o [1]
  .near_func.text    ro code  0x00a58f    0x7f  ApiAtCmd.o [1]
  .near_func.text    ro code  0x00a60e    0x7a  DrvGD83.o [1]
  .near_func.text    ro code  0x00a688    0x73  Delay.o [1]
  .near_func.text    ro code  0x00a6fb    0x6c  DrvKeyboard.o [1]
  .near_func.text    ro code  0x00a767    0x6c  stm8s_uart1.o [1]
  .near_func.text    ro code  0x00a7d3    0x68  ApiAtCmd.o [1]
  .near_func.text    ro code  0x00a83b    0x68  Task.o [1]
  .near_func.text    ro code  0x00a8a3    0x67  Tone.o [1]
  .near_func.text    ro code  0x00a90a    0x61  stm8s_tim1.o [1]
  .near_func.text    ro code  0x00a96b    0x5f  DrvGT20L16S1Y.o [1]
  .near_func.text    ro code  0x00a9ca    0x5a  DrvGT20L16S1Y.o [1]
  .near_func.text    ro code  0x00aa24    0x57  stm8s_clk.o [1]
  .near_func.text    ro code  0x00aa7b    0x54  Delay.o [1]
  .near.rodata       const    0x00aacf    0x53  Task.o [1]
  .near_func.text    ro code  0x00ab22    0x4e  Tone.o [1]
  .near_func.text    ro code  0x00ab70    0x4d  ApiAtCmd.o [1]
  .near_func.text    ro code  0x00abbd    0x4c  DrvGD83.o [1]
  .near_func.text    ro code  0x00ac09    0x4c  DrvGT20L16S1Y.o [1]
  .near_func.text    ro code  0x00ac55    0x4a  ApiDisplay.o [1]
  .near_func.text    ro code  0x00ac9f    0x49  DrvGD83.o [1]
  .near_func.text    ro code  0x00ace8    0x49  DrvGD83.o [1]
  .near_func.text    ro code  0x00ad31    0x49  DrvGD83.o [1]
  .near_func.text    ro code  0x00ad7a    0x47  long_util.o [4]
  Initializer bytes  const    0x00adc1    0x45  <for P2-1>
  .near_func.text    ro code  0x00ae06    0x43  stm8s_tim1.o [1]
  .near_func.text    ro code  0x00ae49    0x3d  ApiAtCmd.o [1]
  .near_func.text    ro code  0x00ae86    0x39  short.o [4]
  .near_func.text    ro code  0x00aebf    0x36  DrvGT20L16S1Y.o [1]
  .near_func.text    ro code  0x00aef5    0x36  stm8s_flash.o [1]
  .near_func.text    ro code  0x00af2b    0x36  memcmp.o [4]
  .near_func.text    ro code  0x00af61    0x33  ApiDisplay.o [1]
  .near_func.text    ro code  0x00af94    0x33  DrvGT20L16S1Y.o [1]
  .near_func.text    ro code  0x00afc7    0x32  Beep.o [1]
  .near_func.text    ro code  0x00aff9    0x32  stm8s_uart1.o [1]
  .near_func.text    ro code  0x00b02b    0x30  McuConfig.o [1]
  .near_func.text    ro code  0x00b05b    0x30  sysclock.o [1]
  .near_func.text    ro code  0x00b08b    0x2d  Delay.o [1]
  .near_func.text    ro code  0x00b0b8    0x2d  stm8s_uart1.o [1]
  .near_func.text    ro code  0x00b0e5    0x2c  DrvGD83.o [1]
  .near.rodata       const    0x00b111    0x2a  Task.o [1]
  .near_func.text    ro code  0x00b13b    0x2a  McuConfig.o [1]
  .near.rodata       const    0x00b165    0x29  Task.o [1]
  .near_func.text    ro code  0x00b18e    0x28  Delay.o [1]
  .near_func.text    ro code  0x00b1b6    0x28  init_small.o [4]
  .near_func.text    ro code  0x00b1de    0x27  stm8s_flash.o [1]
  .near_func.text    ro code  0x00b205    0x27  sysclock.o [1]
  .near_func.text    ro code  0x00b22c    0x25  dc_util.o [4]
  .near_func.text    ro code  0x00b251    0x24  McuConfig.o [1]
  .near_func.text    ro code  0x00b275    0x24  stm8s_flash.o [1]
  .near_func.text    ro code  0x00b299    0x24  stm8s_tim1.o [1]
  .near_func.text    ro code  0x00b2bd    0x23  Tone.o [1]
  .iar.init_table    const    0x00b2e0    0x12  - Linker created -
  .near_func.text    ro code  0x00b2f2    0x20  stm8s_it.o [1]
  .near_func.text    ro code  0x00b312    0x1f  Delay.o [1]
  .near_func.text    ro code  0x00b331    0x1f  move.o [4]
  .near_func.text    ro code  0x00b350    0x1e  init_small.o [4]
  .near_func.text    ro code  0x00b36e    0x1c  Delay.o [1]
  .near_func.text    ro code  0x00b38a    0x1b  stm8s_it.o [1]
  .near_func.text    ro code  0x00b3a5    0x1b  sysclock.o [1]
  .near_func.text    ro code  0x00b3c0    0x1a  Beep.o [1]
  .near_func.text    ro code  0x00b3da    0x18  McuConfig.o [1]
  .near_func.text    ro code  0x00b3f2    0x18  McuConfig.o [1]
  .near_func.text    ro code  0x00b40a    0x18  McuConfig.o [1]
  .near_func.text    ro code  0x00b422    0x17  McuConfig.o [1]
  .near_func.text    ro code  0x00b439    0x17  McuConfig.o [1]
  .near_func.text    ro code  0x00b450    0x17  McuConfig.o [1]
  .near_func.text    ro code  0x00b467    0x17  McuConfig.o [1]
  .near_func.text    ro code  0x00b47e    0x17  McuConfig.o [1]
  .near_func.text    ro code  0x00b495    0x17  init.o [4]
  .near_func.text    ro code  0x00b4ac    0x16  stm8s_flash.o [1]
  .near_func.text    ro code  0x00b4c2    0x15  ApiDisplay.o [1]
  .near_func.text    ro code  0x00b4d7    0x14  DrvGT20L16S1Y.o [1]
  .near_func.text    ro code  0x00b4eb    0x14  __dbg_xxexit.o [3]
  .near_func.text    ro code  0x00b4ff    0x13  stm8s_clk.o [1]
  .near_func.text    ro code  0x00b512    0x13  stm8s_tim3.o [1]
  .near_func.text    ro code  0x00b525    0x13  cstartup.o [4]
  .near_func.text    ro code  0x00b538    0x12  ApiPocCmd.o [1]
  .near_func.text    ro code  0x00b54a    0x12  strlen.o [4]
  .near_func.text    ro code  0x00b55c    0x11  ApiPocCmd.o [1]
  .near.rodata       const    0x00b56d    0x10  ApiDisplay.o [1]
  .near.rodata       const    0x00b57d    0x10  ApiDisplay.o [1]
  .near.rodata       const    0x00b58d    0x10  ApiKeyboard.o [1]
  .near.rodata       const    0x00b59d    0x10  ApiKeyboard.o [1]
  .near.rodata       const    0x00b5ad    0x10  ApiKeyboard.o [1]
  .near.rodata       const    0x00b5bd    0x10  ApiKeyboard.o [1]
  .near.rodata       const    0x00b5cd    0x10  ApiKeyboard.o [1]
  .near.rodata       const    0x00b5dd    0x10  ApiKeyboard.o [1]
  .near.rodata       const    0x00b5ed    0x10  ApiKeyboard.o [1]
  .near.rodata       const    0x00b5fd    0x10  ApiKeyboard.o [1]
  .near.rodata       const    0x00b60d    0x10  ApiKeyboard.o [1]
  .near.rodata       const    0x00b61d    0x10  ApiKeyboard.o [1]
  .near.rodata       const    0x00b62d    0x10  ApiKeyboard.o [1]
  .near.rodata       const    0x00b63d    0x10  ApiKeyboard.o [1]
  .near.rodata       const    0x00b64d    0x10  ApiKeyboard.o [1]
  .near.rodata       const    0x00b65d    0x10  ApiKeyboard.o [1]
  .near.rodata       const    0x00b66d    0x10  ApiKeyboard.o [1]
  .near.rodata       const    0x00b67d    0x10  ApiKeyboard.o [1]
  .near.rodata       const    0x00b68d    0x10  ApiKeyboard.o [1]
  .near.rodata       const    0x00b69d     0xf  Task.o [1]
  .near_func.text    ro code  0x00b6ac     0xf  Voice.o [1]
  .near.rodata       const    0x00b6bb     0xe  ApiPocCmd.o [1]
  .near.rodata       const    0x00b6c9     0xe  System.o [1]
  .near_func.text    ro code  0x00b6d7     0xd  stm8s_tim1.o [1]
  .near_func.text    ro code  0x00b6e4     0xd  stm8s_tim1.o [1]
  .near_func.text    ro code  0x00b6f1     0xd  stm8s_tim1.o [1]
  .near_func.text    ro code  0x00b6fe     0xd  stm8s_tim3.o [1]
  .near_func.text    ro code  0x00b70b     0xd  stm8s_tim3.o [1]
  .near_func.text    ro code  0x00b718     0xd  stm8s_uart1.o [1]
  .near_func.text    ro code  0x00b725     0xc  McuConfig.o [1]
  .near_func.text    ro code  0x00b731     0xc  McuConfig.o [1]
  .near_func.text    ro code  0x00b73d     0xc  McuConfig.o [1]
  .near_func.text    ro code  0x00b749     0xc  McuConfig.o [1]
  .near_func.text    ro code  0x00b755     0xc  stm8s_tim3.o [1]
  .near.rodata       const    0x00b761     0xb  Task.o [1]
  .near.rodata       const    0x00b76c     0xa  ApiAtCmd.o [1]
  .near_func.text    ro code  0x00b776     0xa  ApiPocCmd.o [1]
  .near.rodata       const    0x00b780     0x9  ApiAtCmd.o [1]
  .near.rodata       const    0x00b789     0x9  ApiAtCmd.o [1]
  .near.rodata       const    0x00b792     0x9  DrvGD83.o [1]
  .near_func.text    ro code  0x00b79b     0x9  stm8s_gpio.o [1]
  .near_func.text    ro code  0x00b7a4     0x9  stm8s_tim3.o [1]
  .near.rodata       const    0x00b7ad     0x8  ApiAtCmd.o [1]
  .near.rodata       const    0x00b7b5     0x8  ApiDisplay.o [1]
  .near.rodata       const    0x00b7bd     0x8  ApiPocCmd.o [1]
  .near.rodata       const    0x00b7c5     0x7  ApiAtCmd.o [1]
  .near_func.text    ro code  0x00b7cc     0x7  stm8s_flash.o [1]
  .near_func.text    ro code  0x00b7d3     0x7  stm8s_gpio.o [1]
  .near.rodata       const    0x00b7da     0x6  DrvGD83.o [1]
  .near_func.text    ro code  0x00b7e0     0x6  char.o [4]
  .near_func.text    ro code  0x00b7e6     0x5  stm8s_tim3.o [1]
  .near_func.text    ro code  0x00b7eb     0x5  cexit.o [4]
  .near.rodata       const    0x00b7f0     0x4  stm8s_clk.o [1]
  .near_func.text    ro code  0x00b7f4     0x4  ApiPocCmd.o [1]
  .near_func.text    ro code  0x00b7f8     0x4  ApiPocCmd.o [1]
  .near_func.text    ro code  0x00b7fc     0x4  ApiPocCmd.o [1]
  .near_func.text    ro code  0x00b800     0x4  ApiPocCmd.o [1]
  .near_func.text    ro code  0x00b804     0x4  stm8s_gpio.o [1]
  .near_func.text    ro code  0x00b808     0x4  stm8s_uart1.o [1]
  .near_func.text    ro code  0x00b80c     0x4  stm8s_uart1.o [1]
  .near.rodata       const    0x00b810     0x3  DrvGD83.o [1]
  .near_func.text    ro code  0x00b813     0x3  main.o [1]
  .near_func.text    ro code  0x00b816     0x3  interrupt.o [4]
  .near_func.text    ro code  0x00b819     0x3  low_level_init.o [4]
  .near_func.text    ro code  0x00b81c     0x3  exit.o [4]
  .near_func.text    ro code  0x00b81f     0x3  unhandled_exception.o [4]
  .near_func.text    ro code  0x00b822     0x1  stm8s_it.o [1]
  .near_func.text    ro code  0x00b823     0x1  stm8s_it.o [1]
  .near_func.text    ro code  0x00b824     0x1  stm8s_it.o [1]
  .near_func.text    ro code  0x00b825     0x1  stm8s_it.o [1]
  .near_func.text    ro code  0x00b826     0x1  stm8s_it.o [1]
  .near_func.text    ro code  0x00b827     0x1  stm8s_it.o [1]
  .near_func.text    ro code  0x00b828     0x1  stm8s_it.o [1]
  .near_func.text    ro code  0x00b829     0x1  stm8s_it.o [1]
  .near_func.text    ro code  0x00b82a     0x1  stm8s_it.o [1]
  .near_func.text    ro code  0x00b82b     0x1  stm8s_it.o [1]
  .near_func.text    ro code  0x00b82c     0x1  stm8s_it.o [1]
  .near_func.text    ro code  0x00b82d     0x1  stm8s_it.o [1]
  .near_func.text    ro code  0x00b82e     0x1  stm8s_it.o [1]
  .near_func.text    ro code  0x00b82f     0x1  stm8s_it.o [1]
  .near_func.text    ro code  0x00b830     0x1  stm8s_it.o [1]
  .near_func.text    ro code  0x00b831     0x1  stm8s_it.o [1]
  .near_func.text    ro code  0x00b832     0x1  stm8s_it.o [1]
  .near_func.text    ro code  0x00b833     0x1  stm8s_it.o [1]
  .near_func.text    ro code  0x00b834     0x1  stm8s_it.o [1]
  .near_func.text    ro code  0x00b835     0x1  stm8s_it.o [1]
  .near_func.text    ro code  0x00b836     0x1  stm8s_it.o [1]
  .near_func.text    ro code  0x00b837     0x1  stm8s_it.o [1]
  .near_func.text    ro code  0x00b838     0x1  Task.o [1]
  .near_func.text    ro code  0x00b839     0x1  __dbg_break.o [3]
                            - 0x00b83a  0x37ba


*******************************************************************************
*** INIT TABLE
***

          Address   Size
          -------   ----
Zero (__iar_zero_init2)
    1 destination range, total size 0x119c:
          0x000055  0x119c

Copy (__iar_copy_init2)
    1 source range, total size 0x45:
          0x00adc1    0x45
    1 destination range, total size 0x45:
          0x000010    0x45



*******************************************************************************
*** MODULE SUMMARY
***

    Module                 ro code  ro data  rw data
    ------                 -------  -------  -------
E:\1-source\A508\PRJ\Debug\Obj: [1]
    ApiAtCmd.o                 369       53      133
    ApiDisplay.o               547       40      580
    ApiKeyboard.o              890      273        4
    ApiPocCmd.o                778       24    3 027
    Beep.o                     825                18
    CommonLib.o                219
    Delay.o                    505                11
    DrvGD83.o                2 275       24      707
    DrvGT20L16S1Y.o            796       40       40
    DrvHTG12832.o              537                 2
    DrvKeyboard.o            1 356
    McuConfig.o                361
    System.o                   173       14       20
    Task.o                     256      202       11
    Tone.o                     216                18
    Voice.o                    168                 6
    main.o                       3
    stm8s_clk.o                268        4
    stm8s_flash.o              158
    stm8s_gpio.o               195
    stm8s_it.o                  81
    stm8s_itc.o                257
    stm8s_tim1.o               392
    stm8s_tim3.o                71
    stm8s_uart1.o              676
    sysclock.o                 114
    ------------------------------------------------
    Total:                  12 486      674    4 577

command line: [2]
    ------------------------------------------------
    Total:

dbgstm8smd.a: [3]
    __dbg_break.o                1
    __dbg_xxexit.o              20
    ------------------------------------------------
    Total:                      21

dlstm8smn.a: [4]
    cexit.o                      5
    char.o                       6
    cstartup.o                  19
    dc_util.o                   37
    exit.o                       3
    init.o                      23
    init_small.o                70
    interrupt.o                  3      128
    long.o                     378
    long_util.o                 71
    low_level_init.o             3
    memcmp.o                    54
    move.o                      31
    short.o                     57
    strlen.o                    18
    unhandled_exception.o        3
    vreg_util.o                286
    vregs.o                                       16
    ------------------------------------------------
    Total:                   1 067      128       16

    Linker created                       18      256
----------------------------------------------------
    Grand Total:            13 574      820    4 849


*******************************************************************************
*** ENTRY LIST
***

Entry                    Address   Size  Type      Object
-----                    -------   ----  ----      ------
.iar.init_table$$Base   0x00b2e0          --   Gb  - Linker created -
.iar.init_table$$Limit  0x00b2f2          --   Gb  - Linker created -
?add32_l0_l0_0x         0x0093c3         Code  Gb  long.o [4]
?add32_l0_l0_l1         0x0093c0         Code  Gb  long.o [4]
?b0                     0x000000         Data  Gb  vregs.o [4]
?b1                     0x000001         Data  Gb  vregs.o [4]
?b10                    0x00000a         Data  Gb  vregs.o [4]
?b11                    0x00000b         Data  Gb  vregs.o [4]
?b12                    0x00000c         Data  Gb  vregs.o [4]
?b13                    0x00000d         Data  Gb  vregs.o [4]
?b14                    0x00000e         Data  Gb  vregs.o [4]
?b15                    0x00000f         Data  Gb  vregs.o [4]
?b2                     0x000002         Data  Gb  vregs.o [4]
?b3                     0x000003         Data  Gb  vregs.o [4]
?b4                     0x000004         Data  Gb  vregs.o [4]
?b5                     0x000005         Data  Gb  vregs.o [4]
?b6                     0x000006         Data  Gb  vregs.o [4]
?b7                     0x000007         Data  Gb  vregs.o [4]
?b8                     0x000008         Data  Gb  vregs.o [4]
?b9                     0x000009         Data  Gb  vregs.o [4]
?dc32_l0                0x00b22c         Code  Gb  dc_util.o [4]
?dc32_l1                0x00b239         Code  Gb  dc_util.o [4]
?dc32_px                0x00b246         Code  Gb  dc_util.o [4]
?e0                     0x000001         Data  Gb  vregs.o [4]
?e1                     0x000005         Data  Gb  vregs.o [4]
?e2                     0x000009         Data  Gb  vregs.o [4]
?e3                     0x00000d         Data  Gb  vregs.o [4]
?epilogue_l2            0x009984         Code  Gb  vreg_util.o [4]
?epilogue_l2_l3         0x009981         Code  Gb  vreg_util.o [4]
?epilogue_l2_w6         0x009988         Code  Gb  vreg_util.o [4]
?epilogue_w4            0x00998f         Code  Gb  vreg_util.o [4]
?l0                     0x000000         Data  Gb  vregs.o [4]
?l1                     0x000004         Data  Gb  vregs.o [4]
?l2                     0x000008         Data  Gb  vregs.o [4]
?l3                     0x00000c         Data  Gb  vregs.o [4]
?load32_0x_l0           0x00adb3         Code  Gb  long_util.o [4]
?load32_asp_l0          0x00ada7         Code  Gb  long_util.o [4]
?load32_dbsp_l0         0x00ada2         Code  Gb  long_util.o [4]
?load32_l0_0x           0x00ad8a         Code  Gb  long_util.o [4]
?load32_l0_asp          0x00ad7f         Code  Gb  long_util.o [4]
?load32_l0_dbsp         0x00ad7a         Code  Gb  long_util.o [4]
?load32_l0_xsp          0x00ad81         Code  Gb  long_util.o [4]
?load32_l1_0x           0x00ad96         Code  Gb  long_util.o [4]
?load32_xsp_l0          0x00ada9         Code  Gb  long_util.o [4]
?longfarg16_v_w0_a      0x00b33e         Code  Gb  move.o [4]
?longfarg16_v_w0_x      0x00b340         Code  Gb  move.o [4]
?mov_e0_e1              0x009996         Code  Gb  vreg_util.o [4]
?mov_e0_e2              0x0099a3         Code  Gb  vreg_util.o [4]
?mov_e0_e3              0x0099b0         Code  Gb  vreg_util.o [4]
?mov_e1_e0              0x0099bd         Code  Gb  vreg_util.o [4]
?mov_e1_e2              0x0099ca         Code  Gb  vreg_util.o [4]
?mov_e1_e3              0x0099d7         Code  Gb  vreg_util.o [4]
?mov_e2_e0              0x0099e4         Code  Gb  vreg_util.o [4]
?mov_e3_e0              0x0099f1         Code  Gb  vreg_util.o [4]
?mov_l0_l1              0x009993         Code  Gb  vreg_util.o [4]
?mov_l0_l2              0x0099a0         Code  Gb  vreg_util.o [4]
?mov_l0_l3              0x0099ad         Code  Gb  vreg_util.o [4]
?mov_l1_l0              0x0099ba         Code  Gb  vreg_util.o [4]
?mov_l1_l2              0x0099c7         Code  Gb  vreg_util.o [4]
?mov_l1_l3              0x0099d4         Code  Gb  vreg_util.o [4]
?mov_l2_l0              0x0099e1         Code  Gb  vreg_util.o [4]
?mov_l3_l0              0x0099ee         Code  Gb  vreg_util.o [4]
?mov_w1_w3              0x009999         Code  Gb  vreg_util.o [4]
?mov_w1_w5              0x0099a6         Code  Gb  vreg_util.o [4]
?mov_w1_w7              0x0099b3         Code  Gb  vreg_util.o [4]
?mov_w3_w1              0x0099c0         Code  Gb  vreg_util.o [4]
?mov_w3_w5              0x0099cd         Code  Gb  vreg_util.o [4]
?mov_w3_w7              0x0099da         Code  Gb  vreg_util.o [4]
?mov_w5_w1              0x0099e7         Code  Gb  vreg_util.o [4]
?mov_w7_w1              0x0099f4         Code  Gb  vreg_util.o [4]
?move1616_v_x_y_a       0x00b331         Code  Gb  move.o [4]
?mul16_x_x_w0           0x00ae86         Code  Gb  short.o [4]
?mul32_l0_l0_0x         0x0093f9         Code  Gb  long.o [4]
?mul32_l0_l0_dl         0x0093f6         Code  Gb  long.o [4]
?mul32_l0_l0_l1         0x009402         Code  Gb  long.o [4]
?or32_l0_l0_0x          0x0094f5         Code  Gb  long.o [4]
?pop_l0                 0x00994d         Code  Gb  vreg_util.o [4]
?pop_l1                 0x009958         Code  Gb  vreg_util.o [4]
?pop_l2                 0x009963         Code  Gb  vreg_util.o [4]
?pop_l3                 0x00996e         Code  Gb  vreg_util.o [4]
?pop_w4                 0x0098ff         Code  Gb  vreg_util.o [4]
?pop_w6                 0x009906         Code  Gb  vreg_util.o [4]
?pop_w7                 0x00990d         Code  Gb  vreg_util.o [4]
?push_l0                0x00991c         Code  Gb  vreg_util.o [4]
?push_l1                0x009921         Code  Gb  vreg_util.o [4]
?push_l2                0x009926         Code  Gb  vreg_util.o [4]
?push_l3                0x00992b         Code  Gb  vreg_util.o [4]
?push_w4                0x0098dd         Code  Gb  vreg_util.o [4]
?push_w6                0x0098e2         Code  Gb  vreg_util.o [4]
?push_w7                0x0098e7         Code  Gb  vreg_util.o [4]
?sext16_x_a             0x00aeb8         Code  Gb  short.o [4]
?sext32_l0_x            0x00952f         Code  Gb  long.o [4]
?sll16_x_x_4            0x00aeae         Code  Gb  short.o [4]
?sll16_x_x_5            0x00aead         Code  Gb  short.o [4]
?sll16_x_x_6            0x00aeac         Code  Gb  short.o [4]
?sll16_x_x_a            0x00aea4         Code  Gb  short.o [4]
?sll32_0x_0x_a          0x009510         Code  Gb  long.o [4]
?sll32_l0_l0_a          0x00950d         Code  Gb  long.o [4]
?srl16_x_x_4            0x00aeb3         Code  Gb  short.o [4]
?srl32_0x_0x_a          0x009521         Code  Gb  long.o [4]
?srl32_l0_l0_a          0x00951e         Code  Gb  long.o [4]
?srl8_a_a_5             0x00b7e1         Code  Gb  char.o [4]
?srl8_a_a_6             0x00b7e0         Code  Gb  char.o [4]
?sub32_l0_l0_0x         0x0093de         Code  Gb  long.o [4]
?sub32_l0_l0_l1         0x0093db         Code  Gb  long.o [4]
?udiv32_l0_dl_l1        0x009480         Code  Gb  long.o [4]
?udiv32_l0_l0_dl        0x009485         Code  Gb  long.o [4]
?udiv32_l0_l0_l1        0x009488         Code  Gb  long.o [4]
?umod32_l1_l0_l1        0x009488         Code  Gb  long.o [4]
?w0                     0x000000         Data  Gb  vregs.o [4]
?w1                     0x000002         Data  Gb  vregs.o [4]
?w2                     0x000004         Data  Gb  vregs.o [4]
?w3                     0x000006         Data  Gb  vregs.o [4]
?w4                     0x000008         Data  Gb  vregs.o [4]
?w5                     0x00000a         Data  Gb  vregs.o [4]
?w6                     0x00000c         Data  Gb  vregs.o [4]
?w7                     0x00000e         Data  Gb  vregs.o [4]
ADC2_IRQHandler         0x00b835    0x1  Code  Gb  stm8s_it.o [1]
AF_Mute_Init            0x00b731    0xc  Code  Gb  McuConfig.o [1]
AUDIO_IOAFMUT           0x00b467   0x17  Code  Gb  McuConfig.o [1]
AUDIO_IOAFPOW           0x00b47e   0x17  Code  Gb  McuConfig.o [1]
AWU_IRQHandler          0x00b824    0x1  Code  Gb  stm8s_it.o [1]
ApiAtCmd_10msRenew      0x00a58f   0x7f  Code  Gb  ApiAtCmd.o [1]
ApiAtCmd_GetGroupName   0x00b55c   0x11  Code  Gb  ApiPocCmd.o [1]
ApiAtCmd_GetGroupNameLen
                        0x00b538   0x12  Code  Gb  ApiPocCmd.o [1]
ApiAtCmd_GetGroupNum    0x00b7fc    0x4  Code  Gb  ApiPocCmd.o [1]
ApiAtCmd_GetLoginState  0x00b776    0xa  Code  Gb  ApiPocCmd.o [1]
ApiAtCmd_GetMainGroupId
                        0x00b800    0x4  Code  Gb  ApiPocCmd.o [1]
ApiAtCmd_GetMainWorkName
                        0x00b7f4    0x4  Code  Gb  ApiPocCmd.o [1]
ApiAtCmd_GetMainWorkNameLen
                        0x00b7f8    0x4  Code  Gb  ApiPocCmd.o [1]
ApiAtCmd_PlayVoice      0x00a7d3   0x68  Code  Gb  ApiAtCmd.o [1]
ApiAtCmd_WritCommand    0x00ab70   0x4d  Code  Gb  ApiAtCmd.o [1]
ApiCaretCmd_10msRenew   0x00ae49   0x3d  Code  Gb  ApiAtCmd.o [1]
ApiPocCmd_10msRenew     0x008e50  0x1ef  Code  Gb  ApiPocCmd.o [1]
ApiPocCmd_WritCommand   0x009da1   0xde  Code  Gb  ApiPocCmd.o [1]
AtCmdDrvobj             0x0010b0   0x77  Data  Lc  ApiAtCmd.o [1]
AtNotify_Queue          0x0080cc   0x4c  Code  Lc  DrvGD83.o [1]
AtNotify_Queue_Start    0x008118   0x55  Code  Lc  DrvGD83.o [1]
BEEP_Interrupt10ms      0x00b3c0   0x1a  Code  Gb  Beep.o [1]
BEEP_PowerOnInitial     0x0088e6   0xbc  Code  Gb  Beep.o [1]
BEEP_SetOutput          0x0086b5  0x231  Code  Gb  Beep.o [1]
BEEP_Time               0x00afc7   0x32  Code  Gb  Beep.o [1]
BaseAdd                 0x00002b   0x20  Data  Gb  DrvGT20L16S1Y.o [1]
BeepDrvObj              0x0011ad   0x12  Data  Lc  Beep.o [1]
BitTab                  0x00b7b5    0x8  Data  Gb  ApiDisplay.o [1]
BootProcess_PPPCFG_Flag
                        0x0011e9    0x1  Data  Gb  ApiAtCmd.o [1]
BootProcess_SIMST_Flag  0x0011e8    0x1  Data  Gb  ApiAtCmd.o [1]
CHAR_HIGH               0x00b56d   0x10  Data  Gb  ApiDisplay.o [1]
CHAR_WIDTH              0x00b57d   0x10  Data  Gb  ApiDisplay.o [1]
CLK_ClockSwitchConfig   0x00a20a   0xa2  Code  Gb  stm8s_clk.o [1]
CLK_GetClockFreq        0x00aa24   0x57  Code  Gb  stm8s_clk.o [1]
CLK_HSIPrescalerConfig  0x00b4ff   0x13  Code  Gb  stm8s_clk.o [1]
CLK_IRQHandler          0x00b825    0x1  Code  Gb  stm8s_it.o [1]
COML_AscToHex           0x009e7f   0xdb  Code  Gb  CommonLib.o [1]
CSTACK$$Base            0x001700          --   Gb  - Linker created -
CSTACK$$Limit           0x001800          --   Gb  - Linker created -
C_TEST_OUT_SET          0x00b749    0xc  Code  Gb  McuConfig.o [1]
CaretNotify_Queue       0x00abbd   0x4c  Code  Lc  DrvGD83.o [1]
CaretNotify_Queue_Start
                        0x0081c2   0x55  Code  Lc  DrvGD83.o [1]
DEL_1msProcess          0x00b0a9    0x9  Code  Lc  Delay.o [1]
DEL_500msProcess        0x00b08b   0x1e  Code  Lc  Delay.o [1]
DEL_GetTimer            0x00aa7b   0x54  Code  Gb  Delay.o [1]
DEL_Interrupt           0x00a168   0xa2  Code  Gb  Delay.o [1]
DEL_PowerOnInitial      0x00b312   0x1f  Code  Gb  Delay.o [1]
DEL_Renew               0x00b0b2    0x6  Code  Gb  Delay.o [1]
DEL_SetTimer            0x00a688   0x73  Code  Gb  Delay.o [1]
DEL_Soft1ms             0x00b36e   0x1c  Code  Gb  Delay.o [1]
DEL_TimerRenew          0x00b18e   0x28  Code  Lc  Delay.o [1]
DISP_DataBuf            0x009cc2   0xdf  Code  Lc  ApiDisplay.o [1]
DISP_MulTypePro         0x009f5a   0xb2  Code  Lc  ApiDisplay.o [1]
DefaultSystemClockForHSI
                        0x00b3a5   0x1b  Code  Gb  sysclock.o [1]
DelDrvObj               0x0011d1    0xb  Data  Lc  Delay.o [1]
DisDataBit              0x001127   0x40  Data  Gb  ApiDisplay.o [1]
DisDataBuf              0x000eb0  0x200  Data  Gb  ApiDisplay.o [1]
DisDrvObj               0x0011e2    0x4  Data  Lc  ApiDisplay.o [1]
DrvGD83DrvObj           0x000c26  0x28a  Data  Lc  DrvGD83.o [1]
DrvGD83_Init            0x00b3f2   0x18  Code  Gb  McuConfig.o [1]
DrvGD83_UART_TxCommand  0x00a60e   0x7a  Code  Gb  DrvGD83.o [1]
DrvMC8332_AtNotify_Queue_front
                        0x00ace8   0x49  Code  Gb  DrvGD83.o [1]
DrvMC8332_CaretNotify_Queue_front
                        0x00ac9f   0x49  Code  Gb  DrvGD83.o [1]
DrvMC8332_PocNotify_Queue_front
                        0x00ad31   0x49  Code  Gb  DrvGD83.o [1]
DrvMC8332_TxPort_SetValidable
                        0x00b0e5   0x2c  Code  Gb  DrvGD83.o [1]
DrvMC8332_UART_Interrupt
                        0x00836c  0x349  Code  Gb  DrvGD83.o [1]
DrvMc8332_UART_TxTail   0x009be1   0xe1  Code  Gb  DrvGD83.o [1]
EEPROM_EEC_IRQHandler   0x00b837    0x1  Code  Gb  stm8s_it.o [1]
EXTI_PORTA_IRQHandler   0x00b826    0x1  Code  Gb  stm8s_it.o [1]
EXTI_PORTB_IRQHandler   0x00b827    0x1  Code  Gb  stm8s_it.o [1]
EXTI_PORTC_IRQHandler   0x00b828    0x1  Code  Gb  stm8s_it.o [1]
EXTI_PORTD_IRQHandler   0x00b829    0x1  Code  Gb  stm8s_it.o [1]
EXTI_PORTE_IRQHandler   0x00b82a    0x1  Code  Gb  stm8s_it.o [1]
FLASH_EraseOptionByte   0x00b1de   0x27  Code  Gb  stm8s_flash.o [1]
FLASH_Lock              0x00b7cc    0x7  Code  Gb  stm8s_flash.o [1]
FLASH_ProgramOptionByte
                        0x00b275   0x24  Code  Gb  stm8s_flash.o [1]
FLASH_Unlock            0x00b4ac   0x16  Code  Gb  stm8s_flash.o [1]
FLASH_WaitForLastOperation
                        0x00aef5   0x36  Code  Gb  stm8s_flash.o [1]
GD83_ON                 0x00b40a   0x18  Code  Gb  McuConfig.o [1]
GPIO_Init               0x00a00c   0xaf  Code  Gb  stm8s_gpio.o [1]
GPIO_ReadInputPin       0x00b79b    0x9  Code  Gb  stm8s_gpio.o [1]
GPIO_WriteHigh          0x00b7d3    0x7  Code  Gb  stm8s_gpio.o [1]
GPIO_WriteLow           0x00b804    0x4  Code  Gb  stm8s_gpio.o [1]
GT20_DelTime            0x00b4d7   0x14  Code  Lc  DrvGT20L16S1Y.o [1]
GT20_GetData            0x00a96b   0x5f  Code  Lc  DrvGT20L16S1Y.o [1]
GT20_GetDisData         0x00aebf   0x36  Code  Lc  DrvGT20L16S1Y.o [1]
GT20_SendByte           0x00a9ca   0x5a  Code  Lc  DrvGT20L16S1Y.o [1]
GT20_SendCommand        0x00ac09   0x4c  Code  Lc  DrvGT20L16S1Y.o [1]
GroupCallingNum         0x00001a    0x1  Data  Gb  ApiKeyboard.o [1]
HSE_ClockStartUpConfiguration
                        0x00b05b   0x30  Code  Lc  sysclock.o [1]
HSIDivFactor            0x00b7f0    0x4  Data  Gb  stm8s_clk.o [1]
HtgDrvObj               0x0011e6    0x2  Data  Lc  DrvHTG12832.o [1]
I2C_IRQHandler          0x00b832    0x1  Code  Gb  stm8s_it.o [1]
INTVEC$$Base            0x008000          --   Gb  - Linker created -
INTVEC$$Limit           0x008080          --   Gb  - Linker created -
ITC_SetSoftwarePriority
                        0x0099fb  0x101  Code  Gb  stm8s_itc.o [1]
KeyDownCount            0x0011ec    0x1  Data  Gb  ApiKeyboard.o [1]
KeyDownUpChooseGroup_Flag
                        0x0011eb    0x1  Data  Gb  ApiAtCmd.o [1]
KeyUpCount              0x0011ed    0x1  Data  Gb  ApiKeyboard.o [1]
Key_Flag_0              0x0011f0    0x1  Data  Gb  Task.o [1]
Key_Flag_1              0x0011ee    0x1  Data  Gb  ApiKeyboard.o [1]
Key_Init                0x00b02b   0x30  Code  Gb  McuConfig.o [1]
Keyboard_Test           0x0089a2  0x295  Code  Gb  ApiKeyboard.o [1]
LED_Init                0x00b3da   0x18  Code  Gb  McuConfig.o [1]
MIC_GPIO_Init           0x00b725    0xc  Code  Gb  McuConfig.o [1]
MIC_IOMUT               0x00b450   0x17  Code  Gb  McuConfig.o [1]
Noise_Mute_Init         0x00b73d    0xc  Code  Gb  McuConfig.o [1]
Notify_Queue_Stop       0x008217  0x155  Code  Lc  DrvGD83.o [1]
PocCmdDrvobj            0x000055  0xbd1  Data  Lc  ApiPocCmd.o [1]
PocNotify_Queue         0x008080   0x4c  Code  Lc  DrvGD83.o [1]
PocNotify_Queue_Start   0x00816d   0x55  Code  Lc  DrvGD83.o [1]
Region$$Table$$Base     0x00b2e0          --   Gb  - Linker created -
Region$$Table$$Limit    0x00b2f2          --   Gb  - Linker created -
SPI_IRQHandler          0x00b82b    0x1  Code  Gb  stm8s_it.o [1]
Set_GreenLed            0x00b422   0x17  Code  Gb  McuConfig.o [1]
Set_RedLed              0x00b439   0x17  Code  Gb  McuConfig.o [1]
SystemClock_Init        0x00b205   0x27  Code  Gb  sysclock.o [1]
TASK_WriteFreq          0x00b838    0x1  Code  Gb  Task.o [1]
TIM1_CAP_COM_IRQHandler
                        0x00b82d    0x1  Code  Gb  stm8s_it.o [1]
TIM1_CCxCmd             0x00ae06   0x43  Code  Gb  stm8s_tim1.o [1]
TIM1_Cmd                0x00b6d7    0xd  Code  Gb  stm8s_tim1.o [1]
TIM1_CtrlPWMOutputs     0x00b6e4    0xd  Code  Gb  stm8s_tim1.o [1]
TIM1_DeInit             0x00a2ac   0x99  Code  Gb  stm8s_tim1.o [1]
TIM1_OC1Init            0x00a90a   0x61  Code  Gb  stm8s_tim1.o [1]
TIM1_OC1PreloadConfig   0x00b6f1    0xd  Code  Gb  stm8s_tim1.o [1]
TIM1_PWM_Init           0x00ab22   0x4e  Code  Gb  Tone.o [1]
TIM1_TimeBaseInit       0x00b299   0x24  Code  Gb  stm8s_tim1.o [1]
TIM1_UPD_OVF_TRG_BRK_IRQHandler
                        0x00b82c    0x1  Code  Gb  stm8s_it.o [1]
TIM2_CAP_COM_IRQHandler
                        0x00b82f    0x1  Code  Gb  stm8s_it.o [1]
TIM2_UPD_OVF_BRK_IRQHandler
                        0x00b82e    0x1  Code  Gb  stm8s_it.o [1]
TIM3_ARRPreloadConfig   0x00b70b    0xd  Code  Gb  stm8s_tim3.o [1]
TIM3_CAP_COM_IRQHandler
                        0x00b830    0x1  Code  Gb  stm8s_it.o [1]
TIM3_ClearITPendingBit  0x00b7e6    0x5  Code  Gb  stm8s_tim3.o [1]
TIM3_Cmd                0x00b6fe    0xd  Code  Gb  stm8s_tim3.o [1]
TIM3_ITConfig           0x00b512   0x13  Code  Gb  stm8s_tim3.o [1]
TIM3_PrescalerConfig    0x00b7a4    0x9  Code  Gb  stm8s_tim3.o [1]
TIM3_TimeBaseInit       0x00b755    0xc  Code  Gb  stm8s_tim3.o [1]
TIM3_UPD_OVF_BRK_IRQHandler
                        0x00b38a   0x1b  Code  Gb  stm8s_it.o [1]
TIM4_UPD_OVF_IRQHandler
                        0x00b836    0x1  Code  Gb  stm8s_it.o [1]
TLI_IRQHandler          0x00b823    0x1  Code  Gb  stm8s_it.o [1]
TONE_PowerOnInitial     0x00a8a3   0x67  Code  Gb  Tone.o [1]
TONE_Start              0x00b2c5   0x1b  Code  Gb  Tone.o [1]
TONE_Stop               0x00b2bd    0x8  Code  Gb  Tone.o [1]
TRAP_IRQHandler         0x00b822    0x1  Code  Gb  stm8s_it.o [1]
TaskDrvObj              0x001199   0x14  Data  Lc  System.o [1]
Task_RunNormalOperation
                        0x00a83b   0x68  Code  Gb  Task.o [1]
Task_RunStart           0x00a3de   0x97  Code  Gb  Task.o [1]
Tim3_Timer_Init         0x00b251   0x24  Code  Gb  McuConfig.o [1]
TimeVal                 0x000023    0x8  Data  Gb  DrvGT20L16S1Y.o [1]
ToneDrvObj              0x0011bf   0x12  Data  Lc  Tone.o [1]
UART1_Cmd               0x00b718    0xd  Code  Gb  stm8s_uart1.o [1]
UART1_DeInit            0x00b0b8   0x2d  Code  Gb  stm8s_uart1.o [1]
UART1_GetFlagStatus     0x00aff9   0x32  Code  Gb  stm8s_uart1.o [1]
UART1_GetITStatus       0x00a475   0x90  Code  Gb  stm8s_uart1.o [1]
UART1_ITConfig          0x00a767   0x6c  Code  Gb  stm8s_uart1.o [1]
UART1_Init              0x0097a9  0x134  Code  Gb  stm8s_uart1.o [1]
UART1_RX_IRQHandler     0x00b2f2   0x20  Code  Gb  stm8s_it.o [1]
UART1_ReceiveData8      0x00b808    0x4  Code  Gb  stm8s_uart1.o [1]
UART1_SendData8         0x00b80c    0x4  Code  Gb  stm8s_uart1.o [1]
UART1_TX_IRQHandler     0x00b831    0x1  Code  Gb  stm8s_it.o [1]
UART3_RX_IRQHandler     0x00b834    0x1  Code  Gb  stm8s_it.o [1]
UART3_TX_IRQHandler     0x00b833    0x1  Code  Gb  stm8s_it.o [1]
Uart1_Init              0x00b13b   0x2a  Code  Gb  McuConfig.o [1]
VOICE_1sProcess         0x00b6ac    0xf  Code  Gb  Voice.o [1]
VOICE_Renew             0x00a345   0x70  Code  Gb  Voice.o [1]
VOICE_SetOutput         0x00a3b5   0x29  Code  Gb  Voice.o [1]
VoiceDrvObj             0x0011dc    0x6  Data  Lc  Voice.o [1]
VoiceEnd_Flag           0x0011ea    0x1  Data  Gb  ApiAtCmd.o [1]
__DebugBreak            0x00b839    0x1  Code  Gb  __dbg_break.o [3]
__exit                  0x00b4eb   0x14  Code  Gb  __dbg_xxexit.o [3]
__iar_copy_init2        0x00b1b6         Code  Gb  init_small.o [4]
__iar_data_init2        0x00b495   0x17  Code  Gb  init.o [4]
__iar_program_start     0x00b525         Code  Gb  cstartup.o [4]
__iar_unhandled_exception
                        0x00b81f         Code  Gb  unhandled_exception.o [4]
__iar_zero_init2        0x00b350         Code  Gb  init_small.o [4]
__intvec                0x008000         Data  Gb  interrupt.o [4]
__low_level_init        0x00b819    0x3  Code  Gb  low_level_init.o [4]
_exit                   0x00b7eb         Code  Gb  cexit.o [4]
_interrupt_1            0x00b822         Code  Gb  stm8s_it.o [1]
_interrupt_12           0x00b82b         Code  Gb  stm8s_it.o [1]
_interrupt_13           0x00b82c         Code  Gb  stm8s_it.o [1]
_interrupt_14           0x00b82d         Code  Gb  stm8s_it.o [1]
_interrupt_15           0x00b82e         Code  Gb  stm8s_it.o [1]
_interrupt_16           0x00b82f         Code  Gb  stm8s_it.o [1]
_interrupt_17           0x00b38a         Code  Gb  stm8s_it.o [1]
_interrupt_18           0x00b830         Code  Gb  stm8s_it.o [1]
_interrupt_19           0x00b831         Code  Gb  stm8s_it.o [1]
_interrupt_2            0x00b823         Code  Gb  stm8s_it.o [1]
_interrupt_20           0x00b2f2         Code  Gb  stm8s_it.o [1]
_interrupt_21           0x00b832         Code  Gb  stm8s_it.o [1]
_interrupt_22           0x00b833         Code  Gb  stm8s_it.o [1]
_interrupt_23           0x00b834         Code  Gb  stm8s_it.o [1]
_interrupt_24           0x00b835         Code  Gb  stm8s_it.o [1]
_interrupt_25           0x00b836         Code  Gb  stm8s_it.o [1]
_interrupt_26           0x00b837         Code  Gb  stm8s_it.o [1]
_interrupt_3            0x00b824         Code  Gb  stm8s_it.o [1]
_interrupt_4            0x00b825         Code  Gb  stm8s_it.o [1]
_interrupt_5            0x00b826         Code  Gb  stm8s_it.o [1]
_interrupt_6            0x00b827         Code  Gb  stm8s_it.o [1]
_interrupt_7            0x00b828         Code  Gb  stm8s_it.o [1]
_interrupt_8            0x00b829         Code  Gb  stm8s_it.o [1]
_interrupt_9            0x00b82a         Code  Gb  stm8s_it.o [1]
api_disp_all_screen_refresh
                        0x00ac55   0x4a  Code  Gb  ApiDisplay.o [1]
api_disp_char_output    0x00b4c2   0x15  Code  Gb  ApiDisplay.o [1]
api_lcd_pwr_on_hint     0x00af61   0x33  Code  Gb  ApiDisplay.o [1]
drv_gt20_data_output    0x009226  0x19a  Code  Gb  DrvGT20L16S1Y.o [1]
drv_gt20_pwr_on_init    0x00afc4    0x3  Code  Gb  DrvGT20L16S1Y.o [1]
drv_htg_clr_allscr      0x008d55   0x31  Code  Gb  DrvHTG12832.o [1]
drv_htg_pwr_on_init     0x008e47    0x9  Code  Gb  DrvHTG12832.o [1]
drv_htg_reset           0x008c37    0x5  Code  Gb  DrvHTG12832.o [1]
drv_htg_set_address     0x008cab   0x3b  Code  Gb  DrvHTG12832.o [1]
drv_htg_write_command   0x008c3c   0x6f  Code  Gb  DrvHTG12832.o [1]
drv_htg_write_data      0x008ce6   0x6f  Code  Gb  DrvHTG12832.o [1]
drv_keypad_scan         0x00903f  0x1e7  Code  Gb  DrvKeyboard.o [1]
exit                    0x00b81c    0x3  Code  Gb  exit.o [4]
get_key_value           0x009afc   0xe5  Code  Gb  ApiKeyboard.o [1]
htg_delay_ms            0x008d86   0x1e  Code  Lc  DrvHTG12832.o [1]
htg_initial             0x008da4   0x5b  Code  Lc  DrvHTG12832.o [1]
key_scan_board          0x00953a  0x139  Code  Gb  DrvKeyboard.o [1]
main                    0x00b813    0x3  Code  Gb  main.o [1]
main_app                0x00a0bb   0xad  Code  Gb  System.o [1]
mcu_gt20_initial        0x00af94   0x30  Code  Lc  DrvGT20L16S1Y.o [1]
mcu_key_pad_out         0x00a505   0x8a  Code  Gb  DrvKeyboard.o [1]
mcu_key_pad_read        0x00a6fb   0x6c  Code  Gb  DrvKeyboard.o [1]
mcu_key_pad_set         0x009673  0x136  Code  Gb  DrvKeyboard.o [1]
mcu_lcd_initial         0x008dff   0x48  Code  Lc  DrvHTG12832.o [1]
memcmp                  0x00af2b   0x36  Code  Gb  memcmp.o [4]
strlen                  0x00b54a   0x12  Code  Gb  strlen.o [4]
ucAtPocHead             0x00001b    0x2  Data  Gb  ApiPocCmd.o [1]
ucCaretPPPCFG           0x000018    0x2  Data  Gb  ApiAtCmd.o [1]
ucOSSYSHWID             0x00004b    0x2  Data  Gb  Task.o [1]
ucPPPCFG                0x00004d    0x2  Data  Gb  Task.o [1]
ucPlayZtts              0x000010    0x2  Data  Gb  ApiAtCmd.o [1]
ucPocOpenConfig         0x000053    0x2  Data  Gb  Task.o [1]
ucRxCheckCard           0x000012    0x2  Data  Gb  ApiAtCmd.o [1]
ucRxOkHeadInfo          0x000021    0x2  Data  Gb  DrvGD83.o [1]
ucRxPocHeadInfo         0x00001f    0x2  Data  Gb  DrvGD83.o [1]
ucRxZTTS0               0x000014    0x2  Data  Gb  ApiAtCmd.o [1]
ucSIMST                 0x000016    0x2  Data  Gb  ApiAtCmd.o [1]
ucSetParamConfig        0x000051    0x2  Data  Gb  Task.o [1]
ucTxPocHeadInfo         0x00001d    0x2  Data  Gb  DrvGD83.o [1]
ucZTTS_Abell            0x00004f    0x2  Data  Gb  Task.o [1]


[1] = E:\1-source\A508\PRJ\Debug\Obj
[2] = command line
[3] = dbgstm8smd.a
[4] = dlstm8smn.a

  13 574 bytes of readonly  code memory
     820 bytes of readonly  data memory
   4 849 bytes of readwrite data memory

Errors: none
Warnings: none
