###############################################################################
#
# IAR ELF Linker V2.20.1.176 for STM8                     27/Dec/2017  18:41:46
# Copyright 2010-2015 IAR Systems AB.
#
#    Output file  =  E:\1-source\A508\PRJ\Debug\Exe\A508_DEMO1.out
#    Map file     =  E:\1-source\A508\PRJ\Debug\List\A508_DEMO1.map
#    Command line =  
#        E:\1-source\A508\PRJ\Debug\Obj\ApiAtCmd.o
#        E:\1-source\A508\PRJ\Debug\Obj\ApiDisplay.o
#        E:\1-source\A508\PRJ\Debug\Obj\ApiGpsCmd.o
#        E:\1-source\A508\PRJ\Debug\Obj\ApiKeyboard.o
#        E:\1-source\A508\PRJ\Debug\Obj\ApiLED.o
#        E:\1-source\A508\PRJ\Debug\Obj\ApiPocCmd.o
#        E:\1-source\A508\PRJ\Debug\Obj\Beep.o
#        E:\1-source\A508\PRJ\Debug\Obj\CommonLib.o
#        E:\1-source\A508\PRJ\Debug\Obj\Delay.o
#        E:\1-source\A508\PRJ\Debug\Obj\DrvGD83.o
#        E:\1-source\A508\PRJ\Debug\Obj\DrvGT20L16S1Y.o
#        E:\1-source\A508\PRJ\Debug\Obj\DrvHTG12832.o
#        E:\1-source\A508\PRJ\Debug\Obj\DrvKeyboard.o
#        E:\1-source\A508\PRJ\Debug\Obj\Flash_eeprom.o
#        E:\1-source\A508\PRJ\Debug\Obj\main.o
#        E:\1-source\A508\PRJ\Debug\Obj\McuConfig.o
#        E:\1-source\A508\PRJ\Debug\Obj\stm8s_adc2.o
#        E:\1-source\A508\PRJ\Debug\Obj\stm8s_awu.o
#        E:\1-source\A508\PRJ\Debug\Obj\stm8s_beep.o
#        E:\1-source\A508\PRJ\Debug\Obj\stm8s_clk.o
#        E:\1-source\A508\PRJ\Debug\Obj\stm8s_exti.o
#        E:\1-source\A508\PRJ\Debug\Obj\stm8s_flash.o
#        E:\1-source\A508\PRJ\Debug\Obj\stm8s_gpio.o
#        E:\1-source\A508\PRJ\Debug\Obj\stm8s_i2c.o
#        E:\1-source\A508\PRJ\Debug\Obj\stm8s_it.o
#        E:\1-source\A508\PRJ\Debug\Obj\stm8s_itc.o
#        E:\1-source\A508\PRJ\Debug\Obj\stm8s_iwdg.o
#        E:\1-source\A508\PRJ\Debug\Obj\stm8s_rst.o
#        E:\1-source\A508\PRJ\Debug\Obj\stm8s_spi.o
#        E:\1-source\A508\PRJ\Debug\Obj\stm8s_tim1.o
#        E:\1-source\A508\PRJ\Debug\Obj\stm8s_tim2.o
#        E:\1-source\A508\PRJ\Debug\Obj\stm8s_tim3.o
#        E:\1-source\A508\PRJ\Debug\Obj\stm8s_tim4.o
#        E:\1-source\A508\PRJ\Debug\Obj\stm8s_uart1.o
#        E:\1-source\A508\PRJ\Debug\Obj\stm8s_uart3.o
#        E:\1-source\A508\PRJ\Debug\Obj\stm8s_wwdg.o
#        E:\1-source\A508\PRJ\Debug\Obj\sysclock.o
#        E:\1-source\A508\PRJ\Debug\Obj\System.o
#        E:\1-source\A508\PRJ\Debug\Obj\Task.o
#        E:\1-source\A508\PRJ\Debug\Obj\Tone.o
#        E:\1-source\A508\PRJ\Debug\Obj\uart3.o
#        E:\1-source\A508\PRJ\Debug\Obj\Voice.o --redirect _Printf=_PrintfSmall
#        --redirect _Scanf=_ScanfSmall -o
#        E:\1-source\A508\PRJ\Debug\Exe\A508_DEMO1.out --map
#        E:\1-source\A508\PRJ\Debug\List\A508_DEMO1.map --config "C:\Program
#        Files\IAR Systems\Embedded Workbench
#        7.3\stm8\config\lnkstm8s007c8.icf" --config_def _CSTACK_SIZE=0x200
#        --config_def _HEAP_SIZE=0x100 --entry __iar_program_start --debug_lib
#
###############################################################################

*******************************************************************************
*** RUNTIME MODEL ATTRIBUTES
***

__SystemLibrary            = DLib
__code_model               = small
__core                     = stm8
__data_model               = medium
__dlib_file_descriptor     = 0
__dlib_full_locale_support = 0
__rt_version               = 4


*******************************************************************************
*** PLACEMENT SUMMARY
***

"A1":  place at start of [0x000000-0x0000ff] { rw section .vregs };
"A2":  place at end of [0x000000-0x0017ff] { block CSTACK };
"P2":  place in [from 0x000000 to 0x0017ff] {
          block HEAP, rw section __DLIB_PERTHREAD, rw section .far.bss,
          rw section .far.data, rw section .far.noinit,
          rw section .far_func.textrw, rw section .huge.bss,
          rw section .huge.data, rw section .huge.noinit,
          rw section .huge_func.textrw, rw section .iar.dynexit,
          rw section .near.bss, rw section .near.data, rw section .near.noinit,
          rw section .near_func.textrw };
"A3":  place at start of [0x008000-0x00ffff] { block INTVEC };
"P3":  place in [from 0x008000 to 0x00ffff] {
          ro section __DLIB_PERTHREAD_init, ro section .far.data_init,
          ro section .far_func.textrw_init, ro section .huge.data_init,
          ro section .huge_func.textrw_init, ro section .iar.init_table,
          ro section .init_array, ro section .near.data_init,
          ro section .near.rodata, ro section .near_func.text,
          ro section .near_func.textrw_init, ro section .tiny.data_init,
          ro section .tiny.rodata_init };

  Section            Kind      Address    Size  Object
  -------            ----      -------    ----  ------
"A1":                                     0x10
  .vregs             uninit   0x000000    0x10  vregs.o [4]
                            - 0x000010    0x10

"P2", part 1 of 5:                       0xee6
  .near.bss          zero     0x000010   0xee6  ApiPocCmd.o [1]
                            - 0x000ef6   0xee6

"P2", part 2 of 5:                       0x28a
  .near.bss          zero     0x000ef6   0x28a  DrvGD83.o [1]
                            - 0x001180   0x28a

"P2", part 3 of 5:                       0x200
  .near.bss          zero     0x001180   0x200  ApiDisplay.o [1]
                            - 0x001380   0x200

"P2", part 4 of 5:                       0x1ad
  .near.bss          zero     0x001380    0x77  ApiAtCmd.o [1]
  .near.bss          zero     0x0013f7    0x50  ApiPocCmd.o [1]
  .near.bss          zero     0x001447    0x44  uart3.o [1]
  .near.bss          zero     0x00148b    0x40  ApiDisplay.o [1]
  .near.bss          zero     0x0014cb    0x14  System.o [1]
  .near.bss          zero     0x0014df    0x12  Beep.o [1]
  .near.bss          zero     0x0014f1    0x12  Tone.o [1]
  .near.bss          zero     0x001503     0xb  Delay.o [1]
  .near.bss          zero     0x00150e     0x6  Voice.o [1]
  .near.bss          zero     0x001514     0x4  uart3.o [1]
  .near.bss          zero     0x001518     0x2  ApiGpsCmd.o [1]
  .near.bss          zero     0x00151a     0x2  DrvHTG12832.o [1]
  .near.bss          zero     0x00151c     0x1  ApiAtCmd.o [1]
  .near.bss          zero     0x00151d     0x1  ApiAtCmd.o [1]
  .near.bss          zero     0x00151e     0x1  ApiAtCmd.o [1]
  .near.bss          zero     0x00151f     0x1  ApiAtCmd.o [1]
  .near.bss          zero     0x001520     0x1  ApiAtCmd.o [1]
  .near.bss          zero     0x001521     0x1  ApiGpsCmd.o [1]
  .near.bss          zero     0x001522     0x1  ApiKeyboard.o [1]
  .near.bss          zero     0x001523     0x1  ApiKeyboard.o [1]
  .near.bss          zero     0x001524     0x1  ApiKeyboard.o [1]
  .near.bss          zero     0x001525     0x1  ApiKeyboard.o [1]
  .near.bss          zero     0x001526     0x1  ApiLED.o [1]
  .near.bss          zero     0x001527     0x1  ApiPocCmd.o [1]
  .near.bss          zero     0x001528     0x1  DrvGD83.o [1]
  .near.bss          zero     0x001529     0x1  Task.o [1]
  .near.bss          zero     0x00152a     0x1  Task.o [1]
  .near.bss          zero     0x00152b     0x1  Task.o [1]
  .near.bss          zero     0x00152c     0x1  Task.o [1]
                            - 0x00152d   0x1ad

"P2", part 5 of 5:                        0x7e
  P2-1                        0x00152d    0x7e  <Init block>
    .near.data       inited   0x00152d     0x1  ApiAtCmd.o [1]
    .near.data       inited   0x00152e     0x2  ApiAtCmd.o [1]
    .near.data       inited   0x001530     0x2  ApiAtCmd.o [1]
    .near.data       inited   0x001532     0x2  ApiAtCmd.o [1]
    .near.data       inited   0x001534     0x2  ApiAtCmd.o [1]
    .near.data       inited   0x001536     0x2  ApiAtCmd.o [1]
    .near.data       inited   0x001538     0x2  ApiAtCmd.o [1]
    .near.data       inited   0x00153a     0x2  ApiAtCmd.o [1]
    .near.data       inited   0x00153c     0x2  ApiAtCmd.o [1]
    .near.data       inited   0x00153e     0x2  ApiAtCmd.o [1]
    .near.data       inited   0x001540     0x2  ApiAtCmd.o [1]
    .near.data       inited   0x001542     0x2  ApiAtCmd.o [1]
    .near.data       inited   0x001544     0x2  ApiAtCmd.o [1]
    .near.data       inited   0x001546     0x2  ApiAtCmd.o [1]
    .near.data       inited   0x001548     0x2  ApiAtCmd.o [1]
    .near.data       inited   0x00154a     0x2  ApiAtCmd.o [1]
    .near.data       inited   0x00154c     0x2  ApiAtCmd.o [1]
    .near.data       inited   0x00154e     0x2  ApiAtCmd.o [1]
    .near.data       inited   0x001550     0x2  ApiAtCmd.o [1]
    .near.data       inited   0x001552     0x1  ApiKeyboard.o [1]
    .near.data       inited   0x001553     0x2  ApiKeyboard.o [1]
    .near.data       inited   0x001555     0x2  ApiKeyboard.o [1]
    .near.data       inited   0x001557     0x2  ApiKeyboard.o [1]
    .near.data       inited   0x001559     0x1  ApiKeyboard.o [1]
    .near.data       inited   0x00155a     0x2  ApiPocCmd.o [1]
    .near.data       inited   0x00155c     0x2  ApiPocCmd.o [1]
    .near.data       inited   0x00155e     0x2  DrvGD83.o [1]
    .near.data       inited   0x001560     0x2  DrvGD83.o [1]
    .near.data       inited   0x001562     0x2  DrvGD83.o [1]
    .near.data       inited   0x001564     0x2  DrvGD83.o [1]
    .near.data       inited   0x001566     0x8  DrvGT20L16S1Y.o [1]
    .near.data       inited   0x00156e    0x20  DrvGT20L16S1Y.o [1]
    .near.data       inited   0x00158e     0x2  System.o [1]
    .near.data       inited   0x001590     0x1  Task.o [1]
    .near.data       inited   0x001591     0x2  Task.o [1]
    .near.data       inited   0x001593     0x2  Task.o [1]
    .near.data       inited   0x001595     0x2  Task.o [1]
    .near.data       inited   0x001597     0x2  Task.o [1]
    .near.data       inited   0x001599     0x2  Task.o [1]
    .near.data       inited   0x00159b     0x2  Task.o [1]
    .near.data       inited   0x00159d     0x2  Task.o [1]
    .near.data       inited   0x00159f     0x2  Task.o [1]
    .near.data       inited   0x0015a1     0x2  Task.o [1]
    .near.data       inited   0x0015a3     0x2  Task.o [1]
    .near.data       inited   0x0015a5     0x2  Task.o [1]
    .near.data       inited   0x0015a7     0x2  Task.o [1]
    .near.data       inited   0x0015a9     0x2  Task.o [1]
                            - 0x0015ab    0x7e

"A2":                                    0x200
  CSTACK                      0x001600   0x200  <Block>
    CSTACK           uninit   0x001600   0x200  <Block tail>
                            - 0x001800   0x200

"A3":                                     0x80
  INTVEC                      0x008000    0x80  <Block>
    .intvec          const    0x008000    0x80  interrupt.o [4]
                            - 0x008080    0x80

"P3":                                   0x68cd
  .near_func.text    ro code  0x008080   0x809  DrvGD83.o [1]
  .near_func.text    ro code  0x008889   0x6d4  ApiGpsCmd.o [1]
  .near.rodata       const    0x008f5d   0x400  ApiDisplay.o [1]
  .near_func.text    ro code  0x00935d   0x37b  ApiKeyboard.o [1]
  .near_func.text    ro code  0x0096d8   0x2fa  Beep.o [1]
  .near_func.text    ro code  0x0099d2   0x2f4  ApiPocCmd.o [1]
  .near_func.text    ro code  0x009cc6   0x2e1  ApiGpsCmd.o [1]
  .near_func.text    ro code  0x009fa7   0x296  ApiGpsCmd.o [1]
  .near_func.text    ro code  0x00a23d   0x292  ApiGpsCmd.o [1]
  .near_func.text    ro code  0x00a4cf   0x284  Task.o [1]
  .near_func.text    ro code  0x00a753   0x21a  ApiAtCmd.o [1]
  .near_func.text    ro code  0x00a96d   0x219  DrvHTG12832.o [1]
  .near_func.text    ro code  0x00ab86   0x1e7  DrvKeyboard.o [1]
  .near_func.text    ro code  0x00ad6d   0x1ad  Task.o [1]
  .near_func.text    ro code  0x00af1a   0x1aa  uart3.o [1]
  .near_func.text    ro code  0x00b0c4   0x19a  DrvGT20L16S1Y.o [1]
  .near_func.text    ro code  0x00b25e   0x198  long.o [4]
  .near_func.text    ro code  0x00b3f6   0x14a  ApiPocCmd.o [1]
  .near_func.text    ro code  0x00b540   0x139  DrvKeyboard.o [1]
  .near_func.text    ro code  0x00b679   0x136  DrvKeyboard.o [1]
  .near_func.text    ro code  0x00b7af   0x134  stm8s_uart1.o [1]
  .near_func.text    ro code  0x00b8e3   0x12c  vreg_util.o [4]
  .near_func.text    ro code  0x00ba0f   0x111  ApiAtCmd.o [1]
  .near_func.text    ro code  0x00bb20   0x105  stm8s_uart3.o [1]
  .near_func.text    ro code  0x00bc25   0x104  uart3.o [1]
  .near_func.text    ro code  0x00bd29   0x101  stm8s_itc.o [1]
  .near_func.text    ro code  0x00be2a    0xe5  ApiKeyboard.o [1]
  .near_func.text    ro code  0x00bf0f    0xe1  DrvGD83.o [1]
  .near_func.text    ro code  0x00bff0    0xdb  CommonLib.o [1]
  .near_func.text    ro code  0x00c0cb    0xd7  uart3.o [1]
  .near_func.text    ro code  0x00c1a2    0xd4  ApiPocCmd.o [1]
  .near_func.text    ro code  0x00c276    0xd1  System.o [1]
  .near_func.text    ro code  0x00c347    0xc5  ApiDisplay.o [1]
  .near_func.text    ro code  0x00c40c    0xb8  uart3.o [1]
  .near_func.text    ro code  0x00c4c4    0xb4  stm8s_uart3.o [1]
  .near_func.text    ro code  0x00c578    0xb2  ApiDisplay.o [1]
  .near_func.text    ro code  0x00c62a    0xaf  ApiAtCmd.o [1]
  .near_func.text    ro code  0x00c6d9    0xaf  ApiDisplay.o [1]
  .near_func.text    ro code  0x00c788    0xaf  ApiGpsCmd.o [1]
  .near_func.text    ro code  0x00c837    0xaf  stm8s_gpio.o [1]
  .near_func.text    ro code  0x00c8e6    0xa2  Delay.o [1]
  .near_func.text    ro code  0x00c988    0xa2  stm8s_clk.o [1]
  .near_func.text    ro code  0x00ca2a    0x9c  Delay.o [1]
  .near_func.text    ro code  0x00cac6    0x99  stm8s_tim1.o [1]
  .near_func.text    ro code  0x00cb5f    0x99  Voice.o [1]
  .near_func.text    ro code  0x00cbf8    0x90  stm8s_uart1.o [1]
  .near_func.text    ro code  0x00cc88    0x8f  ApiDisplay.o [1]
  .near_func.text    ro code  0x00cd17    0x8e  uart3.o [1]
  .near_func.text    ro code  0x00cda5    0x8c  stm8s_uart3.o [1]
  .near_func.text    ro code  0x00ce31    0x8a  DrvKeyboard.o [1]
  Initializer bytes  const    0x00cebb    0x7e  <for P2-1>
  .near_func.text    ro code  0x00cf39    0x7a  DrvGD83.o [1]
  .near_func.text    ro code  0x00cfb3    0x73  Delay.o [1]
  .near_func.text    ro code  0x00d026    0x6d  uart3.o [1]
  .near_func.text    ro code  0x00d093    0x6c  DrvKeyboard.o [1]
  .near_func.text    ro code  0x00d0ff    0x6c  stm8s_uart1.o [1]
  .near_func.text    ro code  0x00d16b    0x68  ApiAtCmd.o [1]
  .near_func.text    ro code  0x00d1d3    0x67  Tone.o [1]
  .near_func.text    ro code  0x00d23a    0x61  stm8s_tim1.o [1]
  .near_func.text    ro code  0x00d29b    0x5f  DrvGT20L16S1Y.o [1]
  .near_func.text    ro code  0x00d2fa    0x5e  CommonLib.o [1]
  .near_func.text    ro code  0x00d358    0x5b  ApiLED.o [1]
  .near_func.text    ro code  0x00d3b3    0x5a  ApiDisplay.o [1]
  .near_func.text    ro code  0x00d40d    0x5a  DrvGT20L16S1Y.o [1]
  .near_func.text    ro code  0x00d467    0x57  stm8s_clk.o [1]
  .near_func.text    ro code  0x00d4be    0x54  Delay.o [1]
  .near_func.text    ro code  0x00d512    0x50  uart3.o [1]
  .near_func.text    ro code  0x00d562    0x50  uart3.o [1]
  .near_func.text    ro code  0x00d5b2    0x50  short.o [4]
  .near_func.text    ro code  0x00d602    0x4e  CommonLib.o [1]
  .near_func.text    ro code  0x00d650    0x4e  Tone.o [1]
  .near_func.text    ro code  0x00d69e    0x4c  DrvGT20L16S1Y.o [1]
  .near_func.text    ro code  0x00d6ea    0x4b  uart3.o [1]
  .near_func.text    ro code  0x00d735    0x4a  ApiDisplay.o [1]
  .near_func.text    ro code  0x00d77f    0x49  DrvGD83.o [1]
  .near_func.text    ro code  0x00d7c8    0x49  DrvGD83.o [1]
  .near_func.text    ro code  0x00d811    0x49  DrvGD83.o [1]
  .near_func.text    ro code  0x00d85a    0x49  DrvGD83.o [1]
  .near_func.text    ro code  0x00d8a3    0x49  stm8s_uart3.o [1]
  .near_func.text    ro code  0x00d8ec    0x47  long_util.o [4]
  .near_func.text    ro code  0x00d933    0x43  Flash_eeprom.o [1]
  .near_func.text    ro code  0x00d976    0x43  Flash_eeprom.o [1]
  .near_func.text    ro code  0x00d9b9    0x43  stm8s_tim1.o [1]
  .near_func.text    const    0x00d9fc    0x40  ApiDisplay.o [1]
  .near_func.text    ro code  0x00da3c    0x40  Task.o [1]
  .near_func.text    ro code  0x00da7c    0x3e  uart3.o [1]
  .near_func.text    ro code  0x00daba    0x3d  DrvGD83.o [1]
  .near_func.text    ro code  0x00daf7    0x36  DrvGT20L16S1Y.o [1]
  .near_func.text    ro code  0x00db2d    0x36  stm8s_flash.o [1]
  .near_func.text    ro code  0x00db63    0x36  memcmp.o [4]
  .near_func.text    ro code  0x00db99    0x35  Flash_eeprom.o [1]
  .near_func.text    ro code  0x00dbce    0x35  uart3.o [1]
  .near_func.text    ro code  0x00dc03    0x34  ApiDisplay.o [1]
  .near_func.text    ro code  0x00dc37    0x33  ApiDisplay.o [1]
  .near_func.text    ro code  0x00dc6a    0x33  DrvGT20L16S1Y.o [1]
  .near_func.text    ro code  0x00dc9d    0x32  Beep.o [1]
  .near_func.text    ro code  0x00dccf    0x32  stm8s_uart1.o [1]
  .near.rodata       const    0x00dd01    0x31  Task.o [1]
  .near_func.text    ro code  0x00dd32    0x30  McuConfig.o [1]
  .near_func.text    ro code  0x00dd62    0x30  sysclock.o [1]
  .near_func.text    ro code  0x00dd92    0x2d  stm8s_uart1.o [1]
  .near_func.text    ro code  0x00ddbf    0x2c  DrvGD83.o [1]
  .near.rodata       const    0x00ddeb    0x2a  Task.o [1]
  .near_func.text    ro code  0x00de15    0x2a  McuConfig.o [1]
  .near_func.text    ro code  0x00de3f    0x28  Delay.o [1]
  .near_func.text    ro code  0x00de67    0x28  init_small.o [4]
  .near_func.text    ro code  0x00de8f    0x27  stm8s_flash.o [1]
  .near_func.text    ro code  0x00deb6    0x27  sysclock.o [1]
  .near.rodata       const    0x00dedd    0x25  Task.o [1]
  .near.rodata       const    0x00df02    0x25  Task.o [1]
  .near_func.text    ro code  0x00df27    0x25  stm8s_uart3.o [1]
  .near_func.text    ro code  0x00df4c    0x25  memcpy.o [4]
  .near_func.text    ro code  0x00df71    0x25  dc_util.o [4]
  .near_func.text    ro code  0x00df96    0x24  McuConfig.o [1]
  .near_func.text    ro code  0x00dfba    0x24  McuConfig.o [1]
  .near_func.text    ro code  0x00dfde    0x24  stm8s_flash.o [1]
  .near_func.text    ro code  0x00e002    0x24  stm8s_tim1.o [1]
  .near_func.text    ro code  0x00e026    0x23  ApiGpsCmd.o [1]
  .near_func.text    ro code  0x00e049    0x23  Tone.o [1]
  .near_func.text    ro code  0x00e06c    0x22  ApiPocCmd.o [1]
  .near_func.text    ro code  0x00e08e    0x21  ApiPocCmd.o [1]
  .iar.init_table    const    0x00e0af    0x1e  - Linker created -
  .near_func.text    ro code  0x00e0cd    0x20  ApiPocCmd.o [1]
  .near_func.text    ro code  0x00e0ed    0x20  ApiPocCmd.o [1]
  .near_func.text    ro code  0x00e10d    0x20  stm8s_it.o [1]
  .near_func.text    ro code  0x00e12d    0x1f  Delay.o [1]
  .near_func.text    ro code  0x00e14c    0x1f  move.o [4]
  .near_func.text    ro code  0x00e16b    0x1e  init_small.o [4]
  .near.rodata       const    0x00e189    0x1d  Task.o [1]
  .near_func.text    ro code  0x00e1a6    0x1c  Delay.o [1]
  .near_func.text    ro code  0x00e1c2    0x1b  stm8s_it.o [1]
  .near_func.text    ro code  0x00e1dd    0x1b  sysclock.o [1]
  .near_func.text    ro code  0x00e1f8    0x1a  Beep.o [1]
  .near.rodata       const    0x00e212    0x18  Task.o [1]
  .near_func.text    ro code  0x00e22a    0x18  McuConfig.o [1]
  .near_func.text    ro code  0x00e242    0x18  McuConfig.o [1]
  .near_func.text    ro code  0x00e25a    0x17  McuConfig.o [1]
  .near_func.text    ro code  0x00e271    0x17  McuConfig.o [1]
  .near_func.text    ro code  0x00e288    0x17  McuConfig.o [1]
  .near_func.text    ro code  0x00e29f    0x17  McuConfig.o [1]
  .near_func.text    ro code  0x00e2b6    0x17  McuConfig.o [1]
  .near_func.text    ro code  0x00e2cd    0x17  memset.o [4]
  .near_func.text    ro code  0x00e2e4    0x17  init.o [4]
  .near_func.text    ro code  0x00e2fb    0x16  stm8s_flash.o [1]
  .near_func.text    ro code  0x00e311    0x16  stm8s_it.o [1]
  .near_func.text    ro code  0x00e327    0x15  ApiDisplay.o [1]
  .near_func.text    ro code  0x00e33c    0x15  uart3.o [1]
  .near_func.text    ro code  0x00e351    0x14  DrvGT20L16S1Y.o [1]
  .near_func.text    ro code  0x00e365    0x14  stm8s_flash.o [1]
  .near_func.text    ro code  0x00e379    0x14  __dbg_xxexit.o [3]
  .near.rodata       const    0x00e38d    0x13  ApiAtCmd.o [1]
  .near.rodata       const    0x00e3a0    0x13  Task.o [1]
  .near.rodata       const    0x00e3b3    0x13  Task.o [1]
  .near_func.text    ro code  0x00e3c6    0x13  stm8s_clk.o [1]
  .near_func.text    ro code  0x00e3d9    0x13  stm8s_tim3.o [1]
  .near_func.text    ro code  0x00e3ec    0x13  cstartup.o [4]
  .near.rodata       const    0x00e3ff    0x12  ApiAtCmd.o [1]
  .near_func.text    ro code  0x00e411    0x12  ApiPocCmd.o [1]
  .near_func.text    ro code  0x00e423    0x12  ApiPocCmd.o [1]
  .near_func.text    ro code  0x00e435    0x12  uart3.o [1]
  .near_func.text    ro code  0x00e447    0x12  strlen.o [4]
  .near.rodata       const    0x00e459    0x11  ApiKeyboard.o [1]
  .near.rodata       const    0x00e46a    0x11  ApiKeyboard.o [1]
  .near.rodata       const    0x00e47b    0x11  ApiKeyboard.o [1]
  .near.rodata       const    0x00e48c    0x11  ApiKeyboard.o [1]
  .near.rodata       const    0x00e49d    0x11  ApiKeyboard.o [1]
  .near.rodata       const    0x00e4ae    0x11  ApiKeyboard.o [1]
  .near.rodata       const    0x00e4bf    0x11  ApiKeyboard.o [1]
  .near.rodata       const    0x00e4d0    0x11  ApiKeyboard.o [1]
  .near.rodata       const    0x00e4e1    0x11  CommonLib.o [1]
  .near.rodata       const    0x00e4f2    0x11  System.o [1]
  .near.rodata       const    0x00e503    0x11  Task.o [1]
  .near.rodata       const    0x00e514    0x11  Task.o [1]
  .near.rodata       const    0x00e525    0x11  Task.o [1]
  .near.rodata       const    0x00e536    0x11  Task.o [1]
  .near.rodata       const    0x00e547    0x11  Task.o [1]
  .near.rodata       const    0x00e558    0x11  Task.o [1]
  .near.rodata       const    0x00e569    0x11  Task.o [1]
  .near.rodata       const    0x00e57a    0x11  Task.o [1]
  .near.rodata       const    0x00e58b    0x11  Task.o [1]
  .near.rodata       const    0x00e59c    0x11  Task.o [1]
  .near.rodata       const    0x00e5ad    0x11  Task.o [1]
  .near.rodata       const    0x00e5be    0x11  Task.o [1]
  .near_func.text    ro code  0x00e5cf    0x11  ApiPocCmd.o [1]
  .near_func.text    ro code  0x00e5e0    0x11  ApiPocCmd.o [1]
  .near.rodata       const    0x00e5f1    0x10  ApiAtCmd.o [1]
  .near.rodata       const    0x00e601    0x10  ApiAtCmd.o [1]
  .near.rodata       const    0x00e611    0x10  ApiDisplay.o [1]
  .near.rodata       const    0x00e621    0x10  ApiDisplay.o [1]
  .near.rodata       const    0x00e631    0x10  uart3.o [1]
  .near.rodata       const    0x00e641     0xf  ApiAtCmd.o [1]
  .near.rodata       const    0x00e650     0xf  ApiKeyboard.o [1]
  .near.rodata       const    0x00e65f     0xf  Task.o [1]
  .near.rodata       const    0x00e66e     0xf  Task.o [1]
  .near_func.text    ro code  0x00e67d     0xf  Voice.o [1]
  .near.rodata       const    0x00e68c     0xe  ApiAtCmd.o [1]
  .near.rodata       const    0x00e69a     0xe  ApiAtCmd.o [1]
  .near.rodata       const    0x00e6a8     0xe  ApiAtCmd.o [1]
  .near.rodata       const    0x00e6b6     0xe  Task.o [1]
  .near.rodata       const    0x00e6c4     0xe  Task.o [1]
  .near_func.text    ro code  0x00e6d2     0xe  ApiPocCmd.o [1]
  .near_func.text    ro code  0x00e6e0     0xe  uart3.o [1]
  .near.rodata       const    0x00e6ee     0xd  ApiPocCmd.o [1]
  .near.rodata       const    0x00e6fb     0xd  ApiPocCmd.o [1]
  .near.rodata       const    0x00e708     0xd  Task.o [1]
  .near_func.text    ro code  0x00e715     0xd  stm8s_tim1.o [1]
  .near_func.text    ro code  0x00e722     0xd  stm8s_tim1.o [1]
  .near_func.text    ro code  0x00e72f     0xd  stm8s_tim1.o [1]
  .near_func.text    ro code  0x00e73c     0xd  stm8s_tim3.o [1]
  .near_func.text    ro code  0x00e749     0xd  stm8s_tim3.o [1]
  .near_func.text    ro code  0x00e756     0xd  stm8s_uart1.o [1]
  .near_func.text    ro code  0x00e763     0xd  stm8s_uart3.o [1]
  .near.rodata       const    0x00e770     0xc  ApiAtCmd.o [1]
  .near_func.text    ro code  0x00e77c     0xc  McuConfig.o [1]
  .near_func.text    ro code  0x00e788     0xc  McuConfig.o [1]
  .near_func.text    ro code  0x00e794     0xc  McuConfig.o [1]
  .near_func.text    ro code  0x00e7a0     0xc  McuConfig.o [1]
  .near_func.text    ro code  0x00e7ac     0xc  stm8s_tim3.o [1]
  .near.rodata       const    0x00e7b8     0xb  ApiAtCmd.o [1]
  .near.rodata       const    0x00e7c3     0xb  Task.o [1]
  .near_func.text    ro code  0x00e7ce     0xb  char.o [4]
  .near.rodata       const    0x00e7d9     0xa  ApiAtCmd.o [1]
  .near.rodata       const    0x00e7e3     0xa  Task.o [1]
  .near_func.text    ro code  0x00e7ed     0xa  ApiAtCmd.o [1]
  .near_func.text    ro code  0x00e7f7     0xa  ApiPocCmd.o [1]
  .near_func.text    ro code  0x00e801     0xa  ApiPocCmd.o [1]
  .near.rodata       const    0x00e80b     0x9  ApiAtCmd.o [1]
  .near.rodata       const    0x00e814     0x9  ApiAtCmd.o [1]
  .near.rodata       const    0x00e81d     0x9  ApiAtCmd.o [1]
  .near.rodata       const    0x00e826     0x9  ApiKeyboard.o [1]
  .near.rodata       const    0x00e82f     0x9  ApiKeyboard.o [1]
  .near.rodata       const    0x00e838     0x9  DrvGD83.o [1]
  .near.rodata       const    0x00e841     0x9  System.o [1]
  .near.rodata       const    0x00e84a     0x9  Task.o [1]
  .near_func.text    ro code  0x00e853     0x9  stm8s_gpio.o [1]
  .near_func.text    ro code  0x00e85c     0x9  stm8s_tim3.o [1]
  .near.rodata       const    0x00e865     0x8  ApiAtCmd.o [1]
  .near.rodata       const    0x00e86d     0x8  ApiDisplay.o [1]
  .near.rodata       const    0x00e875     0x8  ApiPocCmd.o [1]
  .near.rodata       const    0x00e87d     0x8  Task.o [1]
  .near.rodata       const    0x00e885     0x7  ApiAtCmd.o [1]
  .near.rodata       const    0x00e88c     0x7  ApiAtCmd.o [1]
  .near.rodata       const    0x00e893     0x7  ApiAtCmd.o [1]
  .near.rodata       const    0x00e89a     0x7  ApiPocCmd.o [1]
  .near.rodata       const    0x00e8a1     0x7  DrvGD83.o [1]
  .near.rodata       const    0x00e8a8     0x7  Task.o [1]
  .near.rodata       const    0x00e8af     0x7  Task.o [1]
  .near_func.text    ro code  0x00e8b6     0x7  stm8s_flash.o [1]
  .near_func.text    ro code  0x00e8bd     0x7  stm8s_gpio.o [1]
  .near.rodata       const    0x00e8c4     0x6  DrvGD83.o [1]
  .near.rodata       const    0x00e8ca     0x6  System.o [1]
  .near_func.text    ro code  0x00e8d0     0x5  stm8s_flash.o [1]
  .near_func.text    ro code  0x00e8d5     0x5  stm8s_flash.o [1]
  .near_func.text    ro code  0x00e8da     0x5  stm8s_tim3.o [1]
  .near_func.text    ro code  0x00e8df     0x5  cexit.o [4]
  .near.rodata       const    0x00e8e4     0x4  stm8s_clk.o [1]
  .near.rodata       const    0x00e8e8     0x4  uart3.o [1]
  .near_func.text    ro code  0x00e8ec     0x4  ApiPocCmd.o [1]
  .near_func.text    ro code  0x00e8f0     0x4  ApiPocCmd.o [1]
  .near_func.text    ro code  0x00e8f4     0x4  ApiPocCmd.o [1]
  .near_func.text    ro code  0x00e8f8     0x4  ApiPocCmd.o [1]
  .near_func.text    ro code  0x00e8fc     0x4  ApiPocCmd.o [1]
  .near_func.text    ro code  0x00e900     0x4  ApiPocCmd.o [1]
  .near_func.text    ro code  0x00e904     0x4  stm8s_gpio.o [1]
  .near_func.text    ro code  0x00e908     0x4  stm8s_uart1.o [1]
  .near_func.text    ro code  0x00e90c     0x4  stm8s_uart1.o [1]
  .near_func.text    ro code  0x00e910     0x4  stm8s_uart3.o [1]
  .near_func.text    ro code  0x00e914     0x4  stm8s_uart3.o [1]
  .near_func.text    ro code  0x00e918     0x4  System.o [1]
  .near.rodata       const    0x00e91c     0x3  DrvGD83.o [1]
  .near.rodata       const    0x00e91f     0x3  uart3.o [1]
  .near.rodata       const    0x00e922     0x3  uart3.o [1]
  .near_func.text    ro code  0x00e925     0x3  main.o [1]
  .near_func.text    ro code  0x00e928     0x3  Task.o [1]
  .near_func.text    ro code  0x00e92b     0x3  interrupt.o [4]
  .near_func.text    ro code  0x00e92e     0x3  low_level_init.o [4]
  .near_func.text    ro code  0x00e931     0x3  exit.o [4]
  .near_func.text    ro code  0x00e934     0x3  unhandled_exception.o [4]
  .near_func.text    ro code  0x00e937     0x1  stm8s_it.o [1]
  .near_func.text    ro code  0x00e938     0x1  stm8s_it.o [1]
  .near_func.text    ro code  0x00e939     0x1  stm8s_it.o [1]
  .near_func.text    ro code  0x00e93a     0x1  stm8s_it.o [1]
  .near_func.text    ro code  0x00e93b     0x1  stm8s_it.o [1]
  .near_func.text    ro code  0x00e93c     0x1  stm8s_it.o [1]
  .near_func.text    ro code  0x00e93d     0x1  stm8s_it.o [1]
  .near_func.text    ro code  0x00e93e     0x1  stm8s_it.o [1]
  .near_func.text    ro code  0x00e93f     0x1  stm8s_it.o [1]
  .near_func.text    ro code  0x00e940     0x1  stm8s_it.o [1]
  .near_func.text    ro code  0x00e941     0x1  stm8s_it.o [1]
  .near_func.text    ro code  0x00e942     0x1  stm8s_it.o [1]
  .near_func.text    ro code  0x00e943     0x1  stm8s_it.o [1]
  .near_func.text    ro code  0x00e944     0x1  stm8s_it.o [1]
  .near_func.text    ro code  0x00e945     0x1  stm8s_it.o [1]
  .near_func.text    ro code  0x00e946     0x1  stm8s_it.o [1]
  .near_func.text    ro code  0x00e947     0x1  stm8s_it.o [1]
  .near_func.text    ro code  0x00e948     0x1  stm8s_it.o [1]
  .near_func.text    ro code  0x00e949     0x1  stm8s_it.o [1]
  .near_func.text    ro code  0x00e94a     0x1  stm8s_it.o [1]
  .near_func.text    ro code  0x00e94b     0x1  stm8s_it.o [1]
  .near_func.text    ro code  0x00e94c     0x1  __dbg_break.o [3]
                            - 0x00e94d  0x68cd


*******************************************************************************
*** INIT TABLE
***

          Address   Size
          -------   ----
Zero (__iar_zero_init2)
    4 destination ranges, total size 0x151d:
          0x000010  0xee6
          0x000ef6  0x28a
          0x001180  0x200
          0x001380  0x1ad

Copy (__iar_copy_init2)
    1 source range, total size 0x7e:
          0x00cebb   0x7e
    1 destination range, total size 0x7e:
          0x00152d   0x7e



*******************************************************************************
*** MODULE SUMMARY
***

    Module                 ro code  ro data  rw data
    ------                 -------  -------  -------
E:\1-source\A508\PRJ\Debug\Obj: [1]
    ApiAtCmd.o               1 100      252      161
    ApiDisplay.o               981    1 128      576
    ApiGpsCmd.o              4 015                 3
    ApiKeyboard.o            1 120      177       12
    ApiLED.o                    91                 1
    ApiPocCmd.o              1 557       45    3 899
    Beep.o                     838                18
    CommonLib.o                391       17
    Delay.o                    616                11
    DrvGD83.o                2 801       33      659
    DrvGT20L16S1Y.o            796       40       40
    DrvHTG12832.o              537                 2
    DrvKeyboard.o            1 356
    Flash_eeprom.o             187
    McuConfig.o                373
    System.o                   213       34       22
    Task.o                   1 140      610       31
    Tone.o                     216                18
    Voice.o                    168                 6
    main.o                       3
    stm8s_clk.o                268        4
    stm8s_flash.o              188
    stm8s_gpio.o               195
    stm8s_it.o                 102
    stm8s_itc.o                257
    stm8s_tim1.o               392
    stm8s_tim3.o                71
    stm8s_uart1.o              676
    stm8s_uart3.o              712
    sysclock.o                 114
    uart3.o                  1 739       26       72
    ------------------------------------------------
    Total:                  23 213    2 366    5 531

command line: [2]
    ------------------------------------------------
    Total:

dbgstm8smd.a: [3]
    __dbg_break.o                1
    __dbg_xxexit.o              20
    ------------------------------------------------
    Total:                      21

dlstm8smn.a: [4]
    cexit.o                      5
    char.o                      11
    cstartup.o                  19
    dc_util.o                   37
    exit.o                       3
    init.o                      23
    init_small.o                70
    interrupt.o                  3      128
    long.o                     408
    long_util.o                 71
    low_level_init.o             3
    memcmp.o                    54
    memcpy.o                    37
    memset.o                    23
    move.o                      31
    short.o                     80
    strlen.o                    18
    unhandled_exception.o        3
    vreg_util.o                300
    vregs.o                                       16
    ------------------------------------------------
    Total:                   1 199      128       16

    Linker created                       30      512
----------------------------------------------------
    Grand Total:            24 433    2 524    6 059


*******************************************************************************
*** ENTRY LIST
***

Entry                    Address   Size  Type      Object
-----                    -------   ----  ----      ------
.iar.init_table$$Base   0x00e0af          --   Gb  - Linker created -
.iar.init_table$$Limit  0x00e0cd          --   Gb  - Linker created -
?add32_l0_l0_0x         0x00b261         Code  Gb  long.o [4]
?add32_l0_l0_l1         0x00b25e         Code  Gb  long.o [4]
?and32_l0_l0_0x         0x00b396         Code  Gb  long.o [4]
?and32_l0_l0_l1         0x00b393         Code  Gb  long.o [4]
?b0                     0x000000         Data  Gb  vregs.o [4]
?b1                     0x000001         Data  Gb  vregs.o [4]
?b10                    0x00000a         Data  Gb  vregs.o [4]
?b11                    0x00000b         Data  Gb  vregs.o [4]
?b12                    0x00000c         Data  Gb  vregs.o [4]
?b13                    0x00000d         Data  Gb  vregs.o [4]
?b14                    0x00000e         Data  Gb  vregs.o [4]
?b15                    0x00000f         Data  Gb  vregs.o [4]
?b2                     0x000002         Data  Gb  vregs.o [4]
?b3                     0x000003         Data  Gb  vregs.o [4]
?b4                     0x000004         Data  Gb  vregs.o [4]
?b5                     0x000005         Data  Gb  vregs.o [4]
?b6                     0x000006         Data  Gb  vregs.o [4]
?b7                     0x000007         Data  Gb  vregs.o [4]
?b8                     0x000008         Data  Gb  vregs.o [4]
?b9                     0x000009         Data  Gb  vregs.o [4]
?dc32_l0                0x00df71         Code  Gb  dc_util.o [4]
?dc32_l1                0x00df7e         Code  Gb  dc_util.o [4]
?dc32_px                0x00df8b         Code  Gb  dc_util.o [4]
?e0                     0x000001         Data  Gb  vregs.o [4]
?e1                     0x000005         Data  Gb  vregs.o [4]
?e2                     0x000009         Data  Gb  vregs.o [4]
?e3                     0x00000d         Data  Gb  vregs.o [4]
?epilogue_l2            0x00b98a         Code  Gb  vreg_util.o [4]
?epilogue_l2_l3         0x00b987         Code  Gb  vreg_util.o [4]
?epilogue_l2_w6         0x00b98e         Code  Gb  vreg_util.o [4]
?epilogue_w4            0x00b995         Code  Gb  vreg_util.o [4]
?l0                     0x000000         Data  Gb  vregs.o [4]
?l1                     0x000004         Data  Gb  vregs.o [4]
?l2                     0x000008         Data  Gb  vregs.o [4]
?l3                     0x00000c         Data  Gb  vregs.o [4]
?load32_0x_l0           0x00d925         Code  Gb  long_util.o [4]
?load32_asp_l0          0x00d919         Code  Gb  long_util.o [4]
?load32_dbsp_l0         0x00d914         Code  Gb  long_util.o [4]
?load32_l0_0x           0x00d8fc         Code  Gb  long_util.o [4]
?load32_l0_asp          0x00d8f1         Code  Gb  long_util.o [4]
?load32_l0_dbsp         0x00d8ec         Code  Gb  long_util.o [4]
?load32_l0_xsp          0x00d8f3         Code  Gb  long_util.o [4]
?load32_l1_0x           0x00d908         Code  Gb  long_util.o [4]
?load32_xsp_l0          0x00d91b         Code  Gb  long_util.o [4]
?longfarg16_v_w0_a      0x00e159         Code  Gb  move.o [4]
?longfarg16_v_w0_x      0x00e15b         Code  Gb  move.o [4]
?mov_e0_e1              0x00b9aa         Code  Gb  vreg_util.o [4]
?mov_e0_e2              0x00b9b7         Code  Gb  vreg_util.o [4]
?mov_e0_e3              0x00b9c4         Code  Gb  vreg_util.o [4]
?mov_e1_e0              0x00b9d1         Code  Gb  vreg_util.o [4]
?mov_e1_e2              0x00b9de         Code  Gb  vreg_util.o [4]
?mov_e1_e3              0x00b9eb         Code  Gb  vreg_util.o [4]
?mov_e2_e0              0x00b9f8         Code  Gb  vreg_util.o [4]
?mov_e3_e0              0x00ba05         Code  Gb  vreg_util.o [4]
?mov_l0_l1              0x00b9a7         Code  Gb  vreg_util.o [4]
?mov_l0_l2              0x00b9b4         Code  Gb  vreg_util.o [4]
?mov_l0_l3              0x00b9c1         Code  Gb  vreg_util.o [4]
?mov_l1_l0              0x00b9ce         Code  Gb  vreg_util.o [4]
?mov_l1_l2              0x00b9db         Code  Gb  vreg_util.o [4]
?mov_l1_l3              0x00b9e8         Code  Gb  vreg_util.o [4]
?mov_l2_l0              0x00b9f5         Code  Gb  vreg_util.o [4]
?mov_l3_l0              0x00ba02         Code  Gb  vreg_util.o [4]
?mov_w1_w3              0x00b9ad         Code  Gb  vreg_util.o [4]
?mov_w1_w5              0x00b9ba         Code  Gb  vreg_util.o [4]
?mov_w1_w7              0x00b9c7         Code  Gb  vreg_util.o [4]
?mov_w2_w1              0x00b999         Code  Gb  vreg_util.o [4]
?mov_w3_w1              0x00b9d4         Code  Gb  vreg_util.o [4]
?mov_w3_w5              0x00b9e1         Code  Gb  vreg_util.o [4]
?mov_w3_w7              0x00b9ee         Code  Gb  vreg_util.o [4]
?mov_w5_w1              0x00b9fb         Code  Gb  vreg_util.o [4]
?mov_w6_w0              0x00b9a0         Code  Gb  vreg_util.o [4]
?mov_w7_w1              0x00ba08         Code  Gb  vreg_util.o [4]
?move1616_v_x_y_a       0x00e14c         Code  Gb  move.o [4]
?mul16_x_x_w0           0x00d5b2         Code  Gb  short.o [4]
?mul32_l0_l0_0x         0x00b297         Code  Gb  long.o [4]
?mul32_l0_l0_dl         0x00b294         Code  Gb  long.o [4]
?mul32_l0_l0_l1         0x00b2a0         Code  Gb  long.o [4]
?or32_l0_l0_0x          0x00b3b1         Code  Gb  long.o [4]
?or32_l0_l0_l1          0x00b3ae         Code  Gb  long.o [4]
?pop_l0                 0x00b953         Code  Gb  vreg_util.o [4]
?pop_l1                 0x00b95e         Code  Gb  vreg_util.o [4]
?pop_l2                 0x00b969         Code  Gb  vreg_util.o [4]
?pop_l3                 0x00b974         Code  Gb  vreg_util.o [4]
?pop_w4                 0x00b905         Code  Gb  vreg_util.o [4]
?pop_w6                 0x00b90c         Code  Gb  vreg_util.o [4]
?pop_w7                 0x00b913         Code  Gb  vreg_util.o [4]
?push_l0                0x00b922         Code  Gb  vreg_util.o [4]
?push_l1                0x00b927         Code  Gb  vreg_util.o [4]
?push_l2                0x00b92c         Code  Gb  vreg_util.o [4]
?push_l3                0x00b931         Code  Gb  vreg_util.o [4]
?push_w4                0x00b8e3         Code  Gb  vreg_util.o [4]
?push_w6                0x00b8e8         Code  Gb  vreg_util.o [4]
?push_w7                0x00b8ed         Code  Gb  vreg_util.o [4]
?sext16_x_a             0x00d5fb         Code  Gb  short.o [4]
?sext32_l0_x            0x00b3eb         Code  Gb  long.o [4]
?sll16_x_x_4            0x00d5ea         Code  Gb  short.o [4]
?sll16_x_x_5            0x00d5e9         Code  Gb  short.o [4]
?sll16_x_x_6            0x00d5e8         Code  Gb  short.o [4]
?sll16_x_x_a            0x00d5e0         Code  Gb  short.o [4]
?sll32_0x_0x_a          0x00b3cc         Code  Gb  long.o [4]
?sll32_l0_l0_a          0x00b3c9         Code  Gb  long.o [4]
?smod16_y_x_y           0x00d5d0         Code  Gb  short.o [4]
?sra8_a_a_4             0x00e7d4         Code  Gb  char.o [4]
?srl16_x_x_10           0x00d5f0         Code  Gb  short.o [4]
?srl16_x_x_11           0x00d5ef         Code  Gb  short.o [4]
?srl16_x_x_4            0x00d5f6         Code  Gb  short.o [4]
?srl16_x_x_5            0x00d5f5         Code  Gb  short.o [4]
?srl16_x_x_6            0x00d5f4         Code  Gb  short.o [4]
?srl16_x_x_7            0x00d5f3         Code  Gb  short.o [4]
?srl16_x_x_8            0x00d5f2         Code  Gb  short.o [4]
?srl16_x_x_9            0x00d5f1         Code  Gb  short.o [4]
?srl32_0x_0x_a          0x00b3dd         Code  Gb  long.o [4]
?srl32_l0_l0_a          0x00b3da         Code  Gb  long.o [4]
?srl8_a_a_5             0x00e7cf         Code  Gb  char.o [4]
?srl8_a_a_6             0x00e7ce         Code  Gb  char.o [4]
?sub32_l0_l0_0x         0x00b27c         Code  Gb  long.o [4]
?sub32_l0_l0_l1         0x00b279         Code  Gb  long.o [4]
?udiv32_l0_dl_l1        0x00b31e         Code  Gb  long.o [4]
?udiv32_l0_l0_dl        0x00b323         Code  Gb  long.o [4]
?udiv32_l0_l0_l1        0x00b326         Code  Gb  long.o [4]
?umod32_l1_l0_l1        0x00b326         Code  Gb  long.o [4]
?w0                     0x000000         Data  Gb  vregs.o [4]
?w1                     0x000002         Data  Gb  vregs.o [4]
?w2                     0x000004         Data  Gb  vregs.o [4]
?w3                     0x000006         Data  Gb  vregs.o [4]
?w4                     0x000008         Data  Gb  vregs.o [4]
?w5                     0x00000a         Data  Gb  vregs.o [4]
?w6                     0x00000c         Data  Gb  vregs.o [4]
?w7                     0x00000e         Data  Gb  vregs.o [4]
ADC2_IRQHandler         0x00e949    0x1  Code  Gb  stm8s_it.o [1]
AF_Mute_Init            0x00e788    0xc  Code  Gb  McuConfig.o [1]
AUDIO_IOAFMUT           0x00e29f   0x17  Code  Gb  McuConfig.o [1]
AUDIO_IOAFPOW           0x00e2b6   0x17  Code  Gb  McuConfig.o [1]
AWU_IRQHandler          0x00e939    0x1  Code  Gb  stm8s_it.o [1]
AkeyvolumeCount         0x001552    0x1  Data  Gb  ApiKeyboard.o [1]
AlarmCount              0x001590    0x1  Data  Gb  Task.o [1]
ApGpsCmd_10msRenew      0x00e026   0x23  Code  Gb  ApiGpsCmd.o [1]
ApiAtCmd_100msRenew     0x00a8f2   0x7b  Code  Gb  ApiAtCmd.o [1]
ApiAtCmd_10msRenew      0x00c62a   0xaf  Code  Gb  ApiAtCmd.o [1]
ApiAtCmd_GetGroupName   0x00e5cf   0x11  Code  Gb  ApiPocCmd.o [1]
ApiAtCmd_GetGroupNameLen
                        0x00e411   0x12  Code  Gb  ApiPocCmd.o [1]
ApiAtCmd_GetGroupNum    0x00e8f4    0x4  Code  Gb  ApiPocCmd.o [1]
ApiAtCmd_GetLoginState  0x00e7f7    0xa  Code  Gb  ApiPocCmd.o [1]
ApiAtCmd_GetMainGroupId
                        0x00e8fc    0x4  Code  Gb  ApiPocCmd.o [1]
ApiAtCmd_GetMainUserId  0x00e900    0x4  Code  Gb  ApiPocCmd.o [1]
ApiAtCmd_GetMainWorkName
                        0x00e8ec    0x4  Code  Gb  ApiPocCmd.o [1]
ApiAtCmd_GetMainWorkNameLen
                        0x00e8f0    0x4  Code  Gb  ApiPocCmd.o [1]
ApiAtCmd_GetUserName    0x00e5e0   0x11  Code  Gb  ApiPocCmd.o [1]
ApiAtCmd_GetUserNameLen
                        0x00e423   0x12  Code  Gb  ApiPocCmd.o [1]
ApiAtCmd_GetUserNum     0x00e8f8    0x4  Code  Gb  ApiPocCmd.o [1]
ApiAtCmd_PlayVoice      0x00d16b   0x68  Code  Gb  ApiAtCmd.o [1]
ApiAtCmd_WritCommand    0x00a753  0x152  Code  Gb  ApiAtCmd.o [1]
ApiAtCmd_tcp_state      0x00e7ed    0xa  Code  Gb  ApiAtCmd.o [1]
ApiCaretCmd_10msRenew   0x00ba0f  0x111  Code  Gb  ApiAtCmd.o [1]
ApiGpsCmd_100msRenew    0x008cac  0x2b1  Code  Gb  ApiGpsCmd.o [1]
ApiGpsCmd_PowerOnInitial
                        0x00c788   0xaf  Code  Gb  ApiGpsCmd.o [1]
ApiPocCmd_10msRenew     0x0099d2  0x2f4  Code  Gb  ApiPocCmd.o [1]
ApiPocCmd_WritCommand   0x00b3f6  0x14a  Code  Gb  ApiPocCmd.o [1]
ApiPocCmd_user_info_set
                        0x00c1a2   0xd4  Code  Gb  ApiPocCmd.o [1]
AtCmdDrvobj             0x001380   0x77  Data  Lc  ApiAtCmd.o [1]
AtCmd_NetParamCode      0x00a8a5   0x4d  Code  Lc  ApiAtCmd.o [1]
AtNotify_Queue          0x008118   0x4c  Code  Lc  DrvGD83.o [1]
AtNotify_Queue_Start    0x008164   0x55  Code  Lc  DrvGD83.o [1]
BEEP_Interrupt10ms      0x00e1f8   0x1a  Code  Gb  Beep.o [1]
BEEP_PowerOnInitial     0x009909   0xc9  Code  Gb  Beep.o [1]
BEEP_SetOutput          0x0096d8  0x231  Code  Gb  Beep.o [1]
BEEP_Time               0x00dc9d   0x32  Code  Gb  Beep.o [1]
BaseAdd                 0x00156e   0x20  Data  Gb  DrvGT20L16S1Y.o [1]
BeepDrvObj              0x0014df   0x12  Data  Lc  Beep.o [1]
BitTab                  0x00e86d    0x8  Data  Gb  ApiDisplay.o [1]
BootProcess_PPPCFG_Flag
                        0x00151d    0x1  Data  Gb  ApiAtCmd.o [1]
BootProcess_PPPCFG_Flag_Zanshi
                        0x00152d    0x1  Data  Gb  ApiAtCmd.o [1]
BootProcess_SIMST_Flag  0x00151c    0x1  Data  Gb  ApiAtCmd.o [1]
CHAR_HIGH               0x00e611   0x10  Data  Gb  ApiDisplay.o [1]
CHAR_WIDTH              0x00e621   0x10  Data  Gb  ApiDisplay.o [1]
CLK_ClockSwitchConfig   0x00c988   0xa2  Code  Gb  stm8s_clk.o [1]
CLK_GetClockFreq        0x00d467   0x57  Code  Gb  stm8s_clk.o [1]
CLK_HSIPrescalerConfig  0x00e3c6   0x13  Code  Gb  stm8s_clk.o [1]
CLK_IRQHandler          0x00e93a    0x1  Code  Gb  stm8s_it.o [1]
COML_AscToHex           0x00bff0   0xdb  Code  Gb  CommonLib.o [1]
COML_StringReverse      0x00d2fa   0x5e  Code  Gb  CommonLib.o [1]
CSQ_Flag                0x00151f    0x1  Data  Gb  ApiAtCmd.o [1]
CSTACK$$Base            0x001600          --   Gb  - Linker created -
CSTACK$$Limit           0x001800          --   Gb  - Linker created -
C_TEST_OUT_SET          0x00e7a0    0xc  Code  Gb  McuConfig.o [1]
CaretNotify_Queue       0x008080   0x4c  Code  Lc  DrvGD83.o [1]
CaretNotify_Queue_Start
                        0x00820e   0x55  Code  Lc  DrvGD83.o [1]
DEL_100msProcess        0x00ca48   0x4d  Code  Lc  Delay.o [1]
DEL_10msProcess         0x00ca95   0x1c  Code  Lc  Delay.o [1]
DEL_1msProcess          0x00cab1    0x9  Code  Lc  Delay.o [1]
DEL_500msProcess        0x00ca2a   0x1e  Code  Lc  Delay.o [1]
DEL_GetTimer            0x00d4be   0x54  Code  Gb  Delay.o [1]
DEL_Interrupt           0x00c8e6   0xa2  Code  Gb  Delay.o [1]
DEL_PowerOnInitial      0x00e12d   0x1f  Code  Gb  Delay.o [1]
DEL_Renew               0x00caba    0xc  Code  Gb  Delay.o [1]
DEL_SetTimer            0x00cfb3   0x73  Code  Gb  Delay.o [1]
DEL_Soft1ms             0x00e1a6   0x1c  Code  Gb  Delay.o [1]
DEL_TimerRenew          0x00de3f   0x28  Code  Lc  Delay.o [1]
DISP_DataBuf            0x00c347   0xc5  Code  Lc  ApiDisplay.o [1]
DISP_MulTypePro         0x00c578   0xb2  Code  Lc  ApiDisplay.o [1]
Dec2Hex                 0x00d602   0x4e  Code  Gb  CommonLib.o [1]
DefaultSystemClockForHSI
                        0x00e1dd   0x1b  Code  Gb  sysclock.o [1]
DelDrvObj               0x001503    0xb  Data  Lc  Delay.o [1]
Delay_100ms             0x00da3c   0x40  Code  Gb  Task.o [1]
DisDataBit              0x00148b   0x40  Data  Gb  ApiDisplay.o [1]
DisDataBuf              0x001180  0x200  Data  Gb  ApiDisplay.o [1]
DrvGD83DrvObj           0x000ef6  0x28a  Data  Lc  DrvGD83.o [1]
DrvGD83_Init            0x00e22a   0x18  Code  Gb  McuConfig.o [1]
DrvGD83_UART_TxCommand  0x00cf39   0x7a  Code  Gb  DrvGD83.o [1]
DrvMC8332_AtNotify_Queue_front
                        0x00d7c8   0x49  Code  Gb  DrvGD83.o [1]
DrvMC8332_CaretNotify_Queue_front
                        0x00d77f   0x49  Code  Gb  DrvGD83.o [1]
DrvMC8332_GpsNotify_Queue_front
                        0x00d85a   0x49  Code  Gb  DrvGD83.o [1]
DrvMC8332_PocNotify_Queue_front
                        0x00d811   0x49  Code  Gb  DrvGD83.o [1]
DrvMC8332_Software_Initial
                        0x00daba   0x3d  Code  Gb  DrvGD83.o [1]
DrvMC8332_TxPort_SetValidable
                        0x00ddbf   0x2c  Code  Gb  DrvGD83.o [1]
DrvMC8332_UART_Interrupt
                        0x0084cd  0x3bc  Code  Gb  DrvGD83.o [1]
DrvMc8332_UART_TxTail   0x00bf0f   0xe1  Code  Gb  DrvGD83.o [1]
EEPROM_EEC_IRQHandler   0x00e94b    0x1  Code  Gb  stm8s_it.o [1]
EXTI_PORTA_IRQHandler   0x00e93b    0x1  Code  Gb  stm8s_it.o [1]
EXTI_PORTB_IRQHandler   0x00e93c    0x1  Code  Gb  stm8s_it.o [1]
EXTI_PORTC_IRQHandler   0x00e93d    0x1  Code  Gb  stm8s_it.o [1]
EXTI_PORTD_IRQHandler   0x00e93e    0x1  Code  Gb  stm8s_it.o [1]
EXTI_PORTE_IRQHandler   0x00e93f    0x1  Code  Gb  stm8s_it.o [1]
FILE_Read               0x00d976   0x43  Code  Gb  Flash_eeprom.o [1]
FILE_Write              0x00d933   0x43  Code  Gb  Flash_eeprom.o [1]
FLASH_EraseOptionByte   0x00de8f   0x27  Code  Gb  stm8s_flash.o [1]
FLASH_GetFlagStatus     0x00e365   0x14  Code  Gb  stm8s_flash.o [1]
FLASH_Lock              0x00e8b6    0x7  Code  Gb  stm8s_flash.o [1]
FLASH_ProgramByte       0x00e8d0    0x5  Code  Gb  stm8s_flash.o [1]
FLASH_ProgramOptionByte
                        0x00dfde   0x24  Code  Gb  stm8s_flash.o [1]
FLASH_ReadByte          0x00e8d5    0x5  Code  Gb  stm8s_flash.o [1]
FLASH_Unlock            0x00e2fb   0x16  Code  Gb  stm8s_flash.o [1]
FLASH_WaitForLastOperation
                        0x00db2d   0x36  Code  Gb  stm8s_flash.o [1]
GD83_ON                 0x00e242   0x18  Code  Gb  McuConfig.o [1]
GPIO_Init               0x00c837   0xaf  Code  Gb  stm8s_gpio.o [1]
GPIO_ReadInputPin       0x00e853    0x9  Code  Gb  stm8s_gpio.o [1]
GPIO_WriteHigh          0x00e8bd    0x7  Code  Gb  stm8s_gpio.o [1]
GPIO_WriteLow           0x00e904    0x4  Code  Gb  stm8s_gpio.o [1]
GT20_DelTime            0x00e351   0x14  Code  Lc  DrvGT20L16S1Y.o [1]
GT20_GetData            0x00d29b   0x5f  Code  Lc  DrvGT20L16S1Y.o [1]
GT20_GetDisData         0x00daf7   0x36  Code  Lc  DrvGT20L16S1Y.o [1]
GT20_SendByte           0x00d40d   0x5a  Code  Lc  DrvGT20L16S1Y.o [1]
GT20_SendCommand        0x00d69e   0x4c  Code  Lc  DrvGT20L16S1Y.o [1]
GetPersonalCallingMode  0x00e6d2    0xe  Code  Gb  ApiPocCmd.o [1]
GetPlayState            0x00e801    0xa  Code  Gb  ApiPocCmd.o [1]
GetTaskId               0x00e918    0x4  Code  Gb  System.o [1]
GpsCmd_GbAnalytical     0x00a23d  0x292  Code  Lc  ApiGpsCmd.o [1]
GpsCmd_GbDataTransave   0x009cc6  0x2e1  Code  Lc  ApiGpsCmd.o [1]
GpsCmd_GbWritCommand    0x008889  0x423  Code  Lc  ApiGpsCmd.o [1]
GpsFunDrvObj            0x001518    0x2  Data  Lc  ApiGpsCmd.o [1]
GpsNotify_Queue         0x008451   0x7c  Code  Lc  DrvGD83.o [1]
GpsNotify_Queue_Start   0x008263   0x99  Code  Lc  DrvGD83.o [1]
GroupCallingNum         0x001559    0x1  Data  Gb  ApiKeyboard.o [1]
HSE_ClockStartUpConfiguration
                        0x00dd62   0x30  Code  Lc  sysclock.o [1]
HSIDivFactor            0x00e8e4    0x4  Data  Gb  stm8s_clk.o [1]
HexToChar_GroupCallingNum
                        0x00e0ed   0x20  Code  Gb  ApiPocCmd.o [1]
HexToChar_MainGroupId   0x00e0cd   0x20  Code  Gb  ApiPocCmd.o [1]
HexToChar_MainUserId    0x00e08e   0x21  Code  Gb  ApiPocCmd.o [1]
HexToChar_PersonalCallingNum
                        0x00e06c   0x22  Code  Gb  ApiPocCmd.o [1]
HtgDrvObj               0x00151a    0x2  Data  Lc  DrvHTG12832.o [1]
I2C_IRQHandler          0x00e947    0x1  Code  Gb  stm8s_it.o [1]
INTVEC$$Base            0x008000          --   Gb  - Linker created -
INTVEC$$Limit           0x008080          --   Gb  - Linker created -
ITC_SetSoftwarePriority
                        0x00bd29  0x101  Code  Gb  stm8s_itc.o [1]
Ico_DataBuf             0x008f5d  0x400  Data  Gb  ApiDisplay.o [1]
KEY_TABLE               0x00e91f    0x3  Data  Lc  uart3.o [1]
KeyDownUpChoose_GroupOrUser_Flag
                        0x001520    0x1  Data  Gb  ApiAtCmd.o [1]
KeyPersonalCallingCount
                        0x001524    0x1  Data  Gb  ApiKeyboard.o [1]
KeyUpDownCount          0x001523    0x1  Data  Gb  ApiKeyboard.o [1]
Key_Flag_0              0x00152a    0x1  Data  Gb  Task.o [1]
Key_Flag_1              0x001525    0x1  Data  Gb  ApiKeyboard.o [1]
Key_Init                0x00dd32   0x30  Code  Gb  McuConfig.o [1]
Key_PersonalCalling_Flag
                        0x00152b    0x1  Data  Gb  Task.o [1]
Keyboard_Test           0x00935d  0x37b  Code  Gb  ApiKeyboard.o [1]
LED_Conut               0x001526    0x1  Data  Gb  ApiLED.o [1]
LED_Init                0x00df96   0x24  Code  Gb  McuConfig.o [1]
LED_IntOutputRenew      0x00d358   0x5b  Code  Gb  ApiLED.o [1]
MIC_GPIO_Init           0x00e77c    0xc  Code  Gb  McuConfig.o [1]
MIC_IOMUT               0x00e288   0x17  Code  Gb  McuConfig.o [1]
NoUseNum                0x001529    0x1  Data  Gb  Task.o [1]
Noise_Mute_Init         0x00e794    0xc  Code  Gb  McuConfig.o [1]
Notify_Queue_Stop       0x0082fc  0x155  Code  Lc  DrvGD83.o [1]
PAS_NULLTBL             0x00e631   0x10  Data  Lc  uart3.o [1]
POC_GetGroupInformationFlag
                        0x001527    0x1  Data  Gb  ApiPocCmd.o [1]
POC_TABLE               0x00e922    0x3  Data  Lc  uart3.o [1]
PasObj                  0x001514    0x4  Data  Lc  uart3.o [1]
PersonalCallingNum      0x001522    0x1  Data  Gb  ApiKeyboard.o [1]
PocCmdDrvobj            0x000010  0xee6  Data  Lc  ApiPocCmd.o [1]
PocNotify_Queue         0x0080cc   0x4c  Code  Lc  DrvGD83.o [1]
PocNotify_Queue_Start   0x0081b9   0x55  Code  Lc  DrvGD83.o [1]
ReadBuffer              0x0013f7   0x50  Data  Gb  ApiPocCmd.o [1]
Region$$Table$$Base     0x00e0af          --   Gb  - Linker created -
Region$$Table$$Limit    0x00e0cd          --   Gb  - Linker created -
SPI_IRQHandler          0x00e940    0x1  Code  Gb  stm8s_it.o [1]
Set_GreenLed            0x00e25a   0x17  Code  Gb  McuConfig.o [1]
Set_RedLed              0x00e271   0x17  Code  Gb  McuConfig.o [1]
SystemClock_Init        0x00deb6   0x27  Code  Gb  sysclock.o [1]
TASK_WriteFreq          0x00e928    0x3  Code  Gb  Task.o [1]
TIM1_CAP_COM_IRQHandler
                        0x00e942    0x1  Code  Gb  stm8s_it.o [1]
TIM1_CCxCmd             0x00d9b9   0x43  Code  Gb  stm8s_tim1.o [1]
TIM1_Cmd                0x00e715    0xd  Code  Gb  stm8s_tim1.o [1]
TIM1_CtrlPWMOutputs     0x00e722    0xd  Code  Gb  stm8s_tim1.o [1]
TIM1_DeInit             0x00cac6   0x99  Code  Gb  stm8s_tim1.o [1]
TIM1_OC1Init            0x00d23a   0x61  Code  Gb  stm8s_tim1.o [1]
TIM1_OC1PreloadConfig   0x00e72f    0xd  Code  Gb  stm8s_tim1.o [1]
TIM1_PWM_Init           0x00d650   0x4e  Code  Gb  Tone.o [1]
TIM1_TimeBaseInit       0x00e002   0x24  Code  Gb  stm8s_tim1.o [1]
TIM1_UPD_OVF_TRG_BRK_IRQHandler
                        0x00e941    0x1  Code  Gb  stm8s_it.o [1]
TIM2_CAP_COM_IRQHandler
                        0x00e944    0x1  Code  Gb  stm8s_it.o [1]
TIM2_UPD_OVF_BRK_IRQHandler
                        0x00e943    0x1  Code  Gb  stm8s_it.o [1]
TIM3_ARRPreloadConfig   0x00e749    0xd  Code  Gb  stm8s_tim3.o [1]
TIM3_CAP_COM_IRQHandler
                        0x00e945    0x1  Code  Gb  stm8s_it.o [1]
TIM3_ClearITPendingBit  0x00e8da    0x5  Code  Gb  stm8s_tim3.o [1]
TIM3_Cmd                0x00e73c    0xd  Code  Gb  stm8s_tim3.o [1]
TIM3_ITConfig           0x00e3d9   0x13  Code  Gb  stm8s_tim3.o [1]
TIM3_PrescalerConfig    0x00e85c    0x9  Code  Gb  stm8s_tim3.o [1]
TIM3_TimeBaseInit       0x00e7ac    0xc  Code  Gb  stm8s_tim3.o [1]
TIM3_UPD_OVF_BRK_IRQHandler
                        0x00e1c2   0x1b  Code  Gb  stm8s_it.o [1]
TIM4_UPD_OVF_IRQHandler
                        0x00e94a    0x1  Code  Gb  stm8s_it.o [1]
TLI_IRQHandler          0x00e938    0x1  Code  Gb  stm8s_it.o [1]
TONE_PowerOnInitial     0x00d1d3   0x67  Code  Gb  Tone.o [1]
TONE_Start              0x00e051   0x1b  Code  Gb  Tone.o [1]
TONE_Stop               0x00e049    0x8  Code  Gb  Tone.o [1]
TRAP_IRQHandler         0x00e937    0x1  Code  Gb  stm8s_it.o [1]
TaskDrvObj              0x0014cb   0x14  Data  Lc  System.o [1]
Task_RunNormalOperation
                        0x00a4cf  0x284  Code  Gb  Task.o [1]
Task_RunStart           0x00ad6d  0x1ad  Code  Gb  Task.o [1]
Test1                   0x001521    0x1  Data  Gb  ApiGpsCmd.o [1]
Tim3_Timer_Init         0x00dfba   0x24  Code  Gb  McuConfig.o [1]
TimeVal                 0x001566    0x8  Data  Gb  DrvGT20L16S1Y.o [1]
ToneDrvObj              0x0014f1   0x12  Data  Lc  Tone.o [1]
UART1_Cmd               0x00e756    0xd  Code  Gb  stm8s_uart1.o [1]
UART1_DeInit            0x00dd92   0x2d  Code  Gb  stm8s_uart1.o [1]
UART1_GetFlagStatus     0x00dccf   0x32  Code  Gb  stm8s_uart1.o [1]
UART1_GetITStatus       0x00cbf8   0x90  Code  Gb  stm8s_uart1.o [1]
UART1_ITConfig          0x00d0ff   0x6c  Code  Gb  stm8s_uart1.o [1]
UART1_Init              0x00b7af  0x134  Code  Gb  stm8s_uart1.o [1]
UART1_RX_IRQHandler     0x00e10d   0x20  Code  Gb  stm8s_it.o [1]
UART1_ReceiveData8      0x00e908    0x4  Code  Gb  stm8s_uart1.o [1]
UART1_SendData8         0x00e90c    0x4  Code  Gb  stm8s_uart1.o [1]
UART1_TX_IRQHandler     0x00e946    0x1  Code  Gb  stm8s_it.o [1]
UART3_Cmd               0x00e763    0xd  Code  Gb  stm8s_uart3.o [1]
UART3_DeInit            0x00df27   0x25  Code  Gb  stm8s_uart3.o [1]
UART3_GetFlagStatus     0x00d8a3   0x49  Code  Gb  stm8s_uart3.o [1]
UART3_GetITStatus       0x00c4c4   0xb4  Code  Gb  stm8s_uart3.o [1]
UART3_ITConfig          0x00cda5   0x8c  Code  Gb  stm8s_uart3.o [1]
UART3_Init              0x00bb20  0x105  Code  Gb  stm8s_uart3.o [1]
UART3_Interrupt         0x00e33c   0x15  Code  Gb  uart3.o [1]
UART3_RX_IRQHandler     0x00e311   0x16  Code  Gb  stm8s_it.o [1]
UART3_ReceiveData8      0x00e910    0x4  Code  Gb  stm8s_uart3.o [1]
UART3_SendByte          0x00e6e0    0xe  Code  Gb  uart3.o [1]
UART3_SendData8         0x00e914    0x4  Code  Gb  stm8s_uart3.o [1]
UART3_TX_IRQHandler     0x00e948    0x1  Code  Gb  stm8s_it.o [1]
UART3_ToMcuMain         0x00da7c   0x3e  Code  Gb  uart3.o [1]
UART_Delay              0x00e435   0x12  Code  Lc  uart3.o [1]
UART_ErrorAck           0x00d720   0x15  Code  Lc  uart3.o [1]
UART_GetCheckSum        0x00cd17   0x2d  Code  Lc  uart3.o [1]
UART_KeyCommand         0x00bc25  0x104  Code  Lc  uart3.o [1]
UART_Link               0x00cd44   0x61  Code  Lc  uart3.o [1]
UART_PasCommand         0x00af1a  0x1aa  Code  Lc  uart3.o [1]
UART_PocCommand         0x00d512   0x50  Code  Lc  uart3.o [1]
UART_RightAck           0x00d026   0x6d  Code  Lc  uart3.o [1]
UART_RxFrame            0x00d562   0x50  Code  Lc  uart3.o [1]
UART_TxSend             0x00d6ea   0x36  Code  Lc  uart3.o [1]
UART_WriteCommand       0x00c40c   0xb8  Code  Lc  uart3.o [1]
Uart1_Init              0x00de15   0x2a  Code  Gb  McuConfig.o [1]
Uart3_Init              0x00dbce   0x35  Code  Gb  uart3.o [1]
UartDrvObj              0x001447   0x44  Data  Lc  uart3.o [1]
VOICE_1sProcess         0x00e67d    0xf  Code  Gb  Voice.o [1]
VOICE_Renew             0x00cb5f   0x70  Code  Gb  Voice.o [1]
VOICE_SetOutput         0x00cbcf   0x29  Code  Gb  Voice.o [1]
VoiceDrvObj             0x00150e    0x6  Data  Lc  Voice.o [1]
VoiceEnd_Flag           0x00151e    0x1  Data  Gb  ApiAtCmd.o [1]
WRITE_TABLE             0x00e8e8    0x4  Data  Lc  uart3.o [1]
WriteEEPROMByte         0x00db99   0x35  Code  Gb  Flash_eeprom.o [1]
__DebugBreak            0x00e94c    0x1  Code  Gb  __dbg_break.o [3]
__exit                  0x00e379   0x14  Code  Gb  __dbg_xxexit.o [3]
__iar_copy_init2        0x00de67         Code  Gb  init_small.o [4]
__iar_data_init2        0x00e2e4   0x17  Code  Gb  init.o [4]
__iar_program_start     0x00e3ec         Code  Gb  cstartup.o [4]
__iar_unhandled_exception
                        0x00e934         Code  Gb  unhandled_exception.o [4]
__iar_zero_init2        0x00e16b         Code  Gb  init_small.o [4]
__intvec                0x008000         Data  Gb  interrupt.o [4]
__low_level_init        0x00e92e    0x3  Code  Gb  low_level_init.o [4]
_exit                   0x00e8df         Code  Gb  cexit.o [4]
_interrupt_1            0x00e937         Code  Gb  stm8s_it.o [1]
_interrupt_12           0x00e940         Code  Gb  stm8s_it.o [1]
_interrupt_13           0x00e941         Code  Gb  stm8s_it.o [1]
_interrupt_14           0x00e942         Code  Gb  stm8s_it.o [1]
_interrupt_15           0x00e943         Code  Gb  stm8s_it.o [1]
_interrupt_16           0x00e944         Code  Gb  stm8s_it.o [1]
_interrupt_17           0x00e1c2         Code  Gb  stm8s_it.o [1]
_interrupt_18           0x00e945         Code  Gb  stm8s_it.o [1]
_interrupt_19           0x00e946         Code  Gb  stm8s_it.o [1]
_interrupt_2            0x00e938         Code  Gb  stm8s_it.o [1]
_interrupt_20           0x00e10d         Code  Gb  stm8s_it.o [1]
_interrupt_21           0x00e947         Code  Gb  stm8s_it.o [1]
_interrupt_22           0x00e948         Code  Gb  stm8s_it.o [1]
_interrupt_23           0x00e311         Code  Gb  stm8s_it.o [1]
_interrupt_24           0x00e949         Code  Gb  stm8s_it.o [1]
_interrupt_25           0x00e94a         Code  Gb  stm8s_it.o [1]
_interrupt_26           0x00e94b         Code  Gb  stm8s_it.o [1]
_interrupt_3            0x00e939         Code  Gb  stm8s_it.o [1]
_interrupt_4            0x00e93a         Code  Gb  stm8s_it.o [1]
_interrupt_5            0x00e93b         Code  Gb  stm8s_it.o [1]
_interrupt_6            0x00e93c         Code  Gb  stm8s_it.o [1]
_interrupt_7            0x00e93d         Code  Gb  stm8s_it.o [1]
_interrupt_8            0x00e93e         Code  Gb  stm8s_it.o [1]
_interrupt_9            0x00e93f         Code  Gb  stm8s_it.o [1]
api_diap_ico_pos_get    0x00d3b3   0x5a  Code  Gb  ApiDisplay.o [1]
api_disp_all_screen_refresh
                        0x00d735   0x4a  Code  Gb  ApiDisplay.o [1]
api_disp_char_output    0x00e327   0x15  Code  Gb  ApiDisplay.o [1]
api_disp_ico_output     0x00c6d9   0xaf  Code  Gb  ApiDisplay.o [1]
api_disp_icoid_output   0x00cc88   0x8f  Code  Gb  ApiDisplay.o [1]
api_lcd_pwr_on_hint     0x00dc37   0x33  Code  Gb  ApiDisplay.o [1]
api_lcd_pwr_on_hint2    0x00dc03   0x34  Code  Gb  ApiDisplay.o [1]
api_poc_command_set     0x00c0cb   0xd7  Code  Gb  uart3.o [1]
drv_gt20_data_output    0x00b0c4  0x19a  Code  Gb  DrvGT20L16S1Y.o [1]
drv_gt20_pwr_on_init    0x00dc9a    0x3  Code  Gb  DrvGT20L16S1Y.o [1]
drv_htg_clr_allscr      0x00aa8b   0x31  Code  Gb  DrvHTG12832.o [1]
drv_htg_pwr_on_init     0x00ab7d    0x9  Code  Gb  DrvHTG12832.o [1]
drv_htg_reset           0x00a96d    0x5  Code  Gb  DrvHTG12832.o [1]
drv_htg_set_address     0x00a9e1   0x3b  Code  Gb  DrvHTG12832.o [1]
drv_htg_write_command   0x00a972   0x6f  Code  Gb  DrvHTG12832.o [1]
drv_htg_write_data      0x00aa1c   0x6f  Code  Gb  DrvHTG12832.o [1]
drv_keypad_scan         0x00ab86  0x1e7  Code  Gb  DrvKeyboard.o [1]
exit                    0x00e931    0x3  Code  Gb  exit.o [4]
get_key_value           0x00be2a   0xe5  Code  Gb  ApiKeyboard.o [1]
htg_delay_ms            0x00aabc   0x1e  Code  Lc  DrvHTG12832.o [1]
htg_initial             0x00aada   0x5b  Code  Lc  DrvHTG12832.o [1]
key_scan_board          0x00b540  0x139  Code  Gb  DrvKeyboard.o [1]
main                    0x00e925    0x3  Code  Gb  main.o [1]
main_app                0x00c276   0xd1  Code  Gb  System.o [1]
mcu_gt20_initial        0x00dc6a   0x30  Code  Lc  DrvGT20L16S1Y.o [1]
mcu_key_pad_out         0x00ce31   0x8a  Code  Gb  DrvKeyboard.o [1]
mcu_key_pad_read        0x00d093   0x6c  Code  Gb  DrvKeyboard.o [1]
mcu_key_pad_set         0x00b679  0x136  Code  Gb  DrvKeyboard.o [1]
mcu_lcd_initial         0x00ab35   0x48  Code  Lc  DrvHTG12832.o [1]
memcmp                  0x00db63   0x36  Code  Gb  memcmp.o [4]
memcpy                  0x00df4c   0x25  Code  Gb  memcpy.o [4]
memset                  0x00e2cd   0x17  Code  Gb  memset.o [4]
pack_data               0x009fa7  0x296  Code  Lc  ApiGpsCmd.o [1]
strlen                  0x00e447   0x12  Code  Gb  strlen.o [4]
ucAtPocHead             0x00155a    0x2  Data  Gb  ApiPocCmd.o [1]
ucCLVL                  0x001597    0x2  Data  Gb  Task.o [1]
ucCODECCTL              0x00159b    0x2  Data  Gb  Task.o [1]
ucCSQ                   0x0015a3    0x2  Data  Gb  Task.o [1]
ucCaretPPPCFG           0x00153a    0x2  Data  Gb  ApiAtCmd.o [1]
ucCheckCard             0x001550    0x2  Data  Gb  ApiAtCmd.o [1]
ucCheckPPP              0x001548    0x2  Data  Gb  ApiAtCmd.o [1]
ucCheckRssi             0x00154e    0x2  Data  Gb  ApiAtCmd.o [1]
ucCheckTcp              0x00153e    0x2  Data  Gb  ApiAtCmd.o [1]
ucEndPTT                0x001593    0x2  Data  Gb  Task.o [1]
ucGD83Reset             0x00158e    0x2  Data  Gb  System.o [1]
ucOSSYSHWID             0x00159d    0x2  Data  Gb  Task.o [1]
ucPPPCFG                0x0015a5    0x2  Data  Gb  Task.o [1]
ucPlayZtts              0x00153c    0x2  Data  Gb  ApiAtCmd.o [1]
ucPocOpenConfig         0x0015a9    0x2  Data  Gb  Task.o [1]
ucPrefmode2             0x00159f    0x2  Data  Gb  Task.o [1]
ucPrefmode4             0x0015a1    0x2  Data  Gb  Task.o [1]
ucQuitPersonalCalling   0x001557    0x2  Data  Gb  ApiKeyboard.o [1]
ucRequestUserListInfo   0x001595    0x2  Data  Gb  Task.o [1]
ucRxCSQ31               0x001532    0x2  Data  Gb  ApiAtCmd.o [1]
ucRxCSQ99               0x001534    0x2  Data  Gb  ApiAtCmd.o [1]
ucRxCheckCard           0x00152e    0x2  Data  Gb  ApiAtCmd.o [1]
ucRxCheckPppClose       0x00154c    0x2  Data  Gb  ApiAtCmd.o [1]
ucRxCheckPppOpen        0x00154a    0x2  Data  Gb  ApiAtCmd.o [1]
ucRxCheckTcp            0x001544    0x2  Data  Gb  ApiAtCmd.o [1]
ucRxOkHeadInfo          0x001562    0x2  Data  Gb  DrvGD83.o [1]
ucRxPocHeadInfo         0x001560    0x2  Data  Gb  DrvGD83.o [1]
ucRxTcpDataHeadInfo     0x001564    0x2  Data  Gb  DrvGD83.o [1]
ucRxZTTS0               0x001530    0x2  Data  Gb  ApiAtCmd.o [1]
ucSIMST1                0x001536    0x2  Data  Gb  ApiAtCmd.o [1]
ucSIMST255              0x001538    0x2  Data  Gb  ApiAtCmd.o [1]
ucSendTcp               0x001542    0x2  Data  Gb  ApiAtCmd.o [1]
ucSetIPAndID            0x00155c    0x2  Data  Gb  ApiPocCmd.o [1]
ucSetIp                 0x001540    0x2  Data  Gb  ApiAtCmd.o [1]
ucStartPTT              0x001591    0x2  Data  Gb  Task.o [1]
ucTxPocHeadInfo         0x00155e    0x2  Data  Gb  DrvGD83.o [1]
ucVGR                   0x001599    0x2  Data  Gb  Task.o [1]
ucVGR1                  0x001553    0x2  Data  Gb  ApiKeyboard.o [1]
ucVGR7                  0x001555    0x2  Data  Gb  ApiKeyboard.o [1]
ucZTTS_Abell            0x0015a7    0x2  Data  Gb  Task.o [1]
ucZpppOpen              0x001546    0x2  Data  Gb  ApiAtCmd.o [1]
x                       0x00152c    0x1  Data  Gb  Task.o [1]


[1] = E:\1-source\A508\PRJ\Debug\Obj
[2] = command line
[3] = dbgstm8smd.a
[4] = dlstm8smn.a

  24 433 bytes of readonly  code memory
   2 524 bytes of readonly  data memory
   6 059 bytes of readwrite data memory

Errors: none
Warnings: none
