###############################################################################
#
# IAR ELF Linker V2.20.1.176 for STM8                     29/Dec/2017  19:32:25
# Copyright 2010-2015 IAR Systems AB.
#
#    Output file  =  E:\1-source\A508\PRJ\Debug\Exe\A508_DEMO1.out
#    Map file     =  E:\1-source\A508\PRJ\Debug\List\A508_DEMO1.map
#    Command line =  
#        E:\1-source\A508\PRJ\Debug\Obj\ADC.o
#        E:\1-source\A508\PRJ\Debug\Obj\ApiAtCmd.o
#        E:\1-source\A508\PRJ\Debug\Obj\ApiDisplay.o
#        E:\1-source\A508\PRJ\Debug\Obj\ApiGpsCmd.o
#        E:\1-source\A508\PRJ\Debug\Obj\ApiKeyboard.o
#        E:\1-source\A508\PRJ\Debug\Obj\ApiLED.o
#        E:\1-source\A508\PRJ\Debug\Obj\ApiPocCmd.o
#        E:\1-source\A508\PRJ\Debug\Obj\Beep.o
#        E:\1-source\A508\PRJ\Debug\Obj\CommonLib.o
#        E:\1-source\A508\PRJ\Debug\Obj\Delay.o
#        E:\1-source\A508\PRJ\Debug\Obj\DrvGD83.o
#        E:\1-source\A508\PRJ\Debug\Obj\DrvGT20L16S1Y.o
#        E:\1-source\A508\PRJ\Debug\Obj\DrvHTG12832.o
#        E:\1-source\A508\PRJ\Debug\Obj\DrvKeyboard.o
#        E:\1-source\A508\PRJ\Debug\Obj\Flash_eeprom.o
#        E:\1-source\A508\PRJ\Debug\Obj\main.o
#        E:\1-source\A508\PRJ\Debug\Obj\McuConfig.o
#        E:\1-source\A508\PRJ\Debug\Obj\stm8s_adc2.o
#        E:\1-source\A508\PRJ\Debug\Obj\stm8s_awu.o
#        E:\1-source\A508\PRJ\Debug\Obj\stm8s_beep.o
#        E:\1-source\A508\PRJ\Debug\Obj\stm8s_clk.o
#        E:\1-source\A508\PRJ\Debug\Obj\stm8s_exti.o
#        E:\1-source\A508\PRJ\Debug\Obj\stm8s_flash.o
#        E:\1-source\A508\PRJ\Debug\Obj\stm8s_gpio.o
#        E:\1-source\A508\PRJ\Debug\Obj\stm8s_i2c.o
#        E:\1-source\A508\PRJ\Debug\Obj\stm8s_it.o
#        E:\1-source\A508\PRJ\Debug\Obj\stm8s_itc.o
#        E:\1-source\A508\PRJ\Debug\Obj\stm8s_iwdg.o
#        E:\1-source\A508\PRJ\Debug\Obj\stm8s_rst.o
#        E:\1-source\A508\PRJ\Debug\Obj\stm8s_spi.o
#        E:\1-source\A508\PRJ\Debug\Obj\stm8s_tim1.o
#        E:\1-source\A508\PRJ\Debug\Obj\stm8s_tim2.o
#        E:\1-source\A508\PRJ\Debug\Obj\stm8s_tim3.o
#        E:\1-source\A508\PRJ\Debug\Obj\stm8s_tim4.o
#        E:\1-source\A508\PRJ\Debug\Obj\stm8s_uart1.o
#        E:\1-source\A508\PRJ\Debug\Obj\stm8s_uart3.o
#        E:\1-source\A508\PRJ\Debug\Obj\stm8s_wwdg.o
#        E:\1-source\A508\PRJ\Debug\Obj\sysclock.o
#        E:\1-source\A508\PRJ\Debug\Obj\System.o
#        E:\1-source\A508\PRJ\Debug\Obj\Task.o
#        E:\1-source\A508\PRJ\Debug\Obj\Tone.o
#        E:\1-source\A508\PRJ\Debug\Obj\uart3.o
#        E:\1-source\A508\PRJ\Debug\Obj\Voice.o --redirect _Printf=_PrintfSmall
#        --redirect _Scanf=_ScanfSmall -o
#        E:\1-source\A508\PRJ\Debug\Exe\A508_DEMO1.out --map
#        E:\1-source\A508\PRJ\Debug\List\A508_DEMO1.map --config "C:\Program
#        Files\IAR Systems\Embedded Workbench
#        7.3\stm8\config\lnkstm8s007c8.icf" --config_def _CSTACK_SIZE=0x200
#        --config_def _HEAP_SIZE=0x100 --entry __iar_program_start --debug_lib
#
###############################################################################

*******************************************************************************
*** RUNTIME MODEL ATTRIBUTES
***

__SystemLibrary            = DLib
__code_model               = small
__core                     = stm8
__data_model               = medium
__dlib_file_descriptor     = 0
__dlib_full_locale_support = 0
__rt_version               = 4


*******************************************************************************
*** PLACEMENT SUMMARY
***

"A1":  place at start of [0x000000-0x0000ff] { rw section .vregs };
"A2":  place at end of [0x000000-0x0017ff] { block CSTACK };
"P2":  place in [from 0x000000 to 0x0017ff] {
          block HEAP, rw section __DLIB_PERTHREAD, rw section .far.bss,
          rw section .far.data, rw section .far.noinit,
          rw section .far_func.textrw, rw section .huge.bss,
          rw section .huge.data, rw section .huge.noinit,
          rw section .huge_func.textrw, rw section .iar.dynexit,
          rw section .near.bss, rw section .near.data, rw section .near.noinit,
          rw section .near_func.textrw };
"A3":  place at start of [0x008000-0x00ffff] { block INTVEC };
"P3":  place in [from 0x008000 to 0x00ffff] {
          ro section __DLIB_PERTHREAD_init, ro section .far.data_init,
          ro section .far_func.textrw_init, ro section .huge.data_init,
          ro section .huge_func.textrw_init, ro section .iar.init_table,
          ro section .init_array, ro section .near.data_init,
          ro section .near.rodata, ro section .near_func.text,
          ro section .near_func.textrw_init, ro section .tiny.data_init,
          ro section .tiny.rodata_init };

  Section            Kind      Address    Size  Object
  -------            ----      -------    ----  ------
"A1":                                     0x10
  .vregs             uninit   0x000000    0x10  vregs.o [4]
                            - 0x000010    0x10

"P2", part 1 of 5:                       0xef5
  .near.bss          zero     0x000010   0xef5  ApiPocCmd.o [1]
                            - 0x000f05   0xef5

"P2", part 2 of 5:                       0x28a
  .near.bss          zero     0x000f05   0x28a  DrvGD83.o [1]
                            - 0x00118f   0x28a

"P2", part 3 of 5:                       0x200
  .near.bss          zero     0x00118f   0x200  ApiDisplay.o [1]
                            - 0x00138f   0x200

"P2", part 4 of 5:                       0x1af
  .near.bss          zero     0x00138f    0x77  ApiAtCmd.o [1]
  .near.bss          zero     0x001406    0x50  ApiPocCmd.o [1]
  .near.bss          zero     0x001456    0x44  uart3.o [1]
  .near.bss          zero     0x00149a    0x40  ApiDisplay.o [1]
  .near.bss          zero     0x0014da    0x14  System.o [1]
  .near.bss          zero     0x0014ee    0x12  Beep.o [1]
  .near.bss          zero     0x001500    0x12  Tone.o [1]
  .near.bss          zero     0x001512     0xb  Delay.o [1]
  .near.bss          zero     0x00151d     0x6  Voice.o [1]
  .near.bss          zero     0x001523     0x4  uart3.o [1]
  .near.bss          zero     0x001527     0x2  ApiGpsCmd.o [1]
  .near.bss          zero     0x001529     0x2  DrvHTG12832.o [1]
  .near.bss          zero     0x00152b     0x1  ADC.o [1]
  .near.bss          zero     0x00152c     0x1  ApiAtCmd.o [1]
  .near.bss          zero     0x00152d     0x1  ApiAtCmd.o [1]
  .near.bss          zero     0x00152e     0x1  ApiAtCmd.o [1]
  .near.bss          zero     0x00152f     0x1  ApiAtCmd.o [1]
  .near.bss          zero     0x001530     0x1  ApiAtCmd.o [1]
  .near.bss          zero     0x001531     0x1  ApiGpsCmd.o [1]
  .near.bss          zero     0x001532     0x1  ApiKeyboard.o [1]
  .near.bss          zero     0x001533     0x1  ApiKeyboard.o [1]
  .near.bss          zero     0x001534     0x1  ApiKeyboard.o [1]
  .near.bss          zero     0x001535     0x1  ApiKeyboard.o [1]
  .near.bss          zero     0x001536     0x1  ApiLED.o [1]
  .near.bss          zero     0x001537     0x1  ApiPocCmd.o [1]
  .near.bss          zero     0x001538     0x1  ApiPocCmd.o [1]
  .near.bss          zero     0x001539     0x1  DrvGD83.o [1]
  .near.bss          zero     0x00153a     0x1  Task.o [1]
  .near.bss          zero     0x00153b     0x1  Task.o [1]
  .near.bss          zero     0x00153c     0x1  Task.o [1]
  .near.bss          zero     0x00153d     0x1  Task.o [1]
                            - 0x00153e   0x1af

"P2", part 5 of 5:                        0x7e
  P2-1                        0x00153e    0x7e  <Init block>
    .near.data       inited   0x00153e     0x1  ApiAtCmd.o [1]
    .near.data       inited   0x00153f     0x2  ApiAtCmd.o [1]
    .near.data       inited   0x001541     0x2  ApiAtCmd.o [1]
    .near.data       inited   0x001543     0x2  ApiAtCmd.o [1]
    .near.data       inited   0x001545     0x2  ApiAtCmd.o [1]
    .near.data       inited   0x001547     0x2  ApiAtCmd.o [1]
    .near.data       inited   0x001549     0x2  ApiAtCmd.o [1]
    .near.data       inited   0x00154b     0x2  ApiAtCmd.o [1]
    .near.data       inited   0x00154d     0x2  ApiAtCmd.o [1]
    .near.data       inited   0x00154f     0x2  ApiAtCmd.o [1]
    .near.data       inited   0x001551     0x2  ApiAtCmd.o [1]
    .near.data       inited   0x001553     0x2  ApiAtCmd.o [1]
    .near.data       inited   0x001555     0x2  ApiAtCmd.o [1]
    .near.data       inited   0x001557     0x2  ApiAtCmd.o [1]
    .near.data       inited   0x001559     0x2  ApiAtCmd.o [1]
    .near.data       inited   0x00155b     0x2  ApiAtCmd.o [1]
    .near.data       inited   0x00155d     0x2  ApiAtCmd.o [1]
    .near.data       inited   0x00155f     0x2  ApiAtCmd.o [1]
    .near.data       inited   0x001561     0x2  ApiAtCmd.o [1]
    .near.data       inited   0x001563     0x1  ApiKeyboard.o [1]
    .near.data       inited   0x001564     0x2  ApiKeyboard.o [1]
    .near.data       inited   0x001566     0x2  ApiKeyboard.o [1]
    .near.data       inited   0x001568     0x2  ApiKeyboard.o [1]
    .near.data       inited   0x00156a     0x1  ApiKeyboard.o [1]
    .near.data       inited   0x00156b     0x2  ApiPocCmd.o [1]
    .near.data       inited   0x00156d     0x2  ApiPocCmd.o [1]
    .near.data       inited   0x00156f     0x2  DrvGD83.o [1]
    .near.data       inited   0x001571     0x2  DrvGD83.o [1]
    .near.data       inited   0x001573     0x2  DrvGD83.o [1]
    .near.data       inited   0x001575     0x2  DrvGD83.o [1]
    .near.data       inited   0x001577     0x8  DrvGT20L16S1Y.o [1]
    .near.data       inited   0x00157f    0x20  DrvGT20L16S1Y.o [1]
    .near.data       inited   0x00159f     0x2  System.o [1]
    .near.data       inited   0x0015a1     0x1  Task.o [1]
    .near.data       inited   0x0015a2     0x2  Task.o [1]
    .near.data       inited   0x0015a4     0x2  Task.o [1]
    .near.data       inited   0x0015a6     0x2  Task.o [1]
    .near.data       inited   0x0015a8     0x2  Task.o [1]
    .near.data       inited   0x0015aa     0x2  Task.o [1]
    .near.data       inited   0x0015ac     0x2  Task.o [1]
    .near.data       inited   0x0015ae     0x2  Task.o [1]
    .near.data       inited   0x0015b0     0x2  Task.o [1]
    .near.data       inited   0x0015b2     0x2  Task.o [1]
    .near.data       inited   0x0015b4     0x2  Task.o [1]
    .near.data       inited   0x0015b6     0x2  Task.o [1]
    .near.data       inited   0x0015b8     0x2  Task.o [1]
    .near.data       inited   0x0015ba     0x2  Task.o [1]
                            - 0x0015bc    0x7e

"A2":                                    0x200
  CSTACK                      0x001600   0x200  <Block>
    CSTACK           uninit   0x001600   0x200  <Block tail>
                            - 0x001800   0x200

"A3":                                     0x80
  INTVEC                      0x008000    0x80  <Block>
    .intvec          const    0x008000    0x80  interrupt.o [4]
                            - 0x008080    0x80

"P3":                                   0x6c4f
  .near_func.text    ro code  0x008080   0x809  DrvGD83.o [1]
  .near_func.text    ro code  0x008889   0x6d4  ApiGpsCmd.o [1]
  .near.rodata       const    0x008f5d   0x400  ApiDisplay.o [1]
  .near_func.text    ro code  0x00935d   0x37b  ApiKeyboard.o [1]
  .near_func.text    ro code  0x0096d8   0x2fa  Beep.o [1]
  .near_func.text    ro code  0x0099d2   0x2f8  ApiPocCmd.o [1]
  .near_func.text    ro code  0x009cca   0x2e8  Task.o [1]
  .near_func.text    ro code  0x009fb2   0x2e1  ApiGpsCmd.o [1]
  .near_func.text    ro code  0x00a293   0x296  ApiGpsCmd.o [1]
  .near_func.text    ro code  0x00a529   0x292  ApiGpsCmd.o [1]
  .near_func.text    ro code  0x00a7bb   0x21a  ApiAtCmd.o [1]
  .near_func.text    ro code  0x00a9d5   0x219  DrvHTG12832.o [1]
  .near_func.text    ro code  0x00abee   0x1e7  DrvKeyboard.o [1]
  .near_func.text    ro code  0x00add5   0x1ad  Task.o [1]
  .near_func.text    ro code  0x00af82   0x1aa  uart3.o [1]
  .near_func.text    ro code  0x00b12c   0x19a  DrvGT20L16S1Y.o [1]
  .near_func.text    ro code  0x00b2c6   0x198  long.o [4]
  .near_func.text    ro code  0x00b45e   0x14a  ApiPocCmd.o [1]
  .near_func.text    ro code  0x00b5a8   0x139  DrvKeyboard.o [1]
  .near_func.text    ro code  0x00b6e1   0x136  DrvKeyboard.o [1]
  .near_func.text    ro code  0x00b817   0x134  stm8s_uart1.o [1]
  .near_func.text    ro code  0x00b94b   0x12c  vreg_util.o [4]
  .near_func.text    ro code  0x00ba77   0x111  ApiAtCmd.o [1]
  .near_func.text    ro code  0x00bb88   0x105  stm8s_uart3.o [1]
  .near_func.text    ro code  0x00bc8d   0x104  uart3.o [1]
  .near_func.text    ro code  0x00bd91   0x101  stm8s_itc.o [1]
  .near_func.text    ro code  0x00be92    0xf5  System.o [1]
  .near_func.text    ro code  0x00bf87    0xf0  ADC.o [1]
  .near_func.text    ro code  0x00c077    0xe5  ApiKeyboard.o [1]
  .near_func.text    ro code  0x00c15c    0xe1  DrvGD83.o [1]
  .near_func.text    ro code  0x00c23d    0xdb  CommonLib.o [1]
  .near_func.text    ro code  0x00c318    0xd7  uart3.o [1]
  .near_func.text    ro code  0x00c3ef    0xd4  ApiPocCmd.o [1]
  .near_func.text    ro code  0x00c4c3    0xc5  ApiDisplay.o [1]
  .near_func.text    ro code  0x00c588    0xb8  uart3.o [1]
  .near_func.text    ro code  0x00c640    0xb4  stm8s_uart3.o [1]
  .near_func.text    ro code  0x00c6f4    0xb2  ApiDisplay.o [1]
  .near_func.text    ro code  0x00c7a6    0xaf  ApiAtCmd.o [1]
  .near_func.text    ro code  0x00c855    0xaf  ApiDisplay.o [1]
  .near_func.text    ro code  0x00c904    0xaf  ApiGpsCmd.o [1]
  .near_func.text    ro code  0x00c9b3    0xaf  stm8s_gpio.o [1]
  .near_func.text    ro code  0x00ca62    0xa2  Delay.o [1]
  .near_func.text    ro code  0x00cb04    0xa2  stm8s_clk.o [1]
  .near_func.text    ro code  0x00cba6    0x9c  Delay.o [1]
  .near_func.text    ro code  0x00cc42    0x99  stm8s_tim1.o [1]
  .near_func.text    ro code  0x00ccdb    0x99  Voice.o [1]
  .near_func.text    ro code  0x00cd74    0x90  stm8s_uart1.o [1]
  .near_func.text    ro code  0x00ce04    0x8f  ApiDisplay.o [1]
  .near_func.text    ro code  0x00ce93    0x8e  uart3.o [1]
  .near_func.text    ro code  0x00cf21    0x8c  stm8s_uart3.o [1]
  .near_func.text    ro code  0x00cfad    0x8a  DrvKeyboard.o [1]
  .near_func.text    ro code  0x00d037    0x7e  stm8s_adc2.o [1]
  Initializer bytes  const    0x00d0b5    0x7e  <for P2-1>
  .near_func.text    ro code  0x00d133    0x7a  DrvGD83.o [1]
  .near_func.text    ro code  0x00d1ad    0x73  Delay.o [1]
  .near_func.text    ro code  0x00d220    0x6d  uart3.o [1]
  .near_func.text    ro code  0x00d28d    0x6c  DrvKeyboard.o [1]
  .near_func.text    ro code  0x00d2f9    0x6c  stm8s_uart1.o [1]
  .near_func.text    ro code  0x00d365    0x68  ApiAtCmd.o [1]
  .near_func.text    ro code  0x00d3cd    0x67  Tone.o [1]
  .near_func.text    ro code  0x00d434    0x61  stm8s_tim1.o [1]
  .near_func.text    ro code  0x00d495    0x5f  DrvGT20L16S1Y.o [1]
  .near_func.text    ro code  0x00d4f4    0x5e  CommonLib.o [1]
  .near_func.text    ro code  0x00d552    0x5b  ApiLED.o [1]
  .near_func.text    ro code  0x00d5ad    0x5a  ApiDisplay.o [1]
  .near_func.text    ro code  0x00d607    0x5a  DrvGT20L16S1Y.o [1]
  .near_func.text    ro code  0x00d661    0x57  stm8s_clk.o [1]
  .near_func.text    ro code  0x00d6b8    0x54  Delay.o [1]
  .near_func.text    ro code  0x00d70c    0x53  stm8s_adc2.o [1]
  .near_func.text    ro code  0x00d75f    0x50  uart3.o [1]
  .near_func.text    ro code  0x00d7af    0x50  uart3.o [1]
  .near_func.text    ro code  0x00d7ff    0x50  short.o [4]
  .near_func.text    ro code  0x00d84f    0x4e  CommonLib.o [1]
  .near_func.text    ro code  0x00d89d    0x4e  Tone.o [1]
  .near_func.text    ro code  0x00d8eb    0x4c  DrvGT20L16S1Y.o [1]
  .near_func.text    ro code  0x00d937    0x4b  uart3.o [1]
  .near_func.text    ro code  0x00d982    0x4a  ApiDisplay.o [1]
  .near_func.text    ro code  0x00d9cc    0x49  DrvGD83.o [1]
  .near_func.text    ro code  0x00da15    0x49  DrvGD83.o [1]
  .near_func.text    ro code  0x00da5e    0x49  DrvGD83.o [1]
  .near_func.text    ro code  0x00daa7    0x49  DrvGD83.o [1]
  .near_func.text    ro code  0x00daf0    0x49  stm8s_uart3.o [1]
  .near_func.text    ro code  0x00db39    0x47  long_util.o [4]
  .near_func.text    ro code  0x00db80    0x43  Flash_eeprom.o [1]
  .near_func.text    ro code  0x00dbc3    0x43  Flash_eeprom.o [1]
  .near_func.text    ro code  0x00dc06    0x43  stm8s_tim1.o [1]
  .near_func.text    const    0x00dc49    0x40  ApiDisplay.o [1]
  .near_func.text    ro code  0x00dc89    0x40  Task.o [1]
  .near_func.text    ro code  0x00dcc9    0x3e  uart3.o [1]
  .near_func.text    ro code  0x00dd07    0x3d  DrvGD83.o [1]
  .near_func.text    ro code  0x00dd44    0x36  DrvGT20L16S1Y.o [1]
  .near_func.text    ro code  0x00dd7a    0x36  stm8s_flash.o [1]
  .near_func.text    ro code  0x00ddb0    0x36  memcmp.o [4]
  .near_func.text    ro code  0x00dde6    0x35  Flash_eeprom.o [1]
  .near_func.text    ro code  0x00de1b    0x35  uart3.o [1]
  .near_func.text    ro code  0x00de50    0x33  DrvGT20L16S1Y.o [1]
  .near_func.text    ro code  0x00de83    0x32  Beep.o [1]
  .near_func.text    ro code  0x00deb5    0x32  stm8s_uart1.o [1]
  .near.rodata       const    0x00dee7    0x31  Task.o [1]
  .near_func.text    ro code  0x00df18    0x30  McuConfig.o [1]
  .near_func.text    ro code  0x00df48    0x30  sysclock.o [1]
  .near_func.text    ro code  0x00df78    0x2f  stm8s_adc2.o [1]
  .near_func.text    ro code  0x00dfa7    0x2d  stm8s_uart1.o [1]
  .near_func.text    ro code  0x00dfd4    0x2c  ApiDisplay.o [1]
  .near_func.text    ro code  0x00e000    0x2c  DrvGD83.o [1]
  .near_func.text    ro code  0x00e02c    0x2c  stm8s_adc2.o [1]
  .near_func.text    ro code  0x00e058    0x2b  ApiDisplay.o [1]
  .near.rodata       const    0x00e083    0x2a  Task.o [1]
  .near_func.text    ro code  0x00e0ad    0x2a  McuConfig.o [1]
  .near_func.text    ro code  0x00e0d7    0x28  Delay.o [1]
  .near_func.text    ro code  0x00e0ff    0x28  init_small.o [4]
  .near_func.text    ro code  0x00e127    0x27  stm8s_flash.o [1]
  .near_func.text    ro code  0x00e14e    0x27  sysclock.o [1]
  .near_func.text    ro code  0x00e175    0x26  Task.o [1]
  .near.rodata       const    0x00e19b    0x25  Task.o [1]
  .near.rodata       const    0x00e1c0    0x25  Task.o [1]
  .near.rodata       const    0x00e1e5    0x25  Task.o [1]
  .near_func.text    ro code  0x00e20a    0x25  stm8s_uart3.o [1]
  .near_func.text    ro code  0x00e22f    0x25  memcpy.o [4]
  .near_func.text    ro code  0x00e254    0x25  dc_util.o [4]
  .near_func.text    ro code  0x00e279    0x24  McuConfig.o [1]
  .near_func.text    ro code  0x00e29d    0x24  McuConfig.o [1]
  .near_func.text    ro code  0x00e2c1    0x24  stm8s_flash.o [1]
  .near_func.text    ro code  0x00e2e5    0x24  stm8s_tim1.o [1]
  .near_func.text    ro code  0x00e309    0x23  ADC.o [1]
  .near_func.text    ro code  0x00e32c    0x23  ApiGpsCmd.o [1]
  .near_func.text    ro code  0x00e34f    0x23  Tone.o [1]
  .near_func.text    ro code  0x00e372    0x22  ApiPocCmd.o [1]
  .near_func.text    ro code  0x00e394    0x21  ApiPocCmd.o [1]
  .near_func.text    ro code  0x00e3b5    0x21  stm8s_adc2.o [1]
  .iar.init_table    const    0x00e3d6    0x1e  - Linker created -
  .near_func.text    ro code  0x00e3f4    0x20  ADC.o [1]
  .near_func.text    ro code  0x00e414    0x20  ApiPocCmd.o [1]
  .near_func.text    ro code  0x00e434    0x20  ApiPocCmd.o [1]
  .near_func.text    ro code  0x00e454    0x20  stm8s_it.o [1]
  .near_func.text    ro code  0x00e474    0x1f  Delay.o [1]
  .near_func.text    ro code  0x00e493    0x1f  move.o [4]
  .near_func.text    ro code  0x00e4b2    0x1e  init_small.o [4]
  .near.rodata       const    0x00e4d0    0x1d  Task.o [1]
  .near_func.text    ro code  0x00e4ed    0x1c  Delay.o [1]
  .near_func.text    ro code  0x00e509    0x1b  stm8s_it.o [1]
  .near_func.text    ro code  0x00e524    0x1b  sysclock.o [1]
  .near_func.text    ro code  0x00e53f    0x1a  Beep.o [1]
  .near.rodata       const    0x00e559    0x18  Task.o [1]
  .near_func.text    ro code  0x00e571    0x18  McuConfig.o [1]
  .near_func.text    ro code  0x00e589    0x18  McuConfig.o [1]
  .near_func.text    ro code  0x00e5a1    0x17  McuConfig.o [1]
  .near_func.text    ro code  0x00e5b8    0x17  McuConfig.o [1]
  .near_func.text    ro code  0x00e5cf    0x17  McuConfig.o [1]
  .near_func.text    ro code  0x00e5e6    0x17  McuConfig.o [1]
  .near_func.text    ro code  0x00e5fd    0x17  McuConfig.o [1]
  .near_func.text    ro code  0x00e614    0x17  memset.o [4]
  .near_func.text    ro code  0x00e62b    0x17  init.o [4]
  .near_func.text    ro code  0x00e642    0x16  stm8s_flash.o [1]
  .near_func.text    ro code  0x00e658    0x16  stm8s_it.o [1]
  .near_func.text    ro code  0x00e66e    0x15  ApiDisplay.o [1]
  .near_func.text    ro code  0x00e683    0x15  uart3.o [1]
  .near_func.text    ro code  0x00e698    0x14  DrvGT20L16S1Y.o [1]
  .near_func.text    ro code  0x00e6ac    0x14  stm8s_flash.o [1]
  .near_func.text    ro code  0x00e6c0    0x14  __dbg_xxexit.o [3]
  .near.rodata       const    0x00e6d4    0x13  ApiAtCmd.o [1]
  .near.rodata       const    0x00e6e7    0x13  Task.o [1]
  .near.rodata       const    0x00e6fa    0x13  Task.o [1]
  .near_func.text    ro code  0x00e70d    0x13  stm8s_adc2.o [1]
  .near_func.text    ro code  0x00e720    0x13  stm8s_clk.o [1]
  .near_func.text    ro code  0x00e733    0x13  stm8s_tim3.o [1]
  .near_func.text    ro code  0x00e746    0x13  cstartup.o [4]
  .near.rodata       const    0x00e759    0x12  ApiAtCmd.o [1]
  .near.rodata       const    0x00e76b    0x12  Task.o [1]
  .near_func.text    ro code  0x00e77d    0x12  ApiPocCmd.o [1]
  .near_func.text    ro code  0x00e78f    0x12  ApiPocCmd.o [1]
  .near_func.text    ro code  0x00e7a1    0x12  uart3.o [1]
  .near_func.text    ro code  0x00e7b3    0x12  strlen.o [4]
  .near.rodata       const    0x00e7c5    0x11  ApiKeyboard.o [1]
  .near.rodata       const    0x00e7d6    0x11  ApiKeyboard.o [1]
  .near.rodata       const    0x00e7e7    0x11  ApiKeyboard.o [1]
  .near.rodata       const    0x00e7f8    0x11  ApiKeyboard.o [1]
  .near.rodata       const    0x00e809    0x11  ApiKeyboard.o [1]
  .near.rodata       const    0x00e81a    0x11  ApiKeyboard.o [1]
  .near.rodata       const    0x00e82b    0x11  ApiKeyboard.o [1]
  .near.rodata       const    0x00e83c    0x11  ApiKeyboard.o [1]
  .near.rodata       const    0x00e84d    0x11  CommonLib.o [1]
  .near.rodata       const    0x00e85e    0x11  System.o [1]
  .near.rodata       const    0x00e86f    0x11  Task.o [1]
  .near.rodata       const    0x00e880    0x11  Task.o [1]
  .near.rodata       const    0x00e891    0x11  Task.o [1]
  .near.rodata       const    0x00e8a2    0x11  Task.o [1]
  .near.rodata       const    0x00e8b3    0x11  Task.o [1]
  .near.rodata       const    0x00e8c4    0x11  Task.o [1]
  .near.rodata       const    0x00e8d5    0x11  Task.o [1]
  .near.rodata       const    0x00e8e6    0x11  Task.o [1]
  .near.rodata       const    0x00e8f7    0x11  Task.o [1]
  .near.rodata       const    0x00e908    0x11  Task.o [1]
  .near.rodata       const    0x00e919    0x11  Task.o [1]
  .near.rodata       const    0x00e92a    0x11  Task.o [1]
  .near_func.text    ro code  0x00e93b    0x11  ApiPocCmd.o [1]
  .near_func.text    ro code  0x00e94c    0x11  ApiPocCmd.o [1]
  .near.rodata       const    0x00e95d    0x10  ApiAtCmd.o [1]
  .near.rodata       const    0x00e96d    0x10  ApiAtCmd.o [1]
  .near.rodata       const    0x00e97d    0x10  ApiDisplay.o [1]
  .near.rodata       const    0x00e98d    0x10  ApiDisplay.o [1]
  .near.rodata       const    0x00e99d    0x10  uart3.o [1]
  .near.rodata       const    0x00e9ad     0xf  ApiAtCmd.o [1]
  .near.rodata       const    0x00e9bc     0xf  ApiKeyboard.o [1]
  .near.rodata       const    0x00e9cb     0xf  Task.o [1]
  .near.rodata       const    0x00e9da     0xf  Task.o [1]
  .near_func.text    ro code  0x00e9e9     0xf  Voice.o [1]
  .near.rodata       const    0x00e9f8     0xe  ApiAtCmd.o [1]
  .near.rodata       const    0x00ea06     0xe  ApiAtCmd.o [1]
  .near.rodata       const    0x00ea14     0xe  ApiAtCmd.o [1]
  .near.rodata       const    0x00ea22     0xe  Task.o [1]
  .near.rodata       const    0x00ea30     0xe  Task.o [1]
  .near_func.text    ro code  0x00ea3e     0xe  ApiPocCmd.o [1]
  .near_func.text    ro code  0x00ea4c     0xe  uart3.o [1]
  .near.rodata       const    0x00ea5a     0xd  ApiPocCmd.o [1]
  .near.rodata       const    0x00ea67     0xd  ApiPocCmd.o [1]
  .near.rodata       const    0x00ea74     0xd  Task.o [1]
  .near_func.text    ro code  0x00ea81     0xd  stm8s_adc2.o [1]
  .near_func.text    ro code  0x00ea8e     0xd  stm8s_tim1.o [1]
  .near_func.text    ro code  0x00ea9b     0xd  stm8s_tim1.o [1]
  .near_func.text    ro code  0x00eaa8     0xd  stm8s_tim1.o [1]
  .near_func.text    ro code  0x00eab5     0xd  stm8s_tim3.o [1]
  .near_func.text    ro code  0x00eac2     0xd  stm8s_tim3.o [1]
  .near_func.text    ro code  0x00eacf     0xd  stm8s_uart1.o [1]
  .near_func.text    ro code  0x00eadc     0xd  stm8s_uart3.o [1]
  .near.rodata       const    0x00eae9     0xc  ApiAtCmd.o [1]
  .near_func.text    ro code  0x00eaf5     0xc  McuConfig.o [1]
  .near_func.text    ro code  0x00eb01     0xc  McuConfig.o [1]
  .near_func.text    ro code  0x00eb0d     0xc  McuConfig.o [1]
  .near_func.text    ro code  0x00eb19     0xc  McuConfig.o [1]
  .near_func.text    ro code  0x00eb25     0xc  stm8s_tim3.o [1]
  .near.rodata       const    0x00eb31     0xb  ApiAtCmd.o [1]
  .near.rodata       const    0x00eb3c     0xb  Task.o [1]
  .near_func.text    ro code  0x00eb47     0xb  char.o [4]
  .near.rodata       const    0x00eb52     0xa  ApiAtCmd.o [1]
  .near.rodata       const    0x00eb5c     0xa  Task.o [1]
  .near_func.text    ro code  0x00eb66     0xa  ApiAtCmd.o [1]
  .near_func.text    ro code  0x00eb70     0xa  ApiPocCmd.o [1]
  .near_func.text    ro code  0x00eb7a     0xa  ApiPocCmd.o [1]
  .near.rodata       const    0x00eb84     0x9  ApiAtCmd.o [1]
  .near.rodata       const    0x00eb8d     0x9  ApiAtCmd.o [1]
  .near.rodata       const    0x00eb96     0x9  ApiAtCmd.o [1]
  .near.rodata       const    0x00eb9f     0x9  ApiKeyboard.o [1]
  .near.rodata       const    0x00eba8     0x9  ApiKeyboard.o [1]
  .near.rodata       const    0x00ebb1     0x9  DrvGD83.o [1]
  .near.rodata       const    0x00ebba     0x9  System.o [1]
  .near.rodata       const    0x00ebc3     0x9  Task.o [1]
  .near_func.text    ro code  0x00ebcc     0x9  stm8s_gpio.o [1]
  .near_func.text    ro code  0x00ebd5     0x9  stm8s_tim3.o [1]
  .near.rodata       const    0x00ebde     0x8  ApiAtCmd.o [1]
  .near.rodata       const    0x00ebe6     0x8  ApiDisplay.o [1]
  .near.rodata       const    0x00ebee     0x8  ApiPocCmd.o [1]
  .near.rodata       const    0x00ebf6     0x8  Task.o [1]
  .near.rodata       const    0x00ebfe     0x7  ApiAtCmd.o [1]
  .near.rodata       const    0x00ec05     0x7  ApiAtCmd.o [1]
  .near.rodata       const    0x00ec0c     0x7  ApiAtCmd.o [1]
  .near.rodata       const    0x00ec13     0x7  ApiPocCmd.o [1]
  .near.rodata       const    0x00ec1a     0x7  DrvGD83.o [1]
  .near.rodata       const    0x00ec21     0x7  Task.o [1]
  .near.rodata       const    0x00ec28     0x7  Task.o [1]
  .near_func.text    ro code  0x00ec2f     0x7  stm8s_flash.o [1]
  .near_func.text    ro code  0x00ec36     0x7  stm8s_gpio.o [1]
  .near.rodata       const    0x00ec3d     0x6  DrvGD83.o [1]
  .near.rodata       const    0x00ec43     0x6  System.o [1]
  .near_func.text    ro code  0x00ec49     0x5  stm8s_adc2.o [1]
  .near_func.text    ro code  0x00ec4e     0x5  stm8s_flash.o [1]
  .near_func.text    ro code  0x00ec53     0x5  stm8s_flash.o [1]
  .near_func.text    ro code  0x00ec58     0x5  stm8s_tim3.o [1]
  .near_func.text    ro code  0x00ec5d     0x5  cexit.o [4]
  .near.rodata       const    0x00ec62     0x4  stm8s_clk.o [1]
  .near.rodata       const    0x00ec66     0x4  uart3.o [1]
  .near_func.text    ro code  0x00ec6a     0x4  ApiPocCmd.o [1]
  .near_func.text    ro code  0x00ec6e     0x4  ApiPocCmd.o [1]
  .near_func.text    ro code  0x00ec72     0x4  ApiPocCmd.o [1]
  .near_func.text    ro code  0x00ec76     0x4  ApiPocCmd.o [1]
  .near_func.text    ro code  0x00ec7a     0x4  ApiPocCmd.o [1]
  .near_func.text    ro code  0x00ec7e     0x4  ApiPocCmd.o [1]
  .near_func.text    ro code  0x00ec82     0x4  stm8s_gpio.o [1]
  .near_func.text    ro code  0x00ec86     0x4  stm8s_uart1.o [1]
  .near_func.text    ro code  0x00ec8a     0x4  stm8s_uart1.o [1]
  .near_func.text    ro code  0x00ec8e     0x4  stm8s_uart3.o [1]
  .near_func.text    ro code  0x00ec92     0x4  stm8s_uart3.o [1]
  .near_func.text    ro code  0x00ec96     0x4  System.o [1]
  .near_func.text    ro code  0x00ec9a     0x4  System.o [1]
  .near.rodata       const    0x00ec9e     0x3  DrvGD83.o [1]
  .near.rodata       const    0x00eca1     0x3  uart3.o [1]
  .near.rodata       const    0x00eca4     0x3  uart3.o [1]
  .near_func.text    ro code  0x00eca7     0x3  main.o [1]
  .near_func.text    ro code  0x00ecaa     0x3  Task.o [1]
  .near_func.text    ro code  0x00ecad     0x3  interrupt.o [4]
  .near_func.text    ro code  0x00ecb0     0x3  low_level_init.o [4]
  .near_func.text    ro code  0x00ecb3     0x3  exit.o [4]
  .near_func.text    ro code  0x00ecb6     0x3  unhandled_exception.o [4]
  .near_func.text    ro code  0x00ecb9     0x1  stm8s_it.o [1]
  .near_func.text    ro code  0x00ecba     0x1  stm8s_it.o [1]
  .near_func.text    ro code  0x00ecbb     0x1  stm8s_it.o [1]
  .near_func.text    ro code  0x00ecbc     0x1  stm8s_it.o [1]
  .near_func.text    ro code  0x00ecbd     0x1  stm8s_it.o [1]
  .near_func.text    ro code  0x00ecbe     0x1  stm8s_it.o [1]
  .near_func.text    ro code  0x00ecbf     0x1  stm8s_it.o [1]
  .near_func.text    ro code  0x00ecc0     0x1  stm8s_it.o [1]
  .near_func.text    ro code  0x00ecc1     0x1  stm8s_it.o [1]
  .near_func.text    ro code  0x00ecc2     0x1  stm8s_it.o [1]
  .near_func.text    ro code  0x00ecc3     0x1  stm8s_it.o [1]
  .near_func.text    ro code  0x00ecc4     0x1  stm8s_it.o [1]
  .near_func.text    ro code  0x00ecc5     0x1  stm8s_it.o [1]
  .near_func.text    ro code  0x00ecc6     0x1  stm8s_it.o [1]
  .near_func.text    ro code  0x00ecc7     0x1  stm8s_it.o [1]
  .near_func.text    ro code  0x00ecc8     0x1  stm8s_it.o [1]
  .near_func.text    ro code  0x00ecc9     0x1  stm8s_it.o [1]
  .near_func.text    ro code  0x00ecca     0x1  stm8s_it.o [1]
  .near_func.text    ro code  0x00eccb     0x1  stm8s_it.o [1]
  .near_func.text    ro code  0x00eccc     0x1  stm8s_it.o [1]
  .near_func.text    ro code  0x00eccd     0x1  stm8s_it.o [1]
  .near_func.text    ro code  0x00ecce     0x1  __dbg_break.o [3]
                            - 0x00eccf  0x6c4f


*******************************************************************************
*** INIT TABLE
***

          Address   Size
          -------   ----
Zero (__iar_zero_init2)
    4 destination ranges, total size 0x152e:
          0x000010  0xef5
          0x000f05  0x28a
          0x00118f  0x200
          0x00138f  0x1af

Copy (__iar_copy_init2)
    1 source range, total size 0x7e:
          0x00d0b5   0x7e
    1 destination range, total size 0x7e:
          0x00153e   0x7e



*******************************************************************************
*** MODULE SUMMARY
***

    Module                 ro code  ro data  rw data
    ------                 -------  -------  -------
E:\1-source\A508\PRJ\Debug\Obj: [1]
    ADC.o                      307                 1
    ApiAtCmd.o               1 100      252      161
    ApiDisplay.o               965    1 128      576
    ApiGpsCmd.o              4 015                 3
    ApiKeyboard.o            1 120      177       12
    ApiLED.o                    91                 1
    ApiPocCmd.o              1 561       45    3 915
    Beep.o                     838                18
    CommonLib.o                391       17
    Delay.o                    616                11
    DrvGD83.o                2 801       33      659
    DrvGT20L16S1Y.o            796       40       40
    DrvHTG12832.o              537                 2
    DrvKeyboard.o            1 356
    Flash_eeprom.o             187
    McuConfig.o                373
    System.o                   253       34       22
    Task.o                   1 278      665       31
    Tone.o                     216                18
    Voice.o                    168                 6
    main.o                       3
    stm8s_adc2.o               370
    stm8s_clk.o                268        4
    stm8s_flash.o              188
    stm8s_gpio.o               195
    stm8s_it.o                 102
    stm8s_itc.o                257
    stm8s_tim1.o               392
    stm8s_tim3.o                71
    stm8s_uart1.o              676
    stm8s_uart3.o              712
    sysclock.o                 114
    uart3.o                  1 739       26       72
    ------------------------------------------------
    Total:                  24 056    2 421    5 548

command line: [2]
    ------------------------------------------------
    Total:

dbgstm8smd.a: [3]
    __dbg_break.o                1
    __dbg_xxexit.o              20
    ------------------------------------------------
    Total:                      21

dlstm8smn.a: [4]
    cexit.o                      5
    char.o                      11
    cstartup.o                  19
    dc_util.o                   37
    exit.o                       3
    init.o                      23
    init_small.o                70
    interrupt.o                  3      128
    long.o                     408
    long_util.o                 71
    low_level_init.o             3
    memcmp.o                    54
    memcpy.o                    37
    memset.o                    23
    move.o                      31
    short.o                     80
    strlen.o                    18
    unhandled_exception.o        3
    vreg_util.o                300
    vregs.o                                       16
    ------------------------------------------------
    Total:                   1 199      128       16

    Linker created                       30      512
----------------------------------------------------
    Grand Total:            25 276    2 579    6 076


*******************************************************************************
*** ENTRY LIST
***

Entry                    Address   Size  Type      Object
-----                    -------   ----  ----      ------
.iar.init_table$$Base   0x00e3d6          --   Gb  - Linker created -
.iar.init_table$$Limit  0x00e3f4          --   Gb  - Linker created -
?add32_l0_l0_0x         0x00b2c9         Code  Gb  long.o [4]
?add32_l0_l0_l1         0x00b2c6         Code  Gb  long.o [4]
?and32_l0_l0_0x         0x00b3fe         Code  Gb  long.o [4]
?and32_l0_l0_l1         0x00b3fb         Code  Gb  long.o [4]
?b0                     0x000000         Data  Gb  vregs.o [4]
?b1                     0x000001         Data  Gb  vregs.o [4]
?b10                    0x00000a         Data  Gb  vregs.o [4]
?b11                    0x00000b         Data  Gb  vregs.o [4]
?b12                    0x00000c         Data  Gb  vregs.o [4]
?b13                    0x00000d         Data  Gb  vregs.o [4]
?b14                    0x00000e         Data  Gb  vregs.o [4]
?b15                    0x00000f         Data  Gb  vregs.o [4]
?b2                     0x000002         Data  Gb  vregs.o [4]
?b3                     0x000003         Data  Gb  vregs.o [4]
?b4                     0x000004         Data  Gb  vregs.o [4]
?b5                     0x000005         Data  Gb  vregs.o [4]
?b6                     0x000006         Data  Gb  vregs.o [4]
?b7                     0x000007         Data  Gb  vregs.o [4]
?b8                     0x000008         Data  Gb  vregs.o [4]
?b9                     0x000009         Data  Gb  vregs.o [4]
?dc32_l0                0x00e254         Code  Gb  dc_util.o [4]
?dc32_l1                0x00e261         Code  Gb  dc_util.o [4]
?dc32_px                0x00e26e         Code  Gb  dc_util.o [4]
?e0                     0x000001         Data  Gb  vregs.o [4]
?e1                     0x000005         Data  Gb  vregs.o [4]
?e2                     0x000009         Data  Gb  vregs.o [4]
?e3                     0x00000d         Data  Gb  vregs.o [4]
?epilogue_l2            0x00b9f2         Code  Gb  vreg_util.o [4]
?epilogue_l2_l3         0x00b9ef         Code  Gb  vreg_util.o [4]
?epilogue_l2_w6         0x00b9f6         Code  Gb  vreg_util.o [4]
?epilogue_w4            0x00b9fd         Code  Gb  vreg_util.o [4]
?l0                     0x000000         Data  Gb  vregs.o [4]
?l1                     0x000004         Data  Gb  vregs.o [4]
?l2                     0x000008         Data  Gb  vregs.o [4]
?l3                     0x00000c         Data  Gb  vregs.o [4]
?load32_0x_l0           0x00db72         Code  Gb  long_util.o [4]
?load32_asp_l0          0x00db66         Code  Gb  long_util.o [4]
?load32_dbsp_l0         0x00db61         Code  Gb  long_util.o [4]
?load32_l0_0x           0x00db49         Code  Gb  long_util.o [4]
?load32_l0_asp          0x00db3e         Code  Gb  long_util.o [4]
?load32_l0_dbsp         0x00db39         Code  Gb  long_util.o [4]
?load32_l0_xsp          0x00db40         Code  Gb  long_util.o [4]
?load32_l1_0x           0x00db55         Code  Gb  long_util.o [4]
?load32_xsp_l0          0x00db68         Code  Gb  long_util.o [4]
?longfarg16_v_w0_a      0x00e4a0         Code  Gb  move.o [4]
?longfarg16_v_w0_x      0x00e4a2         Code  Gb  move.o [4]
?mov_e0_e1              0x00ba12         Code  Gb  vreg_util.o [4]
?mov_e0_e2              0x00ba1f         Code  Gb  vreg_util.o [4]
?mov_e0_e3              0x00ba2c         Code  Gb  vreg_util.o [4]
?mov_e1_e0              0x00ba39         Code  Gb  vreg_util.o [4]
?mov_e1_e2              0x00ba46         Code  Gb  vreg_util.o [4]
?mov_e1_e3              0x00ba53         Code  Gb  vreg_util.o [4]
?mov_e2_e0              0x00ba60         Code  Gb  vreg_util.o [4]
?mov_e3_e0              0x00ba6d         Code  Gb  vreg_util.o [4]
?mov_l0_l1              0x00ba0f         Code  Gb  vreg_util.o [4]
?mov_l0_l2              0x00ba1c         Code  Gb  vreg_util.o [4]
?mov_l0_l3              0x00ba29         Code  Gb  vreg_util.o [4]
?mov_l1_l0              0x00ba36         Code  Gb  vreg_util.o [4]
?mov_l1_l2              0x00ba43         Code  Gb  vreg_util.o [4]
?mov_l1_l3              0x00ba50         Code  Gb  vreg_util.o [4]
?mov_l2_l0              0x00ba5d         Code  Gb  vreg_util.o [4]
?mov_l3_l0              0x00ba6a         Code  Gb  vreg_util.o [4]
?mov_w1_w3              0x00ba15         Code  Gb  vreg_util.o [4]
?mov_w1_w5              0x00ba22         Code  Gb  vreg_util.o [4]
?mov_w1_w7              0x00ba2f         Code  Gb  vreg_util.o [4]
?mov_w2_w1              0x00ba01         Code  Gb  vreg_util.o [4]
?mov_w3_w1              0x00ba3c         Code  Gb  vreg_util.o [4]
?mov_w3_w5              0x00ba49         Code  Gb  vreg_util.o [4]
?mov_w3_w7              0x00ba56         Code  Gb  vreg_util.o [4]
?mov_w5_w1              0x00ba63         Code  Gb  vreg_util.o [4]
?mov_w6_w0              0x00ba08         Code  Gb  vreg_util.o [4]
?mov_w7_w1              0x00ba70         Code  Gb  vreg_util.o [4]
?move1616_v_x_y_a       0x00e493         Code  Gb  move.o [4]
?mul16_x_x_w0           0x00d7ff         Code  Gb  short.o [4]
?mul32_l0_l0_0x         0x00b2ff         Code  Gb  long.o [4]
?mul32_l0_l0_dl         0x00b2fc         Code  Gb  long.o [4]
?mul32_l0_l0_l1         0x00b308         Code  Gb  long.o [4]
?or32_l0_l0_0x          0x00b419         Code  Gb  long.o [4]
?or32_l0_l0_l1          0x00b416         Code  Gb  long.o [4]
?pop_l0                 0x00b9bb         Code  Gb  vreg_util.o [4]
?pop_l1                 0x00b9c6         Code  Gb  vreg_util.o [4]
?pop_l2                 0x00b9d1         Code  Gb  vreg_util.o [4]
?pop_l3                 0x00b9dc         Code  Gb  vreg_util.o [4]
?pop_w4                 0x00b96d         Code  Gb  vreg_util.o [4]
?pop_w6                 0x00b974         Code  Gb  vreg_util.o [4]
?pop_w7                 0x00b97b         Code  Gb  vreg_util.o [4]
?push_l0                0x00b98a         Code  Gb  vreg_util.o [4]
?push_l1                0x00b98f         Code  Gb  vreg_util.o [4]
?push_l2                0x00b994         Code  Gb  vreg_util.o [4]
?push_l3                0x00b999         Code  Gb  vreg_util.o [4]
?push_w4                0x00b94b         Code  Gb  vreg_util.o [4]
?push_w6                0x00b950         Code  Gb  vreg_util.o [4]
?push_w7                0x00b955         Code  Gb  vreg_util.o [4]
?sext16_x_a             0x00d848         Code  Gb  short.o [4]
?sext32_l0_x            0x00b453         Code  Gb  long.o [4]
?sll16_x_x_4            0x00d837         Code  Gb  short.o [4]
?sll16_x_x_5            0x00d836         Code  Gb  short.o [4]
?sll16_x_x_6            0x00d835         Code  Gb  short.o [4]
?sll16_x_x_a            0x00d82d         Code  Gb  short.o [4]
?sll32_0x_0x_a          0x00b434         Code  Gb  long.o [4]
?sll32_l0_l0_a          0x00b431         Code  Gb  long.o [4]
?smod16_y_x_y           0x00d81d         Code  Gb  short.o [4]
?sra8_a_a_4             0x00eb4d         Code  Gb  char.o [4]
?srl16_x_x_10           0x00d83d         Code  Gb  short.o [4]
?srl16_x_x_11           0x00d83c         Code  Gb  short.o [4]
?srl16_x_x_4            0x00d843         Code  Gb  short.o [4]
?srl16_x_x_5            0x00d842         Code  Gb  short.o [4]
?srl16_x_x_6            0x00d841         Code  Gb  short.o [4]
?srl16_x_x_7            0x00d840         Code  Gb  short.o [4]
?srl16_x_x_8            0x00d83f         Code  Gb  short.o [4]
?srl16_x_x_9            0x00d83e         Code  Gb  short.o [4]
?srl32_0x_0x_a          0x00b445         Code  Gb  long.o [4]
?srl32_l0_l0_a          0x00b442         Code  Gb  long.o [4]
?srl8_a_a_5             0x00eb48         Code  Gb  char.o [4]
?srl8_a_a_6             0x00eb47         Code  Gb  char.o [4]
?sub32_l0_l0_0x         0x00b2e4         Code  Gb  long.o [4]
?sub32_l0_l0_l1         0x00b2e1         Code  Gb  long.o [4]
?udiv32_l0_dl_l1        0x00b386         Code  Gb  long.o [4]
?udiv32_l0_l0_dl        0x00b38b         Code  Gb  long.o [4]
?udiv32_l0_l0_l1        0x00b38e         Code  Gb  long.o [4]
?umod32_l1_l0_l1        0x00b38e         Code  Gb  long.o [4]
?w0                     0x000000         Data  Gb  vregs.o [4]
?w1                     0x000002         Data  Gb  vregs.o [4]
?w2                     0x000004         Data  Gb  vregs.o [4]
?w3                     0x000006         Data  Gb  vregs.o [4]
?w4                     0x000008         Data  Gb  vregs.o [4]
?w5                     0x00000a         Data  Gb  vregs.o [4]
?w6                     0x00000c         Data  Gb  vregs.o [4]
?w7                     0x00000e         Data  Gb  vregs.o [4]
ADC2_Cmd                0x00ea81    0xd  Code  Gb  stm8s_adc2.o [1]
ADC2_ConversionConfig   0x00df78   0x2f  Code  Gb  stm8s_adc2.o [1]
ADC2_ExternalTriggerConfig
                        0x00e3b5   0x21  Code  Gb  stm8s_adc2.o [1]
ADC2_GetConversionValue
                        0x00d70c   0x53  Code  Gb  stm8s_adc2.o [1]
ADC2_IRQHandler         0x00eccb    0x1  Code  Gb  stm8s_it.o [1]
ADC2_Init               0x00e02c   0x2c  Code  Gb  stm8s_adc2.o [1]
ADC2_PrescalerConfig    0x00e70d   0x13  Code  Gb  stm8s_adc2.o [1]
ADC2_SchmittTriggerConfig
                        0x00d037   0x7e  Code  Gb  stm8s_adc2.o [1]
ADC2_StartConversion    0x00ec49    0x5  Code  Gb  stm8s_adc2.o [1]
ADC_Init                0x00e3f4   0x20  Code  Gb  ADC.o [1]
AF_Mute_Init            0x00eb01    0xc  Code  Gb  McuConfig.o [1]
AUDIO_IOAFMUT           0x00e5e6   0x17  Code  Gb  McuConfig.o [1]
AUDIO_IOAFPOW           0x00e5fd   0x17  Code  Gb  McuConfig.o [1]
AWU_IRQHandler          0x00ecbb    0x1  Code  Gb  stm8s_it.o [1]
AkeyvolumeCount         0x001563    0x1  Data  Gb  ApiKeyboard.o [1]
AlarmCount              0x0015a1    0x1  Data  Gb  Task.o [1]
ApGpsCmd_10msRenew      0x00e32c   0x23  Code  Gb  ApiGpsCmd.o [1]
ApiAtCmd_100msRenew     0x00a95a   0x7b  Code  Gb  ApiAtCmd.o [1]
ApiAtCmd_10msRenew      0x00c7a6   0xaf  Code  Gb  ApiAtCmd.o [1]
ApiAtCmd_GetGroupName   0x00e93b   0x11  Code  Gb  ApiPocCmd.o [1]
ApiAtCmd_GetGroupNameLen
                        0x00e77d   0x12  Code  Gb  ApiPocCmd.o [1]
ApiAtCmd_GetGroupNum    0x00ec72    0x4  Code  Gb  ApiPocCmd.o [1]
ApiAtCmd_GetLoginState  0x00eb70    0xa  Code  Gb  ApiPocCmd.o [1]
ApiAtCmd_GetMainGroupId
                        0x00ec7a    0x4  Code  Gb  ApiPocCmd.o [1]
ApiAtCmd_GetMainUserId  0x00ec7e    0x4  Code  Gb  ApiPocCmd.o [1]
ApiAtCmd_GetMainWorkName
                        0x00ec6a    0x4  Code  Gb  ApiPocCmd.o [1]
ApiAtCmd_GetMainWorkNameLen
                        0x00ec6e    0x4  Code  Gb  ApiPocCmd.o [1]
ApiAtCmd_GetUserName    0x00e94c   0x11  Code  Gb  ApiPocCmd.o [1]
ApiAtCmd_GetUserNameLen
                        0x00e78f   0x12  Code  Gb  ApiPocCmd.o [1]
ApiAtCmd_GetUserNum     0x00ec76    0x4  Code  Gb  ApiPocCmd.o [1]
ApiAtCmd_PlayVoice      0x00d365   0x68  Code  Gb  ApiAtCmd.o [1]
ApiAtCmd_WritCommand    0x00a7bb  0x152  Code  Gb  ApiAtCmd.o [1]
ApiAtCmd_tcp_state      0x00eb66    0xa  Code  Gb  ApiAtCmd.o [1]
ApiCaretCmd_10msRenew   0x00ba77  0x111  Code  Gb  ApiAtCmd.o [1]
ApiGpsCmd_100msRenew    0x008cac  0x2b1  Code  Gb  ApiGpsCmd.o [1]
ApiGpsCmd_PowerOnInitial
                        0x00c904   0xaf  Code  Gb  ApiGpsCmd.o [1]
ApiPocCmd_10msRenew     0x0099d2  0x2f8  Code  Gb  ApiPocCmd.o [1]
ApiPocCmd_WritCommand   0x00b45e  0x14a  Code  Gb  ApiPocCmd.o [1]
ApiPocCmd_user_info_set
                        0x00c3ef   0xd4  Code  Gb  ApiPocCmd.o [1]
AtCmdDrvobj             0x00138f   0x77  Data  Lc  ApiAtCmd.o [1]
AtCmd_NetParamCode      0x00a90d   0x4d  Code  Lc  ApiAtCmd.o [1]
AtNotify_Queue          0x008118   0x4c  Code  Lc  DrvGD83.o [1]
AtNotify_Queue_Start    0x008164   0x55  Code  Lc  DrvGD83.o [1]
BEEP_Interrupt10ms      0x00e53f   0x1a  Code  Gb  Beep.o [1]
BEEP_PowerOnInitial     0x009909   0xc9  Code  Gb  Beep.o [1]
BEEP_SetOutput          0x0096d8  0x231  Code  Gb  Beep.o [1]
BEEP_Time               0x00de83   0x32  Code  Gb  Beep.o [1]
BaseAdd                 0x00157f   0x20  Data  Gb  DrvGT20L16S1Y.o [1]
BeepDrvObj              0x0014ee   0x12  Data  Lc  Beep.o [1]
BitTab                  0x00ebe6    0x8  Data  Gb  ApiDisplay.o [1]
BootProcess_PPPCFG_Flag
                        0x00152d    0x1  Data  Gb  ApiAtCmd.o [1]
BootProcess_PPPCFG_Flag_Zanshi
                        0x00153e    0x1  Data  Gb  ApiAtCmd.o [1]
BootProcess_SIMST_Flag  0x00152c    0x1  Data  Gb  ApiAtCmd.o [1]
CHAR_HIGH               0x00e97d   0x10  Data  Gb  ApiDisplay.o [1]
CHAR_WIDTH              0x00e98d   0x10  Data  Gb  ApiDisplay.o [1]
CLK_ClockSwitchConfig   0x00cb04   0xa2  Code  Gb  stm8s_clk.o [1]
CLK_GetClockFreq        0x00d661   0x57  Code  Gb  stm8s_clk.o [1]
CLK_HSIPrescalerConfig  0x00e720   0x13  Code  Gb  stm8s_clk.o [1]
CLK_IRQHandler          0x00ecbc    0x1  Code  Gb  stm8s_it.o [1]
COML_AscToHex           0x00c23d   0xdb  Code  Gb  CommonLib.o [1]
COML_StringReverse      0x00d4f4   0x5e  Code  Gb  CommonLib.o [1]
CSQ_Flag                0x00152f    0x1  Data  Gb  ApiAtCmd.o [1]
CSTACK$$Base            0x001600          --   Gb  - Linker created -
CSTACK$$Limit           0x001800          --   Gb  - Linker created -
C_TEST_OUT_SET          0x00eb19    0xc  Code  Gb  McuConfig.o [1]
CaretNotify_Queue       0x008080   0x4c  Code  Lc  DrvGD83.o [1]
CaretNotify_Queue_Start
                        0x00820e   0x55  Code  Lc  DrvGD83.o [1]
DEL_100msProcess        0x00cbc4   0x4d  Code  Lc  Delay.o [1]
DEL_10msProcess         0x00cc11   0x1c  Code  Lc  Delay.o [1]
DEL_1msProcess          0x00cc2d    0x9  Code  Lc  Delay.o [1]
DEL_500msProcess        0x00cba6   0x1e  Code  Lc  Delay.o [1]
DEL_GetTimer            0x00d6b8   0x54  Code  Gb  Delay.o [1]
DEL_Interrupt           0x00ca62   0xa2  Code  Gb  Delay.o [1]
DEL_PowerOnInitial      0x00e474   0x1f  Code  Gb  Delay.o [1]
DEL_Renew               0x00cc36    0xc  Code  Gb  Delay.o [1]
DEL_SetTimer            0x00d1ad   0x73  Code  Gb  Delay.o [1]
DEL_Soft1ms             0x00e4ed   0x1c  Code  Gb  Delay.o [1]
DEL_TimerRenew          0x00e0d7   0x28  Code  Lc  Delay.o [1]
DISP_DataBuf            0x00c4c3   0xc5  Code  Lc  ApiDisplay.o [1]
DISP_MulTypePro         0x00c6f4   0xb2  Code  Lc  ApiDisplay.o [1]
Dec2Hex                 0x00d84f   0x4e  Code  Gb  CommonLib.o [1]
DefaultSystemClockForHSI
                        0x00e524   0x1b  Code  Gb  sysclock.o [1]
DelDrvObj               0x001512    0xb  Data  Lc  Delay.o [1]
Delay_100ms             0x00dc89   0x40  Code  Gb  Task.o [1]
DisDataBit              0x00149a   0x40  Data  Gb  ApiDisplay.o [1]
DisDataBuf              0x00118f  0x200  Data  Gb  ApiDisplay.o [1]
DrvGD83DrvObj           0x000f05  0x28a  Data  Lc  DrvGD83.o [1]
DrvGD83_Init            0x00e571   0x18  Code  Gb  McuConfig.o [1]
DrvGD83_UART_TxCommand  0x00d133   0x7a  Code  Gb  DrvGD83.o [1]
DrvMC8332_AtNotify_Queue_front
                        0x00da15   0x49  Code  Gb  DrvGD83.o [1]
DrvMC8332_CaretNotify_Queue_front
                        0x00d9cc   0x49  Code  Gb  DrvGD83.o [1]
DrvMC8332_GpsNotify_Queue_front
                        0x00daa7   0x49  Code  Gb  DrvGD83.o [1]
DrvMC8332_PocNotify_Queue_front
                        0x00da5e   0x49  Code  Gb  DrvGD83.o [1]
DrvMC8332_Software_Initial
                        0x00dd07   0x3d  Code  Gb  DrvGD83.o [1]
DrvMC8332_TxPort_SetValidable
                        0x00e000   0x2c  Code  Gb  DrvGD83.o [1]
DrvMC8332_UART_Interrupt
                        0x0084cd  0x3bc  Code  Gb  DrvGD83.o [1]
DrvMc8332_UART_TxTail   0x00c15c   0xe1  Code  Gb  DrvGD83.o [1]
EEPROM_EEC_IRQHandler   0x00eccd    0x1  Code  Gb  stm8s_it.o [1]
EXTI_PORTA_IRQHandler   0x00ecbd    0x1  Code  Gb  stm8s_it.o [1]
EXTI_PORTB_IRQHandler   0x00ecbe    0x1  Code  Gb  stm8s_it.o [1]
EXTI_PORTC_IRQHandler   0x00ecbf    0x1  Code  Gb  stm8s_it.o [1]
EXTI_PORTD_IRQHandler   0x00ecc0    0x1  Code  Gb  stm8s_it.o [1]
EXTI_PORTE_IRQHandler   0x00ecc1    0x1  Code  Gb  stm8s_it.o [1]
FILE_Read               0x00dbc3   0x43  Code  Gb  Flash_eeprom.o [1]
FILE_Write              0x00db80   0x43  Code  Gb  Flash_eeprom.o [1]
FLASH_EraseOptionByte   0x00e127   0x27  Code  Gb  stm8s_flash.o [1]
FLASH_GetFlagStatus     0x00e6ac   0x14  Code  Gb  stm8s_flash.o [1]
FLASH_Lock              0x00ec2f    0x7  Code  Gb  stm8s_flash.o [1]
FLASH_ProgramByte       0x00ec4e    0x5  Code  Gb  stm8s_flash.o [1]
FLASH_ProgramOptionByte
                        0x00e2c1   0x24  Code  Gb  stm8s_flash.o [1]
FLASH_ReadByte          0x00ec53    0x5  Code  Gb  stm8s_flash.o [1]
FLASH_Unlock            0x00e642   0x16  Code  Gb  stm8s_flash.o [1]
FLASH_WaitForLastOperation
                        0x00dd7a   0x36  Code  Gb  stm8s_flash.o [1]
GD83_ON                 0x00e589   0x18  Code  Gb  McuConfig.o [1]
GPIO_Init               0x00c9b3   0xaf  Code  Gb  stm8s_gpio.o [1]
GPIO_ReadInputPin       0x00ebcc    0x9  Code  Gb  stm8s_gpio.o [1]
GPIO_WriteHigh          0x00ec36    0x7  Code  Gb  stm8s_gpio.o [1]
GPIO_WriteLow           0x00ec82    0x4  Code  Gb  stm8s_gpio.o [1]
GT20_DelTime            0x00e698   0x14  Code  Lc  DrvGT20L16S1Y.o [1]
GT20_GetData            0x00d495   0x5f  Code  Lc  DrvGT20L16S1Y.o [1]
GT20_GetDisData         0x00dd44   0x36  Code  Lc  DrvGT20L16S1Y.o [1]
GT20_SendByte           0x00d607   0x5a  Code  Lc  DrvGT20L16S1Y.o [1]
GT20_SendCommand        0x00d8eb   0x4c  Code  Lc  DrvGT20L16S1Y.o [1]
GetPersonalCallingMode  0x00ea3e    0xe  Code  Gb  ApiPocCmd.o [1]
GetPlayState            0x00eb7a    0xa  Code  Gb  ApiPocCmd.o [1]
GetTaskId               0x00ec96    0x4  Code  Gb  System.o [1]
GpsCmd_GbAnalytical     0x00a529  0x292  Code  Lc  ApiGpsCmd.o [1]
GpsCmd_GbDataTransave   0x009fb2  0x2e1  Code  Lc  ApiGpsCmd.o [1]
GpsCmd_GbWritCommand    0x008889  0x423  Code  Lc  ApiGpsCmd.o [1]
GpsFunDrvObj            0x001527    0x2  Data  Lc  ApiGpsCmd.o [1]
GpsNotify_Queue         0x008451   0x7c  Code  Lc  DrvGD83.o [1]
GpsNotify_Queue_Start   0x008263   0x99  Code  Lc  DrvGD83.o [1]
GroupCallingNum         0x00156a    0x1  Data  Gb  ApiKeyboard.o [1]
HSE_ClockStartUpConfiguration
                        0x00df48   0x30  Code  Lc  sysclock.o [1]
HSIDivFactor            0x00ec62    0x4  Data  Gb  stm8s_clk.o [1]
HexToChar_GroupCallingNum
                        0x00e434   0x20  Code  Gb  ApiPocCmd.o [1]
HexToChar_MainGroupId   0x00e414   0x20  Code  Gb  ApiPocCmd.o [1]
HexToChar_MainUserId    0x00e394   0x21  Code  Gb  ApiPocCmd.o [1]
HexToChar_PersonalCallingNum
                        0x00e372   0x22  Code  Gb  ApiPocCmd.o [1]
HtgDrvObj               0x001529    0x2  Data  Lc  DrvHTG12832.o [1]
I2C_IRQHandler          0x00ecc9    0x1  Code  Gb  stm8s_it.o [1]
INTVEC$$Base            0x008000          --   Gb  - Linker created -
INTVEC$$Limit           0x008080          --   Gb  - Linker created -
ITC_SetSoftwarePriority
                        0x00bd91  0x101  Code  Gb  stm8s_itc.o [1]
Ico_DataBuf             0x008f5d  0x400  Data  Gb  ApiDisplay.o [1]
KEY_TABLE               0x00eca1    0x3  Data  Lc  uart3.o [1]
KeyDownUpChoose_GroupOrUser_Flag
                        0x001530    0x1  Data  Gb  ApiAtCmd.o [1]
KeyPersonalCallingCount
                        0x001534    0x1  Data  Gb  ApiKeyboard.o [1]
KeyUpDownCount          0x001533    0x1  Data  Gb  ApiKeyboard.o [1]
Key_Flag_0              0x00153b    0x1  Data  Gb  Task.o [1]
Key_Flag_1              0x001535    0x1  Data  Gb  ApiKeyboard.o [1]
Key_Init                0x00df18   0x30  Code  Gb  McuConfig.o [1]
Key_PersonalCalling_Flag
                        0x00153c    0x1  Data  Gb  Task.o [1]
Keyboard_Test           0x00935d  0x37b  Code  Gb  ApiKeyboard.o [1]
LED_Conut               0x001536    0x1  Data  Gb  ApiLED.o [1]
LED_Init                0x00e279   0x24  Code  Gb  McuConfig.o [1]
LED_IntOutputRenew      0x00d552   0x5b  Code  Gb  ApiLED.o [1]
LowVoltageDetection     0x00bf87   0xf0  Code  Gb  ADC.o [1]
LowVoltageDetection_Flag
                        0x00152b    0x1  Data  Gb  ADC.o [1]
MIC_GPIO_Init           0x00eaf5    0xc  Code  Gb  McuConfig.o [1]
MIC_IOMUT               0x00e5cf   0x17  Code  Gb  McuConfig.o [1]
NoUseNum                0x00153a    0x1  Data  Gb  Task.o [1]
Noise_Mute_Init         0x00eb0d    0xc  Code  Gb  McuConfig.o [1]
Notify_Queue_Stop       0x0082fc  0x155  Code  Lc  DrvGD83.o [1]
OneChannelGetADValue    0x00e309   0x23  Code  Lc  ADC.o [1]
PAS_NULLTBL             0x00e99d   0x10  Data  Lc  uart3.o [1]
POC_GetGroupInformationFlag
                        0x001537    0x1  Data  Gb  ApiPocCmd.o [1]
POC_GetGroupInformationFlag2
                        0x001538    0x1  Data  Gb  ApiPocCmd.o [1]
POC_TABLE               0x00eca4    0x3  Data  Lc  uart3.o [1]
PasObj                  0x001523    0x4  Data  Lc  uart3.o [1]
PersonalCallingNum      0x001532    0x1  Data  Gb  ApiKeyboard.o [1]
PocCmdDrvobj            0x000010  0xef5  Data  Lc  ApiPocCmd.o [1]
PocNotify_Queue         0x0080cc   0x4c  Code  Lc  DrvGD83.o [1]
PocNotify_Queue_Start   0x0081b9   0x55  Code  Lc  DrvGD83.o [1]
ReadBuffer              0x001406   0x50  Data  Gb  ApiPocCmd.o [1]
Region$$Table$$Base     0x00e3d6          --   Gb  - Linker created -
Region$$Table$$Limit    0x00e3f4          --   Gb  - Linker created -
SPI_IRQHandler          0x00ecc2    0x1  Code  Gb  stm8s_it.o [1]
SetTaskId               0x00ec9a    0x4  Code  Gb  System.o [1]
Set_GreenLed            0x00e5a1   0x17  Code  Gb  McuConfig.o [1]
Set_RedLed              0x00e5b8   0x17  Code  Gb  McuConfig.o [1]
SystemClock_Init        0x00e14e   0x27  Code  Gb  sysclock.o [1]
TASK_RunLoBattery       0x00e175   0x26  Code  Gb  Task.o [1]
TASK_WriteFreq          0x00ecaa    0x3  Code  Gb  Task.o [1]
TIM1_CAP_COM_IRQHandler
                        0x00ecc4    0x1  Code  Gb  stm8s_it.o [1]
TIM1_CCxCmd             0x00dc06   0x43  Code  Gb  stm8s_tim1.o [1]
TIM1_Cmd                0x00ea8e    0xd  Code  Gb  stm8s_tim1.o [1]
TIM1_CtrlPWMOutputs     0x00ea9b    0xd  Code  Gb  stm8s_tim1.o [1]
TIM1_DeInit             0x00cc42   0x99  Code  Gb  stm8s_tim1.o [1]
TIM1_OC1Init            0x00d434   0x61  Code  Gb  stm8s_tim1.o [1]
TIM1_OC1PreloadConfig   0x00eaa8    0xd  Code  Gb  stm8s_tim1.o [1]
TIM1_PWM_Init           0x00d89d   0x4e  Code  Gb  Tone.o [1]
TIM1_TimeBaseInit       0x00e2e5   0x24  Code  Gb  stm8s_tim1.o [1]
TIM1_UPD_OVF_TRG_BRK_IRQHandler
                        0x00ecc3    0x1  Code  Gb  stm8s_it.o [1]
TIM2_CAP_COM_IRQHandler
                        0x00ecc6    0x1  Code  Gb  stm8s_it.o [1]
TIM2_UPD_OVF_BRK_IRQHandler
                        0x00ecc5    0x1  Code  Gb  stm8s_it.o [1]
TIM3_ARRPreloadConfig   0x00eac2    0xd  Code  Gb  stm8s_tim3.o [1]
TIM3_CAP_COM_IRQHandler
                        0x00ecc7    0x1  Code  Gb  stm8s_it.o [1]
TIM3_ClearITPendingBit  0x00ec58    0x5  Code  Gb  stm8s_tim3.o [1]
TIM3_Cmd                0x00eab5    0xd  Code  Gb  stm8s_tim3.o [1]
TIM3_ITConfig           0x00e733   0x13  Code  Gb  stm8s_tim3.o [1]
TIM3_PrescalerConfig    0x00ebd5    0x9  Code  Gb  stm8s_tim3.o [1]
TIM3_TimeBaseInit       0x00eb25    0xc  Code  Gb  stm8s_tim3.o [1]
TIM3_UPD_OVF_BRK_IRQHandler
                        0x00e509   0x1b  Code  Gb  stm8s_it.o [1]
TIM4_UPD_OVF_IRQHandler
                        0x00eccc    0x1  Code  Gb  stm8s_it.o [1]
TLI_IRQHandler          0x00ecba    0x1  Code  Gb  stm8s_it.o [1]
TONE_PowerOnInitial     0x00d3cd   0x67  Code  Gb  Tone.o [1]
TONE_Start              0x00e357   0x1b  Code  Gb  Tone.o [1]
TONE_Stop               0x00e34f    0x8  Code  Gb  Tone.o [1]
TRAP_IRQHandler         0x00ecb9    0x1  Code  Gb  stm8s_it.o [1]
TaskDrvObj              0x0014da   0x14  Data  Lc  System.o [1]
Task_RunNormalOperation
                        0x009cca  0x2e8  Code  Gb  Task.o [1]
Task_RunStart           0x00add5  0x1ad  Code  Gb  Task.o [1]
Test1                   0x001531    0x1  Data  Gb  ApiGpsCmd.o [1]
Tim3_Timer_Init         0x00e29d   0x24  Code  Gb  McuConfig.o [1]
TimeVal                 0x001577    0x8  Data  Gb  DrvGT20L16S1Y.o [1]
ToneDrvObj              0x001500   0x12  Data  Lc  Tone.o [1]
UART1_Cmd               0x00eacf    0xd  Code  Gb  stm8s_uart1.o [1]
UART1_DeInit            0x00dfa7   0x2d  Code  Gb  stm8s_uart1.o [1]
UART1_GetFlagStatus     0x00deb5   0x32  Code  Gb  stm8s_uart1.o [1]
UART1_GetITStatus       0x00cd74   0x90  Code  Gb  stm8s_uart1.o [1]
UART1_ITConfig          0x00d2f9   0x6c  Code  Gb  stm8s_uart1.o [1]
UART1_Init              0x00b817  0x134  Code  Gb  stm8s_uart1.o [1]
UART1_RX_IRQHandler     0x00e454   0x20  Code  Gb  stm8s_it.o [1]
UART1_ReceiveData8      0x00ec86    0x4  Code  Gb  stm8s_uart1.o [1]
UART1_SendData8         0x00ec8a    0x4  Code  Gb  stm8s_uart1.o [1]
UART1_TX_IRQHandler     0x00ecc8    0x1  Code  Gb  stm8s_it.o [1]
UART3_Cmd               0x00eadc    0xd  Code  Gb  stm8s_uart3.o [1]
UART3_DeInit            0x00e20a   0x25  Code  Gb  stm8s_uart3.o [1]
UART3_GetFlagStatus     0x00daf0   0x49  Code  Gb  stm8s_uart3.o [1]
UART3_GetITStatus       0x00c640   0xb4  Code  Gb  stm8s_uart3.o [1]
UART3_ITConfig          0x00cf21   0x8c  Code  Gb  stm8s_uart3.o [1]
UART3_Init              0x00bb88  0x105  Code  Gb  stm8s_uart3.o [1]
UART3_Interrupt         0x00e683   0x15  Code  Gb  uart3.o [1]
UART3_RX_IRQHandler     0x00e658   0x16  Code  Gb  stm8s_it.o [1]
UART3_ReceiveData8      0x00ec8e    0x4  Code  Gb  stm8s_uart3.o [1]
UART3_SendByte          0x00ea4c    0xe  Code  Gb  uart3.o [1]
UART3_SendData8         0x00ec92    0x4  Code  Gb  stm8s_uart3.o [1]
UART3_TX_IRQHandler     0x00ecca    0x1  Code  Gb  stm8s_it.o [1]
UART3_ToMcuMain         0x00dcc9   0x3e  Code  Gb  uart3.o [1]
UART_Delay              0x00e7a1   0x12  Code  Lc  uart3.o [1]
UART_ErrorAck           0x00d96d   0x15  Code  Lc  uart3.o [1]
UART_GetCheckSum        0x00ce93   0x2d  Code  Lc  uart3.o [1]
UART_KeyCommand         0x00bc8d  0x104  Code  Lc  uart3.o [1]
UART_Link               0x00cec0   0x61  Code  Lc  uart3.o [1]
UART_PasCommand         0x00af82  0x1aa  Code  Lc  uart3.o [1]
UART_PocCommand         0x00d75f   0x50  Code  Lc  uart3.o [1]
UART_RightAck           0x00d220   0x6d  Code  Lc  uart3.o [1]
UART_RxFrame            0x00d7af   0x50  Code  Lc  uart3.o [1]
UART_TxSend             0x00d937   0x36  Code  Lc  uart3.o [1]
UART_WriteCommand       0x00c588   0xb8  Code  Lc  uart3.o [1]
Uart1_Init              0x00e0ad   0x2a  Code  Gb  McuConfig.o [1]
Uart3_Init              0x00de1b   0x35  Code  Gb  uart3.o [1]
UartDrvObj              0x001456   0x44  Data  Lc  uart3.o [1]
VOICE_1sProcess         0x00e9e9    0xf  Code  Gb  Voice.o [1]
VOICE_Renew             0x00ccdb   0x70  Code  Gb  Voice.o [1]
VOICE_SetOutput         0x00cd4b   0x29  Code  Gb  Voice.o [1]
VoiceDrvObj             0x00151d    0x6  Data  Lc  Voice.o [1]
VoiceEnd_Flag           0x00152e    0x1  Data  Gb  ApiAtCmd.o [1]
WRITE_TABLE             0x00ec66    0x4  Data  Lc  uart3.o [1]
WriteEEPROMByte         0x00dde6   0x35  Code  Gb  Flash_eeprom.o [1]
__DebugBreak            0x00ecce    0x1  Code  Gb  __dbg_break.o [3]
__exit                  0x00e6c0   0x14  Code  Gb  __dbg_xxexit.o [3]
__iar_copy_init2        0x00e0ff         Code  Gb  init_small.o [4]
__iar_data_init2        0x00e62b   0x17  Code  Gb  init.o [4]
__iar_program_start     0x00e746         Code  Gb  cstartup.o [4]
__iar_unhandled_exception
                        0x00ecb6         Code  Gb  unhandled_exception.o [4]
__iar_zero_init2        0x00e4b2         Code  Gb  init_small.o [4]
__intvec                0x008000         Data  Gb  interrupt.o [4]
__low_level_init        0x00ecb0    0x3  Code  Gb  low_level_init.o [4]
_exit                   0x00ec5d         Code  Gb  cexit.o [4]
_interrupt_1            0x00ecb9         Code  Gb  stm8s_it.o [1]
_interrupt_12           0x00ecc2         Code  Gb  stm8s_it.o [1]
_interrupt_13           0x00ecc3         Code  Gb  stm8s_it.o [1]
_interrupt_14           0x00ecc4         Code  Gb  stm8s_it.o [1]
_interrupt_15           0x00ecc5         Code  Gb  stm8s_it.o [1]
_interrupt_16           0x00ecc6         Code  Gb  stm8s_it.o [1]
_interrupt_17           0x00e509         Code  Gb  stm8s_it.o [1]
_interrupt_18           0x00ecc7         Code  Gb  stm8s_it.o [1]
_interrupt_19           0x00ecc8         Code  Gb  stm8s_it.o [1]
_interrupt_2            0x00ecba         Code  Gb  stm8s_it.o [1]
_interrupt_20           0x00e454         Code  Gb  stm8s_it.o [1]
_interrupt_21           0x00ecc9         Code  Gb  stm8s_it.o [1]
_interrupt_22           0x00ecca         Code  Gb  stm8s_it.o [1]
_interrupt_23           0x00e658         Code  Gb  stm8s_it.o [1]
_interrupt_24           0x00eccb         Code  Gb  stm8s_it.o [1]
_interrupt_25           0x00eccc         Code  Gb  stm8s_it.o [1]
_interrupt_26           0x00eccd         Code  Gb  stm8s_it.o [1]
_interrupt_3            0x00ecbb         Code  Gb  stm8s_it.o [1]
_interrupt_4            0x00ecbc         Code  Gb  stm8s_it.o [1]
_interrupt_5            0x00ecbd         Code  Gb  stm8s_it.o [1]
_interrupt_6            0x00ecbe         Code  Gb  stm8s_it.o [1]
_interrupt_7            0x00ecbf         Code  Gb  stm8s_it.o [1]
_interrupt_8            0x00ecc0         Code  Gb  stm8s_it.o [1]
_interrupt_9            0x00ecc1         Code  Gb  stm8s_it.o [1]
api_diap_ico_pos_get    0x00d5ad   0x5a  Code  Gb  ApiDisplay.o [1]
api_disp_all_screen_refresh
                        0x00d982   0x4a  Code  Gb  ApiDisplay.o [1]
api_disp_char_output    0x00e66e   0x15  Code  Gb  ApiDisplay.o [1]
api_disp_ico_output     0x00c855   0xaf  Code  Gb  ApiDisplay.o [1]
api_disp_icoid_output   0x00ce04   0x8f  Code  Gb  ApiDisplay.o [1]
api_lcd_pwr_on_hint     0x00e058   0x2b  Code  Gb  ApiDisplay.o [1]
api_lcd_pwr_on_hint2    0x00dfd4   0x2c  Code  Gb  ApiDisplay.o [1]
api_poc_command_set     0x00c318   0xd7  Code  Gb  uart3.o [1]
drv_gt20_data_output    0x00b12c  0x19a  Code  Gb  DrvGT20L16S1Y.o [1]
drv_gt20_pwr_on_init    0x00de80    0x3  Code  Gb  DrvGT20L16S1Y.o [1]
drv_htg_clr_allscr      0x00aaf3   0x31  Code  Gb  DrvHTG12832.o [1]
drv_htg_pwr_on_init     0x00abe5    0x9  Code  Gb  DrvHTG12832.o [1]
drv_htg_reset           0x00a9d5    0x5  Code  Gb  DrvHTG12832.o [1]
drv_htg_set_address     0x00aa49   0x3b  Code  Gb  DrvHTG12832.o [1]
drv_htg_write_command   0x00a9da   0x6f  Code  Gb  DrvHTG12832.o [1]
drv_htg_write_data      0x00aa84   0x6f  Code  Gb  DrvHTG12832.o [1]
drv_keypad_scan         0x00abee  0x1e7  Code  Gb  DrvKeyboard.o [1]
exit                    0x00ecb3    0x3  Code  Gb  exit.o [4]
get_key_value           0x00c077   0xe5  Code  Gb  ApiKeyboard.o [1]
htg_delay_ms            0x00ab24   0x1e  Code  Lc  DrvHTG12832.o [1]
htg_initial             0x00ab42   0x5b  Code  Lc  DrvHTG12832.o [1]
key_scan_board          0x00b5a8  0x139  Code  Gb  DrvKeyboard.o [1]
main                    0x00eca7    0x3  Code  Gb  main.o [1]
main_app                0x00be92   0xf5  Code  Gb  System.o [1]
mcu_gt20_initial        0x00de50   0x30  Code  Lc  DrvGT20L16S1Y.o [1]
mcu_key_pad_out         0x00cfad   0x8a  Code  Gb  DrvKeyboard.o [1]
mcu_key_pad_read        0x00d28d   0x6c  Code  Gb  DrvKeyboard.o [1]
mcu_key_pad_set         0x00b6e1  0x136  Code  Gb  DrvKeyboard.o [1]
mcu_lcd_initial         0x00ab9d   0x48  Code  Lc  DrvHTG12832.o [1]
memcmp                  0x00ddb0   0x36  Code  Gb  memcmp.o [4]
memcpy                  0x00e22f   0x25  Code  Gb  memcpy.o [4]
memset                  0x00e614   0x17  Code  Gb  memset.o [4]
pack_data               0x00a293  0x296  Code  Lc  ApiGpsCmd.o [1]
strlen                  0x00e7b3   0x12  Code  Gb  strlen.o [4]
ucAtPocHead             0x00156b    0x2  Data  Gb  ApiPocCmd.o [1]
ucCLVL                  0x0015a8    0x2  Data  Gb  Task.o [1]
ucCODECCTL              0x0015ac    0x2  Data  Gb  Task.o [1]
ucCSQ                   0x0015b4    0x2  Data  Gb  Task.o [1]
ucCaretPPPCFG           0x00154b    0x2  Data  Gb  ApiAtCmd.o [1]
ucCheckCard             0x001561    0x2  Data  Gb  ApiAtCmd.o [1]
ucCheckPPP              0x001559    0x2  Data  Gb  ApiAtCmd.o [1]
ucCheckRssi             0x00155f    0x2  Data  Gb  ApiAtCmd.o [1]
ucCheckTcp              0x00154f    0x2  Data  Gb  ApiAtCmd.o [1]
ucEndPTT                0x0015a4    0x2  Data  Gb  Task.o [1]
ucGD83Reset             0x00159f    0x2  Data  Gb  System.o [1]
ucOSSYSHWID             0x0015ae    0x2  Data  Gb  Task.o [1]
ucPPPCFG                0x0015b6    0x2  Data  Gb  Task.o [1]
ucPlayZtts              0x00154d    0x2  Data  Gb  ApiAtCmd.o [1]
ucPocOpenConfig         0x0015ba    0x2  Data  Gb  Task.o [1]
ucPrefmode2             0x0015b0    0x2  Data  Gb  Task.o [1]
ucPrefmode4             0x0015b2    0x2  Data  Gb  Task.o [1]
ucQuitPersonalCalling   0x001568    0x2  Data  Gb  ApiKeyboard.o [1]
ucRequestUserListInfo   0x0015a6    0x2  Data  Gb  Task.o [1]
ucRxCSQ31               0x001543    0x2  Data  Gb  ApiAtCmd.o [1]
ucRxCSQ99               0x001545    0x2  Data  Gb  ApiAtCmd.o [1]
ucRxCheckCard           0x00153f    0x2  Data  Gb  ApiAtCmd.o [1]
ucRxCheckPppClose       0x00155d    0x2  Data  Gb  ApiAtCmd.o [1]
ucRxCheckPppOpen        0x00155b    0x2  Data  Gb  ApiAtCmd.o [1]
ucRxCheckTcp            0x001555    0x2  Data  Gb  ApiAtCmd.o [1]
ucRxOkHeadInfo          0x001573    0x2  Data  Gb  DrvGD83.o [1]
ucRxPocHeadInfo         0x001571    0x2  Data  Gb  DrvGD83.o [1]
ucRxTcpDataHeadInfo     0x001575    0x2  Data  Gb  DrvGD83.o [1]
ucRxZTTS0               0x001541    0x2  Data  Gb  ApiAtCmd.o [1]
ucSIMST1                0x001547    0x2  Data  Gb  ApiAtCmd.o [1]
ucSIMST255              0x001549    0x2  Data  Gb  ApiAtCmd.o [1]
ucSendTcp               0x001553    0x2  Data  Gb  ApiAtCmd.o [1]
ucSetIPAndID            0x00156d    0x2  Data  Gb  ApiPocCmd.o [1]
ucSetIp                 0x001551    0x2  Data  Gb  ApiAtCmd.o [1]
ucStartPTT              0x0015a2    0x2  Data  Gb  Task.o [1]
ucTxPocHeadInfo         0x00156f    0x2  Data  Gb  DrvGD83.o [1]
ucVGR                   0x0015aa    0x2  Data  Gb  Task.o [1]
ucVGR1                  0x001564    0x2  Data  Gb  ApiKeyboard.o [1]
ucVGR7                  0x001566    0x2  Data  Gb  ApiKeyboard.o [1]
ucZTTS_Abell            0x0015b8    0x2  Data  Gb  Task.o [1]
ucZpppOpen              0x001557    0x2  Data  Gb  ApiAtCmd.o [1]
x                       0x00153d    0x1  Data  Gb  Task.o [1]


[1] = E:\1-source\A508\PRJ\Debug\Obj
[2] = command line
[3] = dbgstm8smd.a
[4] = dlstm8smn.a

  25 276 bytes of readonly  code memory
   2 579 bytes of readonly  data memory
   6 076 bytes of readwrite data memory

Errors: none
Warnings: none
