###############################################################################
#
# IAR ELF Linker V2.20.1.176 for STM8                     08/Jan/2018  15:12:06
# Copyright 2010-2015 IAR Systems AB.
#
#    Output file  =  E:\1-source\A508\PRJ\Debug\Exe\A508_DEMO1.out
#    Map file     =  E:\1-source\A508\PRJ\Debug\List\A508_DEMO1.map
#    Command line =  
#        E:\1-source\A508\PRJ\Debug\Obj\ADC.o
#        E:\1-source\A508\PRJ\Debug\Obj\ApiAtCmd.o
#        E:\1-source\A508\PRJ\Debug\Obj\ApiDisplay.o
#        E:\1-source\A508\PRJ\Debug\Obj\ApiGpsCmd.o
#        E:\1-source\A508\PRJ\Debug\Obj\ApiKeyboard.o
#        E:\1-source\A508\PRJ\Debug\Obj\ApiLED.o
#        E:\1-source\A508\PRJ\Debug\Obj\ApiPocCmd.o
#        E:\1-source\A508\PRJ\Debug\Obj\Beep.o
#        E:\1-source\A508\PRJ\Debug\Obj\CommonLib.o
#        E:\1-source\A508\PRJ\Debug\Obj\Delay.o
#        E:\1-source\A508\PRJ\Debug\Obj\DrvGD83.o
#        E:\1-source\A508\PRJ\Debug\Obj\DrvGT20L16S1Y.o
#        E:\1-source\A508\PRJ\Debug\Obj\DrvHTG12832.o
#        E:\1-source\A508\PRJ\Debug\Obj\DrvKeyboard.o
#        E:\1-source\A508\PRJ\Debug\Obj\Flash_eeprom.o
#        E:\1-source\A508\PRJ\Debug\Obj\GT20L16P1Y_D.o
#        E:\1-source\A508\SRC\Syetem\GT20L16P1Y_IAR_STM8.a
#        E:\1-source\A508\PRJ\Debug\Obj\main.o
#        E:\1-source\A508\PRJ\Debug\Obj\McuConfig.o
#        E:\1-source\A508\PRJ\Debug\Obj\stm8s_adc2.o
#        E:\1-source\A508\PRJ\Debug\Obj\stm8s_awu.o
#        E:\1-source\A508\PRJ\Debug\Obj\stm8s_beep.o
#        E:\1-source\A508\PRJ\Debug\Obj\stm8s_clk.o
#        E:\1-source\A508\PRJ\Debug\Obj\stm8s_exti.o
#        E:\1-source\A508\PRJ\Debug\Obj\stm8s_flash.o
#        E:\1-source\A508\PRJ\Debug\Obj\stm8s_gpio.o
#        E:\1-source\A508\PRJ\Debug\Obj\stm8s_i2c.o
#        E:\1-source\A508\PRJ\Debug\Obj\stm8s_it.o
#        E:\1-source\A508\PRJ\Debug\Obj\stm8s_itc.o
#        E:\1-source\A508\PRJ\Debug\Obj\stm8s_iwdg.o
#        E:\1-source\A508\PRJ\Debug\Obj\stm8s_rst.o
#        E:\1-source\A508\PRJ\Debug\Obj\stm8s_spi.o
#        E:\1-source\A508\PRJ\Debug\Obj\stm8s_tim1.o
#        E:\1-source\A508\PRJ\Debug\Obj\stm8s_tim2.o
#        E:\1-source\A508\PRJ\Debug\Obj\stm8s_tim3.o
#        E:\1-source\A508\PRJ\Debug\Obj\stm8s_tim4.o
#        E:\1-source\A508\PRJ\Debug\Obj\stm8s_uart1.o
#        E:\1-source\A508\PRJ\Debug\Obj\stm8s_uart3.o
#        E:\1-source\A508\PRJ\Debug\Obj\stm8s_wwdg.o
#        E:\1-source\A508\PRJ\Debug\Obj\sysclock.o
#        E:\1-source\A508\PRJ\Debug\Obj\System.o
#        E:\1-source\A508\PRJ\Debug\Obj\Task.o
#        E:\1-source\A508\PRJ\Debug\Obj\Tone.o
#        E:\1-source\A508\PRJ\Debug\Obj\uart3.o
#        E:\1-source\A508\PRJ\Debug\Obj\Voice.o --redirect _Printf=_PrintfSmall
#        --redirect _Scanf=_ScanfSmall -o
#        E:\1-source\A508\PRJ\Debug\Exe\A508_DEMO1.out --map
#        E:\1-source\A508\PRJ\Debug\List\A508_DEMO1.map --config "C:\Program
#        Files\IAR Systems\Embedded Workbench
#        7.3\stm8\config\lnkstm8s007c8.icf" --config_def _CSTACK_SIZE=0x200
#        --config_def _HEAP_SIZE=0x100 --entry __iar_program_start --debug_lib
#
###############################################################################

*******************************************************************************
*** RUNTIME MODEL ATTRIBUTES
***

__SystemLibrary            = DLib
__code_model               = small
__core                     = stm8
__data_model               = medium
__dlib_file_descriptor     = 0
__dlib_full_locale_support = 0
__rt_version               = 4


*******************************************************************************
*** PLACEMENT SUMMARY
***

"A1":  place at start of [0x000000-0x0000ff] { rw section .vregs };
"A2":  place at end of [0x000000-0x0017ff] { block CSTACK };
"P2":  place in [from 0x000000 to 0x0017ff] {
          block HEAP, rw section __DLIB_PERTHREAD, rw section .far.bss,
          rw section .far.data, rw section .far.noinit,
          rw section .far_func.textrw, rw section .huge.bss,
          rw section .huge.data, rw section .huge.noinit,
          rw section .huge_func.textrw, rw section .iar.dynexit,
          rw section .near.bss, rw section .near.data, rw section .near.noinit,
          rw section .near_func.textrw };
"A3":  place at start of [0x008000-0x00ffff] { block INTVEC };
"P3":  place in [from 0x008000 to 0x00ffff] {
          ro section __DLIB_PERTHREAD_init, ro section .far.data_init,
          ro section .far_func.textrw_init, ro section .huge.data_init,
          ro section .huge_func.textrw_init, ro section .iar.init_table,
          ro section .init_array, ro section .near.data_init,
          ro section .near.rodata, ro section .near_func.text,
          ro section .near_func.textrw_init, ro section .tiny.data_init,
          ro section .tiny.rodata_init };

  Section            Kind      Address    Size  Object
  -------            ----      -------    ----  ------
"A1":                                     0x10
  .vregs             uninit   0x000000    0x10  vregs.o [5]
                            - 0x000010    0x10

"P2", part 1 of 5:                       0xef5
  .near.bss          zero     0x000010   0xef5  ApiPocCmd.o [1]
                            - 0x000f05   0xef5

"P2", part 2 of 5:                       0x28a
  .near.bss          zero     0x000f05   0x28a  DrvGD83.o [1]
                            - 0x00118f   0x28a

"P2", part 3 of 5:                       0x200
  .near.bss          zero     0x00118f   0x200  ApiDisplay.o [1]
                            - 0x00138f   0x200

"P2", part 4 of 5:                       0x1cf
  .near.bss          zero     0x00138f    0x77  ApiAtCmd.o [1]
  .near.bss          zero     0x001406    0x50  ApiPocCmd.o [1]
  .near.bss          zero     0x001456    0x44  uart3.o [1]
  .near.bss          zero     0x00149a    0x40  ApiDisplay.o [1]
  .near.bss          zero     0x0014da    0x14  System.o [1]
  .near.bss          zero     0x0014ee    0x12  Beep.o [1]
  .near.bss          zero     0x001500    0x12  Tone.o [1]
  .near.bss          zero     0x001512     0xf  ApiPocCmd.o [1]
  .near.bss          zero     0x001521     0xb  Delay.o [1]
  .near.bss          zero     0x00152c     0x6  ApiKeyboard.o [1]
  .near.bss          zero     0x001532     0x6  Voice.o [1]
  .near.bss          zero     0x001538     0x4  uart3.o [1]
  .near.bss          zero     0x00153c     0x2  ApiDisplay.o [1]
  .near.bss          zero     0x00153e     0x2  ApiGpsCmd.o [1]
  .near.bss          zero     0x001540     0x2  DrvHTG12832.o [1]
  .near.bss          zero     0x001542     0x1  ADC.o [1]
  .near.bss          zero     0x001543     0x1  ApiAtCmd.o [1]
  .near.bss          zero     0x001544     0x1  ApiAtCmd.o [1]
  .near.bss          zero     0x001545     0x1  ApiAtCmd.o [1]
  .near.bss          zero     0x001546     0x1  ApiAtCmd.o [1]
  .near.bss          zero     0x001547     0x1  ApiAtCmd.o [1]
  .near.bss          zero     0x001548     0x1  ApiGpsCmd.o [1]
  .near.bss          zero     0x001549     0x1  ApiKeyboard.o [1]
  .near.bss          zero     0x00154a     0x1  ApiKeyboard.o [1]
  .near.bss          zero     0x00154b     0x1  ApiKeyboard.o [1]
  .near.bss          zero     0x00154c     0x1  ApiKeyboard.o [1]
  .near.bss          zero     0x00154d     0x1  ApiKeyboard.o [1]
  .near.bss          zero     0x00154e     0x1  ApiKeyboard.o [1]
  .near.bss          zero     0x00154f     0x1  ApiKeyboard.o [1]
  .near.bss          zero     0x001550     0x1  ApiKeyboard.o [1]
  .near.bss          zero     0x001551     0x1  ApiKeyboard.o [1]
  .near.bss          zero     0x001552     0x1  ApiKeyboard.o [1]
  .near.bss          zero     0x001553     0x1  ApiKeyboard.o [1]
  .near.bss          zero     0x001554     0x1  ApiKeyboard.o [1]
  .near.bss          zero     0x001555     0x1  ApiKeyboard.o [1]
  .near.bss          zero     0x001556     0x1  ApiLED.o [1]
  .near.bss          zero     0x001557     0x1  ApiPocCmd.o [1]
  .near.bss          zero     0x001558     0x1  ApiPocCmd.o [1]
  .near.bss          zero     0x001559     0x1  DrvGD83.o [1]
  .near.bss          zero     0x00155a     0x1  Task.o [1]
  .near.bss          zero     0x00155b     0x1  Task.o [1]
  .near.bss          zero     0x00155c     0x1  Task.o [1]
  .near.bss          zero     0x00155d     0x1  Task.o [1]
                            - 0x00155e   0x1cf

"P2", part 5 of 5:                        0x56
  P2-1                        0x00155e    0x56  <Init block>
    .near.data       inited   0x00155e     0x1  ApiAtCmd.o [1]
    .near.data       inited   0x00155f     0x2  ApiAtCmd.o [1]
    .near.data       inited   0x001561     0x2  ApiAtCmd.o [1]
    .near.data       inited   0x001563     0x2  ApiAtCmd.o [1]
    .near.data       inited   0x001565     0x2  ApiAtCmd.o [1]
    .near.data       inited   0x001567     0x2  ApiAtCmd.o [1]
    .near.data       inited   0x001569     0x2  ApiAtCmd.o [1]
    .near.data       inited   0x00156b     0x2  ApiAtCmd.o [1]
    .near.data       inited   0x00156d     0x2  ApiAtCmd.o [1]
    .near.data       inited   0x00156f     0x2  ApiAtCmd.o [1]
    .near.data       inited   0x001571     0x2  ApiAtCmd.o [1]
    .near.data       inited   0x001573     0x2  ApiAtCmd.o [1]
    .near.data       inited   0x001575     0x2  ApiAtCmd.o [1]
    .near.data       inited   0x001577     0x2  ApiAtCmd.o [1]
    .near.data       inited   0x001579     0x2  ApiAtCmd.o [1]
    .near.data       inited   0x00157b     0x2  ApiAtCmd.o [1]
    .near.data       inited   0x00157d     0x2  ApiAtCmd.o [1]
    .near.data       inited   0x00157f     0x2  ApiAtCmd.o [1]
    .near.data       inited   0x001581     0x2  ApiAtCmd.o [1]
    .near.data       inited   0x001583     0x1  ApiKeyboard.o [1]
    .near.data       inited   0x001584     0x2  ApiKeyboard.o [1]
    .near.data       inited   0x001586     0x2  ApiKeyboard.o [1]
    .near.data       inited   0x001588     0x2  ApiKeyboard.o [1]
    .near.data       inited   0x00158a     0x1  ApiKeyboard.o [1]
    .near.data       inited   0x00158b     0x2  ApiPocCmd.o [1]
    .near.data       inited   0x00158d     0x2  ApiPocCmd.o [1]
    .near.data       inited   0x00158f     0x2  DrvGD83.o [1]
    .near.data       inited   0x001591     0x2  DrvGD83.o [1]
    .near.data       inited   0x001593     0x2  DrvGD83.o [1]
    .near.data       inited   0x001595     0x2  DrvGD83.o [1]
    .near.data       inited   0x001597     0x2  System.o [1]
    .near.data       inited   0x001599     0x1  Task.o [1]
    .near.data       inited   0x00159a     0x2  Task.o [1]
    .near.data       inited   0x00159c     0x2  Task.o [1]
    .near.data       inited   0x00159e     0x2  Task.o [1]
    .near.data       inited   0x0015a0     0x2  Task.o [1]
    .near.data       inited   0x0015a2     0x2  Task.o [1]
    .near.data       inited   0x0015a4     0x2  Task.o [1]
    .near.data       inited   0x0015a6     0x2  Task.o [1]
    .near.data       inited   0x0015a8     0x2  Task.o [1]
    .near.data       inited   0x0015aa     0x2  Task.o [1]
    .near.data       inited   0x0015ac     0x2  Task.o [1]
    .near.data       inited   0x0015ae     0x2  Task.o [1]
    .near.data       inited   0x0015b0     0x2  Task.o [1]
    .near.data       inited   0x0015b2     0x2  Task.o [1]
                            - 0x0015b4    0x56

"A2":                                    0x200
  CSTACK                      0x001600   0x200  <Block>
    CSTACK           uninit   0x001600   0x200  <Block tail>
                            - 0x001800   0x200

"A3":                                     0x80
  INTVEC                      0x008000    0x80  <Block>
    .intvec          const    0x008000    0x80  interrupt.o [5]
                            - 0x008080    0x80

"P3":                                   0x77f3
  .near_func.text    ro code  0x008080   0x809  DrvGD83.o [1]
  .near_func.text    ro code  0x008889   0x6d4  ApiGpsCmd.o [1]
  .near.rodata       const    0x008f5d   0x400  ApiDisplay.o [1]
  .near_func.text    ro code  0x00935d   0x38a  ApiKeyboard.o [1]
  .near_func.text    ro code  0x0096e7   0x315  Task.o [1]
  .near_func.text    ro code  0x0099fc   0x2fa  Beep.o [1]
  .near_func.text    ro code  0x009cf6   0x2f8  ApiPocCmd.o [1]
  .near_func.text    ro code  0x009fee   0x2e1  ApiGpsCmd.o [1]
  .near_func.text    ro code  0x00a2cf   0x296  ApiGpsCmd.o [1]
  .near_func.text    ro code  0x00a565   0x292  ApiGpsCmd.o [1]
  .near_func.text    ro code  0x00a7f7   0x288  ApiKeyboard.o [1]
  .near_func.text    ro code  0x00aa7f   0x21a  ApiAtCmd.o [1]
  .near_func.text    ro code  0x00ac99   0x219  DrvHTG12832.o [1]
  .near_func.text    ro code  0x00aeb2   0x213  GT20L16P1Y.o [3]
  .near_func.text    ro code  0x00b0c5   0x1e7  DrvKeyboard.o [1]
  .near_func.text    ro code  0x00b2ac   0x1d9  GT20L16P1Y.o [3]
  .near_func.text    ro code  0x00b485   0x1ad  Task.o [1]
  .near_func.text    ro code  0x00b632   0x1aa  uart3.o [1]
  .near_func.text    ro code  0x00b7dc   0x197  long.o [5]
  .near_func.text    ro code  0x00b973   0x15d  ApiPocCmd.o [1]
  .near_func.text    ro code  0x00bad0   0x14a  ApiPocCmd.o [1]
  .near_func.text    ro code  0x00bc1a   0x140  vreg_util.o [5]
  .near_func.text    ro code  0x00bd5a   0x139  DrvKeyboard.o [1]
  .near_func.text    ro code  0x00be93   0x136  DrvKeyboard.o [1]
  .near_func.text    ro code  0x00bfc9   0x134  stm8s_uart1.o [1]
  .near_func.text    ro code  0x00c0fd   0x130  GT20L16P1Y.o [3]
  .near_func.text    ro code  0x00c22d   0x111  ApiAtCmd.o [1]
  .near_func.text    ro code  0x00c33e   0x105  stm8s_uart3.o [1]
  .near_func.text    ro code  0x00c443   0x104  DrvGT20L16S1Y.o [1]
  .near_func.text    ro code  0x00c547   0x104  uart3.o [1]
  .near_func.text    ro code  0x00c64b   0x103  DrvGT20L16S1Y.o [1]
  .near_func.text    ro code  0x00c74e   0x101  stm8s_itc.o [1]
  .near_func.text    ro code  0x00c84f    0xf5  System.o [1]
  .near_func.text    ro code  0x00c944    0xf0  ADC.o [1]
  .near_func.text    ro code  0x00ca34    0xed  ApiDisplay.o [1]
  .near_func.text    ro code  0x00cb21    0xe5  ApiKeyboard.o [1]
  .near_func.text    ro code  0x00cc06    0xe1  DrvGD83.o [1]
  .near_func.text    ro code  0x00cce7    0xdb  CommonLib.o [1]
  .near_func.text    ro code  0x00cdc2    0xd7  uart3.o [1]
  .near_func.text    ro code  0x00ce99    0xd4  ApiPocCmd.o [1]
  .near_func.text    ro code  0x00cf6d    0xc5  ApiDisplay.o [1]
  .near_func.text    ro code  0x00d032    0xba  ApiDisplay.o [1]
  .near_func.text    ro code  0x00d0ec    0xb8  uart3.o [1]
  .near_func.text    ro code  0x00d1a4    0xb4  stm8s_uart3.o [1]
  .near_func.text    ro code  0x00d258    0xaf  ApiAtCmd.o [1]
  .near_func.text    ro code  0x00d307    0xaf  ApiDisplay.o [1]
  .near_func.text    ro code  0x00d3b6    0xaf  ApiGpsCmd.o [1]
  .near_func.text    ro code  0x00d465    0xaf  stm8s_gpio.o [1]
  .near_func.text    ro code  0x00d514    0xa2  Delay.o [1]
  .near_func.text    ro code  0x00d5b6    0xa2  stm8s_clk.o [1]
  .near_func.text    ro code  0x00d658    0x9c  Delay.o [1]
  .near_func.text    ro code  0x00d6f4    0x99  stm8s_tim1.o [1]
  .near_func.text    ro code  0x00d78d    0x99  Voice.o [1]
  .near_func.text    ro code  0x00d826    0x90  stm8s_uart1.o [1]
  .near_func.text    ro code  0x00d8b6    0x8f  ApiDisplay.o [1]
  .near_func.text    ro code  0x00d945    0x8e  uart3.o [1]
  .near_func.text    ro code  0x00d9d3    0x8c  stm8s_uart3.o [1]
  .near_func.text    ro code  0x00da5f    0x8a  DrvKeyboard.o [1]
  .near_func.text    ro code  0x00dae9    0x7e  stm8s_adc2.o [1]
  .near_func.text    ro code  0x00db67    0x7a  DrvGD83.o [1]
  .near_func.text    ro code  0x00dbe1    0x79  ApiDisplay.o [1]
  .near_func.text    ro code  0x00dc5a    0x73  Delay.o [1]
  .near_func.text    ro code  0x00dccd    0x6d  uart3.o [1]
  .near_func.text    ro code  0x00dd3a    0x6c  DrvKeyboard.o [1]
  .near_func.text    ro code  0x00dda6    0x6c  stm8s_uart1.o [1]
  .near_func.text    ro code  0x00de12    0x68  ApiAtCmd.o [1]
  .near_func.text    ro code  0x00de7a    0x67  Tone.o [1]
  .near_func.text    ro code  0x00dee1    0x61  stm8s_tim1.o [1]
  .near_func.text    ro code  0x00df42    0x5e  CommonLib.o [1]
  .near_func.text    ro code  0x00dfa0    0x5b  ApiLED.o [1]
  .near_func.text    ro code  0x00dffb    0x5a  ApiDisplay.o [1]
  .near_func.text    ro code  0x00e055    0x57  ApiDisplay.o [1]
  .near_func.text    ro code  0x00e0ac    0x57  stm8s_clk.o [1]
  .near_func.text    ro code  0x00e103    0x57  long_util.o [5]
  Initializer bytes  const    0x00e15a    0x56  <for P2-1>
  .near_func.text    ro code  0x00e1b0    0x54  Delay.o [1]
  .near_func.text    ro code  0x00e204    0x53  stm8s_adc2.o [1]
  .near_func.text    ro code  0x00e257    0x51  ApiDisplay.o [1]
  .near_func.text    ro code  0x00e2a8    0x50  uart3.o [1]
  .near_func.text    ro code  0x00e2f8    0x50  uart3.o [1]
  .near_func.text    ro code  0x00e348    0x50  short.o [5]
  .near_func.text    ro code  0x00e398    0x4e  CommonLib.o [1]
  .near_func.text    ro code  0x00e3e6    0x4e  Tone.o [1]
  .near_func.text    ro code  0x00e434    0x4b  uart3.o [1]
  .near_func.text    ro code  0x00e47f    0x4a  ApiDisplay.o [1]
  .near_func.text    ro code  0x00e4c9    0x49  DrvGD83.o [1]
  .near_func.text    ro code  0x00e512    0x49  DrvGD83.o [1]
  .near_func.text    ro code  0x00e55b    0x49  DrvGD83.o [1]
  .near_func.text    ro code  0x00e5a4    0x49  DrvGD83.o [1]
  .near_func.text    ro code  0x00e5ed    0x49  stm8s_uart3.o [1]
  .near_func.text    ro code  0x00e636    0x46  GT20L16P1Y.o [3]
  .near_func.text    ro code  0x00e67c    0x43  Flash_eeprom.o [1]
  .near_func.text    ro code  0x00e6bf    0x43  Flash_eeprom.o [1]
  .near_func.text    ro code  0x00e702    0x43  stm8s_tim1.o [1]
  .near_func.text    const    0x00e745    0x40  ApiDisplay.o [1]
  .near_func.text    ro code  0x00e785    0x40  Task.o [1]
  .near.rodata       const    0x00e7c5    0x3e  GT20L16P1Y.o [3]
  .near_func.text    ro code  0x00e803    0x3e  uart3.o [1]
  .near_func.text    ro code  0x00e841    0x3d  DrvGD83.o [1]
  .near_func.text    ro code  0x00e87e    0x36  stm8s_flash.o [1]
  .near_func.text    ro code  0x00e8b4    0x36  memcmp.o [5]
  .near_func.text    ro code  0x00e8ea    0x35  Flash_eeprom.o [1]
  .near_func.text    ro code  0x00e91f    0x35  uart3.o [1]
  .near_func.text    ro code  0x00e954    0x33  DrvGT20L16S1Y.o [1]
  .near_func.text    ro code  0x00e987    0x32  Beep.o [1]
  .near_func.text    ro code  0x00e9b9    0x32  stm8s_uart1.o [1]
  .near.rodata       const    0x00e9eb    0x31  Task.o [1]
  .near_func.text    ro code  0x00ea1c    0x30  McuConfig.o [1]
  .near_func.text    ro code  0x00ea4c    0x30  sysclock.o [1]
  .near_func.text    ro code  0x00ea7c    0x2f  stm8s_adc2.o [1]
  .near_func.text    ro code  0x00eaab    0x2d  stm8s_uart1.o [1]
  .near_func.text    ro code  0x00ead8    0x2c  ApiDisplay.o [1]
  .near_func.text    ro code  0x00eb04    0x2c  DrvGD83.o [1]
  .near_func.text    ro code  0x00eb30    0x2c  stm8s_adc2.o [1]
  .near_func.text    ro code  0x00eb5c    0x2b  ApiDisplay.o [1]
  .near_func.text    ro code  0x00eb87    0x2b  ApiDisplay.o [1]
  .near.rodata       const    0x00ebb2    0x2a  Task.o [1]
  .near_func.text    ro code  0x00ebdc    0x2a  ApiDisplay.o [1]
  .near_func.text    ro code  0x00ec06    0x2a  McuConfig.o [1]
  .near_func.text    ro code  0x00ec30    0x28  Delay.o [1]
  .near_func.text    ro code  0x00ec58    0x28  init_small.o [5]
  .near_func.text    ro code  0x00ec80    0x27  stm8s_flash.o [1]
  .near_func.text    ro code  0x00eca7    0x27  sysclock.o [1]
  .near_func.text    ro code  0x00ecce    0x26  Task.o [1]
  .near.rodata       const    0x00ecf4    0x25  Task.o [1]
  .near.rodata       const    0x00ed19    0x25  Task.o [1]
  .near.rodata       const    0x00ed3e    0x25  Task.o [1]
  .near_func.text    ro code  0x00ed63    0x25  stm8s_uart3.o [1]
  .near_func.text    ro code  0x00ed88    0x25  memcpy.o [5]
  .near_func.text    ro code  0x00edad    0x25  dc_util.o [5]
  .near_func.text    ro code  0x00edd2    0x24  McuConfig.o [1]
  .near_func.text    ro code  0x00edf6    0x24  McuConfig.o [1]
  .near_func.text    ro code  0x00ee1a    0x24  stm8s_flash.o [1]
  .near_func.text    ro code  0x00ee3e    0x24  stm8s_tim1.o [1]
  .near_func.text    ro code  0x00ee62    0x23  ADC.o [1]
  .near_func.text    ro code  0x00ee85    0x23  ApiGpsCmd.o [1]
  .near_func.text    ro code  0x00eea8    0x23  Tone.o [1]
  .near_func.text    ro code  0x00eecb    0x22  ApiPocCmd.o [1]
  .near_func.text    ro code  0x00eeed    0x21  ApiPocCmd.o [1]
  .near_func.text    ro code  0x00ef0e    0x21  stm8s_adc2.o [1]
  .iar.init_table    const    0x00ef2f    0x1e  - Linker created -
  .near_func.text    ro code  0x00ef4d    0x20  ADC.o [1]
  .near_func.text    ro code  0x00ef6d    0x20  ApiPocCmd.o [1]
  .near_func.text    ro code  0x00ef8d    0x20  ApiPocCmd.o [1]
  .near_func.text    ro code  0x00efad    0x20  stm8s_it.o [1]
  .near_func.text    ro code  0x00efcd    0x1f  Delay.o [1]
  .near_func.text    ro code  0x00efec    0x1f  move.o [5]
  .near_func.text    ro code  0x00f00b    0x1e  init_small.o [5]
  .near.rodata       const    0x00f029    0x1d  Task.o [1]
  .near_func.text    ro code  0x00f046    0x1c  Delay.o [1]
  .near_func.text    ro code  0x00f062    0x1b  stm8s_it.o [1]
  .near_func.text    ro code  0x00f07d    0x1b  sysclock.o [1]
  .near_func.text    ro code  0x00f098    0x1a  Beep.o [1]
  .near.rodata       const    0x00f0b2    0x18  Task.o [1]
  .near_func.text    ro code  0x00f0ca    0x18  McuConfig.o [1]
  .near_func.text    ro code  0x00f0e2    0x18  McuConfig.o [1]
  .near_func.text    ro code  0x00f0fa    0x17  McuConfig.o [1]
  .near_func.text    ro code  0x00f111    0x17  McuConfig.o [1]
  .near_func.text    ro code  0x00f128    0x17  McuConfig.o [1]
  .near_func.text    ro code  0x00f13f    0x17  McuConfig.o [1]
  .near_func.text    ro code  0x00f156    0x17  McuConfig.o [1]
  .near_func.text    ro code  0x00f16d    0x17  memset.o [5]
  .near_func.text    ro code  0x00f184    0x17  init.o [5]
  .near_func.text    ro code  0x00f19b    0x16  stm8s_flash.o [1]
  .near_func.text    ro code  0x00f1b1    0x16  stm8s_it.o [1]
  .near_func.text    ro code  0x00f1c7    0x15  ApiDisplay.o [1]
  .near_func.text    ro code  0x00f1dc    0x15  ApiDisplay.o [1]
  .near_func.text    ro code  0x00f1f1    0x15  uart3.o [1]
  .near_func.text    ro code  0x00f206    0x14  stm8s_flash.o [1]
  .near_func.text    ro code  0x00f21a    0x14  __dbg_xxexit.o [4]
  .near.rodata       const    0x00f22e    0x13  ApiAtCmd.o [1]
  .near.rodata       const    0x00f241    0x13  Task.o [1]
  .near.rodata       const    0x00f254    0x13  Task.o [1]
  .near_func.text    ro code  0x00f267    0x13  stm8s_adc2.o [1]
  .near_func.text    ro code  0x00f27a    0x13  stm8s_clk.o [1]
  .near_func.text    ro code  0x00f28d    0x13  stm8s_tim3.o [1]
  .near_func.text    ro code  0x00f2a0    0x13  cstartup.o [5]
  .near.rodata       const    0x00f2b3    0x12  ApiAtCmd.o [1]
  .near.rodata       const    0x00f2c5    0x12  Task.o [1]
  .near_func.text    ro code  0x00f2d7    0x12  ApiPocCmd.o [1]
  .near_func.text    ro code  0x00f2e9    0x12  ApiPocCmd.o [1]
  .near_func.text    ro code  0x00f2fb    0x12  uart3.o [1]
  .near_func.text    ro code  0x00f30d    0x12  strlen.o [5]
  .near.rodata       const    0x00f31f    0x11  ApiKeyboard.o [1]
  .near.rodata       const    0x00f330    0x11  ApiKeyboard.o [1]
  .near.rodata       const    0x00f341    0x11  ApiKeyboard.o [1]
  .near.rodata       const    0x00f352    0x11  ApiKeyboard.o [1]
  .near.rodata       const    0x00f363    0x11  ApiKeyboard.o [1]
  .near.rodata       const    0x00f374    0x11  ApiKeyboard.o [1]
  .near.rodata       const    0x00f385    0x11  ApiKeyboard.o [1]
  .near.rodata       const    0x00f396    0x11  ApiKeyboard.o [1]
  .near.rodata       const    0x00f3a7    0x11  ApiKeyboard.o [1]
  .near.rodata       const    0x00f3b8    0x11  ApiKeyboard.o [1]
  .near.rodata       const    0x00f3c9    0x11  CommonLib.o [1]
  .near.rodata       const    0x00f3da    0x11  System.o [1]
  .near.rodata       const    0x00f3eb    0x11  Task.o [1]
  .near.rodata       const    0x00f3fc    0x11  Task.o [1]
  .near.rodata       const    0x00f40d    0x11  Task.o [1]
  .near.rodata       const    0x00f41e    0x11  Task.o [1]
  .near.rodata       const    0x00f42f    0x11  Task.o [1]
  .near.rodata       const    0x00f440    0x11  Task.o [1]
  .near.rodata       const    0x00f451    0x11  Task.o [1]
  .near.rodata       const    0x00f462    0x11  Task.o [1]
  .near.rodata       const    0x00f473    0x11  Task.o [1]
  .near.rodata       const    0x00f484    0x11  Task.o [1]
  .near.rodata       const    0x00f495    0x11  Task.o [1]
  .near.rodata       const    0x00f4a6    0x11  Task.o [1]
  .near.rodata       const    0x00f4b7    0x11  Task.o [1]
  .near_func.text    ro code  0x00f4c8    0x11  ApiPocCmd.o [1]
  .near_func.text    ro code  0x00f4d9    0x11  ApiPocCmd.o [1]
  .near.rodata       const    0x00f4ea    0x10  ApiAtCmd.o [1]
  .near.rodata       const    0x00f4fa    0x10  ApiAtCmd.o [1]
  .near.rodata       const    0x00f50a    0x10  ApiDisplay.o [1]
  .near.rodata       const    0x00f51a    0x10  ApiDisplay.o [1]
  .near.rodata       const    0x00f52a    0x10  uart3.o [1]
  .near.rodata       const    0x00f53a     0xf  ApiAtCmd.o [1]
  .near.rodata       const    0x00f549     0xf  ApiKeyboard.o [1]
  .near.rodata       const    0x00f558     0xf  Task.o [1]
  .near.rodata       const    0x00f567     0xf  Task.o [1]
  .near_func.text    ro code  0x00f576     0xf  Voice.o [1]
  .near.rodata       const    0x00f585     0xe  ApiAtCmd.o [1]
  .near.rodata       const    0x00f593     0xe  ApiAtCmd.o [1]
  .near.rodata       const    0x00f5a1     0xe  ApiAtCmd.o [1]
  .near.rodata       const    0x00f5af     0xe  Task.o [1]
  .near.rodata       const    0x00f5bd     0xe  Task.o [1]
  .near_func.text    ro code  0x00f5cb     0xe  ApiPocCmd.o [1]
  .near_func.text    ro code  0x00f5d9     0xe  uart3.o [1]
  .near.rodata       const    0x00f5e7     0xd  ApiPocCmd.o [1]
  .near.rodata       const    0x00f5f4     0xd  ApiPocCmd.o [1]
  .near.rodata       const    0x00f601     0xd  Task.o [1]
  .near_func.text    ro code  0x00f60e     0xd  stm8s_adc2.o [1]
  .near_func.text    ro code  0x00f61b     0xd  stm8s_tim1.o [1]
  .near_func.text    ro code  0x00f628     0xd  stm8s_tim1.o [1]
  .near_func.text    ro code  0x00f635     0xd  stm8s_tim1.o [1]
  .near_func.text    ro code  0x00f642     0xd  stm8s_tim3.o [1]
  .near_func.text    ro code  0x00f64f     0xd  stm8s_tim3.o [1]
  .near_func.text    ro code  0x00f65c     0xd  stm8s_uart1.o [1]
  .near_func.text    ro code  0x00f669     0xd  stm8s_uart3.o [1]
  .near.rodata       const    0x00f676     0xc  ApiAtCmd.o [1]
  .near_func.text    ro code  0x00f682     0xc  McuConfig.o [1]
  .near_func.text    ro code  0x00f68e     0xc  McuConfig.o [1]
  .near_func.text    ro code  0x00f69a     0xc  McuConfig.o [1]
  .near_func.text    ro code  0x00f6a6     0xc  McuConfig.o [1]
  .near_func.text    ro code  0x00f6b2     0xc  stm8s_tim3.o [1]
  .near.rodata       const    0x00f6be     0xb  ApiAtCmd.o [1]
  .near.rodata       const    0x00f6c9     0xb  Task.o [1]
  .near_func.text    ro code  0x00f6d4     0xb  char.o [5]
  .near.rodata       const    0x00f6df     0xa  ApiAtCmd.o [1]
  .near.rodata       const    0x00f6e9     0xa  System.o [1]
  .near.rodata       const    0x00f6f3     0xa  Task.o [1]
  .near.rodata       const    0x00f6fd     0xa  Task.o [1]
  .near_func.text    ro code  0x00f707     0xa  ApiAtCmd.o [1]
  .near_func.text    ro code  0x00f711     0xa  ApiPocCmd.o [1]
  .near_func.text    ro code  0x00f71b     0xa  ApiPocCmd.o [1]
  .near.rodata       const    0x00f725     0x9  ApiAtCmd.o [1]
  .near.rodata       const    0x00f72e     0x9  ApiAtCmd.o [1]
  .near.rodata       const    0x00f737     0x9  ApiAtCmd.o [1]
  .near.rodata       const    0x00f740     0x9  ApiKeyboard.o [1]
  .near.rodata       const    0x00f749     0x9  ApiKeyboard.o [1]
  .near.rodata       const    0x00f752     0x9  ApiKeyboard.o [1]
  .near.rodata       const    0x00f75b     0x9  DrvGD83.o [1]
  .near.rodata       const    0x00f764     0x9  System.o [1]
  .near.rodata       const    0x00f76d     0x9  Task.o [1]
  .near_func.text    ro code  0x00f776     0x9  stm8s_gpio.o [1]
  .near_func.text    ro code  0x00f77f     0x9  stm8s_tim3.o [1]
  .near.rodata       const    0x00f788     0x8  ApiAtCmd.o [1]
  .near.rodata       const    0x00f790     0x8  ApiDisplay.o [1]
  .near.rodata       const    0x00f798     0x8  ApiPocCmd.o [1]
  .near.rodata       const    0x00f7a0     0x8  Task.o [1]
  .near.rodata       const    0x00f7a8     0x7  ApiAtCmd.o [1]
  .near.rodata       const    0x00f7af     0x7  ApiAtCmd.o [1]
  .near.rodata       const    0x00f7b6     0x7  ApiAtCmd.o [1]
  .near.rodata       const    0x00f7bd     0x7  ApiPocCmd.o [1]
  .near.rodata       const    0x00f7c4     0x7  DrvGD83.o [1]
  .near.rodata       const    0x00f7cb     0x7  Task.o [1]
  .near.rodata       const    0x00f7d2     0x7  Task.o [1]
  .near_func.text    ro code  0x00f7d9     0x7  stm8s_flash.o [1]
  .near_func.text    ro code  0x00f7e0     0x7  stm8s_gpio.o [1]
  .near.rodata       const    0x00f7e7     0x6  DrvGD83.o [1]
  .near_func.text    ro code  0x00f7ed     0x5  stm8s_adc2.o [1]
  .near_func.text    ro code  0x00f7f2     0x5  stm8s_flash.o [1]
  .near_func.text    ro code  0x00f7f7     0x5  stm8s_flash.o [1]
  .near_func.text    ro code  0x00f7fc     0x5  stm8s_tim3.o [1]
  .near_func.text    ro code  0x00f801     0x5  cexit.o [5]
  .near.rodata       const    0x00f806     0x4  stm8s_clk.o [1]
  .near.rodata       const    0x00f80a     0x4  uart3.o [1]
  .near_func.text    ro code  0x00f80e     0x4  ApiPocCmd.o [1]
  .near_func.text    ro code  0x00f812     0x4  ApiPocCmd.o [1]
  .near_func.text    ro code  0x00f816     0x4  ApiPocCmd.o [1]
  .near_func.text    ro code  0x00f81a     0x4  ApiPocCmd.o [1]
  .near_func.text    ro code  0x00f81e     0x4  ApiPocCmd.o [1]
  .near_func.text    ro code  0x00f822     0x4  ApiPocCmd.o [1]
  .near_func.text    ro code  0x00f826     0x4  stm8s_gpio.o [1]
  .near_func.text    ro code  0x00f82a     0x4  stm8s_uart1.o [1]
  .near_func.text    ro code  0x00f82e     0x4  stm8s_uart1.o [1]
  .near_func.text    ro code  0x00f832     0x4  stm8s_uart3.o [1]
  .near_func.text    ro code  0x00f836     0x4  stm8s_uart3.o [1]
  .near_func.text    ro code  0x00f83a     0x4  System.o [1]
  .near_func.text    ro code  0x00f83e     0x4  System.o [1]
  .near.rodata       const    0x00f842     0x3  DrvGD83.o [1]
  .near.rodata       const    0x00f845     0x3  uart3.o [1]
  .near.rodata       const    0x00f848     0x3  uart3.o [1]
  .near_func.text    ro code  0x00f84b     0x3  main.o [1]
  .near_func.text    ro code  0x00f84e     0x3  Task.o [1]
  .near_func.text    ro code  0x00f851     0x3  interrupt.o [5]
  .near_func.text    ro code  0x00f854     0x3  low_level_init.o [5]
  .near_func.text    ro code  0x00f857     0x3  exit.o [5]
  .near_func.text    ro code  0x00f85a     0x3  unhandled_exception.o [5]
  .near_func.text    ro code  0x00f85d     0x1  stm8s_it.o [1]
  .near_func.text    ro code  0x00f85e     0x1  stm8s_it.o [1]
  .near_func.text    ro code  0x00f85f     0x1  stm8s_it.o [1]
  .near_func.text    ro code  0x00f860     0x1  stm8s_it.o [1]
  .near_func.text    ro code  0x00f861     0x1  stm8s_it.o [1]
  .near_func.text    ro code  0x00f862     0x1  stm8s_it.o [1]
  .near_func.text    ro code  0x00f863     0x1  stm8s_it.o [1]
  .near_func.text    ro code  0x00f864     0x1  stm8s_it.o [1]
  .near_func.text    ro code  0x00f865     0x1  stm8s_it.o [1]
  .near_func.text    ro code  0x00f866     0x1  stm8s_it.o [1]
  .near_func.text    ro code  0x00f867     0x1  stm8s_it.o [1]
  .near_func.text    ro code  0x00f868     0x1  stm8s_it.o [1]
  .near_func.text    ro code  0x00f869     0x1  stm8s_it.o [1]
  .near_func.text    ro code  0x00f86a     0x1  stm8s_it.o [1]
  .near_func.text    ro code  0x00f86b     0x1  stm8s_it.o [1]
  .near_func.text    ro code  0x00f86c     0x1  stm8s_it.o [1]
  .near_func.text    ro code  0x00f86d     0x1  stm8s_it.o [1]
  .near_func.text    ro code  0x00f86e     0x1  stm8s_it.o [1]
  .near_func.text    ro code  0x00f86f     0x1  stm8s_it.o [1]
  .near_func.text    ro code  0x00f870     0x1  stm8s_it.o [1]
  .near_func.text    ro code  0x00f871     0x1  stm8s_it.o [1]
  .near_func.text    ro code  0x00f872     0x1  __dbg_break.o [4]
                            - 0x00f873  0x77f3


*******************************************************************************
*** INIT TABLE
***

          Address   Size
          -------   ----
Zero (__iar_zero_init2)
    4 destination ranges, total size 0x154e:
          0x000010  0xef5
          0x000f05  0x28a
          0x00118f  0x200
          0x00138f  0x1cf

Copy (__iar_copy_init2)
    1 source range, total size 0x56:
          0x00e15a   0x56
    1 destination range, total size 0x56:
          0x00155e   0x56



*******************************************************************************
*** MODULE SUMMARY
***

    Module                 ro code  ro data  rw data
    ------                 -------  -------  -------
E:\1-source\A508\PRJ\Debug\Obj: [1]
    ADC.o                      307                 1
    ApiAtCmd.o               1 100      252      161
    ApiDisplay.o             1 605    1 128      578
    ApiGpsCmd.o              4 015                 3
    ApiKeyboard.o            1 783      220       27
    ApiLED.o                    91                 1
    ApiPocCmd.o              1 910       45    3 930
    Beep.o                     838                18
    CommonLib.o                391       17
    Delay.o                    616                11
    DrvGD83.o                2 801       33      659
    DrvGT20L16S1Y.o            570
    DrvHTG12832.o              537                 2
    DrvKeyboard.o            1 356
    Flash_eeprom.o             187
    McuConfig.o                373
    System.o                   253       38       22
    Task.o                   1 323      692       31
    Tone.o                     216                18
    Voice.o                    168                 6
    main.o                       3
    stm8s_adc2.o               370
    stm8s_clk.o                268        4
    stm8s_flash.o              188
    stm8s_gpio.o               195
    stm8s_it.o                 102
    stm8s_itc.o                257
    stm8s_tim1.o               392
    stm8s_tim3.o                71
    stm8s_uart1.o              676
    stm8s_uart3.o              712
    sysclock.o                 114
    uart3.o                  1 739       26       72
    ------------------------------------------------
    Total:                  25 527    2 455    5 540

command line: [2]
    ------------------------------------------------
    Total:

GT20L16P1Y_IAR_STM8.a: [3]
    GT20L16P1Y.o             1 378       62
    ------------------------------------------------
    Total:                   1 378       62

dbgstm8smd.a: [4]
    __dbg_break.o                1
    __dbg_xxexit.o              20
    ------------------------------------------------
    Total:                      21

dlstm8smn.a: [5]
    cexit.o                      5
    char.o                      11
    cstartup.o                  19
    dc_util.o                   37
    exit.o                       3
    init.o                      23
    init_small.o                70
    interrupt.o                  3      128
    long.o                     407
    long_util.o                 87
    low_level_init.o             3
    memcmp.o                    54
    memcpy.o                    37
    memset.o                    23
    move.o                      31
    short.o                     80
    strlen.o                    18
    unhandled_exception.o        3
    vreg_util.o                320
    vregs.o                                       16
    ------------------------------------------------
    Total:                   1 234      128       16

    Linker created                       30      512
----------------------------------------------------
    Grand Total:            28 160    2 675    6 068


*******************************************************************************
*** ENTRY LIST
***

Entry                    Address   Size  Type      Object
-----                    -------   ----  ----      ------
.iar.init_table$$Base   0x00ef2f          --   Gb  - Linker created -
.iar.init_table$$Limit  0x00ef4d          --   Gb  - Linker created -
?add32_l0_l0_0x         0x00b7e4         Code  Gb  long.o [5]
?add32_l0_l0_dl         0x00b7dc         Code  Gb  long.o [5]
?add32_l0_l0_l1         0x00b7e1         Code  Gb  long.o [5]
?and32_l0_l0_0x         0x00b924         Code  Gb  long.o [5]
?and32_l0_l0_l1         0x00b921         Code  Gb  long.o [5]
?b0                     0x000000         Data  Gb  vregs.o [5]
?b1                     0x000001         Data  Gb  vregs.o [5]
?b10                    0x00000a         Data  Gb  vregs.o [5]
?b11                    0x00000b         Data  Gb  vregs.o [5]
?b12                    0x00000c         Data  Gb  vregs.o [5]
?b13                    0x00000d         Data  Gb  vregs.o [5]
?b14                    0x00000e         Data  Gb  vregs.o [5]
?b15                    0x00000f         Data  Gb  vregs.o [5]
?b2                     0x000002         Data  Gb  vregs.o [5]
?b3                     0x000003         Data  Gb  vregs.o [5]
?b4                     0x000004         Data  Gb  vregs.o [5]
?b5                     0x000005         Data  Gb  vregs.o [5]
?b6                     0x000006         Data  Gb  vregs.o [5]
?b7                     0x000007         Data  Gb  vregs.o [5]
?b8                     0x000008         Data  Gb  vregs.o [5]
?b9                     0x000009         Data  Gb  vregs.o [5]
?dc32_l0                0x00edad         Code  Gb  dc_util.o [5]
?dc32_l1                0x00edba         Code  Gb  dc_util.o [5]
?dc32_px                0x00edc7         Code  Gb  dc_util.o [5]
?e0                     0x000001         Data  Gb  vregs.o [5]
?e1                     0x000005         Data  Gb  vregs.o [5]
?e2                     0x000009         Data  Gb  vregs.o [5]
?e3                     0x00000d         Data  Gb  vregs.o [5]
?epilogue_l2            0x00bcc1         Code  Gb  vreg_util.o [5]
?epilogue_l2_l3         0x00bcbe         Code  Gb  vreg_util.o [5]
?epilogue_l2_w6         0x00bcc5         Code  Gb  vreg_util.o [5]
?epilogue_w4            0x00bccc         Code  Gb  vreg_util.o [5]
?l0                     0x000000         Data  Gb  vregs.o [5]
?l1                     0x000004         Data  Gb  vregs.o [5]
?l2                     0x000008         Data  Gb  vregs.o [5]
?l3                     0x00000c         Data  Gb  vregs.o [5]
?load32_0x_l0           0x00e14c         Code  Gb  long_util.o [5]
?load32_asp_l0          0x00e140         Code  Gb  long_util.o [5]
?load32_dbsp_l0         0x00e13b         Code  Gb  long_util.o [5]
?load32_l0_0x           0x00e113         Code  Gb  long_util.o [5]
?load32_l0_asp          0x00e108         Code  Gb  long_util.o [5]
?load32_l0_dbsp         0x00e103         Code  Gb  long_util.o [5]
?load32_l0_xsp          0x00e10a         Code  Gb  long_util.o [5]
?load32_l1_0x           0x00e12f         Code  Gb  long_util.o [5]
?load32_l1_asp          0x00e124         Code  Gb  long_util.o [5]
?load32_l1_dbsp         0x00e11f         Code  Gb  long_util.o [5]
?load32_l1_xsp          0x00e126         Code  Gb  long_util.o [5]
?load32_xsp_l0          0x00e142         Code  Gb  long_util.o [5]
?longfarg16_v_w0_a      0x00eff9         Code  Gb  move.o [5]
?longfarg16_v_w0_x      0x00effb         Code  Gb  move.o [5]
?mov_e0_e1              0x00bce8         Code  Gb  vreg_util.o [5]
?mov_e0_e2              0x00bcf5         Code  Gb  vreg_util.o [5]
?mov_e0_e3              0x00bd02         Code  Gb  vreg_util.o [5]
?mov_e1_e0              0x00bd0f         Code  Gb  vreg_util.o [5]
?mov_e1_e2              0x00bd1c         Code  Gb  vreg_util.o [5]
?mov_e1_e3              0x00bd29         Code  Gb  vreg_util.o [5]
?mov_e2_e0              0x00bd36         Code  Gb  vreg_util.o [5]
?mov_e3_e0              0x00bd43         Code  Gb  vreg_util.o [5]
?mov_e3_e1              0x00bd50         Code  Gb  vreg_util.o [5]
?mov_l0_l1              0x00bce5         Code  Gb  vreg_util.o [5]
?mov_l0_l2              0x00bcf2         Code  Gb  vreg_util.o [5]
?mov_l0_l3              0x00bcff         Code  Gb  vreg_util.o [5]
?mov_l1_l0              0x00bd0c         Code  Gb  vreg_util.o [5]
?mov_l1_l2              0x00bd19         Code  Gb  vreg_util.o [5]
?mov_l1_l3              0x00bd26         Code  Gb  vreg_util.o [5]
?mov_l2_l0              0x00bd33         Code  Gb  vreg_util.o [5]
?mov_l3_l0              0x00bd40         Code  Gb  vreg_util.o [5]
?mov_l3_l1              0x00bd4d         Code  Gb  vreg_util.o [5]
?mov_w1_w3              0x00bceb         Code  Gb  vreg_util.o [5]
?mov_w1_w4              0x00bcd0         Code  Gb  vreg_util.o [5]
?mov_w1_w5              0x00bcf8         Code  Gb  vreg_util.o [5]
?mov_w1_w7              0x00bd05         Code  Gb  vreg_util.o [5]
?mov_w2_w1              0x00bcd7         Code  Gb  vreg_util.o [5]
?mov_w3_w1              0x00bd12         Code  Gb  vreg_util.o [5]
?mov_w3_w5              0x00bd1f         Code  Gb  vreg_util.o [5]
?mov_w3_w7              0x00bd2c         Code  Gb  vreg_util.o [5]
?mov_w5_w1              0x00bd39         Code  Gb  vreg_util.o [5]
?mov_w6_w0              0x00bcde         Code  Gb  vreg_util.o [5]
?mov_w7_w1              0x00bd46         Code  Gb  vreg_util.o [5]
?mov_w7_w3              0x00bd53         Code  Gb  vreg_util.o [5]
?move1616_v_x_y_a       0x00efec         Code  Gb  move.o [5]
?mul16_x_x_w0           0x00e348         Code  Gb  short.o [5]
?mul32_l0_l0_0x         0x00b81a         Code  Gb  long.o [5]
?mul32_l0_l0_dl         0x00b817         Code  Gb  long.o [5]
?mul32_l0_l0_l1         0x00b823         Code  Gb  long.o [5]
?or32_l0_l0_0x          0x00b93f         Code  Gb  long.o [5]
?or32_l0_l0_l1          0x00b93c         Code  Gb  long.o [5]
?pop_l0                 0x00bc8a         Code  Gb  vreg_util.o [5]
?pop_l1                 0x00bc95         Code  Gb  vreg_util.o [5]
?pop_l2                 0x00bca0         Code  Gb  vreg_util.o [5]
?pop_l3                 0x00bcab         Code  Gb  vreg_util.o [5]
?pop_w4                 0x00bc3c         Code  Gb  vreg_util.o [5]
?pop_w5                 0x00bc43         Code  Gb  vreg_util.o [5]
?pop_w6                 0x00bc4a         Code  Gb  vreg_util.o [5]
?push_l0                0x00bc59         Code  Gb  vreg_util.o [5]
?push_l1                0x00bc5e         Code  Gb  vreg_util.o [5]
?push_l2                0x00bc63         Code  Gb  vreg_util.o [5]
?push_l3                0x00bc68         Code  Gb  vreg_util.o [5]
?push_w4                0x00bc1a         Code  Gb  vreg_util.o [5]
?push_w5                0x00bc1f         Code  Gb  vreg_util.o [5]
?push_w6                0x00bc24         Code  Gb  vreg_util.o [5]
?sext16_x_a             0x00e391         Code  Gb  short.o [5]
?sext32_l0_x            0x00b968         Code  Gb  long.o [5]
?sll16_x_x_4            0x00e380         Code  Gb  short.o [5]
?sll16_x_x_5            0x00e37f         Code  Gb  short.o [5]
?sll16_x_x_6            0x00e37e         Code  Gb  short.o [5]
?sll16_x_x_a            0x00e376         Code  Gb  short.o [5]
?sll32_0x_0x_a          0x00b95a         Code  Gb  long.o [5]
?sll32_l0_l0_a          0x00b957         Code  Gb  long.o [5]
?smod16_y_x_y           0x00e366         Code  Gb  short.o [5]
?sra8_a_a_4             0x00f6da         Code  Gb  char.o [5]
?srl16_x_x_10           0x00e386         Code  Gb  short.o [5]
?srl16_x_x_11           0x00e385         Code  Gb  short.o [5]
?srl16_x_x_4            0x00e38c         Code  Gb  short.o [5]
?srl16_x_x_5            0x00e38b         Code  Gb  short.o [5]
?srl16_x_x_6            0x00e38a         Code  Gb  short.o [5]
?srl16_x_x_7            0x00e389         Code  Gb  short.o [5]
?srl16_x_x_8            0x00e388         Code  Gb  short.o [5]
?srl16_x_x_9            0x00e387         Code  Gb  short.o [5]
?srl8_a_a_5             0x00f6d5         Code  Gb  char.o [5]
?srl8_a_a_6             0x00f6d4         Code  Gb  char.o [5]
?sub32_l0_l0_0x         0x00b7ff         Code  Gb  long.o [5]
?sub32_l0_l0_l1         0x00b7fc         Code  Gb  long.o [5]
?ucmp32_c_l0_l1         0x00b916         Code  Gb  long.o [5]
?udiv32_l0_dl_l1        0x00b8a1         Code  Gb  long.o [5]
?udiv32_l0_l0_dl        0x00b8a6         Code  Gb  long.o [5]
?udiv32_l0_l0_l1        0x00b8a9         Code  Gb  long.o [5]
?umod32_l1_l0_l1        0x00b8a9         Code  Gb  long.o [5]
?w0                     0x000000         Data  Gb  vregs.o [5]
?w1                     0x000002         Data  Gb  vregs.o [5]
?w2                     0x000004         Data  Gb  vregs.o [5]
?w3                     0x000006         Data  Gb  vregs.o [5]
?w4                     0x000008         Data  Gb  vregs.o [5]
?w5                     0x00000a         Data  Gb  vregs.o [5]
?w6                     0x00000c         Data  Gb  vregs.o [5]
?w7                     0x00000e         Data  Gb  vregs.o [5]
ADC2_Cmd                0x00f60e    0xd  Code  Gb  stm8s_adc2.o [1]
ADC2_ConversionConfig   0x00ea7c   0x2f  Code  Gb  stm8s_adc2.o [1]
ADC2_ExternalTriggerConfig
                        0x00ef0e   0x21  Code  Gb  stm8s_adc2.o [1]
ADC2_GetConversionValue
                        0x00e204   0x53  Code  Gb  stm8s_adc2.o [1]
ADC2_IRQHandler         0x00f86f    0x1  Code  Gb  stm8s_it.o [1]
ADC2_Init               0x00eb30   0x2c  Code  Gb  stm8s_adc2.o [1]
ADC2_PrescalerConfig    0x00f267   0x13  Code  Gb  stm8s_adc2.o [1]
ADC2_SchmittTriggerConfig
                        0x00dae9   0x7e  Code  Gb  stm8s_adc2.o [1]
ADC2_StartConversion    0x00f7ed    0x5  Code  Gb  stm8s_adc2.o [1]
ADC_Init                0x00ef4d   0x20  Code  Gb  ADC.o [1]
AF_Mute_Init            0x00f68e    0xc  Code  Gb  McuConfig.o [1]
AUDIO_IOAFMUT           0x00f13f   0x17  Code  Gb  McuConfig.o [1]
AUDIO_IOAFPOW           0x00f156   0x17  Code  Gb  McuConfig.o [1]
AWU_IRQHandler          0x00f85f    0x1  Code  Gb  stm8s_it.o [1]
AkeyvolumeCount         0x001583    0x1  Data  Gb  ApiKeyboard.o [1]
AlarmCount              0x001599    0x1  Data  Gb  Task.o [1]
ApGpsCmd_10msRenew      0x00ee85   0x23  Code  Gb  ApiGpsCmd.o [1]
ApiAtCmd_100msRenew     0x00ac1e   0x7b  Code  Gb  ApiAtCmd.o [1]
ApiAtCmd_10msRenew      0x00d258   0xaf  Code  Gb  ApiAtCmd.o [1]
ApiAtCmd_GetGroupName   0x00f4c8   0x11  Code  Gb  ApiPocCmd.o [1]
ApiAtCmd_GetGroupNameLen
                        0x00f2d7   0x12  Code  Gb  ApiPocCmd.o [1]
ApiAtCmd_GetGroupNum    0x00f816    0x4  Code  Gb  ApiPocCmd.o [1]
ApiAtCmd_GetLoginState  0x00f711    0xa  Code  Gb  ApiPocCmd.o [1]
ApiAtCmd_GetMainGroupId
                        0x00f81e    0x4  Code  Gb  ApiPocCmd.o [1]
ApiAtCmd_GetMainUserId  0x00f822    0x4  Code  Gb  ApiPocCmd.o [1]
ApiAtCmd_GetMainWorkName
                        0x00f80e    0x4  Code  Gb  ApiPocCmd.o [1]
ApiAtCmd_GetMainWorkNameLen
                        0x00f812    0x4  Code  Gb  ApiPocCmd.o [1]
ApiAtCmd_GetUserName    0x00f4d9   0x11  Code  Gb  ApiPocCmd.o [1]
ApiAtCmd_GetUserNameLen
                        0x00f2e9   0x12  Code  Gb  ApiPocCmd.o [1]
ApiAtCmd_GetUserNum     0x00f81a    0x4  Code  Gb  ApiPocCmd.o [1]
ApiAtCmd_PlayVoice      0x00de12   0x68  Code  Gb  ApiAtCmd.o [1]
ApiAtCmd_WritCommand    0x00aa7f  0x152  Code  Gb  ApiAtCmd.o [1]
ApiAtCmd_tcp_state      0x00f707    0xa  Code  Gb  ApiAtCmd.o [1]
ApiCaretCmd_10msRenew   0x00c22d  0x111  Code  Gb  ApiAtCmd.o [1]
ApiGpsCmd_100msRenew    0x008cac  0x2b1  Code  Gb  ApiGpsCmd.o [1]
ApiGpsCmd_PowerOnInitial
                        0x00d3b6   0xaf  Code  Gb  ApiGpsCmd.o [1]
ApiPocCmd_10msRenew     0x009cf6  0x2f8  Code  Gb  ApiPocCmd.o [1]
ApiPocCmd_WritCommand   0x00bad0  0x14a  Code  Gb  ApiPocCmd.o [1]
ApiPocCmd_user_info_set
                        0x00ce99   0xd4  Code  Gb  ApiPocCmd.o [1]
AtCmdDrvobj             0x00138f   0x77  Data  Lc  ApiAtCmd.o [1]
AtCmd_NetParamCode      0x00abd1   0x4d  Code  Lc  ApiAtCmd.o [1]
AtNotify_Queue          0x008118   0x4c  Code  Lc  DrvGD83.o [1]
AtNotify_Queue_Start    0x008164   0x55  Code  Lc  DrvGD83.o [1]
BEEP_Interrupt10ms      0x00f098   0x1a  Code  Gb  Beep.o [1]
BEEP_PowerOnInitial     0x009c2d   0xc9  Code  Gb  Beep.o [1]
BEEP_SetOutput          0x0099fc  0x231  Code  Gb  Beep.o [1]
BEEP_Time               0x00e987   0x32  Code  Gb  Beep.o [1]
BeepDrvObj              0x0014ee   0x12  Data  Lc  Beep.o [1]
BitTab                  0x00f790    0x8  Data  Gb  ApiDisplay.o [1]
BootProcess_PPPCFG_Flag
                        0x001544    0x1  Data  Gb  ApiAtCmd.o [1]
BootProcess_PPPCFG_Flag_Zanshi
                        0x00155e    0x1  Data  Gb  ApiAtCmd.o [1]
BootProcess_SIMST_Flag  0x001543    0x1  Data  Gb  ApiAtCmd.o [1]
CHAR_HIGH               0x00f50a   0x10  Data  Gb  ApiDisplay.o [1]
CHAR_WIDTH              0x00f51a   0x10  Data  Gb  ApiDisplay.o [1]
CLK_ClockSwitchConfig   0x00d5b6   0xa2  Code  Gb  stm8s_clk.o [1]
CLK_GetClockFreq        0x00e0ac   0x57  Code  Gb  stm8s_clk.o [1]
CLK_HSIPrescalerConfig  0x00f27a   0x13  Code  Gb  stm8s_clk.o [1]
CLK_IRQHandler          0x00f860    0x1  Code  Gb  stm8s_it.o [1]
COML_AscToHex           0x00cce7   0xdb  Code  Gb  CommonLib.o [1]
COML_StringReverse      0x00df42   0x5e  Code  Gb  CommonLib.o [1]
CSQ_Flag                0x001546    0x1  Data  Gb  ApiAtCmd.o [1]
CSTACK$$Base            0x001600          --   Gb  - Linker created -
CSTACK$$Limit           0x001800          --   Gb  - Linker created -
C_TEST_OUT_SET          0x00f6a6    0xc  Code  Gb  McuConfig.o [1]
CaretNotify_Queue       0x008080   0x4c  Code  Lc  DrvGD83.o [1]
CaretNotify_Queue_Start
                        0x00820e   0x55  Code  Lc  DrvGD83.o [1]
CharCode                0x00153c    0x2  Data  Gb  ApiDisplay.o [1]
DEL_100msProcess        0x00d676   0x4d  Code  Lc  Delay.o [1]
DEL_10msProcess         0x00d6c3   0x1c  Code  Lc  Delay.o [1]
DEL_1msProcess          0x00d6df    0x9  Code  Lc  Delay.o [1]
DEL_500msProcess        0x00d658   0x1e  Code  Lc  Delay.o [1]
DEL_GetTimer            0x00e1b0   0x54  Code  Gb  Delay.o [1]
DEL_Interrupt           0x00d514   0xa2  Code  Gb  Delay.o [1]
DEL_PowerOnInitial      0x00efcd   0x1f  Code  Gb  Delay.o [1]
DEL_Renew               0x00d6e8    0xc  Code  Gb  Delay.o [1]
DEL_SetTimer            0x00dc5a   0x73  Code  Gb  Delay.o [1]
DEL_Soft1ms             0x00f046   0x1c  Code  Gb  Delay.o [1]
DEL_TimerRenew          0x00ec30   0x28  Code  Lc  Delay.o [1]
DISP_DataBuf            0x00cf6d   0xc5  Code  Lc  ApiDisplay.o [1]
DISP_MulTypePro         0x00d032   0xba  Code  Lc  ApiDisplay.o [1]
DISP_MulTypePro2        0x00ca34   0xed  Code  Lc  ApiDisplay.o [1]
Dec2Hex                 0x00e398   0x4e  Code  Gb  CommonLib.o [1]
DefaultSystemClockForHSI
                        0x00f07d   0x1b  Code  Gb  sysclock.o [1]
DelDrvObj               0x001521    0xb  Data  Lc  Delay.o [1]
Delay_100ms             0x00e785   0x40  Code  Gb  Task.o [1]
DisDataBit              0x00149a   0x40  Data  Gb  ApiDisplay.o [1]
DisDataBuf              0x00118f  0x200  Data  Gb  ApiDisplay.o [1]
DrvGD83DrvObj           0x000f05  0x28a  Data  Lc  DrvGD83.o [1]
DrvGD83_Init            0x00f0ca   0x18  Code  Gb  McuConfig.o [1]
DrvGD83_UART_TxCommand  0x00db67   0x7a  Code  Gb  DrvGD83.o [1]
DrvMC8332_AtNotify_Queue_front
                        0x00e512   0x49  Code  Gb  DrvGD83.o [1]
DrvMC8332_CaretNotify_Queue_front
                        0x00e4c9   0x49  Code  Gb  DrvGD83.o [1]
DrvMC8332_GpsNotify_Queue_front
                        0x00e5a4   0x49  Code  Gb  DrvGD83.o [1]
DrvMC8332_PocNotify_Queue_front
                        0x00e55b   0x49  Code  Gb  DrvGD83.o [1]
DrvMC8332_Software_Initial
                        0x00e841   0x3d  Code  Gb  DrvGD83.o [1]
DrvMC8332_TxPort_SetValidable
                        0x00eb04   0x2c  Code  Gb  DrvGD83.o [1]
DrvMC8332_UART_Interrupt
                        0x0084cd  0x3bc  Code  Gb  DrvGD83.o [1]
DrvMc8332_UART_TxTail   0x00cc06   0xe1  Code  Gb  DrvGD83.o [1]
EEPROM_EEC_IRQHandler   0x00f871    0x1  Code  Gb  stm8s_it.o [1]
EXTI_PORTA_IRQHandler   0x00f861    0x1  Code  Gb  stm8s_it.o [1]
EXTI_PORTB_IRQHandler   0x00f862    0x1  Code  Gb  stm8s_it.o [1]
EXTI_PORTC_IRQHandler   0x00f863    0x1  Code  Gb  stm8s_it.o [1]
EXTI_PORTD_IRQHandler   0x00f864    0x1  Code  Gb  stm8s_it.o [1]
EXTI_PORTE_IRQHandler   0x00f865    0x1  Code  Gb  stm8s_it.o [1]
FILE_Read               0x00e6bf   0x43  Code  Gb  Flash_eeprom.o [1]
FILE_Write              0x00e67c   0x43  Code  Gb  Flash_eeprom.o [1]
FLASH_EraseOptionByte   0x00ec80   0x27  Code  Gb  stm8s_flash.o [1]
FLASH_GetFlagStatus     0x00f206   0x14  Code  Gb  stm8s_flash.o [1]
FLASH_Lock              0x00f7d9    0x7  Code  Gb  stm8s_flash.o [1]
FLASH_ProgramByte       0x00f7f2    0x5  Code  Gb  stm8s_flash.o [1]
FLASH_ProgramOptionByte
                        0x00ee1a   0x24  Code  Gb  stm8s_flash.o [1]
FLASH_ReadByte          0x00f7f7    0x5  Code  Gb  stm8s_flash.o [1]
FLASH_Unlock            0x00f19b   0x16  Code  Gb  stm8s_flash.o [1]
FLASH_WaitForLastOperation
                        0x00e87e   0x36  Code  Gb  stm8s_flash.o [1]
GB2312_16_GetData       0x00b2ac  0x1d9  Code  Gb  GT20L16P1Y.o [3]
GD83_ON                 0x00f0e2   0x18  Code  Gb  McuConfig.o [1]
GPIO_Init               0x00d465   0xaf  Code  Gb  stm8s_gpio.o [1]
GPIO_ReadInputPin       0x00f776    0x9  Code  Gb  stm8s_gpio.o [1]
GPIO_WriteHigh          0x00f7e0    0x7  Code  Gb  stm8s_gpio.o [1]
GPIO_WriteLow           0x00f826    0x4  Code  Gb  stm8s_gpio.o [1]
GeHuTest                0x00a7f7  0x288  Code  Lc  ApiKeyboard.o [1]
GetPersonalCallingMode  0x00f5cb    0xe  Code  Gb  ApiPocCmd.o [1]
GetPlayState            0x00f71b    0xa  Code  Gb  ApiPocCmd.o [1]
GetTaskId               0x00f83a    0x4  Code  Gb  System.o [1]
GpsCmd_GbAnalytical     0x00a565  0x292  Code  Lc  ApiGpsCmd.o [1]
GpsCmd_GbDataTransave   0x009fee  0x2e1  Code  Lc  ApiGpsCmd.o [1]
GpsCmd_GbWritCommand    0x008889  0x423  Code  Lc  ApiGpsCmd.o [1]
GpsFunDrvObj            0x00153e    0x2  Data  Lc  ApiGpsCmd.o [1]
GpsNotify_Queue         0x008451   0x7c  Code  Lc  DrvGD83.o [1]
GpsNotify_Queue_Start   0x008263   0x99  Code  Lc  DrvGD83.o [1]
GroupCallingNum         0x00158a    0x1  Data  Gb  ApiKeyboard.o [1]
HSE_ClockStartUpConfiguration
                        0x00ea4c   0x30  Code  Lc  sysclock.o [1]
HSIDivFactor            0x00f806    0x4  Data  Gb  stm8s_clk.o [1]
HexToChar_GroupCallingNum
                        0x00ef8d   0x20  Code  Gb  ApiPocCmd.o [1]
HexToChar_MainGroupId   0x00ef6d   0x20  Code  Gb  ApiPocCmd.o [1]
HexToChar_MainUserId    0x00eeed   0x21  Code  Gb  ApiPocCmd.o [1]
HexToChar_PersonalCallingNum
                        0x00eecb   0x22  Code  Gb  ApiPocCmd.o [1]
HtgDrvObj               0x001540    0x2  Data  Lc  DrvHTG12832.o [1]
I2C_IRQHandler          0x00f86d    0x1  Code  Gb  stm8s_it.o [1]
INTVEC$$Base            0x008000          --   Gb  - Linker created -
INTVEC$$Limit           0x008080          --   Gb  - Linker created -
ITC_SetSoftwarePriority
                        0x00c74e  0x101  Code  Gb  stm8s_itc.o [1]
Ico_DataBuf             0x008f5d  0x400  Data  Gb  ApiDisplay.o [1]
KEY_TABLE               0x00f845    0x3  Data  Lc  uart3.o [1]
KeyBoardState           0x001555    0x1  Data  Gb  ApiKeyboard.o [1]
KeyDownUpChoose_GroupOrUser_Flag
                        0x001547    0x1  Data  Gb  ApiAtCmd.o [1]
KeyPersonalCallingCount
                        0x00154b    0x1  Data  Gb  ApiKeyboard.o [1]
KeyUpDownCount          0x00154a    0x1  Data  Gb  ApiKeyboard.o [1]
Key_Flag_0              0x00155b    0x1  Data  Gb  Task.o [1]
Key_Flag_1              0x00154c    0x1  Data  Gb  ApiKeyboard.o [1]
Key_Init                0x00ea1c   0x30  Code  Gb  McuConfig.o [1]
Key_PersonalCalling_Flag
                        0x00155c    0x1  Data  Gb  Task.o [1]
Keyboard_Test           0x00935d  0x38a  Code  Gb  ApiKeyboard.o [1]
LED_Conut               0x001556    0x1  Data  Gb  ApiLED.o [1]
LED_Init                0x00edd2   0x24  Code  Gb  McuConfig.o [1]
LED_IntOutputRenew      0x00dfa0   0x5b  Code  Gb  ApiLED.o [1]
LowVoltageDetection     0x00c944   0xf0  Code  Gb  ADC.o [1]
LowVoltageDetection_Flag
                        0x001542    0x1  Data  Gb  ADC.o [1]
MIC_GPIO_Init           0x00f682    0xc  Code  Gb  McuConfig.o [1]
MIC_IOMUT               0x00f128   0x17  Code  Gb  McuConfig.o [1]
NoUseNum                0x00155a    0x1  Data  Gb  Task.o [1]
Noise_Mute_Init         0x00f69a    0xc  Code  Gb  McuConfig.o [1]
Notify_Queue_Stop       0x0082fc  0x155  Code  Lc  DrvGD83.o [1]
OneChannelGetADValue    0x00ee62   0x23  Code  Lc  ADC.o [1]
PAS_NULLTBL             0x00f52a   0x10  Data  Lc  uart3.o [1]
POC_GetGroupInformationFlag
                        0x001557    0x1  Data  Gb  ApiPocCmd.o [1]
POC_GetGroupInformationFlag2
                        0x001558    0x1  Data  Gb  ApiPocCmd.o [1]
POC_TABLE               0x00f848    0x3  Data  Lc  uart3.o [1]
PasObj                  0x001538    0x4  Data  Lc  uart3.o [1]
PersonalCallingNum      0x001549    0x1  Data  Gb  ApiKeyboard.o [1]
PocCmdDrvobj            0x000010  0xef5  Data  Lc  ApiPocCmd.o [1]
PocNotify_Queue         0x0080cc   0x4c  Code  Lc  DrvGD83.o [1]
PocNotify_Queue_Start   0x0081b9   0x55  Code  Lc  DrvGD83.o [1]
PressButton             0x001554    0x1  Data  Gb  ApiKeyboard.o [1]
ReadBuffer              0x001406   0x50  Data  Gb  ApiPocCmd.o [1]
ReadByte                0x00e257   0x51  Code  Gb  ApiDisplay.o [1]
Region$$Table$$Base     0x00ef2f          --   Gb  - Linker created -
Region$$Table$$Limit    0x00ef4d          --   Gb  - Linker created -
SPI_IRQHandler          0x00f866    0x1  Code  Gb  stm8s_it.o [1]
SendByte                0x00dbe1   0x79  Code  Gb  ApiDisplay.o [1]
SetTaskId               0x00f83e    0x4  Code  Gb  System.o [1]
Set_GreenLed            0x00f0fa   0x17  Code  Gb  McuConfig.o [1]
Set_RedLed              0x00f111   0x17  Code  Gb  McuConfig.o [1]
SystemClock_Init        0x00eca7   0x27  Code  Gb  sysclock.o [1]
TASK_RunLoBattery       0x00ecce   0x26  Code  Gb  Task.o [1]
TASK_WriteFreq          0x00f84e    0x3  Code  Gb  Task.o [1]
TIM1_CAP_COM_IRQHandler
                        0x00f868    0x1  Code  Gb  stm8s_it.o [1]
TIM1_CCxCmd             0x00e702   0x43  Code  Gb  stm8s_tim1.o [1]
TIM1_Cmd                0x00f61b    0xd  Code  Gb  stm8s_tim1.o [1]
TIM1_CtrlPWMOutputs     0x00f628    0xd  Code  Gb  stm8s_tim1.o [1]
TIM1_DeInit             0x00d6f4   0x99  Code  Gb  stm8s_tim1.o [1]
TIM1_OC1Init            0x00dee1   0x61  Code  Gb  stm8s_tim1.o [1]
TIM1_OC1PreloadConfig   0x00f635    0xd  Code  Gb  stm8s_tim1.o [1]
TIM1_PWM_Init           0x00e3e6   0x4e  Code  Gb  Tone.o [1]
TIM1_TimeBaseInit       0x00ee3e   0x24  Code  Gb  stm8s_tim1.o [1]
TIM1_UPD_OVF_TRG_BRK_IRQHandler
                        0x00f867    0x1  Code  Gb  stm8s_it.o [1]
TIM2_CAP_COM_IRQHandler
                        0x00f86a    0x1  Code  Gb  stm8s_it.o [1]
TIM2_UPD_OVF_BRK_IRQHandler
                        0x00f869    0x1  Code  Gb  stm8s_it.o [1]
TIM3_ARRPreloadConfig   0x00f64f    0xd  Code  Gb  stm8s_tim3.o [1]
TIM3_CAP_COM_IRQHandler
                        0x00f86b    0x1  Code  Gb  stm8s_it.o [1]
TIM3_ClearITPendingBit  0x00f7fc    0x5  Code  Gb  stm8s_tim3.o [1]
TIM3_Cmd                0x00f642    0xd  Code  Gb  stm8s_tim3.o [1]
TIM3_ITConfig           0x00f28d   0x13  Code  Gb  stm8s_tim3.o [1]
TIM3_PrescalerConfig    0x00f77f    0x9  Code  Gb  stm8s_tim3.o [1]
TIM3_TimeBaseInit       0x00f6b2    0xc  Code  Gb  stm8s_tim3.o [1]
TIM3_UPD_OVF_BRK_IRQHandler
                        0x00f062   0x1b  Code  Gb  stm8s_it.o [1]
TIM4_UPD_OVF_IRQHandler
                        0x00f870    0x1  Code  Gb  stm8s_it.o [1]
TLI_IRQHandler          0x00f85e    0x1  Code  Gb  stm8s_it.o [1]
TONE_PowerOnInitial     0x00de7a   0x67  Code  Gb  Tone.o [1]
TONE_Start              0x00eeb0   0x1b  Code  Gb  Tone.o [1]
TONE_Stop               0x00eea8    0x8  Code  Gb  Tone.o [1]
TRAP_IRQHandler         0x00f85d    0x1  Code  Gb  stm8s_it.o [1]
TaskDrvObj              0x0014da   0x14  Data  Lc  System.o [1]
Task_RunNormalOperation
                        0x0096e7  0x315  Code  Gb  Task.o [1]
Task_RunStart           0x00b485  0x1ad  Code  Gb  Task.o [1]
Test1                   0x001548    0x1  Data  Gb  ApiGpsCmd.o [1]
TestBuf1                0x00152c    0x6  Data  Gb  ApiKeyboard.o [1]
Tim3_Timer_Init         0x00edf6   0x24  Code  Gb  McuConfig.o [1]
ToneDrvObj              0x001500   0x12  Data  Lc  Tone.o [1]
UART1_Cmd               0x00f65c    0xd  Code  Gb  stm8s_uart1.o [1]
UART1_DeInit            0x00eaab   0x2d  Code  Gb  stm8s_uart1.o [1]
UART1_GetFlagStatus     0x00e9b9   0x32  Code  Gb  stm8s_uart1.o [1]
UART1_GetITStatus       0x00d826   0x90  Code  Gb  stm8s_uart1.o [1]
UART1_ITConfig          0x00dda6   0x6c  Code  Gb  stm8s_uart1.o [1]
UART1_Init              0x00bfc9  0x134  Code  Gb  stm8s_uart1.o [1]
UART1_RX_IRQHandler     0x00efad   0x20  Code  Gb  stm8s_it.o [1]
UART1_ReceiveData8      0x00f82a    0x4  Code  Gb  stm8s_uart1.o [1]
UART1_SendData8         0x00f82e    0x4  Code  Gb  stm8s_uart1.o [1]
UART1_TX_IRQHandler     0x00f86c    0x1  Code  Gb  stm8s_it.o [1]
UART3_Cmd               0x00f669    0xd  Code  Gb  stm8s_uart3.o [1]
UART3_DeInit            0x00ed63   0x25  Code  Gb  stm8s_uart3.o [1]
UART3_GetFlagStatus     0x00e5ed   0x49  Code  Gb  stm8s_uart3.o [1]
UART3_GetITStatus       0x00d1a4   0xb4  Code  Gb  stm8s_uart3.o [1]
UART3_ITConfig          0x00d9d3   0x8c  Code  Gb  stm8s_uart3.o [1]
UART3_Init              0x00c33e  0x105  Code  Gb  stm8s_uart3.o [1]
UART3_Interrupt         0x00f1f1   0x15  Code  Gb  uart3.o [1]
UART3_RX_IRQHandler     0x00f1b1   0x16  Code  Gb  stm8s_it.o [1]
UART3_ReceiveData8      0x00f832    0x4  Code  Gb  stm8s_uart3.o [1]
UART3_SendByte          0x00f5d9    0xe  Code  Gb  uart3.o [1]
UART3_SendData8         0x00f836    0x4  Code  Gb  stm8s_uart3.o [1]
UART3_TX_IRQHandler     0x00f86e    0x1  Code  Gb  stm8s_it.o [1]
UART3_ToMcuMain         0x00e803   0x3e  Code  Gb  uart3.o [1]
UART_Delay              0x00f2fb   0x12  Code  Lc  uart3.o [1]
UART_ErrorAck           0x00e46a   0x15  Code  Lc  uart3.o [1]
UART_GetCheckSum        0x00d945   0x2d  Code  Lc  uart3.o [1]
UART_KeyCommand         0x00c547  0x104  Code  Lc  uart3.o [1]
UART_Link               0x00d972   0x61  Code  Lc  uart3.o [1]
UART_PasCommand         0x00b632  0x1aa  Code  Lc  uart3.o [1]
UART_PocCommand         0x00e2a8   0x50  Code  Lc  uart3.o [1]
UART_RightAck           0x00dccd   0x6d  Code  Lc  uart3.o [1]
UART_RxFrame            0x00e2f8   0x50  Code  Lc  uart3.o [1]
UART_TxSend             0x00e434   0x36  Code  Lc  uart3.o [1]
UART_WriteCommand       0x00d0ec   0xb8  Code  Lc  uart3.o [1]
UNICODE_16_GetData      0x00c0fd  0x130  Code  Gb  GT20L16P1Y.o [3]
Uart1_Init              0x00ec06   0x2a  Code  Gb  McuConfig.o [1]
Uart3_Init              0x00e91f   0x35  Code  Gb  uart3.o [1]
UartDrvObj              0x001456   0x44  Data  Lc  uart3.o [1]
UnicodeForGbk_MainWorkName
                        0x00b973  0x15d  Code  Gb  ApiPocCmd.o [1]
UnicodeForGbk_MainWorkNameBuf
                        0x001512    0xf  Data  Gb  ApiPocCmd.o [1]
VOICE_1sProcess         0x00f576    0xf  Code  Gb  Voice.o [1]
VOICE_Renew             0x00d78d   0x70  Code  Gb  Voice.o [1]
VOICE_SetOutput         0x00d7fd   0x29  Code  Gb  Voice.o [1]
VoiceDrvObj             0x001532    0x6  Data  Lc  Voice.o [1]
VoiceEnd_Flag           0x001545    0x1  Data  Gb  ApiAtCmd.o [1]
WRITE_TABLE             0x00f80a    0x4  Data  Lc  uart3.o [1]
WW_GetData              0x00aeb2  0x213  Code  Gb  GT20L16P1Y.o [3]
WriteEEPROMByte         0x00e8ea   0x35  Code  Gb  Flash_eeprom.o [1]
__DebugBreak            0x00f872    0x1  Code  Gb  __dbg_break.o [4]
__exit                  0x00f21a   0x14  Code  Gb  __dbg_xxexit.o [4]
__iar_copy_init2        0x00ec58         Code  Gb  init_small.o [5]
__iar_data_init2        0x00f184   0x17  Code  Gb  init.o [5]
__iar_program_start     0x00f2a0         Code  Gb  cstartup.o [5]
__iar_unhandled_exception
                        0x00f85a         Code  Gb  unhandled_exception.o [5]
__iar_zero_init2        0x00f00b         Code  Gb  init_small.o [5]
__intvec                0x008000         Data  Gb  interrupt.o [5]
__low_level_init        0x00f854    0x3  Code  Gb  low_level_init.o [5]
_exit                   0x00f801         Code  Gb  cexit.o [5]
_interrupt_1            0x00f85d         Code  Gb  stm8s_it.o [1]
_interrupt_12           0x00f866         Code  Gb  stm8s_it.o [1]
_interrupt_13           0x00f867         Code  Gb  stm8s_it.o [1]
_interrupt_14           0x00f868         Code  Gb  stm8s_it.o [1]
_interrupt_15           0x00f869         Code  Gb  stm8s_it.o [1]
_interrupt_16           0x00f86a         Code  Gb  stm8s_it.o [1]
_interrupt_17           0x00f062         Code  Gb  stm8s_it.o [1]
_interrupt_18           0x00f86b         Code  Gb  stm8s_it.o [1]
_interrupt_19           0x00f86c         Code  Gb  stm8s_it.o [1]
_interrupt_2            0x00f85e         Code  Gb  stm8s_it.o [1]
_interrupt_20           0x00efad         Code  Gb  stm8s_it.o [1]
_interrupt_21           0x00f86d         Code  Gb  stm8s_it.o [1]
_interrupt_22           0x00f86e         Code  Gb  stm8s_it.o [1]
_interrupt_23           0x00f1b1         Code  Gb  stm8s_it.o [1]
_interrupt_24           0x00f86f         Code  Gb  stm8s_it.o [1]
_interrupt_25           0x00f870         Code  Gb  stm8s_it.o [1]
_interrupt_26           0x00f871         Code  Gb  stm8s_it.o [1]
_interrupt_3            0x00f85f         Code  Gb  stm8s_it.o [1]
_interrupt_4            0x00f860         Code  Gb  stm8s_it.o [1]
_interrupt_5            0x00f861         Code  Gb  stm8s_it.o [1]
_interrupt_6            0x00f862         Code  Gb  stm8s_it.o [1]
_interrupt_7            0x00f863         Code  Gb  stm8s_it.o [1]
_interrupt_8            0x00f864         Code  Gb  stm8s_it.o [1]
_interrupt_9            0x00f865         Code  Gb  stm8s_it.o [1]
api_diap_ico_pos_get    0x00dffb   0x5a  Code  Gb  ApiDisplay.o [1]
api_disp_all_screen_refresh
                        0x00e47f   0x4a  Code  Gb  ApiDisplay.o [1]
api_disp_char_output    0x00f1c7   0x15  Code  Gb  ApiDisplay.o [1]
api_disp_char_output2   0x00f1dc   0x15  Code  Gb  ApiDisplay.o [1]
api_disp_ico_output     0x00d307   0xaf  Code  Gb  ApiDisplay.o [1]
api_disp_icoid_output   0x00d8b6   0x8f  Code  Gb  ApiDisplay.o [1]
api_lcd_pwr_on_hint     0x00eb5c   0x2b  Code  Gb  ApiDisplay.o [1]
api_lcd_pwr_on_hint2    0x00ead8   0x2c  Code  Gb  ApiDisplay.o [1]
api_lcd_pwr_on_hint3    0x00ebdc   0x2a  Code  Gb  ApiDisplay.o [1]
api_lcd_pwr_on_hint4    0x00eb87   0x2b  Code  Gb  ApiDisplay.o [1]
api_poc_command_set     0x00cdc2   0xd7  Code  Gb  uart3.o [1]
drv_gt20_data_output    0x00c443  0x104  Code  Gb  DrvGT20L16S1Y.o [1]
drv_gt20_data_output2   0x00c64b  0x103  Code  Gb  DrvGT20L16S1Y.o [1]
drv_gt20_pwr_on_init    0x00e984    0x3  Code  Gb  DrvGT20L16S1Y.o [1]
drv_htg_clr_allscr      0x00adb7   0x31  Code  Gb  DrvHTG12832.o [1]
drv_htg_pwr_on_init     0x00aea9    0x9  Code  Gb  DrvHTG12832.o [1]
drv_htg_reset           0x00ac99    0x5  Code  Gb  DrvHTG12832.o [1]
drv_htg_set_address     0x00ad0d   0x3b  Code  Gb  DrvHTG12832.o [1]
drv_htg_write_command   0x00ac9e   0x6f  Code  Gb  DrvHTG12832.o [1]
drv_htg_write_data      0x00ad48   0x6f  Code  Gb  DrvHTG12832.o [1]
drv_keypad_scan         0x00b0c5  0x1e7  Code  Gb  DrvKeyboard.o [1]
exit                    0x00f857    0x3  Code  Gb  exit.o [5]
find_zf_tab             0x00e636   0x46  Code  Gb  GT20L16P1Y.o [3]
get_key_value           0x00cb21   0xe5  Code  Gb  ApiKeyboard.o [1]
htg_delay_ms            0x00ade8   0x1e  Code  Lc  DrvHTG12832.o [1]
htg_initial             0x00ae06   0x5b  Code  Lc  DrvHTG12832.o [1]
key_scan_board          0x00bd5a  0x139  Code  Gb  DrvKeyboard.o [1]
main                    0x00f84b    0x3  Code  Gb  main.o [1]
main_app                0x00c84f   0xf5  Code  Gb  System.o [1]
mcu_gt20_initial        0x00e954   0x30  Code  Lc  DrvGT20L16S1Y.o [1]
mcu_key_pad_out         0x00da5f   0x8a  Code  Gb  DrvKeyboard.o [1]
mcu_key_pad_read        0x00dd3a   0x6c  Code  Gb  DrvKeyboard.o [1]
mcu_key_pad_set         0x00be93  0x136  Code  Gb  DrvKeyboard.o [1]
mcu_lcd_initial         0x00ae61   0x48  Code  Lc  DrvHTG12832.o [1]
memcmp                  0x00e8b4   0x36  Code  Gb  memcmp.o [5]
memcpy                  0x00ed88   0x25  Code  Gb  memcpy.o [5]
memset                  0x00f16d   0x17  Code  Gb  memset.o [5]
num1                    0x00154d    0x1  Data  Gb  ApiKeyboard.o [1]
num2                    0x00154e    0x1  Data  Gb  ApiKeyboard.o [1]
num3                    0x00154f    0x1  Data  Gb  ApiKeyboard.o [1]
num4                    0x001550    0x1  Data  Gb  ApiKeyboard.o [1]
num5                    0x001551    0x1  Data  Gb  ApiKeyboard.o [1]
num6                    0x001552    0x1  Data  Gb  ApiKeyboard.o [1]
numCount                0x001553    0x1  Data  Gb  ApiKeyboard.o [1]
pack_data               0x00a2cf  0x296  Code  Lc  ApiGpsCmd.o [1]
r_dat_bat               0x00e055   0x57  Code  Gb  ApiDisplay.o [1]
strlen                  0x00f30d   0x12  Code  Gb  strlen.o [5]
ucAtPocHead             0x00158b    0x2  Data  Gb  ApiPocCmd.o [1]
ucCLVL                  0x0015a0    0x2  Data  Gb  Task.o [1]
ucCODECCTL              0x0015a4    0x2  Data  Gb  Task.o [1]
ucCSQ                   0x0015ac    0x2  Data  Gb  Task.o [1]
ucCaretPPPCFG           0x00156b    0x2  Data  Gb  ApiAtCmd.o [1]
ucCheckCard             0x001581    0x2  Data  Gb  ApiAtCmd.o [1]
ucCheckPPP              0x001579    0x2  Data  Gb  ApiAtCmd.o [1]
ucCheckRssi             0x00157f    0x2  Data  Gb  ApiAtCmd.o [1]
ucCheckTcp              0x00156f    0x2  Data  Gb  ApiAtCmd.o [1]
ucEndPTT                0x00159c    0x2  Data  Gb  Task.o [1]
ucGD83Reset             0x001597    0x2  Data  Gb  System.o [1]
ucOSSYSHWID             0x0015a6    0x2  Data  Gb  Task.o [1]
ucPPPCFG                0x0015ae    0x2  Data  Gb  Task.o [1]
ucPlayZtts              0x00156d    0x2  Data  Gb  ApiAtCmd.o [1]
ucPocOpenConfig         0x0015b2    0x2  Data  Gb  Task.o [1]
ucPrefmode2             0x0015a8    0x2  Data  Gb  Task.o [1]
ucPrefmode4             0x0015aa    0x2  Data  Gb  Task.o [1]
ucQuitPersonalCalling   0x001588    0x2  Data  Gb  ApiKeyboard.o [1]
ucRequestUserListInfo   0x00159e    0x2  Data  Gb  Task.o [1]
ucRxCSQ31               0x001563    0x2  Data  Gb  ApiAtCmd.o [1]
ucRxCSQ99               0x001565    0x2  Data  Gb  ApiAtCmd.o [1]
ucRxCheckCard           0x00155f    0x2  Data  Gb  ApiAtCmd.o [1]
ucRxCheckPppClose       0x00157d    0x2  Data  Gb  ApiAtCmd.o [1]
ucRxCheckPppOpen        0x00157b    0x2  Data  Gb  ApiAtCmd.o [1]
ucRxCheckTcp            0x001575    0x2  Data  Gb  ApiAtCmd.o [1]
ucRxOkHeadInfo          0x001593    0x2  Data  Gb  DrvGD83.o [1]
ucRxPocHeadInfo         0x001591    0x2  Data  Gb  DrvGD83.o [1]
ucRxTcpDataHeadInfo     0x001595    0x2  Data  Gb  DrvGD83.o [1]
ucRxZTTS0               0x001561    0x2  Data  Gb  ApiAtCmd.o [1]
ucSIMST1                0x001567    0x2  Data  Gb  ApiAtCmd.o [1]
ucSIMST255              0x001569    0x2  Data  Gb  ApiAtCmd.o [1]
ucSendTcp               0x001573    0x2  Data  Gb  ApiAtCmd.o [1]
ucSetIPAndID            0x00158d    0x2  Data  Gb  ApiPocCmd.o [1]
ucSetIp                 0x001571    0x2  Data  Gb  ApiAtCmd.o [1]
ucStartPTT              0x00159a    0x2  Data  Gb  Task.o [1]
ucTxPocHeadInfo         0x00158f    0x2  Data  Gb  DrvGD83.o [1]
ucVGR                   0x0015a2    0x2  Data  Gb  Task.o [1]
ucVGR1                  0x001584    0x2  Data  Gb  ApiKeyboard.o [1]
ucVGR7                  0x001586    0x2  Data  Gb  ApiKeyboard.o [1]
ucZTTS_Abell            0x0015b0    0x2  Data  Gb  Task.o [1]
ucZpppOpen              0x001577    0x2  Data  Gb  ApiAtCmd.o [1]
x                       0x00155d    0x1  Data  Gb  Task.o [1]


[1] = E:\1-source\A508\PRJ\Debug\Obj
[2] = command line
[3] = GT20L16P1Y_IAR_STM8.a
[4] = dbgstm8smd.a
[5] = dlstm8smn.a

  28 160 bytes of readonly  code memory
   2 675 bytes of readonly  data memory
   6 068 bytes of readwrite data memory

Errors: none
Warnings: none
