###############################################################################
#
# IAR ELF Linker V2.20.1.176 for STM8                     23/Nov/2017  18:01:23
# Copyright 2010-2015 IAR Systems AB.
#
#    Output file  =  E:\1-source\A508\PRJ\Debug\Exe\A508_DEMO1.out
#    Map file     =  E:\1-source\A508\PRJ\Debug\List\A508_DEMO1.map
#    Command line =  
#        E:\1-source\A508\PRJ\Debug\Obj\ApiAtCmd.o
#        E:\1-source\A508\PRJ\Debug\Obj\ApiDisplay.o
#        E:\1-source\A508\PRJ\Debug\Obj\ApiKeyboard.o
#        E:\1-source\A508\PRJ\Debug\Obj\ApiPocCmd.o
#        E:\1-source\A508\PRJ\Debug\Obj\Beep.o
#        E:\1-source\A508\PRJ\Debug\Obj\CommonLib.o
#        E:\1-source\A508\PRJ\Debug\Obj\Delay.o
#        E:\1-source\A508\PRJ\Debug\Obj\DrvGD83.o
#        E:\1-source\A508\PRJ\Debug\Obj\DrvGT20L16S1Y.o
#        E:\1-source\A508\PRJ\Debug\Obj\DrvHTG12832.o
#        E:\1-source\A508\PRJ\Debug\Obj\DrvKeyboard.o
#        E:\1-source\A508\PRJ\Debug\Obj\main.o
#        E:\1-source\A508\PRJ\Debug\Obj\McuConfig.o
#        E:\1-source\A508\PRJ\Debug\Obj\stm8s_adc2.o
#        E:\1-source\A508\PRJ\Debug\Obj\stm8s_awu.o
#        E:\1-source\A508\PRJ\Debug\Obj\stm8s_beep.o
#        E:\1-source\A508\PRJ\Debug\Obj\stm8s_clk.o
#        E:\1-source\A508\PRJ\Debug\Obj\stm8s_exti.o
#        E:\1-source\A508\PRJ\Debug\Obj\stm8s_flash.o
#        E:\1-source\A508\PRJ\Debug\Obj\stm8s_gpio.o
#        E:\1-source\A508\PRJ\Debug\Obj\stm8s_i2c.o
#        E:\1-source\A508\PRJ\Debug\Obj\stm8s_it.o
#        E:\1-source\A508\PRJ\Debug\Obj\stm8s_itc.o
#        E:\1-source\A508\PRJ\Debug\Obj\stm8s_iwdg.o
#        E:\1-source\A508\PRJ\Debug\Obj\stm8s_rst.o
#        E:\1-source\A508\PRJ\Debug\Obj\stm8s_spi.o
#        E:\1-source\A508\PRJ\Debug\Obj\stm8s_tim1.o
#        E:\1-source\A508\PRJ\Debug\Obj\stm8s_tim2.o
#        E:\1-source\A508\PRJ\Debug\Obj\stm8s_tim3.o
#        E:\1-source\A508\PRJ\Debug\Obj\stm8s_tim4.o
#        E:\1-source\A508\PRJ\Debug\Obj\stm8s_uart1.o
#        E:\1-source\A508\PRJ\Debug\Obj\stm8s_uart3.o
#        E:\1-source\A508\PRJ\Debug\Obj\stm8s_wwdg.o
#        E:\1-source\A508\PRJ\Debug\Obj\sysclock.o
#        E:\1-source\A508\PRJ\Debug\Obj\System.o
#        E:\1-source\A508\PRJ\Debug\Obj\Task.o
#        E:\1-source\A508\PRJ\Debug\Obj\Tone.o
#        E:\1-source\A508\PRJ\Debug\Obj\Voice.o --redirect _Printf=_PrintfSmall
#        --redirect _Scanf=_ScanfSmall -o
#        E:\1-source\A508\PRJ\Debug\Exe\A508_DEMO1.out --map
#        E:\1-source\A508\PRJ\Debug\List\A508_DEMO1.map --config "C:\Program
#        Files\IAR Systems\Embedded Workbench
#        7.3\stm8\config\lnkstm8s007c8.icf" --config_def _CSTACK_SIZE=0x100
#        --config_def _HEAP_SIZE=0x100 --entry __iar_program_start --debug_lib
#
###############################################################################

*******************************************************************************
*** RUNTIME MODEL ATTRIBUTES
***

__SystemLibrary            = DLib
__code_model               = medium_or_large
__core                     = stm8
__data_model               = large
__dlib_file_descriptor     = 0
__dlib_full_locale_support = 0
__rt_version               = 4


*******************************************************************************
*** PLACEMENT SUMMARY
***

"A1":  place at start of [0x000000-0x0000ff] { rw section .vregs };
"A2":  place at end of [0x000000-0x0017ff] { block CSTACK };
"P2":  place in [from 0x000000 to 0x0017ff] {
          block HEAP, rw section __DLIB_PERTHREAD, rw section .far.bss,
          rw section .far.data, rw section .far.noinit,
          rw section .far_func.textrw, rw section .huge.bss,
          rw section .huge.data, rw section .huge.noinit,
          rw section .huge_func.textrw, rw section .iar.dynexit,
          rw section .near.bss, rw section .near.data, rw section .near.noinit,
          rw section .near_func.textrw };
"A3":  place at start of [0x008000-0x00ffff] { block INTVEC };
"P3":  place in [from 0x008000 to 0x00ffff] {
          ro section __DLIB_PERTHREAD_init, ro section .far.data_init,
          ro section .far_func.textrw_init, ro section .huge.data_init,
          ro section .huge_func.textrw_init, ro section .iar.init_table,
          ro section .init_array, ro section .near.data_init,
          ro section .near.rodata, ro section .near_func.text,
          ro section .near_func.textrw_init, ro section .tiny.data_init,
          ro section .tiny.rodata_init };
"P4":  place in [from 0x008000 to 0x00ffff repeat 2] {
          ro section .far.rodata, ro section .far_func.text };
"P5":  place in [from 0x008000 to 0x017fff] {
          ro section .huge.rodata, ro section .huge_func.text };

  Section            Kind      Address    Size  Object
  -------            ----      -------    ----  ------
"A1":                                     0x10
  .vregs             uninit   0x000000    0x10  vregs.o [4]
                            - 0x000010    0x10

"P2", part 1 of 2:                        0x59
  P2-1                        0x000010    0x59  <Init block>
    .near.data       inited   0x000010     0x3  ApiAtCmd.o [1]
    .near.data       inited   0x000013     0x3  ApiAtCmd.o [1]
    .near.data       inited   0x000016     0x3  ApiAtCmd.o [1]
    .near.data       inited   0x000019     0x3  ApiAtCmd.o [1]
    .near.data       inited   0x00001c     0x3  ApiAtCmd.o [1]
    .near.data       inited   0x00001f     0x1  ApiKeyboard.o [1]
    .near.data       inited   0x000020     0x3  ApiPocCmd.o [1]
    .near.data       inited   0x000023     0x3  DrvGD83.o [1]
    .near.data       inited   0x000026     0x3  DrvGD83.o [1]
    .near.data       inited   0x000029     0x3  DrvGD83.o [1]
    .near.data       inited   0x00002c     0x8  DrvGT20L16S1Y.o [1]
    .near.data       inited   0x000034    0x20  DrvGT20L16S1Y.o [1]
    .near.data       inited   0x000054     0x3  System.o [1]
    .near.data       inited   0x000057     0x3  Task.o [1]
    .near.data       inited   0x00005a     0x3  Task.o [1]
    .near.data       inited   0x00005d     0x3  Task.o [1]
    .near.data       inited   0x000060     0x3  Task.o [1]
    .near.data       inited   0x000063     0x3  Task.o [1]
    .near.data       inited   0x000066     0x3  Task.o [1]
                            - 0x000069    0x59

"P2", part 2 of 2:                      0x14ac
  .near.bss          zero     0x000069   0xedf  ApiPocCmd.o [1]
  .near.bss          zero     0x000f48   0x28a  DrvGD83.o [1]
  .near.bss          zero     0x0011d2   0x200  ApiDisplay.o [1]
  .near.bss          zero     0x0013d2    0x77  ApiAtCmd.o [1]
  .near.bss          zero     0x001449    0x40  ApiDisplay.o [1]
  .near.bss          zero     0x001489    0x32  DrvGD83.o [1]
  .near.bss          zero     0x0014bb    0x14  System.o [1]
  .near.bss          zero     0x0014cf    0x12  Beep.o [1]
  .near.bss          zero     0x0014e1    0x12  Tone.o [1]
  .near.bss          zero     0x0014f3     0xb  Delay.o [1]
  .near.bss          zero     0x0014fe     0x7  Voice.o [1]
  .near.bss          zero     0x001505     0x4  ApiDisplay.o [1]
  .near.bss          zero     0x001509     0x2  DrvHTG12832.o [1]
  .near.bss          zero     0x00150b     0x1  ApiAtCmd.o [1]
  .near.bss          zero     0x00150c     0x1  ApiAtCmd.o [1]
  .near.bss          zero     0x00150d     0x1  ApiAtCmd.o [1]
  .near.bss          zero     0x00150e     0x1  ApiAtCmd.o [1]
  .near.bss          zero     0x00150f     0x1  ApiKeyboard.o [1]
  .near.bss          zero     0x001510     0x1  ApiKeyboard.o [1]
  .near.bss          zero     0x001511     0x1  ApiKeyboard.o [1]
  .near.bss          zero     0x001512     0x1  DrvGD83.o [1]
  .near.bss          zero     0x001513     0x1  Task.o [1]
  .near.bss          zero     0x001514     0x1  Task.o [1]
                            - 0x001515  0x14ac

"A2":                                    0x100
  CSTACK                      0x001700   0x100  <Block>
    CSTACK           uninit   0x001700   0x100  <Block tail>
                            - 0x001800   0x100

"A3":                                     0x80
  INTVEC                      0x008000    0x80  <Block>
    .intvec          const    0x008000    0x80  interrupt.o [4]
                            - 0x008080    0x80

"P3":                                     0x6e
  Initializer bytes  const    0x008080    0x59  <for P2-1>
  .iar.init_table    const    0x0080d9    0x15  - Linker created -
                            - 0x0080ee    0x6e

"P4":                                    0x7da
  .far_func.text     ro code  0x0080ee   0x183  vreg_util.o [4]
  .far_func.text     ro code  0x008271   0x170  long.o [4]
  .far_func.text     ro code  0x0083e1    0x58  dc_util.o [4]
  .far.rodata        const    0x008439    0x53  Task.o [1]
  .far_func.text     ro code  0x00848c    0x40  init.o [4]
  .far_func.text     ro code  0x0084cc    0x3e  far_util.o [4]
  .far_func.text     ro code  0x00850a    0x39  memcmp.o [4]
  .far_func.text     ro code  0x008543    0x34  short.o [4]
  .far_func.text     ro code  0x008577    0x2e  long_util.o [4]
  .far.rodata        const    0x0085a5    0x2a  Task.o [1]
  .far_func.text     ro code  0x0085cf    0x2a  init.o [4]
  .far.rodata        const    0x0085f9    0x29  Task.o [1]
  .far_func.text     ro code  0x008622    0x25  move.o [4]
  .far_func.text     ro code  0x008647    0x1e  init.o [4]
  .far_func.text     ro code  0x008665    0x1b  strlen.o [4]
  .far_func.text     ro code  0x008680    0x1a  __dbg_xxexit.o [3]
  .far_func.text     ro code  0x00869a    0x17  cstartup.o [4]
  .far.rodata        const    0x0086b1    0x11  Task.o [1]
  .far.rodata        const    0x0086c2    0x10  ApiDisplay.o [1]
  .far.rodata        const    0x0086d2    0x10  ApiDisplay.o [1]
  .far.rodata        const    0x0086e2    0x10  ApiKeyboard.o [1]
  .far.rodata        const    0x0086f2    0x10  ApiKeyboard.o [1]
  .far.rodata        const    0x008702    0x10  ApiKeyboard.o [1]
  .far.rodata        const    0x008712    0x10  ApiKeyboard.o [1]
  .far.rodata        const    0x008722    0x10  ApiKeyboard.o [1]
  .far.rodata        const    0x008732    0x10  ApiKeyboard.o [1]
  .far.rodata        const    0x008742    0x10  ApiKeyboard.o [1]
  .far.rodata        const    0x008752    0x10  ApiKeyboard.o [1]
  .far.rodata        const    0x008762    0x10  ApiKeyboard.o [1]
  .far.rodata        const    0x008772    0x10  ApiKeyboard.o [1]
  .far.rodata        const    0x008782    0x10  ApiKeyboard.o [1]
  .far.rodata        const    0x008792    0x10  ApiKeyboard.o [1]
  .far.rodata        const    0x0087a2    0x10  ApiKeyboard.o [1]
  .far.rodata        const    0x0087b2    0x10  ApiKeyboard.o [1]
  .far.rodata        const    0x0087c2    0x10  ApiKeyboard.o [1]
  .far.rodata        const    0x0087d2    0x10  ApiKeyboard.o [1]
  .far.rodata        const    0x0087e2    0x10  ApiKeyboard.o [1]
  .far_func.text     ro code  0x0087f2    0x10  char.o [4]
  .far.rodata        const    0x008802     0xe  System.o [1]
  .far.rodata        const    0x008810     0xd  ApiPocCmd.o [1]
  .far.rodata        const    0x00881d     0xd  Task.o [1]
  .far.rodata        const    0x00882a     0xb  ApiPocCmd.o [1]
  .far.rodata        const    0x008835     0xb  Task.o [1]
  .far_func.text     ro code  0x008840     0xb  init.o [4]
  .far.rodata        const    0x00884b     0xa  ApiAtCmd.o [1]
  .far.rodata        const    0x008855     0x9  ApiAtCmd.o [1]
  .far.rodata        const    0x00885e     0x9  ApiAtCmd.o [1]
  .far.rodata        const    0x008867     0x9  DrvGD83.o [1]
  .far.rodata        const    0x008870     0x9  System.o [1]
  .far.rodata        const    0x008879     0x8  ApiAtCmd.o [1]
  .far.rodata        const    0x008881     0x8  ApiDisplay.o [1]
  .far.rodata        const    0x008889     0x8  ApiPocCmd.o [1]
  .far.rodata        const    0x008891     0x7  ApiAtCmd.o [1]
  .far.rodata        const    0x008898     0x7  Task.o [1]
  .far.rodata        const    0x00889f     0x7  Task.o [1]
  .far.rodata        const    0x0088a6     0x6  DrvGD83.o [1]
  .far_func.text     ro code  0x0088ac     0x6  cexit.o [4]
  .far.rodata        const    0x0088b2     0x4  stm8s_clk.o [1]
  .far_func.text     ro code  0x0088b6     0x4  interrupt.o [4]
  .far_func.text     ro code  0x0088ba     0x4  exit.o [4]
  .far.rodata        const    0x0088be     0x3  DrvGD83.o [1]
  .far_func.text     ro code  0x0088c1     0x3  low_level_init.o [4]
  .far_func.text     ro code  0x0088c4     0x3  unhandled_exception.o [4]
  .far_func.text     ro code  0x0088c7     0x1  __dbg_break.o [3]
                            - 0x0088c8   0x7da

"P5":                                   0x2fc4
  .huge_func.text    ro code  0x0088c8   0x47f  DrvKeyboard.o [1]
  .huge_func.text    ro code  0x008d47   0x404  DrvGD83.o [1]
  .huge_func.text    ro code  0x00914b   0x2a1  ApiKeyboard.o [1]
  .huge_func.text    ro code  0x0093ec   0x270  DrvHTG12832.o [1]
  .huge_func.text    ro code  0x00965c   0x263  ApiPocCmd.o [1]
  .huge_func.text    ro code  0x0098bf   0x1fb  Beep.o [1]
  .huge_func.text    ro code  0x009aba   0x159  stm8s_uart1.o [1]
  .huge_func.text    ro code  0x009c13   0x11e  DrvGT20L16S1Y.o [1]
  .huge_func.text    ro code  0x009d31    0xf3  stm8s_itc.o [1]
  .huge_func.text    ro code  0x009e24    0xf3  System.o [1]
  .huge_func.text    ro code  0x009f17    0xe2  ApiDisplay.o [1]
  .huge_func.text    ro code  0x009ff9    0xde  Task.o [1]
  .huge_func.text    ro code  0x00a0d7    0xbd  ApiDisplay.o [1]
  .huge_func.text    ro code  0x00a194    0xb4  ApiPocCmd.o [1]
  .huge_func.text    ro code  0x00a248    0xb1  ApiAtCmd.o [1]
  .huge_func.text    ro code  0x00a2f9    0xa0  ApiKeyboard.o [1]
  .huge_func.text    ro code  0x00a399    0xa0  stm8s_clk.o [1]
  .huge_func.text    ro code  0x00a439    0x9c  DrvGD83.o [1]
  .huge_func.text    ro code  0x00a4d5    0x8b  stm8s_tim1.o [1]
  .huge_func.text    ro code  0x00a560    0x88  CommonLib.o [1]
  .huge_func.text    ro code  0x00a5e8    0x86  DrvGT20L16S1Y.o [1]
  .huge_func.text    ro code  0x00a66e    0x84  stm8s_gpio.o [1]
  .huge_func.text    ro code  0x00a6f2    0x83  Task.o [1]
  .huge_func.text    ro code  0x00a775    0x75  Delay.o [1]
  .huge_func.text    ro code  0x00a7ea    0x70  ApiAtCmd.o [1]
  .huge_func.text    ro code  0x00a85a    0x61  stm8s_tim1.o [1]
  .huge_func.text    ro code  0x00a8bb    0x60  stm8s_uart1.o [1]
  .huge_func.text    ro code  0x00a91b    0x60  Voice.o [1]
  .huge_func.text    ro code  0x00a97b    0x5f  ApiAtCmd.o [1]
  .huge_func.text    ro code  0x00a9da    0x5f  stm8s_uart1.o [1]
  .huge_func.text    ro code  0x00aa39    0x5a  Tone.o [1]
  .huge_func.text    ro code  0x00aa93    0x58  DrvGD83.o [1]
  .huge_func.text    ro code  0x00aaeb    0x52  stm8s_clk.o [1]
  .huge_func.text    ro code  0x00ab3d    0x50  sysclock.o [1]
  .huge_func.text    ro code  0x00ab8d    0x4b  DrvGT20L16S1Y.o [1]
  .huge_func.text    ro code  0x00abd8    0x48  ApiDisplay.o [1]
  .huge_func.text    ro code  0x00ac20    0x47  Delay.o [1]
  .huge_func.text    ro code  0x00ac67    0x47  DrvGD83.o [1]
  .huge_func.text    ro code  0x00acae    0x41  Delay.o [1]
  .huge_func.text    ro code  0x00acef    0x40  ApiDisplay.o [1]
  .huge_func.text    ro code  0x00ad2f    0x3f  DrvKeyboard.o [1]
  .huge_func.text    ro code  0x00ad6e    0x3d  DrvGD83.o [1]
  .huge_func.text    ro code  0x00adab    0x3d  DrvGD83.o [1]
  .huge_func.text    ro code  0x00ade8    0x3d  stm8s_tim1.o [1]
  .huge_func.text    ro code  0x00ae25    0x34  Tone.o [1]
  .huge_func.text    ro code  0x00ae59    0x32  stm8s_uart1.o [1]
  .huge_func.text    ro code  0x00ae8b    0x31  ApiAtCmd.o [1]
  .huge_func.text    ro code  0x00aebc    0x31  Beep.o [1]
  .huge_func.text    ro code  0x00aeed    0x2e  McuConfig.o [1]
  .huge_func.text    ro code  0x00af1b    0x2e  stm8s_uart1.o [1]
  .huge_func.text    ro code  0x00af49    0x2d  DrvGD83.o [1]
  .huge_func.text    ro code  0x00af76    0x2d  DrvGT20L16S1Y.o [1]
  .huge_func.text    ro code  0x00afa3    0x2c  DrvGT20L16S1Y.o [1]
  .huge_func.text    ro code  0x00afcf    0x2b  stm8s_flash.o [1]
  .huge_func.text    ro code  0x00affa    0x29  McuConfig.o [1]
  .huge_func.text    ro code  0x00b023    0x28  DrvGD83.o [1]
  .huge_func.text    ro code  0x00b04b    0x28  DrvGD83.o [1]
  .huge_func.text    ro code  0x00b073    0x28  McuConfig.o [1]
  .huge_func.text    ro code  0x00b09b    0x27  Voice.o [1]
  .huge_func.text    ro code  0x00b0c2    0x26  stm8s_it.o [1]
  .huge_func.text    ro code  0x00b0e8    0x25  stm8s_flash.o [1]
  .huge_func.text    ro code  0x00b10d    0x25  stm8s_tim1.o [1]
  .huge_func.text    ro code  0x00b132    0x21  ApiKeyboard.o [1]
  .huge_func.text    ro code  0x00b153    0x21  Delay.o [1]
  .huge_func.text    ro code  0x00b174    0x21  stm8s_it.o [1]
  .huge_func.text    ro code  0x00b195    0x20  Delay.o [1]
  .huge_func.text    ro code  0x00b1b5    0x1f  stm8s_tim1.o [1]
  .huge_func.text    ro code  0x00b1d4    0x1e  stm8s_flash.o [1]
  .huge_func.text    ro code  0x00b1f2    0x1c  Tone.o [1]
  .huge_func.text    ro code  0x00b20e    0x1b  ApiDisplay.o [1]
  .huge_func.text    ro code  0x00b229    0x1b  Delay.o [1]
  .huge_func.text    ro code  0x00b244    0x1b  DrvGT20L16S1Y.o [1]
  .huge_func.text    ro code  0x00b25f    0x1b  stm8s_tim3.o [1]
  .huge_func.text    ro code  0x00b27a    0x1a  DrvGD83.o [1]
  .huge_func.text    ro code  0x00b294    0x18  DrvGD83.o [1]
  .huge_func.text    ro code  0x00b2ac    0x18  McuConfig.o [1]
  .huge_func.text    ro code  0x00b2c4    0x18  McuConfig.o [1]
  .huge_func.text    ro code  0x00b2dc    0x17  Delay.o [1]
  .huge_func.text    ro code  0x00b2f3    0x17  DrvHTG12832.o [1]
  .huge_func.text    ro code  0x00b30a    0x17  McuConfig.o [1]
  .huge_func.text    ro code  0x00b321    0x17  McuConfig.o [1]
  .huge_func.text    ro code  0x00b338    0x17  McuConfig.o [1]
  .huge_func.text    ro code  0x00b34f    0x17  McuConfig.o [1]
  .huge_func.text    ro code  0x00b366    0x16  McuConfig.o [1]
  .huge_func.text    ro code  0x00b37c    0x16  stm8s_tim1.o [1]
  .huge_func.text    ro code  0x00b392    0x16  stm8s_tim1.o [1]
  .huge_func.text    ro code  0x00b3a8    0x16  stm8s_tim1.o [1]
  .huge_func.text    ro code  0x00b3be    0x16  stm8s_tim3.o [1]
  .huge_func.text    ro code  0x00b3d4    0x16  stm8s_tim3.o [1]
  .huge_func.text    ro code  0x00b3ea    0x16  stm8s_uart1.o [1]
  .huge_func.text    ro code  0x00b400    0x15  ApiPocCmd.o [1]
  .huge_func.text    ro code  0x00b415    0x15  McuConfig.o [1]
  .huge_func.text    ro code  0x00b42a    0x15  Task.o [1]
  .huge_func.text    ro code  0x00b43f    0x14  DrvGD83.o [1]
  .huge_func.text    ro code  0x00b453    0x14  stm8s_flash.o [1]
  .huge_func.text    ro code  0x00b467    0x13  DrvGD83.o [1]
  .huge_func.text    ro code  0x00b47a    0x13  DrvGT20L16S1Y.o [1]
  .huge_func.text    ro code  0x00b48d    0x13  Task.o [1]
  .huge_func.text    ro code  0x00b4a0    0x12  stm8s_gpio.o [1]
  .huge_func.text    ro code  0x00b4b2    0x11  McuConfig.o [1]
  .huge_func.text    ro code  0x00b4c3    0x11  stm8s_clk.o [1]
  .huge_func.text    ro code  0x00b4d4    0x11  stm8s_flash.o [1]
  .huge_func.text    ro code  0x00b4e5    0x11  stm8s_tim1.o [1]
  .huge_func.text    ro code  0x00b4f6    0x11  stm8s_tim1.o [1]
  .huge_func.text    ro code  0x00b507    0x11  sysclock.o [1]
  .huge_func.text    ro code  0x00b518    0x10  DrvGD83.o [1]
  .huge_func.text    ro code  0x00b528    0x10  Voice.o [1]
  .huge_func.text    ro code  0x00b538     0xf  stm8s_uart1.o [1]
  .huge_func.text    ro code  0x00b547     0xe  ApiAtCmd.o [1]
  .huge_func.text    ro code  0x00b555     0xe  ApiPocCmd.o [1]
  .huge_func.text    ro code  0x00b563     0xe  DrvGD83.o [1]
  .huge_func.text    ro code  0x00b571     0xe  McuConfig.o [1]
  .huge_func.text    ro code  0x00b57f     0xe  stm8s_gpio.o [1]
  .huge_func.text    ro code  0x00b58d     0xe  stm8s_itc.o [1]
  .huge_func.text    ro code  0x00b59b     0xe  Task.o [1]
  .huge_func.text    ro code  0x00b5a9     0xd  ApiDisplay.o [1]
  .huge_func.text    ro code  0x00b5b6     0xd  DrvGD83.o [1]
  .huge_func.text    ro code  0x00b5c3     0xd  DrvGT20L16S1Y.o [1]
  .huge_func.text    ro code  0x00b5d0     0xd  DrvGT20L16S1Y.o [1]
  .huge_func.text    ro code  0x00b5dd     0xd  stm8s_flash.o [1]
  .huge_func.text    ro code  0x00b5ea     0xd  stm8s_gpio.o [1]
  .huge_func.text    ro code  0x00b5f7     0xc  ApiPocCmd.o [1]
  .huge_func.text    ro code  0x00b603     0xc  ApiPocCmd.o [1]
  .huge_func.text    ro code  0x00b60f     0xc  McuConfig.o [1]
  .huge_func.text    ro code  0x00b61b     0xc  stm8s_uart1.o [1]
  .huge_func.text    ro code  0x00b627     0xb  Beep.o [1]
  .huge_func.text    ro code  0x00b632     0xb  Beep.o [1]
  .huge_func.text    ro code  0x00b63d     0xb  Delay.o [1]
  .huge_func.text    ro code  0x00b648     0xb  DrvGD83.o [1]
  .huge_func.text    ro code  0x00b653     0xb  DrvGD83.o [1]
  .huge_func.text    ro code  0x00b65e     0xb  DrvGT20L16S1Y.o [1]
  .huge_func.text    ro code  0x00b669     0xb  DrvKeyboard.o [1]
  .huge_func.text    ro code  0x00b674     0xb  McuConfig.o [1]
  .huge_func.text    ro code  0x00b67f     0xb  stm8s_clk.o [1]
  .huge_func.text    ro code  0x00b68a     0xb  stm8s_clk.o [1]
  .huge_func.text    ro code  0x00b695     0xb  stm8s_clk.o [1]
  .huge_func.text    ro code  0x00b6a0     0xb  stm8s_gpio.o [1]
  .huge_func.text    ro code  0x00b6ab     0xb  stm8s_gpio.o [1]
  .huge_func.text    ro code  0x00b6b6     0xb  stm8s_tim1.o [1]
  .huge_func.text    ro code  0x00b6c1     0xb  stm8s_tim1.o [1]
  .huge_func.text    ro code  0x00b6cc     0xb  stm8s_tim1.o [1]
  .huge_func.text    ro code  0x00b6d7     0xb  stm8s_tim3.o [1]
  .huge_func.text    ro code  0x00b6e2     0xb  stm8s_tim3.o [1]
  .huge_func.text    ro code  0x00b6ed     0xb  stm8s_uart1.o [1]
  .huge_func.text    ro code  0x00b6f8     0xa  ApiPocCmd.o [1]
  .huge_func.text    ro code  0x00b702     0xa  ApiPocCmd.o [1]
  .huge_func.text    ro code  0x00b70c     0xa  DrvGT20L16S1Y.o [1]
  .huge_func.text    ro code  0x00b716     0xa  DrvGT20L16S1Y.o [1]
  .huge_func.text    ro code  0x00b720     0xa  stm8s_gpio.o [1]
  .huge_func.text    ro code  0x00b72a     0x9  ApiPocCmd.o [1]
  .huge_func.text    ro code  0x00b733     0x9  DrvGT20L16S1Y.o [1]
  .huge_func.text    ro code  0x00b73c     0x9  McuConfig.o [1]
  .huge_func.text    ro code  0x00b745     0x9  McuConfig.o [1]
  .huge_func.text    ro code  0x00b74e     0x9  stm8s_flash.o [1]
  .huge_func.text    ro code  0x00b757     0x9  stm8s_gpio.o [1]
  .huge_func.text    ro code  0x00b760     0x9  stm8s_tim1.o [1]
  .huge_func.text    ro code  0x00b769     0x9  stm8s_tim3.o [1]
  .huge_func.text    ro code  0x00b772     0x9  stm8s_uart1.o [1]
  .huge_func.text    ro code  0x00b77b     0x9  Tone.o [1]
  .huge_func.text    ro code  0x00b784     0x8  ApiAtCmd.o [1]
  .huge_func.text    ro code  0x00b78c     0x8  ApiPocCmd.o [1]
  .huge_func.text    ro code  0x00b794     0x8  ApiPocCmd.o [1]
  .huge_func.text    ro code  0x00b79c     0x8  ApiPocCmd.o [1]
  .huge_func.text    ro code  0x00b7a4     0x8  DrvGT20L16S1Y.o [1]
  .huge_func.text    ro code  0x00b7ac     0x8  DrvGT20L16S1Y.o [1]
  .huge_func.text    ro code  0x00b7b4     0x8  DrvGT20L16S1Y.o [1]
  .huge_func.text    ro code  0x00b7bc     0x8  DrvHTG12832.o [1]
  .huge_func.text    ro code  0x00b7c4     0x8  DrvHTG12832.o [1]
  .huge_func.text    ro code  0x00b7cc     0x8  McuConfig.o [1]
  .huge_func.text    ro code  0x00b7d4     0x8  McuConfig.o [1]
  .huge_func.text    ro code  0x00b7dc     0x8  McuConfig.o [1]
  .huge_func.text    ro code  0x00b7e4     0x8  McuConfig.o [1]
  .huge_func.text    ro code  0x00b7ec     0x8  Task.o [1]
  .huge_func.text    ro code  0x00b7f4     0x7  ApiAtCmd.o [1]
  .huge_func.text    ro code  0x00b7fb     0x7  ApiPocCmd.o [1]
  .huge_func.text    ro code  0x00b802     0x7  DrvGD83.o [1]
  .huge_func.text    ro code  0x00b809     0x7  DrvGT20L16S1Y.o [1]
  .huge_func.text    ro code  0x00b810     0x7  McuConfig.o [1]
  .huge_func.text    ro code  0x00b817     0x7  McuConfig.o [1]
  .huge_func.text    ro code  0x00b81e     0x7  McuConfig.o [1]
  .huge_func.text    ro code  0x00b825     0x7  McuConfig.o [1]
  .huge_func.text    ro code  0x00b82c     0x7  McuConfig.o [1]
  .huge_func.text    ro code  0x00b833     0x7  stm8s_tim1.o [1]
  .huge_func.text    ro code  0x00b83a     0x7  Task.o [1]
  .huge_func.text    ro code  0x00b841     0x6  stm8s_tim3.o [1]
  .huge_func.text    ro code  0x00b847     0x5  DrvGD83.o [1]
  .huge_func.text    ro code  0x00b84c     0x5  DrvGT20L16S1Y.o [1]
  .huge_func.text    ro code  0x00b851     0x5  DrvGT20L16S1Y.o [1]
  .huge_func.text    ro code  0x00b856     0x5  McuConfig.o [1]
  .huge_func.text    ro code  0x00b85b     0x5  stm8s_uart1.o [1]
  .huge_func.text    ro code  0x00b860     0x5  stm8s_uart1.o [1]
  .huge_func.text    ro code  0x00b865     0x4  ApiPocCmd.o [1]
  .huge_func.text    ro code  0x00b869     0x4  ApiPocCmd.o [1]
  .huge_func.text    ro code  0x00b86d     0x4  ApiPocCmd.o [1]
  .huge_func.text    ro code  0x00b871     0x4  main.o [1]
  .huge_func.text    ro code  0x00b875     0x1  stm8s_it.o [1]
  .huge_func.text    ro code  0x00b876     0x1  stm8s_it.o [1]
  .huge_func.text    ro code  0x00b877     0x1  stm8s_it.o [1]
  .huge_func.text    ro code  0x00b878     0x1  stm8s_it.o [1]
  .huge_func.text    ro code  0x00b879     0x1  stm8s_it.o [1]
  .huge_func.text    ro code  0x00b87a     0x1  stm8s_it.o [1]
  .huge_func.text    ro code  0x00b87b     0x1  stm8s_it.o [1]
  .huge_func.text    ro code  0x00b87c     0x1  stm8s_it.o [1]
  .huge_func.text    ro code  0x00b87d     0x1  stm8s_it.o [1]
  .huge_func.text    ro code  0x00b87e     0x1  stm8s_it.o [1]
  .huge_func.text    ro code  0x00b87f     0x1  stm8s_it.o [1]
  .huge_func.text    ro code  0x00b880     0x1  stm8s_it.o [1]
  .huge_func.text    ro code  0x00b881     0x1  stm8s_it.o [1]
  .huge_func.text    ro code  0x00b882     0x1  stm8s_it.o [1]
  .huge_func.text    ro code  0x00b883     0x1  stm8s_it.o [1]
  .huge_func.text    ro code  0x00b884     0x1  stm8s_it.o [1]
  .huge_func.text    ro code  0x00b885     0x1  stm8s_it.o [1]
  .huge_func.text    ro code  0x00b886     0x1  stm8s_it.o [1]
  .huge_func.text    ro code  0x00b887     0x1  stm8s_it.o [1]
  .huge_func.text    ro code  0x00b888     0x1  stm8s_it.o [1]
  .huge_func.text    ro code  0x00b889     0x1  stm8s_it.o [1]
  .huge_func.text    ro code  0x00b88a     0x1  stm8s_it.o [1]
  .huge_func.text    ro code  0x00b88b     0x1  Task.o [1]
                            - 0x00b88c  0x2fc4


*******************************************************************************
*** INIT TABLE
***

          Address   Size
          -------   ----
Zero (__iar_zero_init2)
    1 destination range, total size 0x14ac:
          0x000069  0x14ac

Copy (__iar_copy_init2)
    1 source range, total size 0x59:
          0x008080    0x59
    1 destination range, total size 0x59:
          0x000010    0x59



*******************************************************************************
*** MODULE SUMMARY
***

    Module                 ro code  ro data  rw data
    ------                 -------  -------  -------
E:\1-source\A508\PRJ\Debug\Obj: [1]
    ApiAtCmd.o                 462       58      138
    ApiDisplay.o               591       40      580
    ApiKeyboard.o              866      273        4
    ApiPocCmd.o                922       35    3 810
    Beep.o                     578                18
    CommonLib.o                136
    Delay.o                    379                11
    DrvGD83.o                1 756       27      710
    DrvGT20L16S1Y.o            737       40       40
    DrvHTG12832.o              663                 2
    DrvKeyboard.o            1 225
    McuConfig.o                454
    System.o                   243       26       23
    Task.o                     423      239       20
    Tone.o                     179                18
    Voice.o                    151                 7
    main.o                       4
    stm8s_clk.o                292        4
    stm8s_flash.o              169
    stm8s_gpio.o               218
    stm8s_it.o                  93
    stm8s_itc.o                257
    stm8s_tim1.o               514
    stm8s_tim3.o               108
    stm8s_uart1.o              711
    sysclock.o                  97
    ------------------------------------------------
    Total:                  12 228      742    5 381

command line: [2]
    ------------------------------------------------
    Total:

dbgstm8mld.a: [3]
    __dbg_break.o                1
    __dbg_xxexit.o              26
    ------------------------------------------------
    Total:                      27

dlstm8mln.a: [4]
    cexit.o                      6
    char.o                      16
    cstartup.o                  23
    dc_util.o                   88
    exit.o                       4
    far_util.o                  62
    init.o                     147
    interrupt.o                  4      128
    long.o                     368
    long_util.o                 46
    low_level_init.o             3
    memcmp.o                    57
    move.o                      37
    short.o                     52
    strlen.o                    27
    unhandled_exception.o        3
    vreg_util.o                387
    vregs.o                                       16
    ------------------------------------------------
    Total:                   1 330      128       16

    Linker created                       21      256
----------------------------------------------------
    Grand Total:            13 585      891    5 653


*******************************************************************************
*** ENTRY LIST
***

Entry                    Address   Size  Type      Object
-----                    -------   ----  ----      ------
.iar.init_table$$Base   0x0080d9          --   Gb  - Linker created -
.iar.init_table$$Limit  0x0080ee          --   Gb  - Linker created -
?add32_l0_l0_0x         0x008274         Code  Gb  long.o [4]
?add32_l0_l0_l1         0x008271         Code  Gb  long.o [4]
?b0                     0x000000         Data  Gb  vregs.o [4]
?b1                     0x000001         Data  Gb  vregs.o [4]
?b10                    0x00000a         Data  Gb  vregs.o [4]
?b11                    0x00000b         Data  Gb  vregs.o [4]
?b12                    0x00000c         Data  Gb  vregs.o [4]
?b13                    0x00000d         Data  Gb  vregs.o [4]
?b14                    0x00000e         Data  Gb  vregs.o [4]
?b15                    0x00000f         Data  Gb  vregs.o [4]
?b2                     0x000002         Data  Gb  vregs.o [4]
?b3                     0x000003         Data  Gb  vregs.o [4]
?b4                     0x000004         Data  Gb  vregs.o [4]
?b5                     0x000005         Data  Gb  vregs.o [4]
?b6                     0x000006         Data  Gb  vregs.o [4]
?b7                     0x000007         Data  Gb  vregs.o [4]
?b8                     0x000008         Data  Gb  vregs.o [4]
?b9                     0x000009         Data  Gb  vregs.o [4]
?dc32_l0                0x0083e1         Code  Gb  dc_util.o [4]
?dc32_l1                0x00840d         Code  Gb  dc_util.o [4]
?e0                     0x000001         Data  Gb  vregs.o [4]
?e1                     0x000005         Data  Gb  vregs.o [4]
?e2                     0x000009         Data  Gb  vregs.o [4]
?e3                     0x00000d         Data  Gb  vregs.o [4]
?epilogue_l2            0x0081ff         Code  Gb  vreg_util.o [4]
?epilogue_l2_l3         0x0081fb         Code  Gb  vreg_util.o [4]
?epilogue_l2_w6         0x008204         Code  Gb  vreg_util.o [4]
?epilogue_w4            0x00820d         Code  Gb  vreg_util.o [4]
?l0                     0x000000         Data  Gb  vregs.o [4]
?l1                     0x000004         Data  Gb  vregs.o [4]
?l2                     0x000008         Data  Gb  vregs.o [4]
?l3                     0x00000c         Data  Gb  vregs.o [4]
?load24_0x_e0           0x0084fc         Code  Gb  far_util.o [4]
?load24_e0_0x           0x0084d6         Code  Gb  far_util.o [4]
?load24_e0_xsp          0x0084cc         Code  Gb  far_util.o [4]
?load24_e1_0x           0x0084ee         Code  Gb  far_util.o [4]
?load24_e1_xsp          0x0084e4         Code  Gb  far_util.o [4]
?load32_0x_l0           0x008597         Code  Gb  long_util.o [4]
?load32_l0_0x           0x008581         Code  Gb  long_util.o [4]
?load32_l0_xsp          0x008577         Code  Gb  long_util.o [4]
?load32_xsp_l0          0x00858d         Code  Gb  long_util.o [4]
?longfarg16_v_w0_a      0x00862f         Code  Gb  move.o [4]
?longfarg16_v_w0_x      0x008631         Code  Gb  move.o [4]
?mov_e0_e1              0x008212         Code  Gb  vreg_util.o [4]
?mov_e0_e2              0x00821f         Code  Gb  vreg_util.o [4]
?mov_e0_e3              0x00822c         Code  Gb  vreg_util.o [4]
?mov_e1_e0              0x008239         Code  Gb  vreg_util.o [4]
?mov_e1_e3              0x008246         Code  Gb  vreg_util.o [4]
?mov_e2_e0              0x008253         Code  Gb  vreg_util.o [4]
?mov_e3_e0              0x008260         Code  Gb  vreg_util.o [4]
?mov_l0_l2              0x00821c         Code  Gb  vreg_util.o [4]
?mov_l0_l3              0x008229         Code  Gb  vreg_util.o [4]
?mov_l1_l0              0x008236         Code  Gb  vreg_util.o [4]
?mov_l1_l3              0x008243         Code  Gb  vreg_util.o [4]
?mov_l2_l0              0x008250         Code  Gb  vreg_util.o [4]
?mov_l3_l0              0x00825d         Code  Gb  vreg_util.o [4]
?mov_w1_w3              0x008215         Code  Gb  vreg_util.o [4]
?mov_w1_w5              0x008222         Code  Gb  vreg_util.o [4]
?mov_w1_w7              0x00822f         Code  Gb  vreg_util.o [4]
?mov_w3_w1              0x00823c         Code  Gb  vreg_util.o [4]
?mov_w3_w7              0x008249         Code  Gb  vreg_util.o [4]
?mov_w5_w1              0x008256         Code  Gb  vreg_util.o [4]
?mov_w7_w1              0x008263         Code  Gb  vreg_util.o [4]
?mov_w7_w5              0x00826a         Code  Gb  vreg_util.o [4]
?move1616_v_x_y_a       0x008622         Code  Gb  move.o [4]
?mul16_x_x_w0           0x008543         Code  Gb  short.o [4]
?mul32_l0_l0_l1         0x0082a7         Code  Gb  long.o [4]
?or32_l0_l0_0x          0x00839c         Code  Gb  long.o [4]
?pop_e2                 0x008161         Code  Gb  vreg_util.o [4]
?pop_e3                 0x008170         Code  Gb  vreg_util.o [4]
?pop_l0                 0x0081c3         Code  Gb  vreg_util.o [4]
?pop_l1                 0x0081ce         Code  Gb  vreg_util.o [4]
?pop_l2                 0x0081d9         Code  Gb  vreg_util.o [4]
?pop_l3                 0x0081e4         Code  Gb  vreg_util.o [4]
?pop_w4                 0x00810f         Code  Gb  vreg_util.o [4]
?pop_w6                 0x008116         Code  Gb  vreg_util.o [4]
?push_e2                0x008129         Code  Gb  vreg_util.o [4]
?push_e3                0x008145         Code  Gb  vreg_util.o [4]
?push_l0                0x00818e         Code  Gb  vreg_util.o [4]
?push_l1                0x008193         Code  Gb  vreg_util.o [4]
?push_l2                0x008198         Code  Gb  vreg_util.o [4]
?push_l3                0x00819d         Code  Gb  vreg_util.o [4]
?push_w4                0x0080ee         Code  Gb  vreg_util.o [4]
?push_w6                0x0080f3         Code  Gb  vreg_util.o [4]
?sext16_x_a             0x008570         Code  Gb  short.o [4]
?sext32_l0_x            0x0083d6         Code  Gb  long.o [4]
?sll16_x_x_4            0x00856b         Code  Gb  short.o [4]
?sll16_x_x_5            0x00856a         Code  Gb  short.o [4]
?sll16_x_x_6            0x008569         Code  Gb  short.o [4]
?sll16_x_x_a            0x008561         Code  Gb  short.o [4]
?sll32_0x_0x_a          0x0083b7         Code  Gb  long.o [4]
?sll32_l0_l0_a          0x0083b4         Code  Gb  long.o [4]
?sll8_a_a_b0            0x0087f2         Code  Gb  char.o [4]
?srl32_0x_0x_a          0x0083c8         Code  Gb  long.o [4]
?srl32_l0_l0_a          0x0083c5         Code  Gb  long.o [4]
?srl8_a_a_5             0x0087fd         Code  Gb  char.o [4]
?srl8_a_a_6             0x0087fc         Code  Gb  char.o [4]
?sub32_l0_l0_0x         0x00828f         Code  Gb  long.o [4]
?sub32_l0_l0_l1         0x00828c         Code  Gb  long.o [4]
?udiv32_l0_dl_l1        0x008325         Code  Gb  long.o [4]
?udiv32_l0_l0_dl        0x00832b         Code  Gb  long.o [4]
?udiv32_l0_l0_l1        0x00832f         Code  Gb  long.o [4]
?umod32_l1_l0_l1        0x00832f         Code  Gb  long.o [4]
?w0                     0x000000         Data  Gb  vregs.o [4]
?w1                     0x000002         Data  Gb  vregs.o [4]
?w2                     0x000004         Data  Gb  vregs.o [4]
?w3                     0x000006         Data  Gb  vregs.o [4]
?w4                     0x000008         Data  Gb  vregs.o [4]
?w5                     0x00000a         Data  Gb  vregs.o [4]
?w6                     0x00000c         Data  Gb  vregs.o [4]
?w7                     0x00000e         Data  Gb  vregs.o [4]
ADC2_IRQHandler         0x00b888    0x1  Code  Gb  stm8s_it.o [1]
AF_Mute_Init            0x00b60f    0xc  Code  Gb  McuConfig.o [1]
AUDIO_IOAFMUT           0x00b415   0x15  Code  Gb  McuConfig.o [1]
AUDIO_IOAFPOW           0x00b34f   0x17  Code  Gb  McuConfig.o [1]
AWU_IRQHandler          0x00b877    0x1  Code  Gb  stm8s_it.o [1]
ApiAtCmd_10msRenew      0x00a248   0xb1  Code  Gb  ApiAtCmd.o [1]
ApiAtCmd_GetGroupName   0x00b603    0xc  Code  Gb  ApiPocCmd.o [1]
ApiAtCmd_GetGroupNameLen
                        0x00b72a    0x9  Code  Gb  ApiPocCmd.o [1]
ApiAtCmd_GetGroupNum    0x00b869    0x4  Code  Gb  ApiPocCmd.o [1]
ApiAtCmd_GetLoginState  0x00b702    0xa  Code  Gb  ApiPocCmd.o [1]
ApiAtCmd_GetMainGroupId
                        0x00b86d    0x4  Code  Gb  ApiPocCmd.o [1]
ApiAtCmd_GetMainWorkName
                        0x00b79c    0x8  Code  Gb  ApiPocCmd.o [1]
ApiAtCmd_GetMainWorkNameLen
                        0x00b865    0x4  Code  Gb  ApiPocCmd.o [1]
ApiAtCmd_PlayVoice      0x00a7ea   0x70  Code  Gb  ApiAtCmd.o [1]
ApiAtCmd_WritCommand    0x00ae8b   0x31  Code  Gb  ApiAtCmd.o [1]
ApiCaretCmd_10msRenew   0x00a97b   0x5f  Code  Gb  ApiAtCmd.o [1]
ApiPocCmd_10msRenew     0x00965c  0x263  Code  Gb  ApiPocCmd.o [1]
ApiPocCmd_WritCommand   0x00a194   0xb4  Code  Gb  ApiPocCmd.o [1]
AtCmdDrvobj             0x0013d2   0x77  Data  Lc  ApiAtCmd.o [1]
AtNotify_Queue          0x00b04b   0x28  Code  Lc  DrvGD83.o [1]
AtNotify_Queue_Start    0x008d47   0x34  Code  Lc  DrvGD83.o [1]
BEEP_PowerOnInitial     0x009a88   0x32  Code  Gb  Beep.o [1]
BEEP_SetOutput          0x0098bf  0x1b1  Code  Gb  Beep.o [1]
BEEP_Time               0x00aebc   0x31  Code  Gb  Beep.o [1]
BaseAdd                 0x000034   0x20  Data  Gb  DrvGT20L16S1Y.o [1]
BeepDrvObj              0x0014cf   0x12  Data  Lc  Beep.o [1]
BitTab                  0x008881    0x8  Data  Gb  ApiDisplay.o [1]
BootProcess_PPPCFG_Flag
                        0x00150c    0x1  Data  Gb  ApiAtCmd.o [1]
BootProcess_SIMST_Flag  0x00150b    0x1  Data  Gb  ApiAtCmd.o [1]
CHAR_HIGH               0x0086c2   0x10  Data  Gb  ApiDisplay.o [1]
CHAR_WIDTH              0x0086d2   0x10  Data  Gb  ApiDisplay.o [1]
CLK_ClockSwitchConfig   0x00a399   0xa0  Code  Gb  stm8s_clk.o [1]
CLK_GetClockFreq        0x00aaeb   0x52  Code  Gb  stm8s_clk.o [1]
CLK_HSIPrescalerConfig  0x00b4c3   0x11  Code  Gb  stm8s_clk.o [1]
CLK_IRQHandler          0x00b878    0x1  Code  Gb  stm8s_it.o [1]
COML_AscToHex           0x00a560   0x6b  Code  Gb  CommonLib.o [1]
CSTACK$$Base            0x001700          --   Gb  - Linker created -
CSTACK$$Limit           0x001800          --   Gb  - Linker created -
C_TEST_OUT_SET          0x00b7dc    0x8  Code  Gb  McuConfig.o [1]
CaretNotify_Queue       0x00b023   0x28  Code  Lc  DrvGD83.o [1]
CaretNotify_Queue_Start
                        0x008d7b   0x34  Code  Lc  DrvGD83.o [1]
DEL_GetTimer            0x00acae   0x41  Code  Gb  Delay.o [1]
DEL_Interrupt           0x00a775   0x75  Code  Gb  Delay.o [1]
DEL_PowerOnInitial      0x00b153   0x21  Code  Gb  Delay.o [1]
DEL_Renew               0x00b195   0x20  Code  Gb  Delay.o [1]
DEL_SetTimer            0x00ac20   0x47  Code  Gb  Delay.o [1]
DEL_Soft1ms             0x00b2dc   0x17  Code  Gb  Delay.o [1]
DEL_TimerRenew          0x00b229   0x1b  Code  Lc  Delay.o [1]
DISP_DataBuf            0x009f17   0xe2  Code  Lc  ApiDisplay.o [1]
DISP_MulTypePro         0x00a0d7   0xbd  Code  Lc  ApiDisplay.o [1]
DelDrvObj               0x0014f3    0xb  Data  Lc  Delay.o [1]
DisDataBit              0x001449   0x40  Data  Gb  ApiDisplay.o [1]
DisDataBuf              0x0011d2  0x200  Data  Gb  ApiDisplay.o [1]
DisDrvObj               0x001505    0x4  Data  Lc  ApiDisplay.o [1]
DrvGD83DrvObj           0x000f48  0x28a  Data  Lc  DrvGD83.o [1]
DrvGD83_Init            0x00b366   0x16  Code  Gb  McuConfig.o [1]
DrvGD83_UART_TxCommand  0x00aa93   0x58  Code  Gb  DrvGD83.o [1]
DrvMC8332_AtNotify_Queue_front
                        0x00adab   0x3d  Code  Gb  DrvGD83.o [1]
DrvMC8332_CaretNotify_Queue_front
                        0x00ad6e   0x3d  Code  Gb  DrvGD83.o [1]
DrvMC8332_PocNotify_Queue_front
                        0x00ac67   0x47  Code  Gb  DrvGD83.o [1]
DrvMC8332_TxPort_SetValidable
                        0x00b467   0x13  Code  Gb  DrvGD83.o [1]
DrvMC8332_UART_Interrupt
                        0x008f09  0x221  Code  Gb  DrvGD83.o [1]
DrvMc8332_UART_TxTail   0x00a439   0x9c  Code  Gb  DrvGD83.o [1]
EEPROM_EEC_IRQHandler   0x00b88a    0x1  Code  Gb  stm8s_it.o [1]
EXTI_PORTA_IRQHandler   0x00b879    0x1  Code  Gb  stm8s_it.o [1]
EXTI_PORTB_IRQHandler   0x00b87a    0x1  Code  Gb  stm8s_it.o [1]
EXTI_PORTC_IRQHandler   0x00b87b    0x1  Code  Gb  stm8s_it.o [1]
EXTI_PORTD_IRQHandler   0x00b87c    0x1  Code  Gb  stm8s_it.o [1]
EXTI_PORTE_IRQHandler   0x00b87d    0x1  Code  Gb  stm8s_it.o [1]
FLASH_EraseOptionByte   0x00b0e8   0x25  Code  Gb  stm8s_flash.o [1]
FLASH_Lock              0x00b5dd    0xd  Code  Gb  stm8s_flash.o [1]
FLASH_ProgramOptionByte
                        0x00afcf   0x2b  Code  Gb  stm8s_flash.o [1]
FLASH_Unlock            0x00b1d4   0x1e  Code  Gb  stm8s_flash.o [1]
GD83_ON                 0x00b2c4   0x18  Code  Gb  McuConfig.o [1]
GPIO_Init               0x00a66e   0x84  Code  Gb  stm8s_gpio.o [1]
GPIO_ReadInputPin       0x00b757    0x9  Code  Gb  stm8s_gpio.o [1]
GPIO_WriteHigh          0x00b5ea    0xd  Code  Gb  stm8s_gpio.o [1]
GPIO_WriteLow           0x00b57f    0xe  Code  Gb  stm8s_gpio.o [1]
GT20_GetData            0x00ab8d   0x4b  Code  Lc  DrvGT20L16S1Y.o [1]
GT20_SendByte           0x00af76   0x2d  Code  Lc  DrvGT20L16S1Y.o [1]
GT20_SendCommand        0x00a5e8   0x86  Code  Lc  DrvGT20L16S1Y.o [1]
GroupCallingNum         0x00001f    0x1  Data  Gb  ApiKeyboard.o [1]
GroupOrPersonalCalling_Flag
                        0x001514    0x1  Data  Gb  Task.o [1]
HSIDivFactor            0x0088b2    0x4  Data  Gb  stm8s_clk.o [1]
HtgDrvObj               0x001509    0x2  Data  Lc  DrvHTG12832.o [1]
I2C_IRQHandler          0x00b885    0x1  Code  Gb  stm8s_it.o [1]
INTVEC$$Base            0x008000          --   Gb  - Linker created -
INTVEC$$Limit           0x008080          --   Gb  - Linker created -
ITC_SetSoftwarePriority
                        0x009d31   0xf3  Code  Gb  stm8s_itc.o [1]
KeyDownGroupCallingCount
                        0x00150f    0x1  Data  Gb  ApiKeyboard.o [1]
KeyDownUpChooseGroup_Flag
                        0x00150e    0x1  Data  Gb  ApiAtCmd.o [1]
KeyUpCount              0x001510    0x1  Data  Gb  ApiKeyboard.o [1]
Key_Flag_0              0x001513    0x1  Data  Gb  Task.o [1]
Key_Flag_1              0x001511    0x1  Data  Gb  ApiKeyboard.o [1]
Key_Init                0x00b073   0x28  Code  Gb  McuConfig.o [1]
Keyboard_Test           0x00914b  0x2a1  Code  Gb  ApiKeyboard.o [1]
LED_Init                0x00b2ac   0x18  Code  Gb  McuConfig.o [1]
MIC_GPIO_Init           0x00b7d4    0x8  Code  Gb  McuConfig.o [1]
MIC_IOMUT               0x00b338   0x17  Code  Gb  McuConfig.o [1]
Noise_Mute_Init         0x00b571    0xe  Code  Gb  McuConfig.o [1]
Notify_Queue_Stop       0x008dd4  0x127  Code  Lc  DrvGD83.o [1]
PocCmdDrvobj            0x000069  0xedf  Data  Lc  ApiPocCmd.o [1]
PocNotify_Queue         0x00af49   0x2d  Code  Lc  DrvGD83.o [1]
Region$$Table$$Base     0x0080d9          --   Gb  - Linker created -
Region$$Table$$Limit    0x0080ee          --   Gb  - Linker created -
SPI_IRQHandler          0x00b87e    0x1  Code  Gb  stm8s_it.o [1]
Set_GreenLed            0x00b30a   0x17  Code  Gb  McuConfig.o [1]
Set_RedLed              0x00b321   0x17  Code  Gb  McuConfig.o [1]
SystemClock_Init        0x00ab3d   0x50  Code  Gb  sysclock.o [1]
TASK_WriteFreq          0x00b88b    0x1  Code  Gb  Task.o [1]
TIM1_CAP_COM_IRQHandler
                        0x00b880    0x1  Code  Gb  stm8s_it.o [1]
TIM1_CCxCmd             0x00a85a   0x61  Code  Gb  stm8s_tim1.o [1]
TIM1_Cmd                0x00b37c   0x16  Code  Gb  stm8s_tim1.o [1]
TIM1_CtrlPWMOutputs     0x00b392   0x16  Code  Gb  stm8s_tim1.o [1]
TIM1_DeInit             0x00a4d5   0x8b  Code  Gb  stm8s_tim1.o [1]
TIM1_OC1Init            0x00ade8   0x3d  Code  Gb  stm8s_tim1.o [1]
TIM1_OC1PreloadConfig   0x00b3a8   0x16  Code  Gb  stm8s_tim1.o [1]
TIM1_TimeBaseInit       0x00b10d   0x25  Code  Gb  stm8s_tim1.o [1]
TIM1_UPD_OVF_TRG_BRK_IRQHandler
                        0x00b87f    0x1  Code  Gb  stm8s_it.o [1]
TIM2_CAP_COM_IRQHandler
                        0x00b882    0x1  Code  Gb  stm8s_it.o [1]
TIM2_UPD_OVF_BRK_IRQHandler
                        0x00b881    0x1  Code  Gb  stm8s_it.o [1]
TIM3_ARRPreloadConfig   0x00b3d4   0x16  Code  Gb  stm8s_tim3.o [1]
TIM3_CAP_COM_IRQHandler
                        0x00b883    0x1  Code  Gb  stm8s_it.o [1]
TIM3_ClearITPendingBit  0x00b841    0x6  Code  Gb  stm8s_tim3.o [1]
TIM3_Cmd                0x00b3be   0x16  Code  Gb  stm8s_tim3.o [1]
TIM3_ITConfig           0x00b25f   0x1b  Code  Gb  stm8s_tim3.o [1]
TIM3_PrescalerConfig    0x00b6e2    0xb  Code  Gb  stm8s_tim3.o [1]
TIM3_TimeBaseInit       0x00b769    0x9  Code  Gb  stm8s_tim3.o [1]
TIM3_UPD_OVF_BRK_IRQHandler
                        0x00b174   0x21  Code  Gb  stm8s_it.o [1]
TIM4_UPD_OVF_IRQHandler
                        0x00b889    0x1  Code  Gb  stm8s_it.o [1]
TLI_IRQHandler          0x00b876    0x1  Code  Gb  stm8s_it.o [1]
TONE_PowerOnInitial     0x00ae25   0x34  Code  Gb  Tone.o [1]
TONE_Start              0x00b1f2   0x1c  Code  Gb  Tone.o [1]
TONE_Stop               0x00b77b    0x9  Code  Gb  Tone.o [1]
TRAP_IRQHandler         0x00b875    0x1  Code  Gb  stm8s_it.o [1]
TaskDrvObj              0x0014bb   0x14  Data  Lc  System.o [1]
Task_RunNormalOperation
                        0x009ff9   0xde  Code  Gb  Task.o [1]
Task_RunStart           0x00a6f2   0x83  Code  Gb  Task.o [1]
Tim3_Timer_Init         0x00affa   0x29  Code  Gb  McuConfig.o [1]
TimeVal                 0x00002c    0x8  Data  Gb  DrvGT20L16S1Y.o [1]
ToneDrvObj              0x0014e1   0x12  Data  Lc  Tone.o [1]
UART1_Cmd               0x00b3ea   0x16  Code  Gb  stm8s_uart1.o [1]
UART1_DeInit            0x00af1b   0x2e  Code  Gb  stm8s_uart1.o [1]
UART1_GetFlagStatus     0x00ae59   0x32  Code  Gb  stm8s_uart1.o [1]
UART1_GetITStatus       0x00a9da   0x5f  Code  Gb  stm8s_uart1.o [1]
UART1_ITConfig          0x00a8bb   0x60  Code  Gb  stm8s_uart1.o [1]
UART1_Init              0x009aba  0x159  Code  Gb  stm8s_uart1.o [1]
UART1_RX_IRQHandler     0x00b0c2   0x26  Code  Gb  stm8s_it.o [1]
UART1_ReceiveData8      0x00b85b    0x5  Code  Gb  stm8s_uart1.o [1]
UART1_SendData8         0x00b860    0x5  Code  Gb  stm8s_uart1.o [1]
UART1_TX_IRQHandler     0x00b884    0x1  Code  Gb  stm8s_it.o [1]
UART3_RX_IRQHandler     0x00b887    0x1  Code  Gb  stm8s_it.o [1]
UART3_TX_IRQHandler     0x00b886    0x1  Code  Gb  stm8s_it.o [1]
Uart1_Init              0x00aeed   0x2e  Code  Gb  McuConfig.o [1]
VOICE_1sProcess         0x00b528   0x10  Code  Gb  Voice.o [1]
VOICE_Renew             0x00a91b   0x60  Code  Gb  Voice.o [1]
VOICE_SetOutput         0x00b09b   0x27  Code  Gb  Voice.o [1]
VoiceDrvObj             0x0014fe    0x7  Data  Lc  Voice.o [1]
VoiceEnd_Flag           0x00150d    0x1  Data  Gb  ApiAtCmd.o [1]
__DebugBreak            0x0088c7    0x1  Code  Gb  __dbg_break.o [3]
__exit                  0x008680   0x1a  Code  Gb  __dbg_xxexit.o [3]
__iar_copy_init2        0x00848c   0x40  Code  Gb  init.o [4]
__iar_data_init2        0x008647   0x1e  Code  Gb  init.o [4]
__iar_program_start     0x00869a         Code  Gb  cstartup.o [4]
__iar_unhandled_exception
                        0x0088c4         Code  Gb  unhandled_exception.o [4]
__iar_zero_init2        0x0085cf   0x2a  Code  Gb  init.o [4]
__intvec                0x008000         Data  Gb  interrupt.o [4]
__low_level_init        0x0088c1    0x3  Code  Gb  low_level_init.o [4]
_exit                   0x0088ac         Code  Gb  cexit.o [4]
_interrupt_1            0x00b875         Code  Gb  stm8s_it.o [1]
_interrupt_12           0x00b87e         Code  Gb  stm8s_it.o [1]
_interrupt_13           0x00b87f         Code  Gb  stm8s_it.o [1]
_interrupt_14           0x00b880         Code  Gb  stm8s_it.o [1]
_interrupt_15           0x00b881         Code  Gb  stm8s_it.o [1]
_interrupt_16           0x00b882         Code  Gb  stm8s_it.o [1]
_interrupt_17           0x00b174         Code  Gb  stm8s_it.o [1]
_interrupt_18           0x00b883         Code  Gb  stm8s_it.o [1]
_interrupt_19           0x00b884         Code  Gb  stm8s_it.o [1]
_interrupt_2            0x00b876         Code  Gb  stm8s_it.o [1]
_interrupt_20           0x00b0c2         Code  Gb  stm8s_it.o [1]
_interrupt_21           0x00b885         Code  Gb  stm8s_it.o [1]
_interrupt_22           0x00b886         Code  Gb  stm8s_it.o [1]
_interrupt_23           0x00b887         Code  Gb  stm8s_it.o [1]
_interrupt_24           0x00b888         Code  Gb  stm8s_it.o [1]
_interrupt_25           0x00b889         Code  Gb  stm8s_it.o [1]
_interrupt_26           0x00b88a         Code  Gb  stm8s_it.o [1]
_interrupt_3            0x00b877         Code  Gb  stm8s_it.o [1]
_interrupt_4            0x00b878         Code  Gb  stm8s_it.o [1]
_interrupt_5            0x00b879         Code  Gb  stm8s_it.o [1]
_interrupt_6            0x00b87a         Code  Gb  stm8s_it.o [1]
_interrupt_7            0x00b87b         Code  Gb  stm8s_it.o [1]
_interrupt_8            0x00b87c         Code  Gb  stm8s_it.o [1]
_interrupt_9            0x00b87d         Code  Gb  stm8s_it.o [1]
api_disp_all_screen_refresh
                        0x00abd8   0x48  Code  Gb  ApiDisplay.o [1]
api_disp_char_output    0x00b20e   0x1b  Code  Gb  ApiDisplay.o [1]
api_lcd_pwr_on_hint     0x00acef   0x40  Code  Gb  ApiDisplay.o [1]
drv_gt20_data_output    0x009c13  0x11e  Code  Gb  DrvGT20L16S1Y.o [1]
drv_gt20_pwr_on_init    0x00afa3   0x2c  Code  Gb  DrvGT20L16S1Y.o [1]
drv_htg_clr_allscr      0x009447   0x64  Code  Gb  DrvHTG12832.o [1]
drv_htg_pwr_on_init     0x00955c    0xd  Code  Gb  DrvHTG12832.o [1]
drv_htg_set_address     0x009569   0x33  Code  Gb  DrvHTG12832.o [1]
drv_htg_write_command   0x0093ec   0x44  Code  Gb  DrvHTG12832.o [1]
drv_htg_write_data      0x00959c   0x28  Code  Gb  DrvHTG12832.o [1]
drv_keypad_scan         0x008bfc   0xd9  Code  Gb  DrvKeyboard.o [1]
exit                    0x0088ba    0x4  Code  Gb  exit.o [4]
get_key_value           0x00a2f9   0xa0  Code  Gb  ApiKeyboard.o [1]
htg_delay_ms            0x0094d4   0x17  Code  Lc  DrvHTG12832.o [1]
htg_initial             0x0094eb   0x22  Code  Lc  DrvHTG12832.o [1]
key_scan_board          0x008a24  0x1d1  Code  Gb  DrvKeyboard.o [1]
main                    0x00b871    0x4  Code  Gb  main.o [1]
main_app                0x009e24   0xf3  Code  Gb  System.o [1]
mcu_key_pad_out         0x008987   0x7a  Code  Gb  DrvKeyboard.o [1]
mcu_key_pad_read        0x00ad2f   0x3f  Code  Gb  DrvKeyboard.o [1]
mcu_key_pad_set         0x0088c8   0xbf  Code  Gb  DrvKeyboard.o [1]
mcu_lcd_initial         0x00950d   0x3a  Code  Lc  DrvHTG12832.o [1]
memcmp                  0x00850a   0x39  Code  Gb  memcmp.o [4]
strlen                  0x008665   0x1b  Code  Gb  strlen.o [4]
ucAtPocHead             0x000020    0x3  Data  Gb  ApiPocCmd.o [1]
ucCaretPPPCFG           0x00001c    0x3  Data  Gb  ApiAtCmd.o [1]
ucEndPTT                0x00005a    0x3  Data  Gb  Task.o [1]
ucGD83Reset             0x000054    0x3  Data  Gb  System.o [1]
ucPPPCFG                0x00005d    0x3  Data  Gb  Task.o [1]
ucPlayZtts              0x000010    0x3  Data  Gb  ApiAtCmd.o [1]
ucPocOpenConfig         0x000066    0x3  Data  Gb  Task.o [1]
ucRxCheckCard           0x000013    0x3  Data  Gb  ApiAtCmd.o [1]
ucRxOkHeadInfo          0x000029    0x3  Data  Gb  DrvGD83.o [1]
ucRxPocHeadInfo         0x000026    0x3  Data  Gb  DrvGD83.o [1]
ucRxZTTS0               0x000016    0x3  Data  Gb  ApiAtCmd.o [1]
ucSIMST                 0x000019    0x3  Data  Gb  ApiAtCmd.o [1]
ucSetParamConfig        0x000063    0x3  Data  Gb  Task.o [1]
ucStartPTT              0x000057    0x3  Data  Gb  Task.o [1]
ucTxPocHeadInfo         0x000023    0x3  Data  Gb  DrvGD83.o [1]
ucZTTS_Abell            0x000060    0x3  Data  Gb  Task.o [1]


[1] = E:\1-source\A508\PRJ\Debug\Obj
[2] = command line
[3] = dbgstm8mld.a
[4] = dlstm8mln.a

  13 585 bytes of readonly  code memory
     891 bytes of readonly  data memory
   5 653 bytes of readwrite data memory

Errors: none
Warnings: none
