###############################################################################
#
# IAR ELF Linker V2.20.1.176 for STM8                     22/Dec/2017  16:19:45
# Copyright 2010-2015 IAR Systems AB.
#
#    Output file  =  E:\1-source\A508\PRJ\Debug\Exe\A508_DEMO1.out
#    Map file     =  E:\1-source\A508\PRJ\Debug\List\A508_DEMO1.map
#    Command line =  
#        E:\1-source\A508\PRJ\Debug\Obj\ApiAtCmd.o
#        E:\1-source\A508\PRJ\Debug\Obj\ApiDisplay.o
#        E:\1-source\A508\PRJ\Debug\Obj\ApiGpsCmd.o
#        E:\1-source\A508\PRJ\Debug\Obj\ApiKeyboard.o
#        E:\1-source\A508\PRJ\Debug\Obj\ApiLED.o
#        E:\1-source\A508\PRJ\Debug\Obj\ApiPocCmd.o
#        E:\1-source\A508\PRJ\Debug\Obj\Beep.o
#        E:\1-source\A508\PRJ\Debug\Obj\CommonLib.o
#        E:\1-source\A508\PRJ\Debug\Obj\Delay.o
#        E:\1-source\A508\PRJ\Debug\Obj\DrvGD83.o
#        E:\1-source\A508\PRJ\Debug\Obj\DrvGT20L16S1Y.o
#        E:\1-source\A508\PRJ\Debug\Obj\DrvHTG12832.o
#        E:\1-source\A508\PRJ\Debug\Obj\DrvKeyboard.o
#        E:\1-source\A508\PRJ\Debug\Obj\Flash_eeprom.o
#        E:\1-source\A508\PRJ\Debug\Obj\main.o
#        E:\1-source\A508\PRJ\Debug\Obj\McuConfig.o
#        E:\1-source\A508\PRJ\Debug\Obj\stm8s_adc2.o
#        E:\1-source\A508\PRJ\Debug\Obj\stm8s_awu.o
#        E:\1-source\A508\PRJ\Debug\Obj\stm8s_beep.o
#        E:\1-source\A508\PRJ\Debug\Obj\stm8s_clk.o
#        E:\1-source\A508\PRJ\Debug\Obj\stm8s_exti.o
#        E:\1-source\A508\PRJ\Debug\Obj\stm8s_flash.o
#        E:\1-source\A508\PRJ\Debug\Obj\stm8s_gpio.o
#        E:\1-source\A508\PRJ\Debug\Obj\stm8s_i2c.o
#        E:\1-source\A508\PRJ\Debug\Obj\stm8s_it.o
#        E:\1-source\A508\PRJ\Debug\Obj\stm8s_itc.o
#        E:\1-source\A508\PRJ\Debug\Obj\stm8s_iwdg.o
#        E:\1-source\A508\PRJ\Debug\Obj\stm8s_rst.o
#        E:\1-source\A508\PRJ\Debug\Obj\stm8s_spi.o
#        E:\1-source\A508\PRJ\Debug\Obj\stm8s_tim1.o
#        E:\1-source\A508\PRJ\Debug\Obj\stm8s_tim2.o
#        E:\1-source\A508\PRJ\Debug\Obj\stm8s_tim3.o
#        E:\1-source\A508\PRJ\Debug\Obj\stm8s_tim4.o
#        E:\1-source\A508\PRJ\Debug\Obj\stm8s_uart1.o
#        E:\1-source\A508\PRJ\Debug\Obj\stm8s_uart3.o
#        E:\1-source\A508\PRJ\Debug\Obj\stm8s_wwdg.o
#        E:\1-source\A508\PRJ\Debug\Obj\sysclock.o
#        E:\1-source\A508\PRJ\Debug\Obj\System.o
#        E:\1-source\A508\PRJ\Debug\Obj\Task.o
#        E:\1-source\A508\PRJ\Debug\Obj\Tone.o
#        E:\1-source\A508\PRJ\Debug\Obj\uart3.o
#        E:\1-source\A508\PRJ\Debug\Obj\Voice.o --redirect _Printf=_PrintfSmall
#        --redirect _Scanf=_ScanfSmall -o
#        E:\1-source\A508\PRJ\Debug\Exe\A508_DEMO1.out --map
#        E:\1-source\A508\PRJ\Debug\List\A508_DEMO1.map --config "C:\Program
#        Files\IAR Systems\Embedded Workbench
#        7.3\stm8\config\lnkstm8s007c8.icf" --config_def _CSTACK_SIZE=0x100
#        --config_def _HEAP_SIZE=0x100 --entry __iar_program_start --debug_lib
#
###############################################################################

*******************************************************************************
*** RUNTIME MODEL ATTRIBUTES
***

__SystemLibrary            = DLib
__code_model               = small
__core                     = stm8
__data_model               = medium
__dlib_file_descriptor     = 0
__dlib_full_locale_support = 0
__rt_version               = 4


*******************************************************************************
*** PLACEMENT SUMMARY
***

"A1":  place at start of [0x000000-0x0000ff] { rw section .vregs };
"A2":  place at end of [0x000000-0x0017ff] { block CSTACK };
"P2":  place in [from 0x000000 to 0x0017ff] {
          block HEAP, rw section __DLIB_PERTHREAD, rw section .far.bss,
          rw section .far.data, rw section .far.noinit,
          rw section .far_func.textrw, rw section .huge.bss,
          rw section .huge.data, rw section .huge.noinit,
          rw section .huge_func.textrw, rw section .iar.dynexit,
          rw section .near.bss, rw section .near.data, rw section .near.noinit,
          rw section .near_func.textrw };
"A3":  place at start of [0x008000-0x00ffff] { block INTVEC };
"P3":  place in [from 0x008000 to 0x00ffff] {
          ro section __DLIB_PERTHREAD_init, ro section .far.data_init,
          ro section .far_func.textrw_init, ro section .huge.data_init,
          ro section .huge_func.textrw_init, ro section .iar.init_table,
          ro section .init_array, ro section .near.data_init,
          ro section .near.rodata, ro section .near_func.text,
          ro section .near_func.textrw_init, ro section .tiny.data_init,
          ro section .tiny.rodata_init };

  Section            Kind      Address    Size  Object
  -------            ----      -------    ----  ------
"A1":                                     0x10
  .vregs             uninit   0x000000    0x10  vregs.o [4]
                            - 0x000010    0x10

"P2", part 1 of 2:                        0x78
  P2-1                        0x000010    0x78  <Init block>
    .near.data       inited   0x000010     0x1  ApiAtCmd.o [1]
    .near.data       inited   0x000011     0x2  ApiAtCmd.o [1]
    .near.data       inited   0x000013     0x2  ApiAtCmd.o [1]
    .near.data       inited   0x000015     0x2  ApiAtCmd.o [1]
    .near.data       inited   0x000017     0x2  ApiAtCmd.o [1]
    .near.data       inited   0x000019     0x2  ApiAtCmd.o [1]
    .near.data       inited   0x00001b     0x2  ApiAtCmd.o [1]
    .near.data       inited   0x00001d     0x2  ApiAtCmd.o [1]
    .near.data       inited   0x00001f     0x2  ApiAtCmd.o [1]
    .near.data       inited   0x000021     0x2  ApiAtCmd.o [1]
    .near.data       inited   0x000023     0x2  ApiAtCmd.o [1]
    .near.data       inited   0x000025     0x2  ApiAtCmd.o [1]
    .near.data       inited   0x000027     0x2  ApiAtCmd.o [1]
    .near.data       inited   0x000029     0x2  ApiAtCmd.o [1]
    .near.data       inited   0x00002b     0x2  ApiAtCmd.o [1]
    .near.data       inited   0x00002d     0x2  ApiAtCmd.o [1]
    .near.data       inited   0x00002f     0x2  ApiAtCmd.o [1]
    .near.data       inited   0x000031     0x2  ApiAtCmd.o [1]
    .near.data       inited   0x000033     0x2  ApiAtCmd.o [1]
    .near.data       inited   0x000035     0x2  ApiKeyboard.o [1]
    .near.data       inited   0x000037     0x1  ApiKeyboard.o [1]
    .near.data       inited   0x000038     0x2  ApiPocCmd.o [1]
    .near.data       inited   0x00003a     0x2  ApiPocCmd.o [1]
    .near.data       inited   0x00003c     0x2  DrvGD83.o [1]
    .near.data       inited   0x00003e     0x2  DrvGD83.o [1]
    .near.data       inited   0x000040     0x2  DrvGD83.o [1]
    .near.data       inited   0x000042     0x2  DrvGD83.o [1]
    .near.data       inited   0x000044     0x8  DrvGT20L16S1Y.o [1]
    .near.data       inited   0x00004c    0x20  DrvGT20L16S1Y.o [1]
    .near.data       inited   0x00006c     0x2  System.o [1]
    .near.data       inited   0x00006e     0x2  Task.o [1]
    .near.data       inited   0x000070     0x2  Task.o [1]
    .near.data       inited   0x000072     0x2  Task.o [1]
    .near.data       inited   0x000074     0x2  Task.o [1]
    .near.data       inited   0x000076     0x2  Task.o [1]
    .near.data       inited   0x000078     0x2  Task.o [1]
    .near.data       inited   0x00007a     0x2  Task.o [1]
    .near.data       inited   0x00007c     0x2  Task.o [1]
    .near.data       inited   0x00007e     0x2  Task.o [1]
    .near.data       inited   0x000080     0x2  Task.o [1]
    .near.data       inited   0x000082     0x2  Task.o [1]
    .near.data       inited   0x000084     0x2  Task.o [1]
    .near.data       inited   0x000086     0x2  Task.o [1]
                            - 0x000088    0x78

"P2", part 2 of 2:                      0x1574
  .near.bss          zero     0x000088   0xef5  ApiPocCmd.o [1]
  .near.bss          zero     0x000f7d   0x28a  DrvGD83.o [1]
  .near.bss          zero     0x001207   0x200  ApiDisplay.o [1]
  .near.bss          zero     0x001407    0x77  ApiAtCmd.o [1]
  .near.bss          zero     0x00147e    0x64  ApiPocCmd.o [1]
  .near.bss          zero     0x0014e2    0x44  uart3.o [1]
  .near.bss          zero     0x001526    0x40  ApiDisplay.o [1]
  .near.bss          zero     0x001566    0x32  DrvGD83.o [1]
  .near.bss          zero     0x001598    0x14  System.o [1]
  .near.bss          zero     0x0015ac    0x12  Beep.o [1]
  .near.bss          zero     0x0015be    0x12  Tone.o [1]
  .near.bss          zero     0x0015d0     0xb  Delay.o [1]
  .near.bss          zero     0x0015db     0x6  Voice.o [1]
  .near.bss          zero     0x0015e1     0x4  ApiDisplay.o [1]
  .near.bss          zero     0x0015e5     0x4  uart3.o [1]
  .near.bss          zero     0x0015e9     0x2  ApiGpsCmd.o [1]
  .near.bss          zero     0x0015eb     0x2  DrvHTG12832.o [1]
  .near.bss          zero     0x0015ed     0x1  ApiAtCmd.o [1]
  .near.bss          zero     0x0015ee     0x1  ApiAtCmd.o [1]
  .near.bss          zero     0x0015ef     0x1  ApiAtCmd.o [1]
  .near.bss          zero     0x0015f0     0x1  ApiAtCmd.o [1]
  .near.bss          zero     0x0015f1     0x1  ApiAtCmd.o [1]
  .near.bss          zero     0x0015f2     0x1  ApiKeyboard.o [1]
  .near.bss          zero     0x0015f3     0x1  ApiKeyboard.o [1]
  .near.bss          zero     0x0015f4     0x1  ApiKeyboard.o [1]
  .near.bss          zero     0x0015f5     0x1  ApiKeyboard.o [1]
  .near.bss          zero     0x0015f6     0x1  ApiLED.o [1]
  .near.bss          zero     0x0015f7     0x1  ApiPocCmd.o [1]
  .near.bss          zero     0x0015f8     0x1  DrvGD83.o [1]
  .near.bss          zero     0x0015f9     0x1  Task.o [1]
  .near.bss          zero     0x0015fa     0x1  Task.o [1]
  .near.bss          zero     0x0015fb     0x1  Task.o [1]
                            - 0x0015fc  0x1574

"A2":                                    0x100
  CSTACK                      0x001700   0x100  <Block>
    CSTACK           uninit   0x001700   0x100  <Block tail>
                            - 0x001800   0x100

"A3":                                     0x80
  INTVEC                      0x008000    0x80  <Block>
    .intvec          const    0x008000    0x80  interrupt.o [4]
                            - 0x008080    0x80

"P3":                                   0x5f13
  .near_func.text    ro code  0x008080   0x813  DrvGD83.o [1]
  .near_func.text    ro code  0x008893   0x65d  ApiGpsCmd.o [1]
  .near_func.text    ro code  0x008ef0   0x324  ApiGpsCmd.o [1]
  .near_func.text    ro code  0x009214   0x2fe  ApiKeyboard.o [1]
  .near_func.text    ro code  0x009512   0x2fa  Beep.o [1]
  .near_func.text    ro code  0x00980c   0x2f4  ApiPocCmd.o [1]
  .near_func.text    ro code  0x009b00   0x2e1  ApiGpsCmd.o [1]
  .near_func.text    ro code  0x009de1   0x296  ApiGpsCmd.o [1]
  .near_func.text    ro code  0x00a077   0x21a  ApiAtCmd.o [1]
  .near_func.text    ro code  0x00a291   0x219  DrvHTG12832.o [1]
  .near_func.text    ro code  0x00a4aa   0x1e7  DrvKeyboard.o [1]
  .near_func.text    ro code  0x00a691   0x1bb  Task.o [1]
  .near_func.text    ro code  0x00a84c   0x1aa  uart3.o [1]
  .near_func.text    ro code  0x00a9f6   0x19a  DrvGT20L16S1Y.o [1]
  .near_func.text    ro code  0x00ab90   0x198  long.o [4]
  .near_func.text    ro code  0x00ad28   0x162  Task.o [1]
  .near_func.text    ro code  0x00ae8a   0x14f  ApiPocCmd.o [1]
  .near_func.text    ro code  0x00afd9   0x139  DrvKeyboard.o [1]
  .near_func.text    ro code  0x00b112   0x136  DrvKeyboard.o [1]
  .near_func.text    ro code  0x00b248   0x134  stm8s_uart1.o [1]
  .near_func.text    ro code  0x00b37c   0x12c  vreg_util.o [4]
  .near_func.text    ro code  0x00b4a8   0x111  ApiAtCmd.o [1]
  .near_func.text    ro code  0x00b5b9   0x105  stm8s_uart3.o [1]
  .near_func.text    ro code  0x00b6be   0x104  uart3.o [1]
  .near_func.text    ro code  0x00b7c2   0x101  stm8s_itc.o [1]
  .near_func.text    ro code  0x00b8c3    0xe5  ApiKeyboard.o [1]
  .near_func.text    ro code  0x00b9a8    0xe1  DrvGD83.o [1]
  .near_func.text    ro code  0x00ba89    0xdf  ApiDisplay.o [1]
  .near_func.text    ro code  0x00bb68    0xdb  CommonLib.o [1]
  .near_func.text    ro code  0x00bc43    0xd7  uart3.o [1]
  .near_func.text    ro code  0x00bd1a    0xd4  ApiPocCmd.o [1]
  .near_func.text    ro code  0x00bdee    0xd1  System.o [1]
  .near_func.text    ro code  0x00bebf    0xb8  uart3.o [1]
  .near_func.text    ro code  0x00bf77    0xb4  stm8s_uart3.o [1]
  .near_func.text    ro code  0x00c02b    0xb2  ApiDisplay.o [1]
  .near_func.text    ro code  0x00c0dd    0xaf  ApiAtCmd.o [1]
  .near_func.text    ro code  0x00c18c    0xaf  stm8s_gpio.o [1]
  .near_func.text    ro code  0x00c23b    0xa2  Delay.o [1]
  .near_func.text    ro code  0x00c2dd    0xa2  stm8s_clk.o [1]
  .near_func.text    ro code  0x00c37f    0x99  stm8s_tim1.o [1]
  .near_func.text    ro code  0x00c418    0x99  Voice.o [1]
  .near_func.text    ro code  0x00c4b1    0x90  stm8s_uart1.o [1]
  .near_func.text    ro code  0x00c541    0x8e  uart3.o [1]
  .near_func.text    ro code  0x00c5cf    0x8c  stm8s_uart3.o [1]
  .near_func.text    ro code  0x00c65b    0x8a  DrvKeyboard.o [1]
  .near_func.text    ro code  0x00c6e5    0x7d  Delay.o [1]
  .near_func.text    ro code  0x00c762    0x7a  DrvGD83.o [1]
  Initializer bytes  const    0x00c7dc    0x78  <for P2-1>
  .near_func.text    ro code  0x00c854    0x73  Delay.o [1]
  .near_func.text    ro code  0x00c8c7    0x6d  uart3.o [1]
  .near_func.text    ro code  0x00c934    0x6c  DrvKeyboard.o [1]
  .near_func.text    ro code  0x00c9a0    0x6c  stm8s_uart1.o [1]
  .near_func.text    ro code  0x00ca0c    0x68  ApiAtCmd.o [1]
  .near_func.text    ro code  0x00ca74    0x67  Tone.o [1]
  .near_func.text    ro code  0x00cadb    0x61  stm8s_tim1.o [1]
  .near_func.text    ro code  0x00cb3c    0x5f  DrvGT20L16S1Y.o [1]
  .near_func.text    ro code  0x00cb9b    0x5e  CommonLib.o [1]
  .near_func.text    ro code  0x00cbf9    0x5b  ApiLED.o [1]
  .near_func.text    ro code  0x00cc54    0x5a  DrvGT20L16S1Y.o [1]
  .near_func.text    ro code  0x00ccae    0x57  stm8s_clk.o [1]
  .near_func.text    ro code  0x00cd05    0x54  Delay.o [1]
  .near.rodata       const    0x00cd59    0x53  Task.o [1]
  .near_func.text    ro code  0x00cdac    0x50  uart3.o [1]
  .near_func.text    ro code  0x00cdfc    0x50  uart3.o [1]
  .near_func.text    ro code  0x00ce4c    0x50  short.o [4]
  .near_func.text    ro code  0x00ce9c    0x4e  CommonLib.o [1]
  .near_func.text    ro code  0x00ceea    0x4e  Tone.o [1]
  .near_func.text    ro code  0x00cf38    0x4c  DrvGT20L16S1Y.o [1]
  .near_func.text    ro code  0x00cf84    0x4b  uart3.o [1]
  .near_func.text    ro code  0x00cfcf    0x4a  ApiDisplay.o [1]
  .near_func.text    ro code  0x00d019    0x49  DrvGD83.o [1]
  .near_func.text    ro code  0x00d062    0x49  DrvGD83.o [1]
  .near_func.text    ro code  0x00d0ab    0x49  DrvGD83.o [1]
  .near_func.text    ro code  0x00d0f4    0x49  stm8s_uart3.o [1]
  .near_func.text    ro code  0x00d13d    0x47  long_util.o [4]
  .near_func.text    ro code  0x00d184    0x43  Flash_eeprom.o [1]
  .near_func.text    ro code  0x00d1c7    0x43  Flash_eeprom.o [1]
  .near_func.text    ro code  0x00d20a    0x43  stm8s_tim1.o [1]
  .near_func.text    ro code  0x00d24d    0x40  Task.o [1]
  .near_func.text    ro code  0x00d28d    0x3e  uart3.o [1]
  .near_func.text    ro code  0x00d2cb    0x3d  DrvGD83.o [1]
  .near_func.text    ro code  0x00d308    0x36  DrvGT20L16S1Y.o [1]
  .near_func.text    ro code  0x00d33e    0x36  stm8s_flash.o [1]
  .near_func.text    ro code  0x00d374    0x36  memcmp.o [4]
  .near_func.text    ro code  0x00d3aa    0x35  Flash_eeprom.o [1]
  .near_func.text    ro code  0x00d3df    0x35  uart3.o [1]
  .near_func.text    ro code  0x00d414    0x34  ApiDisplay.o [1]
  .near_func.text    ro code  0x00d448    0x33  ApiDisplay.o [1]
  .near_func.text    ro code  0x00d47b    0x33  DrvGT20L16S1Y.o [1]
  .near_func.text    ro code  0x00d4ae    0x32  Beep.o [1]
  .near_func.text    ro code  0x00d4e0    0x32  stm8s_uart1.o [1]
  .near.rodata       const    0x00d512    0x31  Task.o [1]
  .near_func.text    ro code  0x00d543    0x30  McuConfig.o [1]
  .near_func.text    ro code  0x00d573    0x30  sysclock.o [1]
  .near_func.text    ro code  0x00d5a3    0x2d  stm8s_uart1.o [1]
  .near_func.text    ro code  0x00d5d0    0x2c  DrvGD83.o [1]
  .near.rodata       const    0x00d5fc    0x2a  Task.o [1]
  .near_func.text    ro code  0x00d626    0x2a  McuConfig.o [1]
  .near_func.text    ro code  0x00d650    0x28  Delay.o [1]
  .near_func.text    ro code  0x00d678    0x28  init_small.o [4]
  .near_func.text    ro code  0x00d6a0    0x27  stm8s_flash.o [1]
  .near_func.text    ro code  0x00d6c7    0x27  sysclock.o [1]
  .near_func.text    ro code  0x00d6ee    0x25  stm8s_uart3.o [1]
  .near_func.text    ro code  0x00d713    0x25  memcpy.o [4]
  .near_func.text    ro code  0x00d738    0x25  dc_util.o [4]
  .near_func.text    ro code  0x00d75d    0x24  McuConfig.o [1]
  .near_func.text    ro code  0x00d781    0x24  McuConfig.o [1]
  .near_func.text    ro code  0x00d7a5    0x24  stm8s_flash.o [1]
  .near_func.text    ro code  0x00d7c9    0x24  stm8s_tim1.o [1]
  .near_func.text    ro code  0x00d7ed    0x23  Tone.o [1]
  .near_func.text    ro code  0x00d810    0x22  ApiPocCmd.o [1]
  .iar.init_table    const    0x00d832    0x12  - Linker created -
  .near_func.text    ro code  0x00d844    0x20  ApiPocCmd.o [1]
  .near_func.text    ro code  0x00d864    0x20  stm8s_it.o [1]
  .near_func.text    ro code  0x00d884    0x1f  Delay.o [1]
  .near_func.text    ro code  0x00d8a3    0x1f  move.o [4]
  .near_func.text    ro code  0x00d8c2    0x1e  init_small.o [4]
  .near.rodata       const    0x00d8e0    0x1d  Task.o [1]
  .near_func.text    ro code  0x00d8fd    0x1c  Delay.o [1]
  .near_func.text    ro code  0x00d919    0x1b  stm8s_it.o [1]
  .near_func.text    ro code  0x00d934    0x1b  sysclock.o [1]
  .near_func.text    ro code  0x00d94f    0x1a  Beep.o [1]
  .near.rodata       const    0x00d969    0x18  Task.o [1]
  .near_func.text    ro code  0x00d981    0x18  McuConfig.o [1]
  .near_func.text    ro code  0x00d999    0x18  McuConfig.o [1]
  .near_func.text    ro code  0x00d9b1    0x17  McuConfig.o [1]
  .near_func.text    ro code  0x00d9c8    0x17  McuConfig.o [1]
  .near_func.text    ro code  0x00d9df    0x17  McuConfig.o [1]
  .near_func.text    ro code  0x00d9f6    0x17  McuConfig.o [1]
  .near_func.text    ro code  0x00da0d    0x17  McuConfig.o [1]
  .near_func.text    ro code  0x00da24    0x17  init.o [4]
  .near_func.text    ro code  0x00da3b    0x16  stm8s_flash.o [1]
  .near_func.text    ro code  0x00da51    0x16  stm8s_it.o [1]
  .near_func.text    ro code  0x00da67    0x15  ApiDisplay.o [1]
  .near_func.text    ro code  0x00da7c    0x15  uart3.o [1]
  .near_func.text    ro code  0x00da91    0x14  DrvGT20L16S1Y.o [1]
  .near_func.text    ro code  0x00daa5    0x14  stm8s_flash.o [1]
  .near_func.text    ro code  0x00dab9    0x14  __dbg_xxexit.o [3]
  .near.rodata       const    0x00dacd    0x13  ApiAtCmd.o [1]
  .near_func.text    ro code  0x00dae0    0x13  stm8s_clk.o [1]
  .near_func.text    ro code  0x00daf3    0x13  stm8s_tim3.o [1]
  .near_func.text    ro code  0x00db06    0x13  cstartup.o [4]
  .near.rodata       const    0x00db19    0x12  ApiAtCmd.o [1]
  .near_func.text    ro code  0x00db2b    0x12  ApiPocCmd.o [1]
  .near_func.text    ro code  0x00db3d    0x12  ApiPocCmd.o [1]
  .near_func.text    ro code  0x00db4f    0x12  uart3.o [1]
  .near_func.text    ro code  0x00db61    0x12  strlen.o [4]
  .near.rodata       const    0x00db73    0x11  ApiKeyboard.o [1]
  .near.rodata       const    0x00db84    0x11  ApiKeyboard.o [1]
  .near.rodata       const    0x00db95    0x11  ApiKeyboard.o [1]
  .near.rodata       const    0x00dba6    0x11  ApiKeyboard.o [1]
  .near.rodata       const    0x00dbb7    0x11  ApiKeyboard.o [1]
  .near.rodata       const    0x00dbc8    0x11  ApiKeyboard.o [1]
  .near.rodata       const    0x00dbd9    0x11  CommonLib.o [1]
  .near.rodata       const    0x00dbea    0x11  System.o [1]
  .near.rodata       const    0x00dbfb    0x11  Task.o [1]
  .near.rodata       const    0x00dc0c    0x11  Task.o [1]
  .near.rodata       const    0x00dc1d    0x11  Task.o [1]
  .near.rodata       const    0x00dc2e    0x11  Task.o [1]
  .near_func.text    ro code  0x00dc3f    0x11  ApiPocCmd.o [1]
  .near_func.text    ro code  0x00dc50    0x11  ApiPocCmd.o [1]
  .near.rodata       const    0x00dc61    0x10  ApiAtCmd.o [1]
  .near.rodata       const    0x00dc71    0x10  ApiAtCmd.o [1]
  .near.rodata       const    0x00dc81    0x10  ApiDisplay.o [1]
  .near.rodata       const    0x00dc91    0x10  ApiDisplay.o [1]
  .near.rodata       const    0x00dca1    0x10  uart3.o [1]
  .near.rodata       const    0x00dcb1     0xf  ApiAtCmd.o [1]
  .near.rodata       const    0x00dcc0     0xf  ApiKeyboard.o [1]
  .near.rodata       const    0x00dccf     0xf  Task.o [1]
  .near.rodata       const    0x00dcde     0xf  Task.o [1]
  .near_func.text    ro code  0x00dced     0xf  Voice.o [1]
  .near.rodata       const    0x00dcfc     0xe  ApiAtCmd.o [1]
  .near.rodata       const    0x00dd0a     0xe  ApiAtCmd.o [1]
  .near.rodata       const    0x00dd18     0xe  ApiAtCmd.o [1]
  .near.rodata       const    0x00dd26     0xe  Task.o [1]
  .near_func.text    ro code  0x00dd34     0xe  ApiPocCmd.o [1]
  .near_func.text    ro code  0x00dd42     0xe  uart3.o [1]
  .near.rodata       const    0x00dd50     0xd  ApiPocCmd.o [1]
  .near.rodata       const    0x00dd5d     0xd  ApiPocCmd.o [1]
  .near.rodata       const    0x00dd6a     0xd  Task.o [1]
  .near_func.text    ro code  0x00dd77     0xd  stm8s_tim1.o [1]
  .near_func.text    ro code  0x00dd84     0xd  stm8s_tim1.o [1]
  .near_func.text    ro code  0x00dd91     0xd  stm8s_tim1.o [1]
  .near_func.text    ro code  0x00dd9e     0xd  stm8s_tim3.o [1]
  .near_func.text    ro code  0x00ddab     0xd  stm8s_tim3.o [1]
  .near_func.text    ro code  0x00ddb8     0xd  stm8s_uart1.o [1]
  .near_func.text    ro code  0x00ddc5     0xd  stm8s_uart3.o [1]
  .near.rodata       const    0x00ddd2     0xc  ApiAtCmd.o [1]
  .near_func.text    ro code  0x00ddde     0xc  McuConfig.o [1]
  .near_func.text    ro code  0x00ddea     0xc  McuConfig.o [1]
  .near_func.text    ro code  0x00ddf6     0xc  McuConfig.o [1]
  .near_func.text    ro code  0x00de02     0xc  McuConfig.o [1]
  .near_func.text    ro code  0x00de0e     0xc  stm8s_tim3.o [1]
  .near.rodata       const    0x00de1a     0xb  ApiAtCmd.o [1]
  .near.rodata       const    0x00de25     0xb  Task.o [1]
  .near_func.text    ro code  0x00de30     0xb  char.o [4]
  .near.rodata       const    0x00de3b     0xa  ApiAtCmd.o [1]
  .near.rodata       const    0x00de45     0xa  Task.o [1]
  .near_func.text    ro code  0x00de4f     0xa  ApiAtCmd.o [1]
  .near_func.text    ro code  0x00de59     0xa  ApiPocCmd.o [1]
  .near_func.text    ro code  0x00de63     0xa  ApiPocCmd.o [1]
  .near.rodata       const    0x00de6d     0x9  ApiAtCmd.o [1]
  .near.rodata       const    0x00de76     0x9  ApiAtCmd.o [1]
  .near.rodata       const    0x00de7f     0x9  ApiAtCmd.o [1]
  .near.rodata       const    0x00de88     0x9  DrvGD83.o [1]
  .near.rodata       const    0x00de91     0x9  System.o [1]
  .near.rodata       const    0x00de9a     0x9  Task.o [1]
  .near_func.text    ro code  0x00dea3     0x9  stm8s_gpio.o [1]
  .near_func.text    ro code  0x00deac     0x9  stm8s_tim3.o [1]
  .near.rodata       const    0x00deb5     0x8  ApiAtCmd.o [1]
  .near.rodata       const    0x00debd     0x8  ApiDisplay.o [1]
  .near.rodata       const    0x00dec5     0x8  ApiPocCmd.o [1]
  .near.rodata       const    0x00decd     0x8  Task.o [1]
  .near.rodata       const    0x00ded5     0x7  ApiAtCmd.o [1]
  .near.rodata       const    0x00dedc     0x7  ApiAtCmd.o [1]
  .near.rodata       const    0x00dee3     0x7  ApiAtCmd.o [1]
  .near.rodata       const    0x00deea     0x7  ApiPocCmd.o [1]
  .near.rodata       const    0x00def1     0x7  DrvGD83.o [1]
  .near.rodata       const    0x00def8     0x7  Task.o [1]
  .near.rodata       const    0x00deff     0x7  Task.o [1]
  .near_func.text    ro code  0x00df06     0x7  stm8s_flash.o [1]
  .near_func.text    ro code  0x00df0d     0x7  stm8s_gpio.o [1]
  .near.rodata       const    0x00df14     0x6  DrvGD83.o [1]
  .near_func.text    ro code  0x00df1a     0x5  stm8s_flash.o [1]
  .near_func.text    ro code  0x00df1f     0x5  stm8s_flash.o [1]
  .near_func.text    ro code  0x00df24     0x5  stm8s_tim3.o [1]
  .near_func.text    ro code  0x00df29     0x5  cexit.o [4]
  .near.rodata       const    0x00df2e     0x4  stm8s_clk.o [1]
  .near.rodata       const    0x00df32     0x4  uart3.o [1]
  .near_func.text    ro code  0x00df36     0x4  ApiPocCmd.o [1]
  .near_func.text    ro code  0x00df3a     0x4  ApiPocCmd.o [1]
  .near_func.text    ro code  0x00df3e     0x4  ApiPocCmd.o [1]
  .near_func.text    ro code  0x00df42     0x4  ApiPocCmd.o [1]
  .near_func.text    ro code  0x00df46     0x4  ApiPocCmd.o [1]
  .near_func.text    ro code  0x00df4a     0x4  stm8s_gpio.o [1]
  .near_func.text    ro code  0x00df4e     0x4  stm8s_uart1.o [1]
  .near_func.text    ro code  0x00df52     0x4  stm8s_uart1.o [1]
  .near_func.text    ro code  0x00df56     0x4  stm8s_uart3.o [1]
  .near_func.text    ro code  0x00df5a     0x4  stm8s_uart3.o [1]
  .near_func.text    ro code  0x00df5e     0x4  System.o [1]
  .near.rodata       const    0x00df62     0x3  DrvGD83.o [1]
  .near.rodata       const    0x00df65     0x3  uart3.o [1]
  .near.rodata       const    0x00df68     0x3  uart3.o [1]
  .near_func.text    ro code  0x00df6b     0x3  main.o [1]
  .near_func.text    ro code  0x00df6e     0x3  Task.o [1]
  .near_func.text    ro code  0x00df71     0x3  interrupt.o [4]
  .near_func.text    ro code  0x00df74     0x3  low_level_init.o [4]
  .near_func.text    ro code  0x00df77     0x3  exit.o [4]
  .near_func.text    ro code  0x00df7a     0x3  unhandled_exception.o [4]
  .near_func.text    ro code  0x00df7d     0x1  stm8s_it.o [1]
  .near_func.text    ro code  0x00df7e     0x1  stm8s_it.o [1]
  .near_func.text    ro code  0x00df7f     0x1  stm8s_it.o [1]
  .near_func.text    ro code  0x00df80     0x1  stm8s_it.o [1]
  .near_func.text    ro code  0x00df81     0x1  stm8s_it.o [1]
  .near_func.text    ro code  0x00df82     0x1  stm8s_it.o [1]
  .near_func.text    ro code  0x00df83     0x1  stm8s_it.o [1]
  .near_func.text    ro code  0x00df84     0x1  stm8s_it.o [1]
  .near_func.text    ro code  0x00df85     0x1  stm8s_it.o [1]
  .near_func.text    ro code  0x00df86     0x1  stm8s_it.o [1]
  .near_func.text    ro code  0x00df87     0x1  stm8s_it.o [1]
  .near_func.text    ro code  0x00df88     0x1  stm8s_it.o [1]
  .near_func.text    ro code  0x00df89     0x1  stm8s_it.o [1]
  .near_func.text    ro code  0x00df8a     0x1  stm8s_it.o [1]
  .near_func.text    ro code  0x00df8b     0x1  stm8s_it.o [1]
  .near_func.text    ro code  0x00df8c     0x1  stm8s_it.o [1]
  .near_func.text    ro code  0x00df8d     0x1  stm8s_it.o [1]
  .near_func.text    ro code  0x00df8e     0x1  stm8s_it.o [1]
  .near_func.text    ro code  0x00df8f     0x1  stm8s_it.o [1]
  .near_func.text    ro code  0x00df90     0x1  stm8s_it.o [1]
  .near_func.text    ro code  0x00df91     0x1  stm8s_it.o [1]
  .near_func.text    ro code  0x00df92     0x1  __dbg_break.o [3]
                            - 0x00df93  0x5f13


*******************************************************************************
*** INIT TABLE
***

          Address   Size
          -------   ----
Zero (__iar_zero_init2)
    1 destination range, total size 0x1574:
          0x000088  0x1574

Copy (__iar_copy_init2)
    1 source range, total size 0x78:
          0x00c7dc    0x78
    1 destination range, total size 0x78:
          0x000010    0x78



*******************************************************************************
*** MODULE SUMMARY
***

    Module                 ro code  ro data  rw data
    ------                 -------  -------  -------
E:\1-source\A508\PRJ\Debug\Obj: [1]
    ApiAtCmd.o               1 100      252      161
    ApiDisplay.o               599       40      580
    ApiGpsCmd.o              3 832                 2
    ApiKeyboard.o              995      120        7
    ApiLED.o                    91                 1
    ApiPocCmd.o              1 493       45    3 934
    Beep.o                     838                18
    CommonLib.o                391       17
    Delay.o                    585                11
    DrvGD83.o                2 738       33      709
    DrvGT20L16S1Y.o            796       40       40
    DrvHTG12832.o              537                 2
    DrvKeyboard.o            1 356
    Flash_eeprom.o             187
    McuConfig.o                373
    System.o                   213       28       22
    Task.o                     864      430       29
    Tone.o                     216                18
    Voice.o                    168                 6
    main.o                       3
    stm8s_clk.o                268        4
    stm8s_flash.o              188
    stm8s_gpio.o               195
    stm8s_it.o                 102
    stm8s_itc.o                257
    stm8s_tim1.o               392
    stm8s_tim3.o                71
    stm8s_uart1.o              676
    stm8s_uart3.o              712
    sysclock.o                 114
    uart3.o                  1 739       26       72
    ------------------------------------------------
    Total:                  22 089    1 035    5 612

command line: [2]
    ------------------------------------------------
    Total:

dbgstm8smd.a: [3]
    __dbg_break.o                1
    __dbg_xxexit.o              20
    ------------------------------------------------
    Total:                      21

dlstm8smn.a: [4]
    cexit.o                      5
    char.o                      11
    cstartup.o                  19
    dc_util.o                   37
    exit.o                       3
    init.o                      23
    init_small.o                70
    interrupt.o                  3      128
    long.o                     408
    long_util.o                 71
    low_level_init.o             3
    memcmp.o                    54
    memcpy.o                    37
    move.o                      31
    short.o                     80
    strlen.o                    18
    unhandled_exception.o        3
    vreg_util.o                300
    vregs.o                                       16
    ------------------------------------------------
    Total:                   1 176      128       16

    Linker created                       18      256
----------------------------------------------------
    Grand Total:            23 286    1 181    5 884


*******************************************************************************
*** ENTRY LIST
***

Entry                    Address   Size  Type      Object
-----                    -------   ----  ----      ------
.iar.init_table$$Base   0x00d832          --   Gb  - Linker created -
.iar.init_table$$Limit  0x00d844          --   Gb  - Linker created -
?add32_l0_l0_0x         0x00ab93         Code  Gb  long.o [4]
?add32_l0_l0_l1         0x00ab90         Code  Gb  long.o [4]
?and32_l0_l0_0x         0x00acc8         Code  Gb  long.o [4]
?and32_l0_l0_l1         0x00acc5         Code  Gb  long.o [4]
?b0                     0x000000         Data  Gb  vregs.o [4]
?b1                     0x000001         Data  Gb  vregs.o [4]
?b10                    0x00000a         Data  Gb  vregs.o [4]
?b11                    0x00000b         Data  Gb  vregs.o [4]
?b12                    0x00000c         Data  Gb  vregs.o [4]
?b13                    0x00000d         Data  Gb  vregs.o [4]
?b14                    0x00000e         Data  Gb  vregs.o [4]
?b15                    0x00000f         Data  Gb  vregs.o [4]
?b2                     0x000002         Data  Gb  vregs.o [4]
?b3                     0x000003         Data  Gb  vregs.o [4]
?b4                     0x000004         Data  Gb  vregs.o [4]
?b5                     0x000005         Data  Gb  vregs.o [4]
?b6                     0x000006         Data  Gb  vregs.o [4]
?b7                     0x000007         Data  Gb  vregs.o [4]
?b8                     0x000008         Data  Gb  vregs.o [4]
?b9                     0x000009         Data  Gb  vregs.o [4]
?dc32_l0                0x00d738         Code  Gb  dc_util.o [4]
?dc32_l1                0x00d745         Code  Gb  dc_util.o [4]
?dc32_px                0x00d752         Code  Gb  dc_util.o [4]
?e0                     0x000001         Data  Gb  vregs.o [4]
?e1                     0x000005         Data  Gb  vregs.o [4]
?e2                     0x000009         Data  Gb  vregs.o [4]
?e3                     0x00000d         Data  Gb  vregs.o [4]
?epilogue_l2            0x00b423         Code  Gb  vreg_util.o [4]
?epilogue_l2_l3         0x00b420         Code  Gb  vreg_util.o [4]
?epilogue_l2_w6         0x00b427         Code  Gb  vreg_util.o [4]
?epilogue_w4            0x00b42e         Code  Gb  vreg_util.o [4]
?l0                     0x000000         Data  Gb  vregs.o [4]
?l1                     0x000004         Data  Gb  vregs.o [4]
?l2                     0x000008         Data  Gb  vregs.o [4]
?l3                     0x00000c         Data  Gb  vregs.o [4]
?load32_0x_l0           0x00d176         Code  Gb  long_util.o [4]
?load32_asp_l0          0x00d16a         Code  Gb  long_util.o [4]
?load32_dbsp_l0         0x00d165         Code  Gb  long_util.o [4]
?load32_l0_0x           0x00d14d         Code  Gb  long_util.o [4]
?load32_l0_asp          0x00d142         Code  Gb  long_util.o [4]
?load32_l0_dbsp         0x00d13d         Code  Gb  long_util.o [4]
?load32_l0_xsp          0x00d144         Code  Gb  long_util.o [4]
?load32_l1_0x           0x00d159         Code  Gb  long_util.o [4]
?load32_xsp_l0          0x00d16c         Code  Gb  long_util.o [4]
?longfarg16_v_w0_a      0x00d8b0         Code  Gb  move.o [4]
?longfarg16_v_w0_x      0x00d8b2         Code  Gb  move.o [4]
?mov_e0_e1              0x00b443         Code  Gb  vreg_util.o [4]
?mov_e0_e2              0x00b450         Code  Gb  vreg_util.o [4]
?mov_e0_e3              0x00b45d         Code  Gb  vreg_util.o [4]
?mov_e1_e0              0x00b46a         Code  Gb  vreg_util.o [4]
?mov_e1_e2              0x00b477         Code  Gb  vreg_util.o [4]
?mov_e1_e3              0x00b484         Code  Gb  vreg_util.o [4]
?mov_e2_e0              0x00b491         Code  Gb  vreg_util.o [4]
?mov_e3_e0              0x00b49e         Code  Gb  vreg_util.o [4]
?mov_l0_l1              0x00b440         Code  Gb  vreg_util.o [4]
?mov_l0_l2              0x00b44d         Code  Gb  vreg_util.o [4]
?mov_l0_l3              0x00b45a         Code  Gb  vreg_util.o [4]
?mov_l1_l0              0x00b467         Code  Gb  vreg_util.o [4]
?mov_l1_l2              0x00b474         Code  Gb  vreg_util.o [4]
?mov_l1_l3              0x00b481         Code  Gb  vreg_util.o [4]
?mov_l2_l0              0x00b48e         Code  Gb  vreg_util.o [4]
?mov_l3_l0              0x00b49b         Code  Gb  vreg_util.o [4]
?mov_w1_w3              0x00b446         Code  Gb  vreg_util.o [4]
?mov_w1_w5              0x00b453         Code  Gb  vreg_util.o [4]
?mov_w1_w7              0x00b460         Code  Gb  vreg_util.o [4]
?mov_w2_w1              0x00b432         Code  Gb  vreg_util.o [4]
?mov_w3_w1              0x00b46d         Code  Gb  vreg_util.o [4]
?mov_w3_w5              0x00b47a         Code  Gb  vreg_util.o [4]
?mov_w3_w7              0x00b487         Code  Gb  vreg_util.o [4]
?mov_w5_w1              0x00b494         Code  Gb  vreg_util.o [4]
?mov_w6_w0              0x00b439         Code  Gb  vreg_util.o [4]
?mov_w7_w1              0x00b4a1         Code  Gb  vreg_util.o [4]
?move1616_v_x_y_a       0x00d8a3         Code  Gb  move.o [4]
?mul16_x_x_w0           0x00ce4c         Code  Gb  short.o [4]
?mul32_l0_l0_0x         0x00abc9         Code  Gb  long.o [4]
?mul32_l0_l0_dl         0x00abc6         Code  Gb  long.o [4]
?mul32_l0_l0_l1         0x00abd2         Code  Gb  long.o [4]
?or32_l0_l0_0x          0x00ace3         Code  Gb  long.o [4]
?or32_l0_l0_l1          0x00ace0         Code  Gb  long.o [4]
?pop_l0                 0x00b3ec         Code  Gb  vreg_util.o [4]
?pop_l1                 0x00b3f7         Code  Gb  vreg_util.o [4]
?pop_l2                 0x00b402         Code  Gb  vreg_util.o [4]
?pop_l3                 0x00b40d         Code  Gb  vreg_util.o [4]
?pop_w4                 0x00b39e         Code  Gb  vreg_util.o [4]
?pop_w6                 0x00b3a5         Code  Gb  vreg_util.o [4]
?pop_w7                 0x00b3ac         Code  Gb  vreg_util.o [4]
?push_l0                0x00b3bb         Code  Gb  vreg_util.o [4]
?push_l1                0x00b3c0         Code  Gb  vreg_util.o [4]
?push_l2                0x00b3c5         Code  Gb  vreg_util.o [4]
?push_l3                0x00b3ca         Code  Gb  vreg_util.o [4]
?push_w4                0x00b37c         Code  Gb  vreg_util.o [4]
?push_w6                0x00b381         Code  Gb  vreg_util.o [4]
?push_w7                0x00b386         Code  Gb  vreg_util.o [4]
?sext16_x_a             0x00ce95         Code  Gb  short.o [4]
?sext32_l0_x            0x00ad1d         Code  Gb  long.o [4]
?sll16_x_x_4            0x00ce84         Code  Gb  short.o [4]
?sll16_x_x_5            0x00ce83         Code  Gb  short.o [4]
?sll16_x_x_6            0x00ce82         Code  Gb  short.o [4]
?sll16_x_x_a            0x00ce7a         Code  Gb  short.o [4]
?sll32_0x_0x_a          0x00acfe         Code  Gb  long.o [4]
?sll32_l0_l0_a          0x00acfb         Code  Gb  long.o [4]
?smod16_y_x_y           0x00ce6a         Code  Gb  short.o [4]
?sra8_a_a_4             0x00de36         Code  Gb  char.o [4]
?srl16_x_x_10           0x00ce8a         Code  Gb  short.o [4]
?srl16_x_x_11           0x00ce89         Code  Gb  short.o [4]
?srl16_x_x_4            0x00ce90         Code  Gb  short.o [4]
?srl16_x_x_5            0x00ce8f         Code  Gb  short.o [4]
?srl16_x_x_6            0x00ce8e         Code  Gb  short.o [4]
?srl16_x_x_7            0x00ce8d         Code  Gb  short.o [4]
?srl16_x_x_8            0x00ce8c         Code  Gb  short.o [4]
?srl16_x_x_9            0x00ce8b         Code  Gb  short.o [4]
?srl32_0x_0x_a          0x00ad0f         Code  Gb  long.o [4]
?srl32_l0_l0_a          0x00ad0c         Code  Gb  long.o [4]
?srl8_a_a_5             0x00de31         Code  Gb  char.o [4]
?srl8_a_a_6             0x00de30         Code  Gb  char.o [4]
?sub32_l0_l0_0x         0x00abae         Code  Gb  long.o [4]
?sub32_l0_l0_l1         0x00abab         Code  Gb  long.o [4]
?udiv32_l0_dl_l1        0x00ac50         Code  Gb  long.o [4]
?udiv32_l0_l0_dl        0x00ac55         Code  Gb  long.o [4]
?udiv32_l0_l0_l1        0x00ac58         Code  Gb  long.o [4]
?umod32_l1_l0_l1        0x00ac58         Code  Gb  long.o [4]
?w0                     0x000000         Data  Gb  vregs.o [4]
?w1                     0x000002         Data  Gb  vregs.o [4]
?w2                     0x000004         Data  Gb  vregs.o [4]
?w3                     0x000006         Data  Gb  vregs.o [4]
?w4                     0x000008         Data  Gb  vregs.o [4]
?w5                     0x00000a         Data  Gb  vregs.o [4]
?w6                     0x00000c         Data  Gb  vregs.o [4]
?w7                     0x00000e         Data  Gb  vregs.o [4]
ADC2_IRQHandler         0x00df8f    0x1  Code  Gb  stm8s_it.o [1]
AF_Mute_Init            0x00ddea    0xc  Code  Gb  McuConfig.o [1]
AUDIO_IOAFMUT           0x00d9f6   0x17  Code  Gb  McuConfig.o [1]
AUDIO_IOAFPOW           0x00da0d   0x17  Code  Gb  McuConfig.o [1]
AWU_IRQHandler          0x00df7f    0x1  Code  Gb  stm8s_it.o [1]
ApiAtCmd_100msRenew     0x00a216   0x7b  Code  Gb  ApiAtCmd.o [1]
ApiAtCmd_10msRenew      0x00c0dd   0xaf  Code  Gb  ApiAtCmd.o [1]
ApiAtCmd_GetGroupName   0x00dc3f   0x11  Code  Gb  ApiPocCmd.o [1]
ApiAtCmd_GetGroupNameLen
                        0x00db2b   0x12  Code  Gb  ApiPocCmd.o [1]
ApiAtCmd_GetGroupNum    0x00df3e    0x4  Code  Gb  ApiPocCmd.o [1]
ApiAtCmd_GetLoginState  0x00de59    0xa  Code  Gb  ApiPocCmd.o [1]
ApiAtCmd_GetMainGroupId
                        0x00df46    0x4  Code  Gb  ApiPocCmd.o [1]
ApiAtCmd_GetMainWorkName
                        0x00df36    0x4  Code  Gb  ApiPocCmd.o [1]
ApiAtCmd_GetMainWorkNameLen
                        0x00df3a    0x4  Code  Gb  ApiPocCmd.o [1]
ApiAtCmd_GetUserName    0x00dc50   0x11  Code  Gb  ApiPocCmd.o [1]
ApiAtCmd_GetUserNameLen
                        0x00db3d   0x12  Code  Gb  ApiPocCmd.o [1]
ApiAtCmd_GetUserNum     0x00df42    0x4  Code  Gb  ApiPocCmd.o [1]
ApiAtCmd_PlayVoice      0x00ca0c   0x68  Code  Gb  ApiAtCmd.o [1]
ApiAtCmd_WritCommand    0x00a077  0x152  Code  Gb  ApiAtCmd.o [1]
ApiAtCmd_tcp_state      0x00de4f    0xa  Code  Gb  ApiAtCmd.o [1]
ApiCaretCmd_10msRenew   0x00b4a8  0x111  Code  Gb  ApiAtCmd.o [1]
ApiGpsCmd_100msRenew    0x008c70  0x280  Code  Gb  ApiGpsCmd.o [1]
ApiGpsCmd_PowerOnInitial
                        0x008ef0  0x324  Code  Gb  ApiGpsCmd.o [1]
ApiPocCmd_10msRenew     0x00980c  0x2f4  Code  Gb  ApiPocCmd.o [1]
ApiPocCmd_WritCommand   0x00ae8a  0x14f  Code  Gb  ApiPocCmd.o [1]
ApiPocCmd_user_info_set
                        0x00bd1a   0xd4  Code  Gb  ApiPocCmd.o [1]
AtCmdDrvobj             0x001407   0x77  Data  Lc  ApiAtCmd.o [1]
AtCmd_NetParamCode      0x00a1c9   0x4d  Code  Lc  ApiAtCmd.o [1]
AtNotify_Queue          0x008118   0x4c  Code  Lc  DrvGD83.o [1]
AtNotify_Queue_Start    0x008164   0x55  Code  Lc  DrvGD83.o [1]
BEEP_Interrupt10ms      0x00d94f   0x1a  Code  Gb  Beep.o [1]
BEEP_PowerOnInitial     0x009743   0xc9  Code  Gb  Beep.o [1]
BEEP_SetOutput          0x009512  0x231  Code  Gb  Beep.o [1]
BEEP_Time               0x00d4ae   0x32  Code  Gb  Beep.o [1]
BaseAdd                 0x00004c   0x20  Data  Gb  DrvGT20L16S1Y.o [1]
BeepDrvObj              0x0015ac   0x12  Data  Lc  Beep.o [1]
BitTab                  0x00debd    0x8  Data  Gb  ApiDisplay.o [1]
BootProcess_PPPCFG_Flag
                        0x0015ee    0x1  Data  Gb  ApiAtCmd.o [1]
BootProcess_PPPCFG_Flag_Zanshi
                        0x000010    0x1  Data  Gb  ApiAtCmd.o [1]
BootProcess_SIMST_Flag  0x0015ed    0x1  Data  Gb  ApiAtCmd.o [1]
CHAR_HIGH               0x00dc81   0x10  Data  Gb  ApiDisplay.o [1]
CHAR_WIDTH              0x00dc91   0x10  Data  Gb  ApiDisplay.o [1]
CLK_ClockSwitchConfig   0x00c2dd   0xa2  Code  Gb  stm8s_clk.o [1]
CLK_GetClockFreq        0x00ccae   0x57  Code  Gb  stm8s_clk.o [1]
CLK_HSIPrescalerConfig  0x00dae0   0x13  Code  Gb  stm8s_clk.o [1]
CLK_IRQHandler          0x00df80    0x1  Code  Gb  stm8s_it.o [1]
COML_AscToHex           0x00bb68   0xdb  Code  Gb  CommonLib.o [1]
COML_StringReverse      0x00cb9b   0x5e  Code  Gb  CommonLib.o [1]
CSQ_Flag                0x0015f0    0x1  Data  Gb  ApiAtCmd.o [1]
CSTACK$$Base            0x001700          --   Gb  - Linker created -
CSTACK$$Limit           0x001800          --   Gb  - Linker created -
C_TEST_OUT_SET          0x00de02    0xc  Code  Gb  McuConfig.o [1]
CaretNotify_Queue       0x008080   0x4c  Code  Lc  DrvGD83.o [1]
CaretNotify_Queue_Start
                        0x00820e   0x55  Code  Lc  DrvGD83.o [1]
DEL_100msProcess        0x00c703   0x4d  Code  Lc  Delay.o [1]
DEL_1msProcess          0x00c750    0x9  Code  Lc  Delay.o [1]
DEL_500msProcess        0x00c6e5   0x1e  Code  Lc  Delay.o [1]
DEL_GetTimer            0x00cd05   0x54  Code  Gb  Delay.o [1]
DEL_Interrupt           0x00c23b   0xa2  Code  Gb  Delay.o [1]
DEL_PowerOnInitial      0x00d884   0x1f  Code  Gb  Delay.o [1]
DEL_Renew               0x00c759    0x9  Code  Gb  Delay.o [1]
DEL_SetTimer            0x00c854   0x73  Code  Gb  Delay.o [1]
DEL_Soft1ms             0x00d8fd   0x1c  Code  Gb  Delay.o [1]
DEL_TimerRenew          0x00d650   0x28  Code  Lc  Delay.o [1]
DISP_DataBuf            0x00ba89   0xdf  Code  Lc  ApiDisplay.o [1]
DISP_MulTypePro         0x00c02b   0xb2  Code  Lc  ApiDisplay.o [1]
Dec2Hex                 0x00ce9c   0x4e  Code  Gb  CommonLib.o [1]
DefaultSystemClockForHSI
                        0x00d934   0x1b  Code  Gb  sysclock.o [1]
DelDrvObj               0x0015d0    0xb  Data  Lc  Delay.o [1]
Delay_100ms             0x00d24d   0x40  Code  Gb  Task.o [1]
DisDataBit              0x001526   0x40  Data  Gb  ApiDisplay.o [1]
DisDataBuf              0x001207  0x200  Data  Gb  ApiDisplay.o [1]
DisDrvObj               0x0015e1    0x4  Data  Lc  ApiDisplay.o [1]
DrvGD83DrvObj           0x000f7d  0x28a  Data  Lc  DrvGD83.o [1]
DrvGD83_Init            0x00d981   0x18  Code  Gb  McuConfig.o [1]
DrvGD83_UART_TxCommand  0x00c762   0x7a  Code  Gb  DrvGD83.o [1]
DrvMC8332_AtNotify_Queue_front
                        0x00d062   0x49  Code  Gb  DrvGD83.o [1]
DrvMC8332_CaretNotify_Queue_front
                        0x00d019   0x49  Code  Gb  DrvGD83.o [1]
DrvMC8332_PocNotify_Queue_front
                        0x00d0ab   0x49  Code  Gb  DrvGD83.o [1]
DrvMC8332_Software_Initial
                        0x00d2cb   0x3d  Code  Gb  DrvGD83.o [1]
DrvMC8332_TxPort_SetValidable
                        0x00d5d0   0x2c  Code  Gb  DrvGD83.o [1]
DrvMC8332_UART_Interrupt
                        0x0084cd  0x3c6  Code  Gb  DrvGD83.o [1]
DrvMc8332_UART_TxTail   0x00b9a8   0xe1  Code  Gb  DrvGD83.o [1]
EEPROM_EEC_IRQHandler   0x00df91    0x1  Code  Gb  stm8s_it.o [1]
EXTI_PORTA_IRQHandler   0x00df81    0x1  Code  Gb  stm8s_it.o [1]
EXTI_PORTB_IRQHandler   0x00df82    0x1  Code  Gb  stm8s_it.o [1]
EXTI_PORTC_IRQHandler   0x00df83    0x1  Code  Gb  stm8s_it.o [1]
EXTI_PORTD_IRQHandler   0x00df84    0x1  Code  Gb  stm8s_it.o [1]
EXTI_PORTE_IRQHandler   0x00df85    0x1  Code  Gb  stm8s_it.o [1]
FILE_Read               0x00d1c7   0x43  Code  Gb  Flash_eeprom.o [1]
FILE_Write              0x00d184   0x43  Code  Gb  Flash_eeprom.o [1]
FLASH_EraseOptionByte   0x00d6a0   0x27  Code  Gb  stm8s_flash.o [1]
FLASH_GetFlagStatus     0x00daa5   0x14  Code  Gb  stm8s_flash.o [1]
FLASH_Lock              0x00df06    0x7  Code  Gb  stm8s_flash.o [1]
FLASH_ProgramByte       0x00df1a    0x5  Code  Gb  stm8s_flash.o [1]
FLASH_ProgramOptionByte
                        0x00d7a5   0x24  Code  Gb  stm8s_flash.o [1]
FLASH_ReadByte          0x00df1f    0x5  Code  Gb  stm8s_flash.o [1]
FLASH_Unlock            0x00da3b   0x16  Code  Gb  stm8s_flash.o [1]
FLASH_WaitForLastOperation
                        0x00d33e   0x36  Code  Gb  stm8s_flash.o [1]
GD83_ON                 0x00d999   0x18  Code  Gb  McuConfig.o [1]
GPIO_Init               0x00c18c   0xaf  Code  Gb  stm8s_gpio.o [1]
GPIO_ReadInputPin       0x00dea3    0x9  Code  Gb  stm8s_gpio.o [1]
GPIO_WriteHigh          0x00df0d    0x7  Code  Gb  stm8s_gpio.o [1]
GPIO_WriteLow           0x00df4a    0x4  Code  Gb  stm8s_gpio.o [1]
GT20_DelTime            0x00da91   0x14  Code  Lc  DrvGT20L16S1Y.o [1]
GT20_GetData            0x00cb3c   0x5f  Code  Lc  DrvGT20L16S1Y.o [1]
GT20_GetDisData         0x00d308   0x36  Code  Lc  DrvGT20L16S1Y.o [1]
GT20_SendByte           0x00cc54   0x5a  Code  Lc  DrvGT20L16S1Y.o [1]
GT20_SendCommand        0x00cf38   0x4c  Code  Lc  DrvGT20L16S1Y.o [1]
GetPersonalCallingMode  0x00dd34    0xe  Code  Gb  ApiPocCmd.o [1]
GetPlayState            0x00de63    0xa  Code  Gb  ApiPocCmd.o [1]
GetTaskId               0x00df5e    0x4  Code  Gb  System.o [1]
GpsCmd_GbDataTransave   0x009b00  0x2e1  Code  Lc  ApiGpsCmd.o [1]
GpsCmd_GbWritCommand    0x008893  0x3dd  Code  Lc  ApiGpsCmd.o [1]
GpsFunDrvObj            0x0015e9    0x2  Data  Lc  ApiGpsCmd.o [1]
GpsNotify_Queue         0x008451   0x7c  Code  Lc  DrvGD83.o [1]
GpsNotify_Queue_Start   0x008263   0x99  Code  Lc  DrvGD83.o [1]
GroupCallingNum         0x000037    0x1  Data  Gb  ApiKeyboard.o [1]
HSE_ClockStartUpConfiguration
                        0x00d573   0x30  Code  Lc  sysclock.o [1]
HSIDivFactor            0x00df2e    0x4  Data  Gb  stm8s_clk.o [1]
HexToChar_GroupCallingNum
                        0x00d844   0x20  Code  Gb  ApiPocCmd.o [1]
HexToChar_PersonalCallingNum
                        0x00d810   0x22  Code  Gb  ApiPocCmd.o [1]
HtgDrvObj               0x0015eb    0x2  Data  Lc  DrvHTG12832.o [1]
I2C_IRQHandler          0x00df8d    0x1  Code  Gb  stm8s_it.o [1]
INTVEC$$Base            0x008000          --   Gb  - Linker created -
INTVEC$$Limit           0x008080          --   Gb  - Linker created -
ITC_SetSoftwarePriority
                        0x00b7c2  0x101  Code  Gb  stm8s_itc.o [1]
KEY_TABLE               0x00df65    0x3  Data  Lc  uart3.o [1]
KeyDownUpChoose_GroupOrUser_Flag
                        0x0015f1    0x1  Data  Gb  ApiAtCmd.o [1]
KeyPersonalCallingCount
                        0x0015f4    0x1  Data  Gb  ApiKeyboard.o [1]
KeyUpDownCount          0x0015f3    0x1  Data  Gb  ApiKeyboard.o [1]
Key_Flag_0              0x0015f9    0x1  Data  Gb  Task.o [1]
Key_Flag_1              0x0015f5    0x1  Data  Gb  ApiKeyboard.o [1]
Key_Init                0x00d543   0x30  Code  Gb  McuConfig.o [1]
Key_PersonalCalling_Flag
                        0x0015fa    0x1  Data  Gb  Task.o [1]
Keyboard_Test           0x009214  0x2fe  Code  Gb  ApiKeyboard.o [1]
LED_Conut               0x0015f6    0x1  Data  Gb  ApiLED.o [1]
LED_Init                0x00d75d   0x24  Code  Gb  McuConfig.o [1]
LED_IntOutputRenew      0x00cbf9   0x5b  Code  Gb  ApiLED.o [1]
MIC_GPIO_Init           0x00ddde    0xc  Code  Gb  McuConfig.o [1]
MIC_IOMUT               0x00d9df   0x17  Code  Gb  McuConfig.o [1]
Noise_Mute_Init         0x00ddf6    0xc  Code  Gb  McuConfig.o [1]
Notify_Queue_Stop       0x0082fc  0x155  Code  Lc  DrvGD83.o [1]
PAS_NULLTBL             0x00dca1   0x10  Data  Lc  uart3.o [1]
POC_GetGroupInformationFlag
                        0x0015f7    0x1  Data  Gb  ApiPocCmd.o [1]
POC_TABLE               0x00df68    0x3  Data  Lc  uart3.o [1]
PasObj                  0x0015e5    0x4  Data  Lc  uart3.o [1]
PersonalCallingNum      0x0015f2    0x1  Data  Gb  ApiKeyboard.o [1]
PocCmdDrvobj            0x000088  0xef5  Data  Lc  ApiPocCmd.o [1]
PocNotify_Queue         0x0080cc   0x4c  Code  Lc  DrvGD83.o [1]
PocNotify_Queue_Start   0x0081b9   0x55  Code  Lc  DrvGD83.o [1]
ReadBuffer              0x00147e   0x64  Data  Gb  ApiPocCmd.o [1]
Region$$Table$$Base     0x00d832          --   Gb  - Linker created -
Region$$Table$$Limit    0x00d844          --   Gb  - Linker created -
SPI_IRQHandler          0x00df86    0x1  Code  Gb  stm8s_it.o [1]
Set_GreenLed            0x00d9b1   0x17  Code  Gb  McuConfig.o [1]
Set_RedLed              0x00d9c8   0x17  Code  Gb  McuConfig.o [1]
SystemClock_Init        0x00d6c7   0x27  Code  Gb  sysclock.o [1]
TASK_WriteFreq          0x00df6e    0x3  Code  Gb  Task.o [1]
TIM1_CAP_COM_IRQHandler
                        0x00df88    0x1  Code  Gb  stm8s_it.o [1]
TIM1_CCxCmd             0x00d20a   0x43  Code  Gb  stm8s_tim1.o [1]
TIM1_Cmd                0x00dd77    0xd  Code  Gb  stm8s_tim1.o [1]
TIM1_CtrlPWMOutputs     0x00dd84    0xd  Code  Gb  stm8s_tim1.o [1]
TIM1_DeInit             0x00c37f   0x99  Code  Gb  stm8s_tim1.o [1]
TIM1_OC1Init            0x00cadb   0x61  Code  Gb  stm8s_tim1.o [1]
TIM1_OC1PreloadConfig   0x00dd91    0xd  Code  Gb  stm8s_tim1.o [1]
TIM1_PWM_Init           0x00ceea   0x4e  Code  Gb  Tone.o [1]
TIM1_TimeBaseInit       0x00d7c9   0x24  Code  Gb  stm8s_tim1.o [1]
TIM1_UPD_OVF_TRG_BRK_IRQHandler
                        0x00df87    0x1  Code  Gb  stm8s_it.o [1]
TIM2_CAP_COM_IRQHandler
                        0x00df8a    0x1  Code  Gb  stm8s_it.o [1]
TIM2_UPD_OVF_BRK_IRQHandler
                        0x00df89    0x1  Code  Gb  stm8s_it.o [1]
TIM3_ARRPreloadConfig   0x00ddab    0xd  Code  Gb  stm8s_tim3.o [1]
TIM3_CAP_COM_IRQHandler
                        0x00df8b    0x1  Code  Gb  stm8s_it.o [1]
TIM3_ClearITPendingBit  0x00df24    0x5  Code  Gb  stm8s_tim3.o [1]
TIM3_Cmd                0x00dd9e    0xd  Code  Gb  stm8s_tim3.o [1]
TIM3_ITConfig           0x00daf3   0x13  Code  Gb  stm8s_tim3.o [1]
TIM3_PrescalerConfig    0x00deac    0x9  Code  Gb  stm8s_tim3.o [1]
TIM3_TimeBaseInit       0x00de0e    0xc  Code  Gb  stm8s_tim3.o [1]
TIM3_UPD_OVF_BRK_IRQHandler
                        0x00d919   0x1b  Code  Gb  stm8s_it.o [1]
TIM4_UPD_OVF_IRQHandler
                        0x00df90    0x1  Code  Gb  stm8s_it.o [1]
TLI_IRQHandler          0x00df7e    0x1  Code  Gb  stm8s_it.o [1]
TONE_PowerOnInitial     0x00ca74   0x67  Code  Gb  Tone.o [1]
TONE_Start              0x00d7f5   0x1b  Code  Gb  Tone.o [1]
TONE_Stop               0x00d7ed    0x8  Code  Gb  Tone.o [1]
TRAP_IRQHandler         0x00df7d    0x1  Code  Gb  stm8s_it.o [1]
TaskDrvObj              0x001598   0x14  Data  Lc  System.o [1]
Task_RunNormalOperation
                        0x00a691  0x1bb  Code  Gb  Task.o [1]
Task_RunStart           0x00ad28  0x162  Code  Gb  Task.o [1]
Tim3_Timer_Init         0x00d781   0x24  Code  Gb  McuConfig.o [1]
TimeVal                 0x000044    0x8  Data  Gb  DrvGT20L16S1Y.o [1]
ToneDrvObj              0x0015be   0x12  Data  Lc  Tone.o [1]
UART1_Cmd               0x00ddb8    0xd  Code  Gb  stm8s_uart1.o [1]
UART1_DeInit            0x00d5a3   0x2d  Code  Gb  stm8s_uart1.o [1]
UART1_GetFlagStatus     0x00d4e0   0x32  Code  Gb  stm8s_uart1.o [1]
UART1_GetITStatus       0x00c4b1   0x90  Code  Gb  stm8s_uart1.o [1]
UART1_ITConfig          0x00c9a0   0x6c  Code  Gb  stm8s_uart1.o [1]
UART1_Init              0x00b248  0x134  Code  Gb  stm8s_uart1.o [1]
UART1_RX_IRQHandler     0x00d864   0x20  Code  Gb  stm8s_it.o [1]
UART1_ReceiveData8      0x00df4e    0x4  Code  Gb  stm8s_uart1.o [1]
UART1_SendData8         0x00df52    0x4  Code  Gb  stm8s_uart1.o [1]
UART1_TX_IRQHandler     0x00df8c    0x1  Code  Gb  stm8s_it.o [1]
UART3_Cmd               0x00ddc5    0xd  Code  Gb  stm8s_uart3.o [1]
UART3_DeInit            0x00d6ee   0x25  Code  Gb  stm8s_uart3.o [1]
UART3_GetFlagStatus     0x00d0f4   0x49  Code  Gb  stm8s_uart3.o [1]
UART3_GetITStatus       0x00bf77   0xb4  Code  Gb  stm8s_uart3.o [1]
UART3_ITConfig          0x00c5cf   0x8c  Code  Gb  stm8s_uart3.o [1]
UART3_Init              0x00b5b9  0x105  Code  Gb  stm8s_uart3.o [1]
UART3_Interrupt         0x00da7c   0x15  Code  Gb  uart3.o [1]
UART3_RX_IRQHandler     0x00da51   0x16  Code  Gb  stm8s_it.o [1]
UART3_ReceiveData8      0x00df56    0x4  Code  Gb  stm8s_uart3.o [1]
UART3_SendByte          0x00dd42    0xe  Code  Gb  uart3.o [1]
UART3_SendData8         0x00df5a    0x4  Code  Gb  stm8s_uart3.o [1]
UART3_TX_IRQHandler     0x00df8e    0x1  Code  Gb  stm8s_it.o [1]
UART3_ToMcuMain         0x00d28d   0x3e  Code  Gb  uart3.o [1]
UART_Delay              0x00db4f   0x12  Code  Lc  uart3.o [1]
UART_ErrorAck           0x00cfba   0x15  Code  Lc  uart3.o [1]
UART_GetCheckSum        0x00c541   0x2d  Code  Lc  uart3.o [1]
UART_KeyCommand         0x00b6be  0x104  Code  Lc  uart3.o [1]
UART_Link               0x00c56e   0x61  Code  Lc  uart3.o [1]
UART_PasCommand         0x00a84c  0x1aa  Code  Lc  uart3.o [1]
UART_PocCommand         0x00cdac   0x50  Code  Lc  uart3.o [1]
UART_RightAck           0x00c8c7   0x6d  Code  Lc  uart3.o [1]
UART_RxFrame            0x00cdfc   0x50  Code  Lc  uart3.o [1]
UART_TxSend             0x00cf84   0x36  Code  Lc  uart3.o [1]
UART_WriteCommand       0x00bebf   0xb8  Code  Lc  uart3.o [1]
Uart1_Init              0x00d626   0x2a  Code  Gb  McuConfig.o [1]
Uart3_Init              0x00d3df   0x35  Code  Gb  uart3.o [1]
UartDrvObj              0x0014e2   0x44  Data  Lc  uart3.o [1]
VOICE_1sProcess         0x00dced    0xf  Code  Gb  Voice.o [1]
VOICE_Renew             0x00c418   0x70  Code  Gb  Voice.o [1]
VOICE_SetOutput         0x00c488   0x29  Code  Gb  Voice.o [1]
VoiceDrvObj             0x0015db    0x6  Data  Lc  Voice.o [1]
VoiceEnd_Flag           0x0015ef    0x1  Data  Gb  ApiAtCmd.o [1]
WRITE_TABLE             0x00df32    0x4  Data  Lc  uart3.o [1]
WriteEEPROMByte         0x00d3aa   0x35  Code  Gb  Flash_eeprom.o [1]
__DebugBreak            0x00df92    0x1  Code  Gb  __dbg_break.o [3]
__exit                  0x00dab9   0x14  Code  Gb  __dbg_xxexit.o [3]
__iar_copy_init2        0x00d678         Code  Gb  init_small.o [4]
__iar_data_init2        0x00da24   0x17  Code  Gb  init.o [4]
__iar_program_start     0x00db06         Code  Gb  cstartup.o [4]
__iar_unhandled_exception
                        0x00df7a         Code  Gb  unhandled_exception.o [4]
__iar_zero_init2        0x00d8c2         Code  Gb  init_small.o [4]
__intvec                0x008000         Data  Gb  interrupt.o [4]
__low_level_init        0x00df74    0x3  Code  Gb  low_level_init.o [4]
_exit                   0x00df29         Code  Gb  cexit.o [4]
_interrupt_1            0x00df7d         Code  Gb  stm8s_it.o [1]
_interrupt_12           0x00df86         Code  Gb  stm8s_it.o [1]
_interrupt_13           0x00df87         Code  Gb  stm8s_it.o [1]
_interrupt_14           0x00df88         Code  Gb  stm8s_it.o [1]
_interrupt_15           0x00df89         Code  Gb  stm8s_it.o [1]
_interrupt_16           0x00df8a         Code  Gb  stm8s_it.o [1]
_interrupt_17           0x00d919         Code  Gb  stm8s_it.o [1]
_interrupt_18           0x00df8b         Code  Gb  stm8s_it.o [1]
_interrupt_19           0x00df8c         Code  Gb  stm8s_it.o [1]
_interrupt_2            0x00df7e         Code  Gb  stm8s_it.o [1]
_interrupt_20           0x00d864         Code  Gb  stm8s_it.o [1]
_interrupt_21           0x00df8d         Code  Gb  stm8s_it.o [1]
_interrupt_22           0x00df8e         Code  Gb  stm8s_it.o [1]
_interrupt_23           0x00da51         Code  Gb  stm8s_it.o [1]
_interrupt_24           0x00df8f         Code  Gb  stm8s_it.o [1]
_interrupt_25           0x00df90         Code  Gb  stm8s_it.o [1]
_interrupt_26           0x00df91         Code  Gb  stm8s_it.o [1]
_interrupt_3            0x00df7f         Code  Gb  stm8s_it.o [1]
_interrupt_4            0x00df80         Code  Gb  stm8s_it.o [1]
_interrupt_5            0x00df81         Code  Gb  stm8s_it.o [1]
_interrupt_6            0x00df82         Code  Gb  stm8s_it.o [1]
_interrupt_7            0x00df83         Code  Gb  stm8s_it.o [1]
_interrupt_8            0x00df84         Code  Gb  stm8s_it.o [1]
_interrupt_9            0x00df85         Code  Gb  stm8s_it.o [1]
api_disp_all_screen_refresh
                        0x00cfcf   0x4a  Code  Gb  ApiDisplay.o [1]
api_disp_char_output    0x00da67   0x15  Code  Gb  ApiDisplay.o [1]
api_lcd_pwr_on_hint     0x00d448   0x33  Code  Gb  ApiDisplay.o [1]
api_lcd_pwr_on_hint2    0x00d414   0x34  Code  Gb  ApiDisplay.o [1]
api_poc_command_set     0x00bc43   0xd7  Code  Gb  uart3.o [1]
drv_gt20_data_output    0x00a9f6  0x19a  Code  Gb  DrvGT20L16S1Y.o [1]
drv_gt20_pwr_on_init    0x00d4ab    0x3  Code  Gb  DrvGT20L16S1Y.o [1]
drv_htg_clr_allscr      0x00a3af   0x31  Code  Gb  DrvHTG12832.o [1]
drv_htg_pwr_on_init     0x00a4a1    0x9  Code  Gb  DrvHTG12832.o [1]
drv_htg_reset           0x00a291    0x5  Code  Gb  DrvHTG12832.o [1]
drv_htg_set_address     0x00a305   0x3b  Code  Gb  DrvHTG12832.o [1]
drv_htg_write_command   0x00a296   0x6f  Code  Gb  DrvHTG12832.o [1]
drv_htg_write_data      0x00a340   0x6f  Code  Gb  DrvHTG12832.o [1]
drv_keypad_scan         0x00a4aa  0x1e7  Code  Gb  DrvKeyboard.o [1]
exit                    0x00df77    0x3  Code  Gb  exit.o [4]
get_key_value           0x00b8c3   0xe5  Code  Gb  ApiKeyboard.o [1]
htg_delay_ms            0x00a3e0   0x1e  Code  Lc  DrvHTG12832.o [1]
htg_initial             0x00a3fe   0x5b  Code  Lc  DrvHTG12832.o [1]
key_scan_board          0x00afd9  0x139  Code  Gb  DrvKeyboard.o [1]
main                    0x00df6b    0x3  Code  Gb  main.o [1]
main_app                0x00bdee   0xd1  Code  Gb  System.o [1]
mcu_gt20_initial        0x00d47b   0x30  Code  Lc  DrvGT20L16S1Y.o [1]
mcu_key_pad_out         0x00c65b   0x8a  Code  Gb  DrvKeyboard.o [1]
mcu_key_pad_read        0x00c934   0x6c  Code  Gb  DrvKeyboard.o [1]
mcu_key_pad_set         0x00b112  0x136  Code  Gb  DrvKeyboard.o [1]
mcu_lcd_initial         0x00a459   0x48  Code  Lc  DrvHTG12832.o [1]
memcmp                  0x00d374   0x36  Code  Gb  memcmp.o [4]
memcpy                  0x00d713   0x25  Code  Gb  memcpy.o [4]
pack_data               0x009de1  0x296  Code  Lc  ApiGpsCmd.o [1]
strlen                  0x00db61   0x12  Code  Gb  strlen.o [4]
ucAtPocHead             0x000038    0x2  Data  Gb  ApiPocCmd.o [1]
ucCLVL                  0x000076    0x2  Data  Gb  Task.o [1]
ucCODECCTL              0x00007a    0x2  Data  Gb  Task.o [1]
ucCSQ                   0x000080    0x2  Data  Gb  Task.o [1]
ucCaretPPPCFG           0x00001d    0x2  Data  Gb  ApiAtCmd.o [1]
ucCheckCard             0x000033    0x2  Data  Gb  ApiAtCmd.o [1]
ucCheckPPP              0x00002b    0x2  Data  Gb  ApiAtCmd.o [1]
ucCheckRssi             0x000031    0x2  Data  Gb  ApiAtCmd.o [1]
ucCheckTcp              0x000021    0x2  Data  Gb  ApiAtCmd.o [1]
ucEndPTT                0x000072    0x2  Data  Gb  Task.o [1]
ucGD83Reset             0x00006c    0x2  Data  Gb  System.o [1]
ucOSSYSHWID             0x00007c    0x2  Data  Gb  Task.o [1]
ucPPPCFG                0x000082    0x2  Data  Gb  Task.o [1]
ucPlayZtts              0x00001f    0x2  Data  Gb  ApiAtCmd.o [1]
ucPocOpenConfig         0x000086    0x2  Data  Gb  Task.o [1]
ucPrefmode              0x00007e    0x2  Data  Gb  Task.o [1]
ucQuitPersonalCalling   0x000035    0x2  Data  Gb  ApiKeyboard.o [1]
ucRequestUserListInfo   0x000074    0x2  Data  Gb  Task.o [1]
ucRxCSQ31               0x000015    0x2  Data  Gb  ApiAtCmd.o [1]
ucRxCSQ99               0x000017    0x2  Data  Gb  ApiAtCmd.o [1]
ucRxCheckCard           0x000011    0x2  Data  Gb  ApiAtCmd.o [1]
ucRxCheckPppClose       0x00002f    0x2  Data  Gb  ApiAtCmd.o [1]
ucRxCheckPppOpen        0x00002d    0x2  Data  Gb  ApiAtCmd.o [1]
ucRxCheckTcp            0x000027    0x2  Data  Gb  ApiAtCmd.o [1]
ucRxOkHeadInfo          0x000040    0x2  Data  Gb  DrvGD83.o [1]
ucRxPocHeadInfo         0x00003e    0x2  Data  Gb  DrvGD83.o [1]
ucRxTcpDataHeadInfo     0x000042    0x2  Data  Gb  DrvGD83.o [1]
ucRxZTTS0               0x000013    0x2  Data  Gb  ApiAtCmd.o [1]
ucSIMST1                0x000019    0x2  Data  Gb  ApiAtCmd.o [1]
ucSIMST255              0x00001b    0x2  Data  Gb  ApiAtCmd.o [1]
ucSendTcp               0x000025    0x2  Data  Gb  ApiAtCmd.o [1]
ucSetIPAndID            0x00003a    0x2  Data  Gb  ApiPocCmd.o [1]
ucSetIp                 0x000023    0x2  Data  Gb  ApiAtCmd.o [1]
ucSetParamConfig        0x00006e    0x2  Data  Gb  Task.o [1]
ucStartPTT              0x000070    0x2  Data  Gb  Task.o [1]
ucTxPocHeadInfo         0x00003c    0x2  Data  Gb  DrvGD83.o [1]
ucVGR                   0x000078    0x2  Data  Gb  Task.o [1]
ucZTTS_Abell            0x000084    0x2  Data  Gb  Task.o [1]
ucZpppOpen              0x000029    0x2  Data  Gb  ApiAtCmd.o [1]
x                       0x0015fb    0x1  Data  Gb  Task.o [1]


[1] = E:\1-source\A508\PRJ\Debug\Obj
[2] = command line
[3] = dbgstm8smd.a
[4] = dlstm8smn.a

  23 286 bytes of readonly  code memory
   1 181 bytes of readonly  data memory
   5 884 bytes of readwrite data memory

Errors: none
Warnings: none
