###############################################################################
#
# IAR ELF Linker V2.20.1.176 for STM8                     21/Dec/2017  21:11:03
# Copyright 2010-2015 IAR Systems AB.
#
#    Output file  =  E:\1-source\A508\PRJ\Debug\Exe\A508_DEMO1.out
#    Map file     =  E:\1-source\A508\PRJ\Debug\List\A508_DEMO1.map
#    Command line =  
#        E:\1-source\A508\PRJ\Debug\Obj\ApiAtCmd.o
#        E:\1-source\A508\PRJ\Debug\Obj\ApiDisplay.o
#        E:\1-source\A508\PRJ\Debug\Obj\ApiGpsCmd.o
#        E:\1-source\A508\PRJ\Debug\Obj\ApiKeyboard.o
#        E:\1-source\A508\PRJ\Debug\Obj\ApiLED.o
#        E:\1-source\A508\PRJ\Debug\Obj\ApiPocCmd.o
#        E:\1-source\A508\PRJ\Debug\Obj\Beep.o
#        E:\1-source\A508\PRJ\Debug\Obj\CommonLib.o
#        E:\1-source\A508\PRJ\Debug\Obj\Delay.o
#        E:\1-source\A508\PRJ\Debug\Obj\DrvGD83.o
#        E:\1-source\A508\PRJ\Debug\Obj\DrvGT20L16S1Y.o
#        E:\1-source\A508\PRJ\Debug\Obj\DrvHTG12832.o
#        E:\1-source\A508\PRJ\Debug\Obj\DrvKeyboard.o
#        E:\1-source\A508\PRJ\Debug\Obj\Flash_eeprom.o
#        E:\1-source\A508\PRJ\Debug\Obj\main.o
#        E:\1-source\A508\PRJ\Debug\Obj\McuConfig.o
#        E:\1-source\A508\PRJ\Debug\Obj\stm8s_adc2.o
#        E:\1-source\A508\PRJ\Debug\Obj\stm8s_awu.o
#        E:\1-source\A508\PRJ\Debug\Obj\stm8s_beep.o
#        E:\1-source\A508\PRJ\Debug\Obj\stm8s_clk.o
#        E:\1-source\A508\PRJ\Debug\Obj\stm8s_exti.o
#        E:\1-source\A508\PRJ\Debug\Obj\stm8s_flash.o
#        E:\1-source\A508\PRJ\Debug\Obj\stm8s_gpio.o
#        E:\1-source\A508\PRJ\Debug\Obj\stm8s_i2c.o
#        E:\1-source\A508\PRJ\Debug\Obj\stm8s_it.o
#        E:\1-source\A508\PRJ\Debug\Obj\stm8s_itc.o
#        E:\1-source\A508\PRJ\Debug\Obj\stm8s_iwdg.o
#        E:\1-source\A508\PRJ\Debug\Obj\stm8s_rst.o
#        E:\1-source\A508\PRJ\Debug\Obj\stm8s_spi.o
#        E:\1-source\A508\PRJ\Debug\Obj\stm8s_tim1.o
#        E:\1-source\A508\PRJ\Debug\Obj\stm8s_tim2.o
#        E:\1-source\A508\PRJ\Debug\Obj\stm8s_tim3.o
#        E:\1-source\A508\PRJ\Debug\Obj\stm8s_tim4.o
#        E:\1-source\A508\PRJ\Debug\Obj\stm8s_uart1.o
#        E:\1-source\A508\PRJ\Debug\Obj\stm8s_uart3.o
#        E:\1-source\A508\PRJ\Debug\Obj\stm8s_wwdg.o
#        E:\1-source\A508\PRJ\Debug\Obj\sysclock.o
#        E:\1-source\A508\PRJ\Debug\Obj\System.o
#        E:\1-source\A508\PRJ\Debug\Obj\Task.o
#        E:\1-source\A508\PRJ\Debug\Obj\Tone.o
#        E:\1-source\A508\PRJ\Debug\Obj\uart3.o
#        E:\1-source\A508\PRJ\Debug\Obj\Voice.o --redirect _Printf=_PrintfSmall
#        --redirect _Scanf=_ScanfSmall -o
#        E:\1-source\A508\PRJ\Debug\Exe\A508_DEMO1.out --map
#        E:\1-source\A508\PRJ\Debug\List\A508_DEMO1.map --config "C:\Program
#        Files\IAR Systems\Embedded Workbench
#        7.3\stm8\config\lnkstm8s007c8.icf" --config_def _CSTACK_SIZE=0x100
#        --config_def _HEAP_SIZE=0x100 --entry __iar_program_start --debug_lib
#
###############################################################################

*******************************************************************************
*** RUNTIME MODEL ATTRIBUTES
***

__SystemLibrary            = DLib
__code_model               = small
__core                     = stm8
__data_model               = medium
__dlib_file_descriptor     = 0
__dlib_full_locale_support = 0
__rt_version               = 4


*******************************************************************************
*** PLACEMENT SUMMARY
***

"A1":  place at start of [0x000000-0x0000ff] { rw section .vregs };
"A2":  place at end of [0x000000-0x0017ff] { block CSTACK };
"P2":  place in [from 0x000000 to 0x0017ff] {
          block HEAP, rw section __DLIB_PERTHREAD, rw section .far.bss,
          rw section .far.data, rw section .far.noinit,
          rw section .far_func.textrw, rw section .huge.bss,
          rw section .huge.data, rw section .huge.noinit,
          rw section .huge_func.textrw, rw section .iar.dynexit,
          rw section .near.bss, rw section .near.data, rw section .near.noinit,
          rw section .near_func.textrw };
"A3":  place at start of [0x008000-0x00ffff] { block INTVEC };
"P3":  place in [from 0x008000 to 0x00ffff] {
          ro section __DLIB_PERTHREAD_init, ro section .far.data_init,
          ro section .far_func.textrw_init, ro section .huge.data_init,
          ro section .huge_func.textrw_init, ro section .iar.init_table,
          ro section .init_array, ro section .near.data_init,
          ro section .near.rodata, ro section .near_func.text,
          ro section .near_func.textrw_init, ro section .tiny.data_init,
          ro section .tiny.rodata_init };

  Section            Kind      Address    Size  Object
  -------            ----      -------    ----  ------
"A1":                                     0x10
  .vregs             uninit   0x000000    0x10  vregs.o [4]
                            - 0x000010    0x10

"P2", part 1 of 2:                        0x76
  P2-1                        0x000010    0x76  <Init block>
    .near.data       inited   0x000010     0x1  ApiAtCmd.o [1]
    .near.data       inited   0x000011     0x2  ApiAtCmd.o [1]
    .near.data       inited   0x000013     0x2  ApiAtCmd.o [1]
    .near.data       inited   0x000015     0x2  ApiAtCmd.o [1]
    .near.data       inited   0x000017     0x2  ApiAtCmd.o [1]
    .near.data       inited   0x000019     0x2  ApiAtCmd.o [1]
    .near.data       inited   0x00001b     0x2  ApiAtCmd.o [1]
    .near.data       inited   0x00001d     0x2  ApiAtCmd.o [1]
    .near.data       inited   0x00001f     0x2  ApiAtCmd.o [1]
    .near.data       inited   0x000021     0x2  ApiAtCmd.o [1]
    .near.data       inited   0x000023     0x2  ApiAtCmd.o [1]
    .near.data       inited   0x000025     0x2  ApiAtCmd.o [1]
    .near.data       inited   0x000027     0x2  ApiAtCmd.o [1]
    .near.data       inited   0x000029     0x2  ApiAtCmd.o [1]
    .near.data       inited   0x00002b     0x2  ApiAtCmd.o [1]
    .near.data       inited   0x00002d     0x2  ApiAtCmd.o [1]
    .near.data       inited   0x00002f     0x2  ApiAtCmd.o [1]
    .near.data       inited   0x000031     0x2  ApiAtCmd.o [1]
    .near.data       inited   0x000033     0x2  ApiAtCmd.o [1]
    .near.data       inited   0x000035     0x2  ApiKeyboard.o [1]
    .near.data       inited   0x000037     0x1  ApiKeyboard.o [1]
    .near.data       inited   0x000038     0x2  ApiPocCmd.o [1]
    .near.data       inited   0x00003a     0x2  ApiPocCmd.o [1]
    .near.data       inited   0x00003c     0x2  DrvGD83.o [1]
    .near.data       inited   0x00003e     0x2  DrvGD83.o [1]
    .near.data       inited   0x000040     0x2  DrvGD83.o [1]
    .near.data       inited   0x000042     0x8  DrvGT20L16S1Y.o [1]
    .near.data       inited   0x00004a    0x20  DrvGT20L16S1Y.o [1]
    .near.data       inited   0x00006a     0x2  System.o [1]
    .near.data       inited   0x00006c     0x2  Task.o [1]
    .near.data       inited   0x00006e     0x2  Task.o [1]
    .near.data       inited   0x000070     0x2  Task.o [1]
    .near.data       inited   0x000072     0x2  Task.o [1]
    .near.data       inited   0x000074     0x2  Task.o [1]
    .near.data       inited   0x000076     0x2  Task.o [1]
    .near.data       inited   0x000078     0x2  Task.o [1]
    .near.data       inited   0x00007a     0x2  Task.o [1]
    .near.data       inited   0x00007c     0x2  Task.o [1]
    .near.data       inited   0x00007e     0x2  Task.o [1]
    .near.data       inited   0x000080     0x2  Task.o [1]
    .near.data       inited   0x000082     0x2  Task.o [1]
    .near.data       inited   0x000084     0x2  Task.o [1]
                            - 0x000086    0x76

"P2", part 2 of 2:                      0x1572
  .near.bss          zero     0x000086   0xef5  ApiPocCmd.o [1]
  .near.bss          zero     0x000f7b   0x28a  DrvGD83.o [1]
  .near.bss          zero     0x001205   0x200  ApiDisplay.o [1]
  .near.bss          zero     0x001405    0x77  ApiAtCmd.o [1]
  .near.bss          zero     0x00147c    0x64  ApiPocCmd.o [1]
  .near.bss          zero     0x0014e0    0x44  uart3.o [1]
  .near.bss          zero     0x001524    0x40  ApiDisplay.o [1]
  .near.bss          zero     0x001564    0x32  DrvGD83.o [1]
  .near.bss          zero     0x001596    0x14  System.o [1]
  .near.bss          zero     0x0015aa    0x12  Beep.o [1]
  .near.bss          zero     0x0015bc    0x12  Tone.o [1]
  .near.bss          zero     0x0015ce     0xb  Delay.o [1]
  .near.bss          zero     0x0015d9     0x6  Voice.o [1]
  .near.bss          zero     0x0015df     0x4  ApiDisplay.o [1]
  .near.bss          zero     0x0015e3     0x4  uart3.o [1]
  .near.bss          zero     0x0015e7     0x2  DrvHTG12832.o [1]
  .near.bss          zero     0x0015e9     0x1  ApiAtCmd.o [1]
  .near.bss          zero     0x0015ea     0x1  ApiAtCmd.o [1]
  .near.bss          zero     0x0015eb     0x1  ApiAtCmd.o [1]
  .near.bss          zero     0x0015ec     0x1  ApiAtCmd.o [1]
  .near.bss          zero     0x0015ed     0x1  ApiAtCmd.o [1]
  .near.bss          zero     0x0015ee     0x1  ApiKeyboard.o [1]
  .near.bss          zero     0x0015ef     0x1  ApiKeyboard.o [1]
  .near.bss          zero     0x0015f0     0x1  ApiKeyboard.o [1]
  .near.bss          zero     0x0015f1     0x1  ApiKeyboard.o [1]
  .near.bss          zero     0x0015f2     0x1  ApiLED.o [1]
  .near.bss          zero     0x0015f3     0x1  ApiPocCmd.o [1]
  .near.bss          zero     0x0015f4     0x1  DrvGD83.o [1]
  .near.bss          zero     0x0015f5     0x1  Task.o [1]
  .near.bss          zero     0x0015f6     0x1  Task.o [1]
  .near.bss          zero     0x0015f7     0x1  Task.o [1]
                            - 0x0015f8  0x1572

"A2":                                    0x100
  CSTACK                      0x001700   0x100  <Block>
    CSTACK           uninit   0x001700   0x100  <Block tail>
                            - 0x001800   0x100

"A3":                                     0x80
  INTVEC                      0x008000    0x80  <Block>
    .intvec          const    0x008000    0x80  interrupt.o [4]
                            - 0x008080    0x80

"P3":                                   0x553f
  .near_func.text    ro code  0x008080   0x635  DrvGD83.o [1]
  .near.rodata       const    0x0086b5   0x400  ApiDisplay.o [1]
  .near_func.text    ro code  0x008ab5   0x2fe  ApiKeyboard.o [1]
  .near_func.text    ro code  0x008db3   0x2fa  Beep.o [1]
  .near_func.text    ro code  0x0090ad   0x2f4  ApiPocCmd.o [1]
  .near_func.text    ro code  0x0093a1   0x21a  ApiAtCmd.o [1]
  .near_func.text    ro code  0x0095bb   0x219  DrvHTG12832.o [1]
  .near_func.text    ro code  0x0097d4   0x20c  Task.o [1]
  .near_func.text    ro code  0x0099e0   0x1e7  DrvKeyboard.o [1]
  .near_func.text    ro code  0x009bc7   0x1ad  Task.o [1]
  .near_func.text    ro code  0x009d74   0x1aa  uart3.o [1]
  .near_func.text    ro code  0x009f1e   0x19a  DrvGT20L16S1Y.o [1]
  .near_func.text    ro code  0x00a0b8   0x17a  long.o [4]
  .near_func.text    ro code  0x00a232   0x14f  ApiPocCmd.o [1]
  .near_func.text    ro code  0x00a381   0x139  DrvKeyboard.o [1]
  .near_func.text    ro code  0x00a4ba   0x136  DrvKeyboard.o [1]
  .near_func.text    ro code  0x00a5f0   0x134  stm8s_uart1.o [1]
  .near_func.text    ro code  0x00a724   0x12c  vreg_util.o [4]
  .near_func.text    ro code  0x00a850   0x111  ApiAtCmd.o [1]
  .near_func.text    ro code  0x00a961   0x105  stm8s_uart3.o [1]
  .near_func.text    ro code  0x00aa66   0x104  uart3.o [1]
  .near_func.text    ro code  0x00ab6a   0x101  stm8s_itc.o [1]
  .near_func.text    ro code  0x00ac6b    0xe5  ApiKeyboard.o [1]
  .near_func.text    ro code  0x00ad50    0xe1  DrvGD83.o [1]
  .near_func.text    ro code  0x00ae31    0xdf  ApiDisplay.o [1]
  .near_func.text    ro code  0x00af10    0xdb  CommonLib.o [1]
  .near_func.text    ro code  0x00afeb    0xd7  uart3.o [1]
  .near_func.text    ro code  0x00b0c2    0xd4  ApiPocCmd.o [1]
  .near_func.text    ro code  0x00b196    0xd1  System.o [1]
  .near_func.text    ro code  0x00b267    0xc0  ApiDisplay.o [1]
  .near_func.text    ro code  0x00b327    0xb8  uart3.o [1]
  .near_func.text    ro code  0x00b3df    0xb4  stm8s_uart3.o [1]
  .near_func.text    ro code  0x00b493    0xb2  ApiDisplay.o [1]
  .near_func.text    ro code  0x00b545    0xaf  ApiAtCmd.o [1]
  .near_func.text    ro code  0x00b5f4    0xaf  stm8s_gpio.o [1]
  .near_func.text    ro code  0x00b6a3    0xa2  Delay.o [1]
  .near_func.text    ro code  0x00b745    0xa2  stm8s_clk.o [1]
  .near_func.text    ro code  0x00b7e7    0x99  stm8s_tim1.o [1]
  .near_func.text    ro code  0x00b880    0x99  Voice.o [1]
  .near_func.text    ro code  0x00b919    0x90  stm8s_uart1.o [1]
  .near_func.text    ro code  0x00b9a9    0x8f  ApiDisplay.o [1]
  .near_func.text    ro code  0x00ba38    0x8e  uart3.o [1]
  .near_func.text    ro code  0x00bac6    0x8c  stm8s_uart3.o [1]
  .near_func.text    ro code  0x00bb52    0x8a  DrvKeyboard.o [1]
  .near_func.text    ro code  0x00bbdc    0x7a  Delay.o [1]
  .near_func.text    ro code  0x00bc56    0x7a  DrvGD83.o [1]
  Initializer bytes  const    0x00bcd0    0x76  <for P2-1>
  .near_func.text    ro code  0x00bd46    0x73  Delay.o [1]
  .near_func.text    ro code  0x00bdb9    0x6d  uart3.o [1]
  .near_func.text    ro code  0x00be26    0x6c  DrvKeyboard.o [1]
  .near_func.text    ro code  0x00be92    0x6c  stm8s_uart1.o [1]
  .near_func.text    ro code  0x00befe    0x68  ApiAtCmd.o [1]
  .near_func.text    ro code  0x00bf66    0x67  Tone.o [1]
  .near_func.text    ro code  0x00bfcd    0x61  stm8s_tim1.o [1]
  .near_func.text    ro code  0x00c02e    0x5f  DrvGT20L16S1Y.o [1]
  .near_func.text    ro code  0x00c08d    0x5b  ApiLED.o [1]
  .near_func.text    ro code  0x00c0e8    0x5a  ApiDisplay.o [1]
  .near_func.text    ro code  0x00c142    0x5a  DrvGT20L16S1Y.o [1]
  .near_func.text    ro code  0x00c19c    0x57  stm8s_clk.o [1]
  .near_func.text    ro code  0x00c1f3    0x54  Delay.o [1]
  .near.rodata       const    0x00c247    0x53  Task.o [1]
  .near_func.text    ro code  0x00c29a    0x50  uart3.o [1]
  .near_func.text    ro code  0x00c2ea    0x50  uart3.o [1]
  .near_func.text    ro code  0x00c33a    0x4e  CommonLib.o [1]
  .near_func.text    ro code  0x00c388    0x4e  Tone.o [1]
  .near_func.text    ro code  0x00c3d6    0x4c  DrvGD83.o [1]
  .near_func.text    ro code  0x00c422    0x4c  DrvGT20L16S1Y.o [1]
  .near_func.text    ro code  0x00c46e    0x4b  uart3.o [1]
  .near_func.text    ro code  0x00c4b9    0x4a  ApiDisplay.o [1]
  .near_func.text    ro code  0x00c503    0x49  DrvGD83.o [1]
  .near_func.text    ro code  0x00c54c    0x49  DrvGD83.o [1]
  .near_func.text    ro code  0x00c595    0x49  DrvGD83.o [1]
  .near_func.text    ro code  0x00c5de    0x49  stm8s_uart3.o [1]
  .near_func.text    ro code  0x00c627    0x47  long_util.o [4]
  .near_func.text    ro code  0x00c66e    0x43  Flash_eeprom.o [1]
  .near_func.text    ro code  0x00c6b1    0x43  Flash_eeprom.o [1]
  .near_func.text    ro code  0x00c6f4    0x43  stm8s_tim1.o [1]
  .near_func.text    const    0x00c737    0x40  ApiDisplay.o [1]
  .near_func.text    ro code  0x00c777    0x40  Task.o [1]
  .near_func.text    ro code  0x00c7b7    0x40  short.o [4]
  .near_func.text    ro code  0x00c7f7    0x3e  uart3.o [1]
  .near_func.text    ro code  0x00c835    0x36  DrvGT20L16S1Y.o [1]
  .near_func.text    ro code  0x00c86b    0x36  stm8s_flash.o [1]
  .near_func.text    ro code  0x00c8a1    0x36  memcmp.o [4]
  .near_func.text    ro code  0x00c8d7    0x35  Flash_eeprom.o [1]
  .near_func.text    ro code  0x00c90c    0x35  uart3.o [1]
  .near_func.text    ro code  0x00c941    0x34  ApiDisplay.o [1]
  .near_func.text    ro code  0x00c975    0x33  ApiDisplay.o [1]
  .near_func.text    ro code  0x00c9a8    0x33  DrvGT20L16S1Y.o [1]
  .near_func.text    ro code  0x00c9db    0x32  Beep.o [1]
  .near_func.text    ro code  0x00ca0d    0x32  stm8s_uart1.o [1]
  .near.rodata       const    0x00ca3f    0x31  Task.o [1]
  .near_func.text    ro code  0x00ca70    0x30  McuConfig.o [1]
  .near_func.text    ro code  0x00caa0    0x30  sysclock.o [1]
  .near_func.text    ro code  0x00cad0    0x2d  stm8s_uart1.o [1]
  .near_func.text    ro code  0x00cafd    0x2c  DrvGD83.o [1]
  .near.rodata       const    0x00cb29    0x2a  Task.o [1]
  .near_func.text    ro code  0x00cb53    0x2a  McuConfig.o [1]
  .near_func.text    ro code  0x00cb7d    0x28  Delay.o [1]
  .near_func.text    ro code  0x00cba5    0x28  init_small.o [4]
  .near_func.text    ro code  0x00cbcd    0x27  stm8s_flash.o [1]
  .near_func.text    ro code  0x00cbf4    0x27  sysclock.o [1]
  .near_func.text    ro code  0x00cc1b    0x25  stm8s_uart3.o [1]
  .near_func.text    ro code  0x00cc40    0x25  memcpy.o [4]
  .near_func.text    ro code  0x00cc65    0x25  dc_util.o [4]
  .near_func.text    ro code  0x00cc8a    0x24  McuConfig.o [1]
  .near_func.text    ro code  0x00ccae    0x24  McuConfig.o [1]
  .near_func.text    ro code  0x00ccd2    0x24  stm8s_flash.o [1]
  .near_func.text    ro code  0x00ccf6    0x24  stm8s_tim1.o [1]
  .near_func.text    ro code  0x00cd1a    0x23  Tone.o [1]
  .near_func.text    ro code  0x00cd3d    0x22  ApiPocCmd.o [1]
  .near_func.text    ro code  0x00cd5f    0x21  ApiPocCmd.o [1]
  .iar.init_table    const    0x00cd80    0x12  - Linker created -
  .near_func.text    ro code  0x00cd92    0x20  ApiPocCmd.o [1]
  .near_func.text    ro code  0x00cdb2    0x20  ApiPocCmd.o [1]
  .near_func.text    ro code  0x00cdd2    0x20  stm8s_it.o [1]
  .near_func.text    ro code  0x00cdf2    0x1f  Delay.o [1]
  .near_func.text    ro code  0x00ce11    0x1f  move.o [4]
  .near_func.text    ro code  0x00ce30    0x1e  init_small.o [4]
  .near.rodata       const    0x00ce4e    0x1d  Task.o [1]
  .near_func.text    ro code  0x00ce6b    0x1c  Delay.o [1]
  .near_func.text    ro code  0x00ce87    0x1b  stm8s_it.o [1]
  .near_func.text    ro code  0x00cea2    0x1b  sysclock.o [1]
  .near_func.text    ro code  0x00cebd    0x1a  Beep.o [1]
  .near.rodata       const    0x00ced7    0x18  Task.o [1]
  .near_func.text    ro code  0x00ceef    0x18  McuConfig.o [1]
  .near_func.text    ro code  0x00cf07    0x18  McuConfig.o [1]
  .near_func.text    ro code  0x00cf1f    0x17  McuConfig.o [1]
  .near_func.text    ro code  0x00cf36    0x17  McuConfig.o [1]
  .near_func.text    ro code  0x00cf4d    0x17  McuConfig.o [1]
  .near_func.text    ro code  0x00cf64    0x17  McuConfig.o [1]
  .near_func.text    ro code  0x00cf7b    0x17  McuConfig.o [1]
  .near_func.text    ro code  0x00cf92    0x17  memset.o [4]
  .near_func.text    ro code  0x00cfa9    0x17  init.o [4]
  .near_func.text    ro code  0x00cfc0    0x16  stm8s_flash.o [1]
  .near_func.text    ro code  0x00cfd6    0x16  stm8s_it.o [1]
  .near_func.text    ro code  0x00cfec    0x15  ApiDisplay.o [1]
  .near_func.text    ro code  0x00d001    0x15  uart3.o [1]
  .near_func.text    ro code  0x00d016    0x14  DrvGT20L16S1Y.o [1]
  .near_func.text    ro code  0x00d02a    0x14  stm8s_flash.o [1]
  .near_func.text    ro code  0x00d03e    0x14  __dbg_xxexit.o [3]
  .near.rodata       const    0x00d052    0x13  ApiAtCmd.o [1]
  .near.rodata       const    0x00d065    0x13  Task.o [1]
  .near.rodata       const    0x00d078    0x13  Task.o [1]
  .near_func.text    ro code  0x00d08b    0x13  stm8s_clk.o [1]
  .near_func.text    ro code  0x00d09e    0x13  stm8s_tim3.o [1]
  .near_func.text    ro code  0x00d0b1    0x13  cstartup.o [4]
  .near.rodata       const    0x00d0c4    0x12  ApiAtCmd.o [1]
  .near_func.text    ro code  0x00d0d6    0x12  ApiPocCmd.o [1]
  .near_func.text    ro code  0x00d0e8    0x12  ApiPocCmd.o [1]
  .near_func.text    ro code  0x00d0fa    0x12  uart3.o [1]
  .near_func.text    ro code  0x00d10c    0x12  strlen.o [4]
  .near.rodata       const    0x00d11e    0x11  ApiKeyboard.o [1]
  .near.rodata       const    0x00d12f    0x11  ApiKeyboard.o [1]
  .near.rodata       const    0x00d140    0x11  ApiKeyboard.o [1]
  .near.rodata       const    0x00d151    0x11  ApiKeyboard.o [1]
  .near.rodata       const    0x00d162    0x11  ApiKeyboard.o [1]
  .near.rodata       const    0x00d173    0x11  ApiKeyboard.o [1]
  .near.rodata       const    0x00d184    0x11  CommonLib.o [1]
  .near.rodata       const    0x00d195    0x11  System.o [1]
  .near.rodata       const    0x00d1a6    0x11  Task.o [1]
  .near.rodata       const    0x00d1b7    0x11  Task.o [1]
  .near.rodata       const    0x00d1c8    0x11  Task.o [1]
  .near.rodata       const    0x00d1d9    0x11  Task.o [1]
  .near.rodata       const    0x00d1ea    0x11  Task.o [1]
  .near.rodata       const    0x00d1fb    0x11  Task.o [1]
  .near.rodata       const    0x00d20c    0x11  Task.o [1]
  .near.rodata       const    0x00d21d    0x11  Task.o [1]
  .near.rodata       const    0x00d22e    0x11  Task.o [1]
  .near.rodata       const    0x00d23f    0x11  Task.o [1]
  .near.rodata       const    0x00d250    0x11  Task.o [1]
  .near.rodata       const    0x00d261    0x11  Task.o [1]
  .near_func.text    ro code  0x00d272    0x11  ApiPocCmd.o [1]
  .near_func.text    ro code  0x00d283    0x11  ApiPocCmd.o [1]
  .near.rodata       const    0x00d294    0x10  ApiAtCmd.o [1]
  .near.rodata       const    0x00d2a4    0x10  ApiAtCmd.o [1]
  .near.rodata       const    0x00d2b4    0x10  ApiDisplay.o [1]
  .near.rodata       const    0x00d2c4    0x10  ApiDisplay.o [1]
  .near.rodata       const    0x00d2d4    0x10  uart3.o [1]
  .near.rodata       const    0x00d2e4     0xf  ApiAtCmd.o [1]
  .near.rodata       const    0x00d2f3     0xf  ApiKeyboard.o [1]
  .near.rodata       const    0x00d302     0xf  Task.o [1]
  .near.rodata       const    0x00d311     0xf  Task.o [1]
  .near_func.text    ro code  0x00d320     0xf  Voice.o [1]
  .near.rodata       const    0x00d32f     0xe  ApiAtCmd.o [1]
  .near.rodata       const    0x00d33d     0xe  ApiAtCmd.o [1]
  .near.rodata       const    0x00d34b     0xe  ApiAtCmd.o [1]
  .near.rodata       const    0x00d359     0xe  Task.o [1]
  .near_func.text    ro code  0x00d367     0xe  ApiPocCmd.o [1]
  .near_func.text    ro code  0x00d375     0xe  uart3.o [1]
  .near.rodata       const    0x00d383     0xd  ApiPocCmd.o [1]
  .near.rodata       const    0x00d390     0xd  ApiPocCmd.o [1]
  .near.rodata       const    0x00d39d     0xd  Task.o [1]
  .near_func.text    ro code  0x00d3aa     0xd  stm8s_tim1.o [1]
  .near_func.text    ro code  0x00d3b7     0xd  stm8s_tim1.o [1]
  .near_func.text    ro code  0x00d3c4     0xd  stm8s_tim1.o [1]
  .near_func.text    ro code  0x00d3d1     0xd  stm8s_tim3.o [1]
  .near_func.text    ro code  0x00d3de     0xd  stm8s_tim3.o [1]
  .near_func.text    ro code  0x00d3eb     0xd  stm8s_uart1.o [1]
  .near_func.text    ro code  0x00d3f8     0xd  stm8s_uart3.o [1]
  .near.rodata       const    0x00d405     0xc  ApiAtCmd.o [1]
  .near_func.text    ro code  0x00d411     0xc  McuConfig.o [1]
  .near_func.text    ro code  0x00d41d     0xc  McuConfig.o [1]
  .near_func.text    ro code  0x00d429     0xc  McuConfig.o [1]
  .near_func.text    ro code  0x00d435     0xc  McuConfig.o [1]
  .near_func.text    ro code  0x00d441     0xc  stm8s_tim3.o [1]
  .near.rodata       const    0x00d44d     0xb  ApiAtCmd.o [1]
  .near.rodata       const    0x00d458     0xb  Task.o [1]
  .near_func.text    ro code  0x00d463     0xb  char.o [4]
  .near.rodata       const    0x00d46e     0xa  ApiAtCmd.o [1]
  .near.rodata       const    0x00d478     0xa  Task.o [1]
  .near_func.text    ro code  0x00d482     0xa  ApiPocCmd.o [1]
  .near_func.text    ro code  0x00d48c     0xa  ApiPocCmd.o [1]
  .near.rodata       const    0x00d496     0x9  ApiAtCmd.o [1]
  .near.rodata       const    0x00d49f     0x9  ApiAtCmd.o [1]
  .near.rodata       const    0x00d4a8     0x9  ApiAtCmd.o [1]
  .near.rodata       const    0x00d4b1     0x9  DrvGD83.o [1]
  .near.rodata       const    0x00d4ba     0x9  System.o [1]
  .near.rodata       const    0x00d4c3     0x9  Task.o [1]
  .near_func.text    ro code  0x00d4cc     0x9  stm8s_gpio.o [1]
  .near_func.text    ro code  0x00d4d5     0x9  stm8s_tim3.o [1]
  .near.rodata       const    0x00d4de     0x8  ApiAtCmd.o [1]
  .near.rodata       const    0x00d4e6     0x8  ApiDisplay.o [1]
  .near.rodata       const    0x00d4ee     0x8  ApiPocCmd.o [1]
  .near.rodata       const    0x00d4f6     0x8  Task.o [1]
  .near.rodata       const    0x00d4fe     0x7  ApiAtCmd.o [1]
  .near.rodata       const    0x00d505     0x7  ApiAtCmd.o [1]
  .near.rodata       const    0x00d50c     0x7  ApiAtCmd.o [1]
  .near.rodata       const    0x00d513     0x7  ApiPocCmd.o [1]
  .near.rodata       const    0x00d51a     0x7  Task.o [1]
  .near.rodata       const    0x00d521     0x7  Task.o [1]
  .near_func.text    ro code  0x00d528     0x7  stm8s_flash.o [1]
  .near_func.text    ro code  0x00d52f     0x7  stm8s_gpio.o [1]
  .near.rodata       const    0x00d536     0x6  DrvGD83.o [1]
  .near.rodata       const    0x00d53c     0x6  System.o [1]
  .near_func.text    ro code  0x00d542     0x5  stm8s_flash.o [1]
  .near_func.text    ro code  0x00d547     0x5  stm8s_flash.o [1]
  .near_func.text    ro code  0x00d54c     0x5  stm8s_tim3.o [1]
  .near_func.text    ro code  0x00d551     0x5  cexit.o [4]
  .near.rodata       const    0x00d556     0x4  stm8s_clk.o [1]
  .near.rodata       const    0x00d55a     0x4  uart3.o [1]
  .near_func.text    ro code  0x00d55e     0x4  ApiPocCmd.o [1]
  .near_func.text    ro code  0x00d562     0x4  ApiPocCmd.o [1]
  .near_func.text    ro code  0x00d566     0x4  ApiPocCmd.o [1]
  .near_func.text    ro code  0x00d56a     0x4  ApiPocCmd.o [1]
  .near_func.text    ro code  0x00d56e     0x4  ApiPocCmd.o [1]
  .near_func.text    ro code  0x00d572     0x4  ApiPocCmd.o [1]
  .near_func.text    ro code  0x00d576     0x4  stm8s_gpio.o [1]
  .near_func.text    ro code  0x00d57a     0x4  stm8s_uart1.o [1]
  .near_func.text    ro code  0x00d57e     0x4  stm8s_uart1.o [1]
  .near_func.text    ro code  0x00d582     0x4  stm8s_uart3.o [1]
  .near_func.text    ro code  0x00d586     0x4  stm8s_uart3.o [1]
  .near_func.text    ro code  0x00d58a     0x4  System.o [1]
  .near.rodata       const    0x00d58e     0x3  DrvGD83.o [1]
  .near.rodata       const    0x00d591     0x3  uart3.o [1]
  .near.rodata       const    0x00d594     0x3  uart3.o [1]
  .near_func.text    ro code  0x00d597     0x3  main.o [1]
  .near_func.text    ro code  0x00d59a     0x3  Task.o [1]
  .near_func.text    ro code  0x00d59d     0x3  interrupt.o [4]
  .near_func.text    ro code  0x00d5a0     0x3  low_level_init.o [4]
  .near_func.text    ro code  0x00d5a3     0x3  exit.o [4]
  .near_func.text    ro code  0x00d5a6     0x3  unhandled_exception.o [4]
  .near_func.text    ro code  0x00d5a9     0x1  stm8s_it.o [1]
  .near_func.text    ro code  0x00d5aa     0x1  stm8s_it.o [1]
  .near_func.text    ro code  0x00d5ab     0x1  stm8s_it.o [1]
  .near_func.text    ro code  0x00d5ac     0x1  stm8s_it.o [1]
  .near_func.text    ro code  0x00d5ad     0x1  stm8s_it.o [1]
  .near_func.text    ro code  0x00d5ae     0x1  stm8s_it.o [1]
  .near_func.text    ro code  0x00d5af     0x1  stm8s_it.o [1]
  .near_func.text    ro code  0x00d5b0     0x1  stm8s_it.o [1]
  .near_func.text    ro code  0x00d5b1     0x1  stm8s_it.o [1]
  .near_func.text    ro code  0x00d5b2     0x1  stm8s_it.o [1]
  .near_func.text    ro code  0x00d5b3     0x1  stm8s_it.o [1]
  .near_func.text    ro code  0x00d5b4     0x1  stm8s_it.o [1]
  .near_func.text    ro code  0x00d5b5     0x1  stm8s_it.o [1]
  .near_func.text    ro code  0x00d5b6     0x1  stm8s_it.o [1]
  .near_func.text    ro code  0x00d5b7     0x1  stm8s_it.o [1]
  .near_func.text    ro code  0x00d5b8     0x1  stm8s_it.o [1]
  .near_func.text    ro code  0x00d5b9     0x1  stm8s_it.o [1]
  .near_func.text    ro code  0x00d5ba     0x1  stm8s_it.o [1]
  .near_func.text    ro code  0x00d5bb     0x1  stm8s_it.o [1]
  .near_func.text    ro code  0x00d5bc     0x1  stm8s_it.o [1]
  .near_func.text    ro code  0x00d5bd     0x1  stm8s_it.o [1]
  .near_func.text    ro code  0x00d5be     0x1  __dbg_break.o [3]
                            - 0x00d5bf  0x553f


*******************************************************************************
*** INIT TABLE
***

          Address   Size
          -------   ----
Zero (__iar_zero_init2)
    1 destination range, total size 0x1572:
          0x000086  0x1572

Copy (__iar_copy_init2)
    1 source range, total size 0x76:
          0x00bcd0    0x76
    1 destination range, total size 0x76:
          0x000010    0x76



*******************************************************************************
*** MODULE SUMMARY
***

    Module                 ro code  ro data  rw data
    ------                 -------  -------  -------
E:\1-source\A508\PRJ\Debug\Obj: [1]
    ApiAtCmd.o               1 090      252      161
    ApiDisplay.o             1 024    1 128      580
    ApiKeyboard.o              995      120        7
    ApiLED.o                    91                 1
    ApiPocCmd.o              1 562       45    3 934
    Beep.o                     838                18
    CommonLib.o                297       17
    Delay.o                    582                11
    DrvGD83.o                2 275       24      707
    DrvGT20L16S1Y.o            796       40       40
    DrvHTG12832.o              537                 2
    DrvKeyboard.o            1 356
    Flash_eeprom.o             187
    McuConfig.o                373
    System.o                   213       34       22
    Task.o                   1 020      604       29
    Tone.o                     216                18
    Voice.o                    168                 6
    main.o                       3
    stm8s_clk.o                268        4
    stm8s_flash.o              188
    stm8s_gpio.o               195
    stm8s_it.o                 102
    stm8s_itc.o                257
    stm8s_tim1.o               392
    stm8s_tim3.o                71
    stm8s_uart1.o              676
    stm8s_uart3.o              712
    sysclock.o                 114
    uart3.o                  1 739       26       72
    ------------------------------------------------
    Total:                  18 337    2 294    5 608

command line: [2]
    ------------------------------------------------
    Total:

dbgstm8smd.a: [3]
    __dbg_break.o                1
    __dbg_xxexit.o              20
    ------------------------------------------------
    Total:                      21

dlstm8smn.a: [4]
    cexit.o                      5
    char.o                      11
    cstartup.o                  19
    dc_util.o                   37
    exit.o                       3
    init.o                      23
    init_small.o                70
    interrupt.o                  3      128
    long.o                     378
    long_util.o                 71
    low_level_init.o             3
    memcmp.o                    54
    memcpy.o                    37
    memset.o                    23
    move.o                      31
    short.o                     64
    strlen.o                    18
    unhandled_exception.o        3
    vreg_util.o                300
    vregs.o                                       16
    ------------------------------------------------
    Total:                   1 153      128       16

    Linker created                       18      256
----------------------------------------------------
    Grand Total:            19 511    2 440    5 880


*******************************************************************************
*** ENTRY LIST
***

Entry                    Address   Size  Type      Object
-----                    -------   ----  ----      ------
.iar.init_table$$Base   0x00cd80          --   Gb  - Linker created -
.iar.init_table$$Limit  0x00cd92          --   Gb  - Linker created -
?add32_l0_l0_0x         0x00a0bb         Code  Gb  long.o [4]
?add32_l0_l0_l1         0x00a0b8         Code  Gb  long.o [4]
?b0                     0x000000         Data  Gb  vregs.o [4]
?b1                     0x000001         Data  Gb  vregs.o [4]
?b10                    0x00000a         Data  Gb  vregs.o [4]
?b11                    0x00000b         Data  Gb  vregs.o [4]
?b12                    0x00000c         Data  Gb  vregs.o [4]
?b13                    0x00000d         Data  Gb  vregs.o [4]
?b14                    0x00000e         Data  Gb  vregs.o [4]
?b15                    0x00000f         Data  Gb  vregs.o [4]
?b2                     0x000002         Data  Gb  vregs.o [4]
?b3                     0x000003         Data  Gb  vregs.o [4]
?b4                     0x000004         Data  Gb  vregs.o [4]
?b5                     0x000005         Data  Gb  vregs.o [4]
?b6                     0x000006         Data  Gb  vregs.o [4]
?b7                     0x000007         Data  Gb  vregs.o [4]
?b8                     0x000008         Data  Gb  vregs.o [4]
?b9                     0x000009         Data  Gb  vregs.o [4]
?dc32_l0                0x00cc65         Code  Gb  dc_util.o [4]
?dc32_l1                0x00cc72         Code  Gb  dc_util.o [4]
?dc32_px                0x00cc7f         Code  Gb  dc_util.o [4]
?e0                     0x000001         Data  Gb  vregs.o [4]
?e1                     0x000005         Data  Gb  vregs.o [4]
?e2                     0x000009         Data  Gb  vregs.o [4]
?e3                     0x00000d         Data  Gb  vregs.o [4]
?epilogue_l2            0x00a7cb         Code  Gb  vreg_util.o [4]
?epilogue_l2_l3         0x00a7c8         Code  Gb  vreg_util.o [4]
?epilogue_l2_w6         0x00a7cf         Code  Gb  vreg_util.o [4]
?epilogue_w4            0x00a7d6         Code  Gb  vreg_util.o [4]
?l0                     0x000000         Data  Gb  vregs.o [4]
?l1                     0x000004         Data  Gb  vregs.o [4]
?l2                     0x000008         Data  Gb  vregs.o [4]
?l3                     0x00000c         Data  Gb  vregs.o [4]
?load32_0x_l0           0x00c660         Code  Gb  long_util.o [4]
?load32_asp_l0          0x00c654         Code  Gb  long_util.o [4]
?load32_dbsp_l0         0x00c64f         Code  Gb  long_util.o [4]
?load32_l0_0x           0x00c637         Code  Gb  long_util.o [4]
?load32_l0_asp          0x00c62c         Code  Gb  long_util.o [4]
?load32_l0_dbsp         0x00c627         Code  Gb  long_util.o [4]
?load32_l0_xsp          0x00c62e         Code  Gb  long_util.o [4]
?load32_l1_0x           0x00c643         Code  Gb  long_util.o [4]
?load32_xsp_l0          0x00c656         Code  Gb  long_util.o [4]
?longfarg16_v_w0_a      0x00ce1e         Code  Gb  move.o [4]
?longfarg16_v_w0_x      0x00ce20         Code  Gb  move.o [4]
?mov_e0_e1              0x00a7eb         Code  Gb  vreg_util.o [4]
?mov_e0_e2              0x00a7f8         Code  Gb  vreg_util.o [4]
?mov_e0_e3              0x00a805         Code  Gb  vreg_util.o [4]
?mov_e1_e0              0x00a812         Code  Gb  vreg_util.o [4]
?mov_e1_e2              0x00a81f         Code  Gb  vreg_util.o [4]
?mov_e1_e3              0x00a82c         Code  Gb  vreg_util.o [4]
?mov_e2_e0              0x00a839         Code  Gb  vreg_util.o [4]
?mov_e3_e0              0x00a846         Code  Gb  vreg_util.o [4]
?mov_l0_l1              0x00a7e8         Code  Gb  vreg_util.o [4]
?mov_l0_l2              0x00a7f5         Code  Gb  vreg_util.o [4]
?mov_l0_l3              0x00a802         Code  Gb  vreg_util.o [4]
?mov_l1_l0              0x00a80f         Code  Gb  vreg_util.o [4]
?mov_l1_l2              0x00a81c         Code  Gb  vreg_util.o [4]
?mov_l1_l3              0x00a829         Code  Gb  vreg_util.o [4]
?mov_l2_l0              0x00a836         Code  Gb  vreg_util.o [4]
?mov_l3_l0              0x00a843         Code  Gb  vreg_util.o [4]
?mov_w1_w3              0x00a7ee         Code  Gb  vreg_util.o [4]
?mov_w1_w5              0x00a7fb         Code  Gb  vreg_util.o [4]
?mov_w1_w7              0x00a808         Code  Gb  vreg_util.o [4]
?mov_w2_w1              0x00a7da         Code  Gb  vreg_util.o [4]
?mov_w3_w1              0x00a815         Code  Gb  vreg_util.o [4]
?mov_w3_w5              0x00a822         Code  Gb  vreg_util.o [4]
?mov_w3_w7              0x00a82f         Code  Gb  vreg_util.o [4]
?mov_w5_w1              0x00a83c         Code  Gb  vreg_util.o [4]
?mov_w6_w0              0x00a7e1         Code  Gb  vreg_util.o [4]
?mov_w7_w1              0x00a849         Code  Gb  vreg_util.o [4]
?move1616_v_x_y_a       0x00ce11         Code  Gb  move.o [4]
?mul16_x_x_w0           0x00c7b7         Code  Gb  short.o [4]
?mul32_l0_l0_0x         0x00a0f1         Code  Gb  long.o [4]
?mul32_l0_l0_dl         0x00a0ee         Code  Gb  long.o [4]
?mul32_l0_l0_l1         0x00a0fa         Code  Gb  long.o [4]
?or32_l0_l0_0x          0x00a1ed         Code  Gb  long.o [4]
?pop_l0                 0x00a794         Code  Gb  vreg_util.o [4]
?pop_l1                 0x00a79f         Code  Gb  vreg_util.o [4]
?pop_l2                 0x00a7aa         Code  Gb  vreg_util.o [4]
?pop_l3                 0x00a7b5         Code  Gb  vreg_util.o [4]
?pop_w4                 0x00a746         Code  Gb  vreg_util.o [4]
?pop_w6                 0x00a74d         Code  Gb  vreg_util.o [4]
?pop_w7                 0x00a754         Code  Gb  vreg_util.o [4]
?push_l0                0x00a763         Code  Gb  vreg_util.o [4]
?push_l1                0x00a768         Code  Gb  vreg_util.o [4]
?push_l2                0x00a76d         Code  Gb  vreg_util.o [4]
?push_l3                0x00a772         Code  Gb  vreg_util.o [4]
?push_w4                0x00a724         Code  Gb  vreg_util.o [4]
?push_w6                0x00a729         Code  Gb  vreg_util.o [4]
?push_w7                0x00a72e         Code  Gb  vreg_util.o [4]
?sext16_x_a             0x00c7f0         Code  Gb  short.o [4]
?sext32_l0_x            0x00a227         Code  Gb  long.o [4]
?sll16_x_x_4            0x00c7df         Code  Gb  short.o [4]
?sll16_x_x_5            0x00c7de         Code  Gb  short.o [4]
?sll16_x_x_6            0x00c7dd         Code  Gb  short.o [4]
?sll16_x_x_a            0x00c7d5         Code  Gb  short.o [4]
?sll32_0x_0x_a          0x00a208         Code  Gb  long.o [4]
?sll32_l0_l0_a          0x00a205         Code  Gb  long.o [4]
?sra8_a_a_4             0x00d469         Code  Gb  char.o [4]
?srl16_x_x_10           0x00c7e5         Code  Gb  short.o [4]
?srl16_x_x_11           0x00c7e4         Code  Gb  short.o [4]
?srl16_x_x_4            0x00c7eb         Code  Gb  short.o [4]
?srl16_x_x_5            0x00c7ea         Code  Gb  short.o [4]
?srl16_x_x_6            0x00c7e9         Code  Gb  short.o [4]
?srl16_x_x_7            0x00c7e8         Code  Gb  short.o [4]
?srl16_x_x_8            0x00c7e7         Code  Gb  short.o [4]
?srl16_x_x_9            0x00c7e6         Code  Gb  short.o [4]
?srl32_0x_0x_a          0x00a219         Code  Gb  long.o [4]
?srl32_l0_l0_a          0x00a216         Code  Gb  long.o [4]
?srl8_a_a_5             0x00d464         Code  Gb  char.o [4]
?srl8_a_a_6             0x00d463         Code  Gb  char.o [4]
?sub32_l0_l0_0x         0x00a0d6         Code  Gb  long.o [4]
?sub32_l0_l0_l1         0x00a0d3         Code  Gb  long.o [4]
?udiv32_l0_dl_l1        0x00a178         Code  Gb  long.o [4]
?udiv32_l0_l0_dl        0x00a17d         Code  Gb  long.o [4]
?udiv32_l0_l0_l1        0x00a180         Code  Gb  long.o [4]
?umod32_l1_l0_l1        0x00a180         Code  Gb  long.o [4]
?w0                     0x000000         Data  Gb  vregs.o [4]
?w1                     0x000002         Data  Gb  vregs.o [4]
?w2                     0x000004         Data  Gb  vregs.o [4]
?w3                     0x000006         Data  Gb  vregs.o [4]
?w4                     0x000008         Data  Gb  vregs.o [4]
?w5                     0x00000a         Data  Gb  vregs.o [4]
?w6                     0x00000c         Data  Gb  vregs.o [4]
?w7                     0x00000e         Data  Gb  vregs.o [4]
ADC2_IRQHandler         0x00d5bb    0x1  Code  Gb  stm8s_it.o [1]
AF_Mute_Init            0x00d41d    0xc  Code  Gb  McuConfig.o [1]
AUDIO_IOAFMUT           0x00cf64   0x17  Code  Gb  McuConfig.o [1]
AUDIO_IOAFPOW           0x00cf7b   0x17  Code  Gb  McuConfig.o [1]
AWU_IRQHandler          0x00d5ab    0x1  Code  Gb  stm8s_it.o [1]
ApiAtCmd_100msRenew     0x009540   0x7b  Code  Gb  ApiAtCmd.o [1]
ApiAtCmd_10msRenew      0x00b545   0xaf  Code  Gb  ApiAtCmd.o [1]
ApiAtCmd_GetGroupName   0x00d272   0x11  Code  Gb  ApiPocCmd.o [1]
ApiAtCmd_GetGroupNameLen
                        0x00d0d6   0x12  Code  Gb  ApiPocCmd.o [1]
ApiAtCmd_GetGroupNum    0x00d566    0x4  Code  Gb  ApiPocCmd.o [1]
ApiAtCmd_GetLoginState  0x00d482    0xa  Code  Gb  ApiPocCmd.o [1]
ApiAtCmd_GetMainGroupId
                        0x00d56e    0x4  Code  Gb  ApiPocCmd.o [1]
ApiAtCmd_GetMainUserId  0x00d572    0x4  Code  Gb  ApiPocCmd.o [1]
ApiAtCmd_GetMainWorkName
                        0x00d55e    0x4  Code  Gb  ApiPocCmd.o [1]
ApiAtCmd_GetMainWorkNameLen
                        0x00d562    0x4  Code  Gb  ApiPocCmd.o [1]
ApiAtCmd_GetUserName    0x00d283   0x11  Code  Gb  ApiPocCmd.o [1]
ApiAtCmd_GetUserNameLen
                        0x00d0e8   0x12  Code  Gb  ApiPocCmd.o [1]
ApiAtCmd_GetUserNum     0x00d56a    0x4  Code  Gb  ApiPocCmd.o [1]
ApiAtCmd_PlayVoice      0x00befe   0x68  Code  Gb  ApiAtCmd.o [1]
ApiAtCmd_WritCommand    0x0093a1  0x152  Code  Gb  ApiAtCmd.o [1]
ApiCaretCmd_10msRenew   0x00a850  0x111  Code  Gb  ApiAtCmd.o [1]
ApiPocCmd_10msRenew     0x0090ad  0x2f4  Code  Gb  ApiPocCmd.o [1]
ApiPocCmd_WritCommand   0x00a232  0x14f  Code  Gb  ApiPocCmd.o [1]
ApiPocCmd_user_info_set
                        0x00b0c2   0xd4  Code  Gb  ApiPocCmd.o [1]
AtCmdDrvobj             0x001405   0x77  Data  Lc  ApiAtCmd.o [1]
AtCmd_NetParamCode      0x0094f3   0x4d  Code  Lc  ApiAtCmd.o [1]
AtNotify_Queue          0x0080cc   0x4c  Code  Lc  DrvGD83.o [1]
AtNotify_Queue_Start    0x008118   0x55  Code  Lc  DrvGD83.o [1]
BEEP_Interrupt10ms      0x00cebd   0x1a  Code  Gb  Beep.o [1]
BEEP_PowerOnInitial     0x008fe4   0xc9  Code  Gb  Beep.o [1]
BEEP_SetOutput          0x008db3  0x231  Code  Gb  Beep.o [1]
BEEP_Time               0x00c9db   0x32  Code  Gb  Beep.o [1]
BaseAdd                 0x00004a   0x20  Data  Gb  DrvGT20L16S1Y.o [1]
BeepDrvObj              0x0015aa   0x12  Data  Lc  Beep.o [1]
BitTab                  0x00d4e6    0x8  Data  Gb  ApiDisplay.o [1]
BootProcess_PPPCFG_Flag
                        0x0015ea    0x1  Data  Gb  ApiAtCmd.o [1]
BootProcess_PPPCFG_Flag_Zanshi
                        0x000010    0x1  Data  Gb  ApiAtCmd.o [1]
BootProcess_SIMST_Flag  0x0015e9    0x1  Data  Gb  ApiAtCmd.o [1]
CHAR_HIGH               0x00d2b4   0x10  Data  Gb  ApiDisplay.o [1]
CHAR_WIDTH              0x00d2c4   0x10  Data  Gb  ApiDisplay.o [1]
CLK_ClockSwitchConfig   0x00b745   0xa2  Code  Gb  stm8s_clk.o [1]
CLK_GetClockFreq        0x00c19c   0x57  Code  Gb  stm8s_clk.o [1]
CLK_HSIPrescalerConfig  0x00d08b   0x13  Code  Gb  stm8s_clk.o [1]
CLK_IRQHandler          0x00d5ac    0x1  Code  Gb  stm8s_it.o [1]
COML_AscToHex           0x00af10   0xdb  Code  Gb  CommonLib.o [1]
CSQ_Flag                0x0015ec    0x1  Data  Gb  ApiAtCmd.o [1]
CSTACK$$Base            0x001700          --   Gb  - Linker created -
CSTACK$$Limit           0x001800          --   Gb  - Linker created -
C_TEST_OUT_SET          0x00d435    0xc  Code  Gb  McuConfig.o [1]
CaretNotify_Queue       0x00c3d6   0x4c  Code  Lc  DrvGD83.o [1]
CaretNotify_Queue_Start
                        0x0081c2   0x55  Code  Lc  DrvGD83.o [1]
DEL_100msProcess        0x00bbfa   0x4a  Code  Lc  Delay.o [1]
DEL_1msProcess          0x00bc44    0x9  Code  Lc  Delay.o [1]
DEL_500msProcess        0x00bbdc   0x1e  Code  Lc  Delay.o [1]
DEL_GetTimer            0x00c1f3   0x54  Code  Gb  Delay.o [1]
DEL_Interrupt           0x00b6a3   0xa2  Code  Gb  Delay.o [1]
DEL_PowerOnInitial      0x00cdf2   0x1f  Code  Gb  Delay.o [1]
DEL_Renew               0x00bc4d    0x9  Code  Gb  Delay.o [1]
DEL_SetTimer            0x00bd46   0x73  Code  Gb  Delay.o [1]
DEL_Soft1ms             0x00ce6b   0x1c  Code  Gb  Delay.o [1]
DEL_TimerRenew          0x00cb7d   0x28  Code  Lc  Delay.o [1]
DISP_DataBuf            0x00ae31   0xdf  Code  Lc  ApiDisplay.o [1]
DISP_MulTypePro         0x00b493   0xb2  Code  Lc  ApiDisplay.o [1]
Dec2Hex                 0x00c33a   0x4e  Code  Gb  CommonLib.o [1]
DefaultSystemClockForHSI
                        0x00cea2   0x1b  Code  Gb  sysclock.o [1]
DelDrvObj               0x0015ce    0xb  Data  Lc  Delay.o [1]
Delay_100ms             0x00c777   0x40  Code  Gb  Task.o [1]
DisDataBit              0x001524   0x40  Data  Gb  ApiDisplay.o [1]
DisDataBuf              0x001205  0x200  Data  Gb  ApiDisplay.o [1]
DisDrvObj               0x0015df    0x4  Data  Lc  ApiDisplay.o [1]
DrvGD83DrvObj           0x000f7b  0x28a  Data  Lc  DrvGD83.o [1]
DrvGD83_Init            0x00ceef   0x18  Code  Gb  McuConfig.o [1]
DrvGD83_UART_TxCommand  0x00bc56   0x7a  Code  Gb  DrvGD83.o [1]
DrvMC8332_AtNotify_Queue_front
                        0x00c54c   0x49  Code  Gb  DrvGD83.o [1]
DrvMC8332_CaretNotify_Queue_front
                        0x00c503   0x49  Code  Gb  DrvGD83.o [1]
DrvMC8332_PocNotify_Queue_front
                        0x00c595   0x49  Code  Gb  DrvGD83.o [1]
DrvMC8332_TxPort_SetValidable
                        0x00cafd   0x2c  Code  Gb  DrvGD83.o [1]
DrvMC8332_UART_Interrupt
                        0x00836c  0x349  Code  Gb  DrvGD83.o [1]
DrvMc8332_UART_TxTail   0x00ad50   0xe1  Code  Gb  DrvGD83.o [1]
EEPROM_EEC_IRQHandler   0x00d5bd    0x1  Code  Gb  stm8s_it.o [1]
EXTI_PORTA_IRQHandler   0x00d5ad    0x1  Code  Gb  stm8s_it.o [1]
EXTI_PORTB_IRQHandler   0x00d5ae    0x1  Code  Gb  stm8s_it.o [1]
EXTI_PORTC_IRQHandler   0x00d5af    0x1  Code  Gb  stm8s_it.o [1]
EXTI_PORTD_IRQHandler   0x00d5b0    0x1  Code  Gb  stm8s_it.o [1]
EXTI_PORTE_IRQHandler   0x00d5b1    0x1  Code  Gb  stm8s_it.o [1]
FILE_Read               0x00c6b1   0x43  Code  Gb  Flash_eeprom.o [1]
FILE_Write              0x00c66e   0x43  Code  Gb  Flash_eeprom.o [1]
FLASH_EraseOptionByte   0x00cbcd   0x27  Code  Gb  stm8s_flash.o [1]
FLASH_GetFlagStatus     0x00d02a   0x14  Code  Gb  stm8s_flash.o [1]
FLASH_Lock              0x00d528    0x7  Code  Gb  stm8s_flash.o [1]
FLASH_ProgramByte       0x00d542    0x5  Code  Gb  stm8s_flash.o [1]
FLASH_ProgramOptionByte
                        0x00ccd2   0x24  Code  Gb  stm8s_flash.o [1]
FLASH_ReadByte          0x00d547    0x5  Code  Gb  stm8s_flash.o [1]
FLASH_Unlock            0x00cfc0   0x16  Code  Gb  stm8s_flash.o [1]
FLASH_WaitForLastOperation
                        0x00c86b   0x36  Code  Gb  stm8s_flash.o [1]
GD83_ON                 0x00cf07   0x18  Code  Gb  McuConfig.o [1]
GPIO_Init               0x00b5f4   0xaf  Code  Gb  stm8s_gpio.o [1]
GPIO_ReadInputPin       0x00d4cc    0x9  Code  Gb  stm8s_gpio.o [1]
GPIO_WriteHigh          0x00d52f    0x7  Code  Gb  stm8s_gpio.o [1]
GPIO_WriteLow           0x00d576    0x4  Code  Gb  stm8s_gpio.o [1]
GT20_DelTime            0x00d016   0x14  Code  Lc  DrvGT20L16S1Y.o [1]
GT20_GetData            0x00c02e   0x5f  Code  Lc  DrvGT20L16S1Y.o [1]
GT20_GetDisData         0x00c835   0x36  Code  Lc  DrvGT20L16S1Y.o [1]
GT20_SendByte           0x00c142   0x5a  Code  Lc  DrvGT20L16S1Y.o [1]
GT20_SendCommand        0x00c422   0x4c  Code  Lc  DrvGT20L16S1Y.o [1]
GetPersonalCallingMode  0x00d367    0xe  Code  Gb  ApiPocCmd.o [1]
GetPlayState            0x00d48c    0xa  Code  Gb  ApiPocCmd.o [1]
GetTaskId               0x00d58a    0x4  Code  Gb  System.o [1]
GroupCallingNum         0x000037    0x1  Data  Gb  ApiKeyboard.o [1]
HSE_ClockStartUpConfiguration
                        0x00caa0   0x30  Code  Lc  sysclock.o [1]
HSIDivFactor            0x00d556    0x4  Data  Gb  stm8s_clk.o [1]
HexToChar_GroupCallingNum
                        0x00cdb2   0x20  Code  Gb  ApiPocCmd.o [1]
HexToChar_MainGroupId   0x00cd92   0x20  Code  Gb  ApiPocCmd.o [1]
HexToChar_MainUserId    0x00cd5f   0x21  Code  Gb  ApiPocCmd.o [1]
HexToChar_PersonalCallingNum
                        0x00cd3d   0x22  Code  Gb  ApiPocCmd.o [1]
HtgDrvObj               0x0015e7    0x2  Data  Lc  DrvHTG12832.o [1]
I2C_IRQHandler          0x00d5b9    0x1  Code  Gb  stm8s_it.o [1]
INTVEC$$Base            0x008000          --   Gb  - Linker created -
INTVEC$$Limit           0x008080          --   Gb  - Linker created -
ITC_SetSoftwarePriority
                        0x00ab6a  0x101  Code  Gb  stm8s_itc.o [1]
Ico_DataBuf             0x0086b5  0x400  Data  Gb  ApiDisplay.o [1]
KEY_TABLE               0x00d591    0x3  Data  Lc  uart3.o [1]
KeyDownUpChoose_GroupOrUser_Flag
                        0x0015ed    0x1  Data  Gb  ApiAtCmd.o [1]
KeyPersonalCallingCount
                        0x0015f0    0x1  Data  Gb  ApiKeyboard.o [1]
KeyUpDownCount          0x0015ef    0x1  Data  Gb  ApiKeyboard.o [1]
Key_Flag_0              0x0015f5    0x1  Data  Gb  Task.o [1]
Key_Flag_1              0x0015f1    0x1  Data  Gb  ApiKeyboard.o [1]
Key_Init                0x00ca70   0x30  Code  Gb  McuConfig.o [1]
Key_PersonalCalling_Flag
                        0x0015f6    0x1  Data  Gb  Task.o [1]
Keyboard_Test           0x008ab5  0x2fe  Code  Gb  ApiKeyboard.o [1]
LED_Conut               0x0015f2    0x1  Data  Gb  ApiLED.o [1]
LED_Init                0x00cc8a   0x24  Code  Gb  McuConfig.o [1]
LED_IntOutputRenew      0x00c08d   0x5b  Code  Gb  ApiLED.o [1]
MIC_GPIO_Init           0x00d411    0xc  Code  Gb  McuConfig.o [1]
MIC_IOMUT               0x00cf4d   0x17  Code  Gb  McuConfig.o [1]
Noise_Mute_Init         0x00d429    0xc  Code  Gb  McuConfig.o [1]
Notify_Queue_Stop       0x008217  0x155  Code  Lc  DrvGD83.o [1]
PAS_NULLTBL             0x00d2d4   0x10  Data  Lc  uart3.o [1]
POC_GetGroupInformationFlag
                        0x0015f3    0x1  Data  Gb  ApiPocCmd.o [1]
POC_TABLE               0x00d594    0x3  Data  Lc  uart3.o [1]
PasObj                  0x0015e3    0x4  Data  Lc  uart3.o [1]
PersonalCallingNum      0x0015ee    0x1  Data  Gb  ApiKeyboard.o [1]
PocCmdDrvobj            0x000086  0xef5  Data  Lc  ApiPocCmd.o [1]
PocNotify_Queue         0x008080   0x4c  Code  Lc  DrvGD83.o [1]
PocNotify_Queue_Start   0x00816d   0x55  Code  Lc  DrvGD83.o [1]
ReadBuffer              0x00147c   0x64  Data  Gb  ApiPocCmd.o [1]
Region$$Table$$Base     0x00cd80          --   Gb  - Linker created -
Region$$Table$$Limit    0x00cd92          --   Gb  - Linker created -
SPI_IRQHandler          0x00d5b2    0x1  Code  Gb  stm8s_it.o [1]
Set_GreenLed            0x00cf1f   0x17  Code  Gb  McuConfig.o [1]
Set_RedLed              0x00cf36   0x17  Code  Gb  McuConfig.o [1]
SystemClock_Init        0x00cbf4   0x27  Code  Gb  sysclock.o [1]
TASK_WriteFreq          0x00d59a    0x3  Code  Gb  Task.o [1]
TIM1_CAP_COM_IRQHandler
                        0x00d5b4    0x1  Code  Gb  stm8s_it.o [1]
TIM1_CCxCmd             0x00c6f4   0x43  Code  Gb  stm8s_tim1.o [1]
TIM1_Cmd                0x00d3aa    0xd  Code  Gb  stm8s_tim1.o [1]
TIM1_CtrlPWMOutputs     0x00d3b7    0xd  Code  Gb  stm8s_tim1.o [1]
TIM1_DeInit             0x00b7e7   0x99  Code  Gb  stm8s_tim1.o [1]
TIM1_OC1Init            0x00bfcd   0x61  Code  Gb  stm8s_tim1.o [1]
TIM1_OC1PreloadConfig   0x00d3c4    0xd  Code  Gb  stm8s_tim1.o [1]
TIM1_PWM_Init           0x00c388   0x4e  Code  Gb  Tone.o [1]
TIM1_TimeBaseInit       0x00ccf6   0x24  Code  Gb  stm8s_tim1.o [1]
TIM1_UPD_OVF_TRG_BRK_IRQHandler
                        0x00d5b3    0x1  Code  Gb  stm8s_it.o [1]
TIM2_CAP_COM_IRQHandler
                        0x00d5b6    0x1  Code  Gb  stm8s_it.o [1]
TIM2_UPD_OVF_BRK_IRQHandler
                        0x00d5b5    0x1  Code  Gb  stm8s_it.o [1]
TIM3_ARRPreloadConfig   0x00d3de    0xd  Code  Gb  stm8s_tim3.o [1]
TIM3_CAP_COM_IRQHandler
                        0x00d5b7    0x1  Code  Gb  stm8s_it.o [1]
TIM3_ClearITPendingBit  0x00d54c    0x5  Code  Gb  stm8s_tim3.o [1]
TIM3_Cmd                0x00d3d1    0xd  Code  Gb  stm8s_tim3.o [1]
TIM3_ITConfig           0x00d09e   0x13  Code  Gb  stm8s_tim3.o [1]
TIM3_PrescalerConfig    0x00d4d5    0x9  Code  Gb  stm8s_tim3.o [1]
TIM3_TimeBaseInit       0x00d441    0xc  Code  Gb  stm8s_tim3.o [1]
TIM3_UPD_OVF_BRK_IRQHandler
                        0x00ce87   0x1b  Code  Gb  stm8s_it.o [1]
TIM4_UPD_OVF_IRQHandler
                        0x00d5bc    0x1  Code  Gb  stm8s_it.o [1]
TLI_IRQHandler          0x00d5aa    0x1  Code  Gb  stm8s_it.o [1]
TONE_PowerOnInitial     0x00bf66   0x67  Code  Gb  Tone.o [1]
TONE_Start              0x00cd22   0x1b  Code  Gb  Tone.o [1]
TONE_Stop               0x00cd1a    0x8  Code  Gb  Tone.o [1]
TRAP_IRQHandler         0x00d5a9    0x1  Code  Gb  stm8s_it.o [1]
TaskDrvObj              0x001596   0x14  Data  Lc  System.o [1]
Task_RunNormalOperation
                        0x0097d4  0x20c  Code  Gb  Task.o [1]
Task_RunStart           0x009bc7  0x1ad  Code  Gb  Task.o [1]
Tim3_Timer_Init         0x00ccae   0x24  Code  Gb  McuConfig.o [1]
TimeVal                 0x000042    0x8  Data  Gb  DrvGT20L16S1Y.o [1]
ToneDrvObj              0x0015bc   0x12  Data  Lc  Tone.o [1]
UART1_Cmd               0x00d3eb    0xd  Code  Gb  stm8s_uart1.o [1]
UART1_DeInit            0x00cad0   0x2d  Code  Gb  stm8s_uart1.o [1]
UART1_GetFlagStatus     0x00ca0d   0x32  Code  Gb  stm8s_uart1.o [1]
UART1_GetITStatus       0x00b919   0x90  Code  Gb  stm8s_uart1.o [1]
UART1_ITConfig          0x00be92   0x6c  Code  Gb  stm8s_uart1.o [1]
UART1_Init              0x00a5f0  0x134  Code  Gb  stm8s_uart1.o [1]
UART1_RX_IRQHandler     0x00cdd2   0x20  Code  Gb  stm8s_it.o [1]
UART1_ReceiveData8      0x00d57a    0x4  Code  Gb  stm8s_uart1.o [1]
UART1_SendData8         0x00d57e    0x4  Code  Gb  stm8s_uart1.o [1]
UART1_TX_IRQHandler     0x00d5b8    0x1  Code  Gb  stm8s_it.o [1]
UART3_Cmd               0x00d3f8    0xd  Code  Gb  stm8s_uart3.o [1]
UART3_DeInit            0x00cc1b   0x25  Code  Gb  stm8s_uart3.o [1]
UART3_GetFlagStatus     0x00c5de   0x49  Code  Gb  stm8s_uart3.o [1]
UART3_GetITStatus       0x00b3df   0xb4  Code  Gb  stm8s_uart3.o [1]
UART3_ITConfig          0x00bac6   0x8c  Code  Gb  stm8s_uart3.o [1]
UART3_Init              0x00a961  0x105  Code  Gb  stm8s_uart3.o [1]
UART3_Interrupt         0x00d001   0x15  Code  Gb  uart3.o [1]
UART3_RX_IRQHandler     0x00cfd6   0x16  Code  Gb  stm8s_it.o [1]
UART3_ReceiveData8      0x00d582    0x4  Code  Gb  stm8s_uart3.o [1]
UART3_SendByte          0x00d375    0xe  Code  Gb  uart3.o [1]
UART3_SendData8         0x00d586    0x4  Code  Gb  stm8s_uart3.o [1]
UART3_TX_IRQHandler     0x00d5ba    0x1  Code  Gb  stm8s_it.o [1]
UART3_ToMcuMain         0x00c7f7   0x3e  Code  Gb  uart3.o [1]
UART_Delay              0x00d0fa   0x12  Code  Lc  uart3.o [1]
UART_ErrorAck           0x00c4a4   0x15  Code  Lc  uart3.o [1]
UART_GetCheckSum        0x00ba38   0x2d  Code  Lc  uart3.o [1]
UART_KeyCommand         0x00aa66  0x104  Code  Lc  uart3.o [1]
UART_Link               0x00ba65   0x61  Code  Lc  uart3.o [1]
UART_PasCommand         0x009d74  0x1aa  Code  Lc  uart3.o [1]
UART_PocCommand         0x00c29a   0x50  Code  Lc  uart3.o [1]
UART_RightAck           0x00bdb9   0x6d  Code  Lc  uart3.o [1]
UART_RxFrame            0x00c2ea   0x50  Code  Lc  uart3.o [1]
UART_TxSend             0x00c46e   0x36  Code  Lc  uart3.o [1]
UART_WriteCommand       0x00b327   0xb8  Code  Lc  uart3.o [1]
Uart1_Init              0x00cb53   0x2a  Code  Gb  McuConfig.o [1]
Uart3_Init              0x00c90c   0x35  Code  Gb  uart3.o [1]
UartDrvObj              0x0014e0   0x44  Data  Lc  uart3.o [1]
VOICE_1sProcess         0x00d320    0xf  Code  Gb  Voice.o [1]
VOICE_Renew             0x00b880   0x70  Code  Gb  Voice.o [1]
VOICE_SetOutput         0x00b8f0   0x29  Code  Gb  Voice.o [1]
VoiceDrvObj             0x0015d9    0x6  Data  Lc  Voice.o [1]
VoiceEnd_Flag           0x0015eb    0x1  Data  Gb  ApiAtCmd.o [1]
WRITE_TABLE             0x00d55a    0x4  Data  Lc  uart3.o [1]
WriteEEPROMByte         0x00c8d7   0x35  Code  Gb  Flash_eeprom.o [1]
__DebugBreak            0x00d5be    0x1  Code  Gb  __dbg_break.o [3]
__exit                  0x00d03e   0x14  Code  Gb  __dbg_xxexit.o [3]
__iar_copy_init2        0x00cba5         Code  Gb  init_small.o [4]
__iar_data_init2        0x00cfa9   0x17  Code  Gb  init.o [4]
__iar_program_start     0x00d0b1         Code  Gb  cstartup.o [4]
__iar_unhandled_exception
                        0x00d5a6         Code  Gb  unhandled_exception.o [4]
__iar_zero_init2        0x00ce30         Code  Gb  init_small.o [4]
__intvec                0x008000         Data  Gb  interrupt.o [4]
__low_level_init        0x00d5a0    0x3  Code  Gb  low_level_init.o [4]
_exit                   0x00d551         Code  Gb  cexit.o [4]
_interrupt_1            0x00d5a9         Code  Gb  stm8s_it.o [1]
_interrupt_12           0x00d5b2         Code  Gb  stm8s_it.o [1]
_interrupt_13           0x00d5b3         Code  Gb  stm8s_it.o [1]
_interrupt_14           0x00d5b4         Code  Gb  stm8s_it.o [1]
_interrupt_15           0x00d5b5         Code  Gb  stm8s_it.o [1]
_interrupt_16           0x00d5b6         Code  Gb  stm8s_it.o [1]
_interrupt_17           0x00ce87         Code  Gb  stm8s_it.o [1]
_interrupt_18           0x00d5b7         Code  Gb  stm8s_it.o [1]
_interrupt_19           0x00d5b8         Code  Gb  stm8s_it.o [1]
_interrupt_2            0x00d5aa         Code  Gb  stm8s_it.o [1]
_interrupt_20           0x00cdd2         Code  Gb  stm8s_it.o [1]
_interrupt_21           0x00d5b9         Code  Gb  stm8s_it.o [1]
_interrupt_22           0x00d5ba         Code  Gb  stm8s_it.o [1]
_interrupt_23           0x00cfd6         Code  Gb  stm8s_it.o [1]
_interrupt_24           0x00d5bb         Code  Gb  stm8s_it.o [1]
_interrupt_25           0x00d5bc         Code  Gb  stm8s_it.o [1]
_interrupt_26           0x00d5bd         Code  Gb  stm8s_it.o [1]
_interrupt_3            0x00d5ab         Code  Gb  stm8s_it.o [1]
_interrupt_4            0x00d5ac         Code  Gb  stm8s_it.o [1]
_interrupt_5            0x00d5ad         Code  Gb  stm8s_it.o [1]
_interrupt_6            0x00d5ae         Code  Gb  stm8s_it.o [1]
_interrupt_7            0x00d5af         Code  Gb  stm8s_it.o [1]
_interrupt_8            0x00d5b0         Code  Gb  stm8s_it.o [1]
_interrupt_9            0x00d5b1         Code  Gb  stm8s_it.o [1]
api_diap_ico_pos_get    0x00c0e8   0x5a  Code  Gb  ApiDisplay.o [1]
api_disp_all_screen_refresh
                        0x00c4b9   0x4a  Code  Gb  ApiDisplay.o [1]
api_disp_char_output    0x00cfec   0x15  Code  Gb  ApiDisplay.o [1]
api_disp_ico_output     0x00b267   0xc0  Code  Gb  ApiDisplay.o [1]
api_disp_icoid_output   0x00b9a9   0x8f  Code  Gb  ApiDisplay.o [1]
api_lcd_pwr_on_hint     0x00c975   0x33  Code  Gb  ApiDisplay.o [1]
api_lcd_pwr_on_hint2    0x00c941   0x34  Code  Gb  ApiDisplay.o [1]
api_poc_command_set     0x00afeb   0xd7  Code  Gb  uart3.o [1]
drv_gt20_data_output    0x009f1e  0x19a  Code  Gb  DrvGT20L16S1Y.o [1]
drv_gt20_pwr_on_init    0x00c9d8    0x3  Code  Gb  DrvGT20L16S1Y.o [1]
drv_htg_clr_allscr      0x0096d9   0x31  Code  Gb  DrvHTG12832.o [1]
drv_htg_pwr_on_init     0x0097cb    0x9  Code  Gb  DrvHTG12832.o [1]
drv_htg_reset           0x0095bb    0x5  Code  Gb  DrvHTG12832.o [1]
drv_htg_set_address     0x00962f   0x3b  Code  Gb  DrvHTG12832.o [1]
drv_htg_write_command   0x0095c0   0x6f  Code  Gb  DrvHTG12832.o [1]
drv_htg_write_data      0x00966a   0x6f  Code  Gb  DrvHTG12832.o [1]
drv_keypad_scan         0x0099e0  0x1e7  Code  Gb  DrvKeyboard.o [1]
exit                    0x00d5a3    0x3  Code  Gb  exit.o [4]
get_key_value           0x00ac6b   0xe5  Code  Gb  ApiKeyboard.o [1]
htg_delay_ms            0x00970a   0x1e  Code  Lc  DrvHTG12832.o [1]
htg_initial             0x009728   0x5b  Code  Lc  DrvHTG12832.o [1]
key_scan_board          0x00a381  0x139  Code  Gb  DrvKeyboard.o [1]
main                    0x00d597    0x3  Code  Gb  main.o [1]
main_app                0x00b196   0xd1  Code  Gb  System.o [1]
mcu_gt20_initial        0x00c9a8   0x30  Code  Lc  DrvGT20L16S1Y.o [1]
mcu_key_pad_out         0x00bb52   0x8a  Code  Gb  DrvKeyboard.o [1]
mcu_key_pad_read        0x00be26   0x6c  Code  Gb  DrvKeyboard.o [1]
mcu_key_pad_set         0x00a4ba  0x136  Code  Gb  DrvKeyboard.o [1]
mcu_lcd_initial         0x009783   0x48  Code  Lc  DrvHTG12832.o [1]
memcmp                  0x00c8a1   0x36  Code  Gb  memcmp.o [4]
memcpy                  0x00cc40   0x25  Code  Gb  memcpy.o [4]
memset                  0x00cf92   0x17  Code  Gb  memset.o [4]
strlen                  0x00d10c   0x12  Code  Gb  strlen.o [4]
ucAtPocHead             0x000038    0x2  Data  Gb  ApiPocCmd.o [1]
ucCLVL                  0x000074    0x2  Data  Gb  Task.o [1]
ucCODECCTL              0x000078    0x2  Data  Gb  Task.o [1]
ucCSQ                   0x00007e    0x2  Data  Gb  Task.o [1]
ucCaretPPPCFG           0x00001d    0x2  Data  Gb  ApiAtCmd.o [1]
ucCheckCard             0x000033    0x2  Data  Gb  ApiAtCmd.o [1]
ucCheckPPP              0x00002b    0x2  Data  Gb  ApiAtCmd.o [1]
ucCheckRssi             0x000031    0x2  Data  Gb  ApiAtCmd.o [1]
ucCheckTcp              0x000021    0x2  Data  Gb  ApiAtCmd.o [1]
ucEndPTT                0x000070    0x2  Data  Gb  Task.o [1]
ucGD83Reset             0x00006a    0x2  Data  Gb  System.o [1]
ucOSSYSHWID             0x00007a    0x2  Data  Gb  Task.o [1]
ucPPPCFG                0x000080    0x2  Data  Gb  Task.o [1]
ucPlayZtts              0x00001f    0x2  Data  Gb  ApiAtCmd.o [1]
ucPocOpenConfig         0x000084    0x2  Data  Gb  Task.o [1]
ucPrefmode              0x00007c    0x2  Data  Gb  Task.o [1]
ucQuitPersonalCalling   0x000035    0x2  Data  Gb  ApiKeyboard.o [1]
ucRequestUserListInfo   0x000072    0x2  Data  Gb  Task.o [1]
ucRxCSQ31               0x000015    0x2  Data  Gb  ApiAtCmd.o [1]
ucRxCSQ99               0x000017    0x2  Data  Gb  ApiAtCmd.o [1]
ucRxCheckCard           0x000011    0x2  Data  Gb  ApiAtCmd.o [1]
ucRxCheckPppClose       0x00002f    0x2  Data  Gb  ApiAtCmd.o [1]
ucRxCheckPppOpen        0x00002d    0x2  Data  Gb  ApiAtCmd.o [1]
ucRxCheckTcp            0x000027    0x2  Data  Gb  ApiAtCmd.o [1]
ucRxOkHeadInfo          0x000040    0x2  Data  Gb  DrvGD83.o [1]
ucRxPocHeadInfo         0x00003e    0x2  Data  Gb  DrvGD83.o [1]
ucRxZTTS0               0x000013    0x2  Data  Gb  ApiAtCmd.o [1]
ucSIMST1                0x000019    0x2  Data  Gb  ApiAtCmd.o [1]
ucSIMST255              0x00001b    0x2  Data  Gb  ApiAtCmd.o [1]
ucSendTcp               0x000025    0x2  Data  Gb  ApiAtCmd.o [1]
ucSetIPAndID            0x00003a    0x2  Data  Gb  ApiPocCmd.o [1]
ucSetIp                 0x000023    0x2  Data  Gb  ApiAtCmd.o [1]
ucSetParamConfig        0x00006c    0x2  Data  Gb  Task.o [1]
ucStartPTT              0x00006e    0x2  Data  Gb  Task.o [1]
ucTxPocHeadInfo         0x00003c    0x2  Data  Gb  DrvGD83.o [1]
ucVGR                   0x000076    0x2  Data  Gb  Task.o [1]
ucZTTS_Abell            0x000082    0x2  Data  Gb  Task.o [1]
ucZpppOpen              0x000029    0x2  Data  Gb  ApiAtCmd.o [1]
x                       0x0015f7    0x1  Data  Gb  Task.o [1]


[1] = E:\1-source\A508\PRJ\Debug\Obj
[2] = command line
[3] = dbgstm8smd.a
[4] = dlstm8smn.a

  19 511 bytes of readonly  code memory
   2 440 bytes of readonly  data memory
   5 880 bytes of readwrite data memory

Errors: none
Warnings: none
