###############################################################################
#
# IAR ELF Linker V2.20.1.176 for STM8                     20/Nov/2017  19:35:35
# Copyright 2010-2015 IAR Systems AB.
#
#    Output file  =  E:\1-source\A508\PRJ\Debug\Exe\A508_DEMO1.out
#    Map file     =  E:\1-source\A508\PRJ\Debug\List\A508_DEMO1.map
#    Command line =  
#        E:\1-source\A508\PRJ\Debug\Obj\ApiAtCmd.o
#        E:\1-source\A508\PRJ\Debug\Obj\ApiDisplay.o
#        E:\1-source\A508\PRJ\Debug\Obj\ApiKeyboard.o
#        E:\1-source\A508\PRJ\Debug\Obj\ApiPocCmd.o
#        E:\1-source\A508\PRJ\Debug\Obj\Beep.o
#        E:\1-source\A508\PRJ\Debug\Obj\CommonLib.o
#        E:\1-source\A508\PRJ\Debug\Obj\Delay.o
#        E:\1-source\A508\PRJ\Debug\Obj\DrvGD83.o
#        E:\1-source\A508\PRJ\Debug\Obj\DrvGT20L16S1Y.o
#        E:\1-source\A508\PRJ\Debug\Obj\DrvHTG12832.o
#        E:\1-source\A508\PRJ\Debug\Obj\DrvKeyboard.o
#        E:\1-source\A508\PRJ\Debug\Obj\main.o
#        E:\1-source\A508\PRJ\Debug\Obj\McuConfig.o
#        E:\1-source\A508\PRJ\Debug\Obj\stm8s_adc2.o
#        E:\1-source\A508\PRJ\Debug\Obj\stm8s_awu.o
#        E:\1-source\A508\PRJ\Debug\Obj\stm8s_beep.o
#        E:\1-source\A508\PRJ\Debug\Obj\stm8s_clk.o
#        E:\1-source\A508\PRJ\Debug\Obj\stm8s_exti.o
#        E:\1-source\A508\PRJ\Debug\Obj\stm8s_flash.o
#        E:\1-source\A508\PRJ\Debug\Obj\stm8s_gpio.o
#        E:\1-source\A508\PRJ\Debug\Obj\stm8s_i2c.o
#        E:\1-source\A508\PRJ\Debug\Obj\stm8s_it.o
#        E:\1-source\A508\PRJ\Debug\Obj\stm8s_itc.o
#        E:\1-source\A508\PRJ\Debug\Obj\stm8s_iwdg.o
#        E:\1-source\A508\PRJ\Debug\Obj\stm8s_rst.o
#        E:\1-source\A508\PRJ\Debug\Obj\stm8s_spi.o
#        E:\1-source\A508\PRJ\Debug\Obj\stm8s_tim1.o
#        E:\1-source\A508\PRJ\Debug\Obj\stm8s_tim2.o
#        E:\1-source\A508\PRJ\Debug\Obj\stm8s_tim3.o
#        E:\1-source\A508\PRJ\Debug\Obj\stm8s_tim4.o
#        E:\1-source\A508\PRJ\Debug\Obj\stm8s_uart1.o
#        E:\1-source\A508\PRJ\Debug\Obj\stm8s_uart3.o
#        E:\1-source\A508\PRJ\Debug\Obj\stm8s_wwdg.o
#        E:\1-source\A508\PRJ\Debug\Obj\sysclock.o
#        E:\1-source\A508\PRJ\Debug\Obj\System.o
#        E:\1-source\A508\PRJ\Debug\Obj\Task.o
#        E:\1-source\A508\PRJ\Debug\Obj\Tone.o --redirect _Printf=_PrintfSmall
#        --redirect _Scanf=_ScanfSmall -o
#        E:\1-source\A508\PRJ\Debug\Exe\A508_DEMO1.out --map
#        E:\1-source\A508\PRJ\Debug\List\A508_DEMO1.map --config "C:\Program
#        Files\IAR Systems\Embedded Workbench
#        7.3\stm8\config\lnkstm8s007c8.icf" --config_def _CSTACK_SIZE=0x100
#        --config_def _HEAP_SIZE=0x100 --entry __iar_program_start --debug_lib
#
###############################################################################

*******************************************************************************
*** RUNTIME MODEL ATTRIBUTES
***

__SystemLibrary            = DLib
__code_model               = small
__core                     = stm8
__data_model               = medium
__dlib_file_descriptor     = 0
__dlib_full_locale_support = 0
__rt_version               = 4


*******************************************************************************
*** PLACEMENT SUMMARY
***

"A1":  place at start of [0x000000-0x0000ff] { rw section .vregs };
"A2":  place at end of [0x000000-0x0017ff] { block CSTACK };
"P2":  place in [from 0x000000 to 0x0017ff] {
          block HEAP, rw section __DLIB_PERTHREAD, rw section .far.bss,
          rw section .far.data, rw section .far.noinit,
          rw section .far_func.textrw, rw section .huge.bss,
          rw section .huge.data, rw section .huge.noinit,
          rw section .huge_func.textrw, rw section .iar.dynexit,
          rw section .near.bss, rw section .near.data, rw section .near.noinit,
          rw section .near_func.textrw };
"A3":  place at start of [0x008000-0x00ffff] { block INTVEC };
"P3":  place in [from 0x008000 to 0x00ffff] {
          ro section __DLIB_PERTHREAD_init, ro section .far.data_init,
          ro section .far_func.textrw_init, ro section .huge.data_init,
          ro section .huge_func.textrw_init, ro section .iar.init_table,
          ro section .init_array, ro section .near.data_init,
          ro section .near.rodata, ro section .near_func.text,
          ro section .near_func.textrw_init, ro section .tiny.data_init,
          ro section .tiny.rodata_init };

  Section            Kind      Address    Size  Object
  -------            ----      -------    ----  ------
"A1":                                     0x10
  .vregs             uninit   0x000000    0x10  vregs.o [4]
                            - 0x000010    0x10

"P2", part 1 of 2:                        0x3e
  P2-1                        0x000010    0x3e  <Init block>
    .near.data       inited   0x000010     0x2  ApiAtCmd.o [1]
    .near.data       inited   0x000012     0x2  ApiAtCmd.o [1]
    .near.data       inited   0x000014     0x2  ApiAtCmd.o [1]
    .near.data       inited   0x000016     0x2  ApiPocCmd.o [1]
    .near.data       inited   0x000018     0x2  DrvGD83.o [1]
    .near.data       inited   0x00001a     0x2  DrvGD83.o [1]
    .near.data       inited   0x00001c     0x2  DrvGD83.o [1]
    .near.data       inited   0x00001e     0x8  DrvGT20L16S1Y.o [1]
    .near.data       inited   0x000026    0x20  DrvGT20L16S1Y.o [1]
    .near.data       inited   0x000046     0x2  Task.o [1]
    .near.data       inited   0x000048     0x2  Task.o [1]
    .near.data       inited   0x00004a     0x2  Task.o [1]
    .near.data       inited   0x00004c     0x2  Task.o [1]
                            - 0x00004e    0x3e

"P2", part 2 of 2:                       0x914
  .near.bss          zero     0x00004e   0x355  ApiPocCmd.o [1]
  .near.bss          zero     0x0003a3   0x28a  DrvGD83.o [1]
  .near.bss          zero     0x00062d   0x200  ApiDisplay.o [1]
  .near.bss          zero     0x00082d    0x77  ApiAtCmd.o [1]
  .near.bss          zero     0x0008a4    0x40  ApiDisplay.o [1]
  .near.bss          zero     0x0008e4    0x32  DrvGD83.o [1]
  .near.bss          zero     0x000916    0x14  System.o [1]
  .near.bss          zero     0x00092a    0x12  Beep.o [1]
  .near.bss          zero     0x00093c    0x12  Tone.o [1]
  .near.bss          zero     0x00094e     0xb  Delay.o [1]
  .near.bss          zero     0x000959     0x4  ApiDisplay.o [1]
  .near.bss          zero     0x00095d     0x2  DrvHTG12832.o [1]
  .near.bss          zero     0x00095f     0x1  ApiAtCmd.o [1]
  .near.bss          zero     0x000960     0x1  ApiAtCmd.o [1]
  .near.bss          zero     0x000961     0x1  DrvGD83.o [1]
                            - 0x000962   0x914

"A2":                                    0x100
  CSTACK                      0x001700   0x100  <Block>
    CSTACK           uninit   0x001700   0x100  <Block tail>
                            - 0x001800   0x100

"A3":                                     0x80
  INTVEC                      0x008000    0x80  <Block>
    .intvec          const    0x008000    0x80  interrupt.o [4]
                            - 0x008080    0x80

"P3":                                   0x29e5
  .near_func.text    ro code  0x008080   0x635  DrvGD83.o [1]
  .near_func.text    ro code  0x0086b5   0x231  Beep.o [1]
  .near_func.text    ro code  0x0088e6   0x219  DrvHTG12832.o [1]
  .near_func.text    ro code  0x008aff   0x19a  DrvGT20L16S1Y.o [1]
  .near_func.text    ro code  0x008c99   0x17a  long.o [4]
  .near_func.text    ro code  0x008e13   0x134  stm8s_uart1.o [1]
  .near_func.text    ro code  0x008f47   0x11e  vreg_util.o [4]
  .near_func.text    ro code  0x009065   0x101  stm8s_itc.o [1]
  .near_func.text    ro code  0x009166    0xe1  DrvGD83.o [1]
  .near_func.text    ro code  0x009247    0xdf  ApiDisplay.o [1]
  .near_func.text    ro code  0x009326    0xdb  CommonLib.o [1]
  .near_func.text    ro code  0x009401    0xbb  ApiPocCmd.o [1]
  .near_func.text    ro code  0x0094bc    0xb2  ApiDisplay.o [1]
  .near_func.text    ro code  0x00956e    0xb1  System.o [1]
  .near_func.text    ro code  0x00961f    0xb0  Beep.o [1]
  .near_func.text    ro code  0x0096cf    0xaf  stm8s_gpio.o [1]
  .near_func.text    ro code  0x00977e    0xa2  Delay.o [1]
  .near_func.text    ro code  0x009820    0xa2  stm8s_clk.o [1]
  .near_func.text    ro code  0x0098c2    0x99  stm8s_tim1.o [1]
  .near_func.text    ro code  0x00995b    0x90  stm8s_uart1.o [1]
  .near_func.text    ro code  0x0099eb    0x7f  ApiPocCmd.o [1]
  .near_func.text    ro code  0x009a6a    0x7d  Task.o [1]
  .near_func.text    ro code  0x009ae7    0x7a  DrvGD83.o [1]
  .near_func.text    ro code  0x009b61    0x73  Delay.o [1]
  .near_func.text    ro code  0x009bd4    0x6c  stm8s_uart1.o [1]
  .near_func.text    ro code  0x009c40    0x67  Tone.o [1]
  .near_func.text    ro code  0x009ca7    0x63  ApiAtCmd.o [1]
  .near_func.text    ro code  0x009d0a    0x61  stm8s_tim1.o [1]
  .near_func.text    ro code  0x009d6b    0x5f  DrvGT20L16S1Y.o [1]
  .near_func.text    ro code  0x009dca    0x5a  DrvGT20L16S1Y.o [1]
  .near_func.text    ro code  0x009e24    0x57  stm8s_clk.o [1]
  .near_func.text    ro code  0x009e7b    0x54  Delay.o [1]
  .near.rodata       const    0x009ecf    0x53  Task.o [1]
  .near_func.text    ro code  0x009f22    0x4e  Tone.o [1]
  .near_func.text    ro code  0x009f70    0x4c  DrvGD83.o [1]
  .near_func.text    ro code  0x009fbc    0x4c  DrvGT20L16S1Y.o [1]
  .near_func.text    ro code  0x00a008    0x4a  ApiDisplay.o [1]
  .near_func.text    ro code  0x00a052    0x49  DrvGD83.o [1]
  .near_func.text    ro code  0x00a09b    0x49  DrvGD83.o [1]
  .near_func.text    ro code  0x00a0e4    0x49  DrvGD83.o [1]
  .near_func.text    ro code  0x00a12d    0x47  long_util.o [4]
  .near_func.text    ro code  0x00a174    0x43  stm8s_tim1.o [1]
  .near_func.text    ro code  0x00a1b7    0x40  ApiAtCmd.o [1]
  Initializer bytes  const    0x00a1f7    0x3e  <for P2-1>
  .near_func.text    ro code  0x00a235    0x3d  ApiAtCmd.o [1]
  .near_func.text    ro code  0x00a272    0x36  DrvGT20L16S1Y.o [1]
  .near_func.text    ro code  0x00a2a8    0x36  stm8s_flash.o [1]
  .near_func.text    ro code  0x00a2de    0x36  memcmp.o [4]
  .near_func.text    ro code  0x00a314    0x33  ApiDisplay.o [1]
  .near_func.text    ro code  0x00a347    0x33  DrvGT20L16S1Y.o [1]
  .near_func.text    ro code  0x00a37a    0x32  Beep.o [1]
  .near_func.text    ro code  0x00a3ac    0x32  stm8s_uart1.o [1]
  .near_func.text    ro code  0x00a3de    0x32  short.o [4]
  .near_func.text    ro code  0x00a410    0x30  McuConfig.o [1]
  .near_func.text    ro code  0x00a440    0x30  sysclock.o [1]
  .near_func.text    ro code  0x00a470    0x2d  stm8s_uart1.o [1]
  .near_func.text    ro code  0x00a49d    0x2c  DrvGD83.o [1]
  .near.rodata       const    0x00a4c9    0x2a  Task.o [1]
  .near_func.text    ro code  0x00a4f3    0x2a  McuConfig.o [1]
  .near_func.text    ro code  0x00a51d    0x28  Delay.o [1]
  .near_func.text    ro code  0x00a545    0x28  init_small.o [4]
  .near_func.text    ro code  0x00a56d    0x27  stm8s_flash.o [1]
  .near_func.text    ro code  0x00a594    0x27  sysclock.o [1]
  .near_func.text    ro code  0x00a5bb    0x25  dc_util.o [4]
  .near_func.text    ro code  0x00a5e0    0x24  McuConfig.o [1]
  .near_func.text    ro code  0x00a604    0x24  stm8s_flash.o [1]
  .near_func.text    ro code  0x00a628    0x24  stm8s_tim1.o [1]
  .near_func.text    ro code  0x00a64c    0x23  Tone.o [1]
  .iar.init_table    const    0x00a66f    0x12  - Linker created -
  .near_func.text    ro code  0x00a681    0x20  stm8s_it.o [1]
  .near_func.text    ro code  0x00a6a1    0x1f  Delay.o [1]
  .near_func.text    ro code  0x00a6c0    0x1f  move.o [4]
  .near_func.text    ro code  0x00a6df    0x1e  init_small.o [4]
  .near_func.text    ro code  0x00a6fd    0x1c  Delay.o [1]
  .near_func.text    ro code  0x00a719    0x1b  stm8s_it.o [1]
  .near_func.text    ro code  0x00a734    0x1b  sysclock.o [1]
  .near_func.text    ro code  0x00a74f    0x1a  Beep.o [1]
  .near_func.text    ro code  0x00a769    0x18  McuConfig.o [1]
  .near_func.text    ro code  0x00a781    0x18  McuConfig.o [1]
  .near_func.text    ro code  0x00a799    0x18  McuConfig.o [1]
  .near_func.text    ro code  0x00a7b1    0x17  McuConfig.o [1]
  .near_func.text    ro code  0x00a7c8    0x17  McuConfig.o [1]
  .near_func.text    ro code  0x00a7df    0x17  McuConfig.o [1]
  .near_func.text    ro code  0x00a7f6    0x17  McuConfig.o [1]
  .near_func.text    ro code  0x00a80d    0x17  McuConfig.o [1]
  .near_func.text    ro code  0x00a824    0x17  init.o [4]
  .near_func.text    ro code  0x00a83b    0x16  stm8s_flash.o [1]
  .near_func.text    ro code  0x00a851    0x15  ApiDisplay.o [1]
  .near_func.text    ro code  0x00a866    0x14  DrvGT20L16S1Y.o [1]
  .near_func.text    ro code  0x00a87a    0x14  __dbg_xxexit.o [3]
  .near_func.text    ro code  0x00a88e    0x13  stm8s_clk.o [1]
  .near_func.text    ro code  0x00a8a1    0x13  stm8s_tim3.o [1]
  .near_func.text    ro code  0x00a8b4    0x13  cstartup.o [4]
  .near_func.text    ro code  0x00a8c7    0x12  strlen.o [4]
  .near.rodata       const    0x00a8d9    0x10  ApiDisplay.o [1]
  .near.rodata       const    0x00a8e9    0x10  ApiDisplay.o [1]
  .near.rodata       const    0x00a8f9     0xf  Task.o [1]
  .near.rodata       const    0x00a908     0xe  System.o [1]
  .near_func.text    ro code  0x00a916     0xd  stm8s_tim1.o [1]
  .near_func.text    ro code  0x00a923     0xd  stm8s_tim1.o [1]
  .near_func.text    ro code  0x00a930     0xd  stm8s_tim1.o [1]
  .near_func.text    ro code  0x00a93d     0xd  stm8s_tim3.o [1]
  .near_func.text    ro code  0x00a94a     0xd  stm8s_tim3.o [1]
  .near_func.text    ro code  0x00a957     0xd  stm8s_uart1.o [1]
  .near_func.text    ro code  0x00a964     0xc  Delay.o [1]
  .near_func.text    ro code  0x00a970     0xc  McuConfig.o [1]
  .near_func.text    ro code  0x00a97c     0xc  McuConfig.o [1]
  .near_func.text    ro code  0x00a988     0xc  McuConfig.o [1]
  .near_func.text    ro code  0x00a994     0xc  McuConfig.o [1]
  .near_func.text    ro code  0x00a9a0     0xc  stm8s_tim3.o [1]
  .near.rodata       const    0x00a9ac     0xb  Task.o [1]
  .near.rodata       const    0x00a9b7     0xa  ApiAtCmd.o [1]
  .near_func.text    ro code  0x00a9c1     0xa  ApiPocCmd.o [1]
  .near.rodata       const    0x00a9cb     0x9  ApiAtCmd.o [1]
  .near.rodata       const    0x00a9d4     0x9  DrvGD83.o [1]
  .near_func.text    ro code  0x00a9dd     0x9  stm8s_gpio.o [1]
  .near_func.text    ro code  0x00a9e6     0x9  stm8s_tim3.o [1]
  .near.rodata       const    0x00a9ef     0x8  ApiAtCmd.o [1]
  .near.rodata       const    0x00a9f7     0x8  ApiDisplay.o [1]
  .near.rodata       const    0x00a9ff     0x8  ApiPocCmd.o [1]
  .near_func.text    ro code  0x00aa07     0x7  stm8s_flash.o [1]
  .near_func.text    ro code  0x00aa0e     0x7  stm8s_gpio.o [1]
  .near.rodata       const    0x00aa15     0x6  DrvGD83.o [1]
  .near_func.text    ro code  0x00aa1b     0x6  char.o [4]
  .near_func.text    ro code  0x00aa21     0x5  stm8s_tim3.o [1]
  .near_func.text    ro code  0x00aa26     0x5  cexit.o [4]
  .near.rodata       const    0x00aa2b     0x4  stm8s_clk.o [1]
  .near_func.text    ro code  0x00aa2f     0x4  stm8s_gpio.o [1]
  .near_func.text    ro code  0x00aa33     0x4  stm8s_uart1.o [1]
  .near_func.text    ro code  0x00aa37     0x4  stm8s_uart1.o [1]
  .near.rodata       const    0x00aa3b     0x3  DrvGD83.o [1]
  .near_func.text    ro code  0x00aa3e     0x3  main.o [1]
  .near_func.text    ro code  0x00aa41     0x3  interrupt.o [4]
  .near_func.text    ro code  0x00aa44     0x3  low_level_init.o [4]
  .near_func.text    ro code  0x00aa47     0x3  exit.o [4]
  .near_func.text    ro code  0x00aa4a     0x3  unhandled_exception.o [4]
  .near_func.text    ro code  0x00aa4d     0x1  stm8s_it.o [1]
  .near_func.text    ro code  0x00aa4e     0x1  stm8s_it.o [1]
  .near_func.text    ro code  0x00aa4f     0x1  stm8s_it.o [1]
  .near_func.text    ro code  0x00aa50     0x1  stm8s_it.o [1]
  .near_func.text    ro code  0x00aa51     0x1  stm8s_it.o [1]
  .near_func.text    ro code  0x00aa52     0x1  stm8s_it.o [1]
  .near_func.text    ro code  0x00aa53     0x1  stm8s_it.o [1]
  .near_func.text    ro code  0x00aa54     0x1  stm8s_it.o [1]
  .near_func.text    ro code  0x00aa55     0x1  stm8s_it.o [1]
  .near_func.text    ro code  0x00aa56     0x1  stm8s_it.o [1]
  .near_func.text    ro code  0x00aa57     0x1  stm8s_it.o [1]
  .near_func.text    ro code  0x00aa58     0x1  stm8s_it.o [1]
  .near_func.text    ro code  0x00aa59     0x1  stm8s_it.o [1]
  .near_func.text    ro code  0x00aa5a     0x1  stm8s_it.o [1]
  .near_func.text    ro code  0x00aa5b     0x1  stm8s_it.o [1]
  .near_func.text    ro code  0x00aa5c     0x1  stm8s_it.o [1]
  .near_func.text    ro code  0x00aa5d     0x1  stm8s_it.o [1]
  .near_func.text    ro code  0x00aa5e     0x1  stm8s_it.o [1]
  .near_func.text    ro code  0x00aa5f     0x1  stm8s_it.o [1]
  .near_func.text    ro code  0x00aa60     0x1  stm8s_it.o [1]
  .near_func.text    ro code  0x00aa61     0x1  stm8s_it.o [1]
  .near_func.text    ro code  0x00aa62     0x1  stm8s_it.o [1]
  .near_func.text    ro code  0x00aa63     0x1  Task.o [1]
  .near_func.text    ro code  0x00aa64     0x1  __dbg_break.o [3]
                            - 0x00aa65  0x29e5


*******************************************************************************
*** INIT TABLE
***

          Address   Size
          -------   ----
Zero (__iar_zero_init2)
    1 destination range, total size 0x914:
          0x00004e  0x914

Copy (__iar_copy_init2)
    1 source range, total size 0x3e:
          0x00a1f7   0x3e
    1 destination range, total size 0x3e:
          0x000010   0x3e



*******************************************************************************
*** MODULE SUMMARY
***

    Module                 ro code  ro data  rw data
    ------                 -------  -------  -------
E:\1-source\A508\PRJ\Debug\Obj: [1]
    ApiAtCmd.o                 224       33      127
    ApiDisplay.o               547       40      580
    ApiPocCmd.o                324       10      855
    Beep.o                     813                18
    CommonLib.o                219
    Delay.o                    472                11
    DrvGD83.o                2 275       24      707
    DrvGT20L16S1Y.o            796       40       40
    DrvHTG12832.o              537                 2
    McuConfig.o                361
    System.o                   177       14       20
    Task.o                     126      159        8
    Tone.o                     216                18
    main.o                       3
    stm8s_clk.o                268        4
    stm8s_flash.o              158
    stm8s_gpio.o               195
    stm8s_it.o                  81
    stm8s_itc.o                257
    stm8s_tim1.o               392
    stm8s_tim3.o                71
    stm8s_uart1.o              676
    sysclock.o                 114
    ------------------------------------------------
    Total:                   9 302      324    2 386

command line: [2]
    ------------------------------------------------
    Total:

dbgstm8smd.a: [3]
    __dbg_break.o                1
    __dbg_xxexit.o              20
    ------------------------------------------------
    Total:                      21

dlstm8smn.a: [4]
    cexit.o                      5
    char.o                       6
    cstartup.o                  19
    dc_util.o                   37
    exit.o                       3
    init.o                      23
    init_small.o                70
    interrupt.o                  3      128
    long.o                     378
    long_util.o                 71
    low_level_init.o             3
    memcmp.o                    54
    move.o                      31
    short.o                     50
    strlen.o                    18
    unhandled_exception.o        3
    vreg_util.o                286
    vregs.o                                       16
    ------------------------------------------------
    Total:                   1 060      128       16

    Linker created                       18      256
----------------------------------------------------
    Grand Total:            10 383      470    2 658


*******************************************************************************
*** ENTRY LIST
***

Entry                    Address   Size  Type      Object
-----                    -------   ----  ----      ------
.iar.init_table$$Base   0x00a66f          --   Gb  - Linker created -
.iar.init_table$$Limit  0x00a681          --   Gb  - Linker created -
?add32_l0_l0_0x         0x008c9c         Code  Gb  long.o [4]
?add32_l0_l0_l1         0x008c99         Code  Gb  long.o [4]
?b0                     0x000000         Data  Gb  vregs.o [4]
?b1                     0x000001         Data  Gb  vregs.o [4]
?b10                    0x00000a         Data  Gb  vregs.o [4]
?b11                    0x00000b         Data  Gb  vregs.o [4]
?b12                    0x00000c         Data  Gb  vregs.o [4]
?b13                    0x00000d         Data  Gb  vregs.o [4]
?b14                    0x00000e         Data  Gb  vregs.o [4]
?b15                    0x00000f         Data  Gb  vregs.o [4]
?b2                     0x000002         Data  Gb  vregs.o [4]
?b3                     0x000003         Data  Gb  vregs.o [4]
?b4                     0x000004         Data  Gb  vregs.o [4]
?b5                     0x000005         Data  Gb  vregs.o [4]
?b6                     0x000006         Data  Gb  vregs.o [4]
?b7                     0x000007         Data  Gb  vregs.o [4]
?b8                     0x000008         Data  Gb  vregs.o [4]
?b9                     0x000009         Data  Gb  vregs.o [4]
?dc32_l0                0x00a5bb         Code  Gb  dc_util.o [4]
?dc32_l1                0x00a5c8         Code  Gb  dc_util.o [4]
?dc32_px                0x00a5d5         Code  Gb  dc_util.o [4]
?e0                     0x000001         Data  Gb  vregs.o [4]
?e1                     0x000005         Data  Gb  vregs.o [4]
?e2                     0x000009         Data  Gb  vregs.o [4]
?e3                     0x00000d         Data  Gb  vregs.o [4]
?epilogue_l2            0x008fee         Code  Gb  vreg_util.o [4]
?epilogue_l2_l3         0x008feb         Code  Gb  vreg_util.o [4]
?epilogue_l2_w6         0x008ff2         Code  Gb  vreg_util.o [4]
?epilogue_w4            0x008ff9         Code  Gb  vreg_util.o [4]
?l0                     0x000000         Data  Gb  vregs.o [4]
?l1                     0x000004         Data  Gb  vregs.o [4]
?l2                     0x000008         Data  Gb  vregs.o [4]
?l3                     0x00000c         Data  Gb  vregs.o [4]
?load32_0x_l0           0x00a166         Code  Gb  long_util.o [4]
?load32_asp_l0          0x00a15a         Code  Gb  long_util.o [4]
?load32_dbsp_l0         0x00a155         Code  Gb  long_util.o [4]
?load32_l0_0x           0x00a13d         Code  Gb  long_util.o [4]
?load32_l0_asp          0x00a132         Code  Gb  long_util.o [4]
?load32_l0_dbsp         0x00a12d         Code  Gb  long_util.o [4]
?load32_l0_xsp          0x00a134         Code  Gb  long_util.o [4]
?load32_l1_0x           0x00a149         Code  Gb  long_util.o [4]
?load32_xsp_l0          0x00a15c         Code  Gb  long_util.o [4]
?longfarg16_v_w0_a      0x00a6cd         Code  Gb  move.o [4]
?longfarg16_v_w0_x      0x00a6cf         Code  Gb  move.o [4]
?mov_e0_e1              0x009000         Code  Gb  vreg_util.o [4]
?mov_e0_e2              0x00900d         Code  Gb  vreg_util.o [4]
?mov_e0_e3              0x00901a         Code  Gb  vreg_util.o [4]
?mov_e1_e0              0x009027         Code  Gb  vreg_util.o [4]
?mov_e1_e2              0x009034         Code  Gb  vreg_util.o [4]
?mov_e1_e3              0x009041         Code  Gb  vreg_util.o [4]
?mov_e2_e0              0x00904e         Code  Gb  vreg_util.o [4]
?mov_e3_e0              0x00905b         Code  Gb  vreg_util.o [4]
?mov_l0_l1              0x008ffd         Code  Gb  vreg_util.o [4]
?mov_l0_l2              0x00900a         Code  Gb  vreg_util.o [4]
?mov_l0_l3              0x009017         Code  Gb  vreg_util.o [4]
?mov_l1_l0              0x009024         Code  Gb  vreg_util.o [4]
?mov_l1_l2              0x009031         Code  Gb  vreg_util.o [4]
?mov_l1_l3              0x00903e         Code  Gb  vreg_util.o [4]
?mov_l2_l0              0x00904b         Code  Gb  vreg_util.o [4]
?mov_l3_l0              0x009058         Code  Gb  vreg_util.o [4]
?mov_w1_w3              0x009003         Code  Gb  vreg_util.o [4]
?mov_w1_w5              0x009010         Code  Gb  vreg_util.o [4]
?mov_w1_w7              0x00901d         Code  Gb  vreg_util.o [4]
?mov_w3_w1              0x00902a         Code  Gb  vreg_util.o [4]
?mov_w3_w5              0x009037         Code  Gb  vreg_util.o [4]
?mov_w3_w7              0x009044         Code  Gb  vreg_util.o [4]
?mov_w5_w1              0x009051         Code  Gb  vreg_util.o [4]
?mov_w7_w1              0x00905e         Code  Gb  vreg_util.o [4]
?move1616_v_x_y_a       0x00a6c0         Code  Gb  move.o [4]
?mul16_x_x_w0           0x00a3de         Code  Gb  short.o [4]
?mul32_l0_l0_0x         0x008cd2         Code  Gb  long.o [4]
?mul32_l0_l0_dl         0x008ccf         Code  Gb  long.o [4]
?mul32_l0_l0_l1         0x008cdb         Code  Gb  long.o [4]
?or32_l0_l0_0x          0x008dce         Code  Gb  long.o [4]
?pop_l0                 0x008fb7         Code  Gb  vreg_util.o [4]
?pop_l1                 0x008fc2         Code  Gb  vreg_util.o [4]
?pop_l2                 0x008fcd         Code  Gb  vreg_util.o [4]
?pop_l3                 0x008fd8         Code  Gb  vreg_util.o [4]
?pop_w4                 0x008f69         Code  Gb  vreg_util.o [4]
?pop_w6                 0x008f70         Code  Gb  vreg_util.o [4]
?pop_w7                 0x008f77         Code  Gb  vreg_util.o [4]
?push_l0                0x008f86         Code  Gb  vreg_util.o [4]
?push_l1                0x008f8b         Code  Gb  vreg_util.o [4]
?push_l2                0x008f90         Code  Gb  vreg_util.o [4]
?push_l3                0x008f95         Code  Gb  vreg_util.o [4]
?push_w4                0x008f47         Code  Gb  vreg_util.o [4]
?push_w6                0x008f4c         Code  Gb  vreg_util.o [4]
?push_w7                0x008f51         Code  Gb  vreg_util.o [4]
?sext32_l0_x            0x008e08         Code  Gb  long.o [4]
?sll16_x_x_4            0x00a406         Code  Gb  short.o [4]
?sll16_x_x_5            0x00a405         Code  Gb  short.o [4]
?sll16_x_x_6            0x00a404         Code  Gb  short.o [4]
?sll16_x_x_a            0x00a3fc         Code  Gb  short.o [4]
?sll32_0x_0x_a          0x008de9         Code  Gb  long.o [4]
?sll32_l0_l0_a          0x008de6         Code  Gb  long.o [4]
?srl16_x_x_4            0x00a40b         Code  Gb  short.o [4]
?srl32_0x_0x_a          0x008dfa         Code  Gb  long.o [4]
?srl32_l0_l0_a          0x008df7         Code  Gb  long.o [4]
?srl8_a_a_5             0x00aa1c         Code  Gb  char.o [4]
?srl8_a_a_6             0x00aa1b         Code  Gb  char.o [4]
?sub32_l0_l0_0x         0x008cb7         Code  Gb  long.o [4]
?sub32_l0_l0_l1         0x008cb4         Code  Gb  long.o [4]
?udiv32_l0_dl_l1        0x008d59         Code  Gb  long.o [4]
?udiv32_l0_l0_dl        0x008d5e         Code  Gb  long.o [4]
?udiv32_l0_l0_l1        0x008d61         Code  Gb  long.o [4]
?umod32_l1_l0_l1        0x008d61         Code  Gb  long.o [4]
?w0                     0x000000         Data  Gb  vregs.o [4]
?w1                     0x000002         Data  Gb  vregs.o [4]
?w2                     0x000004         Data  Gb  vregs.o [4]
?w3                     0x000006         Data  Gb  vregs.o [4]
?w4                     0x000008         Data  Gb  vregs.o [4]
?w5                     0x00000a         Data  Gb  vregs.o [4]
?w6                     0x00000c         Data  Gb  vregs.o [4]
?w7                     0x00000e         Data  Gb  vregs.o [4]
ADC2_IRQHandler         0x00aa60    0x1  Code  Gb  stm8s_it.o [1]
AF_Mute_Init            0x00a97c    0xc  Code  Gb  McuConfig.o [1]
AUDIO_IOAFMUT           0x00a7f6   0x17  Code  Gb  McuConfig.o [1]
AUDIO_IOAFPOW           0x00a80d   0x17  Code  Gb  McuConfig.o [1]
AWU_IRQHandler          0x00aa4f    0x1  Code  Gb  stm8s_it.o [1]
ApiAtCmd_10msRenew      0x009ca7   0x63  Code  Gb  ApiAtCmd.o [1]
ApiAtCmd_GetLoginState  0x00a9c1    0xa  Code  Gb  ApiPocCmd.o [1]
ApiAtCmd_WritCommand    0x00a1b7   0x40  Code  Gb  ApiAtCmd.o [1]
ApiCaretCmd_10msRenew   0x00a235   0x3d  Code  Gb  ApiAtCmd.o [1]
ApiPocCmd_10msRenew     0x0099eb   0x7f  Code  Gb  ApiPocCmd.o [1]
ApiPocCmd_WritCommand   0x009401   0xbb  Code  Gb  ApiPocCmd.o [1]
AtCmdDrvobj             0x00082d   0x77  Data  Lc  ApiAtCmd.o [1]
AtNotify_Queue          0x0080cc   0x4c  Code  Lc  DrvGD83.o [1]
AtNotify_Queue_Start    0x008118   0x55  Code  Lc  DrvGD83.o [1]
BEEP_Interrupt10ms      0x00a74f   0x1a  Code  Gb  Beep.o [1]
BEEP_PowerOnInitial     0x00961f   0xb0  Code  Gb  Beep.o [1]
BEEP_SetOutput          0x0086b5  0x231  Code  Gb  Beep.o [1]
BEEP_Time               0x00a37a   0x32  Code  Gb  Beep.o [1]
BaseAdd                 0x000026   0x20  Data  Gb  DrvGT20L16S1Y.o [1]
BeepDrvObj              0x00092a   0x12  Data  Lc  Beep.o [1]
BitTab                  0x00a9f7    0x8  Data  Gb  ApiDisplay.o [1]
BootProcess_PPPCFG_Flag
                        0x000960    0x1  Data  Gb  ApiAtCmd.o [1]
BootProcess_SIMST_Flag  0x00095f    0x1  Data  Gb  ApiAtCmd.o [1]
CHAR_HIGH               0x00a8d9   0x10  Data  Gb  ApiDisplay.o [1]
CHAR_WIDTH              0x00a8e9   0x10  Data  Gb  ApiDisplay.o [1]
CLK_ClockSwitchConfig   0x009820   0xa2  Code  Gb  stm8s_clk.o [1]
CLK_GetClockFreq        0x009e24   0x57  Code  Gb  stm8s_clk.o [1]
CLK_HSIPrescalerConfig  0x00a88e   0x13  Code  Gb  stm8s_clk.o [1]
CLK_IRQHandler          0x00aa50    0x1  Code  Gb  stm8s_it.o [1]
COML_AscToHex           0x009326   0xdb  Code  Gb  CommonLib.o [1]
CSTACK$$Base            0x001700          --   Gb  - Linker created -
CSTACK$$Limit           0x001800          --   Gb  - Linker created -
C_TEST_OUT_SET          0x00a994    0xc  Code  Gb  McuConfig.o [1]
CaretNotify_Queue       0x009f70   0x4c  Code  Lc  DrvGD83.o [1]
CaretNotify_Queue_Start
                        0x0081c2   0x55  Code  Lc  DrvGD83.o [1]
DEL_1msProcess          0x00a964    0x9  Code  Lc  Delay.o [1]
DEL_GetTimer            0x009e7b   0x54  Code  Gb  Delay.o [1]
DEL_Interrupt           0x00977e   0xa2  Code  Gb  Delay.o [1]
DEL_PowerOnInitial      0x00a6a1   0x1f  Code  Gb  Delay.o [1]
DEL_Renew               0x00a96d    0x3  Code  Gb  Delay.o [1]
DEL_SetTimer            0x009b61   0x73  Code  Gb  Delay.o [1]
DEL_Soft1ms             0x00a6fd   0x1c  Code  Gb  Delay.o [1]
DEL_TimerRenew          0x00a51d   0x28  Code  Lc  Delay.o [1]
DISP_DataBuf            0x009247   0xdf  Code  Lc  ApiDisplay.o [1]
DISP_MulTypePro         0x0094bc   0xb2  Code  Lc  ApiDisplay.o [1]
DefaultSystemClockForHSI
                        0x00a734   0x1b  Code  Gb  sysclock.o [1]
DelDrvObj               0x00094e    0xb  Data  Lc  Delay.o [1]
DisDataBit              0x0008a4   0x40  Data  Gb  ApiDisplay.o [1]
DisDataBuf              0x00062d  0x200  Data  Gb  ApiDisplay.o [1]
DisDrvObj               0x000959    0x4  Data  Lc  ApiDisplay.o [1]
DrvGD83DrvObj           0x0003a3  0x28a  Data  Lc  DrvGD83.o [1]
DrvGD83_Init            0x00a781   0x18  Code  Gb  McuConfig.o [1]
DrvGD83_UART_TxCommand  0x009ae7   0x7a  Code  Gb  DrvGD83.o [1]
DrvMC8332_AtNotify_Queue_front
                        0x00a09b   0x49  Code  Gb  DrvGD83.o [1]
DrvMC8332_CaretNotify_Queue_front
                        0x00a052   0x49  Code  Gb  DrvGD83.o [1]
DrvMC8332_PocNotify_Queue_front
                        0x00a0e4   0x49  Code  Gb  DrvGD83.o [1]
DrvMC8332_TxPort_SetValidable
                        0x00a49d   0x2c  Code  Gb  DrvGD83.o [1]
DrvMC8332_UART_Interrupt
                        0x00836c  0x349  Code  Gb  DrvGD83.o [1]
DrvMc8332_UART_TxTail   0x009166   0xe1  Code  Gb  DrvGD83.o [1]
EEPROM_EEC_IRQHandler   0x00aa62    0x1  Code  Gb  stm8s_it.o [1]
EXTI_PORTA_IRQHandler   0x00aa51    0x1  Code  Gb  stm8s_it.o [1]
EXTI_PORTB_IRQHandler   0x00aa52    0x1  Code  Gb  stm8s_it.o [1]
EXTI_PORTC_IRQHandler   0x00aa53    0x1  Code  Gb  stm8s_it.o [1]
EXTI_PORTD_IRQHandler   0x00aa54    0x1  Code  Gb  stm8s_it.o [1]
EXTI_PORTE_IRQHandler   0x00aa55    0x1  Code  Gb  stm8s_it.o [1]
FLASH_EraseOptionByte   0x00a56d   0x27  Code  Gb  stm8s_flash.o [1]
FLASH_Lock              0x00aa07    0x7  Code  Gb  stm8s_flash.o [1]
FLASH_ProgramOptionByte
                        0x00a604   0x24  Code  Gb  stm8s_flash.o [1]
FLASH_Unlock            0x00a83b   0x16  Code  Gb  stm8s_flash.o [1]
FLASH_WaitForLastOperation
                        0x00a2a8   0x36  Code  Gb  stm8s_flash.o [1]
GD83_ON                 0x00a799   0x18  Code  Gb  McuConfig.o [1]
GPIO_Init               0x0096cf   0xaf  Code  Gb  stm8s_gpio.o [1]
GPIO_ReadInputPin       0x00a9dd    0x9  Code  Gb  stm8s_gpio.o [1]
GPIO_WriteHigh          0x00aa0e    0x7  Code  Gb  stm8s_gpio.o [1]
GPIO_WriteLow           0x00aa2f    0x4  Code  Gb  stm8s_gpio.o [1]
GT20_DelTime            0x00a866   0x14  Code  Lc  DrvGT20L16S1Y.o [1]
GT20_GetData            0x009d6b   0x5f  Code  Lc  DrvGT20L16S1Y.o [1]
GT20_GetDisData         0x00a272   0x36  Code  Lc  DrvGT20L16S1Y.o [1]
GT20_SendByte           0x009dca   0x5a  Code  Lc  DrvGT20L16S1Y.o [1]
GT20_SendCommand        0x009fbc   0x4c  Code  Lc  DrvGT20L16S1Y.o [1]
HSE_ClockStartUpConfiguration
                        0x00a440   0x30  Code  Lc  sysclock.o [1]
HSIDivFactor            0x00aa2b    0x4  Data  Gb  stm8s_clk.o [1]
HtgDrvObj               0x00095d    0x2  Data  Lc  DrvHTG12832.o [1]
I2C_IRQHandler          0x00aa5d    0x1  Code  Gb  stm8s_it.o [1]
INTVEC$$Base            0x008000          --   Gb  - Linker created -
INTVEC$$Limit           0x008080          --   Gb  - Linker created -
ITC_SetSoftwarePriority
                        0x009065  0x101  Code  Gb  stm8s_itc.o [1]
Key_Init                0x00a410   0x30  Code  Gb  McuConfig.o [1]
LED_Init                0x00a769   0x18  Code  Gb  McuConfig.o [1]
MIC_GPIO_Init           0x00a970    0xc  Code  Gb  McuConfig.o [1]
MIC_IOMUT               0x00a7df   0x17  Code  Gb  McuConfig.o [1]
Noise_Mute_Init         0x00a988    0xc  Code  Gb  McuConfig.o [1]
Notify_Queue_Stop       0x008217  0x155  Code  Lc  DrvGD83.o [1]
PocCmdDrvobj            0x00004e  0x355  Data  Lc  ApiPocCmd.o [1]
PocNotify_Queue         0x008080   0x4c  Code  Lc  DrvGD83.o [1]
PocNotify_Queue_Start   0x00816d   0x55  Code  Lc  DrvGD83.o [1]
Region$$Table$$Base     0x00a66f          --   Gb  - Linker created -
Region$$Table$$Limit    0x00a681          --   Gb  - Linker created -
SPI_IRQHandler          0x00aa56    0x1  Code  Gb  stm8s_it.o [1]
Set_GreenLed            0x00a7b1   0x17  Code  Gb  McuConfig.o [1]
Set_RedLed              0x00a7c8   0x17  Code  Gb  McuConfig.o [1]
SystemClock_Init        0x00a594   0x27  Code  Gb  sysclock.o [1]
TASK_WriteFreq          0x00aa63    0x1  Code  Gb  Task.o [1]
TIM1_CAP_COM_IRQHandler
                        0x00aa58    0x1  Code  Gb  stm8s_it.o [1]
TIM1_CCxCmd             0x00a174   0x43  Code  Gb  stm8s_tim1.o [1]
TIM1_Cmd                0x00a916    0xd  Code  Gb  stm8s_tim1.o [1]
TIM1_CtrlPWMOutputs     0x00a923    0xd  Code  Gb  stm8s_tim1.o [1]
TIM1_DeInit             0x0098c2   0x99  Code  Gb  stm8s_tim1.o [1]
TIM1_OC1Init            0x009d0a   0x61  Code  Gb  stm8s_tim1.o [1]
TIM1_OC1PreloadConfig   0x00a930    0xd  Code  Gb  stm8s_tim1.o [1]
TIM1_PWM_Init           0x009f22   0x4e  Code  Gb  Tone.o [1]
TIM1_TimeBaseInit       0x00a628   0x24  Code  Gb  stm8s_tim1.o [1]
TIM1_UPD_OVF_TRG_BRK_IRQHandler
                        0x00aa57    0x1  Code  Gb  stm8s_it.o [1]
TIM2_CAP_COM_IRQHandler
                        0x00aa5a    0x1  Code  Gb  stm8s_it.o [1]
TIM2_UPD_OVF_BRK_IRQHandler
                        0x00aa59    0x1  Code  Gb  stm8s_it.o [1]
TIM3_ARRPreloadConfig   0x00a94a    0xd  Code  Gb  stm8s_tim3.o [1]
TIM3_CAP_COM_IRQHandler
                        0x00aa5b    0x1  Code  Gb  stm8s_it.o [1]
TIM3_ClearITPendingBit  0x00aa21    0x5  Code  Gb  stm8s_tim3.o [1]
TIM3_Cmd                0x00a93d    0xd  Code  Gb  stm8s_tim3.o [1]
TIM3_ITConfig           0x00a8a1   0x13  Code  Gb  stm8s_tim3.o [1]
TIM3_PrescalerConfig    0x00a9e6    0x9  Code  Gb  stm8s_tim3.o [1]
TIM3_TimeBaseInit       0x00a9a0    0xc  Code  Gb  stm8s_tim3.o [1]
TIM3_UPD_OVF_BRK_IRQHandler
                        0x00a719   0x1b  Code  Gb  stm8s_it.o [1]
TIM4_UPD_OVF_IRQHandler
                        0x00aa61    0x1  Code  Gb  stm8s_it.o [1]
TLI_IRQHandler          0x00aa4e    0x1  Code  Gb  stm8s_it.o [1]
TONE_PowerOnInitial     0x009c40   0x67  Code  Gb  Tone.o [1]
TONE_Start              0x00a654   0x1b  Code  Gb  Tone.o [1]
TONE_Stop               0x00a64c    0x8  Code  Gb  Tone.o [1]
TRAP_IRQHandler         0x00aa4d    0x1  Code  Gb  stm8s_it.o [1]
TaskDrvObj              0x000916   0x14  Data  Lc  System.o [1]
Task_RunStart           0x009a6a   0x7d  Code  Gb  Task.o [1]
Tim3_Timer_Init         0x00a5e0   0x24  Code  Gb  McuConfig.o [1]
TimeVal                 0x00001e    0x8  Data  Gb  DrvGT20L16S1Y.o [1]
ToneDrvObj              0x00093c   0x12  Data  Lc  Tone.o [1]
UART1_Cmd               0x00a957    0xd  Code  Gb  stm8s_uart1.o [1]
UART1_DeInit            0x00a470   0x2d  Code  Gb  stm8s_uart1.o [1]
UART1_GetFlagStatus     0x00a3ac   0x32  Code  Gb  stm8s_uart1.o [1]
UART1_GetITStatus       0x00995b   0x90  Code  Gb  stm8s_uart1.o [1]
UART1_ITConfig          0x009bd4   0x6c  Code  Gb  stm8s_uart1.o [1]
UART1_Init              0x008e13  0x134  Code  Gb  stm8s_uart1.o [1]
UART1_RX_IRQHandler     0x00a681   0x20  Code  Gb  stm8s_it.o [1]
UART1_ReceiveData8      0x00aa33    0x4  Code  Gb  stm8s_uart1.o [1]
UART1_SendData8         0x00aa37    0x4  Code  Gb  stm8s_uart1.o [1]
UART1_TX_IRQHandler     0x00aa5c    0x1  Code  Gb  stm8s_it.o [1]
UART3_RX_IRQHandler     0x00aa5f    0x1  Code  Gb  stm8s_it.o [1]
UART3_TX_IRQHandler     0x00aa5e    0x1  Code  Gb  stm8s_it.o [1]
Uart1_Init              0x00a4f3   0x2a  Code  Gb  McuConfig.o [1]
__DebugBreak            0x00aa64    0x1  Code  Gb  __dbg_break.o [3]
__exit                  0x00a87a   0x14  Code  Gb  __dbg_xxexit.o [3]
__iar_copy_init2        0x00a545         Code  Gb  init_small.o [4]
__iar_data_init2        0x00a824   0x17  Code  Gb  init.o [4]
__iar_program_start     0x00a8b4         Code  Gb  cstartup.o [4]
__iar_unhandled_exception
                        0x00aa4a         Code  Gb  unhandled_exception.o [4]
__iar_zero_init2        0x00a6df         Code  Gb  init_small.o [4]
__intvec                0x008000         Data  Gb  interrupt.o [4]
__low_level_init        0x00aa44    0x3  Code  Gb  low_level_init.o [4]
_exit                   0x00aa26         Code  Gb  cexit.o [4]
_interrupt_1            0x00aa4d         Code  Gb  stm8s_it.o [1]
_interrupt_12           0x00aa56         Code  Gb  stm8s_it.o [1]
_interrupt_13           0x00aa57         Code  Gb  stm8s_it.o [1]
_interrupt_14           0x00aa58         Code  Gb  stm8s_it.o [1]
_interrupt_15           0x00aa59         Code  Gb  stm8s_it.o [1]
_interrupt_16           0x00aa5a         Code  Gb  stm8s_it.o [1]
_interrupt_17           0x00a719         Code  Gb  stm8s_it.o [1]
_interrupt_18           0x00aa5b         Code  Gb  stm8s_it.o [1]
_interrupt_19           0x00aa5c         Code  Gb  stm8s_it.o [1]
_interrupt_2            0x00aa4e         Code  Gb  stm8s_it.o [1]
_interrupt_20           0x00a681         Code  Gb  stm8s_it.o [1]
_interrupt_21           0x00aa5d         Code  Gb  stm8s_it.o [1]
_interrupt_22           0x00aa5e         Code  Gb  stm8s_it.o [1]
_interrupt_23           0x00aa5f         Code  Gb  stm8s_it.o [1]
_interrupt_24           0x00aa60         Code  Gb  stm8s_it.o [1]
_interrupt_25           0x00aa61         Code  Gb  stm8s_it.o [1]
_interrupt_26           0x00aa62         Code  Gb  stm8s_it.o [1]
_interrupt_3            0x00aa4f         Code  Gb  stm8s_it.o [1]
_interrupt_4            0x00aa50         Code  Gb  stm8s_it.o [1]
_interrupt_5            0x00aa51         Code  Gb  stm8s_it.o [1]
_interrupt_6            0x00aa52         Code  Gb  stm8s_it.o [1]
_interrupt_7            0x00aa53         Code  Gb  stm8s_it.o [1]
_interrupt_8            0x00aa54         Code  Gb  stm8s_it.o [1]
_interrupt_9            0x00aa55         Code  Gb  stm8s_it.o [1]
api_disp_all_screen_refresh
                        0x00a008   0x4a  Code  Gb  ApiDisplay.o [1]
api_disp_char_output    0x00a851   0x15  Code  Gb  ApiDisplay.o [1]
api_lcd_pwr_on_hint     0x00a314   0x33  Code  Gb  ApiDisplay.o [1]
drv_gt20_data_output    0x008aff  0x19a  Code  Gb  DrvGT20L16S1Y.o [1]
drv_gt20_pwr_on_init    0x00a377    0x3  Code  Gb  DrvGT20L16S1Y.o [1]
drv_htg_clr_allscr      0x008a04   0x31  Code  Gb  DrvHTG12832.o [1]
drv_htg_pwr_on_init     0x008af6    0x9  Code  Gb  DrvHTG12832.o [1]
drv_htg_reset           0x0088e6    0x5  Code  Gb  DrvHTG12832.o [1]
drv_htg_set_address     0x00895a   0x3b  Code  Gb  DrvHTG12832.o [1]
drv_htg_write_command   0x0088eb   0x6f  Code  Gb  DrvHTG12832.o [1]
drv_htg_write_data      0x008995   0x6f  Code  Gb  DrvHTG12832.o [1]
exit                    0x00aa47    0x3  Code  Gb  exit.o [4]
htg_delay_ms            0x008a35   0x1e  Code  Lc  DrvHTG12832.o [1]
htg_initial             0x008a53   0x5b  Code  Lc  DrvHTG12832.o [1]
main                    0x00aa3e    0x3  Code  Gb  main.o [1]
main_app                0x00956e   0xb1  Code  Gb  System.o [1]
mcu_gt20_initial        0x00a347   0x30  Code  Lc  DrvGT20L16S1Y.o [1]
mcu_lcd_initial         0x008aae   0x48  Code  Lc  DrvHTG12832.o [1]
memcmp                  0x00a2de   0x36  Code  Gb  memcmp.o [4]
strlen                  0x00a8c7   0x12  Code  Gb  strlen.o [4]
ucAtPocHead             0x000016    0x2  Data  Gb  ApiPocCmd.o [1]
ucCaretPPPCFG           0x000014    0x2  Data  Gb  ApiAtCmd.o [1]
ucOSSYSHWID             0x000046    0x2  Data  Gb  Task.o [1]
ucPPPCFG                0x000048    0x2  Data  Gb  Task.o [1]
ucPocOpenConfig         0x00004c    0x2  Data  Gb  Task.o [1]
ucRxCheckCard           0x000010    0x2  Data  Gb  ApiAtCmd.o [1]
ucRxOkHeadInfo          0x00001c    0x2  Data  Gb  DrvGD83.o [1]
ucRxPocHeadInfo         0x00001a    0x2  Data  Gb  DrvGD83.o [1]
ucSIMST                 0x000012    0x2  Data  Gb  ApiAtCmd.o [1]
ucSetParamConfig        0x00004a    0x2  Data  Gb  Task.o [1]
ucTxPocHeadInfo         0x000018    0x2  Data  Gb  DrvGD83.o [1]


[1] = E:\1-source\A508\PRJ\Debug\Obj
[2] = command line
[3] = dbgstm8smd.a
[4] = dlstm8smn.a

  10 383 bytes of readonly  code memory
     470 bytes of readonly  data memory
   2 658 bytes of readwrite data memory

Errors: none
Warnings: none
