###############################################################################
#
# IAR ELF Linker V2.20.1.176 for STM8                     08/Jan/2018  16:33:13
# Copyright 2010-2015 IAR Systems AB.
#
#    Output file  =  E:\1-source\A508\PRJ\Debug\Exe\A508_DEMO1.out
#    Map file     =  E:\1-source\A508\PRJ\Debug\List\A508_DEMO1.map
#    Command line =  
#        E:\1-source\A508\PRJ\Debug\Obj\ADC.o
#        E:\1-source\A508\PRJ\Debug\Obj\ApiAtCmd.o
#        E:\1-source\A508\PRJ\Debug\Obj\ApiDisplay.o
#        E:\1-source\A508\PRJ\Debug\Obj\ApiGpsCmd.o
#        E:\1-source\A508\PRJ\Debug\Obj\ApiKeyboard.o
#        E:\1-source\A508\PRJ\Debug\Obj\ApiLED.o
#        E:\1-source\A508\PRJ\Debug\Obj\ApiPocCmd.o
#        E:\1-source\A508\PRJ\Debug\Obj\Beep.o
#        E:\1-source\A508\PRJ\Debug\Obj\CommonLib.o
#        E:\1-source\A508\PRJ\Debug\Obj\Delay.o
#        E:\1-source\A508\PRJ\Debug\Obj\DrvGD83.o
#        E:\1-source\A508\PRJ\Debug\Obj\DrvGT20L16S1Y.o
#        E:\1-source\A508\PRJ\Debug\Obj\DrvHTG12832.o
#        E:\1-source\A508\PRJ\Debug\Obj\DrvKeyboard.o
#        E:\1-source\A508\PRJ\Debug\Obj\Flash_eeprom.o
#        E:\1-source\A508\SRC\Syetem\GT20L16_STM8_MEDIUN_IAR.a
#        E:\1-source\A508\PRJ\Debug\Obj\GT20L16P1Y_D.o
#        E:\1-source\A508\PRJ\Debug\Obj\main.o
#        E:\1-source\A508\PRJ\Debug\Obj\McuConfig.o
#        E:\1-source\A508\PRJ\Debug\Obj\stm8s_adc2.o
#        E:\1-source\A508\PRJ\Debug\Obj\stm8s_awu.o
#        E:\1-source\A508\PRJ\Debug\Obj\stm8s_beep.o
#        E:\1-source\A508\PRJ\Debug\Obj\stm8s_clk.o
#        E:\1-source\A508\PRJ\Debug\Obj\stm8s_exti.o
#        E:\1-source\A508\PRJ\Debug\Obj\stm8s_flash.o
#        E:\1-source\A508\PRJ\Debug\Obj\stm8s_gpio.o
#        E:\1-source\A508\PRJ\Debug\Obj\stm8s_i2c.o
#        E:\1-source\A508\PRJ\Debug\Obj\stm8s_it.o
#        E:\1-source\A508\PRJ\Debug\Obj\stm8s_itc.o
#        E:\1-source\A508\PRJ\Debug\Obj\stm8s_iwdg.o
#        E:\1-source\A508\PRJ\Debug\Obj\stm8s_rst.o
#        E:\1-source\A508\PRJ\Debug\Obj\stm8s_spi.o
#        E:\1-source\A508\PRJ\Debug\Obj\stm8s_tim1.o
#        E:\1-source\A508\PRJ\Debug\Obj\stm8s_tim2.o
#        E:\1-source\A508\PRJ\Debug\Obj\stm8s_tim3.o
#        E:\1-source\A508\PRJ\Debug\Obj\stm8s_tim4.o
#        E:\1-source\A508\PRJ\Debug\Obj\stm8s_uart1.o
#        E:\1-source\A508\PRJ\Debug\Obj\stm8s_uart3.o
#        E:\1-source\A508\PRJ\Debug\Obj\stm8s_wwdg.o
#        E:\1-source\A508\PRJ\Debug\Obj\sysclock.o
#        E:\1-source\A508\PRJ\Debug\Obj\System.o
#        E:\1-source\A508\PRJ\Debug\Obj\Task.o
#        E:\1-source\A508\PRJ\Debug\Obj\Tone.o
#        E:\1-source\A508\PRJ\Debug\Obj\uart3.o
#        E:\1-source\A508\PRJ\Debug\Obj\Voice.o --redirect _Printf=_PrintfSmall
#        --redirect _Scanf=_ScanfSmall -o
#        E:\1-source\A508\PRJ\Debug\Exe\A508_DEMO1.out --map
#        E:\1-source\A508\PRJ\Debug\List\A508_DEMO1.map --config "C:\Program
#        Files\IAR Systems\Embedded Workbench
#        7.3\stm8\config\lnkstm8s007c8.icf" --config_def _CSTACK_SIZE=0x200
#        --config_def _HEAP_SIZE=0x100 --entry __iar_program_start --debug_lib
#
###############################################################################

*******************************************************************************
*** RUNTIME MODEL ATTRIBUTES
***

__SystemLibrary            = DLib
__code_model               = medium_or_large
__core                     = stm8
__data_model               = large
__dlib_file_descriptor     = 0
__dlib_full_locale_support = 0
__rt_version               = 4


*******************************************************************************
*** PLACEMENT SUMMARY
***

"A1":  place at start of [0x000000-0x0000ff] { rw section .vregs };
"A2":  place at end of [0x000000-0x0017ff] { block CSTACK };
"P2":  place in [from 0x000000 to 0x0017ff] {
          block HEAP, rw section __DLIB_PERTHREAD, rw section .far.bss,
          rw section .far.data, rw section .far.noinit,
          rw section .far_func.textrw, rw section .huge.bss,
          rw section .huge.data, rw section .huge.noinit,
          rw section .huge_func.textrw, rw section .iar.dynexit,
          rw section .near.bss, rw section .near.data, rw section .near.noinit,
          rw section .near_func.textrw };
"A3":  place at start of [0x008000-0x00ffff] { block INTVEC };
"P3":  place in [from 0x008000 to 0x00ffff] {
          ro section __DLIB_PERTHREAD_init, ro section .far.data_init,
          ro section .far_func.textrw_init, ro section .huge.data_init,
          ro section .huge_func.textrw_init, ro section .iar.init_table,
          ro section .init_array, ro section .near.data_init,
          ro section .near.rodata, ro section .near_func.text,
          ro section .near_func.textrw_init, ro section .tiny.data_init,
          ro section .tiny.rodata_init };
"P4":  place in [from 0x008000 to 0x00ffff repeat 2] {
          ro section .far.rodata, ro section .far_func.text };

  Section            Kind      Address    Size  Object
  -------            ----      -------    ----  ------
"A1":                                     0x10
  .vregs             uninit   0x000000    0x10  vregs.o [5]
                            - 0x000010    0x10

"P2", part 1 of 5:                       0xef5
  .near.bss          zero     0x000010   0xef5  ApiPocCmd.o [1]
                            - 0x000f05   0xef5

"P2", part 2 of 5:                       0x28a
  .near.bss          zero     0x000f05   0x28a  DrvGD83.o [1]
                            - 0x00118f   0x28a

"P2", part 3 of 5:                       0x200
  .near.bss          zero     0x00118f   0x200  ApiDisplay.o [1]
                            - 0x00138f   0x200

"P2", part 4 of 5:                       0x1d1
  .near.bss          zero     0x00138f    0x77  ApiAtCmd.o [1]
  .near.bss          zero     0x001406    0x50  ApiPocCmd.o [1]
  .near.bss          zero     0x001456    0x44  uart3.o [1]
  .near.bss          zero     0x00149a    0x40  ApiDisplay.o [1]
  .near.bss          zero     0x0014da    0x14  System.o [1]
  .near.bss          zero     0x0014ee    0x12  Beep.o [1]
  .near.bss          zero     0x001500    0x12  Tone.o [1]
  .near.bss          zero     0x001512     0xf  ApiPocCmd.o [1]
  .near.bss          zero     0x001521     0xb  Delay.o [1]
  .near.bss          zero     0x00152c     0x7  Voice.o [1]
  .near.bss          zero     0x001533     0x6  ApiKeyboard.o [1]
  .near.bss          zero     0x001539     0x4  uart3.o [1]
  .near.bss          zero     0x00153d     0x3  ApiGpsCmd.o [1]
  .near.bss          zero     0x001540     0x2  ApiDisplay.o [1]
  .near.bss          zero     0x001542     0x2  DrvHTG12832.o [1]
  .near.bss          zero     0x001544     0x1  ADC.o [1]
  .near.bss          zero     0x001545     0x1  ApiAtCmd.o [1]
  .near.bss          zero     0x001546     0x1  ApiAtCmd.o [1]
  .near.bss          zero     0x001547     0x1  ApiAtCmd.o [1]
  .near.bss          zero     0x001548     0x1  ApiAtCmd.o [1]
  .near.bss          zero     0x001549     0x1  ApiAtCmd.o [1]
  .near.bss          zero     0x00154a     0x1  ApiGpsCmd.o [1]
  .near.bss          zero     0x00154b     0x1  ApiKeyboard.o [1]
  .near.bss          zero     0x00154c     0x1  ApiKeyboard.o [1]
  .near.bss          zero     0x00154d     0x1  ApiKeyboard.o [1]
  .near.bss          zero     0x00154e     0x1  ApiKeyboard.o [1]
  .near.bss          zero     0x00154f     0x1  ApiKeyboard.o [1]
  .near.bss          zero     0x001550     0x1  ApiKeyboard.o [1]
  .near.bss          zero     0x001551     0x1  ApiKeyboard.o [1]
  .near.bss          zero     0x001552     0x1  ApiKeyboard.o [1]
  .near.bss          zero     0x001553     0x1  ApiKeyboard.o [1]
  .near.bss          zero     0x001554     0x1  ApiKeyboard.o [1]
  .near.bss          zero     0x001555     0x1  ApiKeyboard.o [1]
  .near.bss          zero     0x001556     0x1  ApiKeyboard.o [1]
  .near.bss          zero     0x001557     0x1  ApiKeyboard.o [1]
  .near.bss          zero     0x001558     0x1  ApiLED.o [1]
  .near.bss          zero     0x001559     0x1  ApiPocCmd.o [1]
  .near.bss          zero     0x00155a     0x1  ApiPocCmd.o [1]
  .near.bss          zero     0x00155b     0x1  DrvGD83.o [1]
  .near.bss          zero     0x00155c     0x1  Task.o [1]
  .near.bss          zero     0x00155d     0x1  Task.o [1]
  .near.bss          zero     0x00155e     0x1  Task.o [1]
  .near.bss          zero     0x00155f     0x1  Task.o [1]
                            - 0x001560   0x1d1

"P2", part 5 of 5:                        0x7f
  P2-1                        0x001560    0x7f  <Init block>
    .near.data       inited   0x001560     0x1  ApiAtCmd.o [1]
    .near.data       inited   0x001561     0x3  ApiAtCmd.o [1]
    .near.data       inited   0x001564     0x3  ApiAtCmd.o [1]
    .near.data       inited   0x001567     0x3  ApiAtCmd.o [1]
    .near.data       inited   0x00156a     0x3  ApiAtCmd.o [1]
    .near.data       inited   0x00156d     0x3  ApiAtCmd.o [1]
    .near.data       inited   0x001570     0x3  ApiAtCmd.o [1]
    .near.data       inited   0x001573     0x3  ApiAtCmd.o [1]
    .near.data       inited   0x001576     0x3  ApiAtCmd.o [1]
    .near.data       inited   0x001579     0x3  ApiAtCmd.o [1]
    .near.data       inited   0x00157c     0x3  ApiAtCmd.o [1]
    .near.data       inited   0x00157f     0x3  ApiAtCmd.o [1]
    .near.data       inited   0x001582     0x3  ApiAtCmd.o [1]
    .near.data       inited   0x001585     0x3  ApiAtCmd.o [1]
    .near.data       inited   0x001588     0x3  ApiAtCmd.o [1]
    .near.data       inited   0x00158b     0x3  ApiAtCmd.o [1]
    .near.data       inited   0x00158e     0x3  ApiAtCmd.o [1]
    .near.data       inited   0x001591     0x3  ApiAtCmd.o [1]
    .near.data       inited   0x001594     0x3  ApiAtCmd.o [1]
    .near.data       inited   0x001597     0x1  ApiKeyboard.o [1]
    .near.data       inited   0x001598     0x3  ApiKeyboard.o [1]
    .near.data       inited   0x00159b     0x3  ApiKeyboard.o [1]
    .near.data       inited   0x00159e     0x3  ApiKeyboard.o [1]
    .near.data       inited   0x0015a1     0x1  ApiKeyboard.o [1]
    .near.data       inited   0x0015a2     0x3  ApiPocCmd.o [1]
    .near.data       inited   0x0015a5     0x3  ApiPocCmd.o [1]
    .near.data       inited   0x0015a8     0x3  DrvGD83.o [1]
    .near.data       inited   0x0015ab     0x3  DrvGD83.o [1]
    .near.data       inited   0x0015ae     0x3  DrvGD83.o [1]
    .near.data       inited   0x0015b1     0x3  DrvGD83.o [1]
    .near.data       inited   0x0015b4     0x3  System.o [1]
    .near.data       inited   0x0015b7     0x1  Task.o [1]
    .near.data       inited   0x0015b8     0x3  Task.o [1]
    .near.data       inited   0x0015bb     0x3  Task.o [1]
    .near.data       inited   0x0015be     0x3  Task.o [1]
    .near.data       inited   0x0015c1     0x3  Task.o [1]
    .near.data       inited   0x0015c4     0x3  Task.o [1]
    .near.data       inited   0x0015c7     0x3  Task.o [1]
    .near.data       inited   0x0015ca     0x3  Task.o [1]
    .near.data       inited   0x0015cd     0x3  Task.o [1]
    .near.data       inited   0x0015d0     0x3  Task.o [1]
    .near.data       inited   0x0015d3     0x3  Task.o [1]
    .near.data       inited   0x0015d6     0x3  Task.o [1]
    .near.data       inited   0x0015d9     0x3  Task.o [1]
    .near.data       inited   0x0015dc     0x3  Task.o [1]
                            - 0x0015df    0x7f

"A2":                                    0x200
  CSTACK                      0x001600   0x200  <Block>
    CSTACK           uninit   0x001600   0x200  <Block tail>
                            - 0x001800   0x200

"A3":                                     0x80
  INTVEC                      0x008000    0x80  <Block>
    .intvec          const    0x008000    0x80  interrupt.o [5]
                            - 0x008080    0x80

"P3":                                     0xa0
  Initializer bytes  const    0x008080    0x7f  <for P2-1>
  .iar.init_table    const    0x0080ff    0x21  - Linker created -
                            - 0x008120    0xa0

"P4", part 1 of 2:                      0x64f2
  .far_func.text     ro code  0x008120   0xe0e  ApiGpsCmd.o [1]
  .far_func.text     ro code  0x008f2e   0x65e  ApiGpsCmd.o [1]
  .far_func.text     ro code  0x00958c   0x64b  ApiGpsCmd.o [1]
  .far_func.text     ro code  0x009bd7   0x456  ApiGpsCmd.o [1]
  .far_func.text     ro code  0x00a02d   0x44f  Task.o [1]
  .far_func.text     ro code  0x00a47c   0x445  DrvGD83.o [1]
  .far_func.text     ro code  0x00a8c1   0x427  ApiKeyboard.o [1]
  .far.rodata        const    0x00ace8   0x400  ApiDisplay.o [1]
  .far_func.text     ro code  0x00b0e8   0x3ba  ApiPocCmd.o [1]
  .far_func.text     ro code  0x00b4a2   0x33c  DrvHTG12832.o [1]
  .far_func.text     ro code  0x00b7de   0x30f  Beep.o [1]
  .far_func.text     ro code  0x00baed   0x30c  GT20L16P1Y.o [3]
  .far_func.text     ro code  0x00bdf9   0x2af  ApiAtCmd.o [1]
  .far_func.text     ro code  0x00c0a8   0x2a1  ApiKeyboard.o [1]
  .far_func.text     ro code  0x00c349   0x290  Task.o [1]
  .far_func.text     ro code  0x00c5d9   0x264  GT20L16P1Y.o [3]
  .far_func.text     ro code  0x00c83d   0x211  DrvKeyboard.o [1]
  .far_func.text     ro code  0x00ca4e   0x1fa  vreg_util.o [5]
  .far_func.text     ro code  0x00cc48   0x1ed  DrvKeyboard.o [1]
  .far_func.text     ro code  0x00ce35   0x1d2  ApiPocCmd.o [1]
  .far_func.text     ro code  0x00d007   0x1c6  uart3.o [1]
  .far_func.text     ro code  0x00d1cd   0x1b7  stm8s_uart1.o [1]
  .far.rodata        const    0x00d384   0x1b0  GT20L16P1Y_D.o [1]
  .far_func.text     ro code  0x00d534   0x1ae  ApiGpsCmd.o [1]
  .far_func.text     ro code  0x00d6e2   0x1a6  ApiPocCmd.o [1]
  .far_func.text     ro code  0x00d888   0x197  GT20L16P1Y.o [3]
  .far_func.text     ro code  0x00da1f   0x188  long.o [5]
  .far_func.text     ro code  0x00dba7   0x177  ApiAtCmd.o [1]
  .far_func.text     ro code  0x00dd1e   0x164  DrvGD83.o [1]
  .far_func.text     ro code  0x00de82   0x15a  stm8s_uart3.o [1]
  .far_func.text     ro code  0x00dfdc   0x14c  stm8s_gpio.o [1]
  .far_func.text     ro code  0x00e128   0x14b  System.o [1]
  .far_func.text     ro code  0x00e273   0x13f  DrvKeyboard.o [1]
  .far_func.text     ro code  0x00e3b2   0x133  CommonLib.o [1]
  .far_func.text     ro code  0x00e4e5   0x12d  DrvGT20L16S1Y.o [1]
                            - 0x00e612  0x64f2

"P4", part 2 of 2:                      0x3e94
  .far_func.text     ro code  0x010000   0x121  ApiDisplay.o [1]
  .far_func.text     ro code  0x010121   0x11f  stm8s_itc.o [1]
  .far_func.text     ro code  0x010240   0x11e  ApiDisplay.o [1]
  .far_func.text     ro code  0x01035e   0x11c  uart3.o [1]
  .far_func.text     ro code  0x01047a   0x112  DrvGT20L16S1Y.o [1]
  .far_func.text     ro code  0x01058c   0x109  ADC.o [1]
  .far_func.text     ro code  0x010695   0x104  uart3.o [1]
  .far_func.text     ro code  0x010799   0x102  DrvKeyboard.o [1]
  .far_func.text     ro code  0x01089b    0xf0  ApiAtCmd.o [1]
  .far_func.text     ro code  0x01098b    0xec  ApiPocCmd.o [1]
  .far_func.text     ro code  0x010a77    0xeb  DrvGD83.o [1]
  .far_func.text     ro code  0x010b62    0xe9  stm8s_clk.o [1]
  .far_func.text     ro code  0x010c4b    0xe5  ApiKeyboard.o [1]
  .far_func.text     ro code  0x010d30    0xe3  ApiDisplay.o [1]
  .far_func.text     ro code  0x010e13    0xd9  uart3.o [1]
  .far_func.text     ro code  0x010eec    0xd3  ApiDisplay.o [1]
  .far_func.text     ro code  0x010fbf    0xcf  ApiDisplay.o [1]
  .far_func.text     ro code  0x01108e    0xc6  stm8s_tim1.o [1]
  .far_func.text     ro code  0x011154    0xc4  DrvGD83.o [1]
  .far_func.text     ro code  0x011218    0xbe  stm8s_uart3.o [1]
  .far_func.text     ro code  0x0112d6    0xaf  ApiDisplay.o [1]
  .far_func.text     ro code  0x011385    0xae  stm8s_adc2.o [1]
  .far_func.text     ro code  0x011433    0xac  ApiDisplay.o [1]
  .far_func.text     ro code  0x0114df    0xa9  DrvKeyboard.o [1]
  .far_func.text     ro code  0x011588    0xa8  Delay.o [1]
  .far_func.text     ro code  0x011630    0xa8  GT20L16P1Y_D.o [1]
  .far_func.text     ro code  0x0116d8    0xa5  CommonLib.o [1]
  .far_func.text     ro code  0x01177d    0xa3  Delay.o [1]
  .far_func.text     ro code  0x011820    0x9f  Voice.o [1]
  .far_func.text     ro code  0x0118bf    0x9d  stm8s_uart3.o [1]
  .far_func.text     ro code  0x01195c    0x98  stm8s_uart1.o [1]
  .far_func.text     ro code  0x0119f4    0x95  uart3.o [1]
  .far_func.text     ro code  0x011a89    0x8f  ApiAtCmd.o [1]
  .far_func.text     ro code  0x011b18    0x8f  ApiDisplay.o [1]
  .far_func.text     ro code  0x011ba7    0x8f  DrvGD83.o [1]
  .far_func.text     ro code  0x011c36    0x7d  DrvGD83.o [1]
  .far_func.text     ro code  0x011cb3    0x7b  ApiDisplay.o [1]
  .far_func.text     ro code  0x011d2e    0x7a  CommonLib.o [1]
  .far_func.text     ro code  0x011da8    0x79  stm8s_tim1.o [1]
  .far_func.text     ro code  0x011e21    0x79  stm8s_uart1.o [1]
  .far_func.text     ro code  0x011e9a    0x76  far_util.o [5]
  .far_func.text     ro code  0x011f10    0x73  Delay.o [1]
  .far_func.text     ro code  0x011f83    0x73  stm8s_tim1.o [1]
  .far_func.text     ro code  0x011ff6    0x71  stm8s_clk.o [1]
  .far_func.text     ro code  0x012067    0x6e  uart3.o [1]
  .far_func.text     ro code  0x0120d5    0x6c  uart3.o [1]
  .far_func.text     ro code  0x012141    0x6b  Tone.o [1]
  .far_func.text     ro code  0x0121ac    0x6a  DrvGD83.o [1]
  .far_func.text     ro code  0x012216    0x6a  DrvGD83.o [1]
  .far_func.text     ro code  0x012280    0x6a  DrvGD83.o [1]
  .far_func.text     ro code  0x0122ea    0x64  long_util.o [5]
  .far_func.text     ro code  0x01234e    0x62  ApiLED.o [1]
  .far_func.text     ro code  0x0123b0    0x62  DrvGD83.o [1]
  .far_func.text     ro code  0x012412    0x62  DrvGD83.o [1]
  .far_func.text     ro code  0x012474    0x62  DrvGD83.o [1]
  .far_func.text     ro code  0x0124d6    0x62  DrvGD83.o [1]
  .far_func.text     ro code  0x012538    0x61  stm8s_uart3.o [1]
  .far_func.text     ro code  0x012599    0x5f  Tone.o [1]
  .far_func.text     ro code  0x0125f8    0x5d  stm8s_adc2.o [1]
  .far_func.text     ro code  0x012655    0x5c  DrvGT20L16S1Y.o [1]
  .far_func.text     ro code  0x0126b1    0x58  McuConfig.o [1]
  .far_func.text     ro code  0x012709    0x58  dc_util.o [5]
  .far_func.text     ro code  0x012761    0x55  Delay.o [1]
  .far_func.text     ro code  0x0127b6    0x55  Flash_eeprom.o [1]
  .far_func.text     ro code  0x01280b    0x55  Flash_eeprom.o [1]
  .far_func.text     ro code  0x012860    0x52  uart3.o [1]
  .far_func.text     ro code  0x0128b2    0x51  GT20L16P1Y.o [3]
  .far_func.text     ro code  0x012903    0x50  short.o [5]
  .far_func.text     ro code  0x012953    0x4f  ApiDisplay.o [1]
  .far_func.text     ro code  0x0129a2    0x4f  uart3.o [1]
  .far_func.text     ro code  0x0129f1    0x4d  DrvGD83.o [1]
  .far_func.text     ro code  0x012a3e    0x4d  DrvGD83.o [1]
  .far_func.text     ro code  0x012a8b    0x4d  DrvGD83.o [1]
  .far_func.text     ro code  0x012ad8    0x47  stm8s_adc2.o [1]
  .far_func.text     ro code  0x012b1f    0x46  stm8s_flash.o [1]
  .far_func.text     ro code  0x012b65    0x44  stm8s_uart1.o [1]
  .far_func.text     ro code  0x012ba9    0x43  uart3.o [1]
  .far_func.text     ro code  0x012bec    0x42  McuConfig.o [1]
  .far_func.text     ro code  0x012c2e    0x40  stm8s_flash.o [1]
  .far_func.text     ro code  0x012c6e    0x40  Task.o [1]
  .far_func.text     ro code  0x012cae    0x40  init.o [5]
  .far.rodata        const    0x012cee    0x3e  GT20L16P1Y.o [3]
  .far_func.text     ro code  0x012d2c    0x3e  Flash_eeprom.o [1]
  .far_func.text     ro code  0x012d6a    0x3d  DrvGD83.o [1]
  .far_func.text     ro code  0x012da7    0x3c  ApiGpsCmd.o [1]
  .far_func.text     ro code  0x012de3    0x3c  Task.o [1]
  .far_func.text     ro code  0x012e1f    0x3b  sysclock.o [1]
  .far_func.text     ro code  0x012e5a    0x3a  stm8s_uart1.o [1]
  .far_func.text     ro code  0x012e94    0x39  uart3.o [1]
  .far_func.text     ro code  0x012ecd    0x39  memcmp.o [5]
  .far_func.text     ro code  0x012f06    0x38  Beep.o [1]
  .far_func.text     ro code  0x012f3e    0x38  stm8s_flash.o [1]
  .far_func.text     ro code  0x012f76    0x38  move.o [5]
  .far_func.text     ro code  0x012fae    0x36  McuConfig.o [1]
  .far_func.text     ro code  0x012fe4    0x36  stm8s_adc2.o [1]
  .far_func.text     ro code  0x01301a    0x33  ApiDisplay.o [1]
  .far_func.text     ro code  0x01304d    0x32  ApiDisplay.o [1]
  .far_func.text     ro code  0x01307f    0x32  ApiDisplay.o [1]
  .far.rodata        const    0x0130b1    0x31  Task.o [1]
  .far_func.text     ro code  0x0130e2    0x31  ApiDisplay.o [1]
  .far_func.text     ro code  0x013113    0x31  stm8s_adc2.o [1]
  .far_func.text     ro code  0x013144    0x31  memcpy.o [5]
  .far_func.text     ro code  0x013175    0x30  stm8s_uart3.o [1]
  .far_func.text     ro code  0x0131a5    0x2e  McuConfig.o [1]
  .far_func.text     ro code  0x0131d3    0x2c  DrvGD83.o [1]
  .far_func.text     ro code  0x0131ff    0x2c  McuConfig.o [1]
  .far_func.text     ro code  0x01322b    0x2b  McuConfig.o [1]
  .far_func.text     ro code  0x013256    0x2b  McuConfig.o [1]
  .far_func.text     ro code  0x013281    0x2b  McuConfig.o [1]
  .far_func.text     ro code  0x0132ac    0x2b  McuConfig.o [1]
  .far_func.text     ro code  0x0132d7    0x2b  McuConfig.o [1]
  .far_func.text     ro code  0x013302    0x2b  stm8s_tim1.o [1]
  .far_func.text     ro code  0x01332d    0x2b  sysclock.o [1]
  .far.rodata        const    0x013358    0x2a  Task.o [1]
  .far_func.text     ro code  0x013382    0x2a  init.o [5]
  .far_func.text     ro code  0x0133ac    0x29  Delay.o [1]
  .far_func.text     ro code  0x0133d5    0x29  McuConfig.o [1]
  .far_func.text     ro code  0x0133fe    0x27  ADC.o [1]
  .far_func.text     ro code  0x013425    0x26  ApiPocCmd.o [1]
  .far_func.text     ro code  0x01344b    0x26  ApiPocCmd.o [1]
  .far_func.text     ro code  0x013471    0x26  stm8s_it.o [1]
  .far_func.text     ro code  0x013497    0x26  Tone.o [1]
  .far.rodata        const    0x0134bd    0x25  Task.o [1]
  .far.rodata        const    0x0134e2    0x25  Task.o [1]
  .far.rodata        const    0x013507    0x25  Task.o [1]
  .far_func.text     ro code  0x01352c    0x25  ApiPocCmd.o [1]
  .far_func.text     ro code  0x013551    0x24  ApiPocCmd.o [1]
  .far_func.text     ro code  0x013575    0x24  sysclock.o [1]
  .far_func.text     ro code  0x013599    0x22  ADC.o [1]
  .far_func.text     ro code  0x0135bb    0x21  Delay.o [1]
  .far_func.text     ro code  0x0135dc    0x21  stm8s_it.o [1]
  .far_func.text     ro code  0x0135fd    0x1e  stm8s_flash.o [1]
  .far_func.text     ro code  0x01361b    0x1e  stm8s_tim3.o [1]
  .far_func.text     ro code  0x013639    0x1e  init.o [5]
  .far.rodata        const    0x013657    0x1d  Task.o [1]
  .far_func.text     ro code  0x013674    0x1c  Beep.o [1]
  .far_func.text     ro code  0x013690    0x1c  Delay.o [1]
  .far_func.text     ro code  0x0136ac    0x1b  ApiDisplay.o [1]
  .far_func.text     ro code  0x0136c7    0x1b  ApiDisplay.o [1]
  .far_func.text     ro code  0x0136e2    0x1b  stm8s_it.o [1]
  .far_func.text     ro code  0x0136fd    0x1b  strlen.o [5]
  .far_func.text     ro code  0x013718    0x1a  memset.o [5]
  .far_func.text     ro code  0x013732    0x1a  __dbg_xxexit.o [4]
  .far_func.text     ro code  0x01374c    0x19  stm8s_adc2.o [1]
  .far_func.text     ro code  0x013765    0x19  stm8s_flash.o [1]
  .far_func.text     ro code  0x01377e    0x19  stm8s_tim1.o [1]
  .far_func.text     ro code  0x013797    0x19  stm8s_tim1.o [1]
  .far_func.text     ro code  0x0137b0    0x19  stm8s_tim1.o [1]
  .far_func.text     ro code  0x0137c9    0x19  stm8s_tim3.o [1]
  .far_func.text     ro code  0x0137e2    0x19  stm8s_tim3.o [1]
  .far_func.text     ro code  0x0137fb    0x19  stm8s_uart1.o [1]
  .far_func.text     ro code  0x013814    0x19  stm8s_uart3.o [1]
  .far.rodata        const    0x01382d    0x18  Task.o [1]
  .far_func.text     ro code  0x013845    0x17  stm8s_adc2.o [1]
  .far_func.text     ro code  0x01385c    0x17  stm8s_clk.o [1]
  .far_func.text     ro code  0x013873    0x17  uart3.o [1]
  .far_func.text     ro code  0x01388a    0x17  cstartup.o [5]
  .far_func.text     ro code  0x0138a1    0x16  ApiPocCmd.o [1]
  .far_func.text     ro code  0x0138b7    0x16  ApiPocCmd.o [1]
  .far_func.text     ro code  0x0138cd    0x16  McuConfig.o [1]
  .far_func.text     ro code  0x0138e3    0x16  McuConfig.o [1]
  .far_func.text     ro code  0x0138f9    0x16  McuConfig.o [1]
  .far_func.text     ro code  0x01390f    0x16  McuConfig.o [1]
  .far.rodata        const    0x013925    0x13  ApiAtCmd.o [1]
  .far.rodata        const    0x013938    0x13  Task.o [1]
  .far.rodata        const    0x01394b    0x13  Task.o [1]
  .far_func.text     ro code  0x01395e    0x13  ApiPocCmd.o [1]
  .far_func.text     ro code  0x013971    0x13  ApiPocCmd.o [1]
  .far.rodata        const    0x013984    0x12  ApiAtCmd.o [1]
  .far.rodata        const    0x013996    0x12  Task.o [1]
  .far_func.text     ro code  0x0139a8    0x12  uart3.o [1]
  .far.rodata        const    0x0139ba    0x11  ApiKeyboard.o [1]
  .far.rodata        const    0x0139cb    0x11  ApiKeyboard.o [1]
  .far.rodata        const    0x0139dc    0x11  ApiKeyboard.o [1]
  .far.rodata        const    0x0139ed    0x11  ApiKeyboard.o [1]
  .far.rodata        const    0x0139fe    0x11  ApiKeyboard.o [1]
  .far.rodata        const    0x013a0f    0x11  ApiKeyboard.o [1]
  .far.rodata        const    0x013a20    0x11  ApiKeyboard.o [1]
  .far.rodata        const    0x013a31    0x11  ApiKeyboard.o [1]
  .far.rodata        const    0x013a42    0x11  ApiKeyboard.o [1]
  .far.rodata        const    0x013a53    0x11  ApiKeyboard.o [1]
  .far.rodata        const    0x013a64    0x11  CommonLib.o [1]
  .far.rodata        const    0x013a75    0x11  System.o [1]
  .far.rodata        const    0x013a86    0x11  Task.o [1]
  .far.rodata        const    0x013a97    0x11  Task.o [1]
  .far.rodata        const    0x013aa8    0x11  Task.o [1]
  .far.rodata        const    0x013ab9    0x11  Task.o [1]
  .far.rodata        const    0x013aca    0x11  Task.o [1]
  .far.rodata        const    0x013adb    0x11  Task.o [1]
  .far.rodata        const    0x013aec    0x11  Task.o [1]
  .far.rodata        const    0x013afd    0x11  Task.o [1]
  .far.rodata        const    0x013b0e    0x11  Task.o [1]
  .far.rodata        const    0x013b1f    0x11  Task.o [1]
  .far.rodata        const    0x013b30    0x11  Task.o [1]
  .far.rodata        const    0x013b41    0x11  Task.o [1]
  .far.rodata        const    0x013b52    0x11  Task.o [1]
  .far_func.text     ro code  0x013b63    0x11  stm8s_gpio.o [1]
  .far.rodata        const    0x013b74    0x10  ApiAtCmd.o [1]
  .far.rodata        const    0x013b84    0x10  ApiAtCmd.o [1]
  .far.rodata        const    0x013b94    0x10  ApiDisplay.o [1]
  .far.rodata        const    0x013ba4    0x10  ApiDisplay.o [1]
  .far.rodata        const    0x013bb4    0x10  uart3.o [1]
  .far_func.text     ro code  0x013bc4    0x10  uart3.o [1]
  .far.rodata        const    0x013bd4     0xf  ApiAtCmd.o [1]
  .far.rodata        const    0x013be3     0xf  ApiKeyboard.o [1]
  .far.rodata        const    0x013bf2     0xf  Task.o [1]
  .far.rodata        const    0x013c01     0xf  Task.o [1]
  .far_func.text     ro code  0x013c10     0xf  ApiPocCmd.o [1]
  .far_func.text     ro code  0x013c1f     0xf  stm8s_tim3.o [1]
  .far_func.text     ro code  0x013c2e     0xf  Voice.o [1]
  .far.rodata        const    0x013c3d     0xe  ApiAtCmd.o [1]
  .far.rodata        const    0x013c4b     0xe  ApiAtCmd.o [1]
  .far.rodata        const    0x013c59     0xe  ApiAtCmd.o [1]
  .far.rodata        const    0x013c67     0xe  Task.o [1]
  .far.rodata        const    0x013c75     0xe  Task.o [1]
  .far_func.text     ro code  0x013c83     0xe  stm8s_gpio.o [1]
  .far.rodata        const    0x013c91     0xd  ApiPocCmd.o [1]
  .far.rodata        const    0x013c9e     0xd  ApiPocCmd.o [1]
  .far.rodata        const    0x013cab     0xd  Task.o [1]
  .far_func.text     ro code  0x013cb8     0xd  stm8s_flash.o [1]
  .far_func.text     ro code  0x013cc5     0xd  stm8s_gpio.o [1]
  .far.rodata        const    0x013cd2     0xc  ApiAtCmd.o [1]
  .far.rodata        const    0x013cde     0xb  ApiAtCmd.o [1]
  .far.rodata        const    0x013ce9     0xb  Task.o [1]
  .far_func.text     ro code  0x013cf4     0xb  stm8s_adc2.o [1]
  .far_func.text     ro code  0x013cff     0xb  stm8s_tim3.o [1]
  .far_func.text     ro code  0x013d0a     0xb  init.o [5]
  .far.rodata        const    0x013d15     0xa  ApiAtCmd.o [1]
  .far.rodata        const    0x013d1f     0xa  System.o [1]
  .far.rodata        const    0x013d29     0xa  Task.o [1]
  .far.rodata        const    0x013d33     0xa  Task.o [1]
  .far_func.text     ro code  0x013d3d     0xa  ApiAtCmd.o [1]
  .far_func.text     ro code  0x013d47     0xa  ApiPocCmd.o [1]
  .far_func.text     ro code  0x013d51     0xa  ApiPocCmd.o [1]
  .far.rodata        const    0x013d5b     0x9  ApiAtCmd.o [1]
  .far.rodata        const    0x013d64     0x9  ApiAtCmd.o [1]
  .far.rodata        const    0x013d6d     0x9  ApiAtCmd.o [1]
  .far.rodata        const    0x013d76     0x9  ApiKeyboard.o [1]
  .far.rodata        const    0x013d7f     0x9  ApiKeyboard.o [1]
  .far.rodata        const    0x013d88     0x9  ApiKeyboard.o [1]
  .far.rodata        const    0x013d91     0x9  DrvGD83.o [1]
  .far.rodata        const    0x013d9a     0x9  System.o [1]
  .far.rodata        const    0x013da3     0x9  Task.o [1]
  .far.rodata        const    0x013dac     0x8  ApiAtCmd.o [1]
  .far.rodata        const    0x013db4     0x8  ApiDisplay.o [1]
  .far.rodata        const    0x013dbc     0x8  ApiPocCmd.o [1]
  .far.rodata        const    0x013dc4     0x8  Task.o [1]
  .far_func.text     ro code  0x013dcc     0x8  ApiPocCmd.o [1]
  .far.rodata        const    0x013dd4     0x7  ApiAtCmd.o [1]
  .far.rodata        const    0x013ddb     0x7  ApiAtCmd.o [1]
  .far.rodata        const    0x013de2     0x7  ApiAtCmd.o [1]
  .far.rodata        const    0x013de9     0x7  ApiPocCmd.o [1]
  .far.rodata        const    0x013df0     0x7  DrvGD83.o [1]
  .far.rodata        const    0x013df7     0x7  Task.o [1]
  .far.rodata        const    0x013dfe     0x7  Task.o [1]
  .far.rodata        const    0x013e05     0x6  DrvGD83.o [1]
  .far_func.text     ro code  0x013e0b     0x6  stm8s_tim3.o [1]
  .far_func.text     ro code  0x013e11     0x6  char.o [5]
  .far_func.text     ro code  0x013e17     0x6  cexit.o [5]
  .far_func.text     ro code  0x013e1d     0x5  stm8s_flash.o [1]
  .far_func.text     ro code  0x013e22     0x5  stm8s_flash.o [1]
  .far_func.text     ro code  0x013e27     0x5  stm8s_uart1.o [1]
  .far_func.text     ro code  0x013e2c     0x5  stm8s_uart1.o [1]
  .far_func.text     ro code  0x013e31     0x5  stm8s_uart3.o [1]
  .far_func.text     ro code  0x013e36     0x5  stm8s_uart3.o [1]
  .far.rodata        const    0x013e3b     0x4  stm8s_clk.o [1]
  .far.rodata        const    0x013e3f     0x4  uart3.o [1]
  .far_func.text     ro code  0x013e43     0x4  ApiPocCmd.o [1]
  .far_func.text     ro code  0x013e47     0x4  ApiPocCmd.o [1]
  .far_func.text     ro code  0x013e4b     0x4  ApiPocCmd.o [1]
  .far_func.text     ro code  0x013e4f     0x4  ApiPocCmd.o [1]
  .far_func.text     ro code  0x013e53     0x4  ApiPocCmd.o [1]
  .far_func.text     ro code  0x013e57     0x4  main.o [1]
  .far_func.text     ro code  0x013e5b     0x4  System.o [1]
  .far_func.text     ro code  0x013e5f     0x4  System.o [1]
  .far_func.text     ro code  0x013e63     0x4  Task.o [1]
  .far_func.text     ro code  0x013e67     0x4  interrupt.o [5]
  .far_func.text     ro code  0x013e6b     0x4  exit.o [5]
  .far.rodata        const    0x013e6f     0x3  DrvGD83.o [1]
  .far.rodata        const    0x013e72     0x3  uart3.o [1]
  .far.rodata        const    0x013e75     0x3  uart3.o [1]
  .far_func.text     ro code  0x013e78     0x3  low_level_init.o [5]
  .far_func.text     ro code  0x013e7b     0x3  unhandled_exception.o [5]
  .far_func.text     ro code  0x013e7e     0x1  stm8s_it.o [1]
  .far_func.text     ro code  0x013e7f     0x1  stm8s_it.o [1]
  .far_func.text     ro code  0x013e80     0x1  stm8s_it.o [1]
  .far_func.text     ro code  0x013e81     0x1  stm8s_it.o [1]
  .far_func.text     ro code  0x013e82     0x1  stm8s_it.o [1]
  .far_func.text     ro code  0x013e83     0x1  stm8s_it.o [1]
  .far_func.text     ro code  0x013e84     0x1  stm8s_it.o [1]
  .far_func.text     ro code  0x013e85     0x1  stm8s_it.o [1]
  .far_func.text     ro code  0x013e86     0x1  stm8s_it.o [1]
  .far_func.text     ro code  0x013e87     0x1  stm8s_it.o [1]
  .far_func.text     ro code  0x013e88     0x1  stm8s_it.o [1]
  .far_func.text     ro code  0x013e89     0x1  stm8s_it.o [1]
  .far_func.text     ro code  0x013e8a     0x1  stm8s_it.o [1]
  .far_func.text     ro code  0x013e8b     0x1  stm8s_it.o [1]
  .far_func.text     ro code  0x013e8c     0x1  stm8s_it.o [1]
  .far_func.text     ro code  0x013e8d     0x1  stm8s_it.o [1]
  .far_func.text     ro code  0x013e8e     0x1  stm8s_it.o [1]
  .far_func.text     ro code  0x013e8f     0x1  stm8s_it.o [1]
  .far_func.text     ro code  0x013e90     0x1  stm8s_it.o [1]
  .far_func.text     ro code  0x013e91     0x1  stm8s_it.o [1]
  .far_func.text     ro code  0x013e92     0x1  stm8s_it.o [1]
  .far_func.text     ro code  0x013e93     0x1  __dbg_break.o [4]
                            - 0x013e94  0x3e94


*******************************************************************************
*** INIT TABLE
***

          Address   Size
          -------   ----
Zero (__iar_zero_init2)
    4 destination ranges, total size 0x1550:
          0x000010  0xef5
          0x000f05  0x28a
          0x00118f  0x200
          0x00138f  0x1d1

Copy (__iar_copy_init2)
    1 source range, total size 0x7f:
          0x008080   0x7f
    1 destination range, total size 0x7f:
          0x001560   0x7f



*******************************************************************************
*** MODULE SUMMARY
***

    Module                 ro code  ro data  rw data
    ------                 -------  -------  -------
E:\1-source\A508\PRJ\Debug\Obj: [1]
    ADC.o                      338                 1
    ApiAtCmd.o               1 455      270      179
    ApiDisplay.o             2 166    1 064      578
    ApiGpsCmd.o              8 439                 4
    ApiKeyboard.o            1 965      223       30
    ApiLED.o                    98                 1
    ApiPocCmd.o              2 372       47    3 932
    Beep.o                     867                18
    CommonLib.o                594       17
    Delay.o                    633                11
    DrvGD83.o                3 194       37      663
    DrvGT20L16S1Y.o            667
    DrvHTG12832.o              828                 2
    DrvKeyboard.o            1 768
    Flash_eeprom.o             232
    GT20L16P1Y_D.o             168      432
    McuConfig.o                642
    System.o                   339       39       23
    Task.o                   1 887      705       44
    Tone.o                     240                18
    Voice.o                    174                 7
    main.o                       4
    stm8s_adc2.o               500
    stm8s_clk.o                369        4
    stm8s_flash.o              268
    stm8s_gpio.o               376
    stm8s_it.o                 119
    stm8s_itc.o                287
    stm8s_tim1.o               552
    stm8s_tim3.o               112
    stm8s_uart1.o              873
    stm8s_uart3.o              873
    sysclock.o                 138
    uart3.o                  1 924       26       72
    ------------------------------------------------
    Total:                  35 461    2 864    5 583

command line: [2]
    ------------------------------------------------
    Total:

GT20L16_STM8_MEDIUN_IAR.a: [3]
    GT20L16P1Y.o             1 880       62
    ------------------------------------------------
    Total:                   1 880       62

dbgstm8mld.a: [4]
    __dbg_break.o                1
    __dbg_xxexit.o              26
    ------------------------------------------------
    Total:                      27

dlstm8mln.a: [5]
    cexit.o                      6
    char.o                       6
    cstartup.o                  23
    dc_util.o                   88
    exit.o                       4
    far_util.o                 118
    init.o                     147
    interrupt.o                  4      128
    long.o                     392
    long_util.o                100
    low_level_init.o             3
    memcmp.o                    57
    memcpy.o                    49
    memset.o                    26
    move.o                      56
    short.o                     80
    strlen.o                    27
    unhandled_exception.o        3
    vreg_util.o                506
    vregs.o                                       16
    ------------------------------------------------
    Total:                   1 695      128       16

    Linker created                       33      512
----------------------------------------------------
    Grand Total:            39 063    3 087    6 111


*******************************************************************************
*** ENTRY LIST
***

Entry                    Address   Size  Type      Object
-----                    -------   ----  ----      ------
.iar.init_table$$Base   0x0080ff          --   Gb  - Linker created -
.iar.init_table$$Limit  0x008120          --   Gb  - Linker created -
?add32_l0_l0_0x         0x00da22         Code  Gb  long.o [5]
?add32_l0_l0_l1         0x00da1f         Code  Gb  long.o [5]
?and32_l0_l0_0x         0x00db58         Code  Gb  long.o [5]
?and32_l0_l0_l1         0x00db55         Code  Gb  long.o [5]
?b0                     0x000000         Data  Gb  vregs.o [5]
?b1                     0x000001         Data  Gb  vregs.o [5]
?b10                    0x00000a         Data  Gb  vregs.o [5]
?b11                    0x00000b         Data  Gb  vregs.o [5]
?b12                    0x00000c         Data  Gb  vregs.o [5]
?b13                    0x00000d         Data  Gb  vregs.o [5]
?b14                    0x00000e         Data  Gb  vregs.o [5]
?b15                    0x00000f         Data  Gb  vregs.o [5]
?b2                     0x000002         Data  Gb  vregs.o [5]
?b3                     0x000003         Data  Gb  vregs.o [5]
?b4                     0x000004         Data  Gb  vregs.o [5]
?b5                     0x000005         Data  Gb  vregs.o [5]
?b6                     0x000006         Data  Gb  vregs.o [5]
?b7                     0x000007         Data  Gb  vregs.o [5]
?b8                     0x000008         Data  Gb  vregs.o [5]
?b9                     0x000009         Data  Gb  vregs.o [5]
?dc32_l0                0x012709         Code  Gb  dc_util.o [5]
?dc32_l1                0x012735         Code  Gb  dc_util.o [5]
?e0                     0x000001         Data  Gb  vregs.o [5]
?e1                     0x000005         Data  Gb  vregs.o [5]
?e2                     0x000009         Data  Gb  vregs.o [5]
?e3                     0x00000d         Data  Gb  vregs.o [5]
?epilogue_l2            0x00cbb2         Code  Gb  vreg_util.o [5]
?epilogue_l2_l3         0x00cbae         Code  Gb  vreg_util.o [5]
?epilogue_l2_w6         0x00cbb7         Code  Gb  vreg_util.o [5]
?epilogue_w4            0x00cbc0         Code  Gb  vreg_util.o [5]
?l0                     0x000000         Data  Gb  vregs.o [5]
?l1                     0x000004         Data  Gb  vregs.o [5]
?l2                     0x000008         Data  Gb  vregs.o [5]
?l3                     0x00000c         Data  Gb  vregs.o [5]
?load24_0x_e0           0x011f02         Code  Gb  far_util.o [5]
?load24_e0_0x           0x011ea6         Code  Gb  far_util.o [5]
?load24_e0_asp          0x011e9a         Code  Gb  far_util.o [5]
?load24_e0_xsp          0x011e9c         Code  Gb  far_util.o [5]
?load24_e1_0x           0x011ec0         Code  Gb  far_util.o [5]
?load24_e1_asp          0x011eb4         Code  Gb  far_util.o [5]
?load24_e1_xsp          0x011eb6         Code  Gb  far_util.o [5]
?load24_e2_0x           0x011eda         Code  Gb  far_util.o [5]
?load24_e2_asp          0x011ece         Code  Gb  far_util.o [5]
?load24_e2_xsp          0x011ed0         Code  Gb  far_util.o [5]
?load24_e3_0x           0x011ef4         Code  Gb  far_util.o [5]
?load24_e3_asp          0x011ee8         Code  Gb  far_util.o [5]
?load24_e3_xsp          0x011eea         Code  Gb  far_util.o [5]
?load32_0x_l0           0x012340         Code  Gb  long_util.o [5]
?load32_l0_0x           0x012304         Code  Gb  long_util.o [5]
?load32_l0_asp          0x0122f8         Code  Gb  long_util.o [5]
?load32_l0_dbsp         0x0122ea         Code  Gb  long_util.o [5]
?load32_l0_xsp          0x0122fa         Code  Gb  long_util.o [5]
?load32_l1_0x           0x01232a         Code  Gb  long_util.o [5]
?load32_l1_asp          0x01231e         Code  Gb  long_util.o [5]
?load32_l1_dbsp         0x012310         Code  Gb  long_util.o [5]
?load32_l1_xsp          0x012320         Code  Gb  long_util.o [5]
?load32_xsp_l0          0x012336         Code  Gb  long_util.o [5]
?longfarg16_v_w0_a      0x012f96         Code  Gb  move.o [5]
?longfarg16_v_w0_x      0x012f98         Code  Gb  move.o [5]
?mov_e0_e1              0x00cbcf         Code  Gb  vreg_util.o [5]
?mov_e0_e2              0x00cbdc         Code  Gb  vreg_util.o [5]
?mov_e0_e3              0x00cbe9         Code  Gb  vreg_util.o [5]
?mov_e1_e0              0x00cbf6         Code  Gb  vreg_util.o [5]
?mov_e1_e2              0x00cc03         Code  Gb  vreg_util.o [5]
?mov_e1_e3              0x00cc10         Code  Gb  vreg_util.o [5]
?mov_e2_e0              0x00cc1d         Code  Gb  vreg_util.o [5]
?mov_e2_e1              0x00cc27         Code  Gb  vreg_util.o [5]
?mov_e2_e3              0x00cc31         Code  Gb  vreg_util.o [5]
?mov_e3_e0              0x00cc3e         Code  Gb  vreg_util.o [5]
?mov_l0_l1              0x00cbcc         Code  Gb  vreg_util.o [5]
?mov_l0_l2              0x00cbd9         Code  Gb  vreg_util.o [5]
?mov_l0_l3              0x00cbe6         Code  Gb  vreg_util.o [5]
?mov_l1_l0              0x00cbf3         Code  Gb  vreg_util.o [5]
?mov_l1_l2              0x00cc00         Code  Gb  vreg_util.o [5]
?mov_l1_l3              0x00cc0d         Code  Gb  vreg_util.o [5]
?mov_l2_l0              0x00cc1a         Code  Gb  vreg_util.o [5]
?mov_l3_l0              0x00cc3b         Code  Gb  vreg_util.o [5]
?mov_w1_w3              0x00cbd2         Code  Gb  vreg_util.o [5]
?mov_w1_w4              0x00cbc5         Code  Gb  vreg_util.o [5]
?mov_w1_w5              0x00cbdf         Code  Gb  vreg_util.o [5]
?mov_w1_w7              0x00cbec         Code  Gb  vreg_util.o [5]
?mov_w3_w1              0x00cbf9         Code  Gb  vreg_util.o [5]
?mov_w3_w5              0x00cc06         Code  Gb  vreg_util.o [5]
?mov_w3_w7              0x00cc13         Code  Gb  vreg_util.o [5]
?mov_w5_w1              0x00cc20         Code  Gb  vreg_util.o [5]
?mov_w5_w3              0x00cc2a         Code  Gb  vreg_util.o [5]
?mov_w5_w7              0x00cc34         Code  Gb  vreg_util.o [5]
?mov_w7_w1              0x00cc41         Code  Gb  vreg_util.o [5]
?move1616_v_x_y_a       0x012f76         Code  Gb  move.o [5]
?move1624_v_x_e0_y      0x012f83         Code  Gb  move.o [5]
?mul16_x_x_w0           0x012903         Code  Gb  short.o [5]
?mul32_l0_l0_l1         0x00da55         Code  Gb  long.o [5]
?or32_l0_l0_0x          0x00db73         Code  Gb  long.o [5]
?or32_l0_l0_l1          0x00db70         Code  Gb  long.o [5]
?pop_e0                 0x00cb05         Code  Gb  vreg_util.o [5]
?pop_e2                 0x00cb14         Code  Gb  vreg_util.o [5]
?pop_e3                 0x00cb23         Code  Gb  vreg_util.o [5]
?pop_l0                 0x00cb76         Code  Gb  vreg_util.o [5]
?pop_l1                 0x00cb81         Code  Gb  vreg_util.o [5]
?pop_l2                 0x00cb8c         Code  Gb  vreg_util.o [5]
?pop_l3                 0x00cb97         Code  Gb  vreg_util.o [5]
?pop_w4                 0x00ca74         Code  Gb  vreg_util.o [5]
?pop_w6                 0x00ca7b         Code  Gb  vreg_util.o [5]
?pop_w7                 0x00ca82         Code  Gb  vreg_util.o [5]
?push_e0                0x00ca95         Code  Gb  vreg_util.o [5]
?push_e1                0x00cab1         Code  Gb  vreg_util.o [5]
?push_e2                0x00cacd         Code  Gb  vreg_util.o [5]
?push_e3                0x00cae9         Code  Gb  vreg_util.o [5]
?push_l0                0x00cb41         Code  Gb  vreg_util.o [5]
?push_l1                0x00cb46         Code  Gb  vreg_util.o [5]
?push_l2                0x00cb4b         Code  Gb  vreg_util.o [5]
?push_l3                0x00cb50         Code  Gb  vreg_util.o [5]
?push_w4                0x00ca4e         Code  Gb  vreg_util.o [5]
?push_w6                0x00ca53         Code  Gb  vreg_util.o [5]
?push_w7                0x00ca58         Code  Gb  vreg_util.o [5]
?sext16_x_a             0x01294c         Code  Gb  short.o [5]
?sext32_l0_x            0x00db9c         Code  Gb  long.o [5]
?sll16_x_x_4            0x01293b         Code  Gb  short.o [5]
?sll16_x_x_5            0x01293a         Code  Gb  short.o [5]
?sll16_x_x_6            0x012939         Code  Gb  short.o [5]
?sll16_x_x_a            0x012931         Code  Gb  short.o [5]
?sll32_0x_0x_a          0x00db8e         Code  Gb  long.o [5]
?sll32_l0_l0_a          0x00db8b         Code  Gb  long.o [5]
?smod16_y_x_y           0x012921         Code  Gb  short.o [5]
?srl16_x_x_10           0x012941         Code  Gb  short.o [5]
?srl16_x_x_11           0x012940         Code  Gb  short.o [5]
?srl16_x_x_4            0x012947         Code  Gb  short.o [5]
?srl16_x_x_5            0x012946         Code  Gb  short.o [5]
?srl16_x_x_6            0x012945         Code  Gb  short.o [5]
?srl16_x_x_7            0x012944         Code  Gb  short.o [5]
?srl16_x_x_8            0x012943         Code  Gb  short.o [5]
?srl16_x_x_9            0x012942         Code  Gb  short.o [5]
?srl8_a_a_5             0x013e12         Code  Gb  char.o [5]
?srl8_a_a_6             0x013e11         Code  Gb  char.o [5]
?sub32_l0_l0_0x         0x00da3d         Code  Gb  long.o [5]
?sub32_l0_l0_l1         0x00da3a         Code  Gb  long.o [5]
?ucmp32_c_l0_l1         0x00db4a         Code  Gb  long.o [5]
?udiv32_l0_dl_l1        0x00dad3         Code  Gb  long.o [5]
?udiv32_l0_l0_dl        0x00dad9         Code  Gb  long.o [5]
?udiv32_l0_l0_l1        0x00dadd         Code  Gb  long.o [5]
?umod32_l1_l0_l1        0x00dadd         Code  Gb  long.o [5]
?w0                     0x000000         Data  Gb  vregs.o [5]
?w1                     0x000002         Data  Gb  vregs.o [5]
?w2                     0x000004         Data  Gb  vregs.o [5]
?w3                     0x000006         Data  Gb  vregs.o [5]
?w4                     0x000008         Data  Gb  vregs.o [5]
?w5                     0x00000a         Data  Gb  vregs.o [5]
?w6                     0x00000c         Data  Gb  vregs.o [5]
?w7                     0x00000e         Data  Gb  vregs.o [5]
ADC2_Cmd                0x01374c   0x19  Code  Gb  stm8s_adc2.o [1]
ADC2_ConversionConfig   0x012ad8   0x47  Code  Gb  stm8s_adc2.o [1]
ADC2_ExternalTriggerConfig
                        0x013113   0x31  Code  Gb  stm8s_adc2.o [1]
ADC2_GetConversionValue
                        0x0125f8   0x5d  Code  Gb  stm8s_adc2.o [1]
ADC2_IRQHandler         0x013e90    0x1  Code  Gb  stm8s_it.o [1]
ADC2_Init               0x012fe4   0x36  Code  Gb  stm8s_adc2.o [1]
ADC2_PrescalerConfig    0x013845   0x17  Code  Gb  stm8s_adc2.o [1]
ADC2_SchmittTriggerConfig
                        0x011385   0xae  Code  Gb  stm8s_adc2.o [1]
ADC2_StartConversion    0x013cf4    0xb  Code  Gb  stm8s_adc2.o [1]
ADC_Init                0x013599   0x22  Code  Gb  ADC.o [1]
AF_Mute_Init            0x0138e3   0x16  Code  Gb  McuConfig.o [1]
AUDIO_IOAFMUT           0x0132ac   0x2b  Code  Gb  McuConfig.o [1]
AUDIO_IOAFPOW           0x0132d7   0x2b  Code  Gb  McuConfig.o [1]
AWU_IRQHandler          0x013e80    0x1  Code  Gb  stm8s_it.o [1]
AkeyvolumeCount         0x001597    0x1  Data  Gb  ApiKeyboard.o [1]
AlarmCount              0x0015b7    0x1  Data  Gb  Task.o [1]
ApGpsCmd_10msRenew      0x012da7   0x3c  Code  Gb  ApiGpsCmd.o [1]
ApiAtCmd_100msRenew     0x00c012   0x96  Code  Gb  ApiAtCmd.o [1]
ApiAtCmd_10msRenew      0x01089b   0xf0  Code  Gb  ApiAtCmd.o [1]
ApiAtCmd_GetGroupName   0x0138a1   0x16  Code  Gb  ApiPocCmd.o [1]
ApiAtCmd_GetGroupNameLen
                        0x01395e   0x13  Code  Gb  ApiPocCmd.o [1]
ApiAtCmd_GetGroupNum    0x013e47    0x4  Code  Gb  ApiPocCmd.o [1]
ApiAtCmd_GetLoginState  0x013d47    0xa  Code  Gb  ApiPocCmd.o [1]
ApiAtCmd_GetMainGroupId
                        0x013e4f    0x4  Code  Gb  ApiPocCmd.o [1]
ApiAtCmd_GetMainUserId  0x013e53    0x4  Code  Gb  ApiPocCmd.o [1]
ApiAtCmd_GetMainWorkName
                        0x013dcc    0x8  Code  Gb  ApiPocCmd.o [1]
ApiAtCmd_GetMainWorkNameLen
                        0x013e43    0x4  Code  Gb  ApiPocCmd.o [1]
ApiAtCmd_GetUserName    0x0138b7   0x16  Code  Gb  ApiPocCmd.o [1]
ApiAtCmd_GetUserNameLen
                        0x013971   0x13  Code  Gb  ApiPocCmd.o [1]
ApiAtCmd_GetUserNum     0x013e4b    0x4  Code  Gb  ApiPocCmd.o [1]
ApiAtCmd_PlayVoice      0x011a89   0x8f  Code  Gb  ApiAtCmd.o [1]
ApiAtCmd_WritCommand    0x00bdf9  0x1cc  Code  Gb  ApiAtCmd.o [1]
ApiAtCmd_tcp_state      0x013d3d    0xa  Code  Gb  ApiAtCmd.o [1]
ApiCaretCmd_10msRenew   0x00dba7  0x177  Code  Gb  ApiAtCmd.o [1]
ApiGpsCmd_100msRenew    0x00899c  0x592  Code  Gb  ApiGpsCmd.o [1]
ApiGpsCmd_PowerOnInitial
                        0x00d534  0x1ae  Code  Gb  ApiGpsCmd.o [1]
ApiPocCmd_10msRenew     0x00b0e8  0x3ba  Code  Gb  ApiPocCmd.o [1]
ApiPocCmd_WritCommand   0x00d6e2  0x1a6  Code  Gb  ApiPocCmd.o [1]
ApiPocCmd_user_info_set
                        0x01098b   0xec  Code  Gb  ApiPocCmd.o [1]
AtCmdDrvobj             0x00138f   0x77  Data  Lc  ApiAtCmd.o [1]
AtCmd_NetParamCode      0x00bfc5   0x4d  Code  Lc  ApiAtCmd.o [1]
AtNotify_Queue          0x012a3e   0x4d  Code  Lc  DrvGD83.o [1]
AtNotify_Queue_Start    0x012216   0x6a  Code  Lc  DrvGD83.o [1]
BEEP_Interrupt10ms      0x013674   0x1c  Code  Gb  Beep.o [1]
BEEP_PowerOnInitial     0x00ba1a   0xd3  Code  Gb  Beep.o [1]
BEEP_SetOutput          0x00b7de  0x23c  Code  Gb  Beep.o [1]
BEEP_Time               0x012f06   0x38  Code  Gb  Beep.o [1]
BeepDrvObj              0x0014ee   0x12  Data  Lc  Beep.o [1]
BitTab                  0x013db4    0x8  Data  Gb  ApiDisplay.o [1]
BootProcess_PPPCFG_Flag
                        0x001546    0x1  Data  Gb  ApiAtCmd.o [1]
BootProcess_PPPCFG_Flag_Zanshi
                        0x001560    0x1  Data  Gb  ApiAtCmd.o [1]
BootProcess_SIMST_Flag  0x001545    0x1  Data  Gb  ApiAtCmd.o [1]
CHAR_HIGH               0x013b94   0x10  Data  Gb  ApiDisplay.o [1]
CHAR_WIDTH              0x013ba4   0x10  Data  Gb  ApiDisplay.o [1]
CLK_ClockSwitchConfig   0x010b62   0xe9  Code  Gb  stm8s_clk.o [1]
CLK_GetClockFreq        0x011ff6   0x71  Code  Gb  stm8s_clk.o [1]
CLK_HSIPrescalerConfig  0x01385c   0x17  Code  Gb  stm8s_clk.o [1]
CLK_IRQHandler          0x013e81    0x1  Code  Gb  stm8s_it.o [1]
COML_AscToHex           0x00e3b2  0x133  Code  Gb  CommonLib.o [1]
COML_StringReverse      0x011d2e   0x7a  Code  Gb  CommonLib.o [1]
CSQ_Flag                0x001548    0x1  Data  Gb  ApiAtCmd.o [1]
CSTACK$$Base            0x001600          --   Gb  - Linker created -
CSTACK$$Limit           0x001800          --   Gb  - Linker created -
C_TEST_OUT_SET          0x01390f   0x16  Code  Gb  McuConfig.o [1]
CaretNotify_Queue       0x0129f1   0x4d  Code  Lc  DrvGD83.o [1]
CaretNotify_Queue_Start
                        0x0121ac   0x6a  Code  Lc  DrvGD83.o [1]
CharCode                0x001540    0x2  Data  Gb  ApiDisplay.o [1]
DEL_100msProcess        0x0115a7   0x50  Code  Lc  Delay.o [1]
DEL_10msProcess         0x0115f7   0x1d  Code  Lc  Delay.o [1]
DEL_1msProcess          0x011614    0xc  Code  Lc  Delay.o [1]
DEL_500msProcess        0x011588   0x1f  Code  Lc  Delay.o [1]
DEL_GetTimer            0x012761   0x55  Code  Gb  Delay.o [1]
DEL_Interrupt           0x01177d   0xa3  Code  Gb  Delay.o [1]
DEL_PowerOnInitial      0x0135bb   0x21  Code  Gb  Delay.o [1]
DEL_Renew               0x011620   0x10  Code  Gb  Delay.o [1]
DEL_SetTimer            0x011f10   0x73  Code  Gb  Delay.o [1]
DEL_Soft1ms             0x013690   0x1c  Code  Gb  Delay.o [1]
DEL_TimerRenew          0x0133ac   0x29  Code  Lc  Delay.o [1]
DISP_DataBuf            0x010240  0x11e  Code  Lc  ApiDisplay.o [1]
DISP_MulTypePro         0x010eec   0xd3  Code  Lc  ApiDisplay.o [1]
DISP_MulTypePro2        0x010000  0x121  Code  Lc  ApiDisplay.o [1]
Dec2Hex                 0x0116d8   0xa5  Code  Gb  CommonLib.o [1]
DefaultSystemClockForHSI
                        0x013575   0x24  Code  Gb  sysclock.o [1]
DelDrvObj               0x001521    0xb  Data  Lc  Delay.o [1]
Delay_100ms             0x012c6e   0x40  Code  Gb  Task.o [1]
DisDataBit              0x00149a   0x40  Data  Gb  ApiDisplay.o [1]
DisDataBuf              0x00118f  0x200  Data  Gb  ApiDisplay.o [1]
DrvGD83DrvObj           0x000f05  0x28a  Data  Lc  DrvGD83.o [1]
DrvGD83_Init            0x0131ff   0x2c  Code  Gb  McuConfig.o [1]
DrvGD83_UART_TxCommand  0x011ba7   0x8f  Code  Gb  DrvGD83.o [1]
DrvMC8332_AtNotify_Queue_front
                        0x012412   0x62  Code  Gb  DrvGD83.o [1]
DrvMC8332_CaretNotify_Queue_front
                        0x0123b0   0x62  Code  Gb  DrvGD83.o [1]
DrvMC8332_GpsNotify_Queue_front
                        0x0124d6   0x62  Code  Gb  DrvGD83.o [1]
DrvMC8332_PocNotify_Queue_front
                        0x012474   0x62  Code  Gb  DrvGD83.o [1]
DrvMC8332_Software_Initial
                        0x012d6a   0x3d  Code  Gb  DrvGD83.o [1]
DrvMC8332_TxPort_SetValidable
                        0x0131d3   0x2c  Code  Gb  DrvGD83.o [1]
DrvMC8332_UART_Interrupt
                        0x00a47c  0x445  Code  Gb  DrvGD83.o [1]
DrvMc8332_UART_TxTail   0x010a77   0xeb  Code  Gb  DrvGD83.o [1]
EEPROM_EEC_IRQHandler   0x013e92    0x1  Code  Gb  stm8s_it.o [1]
EXTI_PORTA_IRQHandler   0x013e82    0x1  Code  Gb  stm8s_it.o [1]
EXTI_PORTB_IRQHandler   0x013e83    0x1  Code  Gb  stm8s_it.o [1]
EXTI_PORTC_IRQHandler   0x013e84    0x1  Code  Gb  stm8s_it.o [1]
EXTI_PORTD_IRQHandler   0x013e85    0x1  Code  Gb  stm8s_it.o [1]
EXTI_PORTE_IRQHandler   0x013e86    0x1  Code  Gb  stm8s_it.o [1]
FILE_Read               0x01280b   0x55  Code  Gb  Flash_eeprom.o [1]
FILE_Write              0x0127b6   0x55  Code  Gb  Flash_eeprom.o [1]
FLASH_EraseOptionByte   0x012c2e   0x40  Code  Gb  stm8s_flash.o [1]
FLASH_GetFlagStatus     0x013765   0x19  Code  Gb  stm8s_flash.o [1]
FLASH_Lock              0x013cb8    0xd  Code  Gb  stm8s_flash.o [1]
FLASH_ProgramByte       0x013e1d    0x5  Code  Gb  stm8s_flash.o [1]
FLASH_ProgramOptionByte
                        0x012b1f   0x46  Code  Gb  stm8s_flash.o [1]
FLASH_ReadByte          0x013e22    0x5  Code  Gb  stm8s_flash.o [1]
FLASH_Unlock            0x0135fd   0x1e  Code  Gb  stm8s_flash.o [1]
FLASH_WaitForLastOperation
                        0x012f3e   0x38  Code  Gb  stm8s_flash.o [1]
GB2312_16_GetData       0x00c5d9  0x264  Code  Gb  GT20L16P1Y.o [3]
GD83_ON                 0x012fae   0x36  Code  Gb  McuConfig.o [1]
GPIO_Init               0x00dfdc  0x14c  Code  Gb  stm8s_gpio.o [1]
GPIO_ReadInputPin       0x013b63   0x11  Code  Gb  stm8s_gpio.o [1]
GPIO_WriteHigh          0x013cc5    0xd  Code  Gb  stm8s_gpio.o [1]
GPIO_WriteLow           0x013c83    0xe  Code  Gb  stm8s_gpio.o [1]
GeHuTest                0x00c0a8  0x2a1  Code  Lc  ApiKeyboard.o [1]
GetPersonalCallingMode  0x013c10    0xf  Code  Gb  ApiPocCmd.o [1]
GetPlayState            0x013d51    0xa  Code  Gb  ApiPocCmd.o [1]
GetTaskId               0x013e5b    0x4  Code  Gb  System.o [1]
GpsCmd_GbAnalytical     0x009bd7  0x456  Code  Lc  ApiGpsCmd.o [1]
GpsCmd_GbDataTransave   0x00958c  0x64b  Code  Lc  ApiGpsCmd.o [1]
GpsCmd_GbWritCommand    0x008120  0x87c  Code  Lc  ApiGpsCmd.o [1]
GpsFunDrvObj            0x00153d    0x3  Data  Lc  ApiGpsCmd.o [1]
GpsNotify_Queue         0x011c36   0x7d  Code  Lc  DrvGD83.o [1]
GpsNotify_Queue_Start   0x011154   0xc4  Code  Lc  DrvGD83.o [1]
GroupCallingNum         0x0015a1    0x1  Data  Gb  ApiKeyboard.o [1]
HSE_ClockStartUpConfiguration
                        0x012e1f   0x3b  Code  Lc  sysclock.o [1]
HSIDivFactor            0x013e3b    0x4  Data  Gb  stm8s_clk.o [1]
HexToChar_GroupCallingNum
                        0x013551   0x24  Code  Gb  ApiPocCmd.o [1]
HexToChar_MainGroupId   0x01352c   0x25  Code  Gb  ApiPocCmd.o [1]
HexToChar_MainUserId    0x013425   0x26  Code  Gb  ApiPocCmd.o [1]
HexToChar_PersonalCallingNum
                        0x01344b   0x26  Code  Gb  ApiPocCmd.o [1]
HtgDrvObj               0x001542    0x2  Data  Lc  DrvHTG12832.o [1]
I2C_IRQHandler          0x013e8e    0x1  Code  Gb  stm8s_it.o [1]
INTVEC$$Base            0x008000          --   Gb  - Linker created -
INTVEC$$Limit           0x008080          --   Gb  - Linker created -
ITC_SetSoftwarePriority
                        0x010121  0x11f  Code  Gb  stm8s_itc.o [1]
Ico_DataBuf             0x00ace8  0x400  Data  Gb  ApiDisplay.o [1]
InputGBcode             0x00d384  0x1b0  Data  Gb  GT20L16P1Y_D.o [1]
KEY_TABLE               0x013e72    0x3  Data  Lc  uart3.o [1]
KeyBoardState           0x001557    0x1  Data  Gb  ApiKeyboard.o [1]
KeyDownUpChoose_GroupOrUser_Flag
                        0x001549    0x1  Data  Gb  ApiAtCmd.o [1]
KeyPersonalCallingCount
                        0x00154d    0x1  Data  Gb  ApiKeyboard.o [1]
KeyUpDownCount          0x00154c    0x1  Data  Gb  ApiKeyboard.o [1]
Key_Flag_0              0x00155d    0x1  Data  Gb  Task.o [1]
Key_Flag_1              0x00154e    0x1  Data  Gb  ApiKeyboard.o [1]
Key_Init                0x0126b1   0x58  Code  Gb  McuConfig.o [1]
Key_PersonalCalling_Flag
                        0x00155e    0x1  Data  Gb  Task.o [1]
Keyboard_Test           0x00a8c1  0x427  Code  Gb  ApiKeyboard.o [1]
LED_Conut               0x001558    0x1  Data  Gb  ApiLED.o [1]
LED_Init                0x012bec   0x42  Code  Gb  McuConfig.o [1]
LED_IntOutputRenew      0x01234e   0x62  Code  Gb  ApiLED.o [1]
LowVoltageDetection     0x01058c  0x109  Code  Gb  ADC.o [1]
LowVoltageDetection_Flag
                        0x001544    0x1  Data  Gb  ADC.o [1]
MIC_GPIO_Init           0x0138cd   0x16  Code  Gb  McuConfig.o [1]
MIC_IOMUT               0x013281   0x2b  Code  Gb  McuConfig.o [1]
NoUseNum                0x00155c    0x1  Data  Gb  Task.o [1]
Noise_Mute_Init         0x0138f9   0x16  Code  Gb  McuConfig.o [1]
Notify_Queue_Stop       0x00dd1e  0x164  Code  Lc  DrvGD83.o [1]
OneChannelGetADValue    0x0133fe   0x27  Code  Lc  ADC.o [1]
PAS_NULLTBL             0x013bb4   0x10  Data  Lc  uart3.o [1]
POC_GetGroupInformationFlag
                        0x001559    0x1  Data  Gb  ApiPocCmd.o [1]
POC_GetGroupInformationFlag2
                        0x00155a    0x1  Data  Gb  ApiPocCmd.o [1]
POC_TABLE               0x013e75    0x3  Data  Lc  uart3.o [1]
PasObj                  0x001539    0x4  Data  Lc  uart3.o [1]
PersonalCallingNum      0x00154b    0x1  Data  Gb  ApiKeyboard.o [1]
PocCmdDrvobj            0x000010  0xef5  Data  Lc  ApiPocCmd.o [1]
PocNotify_Queue         0x012a8b   0x4d  Code  Lc  DrvGD83.o [1]
PocNotify_Queue_Start   0x012280   0x6a  Code  Lc  DrvGD83.o [1]
PressButton             0x001556    0x1  Data  Gb  ApiKeyboard.o [1]
ReadBuffer              0x001406   0x50  Data  Gb  ApiPocCmd.o [1]
ReadByte                0x011cb3   0x7b  Code  Gb  ApiDisplay.o [1]
Region$$Table$$Base     0x0080ff          --   Gb  - Linker created -
Region$$Table$$Limit    0x008120          --   Gb  - Linker created -
SPI_IRQHandler          0x013e87    0x1  Code  Gb  stm8s_it.o [1]
SendByte                0x011433   0xac  Code  Gb  ApiDisplay.o [1]
SetTaskId               0x013e5f    0x4  Code  Gb  System.o [1]
Set_GreenLed            0x01322b   0x2b  Code  Gb  McuConfig.o [1]
Set_RedLed              0x013256   0x2b  Code  Gb  McuConfig.o [1]
SystemClock_Init        0x01332d   0x2b  Code  Gb  sysclock.o [1]
TASK_RunLoBattery       0x012de3   0x3c  Code  Gb  Task.o [1]
TASK_WriteFreq          0x013e63    0x4  Code  Gb  Task.o [1]
TIM1_CAP_COM_IRQHandler
                        0x013e89    0x1  Code  Gb  stm8s_it.o [1]
TIM1_CCxCmd             0x011f83   0x73  Code  Gb  stm8s_tim1.o [1]
TIM1_Cmd                0x01377e   0x19  Code  Gb  stm8s_tim1.o [1]
TIM1_CtrlPWMOutputs     0x013797   0x19  Code  Gb  stm8s_tim1.o [1]
TIM1_DeInit             0x01108e   0xc6  Code  Gb  stm8s_tim1.o [1]
TIM1_OC1Init            0x011da8   0x79  Code  Gb  stm8s_tim1.o [1]
TIM1_OC1PreloadConfig   0x0137b0   0x19  Code  Gb  stm8s_tim1.o [1]
TIM1_PWM_Init           0x012599   0x5f  Code  Gb  Tone.o [1]
TIM1_TimeBaseInit       0x013302   0x2b  Code  Gb  stm8s_tim1.o [1]
TIM1_UPD_OVF_TRG_BRK_IRQHandler
                        0x013e88    0x1  Code  Gb  stm8s_it.o [1]
TIM2_CAP_COM_IRQHandler
                        0x013e8b    0x1  Code  Gb  stm8s_it.o [1]
TIM2_UPD_OVF_BRK_IRQHandler
                        0x013e8a    0x1  Code  Gb  stm8s_it.o [1]
TIM3_ARRPreloadConfig   0x0137e2   0x19  Code  Gb  stm8s_tim3.o [1]
TIM3_CAP_COM_IRQHandler
                        0x013e8c    0x1  Code  Gb  stm8s_it.o [1]
TIM3_ClearITPendingBit  0x013e0b    0x6  Code  Gb  stm8s_tim3.o [1]
TIM3_Cmd                0x0137c9   0x19  Code  Gb  stm8s_tim3.o [1]
TIM3_ITConfig           0x01361b   0x1e  Code  Gb  stm8s_tim3.o [1]
TIM3_PrescalerConfig    0x013cff    0xb  Code  Gb  stm8s_tim3.o [1]
TIM3_TimeBaseInit       0x013c1f    0xf  Code  Gb  stm8s_tim3.o [1]
TIM3_UPD_OVF_BRK_IRQHandler
                        0x0135dc   0x21  Code  Gb  stm8s_it.o [1]
TIM4_UPD_OVF_IRQHandler
                        0x013e91    0x1  Code  Gb  stm8s_it.o [1]
TLI_IRQHandler          0x013e7f    0x1  Code  Gb  stm8s_it.o [1]
TONE_PowerOnInitial     0x012141   0x6b  Code  Gb  Tone.o [1]
TONE_Start              0x0134a0   0x1d  Code  Gb  Tone.o [1]
TONE_Stop               0x013497    0x9  Code  Gb  Tone.o [1]
TRAP_IRQHandler         0x013e7e    0x1  Code  Gb  stm8s_it.o [1]
TaskDrvObj              0x0014da   0x14  Data  Lc  System.o [1]
Task_RunNormalOperation
                        0x00a02d  0x44f  Code  Gb  Task.o [1]
Task_RunStart           0x00c349  0x290  Code  Gb  Task.o [1]
Test1                   0x00154a    0x1  Data  Gb  ApiGpsCmd.o [1]
TestBuf1                0x001533    0x6  Data  Gb  ApiKeyboard.o [1]
Tim3_Timer_Init         0x0133d5   0x29  Code  Gb  McuConfig.o [1]
ToneDrvObj              0x001500   0x12  Data  Lc  Tone.o [1]
UART1_Cmd               0x0137fb   0x19  Code  Gb  stm8s_uart1.o [1]
UART1_DeInit            0x012e5a   0x3a  Code  Gb  stm8s_uart1.o [1]
UART1_GetFlagStatus     0x012b65   0x44  Code  Gb  stm8s_uart1.o [1]
UART1_GetITStatus       0x01195c   0x98  Code  Gb  stm8s_uart1.o [1]
UART1_ITConfig          0x011e21   0x79  Code  Gb  stm8s_uart1.o [1]
UART1_Init              0x00d1cd  0x1b7  Code  Gb  stm8s_uart1.o [1]
UART1_RX_IRQHandler     0x013471   0x26  Code  Gb  stm8s_it.o [1]
UART1_ReceiveData8      0x013e27    0x5  Code  Gb  stm8s_uart1.o [1]
UART1_SendData8         0x013e2c    0x5  Code  Gb  stm8s_uart1.o [1]
UART1_TX_IRQHandler     0x013e8d    0x1  Code  Gb  stm8s_it.o [1]
UART3_Cmd               0x013814   0x19  Code  Gb  stm8s_uart3.o [1]
UART3_DeInit            0x013175   0x30  Code  Gb  stm8s_uart3.o [1]
UART3_GetFlagStatus     0x012538   0x61  Code  Gb  stm8s_uart3.o [1]
UART3_GetITStatus       0x011218   0xbe  Code  Gb  stm8s_uart3.o [1]
UART3_ITConfig          0x0118bf   0x9d  Code  Gb  stm8s_uart3.o [1]
UART3_Init              0x00de82  0x15a  Code  Gb  stm8s_uart3.o [1]
UART3_Interrupt         0x013873   0x17  Code  Gb  uart3.o [1]
UART3_RX_IRQHandler     0x0136e2   0x1b  Code  Gb  stm8s_it.o [1]
UART3_ReceiveData8      0x013e31    0x5  Code  Gb  stm8s_uart3.o [1]
UART3_SendByte          0x013bc4   0x10  Code  Gb  uart3.o [1]
UART3_SendData8         0x013e36    0x5  Code  Gb  stm8s_uart3.o [1]
UART3_TX_IRQHandler     0x013e8f    0x1  Code  Gb  stm8s_it.o [1]
UART3_ToMcuMain         0x012ba9   0x43  Code  Gb  uart3.o [1]
UART_Delay              0x0139a8   0x12  Code  Lc  uart3.o [1]
UART_ErrorAck           0x0129db   0x16  Code  Lc  uart3.o [1]
UART_GetCheckSum        0x0119f4   0x2e  Code  Lc  uart3.o [1]
UART_KeyCommand         0x01035e  0x11c  Code  Lc  uart3.o [1]
UART_Link               0x011a22   0x67  Code  Lc  uart3.o [1]
UART_PasCommand         0x00d007  0x1c6  Code  Lc  uart3.o [1]
UART_PocCommand         0x0120d5   0x6c  Code  Lc  uart3.o [1]
UART_RightAck           0x012067   0x6e  Code  Lc  uart3.o [1]
UART_RxFrame            0x012860   0x52  Code  Lc  uart3.o [1]
UART_TxSend             0x0129a2   0x39  Code  Lc  uart3.o [1]
UART_WriteCommand       0x010e13   0xd9  Code  Lc  uart3.o [1]
UNICODE_16_GetData      0x00d888  0x197  Code  Gb  GT20L16P1Y.o [3]
Uart1_Init              0x0131a5   0x2e  Code  Gb  McuConfig.o [1]
Uart3_Init              0x012e94   0x39  Code  Gb  uart3.o [1]
UartDrvObj              0x001456   0x44  Data  Lc  uart3.o [1]
UnicodeForGbk_MainWorkName
                        0x00ce35  0x1d2  Code  Gb  ApiPocCmd.o [1]
UnicodeForGbk_MainWorkNameBuf
                        0x001512    0xf  Data  Gb  ApiPocCmd.o [1]
VOICE_1sProcess         0x013c2e    0xf  Code  Gb  Voice.o [1]
VOICE_Renew             0x011820   0x72  Code  Gb  Voice.o [1]
VOICE_SetOutput         0x011892   0x2d  Code  Gb  Voice.o [1]
ValueSearch             0x011630   0xa8  Code  Gb  GT20L16P1Y_D.o [1]
VoiceDrvObj             0x00152c    0x7  Data  Lc  Voice.o [1]
VoiceEnd_Flag           0x001547    0x1  Data  Gb  ApiAtCmd.o [1]
WRITE_TABLE             0x013e3f    0x4  Data  Lc  uart3.o [1]
WW_GetData              0x00baed  0x30c  Code  Gb  GT20L16P1Y.o [3]
WriteEEPROMByte         0x012d2c   0x3e  Code  Gb  Flash_eeprom.o [1]
__DebugBreak            0x013e93    0x1  Code  Gb  __dbg_break.o [4]
__exit                  0x013732   0x1a  Code  Gb  __dbg_xxexit.o [4]
__iar_copy_init2        0x012cae   0x40  Code  Gb  init.o [5]
__iar_data_init2        0x013639   0x1e  Code  Gb  init.o [5]
__iar_program_start     0x01388a         Code  Gb  cstartup.o [5]
__iar_unhandled_exception
                        0x013e7b         Code  Gb  unhandled_exception.o [5]
__iar_zero_init2        0x013382   0x2a  Code  Gb  init.o [5]
__intvec                0x008000         Data  Gb  interrupt.o [5]
__low_level_init        0x013e78    0x3  Code  Gb  low_level_init.o [5]
_exit                   0x013e17         Code  Gb  cexit.o [5]
_interrupt_1            0x013e7e         Code  Gb  stm8s_it.o [1]
_interrupt_12           0x013e87         Code  Gb  stm8s_it.o [1]
_interrupt_13           0x013e88         Code  Gb  stm8s_it.o [1]
_interrupt_14           0x013e89         Code  Gb  stm8s_it.o [1]
_interrupt_15           0x013e8a         Code  Gb  stm8s_it.o [1]
_interrupt_16           0x013e8b         Code  Gb  stm8s_it.o [1]
_interrupt_17           0x0135dc         Code  Gb  stm8s_it.o [1]
_interrupt_18           0x013e8c         Code  Gb  stm8s_it.o [1]
_interrupt_19           0x013e8d         Code  Gb  stm8s_it.o [1]
_interrupt_2            0x013e7f         Code  Gb  stm8s_it.o [1]
_interrupt_20           0x013471         Code  Gb  stm8s_it.o [1]
_interrupt_21           0x013e8e         Code  Gb  stm8s_it.o [1]
_interrupt_22           0x013e8f         Code  Gb  stm8s_it.o [1]
_interrupt_23           0x0136e2         Code  Gb  stm8s_it.o [1]
_interrupt_24           0x013e90         Code  Gb  stm8s_it.o [1]
_interrupt_25           0x013e91         Code  Gb  stm8s_it.o [1]
_interrupt_26           0x013e92         Code  Gb  stm8s_it.o [1]
_interrupt_3            0x013e80         Code  Gb  stm8s_it.o [1]
_interrupt_4            0x013e81         Code  Gb  stm8s_it.o [1]
_interrupt_5            0x013e82         Code  Gb  stm8s_it.o [1]
_interrupt_6            0x013e83         Code  Gb  stm8s_it.o [1]
_interrupt_7            0x013e84         Code  Gb  stm8s_it.o [1]
_interrupt_8            0x013e85         Code  Gb  stm8s_it.o [1]
_interrupt_9            0x013e86         Code  Gb  stm8s_it.o [1]
api_diap_ico_pos_get    0x010d30   0xe3  Code  Gb  ApiDisplay.o [1]
api_disp_all_screen_refresh
                        0x012953   0x4f  Code  Gb  ApiDisplay.o [1]
api_disp_char_output    0x0136ac   0x1b  Code  Gb  ApiDisplay.o [1]
api_disp_char_output2   0x0136c7   0x1b  Code  Gb  ApiDisplay.o [1]
api_disp_ico_output     0x010fbf   0xcf  Code  Gb  ApiDisplay.o [1]
api_disp_icoid_output   0x0112d6   0xaf  Code  Gb  ApiDisplay.o [1]
api_lcd_pwr_on_hint     0x01304d   0x32  Code  Gb  ApiDisplay.o [1]
api_lcd_pwr_on_hint2    0x01301a   0x33  Code  Gb  ApiDisplay.o [1]
api_lcd_pwr_on_hint3    0x0130e2   0x31  Code  Gb  ApiDisplay.o [1]
api_lcd_pwr_on_hint4    0x01307f   0x32  Code  Gb  ApiDisplay.o [1]
api_poc_command_set     0x010695  0x104  Code  Gb  uart3.o [1]
drv_gt20_data_output    0x00e4e5  0x12d  Code  Gb  DrvGT20L16S1Y.o [1]
drv_gt20_data_output2   0x01047a  0x112  Code  Gb  DrvGT20L16S1Y.o [1]
drv_gt20_pwr_on_init    0x0126ad    0x4  Code  Gb  DrvGT20L16S1Y.o [1]
drv_htg_clr_allscr      0x00b67d   0x35  Code  Gb  DrvHTG12832.o [1]
drv_htg_pwr_on_init     0x00b7d2    0xc  Code  Gb  DrvHTG12832.o [1]
drv_htg_reset           0x00b4a2    0x5  Code  Gb  DrvHTG12832.o [1]
drv_htg_set_address     0x00b572   0x40  Code  Gb  DrvHTG12832.o [1]
drv_htg_write_command   0x00b4a7   0xcb  Code  Gb  DrvHTG12832.o [1]
drv_htg_write_data      0x00b5b2   0xcb  Code  Gb  DrvHTG12832.o [1]
drv_keypad_scan         0x00c83d  0x211  Code  Gb  DrvKeyboard.o [1]
exit                    0x013e6b    0x4  Code  Gb  exit.o [5]
find_zf_tab             0x0128b2   0x51  Code  Gb  GT20L16P1Y.o [3]
get_key_value           0x010c4b   0xe5  Code  Gb  ApiKeyboard.o [1]
htg_delay_ms            0x00b6b2   0x1e  Code  Lc  DrvHTG12832.o [1]
htg_initial             0x00b6d0   0x7e  Code  Lc  DrvHTG12832.o [1]
key_scan_board          0x00e273  0x13f  Code  Gb  DrvKeyboard.o [1]
main                    0x013e57    0x4  Code  Gb  main.o [1]
main_app                0x00e128  0x14b  Code  Gb  System.o [1]
mcu_gt20_initial        0x012655   0x58  Code  Lc  DrvGT20L16S1Y.o [1]
mcu_key_pad_out         0x010799  0x102  Code  Gb  DrvKeyboard.o [1]
mcu_key_pad_read        0x0114df   0xa9  Code  Gb  DrvKeyboard.o [1]
mcu_key_pad_set         0x00cc48  0x1ed  Code  Gb  DrvKeyboard.o [1]
mcu_lcd_initial         0x00b74e   0x84  Code  Lc  DrvHTG12832.o [1]
memcmp                  0x012ecd   0x39  Code  Gb  memcmp.o [5]
memcpy                  0x013144   0x31  Code  Gb  memcpy.o [5]
memset                  0x013718   0x1a  Code  Gb  memset.o [5]
num1                    0x00154f    0x1  Data  Gb  ApiKeyboard.o [1]
num2                    0x001550    0x1  Data  Gb  ApiKeyboard.o [1]
num3                    0x001551    0x1  Data  Gb  ApiKeyboard.o [1]
num4                    0x001552    0x1  Data  Gb  ApiKeyboard.o [1]
num5                    0x001553    0x1  Data  Gb  ApiKeyboard.o [1]
num6                    0x001554    0x1  Data  Gb  ApiKeyboard.o [1]
numCount                0x001555    0x1  Data  Gb  ApiKeyboard.o [1]
pack_data               0x008f2e  0x65e  Code  Lc  ApiGpsCmd.o [1]
r_dat_bat               0x011b18   0x8f  Code  Gb  ApiDisplay.o [1]
strlen                  0x0136fd   0x1b  Code  Gb  strlen.o [5]
ucAtPocHead             0x0015a2    0x3  Data  Gb  ApiPocCmd.o [1]
ucCLVL                  0x0015c1    0x3  Data  Gb  Task.o [1]
ucCODECCTL              0x0015c7    0x3  Data  Gb  Task.o [1]
ucCSQ                   0x0015d3    0x3  Data  Gb  Task.o [1]
ucCaretPPPCFG           0x001573    0x3  Data  Gb  ApiAtCmd.o [1]
ucCheckCard             0x001594    0x3  Data  Gb  ApiAtCmd.o [1]
ucCheckPPP              0x001588    0x3  Data  Gb  ApiAtCmd.o [1]
ucCheckRssi             0x001591    0x3  Data  Gb  ApiAtCmd.o [1]
ucCheckTcp              0x001579    0x3  Data  Gb  ApiAtCmd.o [1]
ucEndPTT                0x0015bb    0x3  Data  Gb  Task.o [1]
ucGD83Reset             0x0015b4    0x3  Data  Gb  System.o [1]
ucOSSYSHWID             0x0015ca    0x3  Data  Gb  Task.o [1]
ucPPPCFG                0x0015d6    0x3  Data  Gb  Task.o [1]
ucPlayZtts              0x001576    0x3  Data  Gb  ApiAtCmd.o [1]
ucPocOpenConfig         0x0015dc    0x3  Data  Gb  Task.o [1]
ucPrefmode2             0x0015cd    0x3  Data  Gb  Task.o [1]
ucPrefmode4             0x0015d0    0x3  Data  Gb  Task.o [1]
ucQuitPersonalCalling   0x00159e    0x3  Data  Gb  ApiKeyboard.o [1]
ucRequestUserListInfo   0x0015be    0x3  Data  Gb  Task.o [1]
ucRxCSQ31               0x001567    0x3  Data  Gb  ApiAtCmd.o [1]
ucRxCSQ99               0x00156a    0x3  Data  Gb  ApiAtCmd.o [1]
ucRxCheckCard           0x001561    0x3  Data  Gb  ApiAtCmd.o [1]
ucRxCheckPppClose       0x00158e    0x3  Data  Gb  ApiAtCmd.o [1]
ucRxCheckPppOpen        0x00158b    0x3  Data  Gb  ApiAtCmd.o [1]
ucRxCheckTcp            0x001582    0x3  Data  Gb  ApiAtCmd.o [1]
ucRxOkHeadInfo          0x0015ae    0x3  Data  Gb  DrvGD83.o [1]
ucRxPocHeadInfo         0x0015ab    0x3  Data  Gb  DrvGD83.o [1]
ucRxTcpDataHeadInfo     0x0015b1    0x3  Data  Gb  DrvGD83.o [1]
ucRxZTTS0               0x001564    0x3  Data  Gb  ApiAtCmd.o [1]
ucSIMST1                0x00156d    0x3  Data  Gb  ApiAtCmd.o [1]
ucSIMST255              0x001570    0x3  Data  Gb  ApiAtCmd.o [1]
ucSendTcp               0x00157f    0x3  Data  Gb  ApiAtCmd.o [1]
ucSetIPAndID            0x0015a5    0x3  Data  Gb  ApiPocCmd.o [1]
ucSetIp                 0x00157c    0x3  Data  Gb  ApiAtCmd.o [1]
ucStartPTT              0x0015b8    0x3  Data  Gb  Task.o [1]
ucTxPocHeadInfo         0x0015a8    0x3  Data  Gb  DrvGD83.o [1]
ucVGR                   0x0015c4    0x3  Data  Gb  Task.o [1]
ucVGR1                  0x001598    0x3  Data  Gb  ApiKeyboard.o [1]
ucVGR7                  0x00159b    0x3  Data  Gb  ApiKeyboard.o [1]
ucZTTS_Abell            0x0015d9    0x3  Data  Gb  Task.o [1]
ucZpppOpen              0x001585    0x3  Data  Gb  ApiAtCmd.o [1]
x                       0x00155f    0x1  Data  Gb  Task.o [1]


[1] = E:\1-source\A508\PRJ\Debug\Obj
[2] = command line
[3] = GT20L16_STM8_MEDIUN_IAR.a
[4] = dbgstm8mld.a
[5] = dlstm8mln.a

  39 063 bytes of readonly  code memory
   3 087 bytes of readonly  data memory
   6 111 bytes of readwrite data memory

Errors: none
Warnings: none
