###############################################################################
#
# IAR ELF Linker V2.20.1.176 for STM8                     27/Jan/2018  17:34:48
# Copyright 2010-2015 IAR Systems AB.
#
#    Output file  =  E:\1-source\A508\PRJ\Debug\Exe\A508_DEMO1.out
#    Map file     =  E:\1-source\A508\PRJ\Debug\List\A508_DEMO1.map
#    Command line =  
#        E:\1-source\A508\PRJ\Debug\Obj\ADC.o
#        E:\1-source\A508\PRJ\Debug\Obj\ApiAtCmd.o
#        E:\1-source\A508\PRJ\Debug\Obj\ApiDisplay.o
#        E:\1-source\A508\PRJ\Debug\Obj\ApiGpsCmd.o
#        E:\1-source\A508\PRJ\Debug\Obj\ApiKeyboard.o
#        E:\1-source\A508\PRJ\Debug\Obj\ApiLED.o
#        E:\1-source\A508\PRJ\Debug\Obj\ApiMenu.o
#        E:\1-source\A508\PRJ\Debug\Obj\ApiPocCmd.o
#        E:\1-source\A508\PRJ\Debug\Obj\Beep.o
#        E:\1-source\A508\PRJ\Debug\Obj\CommonLib.o
#        E:\1-source\A508\PRJ\Debug\Obj\Config.o
#        E:\1-source\A508\PRJ\Debug\Obj\Delay.o
#        E:\1-source\A508\PRJ\Debug\Obj\DrvGD83.o
#        E:\1-source\A508\PRJ\Debug\Obj\DrvGT20L16S1Y.o
#        E:\1-source\A508\PRJ\Debug\Obj\DrvHTG12832.o
#        E:\1-source\A508\PRJ\Debug\Obj\DrvKeyboard.o
#        E:\1-source\A508\PRJ\Debug\Obj\Flash_eeprom.o
#        E:\1-source\A508\SRC\Syetem\GT20L16_STM8_DOUBLE_MEDIUM_IAR.a
#        E:\1-source\A508\PRJ\Debug\Obj\GT20L16P1Y_D.o
#        E:\1-source\A508\PRJ\Debug\Obj\main.o
#        E:\1-source\A508\PRJ\Debug\Obj\McuConfig.o
#        E:\1-source\A508\PRJ\Debug\Obj\stm8s_adc2.o
#        E:\1-source\A508\PRJ\Debug\Obj\stm8s_awu.o
#        E:\1-source\A508\PRJ\Debug\Obj\stm8s_beep.o
#        E:\1-source\A508\PRJ\Debug\Obj\stm8s_clk.o
#        E:\1-source\A508\PRJ\Debug\Obj\stm8s_exti.o
#        E:\1-source\A508\PRJ\Debug\Obj\stm8s_flash.o
#        E:\1-source\A508\PRJ\Debug\Obj\stm8s_gpio.o
#        E:\1-source\A508\PRJ\Debug\Obj\stm8s_i2c.o
#        E:\1-source\A508\PRJ\Debug\Obj\stm8s_it.o
#        E:\1-source\A508\PRJ\Debug\Obj\stm8s_itc.o
#        E:\1-source\A508\PRJ\Debug\Obj\stm8s_iwdg.o
#        E:\1-source\A508\PRJ\Debug\Obj\stm8s_rst.o
#        E:\1-source\A508\PRJ\Debug\Obj\stm8s_spi.o
#        E:\1-source\A508\PRJ\Debug\Obj\stm8s_tim1.o
#        E:\1-source\A508\PRJ\Debug\Obj\stm8s_tim2.o
#        E:\1-source\A508\PRJ\Debug\Obj\stm8s_tim3.o
#        E:\1-source\A508\PRJ\Debug\Obj\stm8s_tim4.o
#        E:\1-source\A508\PRJ\Debug\Obj\stm8s_uart1.o
#        E:\1-source\A508\PRJ\Debug\Obj\stm8s_uart3.o
#        E:\1-source\A508\PRJ\Debug\Obj\stm8s_wwdg.o
#        E:\1-source\A508\PRJ\Debug\Obj\sysclock.o
#        E:\1-source\A508\PRJ\Debug\Obj\System.o
#        E:\1-source\A508\PRJ\Debug\Obj\Task.o
#        E:\1-source\A508\PRJ\Debug\Obj\Tone.o
#        E:\1-source\A508\PRJ\Debug\Obj\uart3.o
#        E:\1-source\A508\PRJ\Debug\Obj\Voice.o --redirect _Printf=_PrintfSmall
#        --redirect _Scanf=_ScanfSmall -o
#        E:\1-source\A508\PRJ\Debug\Exe\A508_DEMO1.out --map
#        E:\1-source\A508\PRJ\Debug\List\A508_DEMO1.map --config "C:\Program
#        Files\IAR Systems\Embedded Workbench
#        7.3\stm8\config\lnkstm8s007c8.icf" --config_def _CSTACK_SIZE=0x100
#        --config_def _HEAP_SIZE=0x00 --entry __iar_program_start --debug_lib
#
###############################################################################

*******************************************************************************
*** RUNTIME MODEL ATTRIBUTES
***

__SystemLibrary            = DLib
__code_model               = medium_or_large
__core                     = stm8
__data_model               = medium
__dlib_file_descriptor     = 0
__dlib_full_locale_support = 0
__rt_version               = 4


*******************************************************************************
*** PLACEMENT SUMMARY
***

"A1":  place at start of [0x000000-0x0000ff] { rw section .vregs };
"A2":  place at end of [0x000000-0x0017ff] { block CSTACK };
"P2":  place in [from 0x000000 to 0x0017ff] {
          block HEAP, rw section __DLIB_PERTHREAD, rw section .far.bss,
          rw section .far.data, rw section .far.noinit,
          rw section .far_func.textrw, rw section .huge.bss,
          rw section .huge.data, rw section .huge.noinit,
          rw section .huge_func.textrw, rw section .iar.dynexit,
          rw section .near.bss, rw section .near.data, rw section .near.noinit,
          rw section .near_func.textrw };
"A3":  place at start of [0x008000-0x00ffff] { block INTVEC };
"P3":  place in [from 0x008000 to 0x00ffff] {
          ro section __DLIB_PERTHREAD_init, ro section .far.data_init,
          ro section .far_func.textrw_init, ro section .huge.data_init,
          ro section .huge_func.textrw_init, ro section .iar.init_table,
          ro section .init_array, ro section .near.data_init,
          ro section .near.rodata, ro section .near_func.text,
          ro section .near_func.textrw_init, ro section .tiny.data_init,
          ro section .tiny.rodata_init };
"P4":  place in [from 0x008000 to 0x00ffff repeat 2] {
          ro section .far.rodata, ro section .far_func.text };

  Section            Kind      Address    Size  Object
  -------            ----      -------    ----  ------
"A1":                                     0x10
  .vregs             uninit   0x000000    0x10  vregs.o [5]
                            - 0x000010    0x10

"P2", part 1 of 2:                        0x62
  P2-1                        0x000010    0x62  <Init block>
    .near.data       inited   0x000010     0x1  ApiAtCmd.o [1]
    .near.data       inited   0x000011     0x2  ApiAtCmd.o [1]
    .near.data       inited   0x000013     0x2  ApiAtCmd.o [1]
    .near.data       inited   0x000015     0x2  ApiAtCmd.o [1]
    .near.data       inited   0x000017     0x2  ApiAtCmd.o [1]
    .near.data       inited   0x000019     0x2  ApiAtCmd.o [1]
    .near.data       inited   0x00001b     0x2  ApiAtCmd.o [1]
    .near.data       inited   0x00001d     0x2  ApiAtCmd.o [1]
    .near.data       inited   0x00001f     0x2  ApiAtCmd.o [1]
    .near.data       inited   0x000021     0x2  ApiAtCmd.o [1]
    .near.data       inited   0x000023     0x2  ApiAtCmd.o [1]
    .near.data       inited   0x000025     0x2  ApiAtCmd.o [1]
    .near.data       inited   0x000027     0x2  ApiAtCmd.o [1]
    .near.data       inited   0x000029     0x2  ApiAtCmd.o [1]
    .near.data       inited   0x00002b     0x2  ApiAtCmd.o [1]
    .near.data       inited   0x00002d     0x2  ApiAtCmd.o [1]
    .near.data       inited   0x00002f     0x2  ApiAtCmd.o [1]
    .near.data       inited   0x000031     0x2  ApiAtCmd.o [1]
    .near.data       inited   0x000033     0x2  ApiAtCmd.o [1]
    .near.data       inited   0x000035     0x2  ApiAtCmd.o [1]
    .near.data       inited   0x000037     0x2  ApiAtCmd.o [1]
    .near.data       inited   0x000039     0x2  ApiAtCmd.o [1]
    .near.data       inited   0x00003b     0x1  ApiKeyboard.o [1]
    .near.data       inited   0x00003c     0x2  ApiKeyboard.o [1]
    .near.data       inited   0x00003e     0x2  ApiKeyboard.o [1]
    .near.data       inited   0x000040     0x2  ApiKeyboard.o [1]
    .near.data       inited   0x000042     0x1  ApiKeyboard.o [1]
    .near.data       inited   0x000043     0x1  ApiKeyboard.o [1]
    .near.data       inited   0x000044     0x2  ApiPocCmd.o [1]
    .near.data       inited   0x000046     0x2  ApiPocCmd.o [1]
    .near.data       inited   0x000048     0x2  Delay.o [1]
    .near.data       inited   0x00004a     0x2  Delay.o [1]
    .near.data       inited   0x00004c     0x2  DrvGD83.o [1]
    .near.data       inited   0x00004e     0x2  DrvGD83.o [1]
    .near.data       inited   0x000050     0x2  DrvGD83.o [1]
    .near.data       inited   0x000052     0x2  DrvGD83.o [1]
    .near.data       inited   0x000054     0x2  System.o [1]
    .near.data       inited   0x000056     0x1  Task.o [1]
    .near.data       inited   0x000057     0x1  Task.o [1]
    .near.data       inited   0x000058     0x2  Task.o [1]
    .near.data       inited   0x00005a     0x2  Task.o [1]
    .near.data       inited   0x00005c     0x2  Task.o [1]
    .near.data       inited   0x00005e     0x2  Task.o [1]
    .near.data       inited   0x000060     0x2  Task.o [1]
    .near.data       inited   0x000062     0x2  Task.o [1]
    .near.data       inited   0x000064     0x2  Task.o [1]
    .near.data       inited   0x000066     0x2  Task.o [1]
    .near.data       inited   0x000068     0x2  Task.o [1]
    .near.data       inited   0x00006a     0x2  Task.o [1]
    .near.data       inited   0x00006c     0x2  Task.o [1]
    .near.data       inited   0x00006e     0x2  Task.o [1]
    .near.data       inited   0x000070     0x2  Task.o [1]
                            - 0x000072    0x62

"P2", part 2 of 2:                      0x1560
  .near.bss          zero     0x000072   0xbd7  ApiPocCmd.o [1]
  .near.bss          zero     0x000c49   0x318  DrvGD83.o [1]
  .near.bss          zero     0x000f61   0x224  ApiGpsCmd.o [1]
  .near.bss          zero     0x001185   0x200  ApiDisplay.o [1]
  .near.bss          zero     0x001385    0x85  ApiAtCmd.o [1]
  .near.bss          zero     0x00140a    0x50  ApiPocCmd.o [1]
  .near.bss          zero     0x00145a    0x44  uart3.o [1]
  .near.bss          zero     0x00149e    0x40  ApiDisplay.o [1]
  .near.bss          zero     0x0014de    0x2d  ApiPocCmd.o [1]
  .near.bss          zero     0x00150b    0x16  ApiPocCmd.o [1]
  .near.bss          zero     0x001521    0x14  System.o [1]
  .near.bss          zero     0x001535    0x12  Beep.o [1]
  .near.bss          zero     0x001547    0x12  Tone.o [1]
  .near.bss          zero     0x001559     0xf  ApiPocCmd.o [1]
  .near.bss          zero     0x001568     0xf  ApiPocCmd.o [1]
  .near.bss          zero     0x001577     0xb  ApiPocCmd.o [1]
  .near.bss          zero     0x001582     0xb  Delay.o [1]
  .near.bss          zero     0x00158d     0x6  Voice.o [1]
  .near.bss          zero     0x001593     0x4  uart3.o [1]
  .near.bss          zero     0x001597     0x2  ApiDisplay.o [1]
  .near.bss          zero     0x001599     0x2  DrvHTG12832.o [1]
  .near.bss          zero     0x00159b     0x1  ADC.o [1]
  .near.bss          zero     0x00159c     0x1  ApiAtCmd.o [1]
  .near.bss          zero     0x00159d     0x1  ApiAtCmd.o [1]
  .near.bss          zero     0x00159e     0x1  ApiAtCmd.o [1]
  .near.bss          zero     0x00159f     0x1  ApiAtCmd.o [1]
  .near.bss          zero     0x0015a0     0x1  ApiAtCmd.o [1]
  .near.bss          zero     0x0015a1     0x1  ApiAtCmd.o [1]
  .near.bss          zero     0x0015a2     0x1  ApiAtCmd.o [1]
  .near.bss          zero     0x0015a3     0x1  ApiGpsCmd.o [1]
  .near.bss          zero     0x0015a4     0x1  ApiKeyboard.o [1]
  .near.bss          zero     0x0015a5     0x1  ApiKeyboard.o [1]
  .near.bss          zero     0x0015a6     0x1  ApiKeyboard.o [1]
  .near.bss          zero     0x0015a7     0x1  ApiKeyboard.o [1]
  .near.bss          zero     0x0015a8     0x1  ApiKeyboard.o [1]
  .near.bss          zero     0x0015a9     0x1  ApiKeyboard.o [1]
  .near.bss          zero     0x0015aa     0x1  ApiKeyboard.o [1]
  .near.bss          zero     0x0015ab     0x1  ApiKeyboard.o [1]
  .near.bss          zero     0x0015ac     0x1  ApiKeyboard.o [1]
  .near.bss          zero     0x0015ad     0x1  ApiKeyboard.o [1]
  .near.bss          zero     0x0015ae     0x1  ApiKeyboard.o [1]
  .near.bss          zero     0x0015af     0x1  ApiKeyboard.o [1]
  .near.bss          zero     0x0015b0     0x1  ApiKeyboard.o [1]
  .near.bss          zero     0x0015b1     0x1  ApiKeyboard.o [1]
  .near.bss          zero     0x0015b2     0x1  ApiKeyboard.o [1]
  .near.bss          zero     0x0015b3     0x1  ApiKeyboard.o [1]
  .near.bss          zero     0x0015b4     0x1  ApiKeyboard.o [1]
  .near.bss          zero     0x0015b5     0x1  ApiKeyboard.o [1]
  .near.bss          zero     0x0015b6     0x1  ApiKeyboard.o [1]
  .near.bss          zero     0x0015b7     0x1  ApiLED.o [1]
  .near.bss          zero     0x0015b8     0x1  ApiPocCmd.o [1]
  .near.bss          zero     0x0015b9     0x1  ApiPocCmd.o [1]
  .near.bss          zero     0x0015ba     0x1  ApiPocCmd.o [1]
  .near.bss          zero     0x0015bb     0x1  ApiPocCmd.o [1]
  .near.bss          zero     0x0015bc     0x1  ApiPocCmd.o [1]
  .near.bss          zero     0x0015bd     0x1  ApiPocCmd.o [1]
  .near.bss          zero     0x0015be     0x1  ApiPocCmd.o [1]
  .near.bss          zero     0x0015bf     0x1  ApiPocCmd.o [1]
  .near.bss          zero     0x0015c0     0x1  ApiPocCmd.o [1]
  .near.bss          zero     0x0015c1     0x1  ApiPocCmd.o [1]
  .near.bss          zero     0x0015c2     0x1  ApiPocCmd.o [1]
  .near.bss          zero     0x0015c3     0x1  Delay.o [1]
  .near.bss          zero     0x0015c4     0x1  Delay.o [1]
  .near.bss          zero     0x0015c5     0x1  Delay.o [1]
  .near.bss          zero     0x0015c6     0x1  Delay.o [1]
  .near.bss          zero     0x0015c7     0x1  Delay.o [1]
  .near.bss          zero     0x0015c8     0x1  Delay.o [1]
  .near.bss          zero     0x0015c9     0x1  Delay.o [1]
  .near.bss          zero     0x0015ca     0x1  Delay.o [1]
  .near.bss          zero     0x0015cb     0x1  Delay.o [1]
  .near.bss          zero     0x0015cc     0x1  DrvGD83.o [1]
  .near.bss          zero     0x0015cd     0x1  Task.o [1]
  .near.bss          zero     0x0015ce     0x1  Task.o [1]
  .near.bss          zero     0x0015cf     0x1  Task.o [1]
  .near.bss          zero     0x0015d0     0x1  Task.o [1]
  .near.bss          zero     0x0015d1     0x1  Task.o [1]
                            - 0x0015d2  0x1560

"A2":                                    0x100
  CSTACK                      0x001700   0x100  <Block>
    CSTACK           uninit   0x001700   0x100  <Block tail>
                            - 0x001800   0x100

"A3":                                     0x80
  INTVEC                      0x008000    0x80  <Block>
    .intvec          const    0x008000    0x80  interrupt.o [5]
                            - 0x008080    0x80

"P3":                                   0x2934
  .near.rodata       const    0x008080  0x1b00  GT20L16P1Y_D.o [1]
  .near.rodata       const    0x009b80   0x400  ApiDisplay.o [1]
  .near.rodata       const    0x009f80   0x1b0  GT20L16P1Y_D.o [1]
  .near.rodata       const    0x00a130   0x1b0  GT20L16P1Y_D.o [1]
  Initializer bytes  const    0x00a2e0    0x62  <for P2-1>
  .near_func.text    const    0x00a342    0x40  ApiDisplay.o [1]
  .near.rodata       const    0x00a382    0x3e  GT20L16P1Y.o [3]
  .near.rodata       const    0x00a3c0    0x31  Task.o [1]
  .near.rodata       const    0x00a3f1    0x2a  Task.o [1]
  .near.rodata       const    0x00a41b    0x25  Task.o [1]
  .near.rodata       const    0x00a440    0x25  Task.o [1]
  .near.rodata       const    0x00a465    0x25  Task.o [1]
  .iar.init_table    const    0x00a48a    0x14  - Linker created -
  .near.rodata       const    0x00a49e    0x1d  Task.o [1]
  .near.rodata       const    0x00a4bb    0x18  Task.o [1]
  .near.rodata       const    0x00a4d3    0x15  Task.o [1]
  .near.rodata       const    0x00a4e8    0x13  ApiAtCmd.o [1]
  .near.rodata       const    0x00a4fb    0x13  Task.o [1]
  .near.rodata       const    0x00a50e    0x13  Task.o [1]
  .near.rodata       const    0x00a521    0x12  ApiAtCmd.o [1]
  .near.rodata       const    0x00a533    0x12  Task.o [1]
  .near.rodata       const    0x00a545    0x11  ApiKeyboard.o [1]
  .near.rodata       const    0x00a556    0x11  ApiKeyboard.o [1]
  .near.rodata       const    0x00a567    0x11  ApiKeyboard.o [1]
  .near.rodata       const    0x00a578    0x11  ApiKeyboard.o [1]
  .near.rodata       const    0x00a589    0x11  ApiKeyboard.o [1]
  .near.rodata       const    0x00a59a    0x11  ApiKeyboard.o [1]
  .near.rodata       const    0x00a5ab    0x11  ApiKeyboard.o [1]
  .near.rodata       const    0x00a5bc    0x11  ApiMenu.o [1]
  .near.rodata       const    0x00a5cd    0x11  ApiMenu.o [1]
  .near.rodata       const    0x00a5de    0x11  ApiMenu.o [1]
  .near.rodata       const    0x00a5ef    0x11  ApiMenu.o [1]
  .near.rodata       const    0x00a600    0x11  ApiMenu.o [1]
  .near.rodata       const    0x00a611    0x11  ApiMenu.o [1]
  .near.rodata       const    0x00a622    0x11  ApiMenu.o [1]
  .near.rodata       const    0x00a633    0x11  ApiMenu.o [1]
  .near.rodata       const    0x00a644    0x11  ApiMenu.o [1]
  .near.rodata       const    0x00a655    0x11  ApiMenu.o [1]
  .near.rodata       const    0x00a666    0x11  ApiMenu.o [1]
  .near.rodata       const    0x00a677    0x11  CommonLib.o [1]
  .near.rodata       const    0x00a688    0x11  Delay.o [1]
  .near.rodata       const    0x00a699    0x11  System.o [1]
  .near.rodata       const    0x00a6aa    0x11  Task.o [1]
  .near.rodata       const    0x00a6bb    0x11  Task.o [1]
  .near.rodata       const    0x00a6cc    0x11  Task.o [1]
  .near.rodata       const    0x00a6dd    0x11  Task.o [1]
  .near.rodata       const    0x00a6ee    0x11  Task.o [1]
  .near.rodata       const    0x00a6ff    0x11  Task.o [1]
  .near.rodata       const    0x00a710    0x11  Task.o [1]
  .near.rodata       const    0x00a721    0x11  Task.o [1]
  .near.rodata       const    0x00a732    0x11  Task.o [1]
  .near.rodata       const    0x00a743    0x11  Task.o [1]
  .near.rodata       const    0x00a754    0x10  ApiAtCmd.o [1]
  .near.rodata       const    0x00a764    0x10  ApiAtCmd.o [1]
  .near.rodata       const    0x00a774    0x10  ApiDisplay.o [1]
  .near.rodata       const    0x00a784    0x10  ApiDisplay.o [1]
  .near.rodata       const    0x00a794    0x10  uart3.o [1]
  .near.rodata       const    0x00a7a4     0xf  ApiAtCmd.o [1]
  .near.rodata       const    0x00a7b3     0xf  ApiKeyboard.o [1]
  .near.rodata       const    0x00a7c2     0xf  Delay.o [1]
  .near.rodata       const    0x00a7d1     0xf  Task.o [1]
  .near.rodata       const    0x00a7e0     0xf  Task.o [1]
  .near.rodata       const    0x00a7ef     0xe  ApiAtCmd.o [1]
  .near.rodata       const    0x00a7fd     0xe  ApiAtCmd.o [1]
  .near.rodata       const    0x00a80b     0xe  ApiAtCmd.o [1]
  .near.rodata       const    0x00a819     0xe  Delay.o [1]
  .near.rodata       const    0x00a827     0xe  Task.o [1]
  .near.rodata       const    0x00a835     0xe  Task.o [1]
  .near.rodata       const    0x00a843     0xd  ApiPocCmd.o [1]
  .near.rodata       const    0x00a850     0xd  ApiPocCmd.o [1]
  .near.rodata       const    0x00a85d     0xd  Task.o [1]
  .near.rodata       const    0x00a86a     0xc  ApiAtCmd.o [1]
  .near.rodata       const    0x00a876     0xc  Delay.o [1]
  .near.rodata       const    0x00a882     0xb  ApiAtCmd.o [1]
  .near.rodata       const    0x00a88d     0xb  ApiAtCmd.o [1]
  .near.rodata       const    0x00a898     0xb  Task.o [1]
  .near.rodata       const    0x00a8a3     0xa  ApiAtCmd.o [1]
  .near.rodata       const    0x00a8ad     0xa  ApiAtCmd.o [1]
  .near.rodata       const    0x00a8b7     0xa  ApiAtCmd.o [1]
  .near.rodata       const    0x00a8c1     0xa  Task.o [1]
  .near.rodata       const    0x00a8cb     0x9  ApiAtCmd.o [1]
  .near.rodata       const    0x00a8d4     0x9  ApiAtCmd.o [1]
  .near.rodata       const    0x00a8dd     0x9  ApiAtCmd.o [1]
  .near.rodata       const    0x00a8e6     0x9  ApiKeyboard.o [1]
  .near.rodata       const    0x00a8ef     0x9  ApiKeyboard.o [1]
  .near.rodata       const    0x00a8f8     0x9  ApiMenu.o [1]
  .near.rodata       const    0x00a901     0x9  DrvGD83.o [1]
  .near.rodata       const    0x00a90a     0x9  System.o [1]
  .near.rodata       const    0x00a913     0x9  Task.o [1]
  .near.rodata       const    0x00a91c     0x9  Task.o [1]
  .near.rodata       const    0x00a925     0x8  ApiAtCmd.o [1]
  .near.rodata       const    0x00a92d     0x8  ApiAtCmd.o [1]
  .near.rodata       const    0x00a935     0x8  ApiDisplay.o [1]
  .near.rodata       const    0x00a93d     0x8  ApiPocCmd.o [1]
  .near.rodata       const    0x00a945     0x8  Task.o [1]
  .near.rodata       const    0x00a94d     0x7  ApiAtCmd.o [1]
  .near.rodata       const    0x00a954     0x7  ApiAtCmd.o [1]
  .near.rodata       const    0x00a95b     0x7  ApiPocCmd.o [1]
  .near.rodata       const    0x00a962     0x7  DrvGD83.o [1]
  .near.rodata       const    0x00a969     0x7  Task.o [1]
  .near.rodata       const    0x00a970     0x7  Task.o [1]
  .near.rodata       const    0x00a977     0x6  DrvGD83.o [1]
  .near.rodata       const    0x00a97d     0x6  System.o [1]
  .near.rodata       const    0x00a983     0x4  ApiMenu.o [1]
  .near.rodata       const    0x00a987     0x4  ApiMenu.o [1]
  .near.rodata       const    0x00a98b     0x4  ApiMenu.o [1]
  .near.rodata       const    0x00a98f     0x4  ApiMenu.o [1]
  .near.rodata       const    0x00a993     0x4  ApiMenu.o [1]
  .near.rodata       const    0x00a997     0x4  ApiMenu.o [1]
  .near.rodata       const    0x00a99b     0x4  ApiMenu.o [1]
  .near.rodata       const    0x00a99f     0x4  ApiMenu.o [1]
  .near.rodata       const    0x00a9a3     0x4  stm8s_clk.o [1]
  .near.rodata       const    0x00a9a7     0x4  uart3.o [1]
  .near.rodata       const    0x00a9ab     0x3  DrvGD83.o [1]
  .near.rodata       const    0x00a9ae     0x3  uart3.o [1]
  .near.rodata       const    0x00a9b1     0x3  uart3.o [1]
                            - 0x00a9b4  0x2934

"P4", part 1 of 2:                      0x44b4
  .far_func.text     ro code  0x00a9b4   0x823  DrvGD83.o [1]
  .far_func.text     ro code  0x00b1d7   0x5e6  ApiKeyboard.o [1]
  .far_func.text     ro code  0x00b7bd   0x4cd  Task.o [1]
  .far_func.text     ro code  0x00bc8a   0x4a2  ApiGpsCmd.o [1]
  .far_func.text     ro code  0x00c12c   0x3fc  ApiPocCmd.o [1]
  .far_func.text     ro code  0x00c528   0x30f  Beep.o [1]
  .far_func.text     ro code  0x00c837   0x2e3  ApiGpsCmd.o [1]
  .far_func.text     ro code  0x00cb1a   0x2cd  GT20L16P1Y.o [3]
  .far_func.text     ro code  0x00cde7   0x284  ApiAtCmd.o [1]
  .far_func.text     ro code  0x00d06b   0x255  ApiGpsCmd.o [1]
  .far_func.text     ro code  0x00d2c0   0x252  DrvHTG12832.o [1]
  .far_func.text     ro code  0x00d512   0x251  GT20L16P1Y.o [3]
  .far_func.text     ro code  0x00d763   0x237  ApiAtCmd.o [1]
  .far_func.text     ro code  0x00d99a   0x236  Delay.o [1]
  .far_func.text     ro code  0x00dbd0   0x22c  Config.o [1]
  .far_func.text     ro code  0x00ddfc   0x211  DrvKeyboard.o [1]
  .far_func.text     ro code  0x00e00d   0x1dc  Task.o [1]
  .far_func.text     ro code  0x00e1e9   0x1d1  ApiGpsCmd.o [1]
  .far_func.text     ro code  0x00e3ba   0x1b2  uart3.o [1]
  .far_func.text     ro code  0x00e56c   0x19f  long.o [5]
  .far_func.text     ro code  0x00e70b   0x187  ApiMenu.o [1]
  .far_func.text     ro code  0x00e892   0x185  GT20L16P1Y.o [3]
  .far_func.text     ro code  0x00ea17   0x173  ApiPocCmd.o [1]
  .far_func.text     ro code  0x00eb8a   0x173  ApiPocCmd.o [1]
  .far_func.text     ro code  0x00ecfd   0x16b  ApiAtCmd.o [1]
                            - 0x00ee68  0x44b4

"P4", part 2 of 2:                      0x3d93
  .far_func.text     ro code  0x010000   0x168  vreg_util.o [5]
  .far_func.text     ro code  0x010168   0x165  ApiGpsCmd.o [1]
  .far_func.text     ro code  0x0102cd   0x163  ApiPocCmd.o [1]
  .far_func.text     ro code  0x010430   0x159  stm8s_uart1.o [1]
  .far_func.text     ro code  0x010589   0x148  DrvKeyboard.o [1]
  .far_func.text     ro code  0x0106d1   0x143  System.o [1]
  .far_func.text     ro code  0x010814   0x13f  DrvKeyboard.o [1]
  .far_func.text     ro code  0x010953   0x13b  DrvGT20L16S1Y.o [1]
  .far_func.text     ro code  0x010a8e   0x134  DrvGT20L16S1Y.o [1]
  .far_func.text     ro code  0x010bc2   0x12a  stm8s_uart3.o [1]
  .far_func.text     ro code  0x010cec   0x119  ApiAtCmd.o [1]
  .far_func.text     ro code  0x010e05   0x109  uart3.o [1]
  .far_func.text     ro code  0x010f0e   0x103  stm8s_itc.o [1]
  .far_func.text     ro code  0x011011   0x101  ADC.o [1]
  .far_func.text     ro code  0x011112    0xfa  CommonLib.o [1]
  .far_func.text     ro code  0x01120c    0xf3  uart3.o [1]
  .far_func.text     ro code  0x0112ff    0xeb  DrvGD83.o [1]
  .far_func.text     ro code  0x0113ea    0xe5  ApiKeyboard.o [1]
  .far_func.text     ro code  0x0114cf    0xdf  uart3.o [1]
  .far_func.text     ro code  0x0115ae    0xd9  ApiDisplay.o [1]
  .far_func.text     ro code  0x011687    0xd8  ApiPocCmd.o [1]
  .far_func.text     ro code  0x01175f    0xc8  ApiDisplay.o [1]
  .far_func.text     ro code  0x011827    0xc0  ApiDisplay.o [1]
  .far_func.text     ro code  0x0118e7    0xb6  stm8s_uart3.o [1]
  .far_func.text     ro code  0x01199d    0xb0  ApiDisplay.o [1]
  .far_func.text     ro code  0x011a4d    0xaf  stm8s_gpio.o [1]
  .far_func.text     ro code  0x011afc    0xa3  Delay.o [1]
  .far_func.text     ro code  0x011b9f    0xa2  stm8s_clk.o [1]
  .far_func.text     ro code  0x011c41    0x99  stm8s_tim1.o [1]
  .far_func.text     ro code  0x011cda    0x97  ApiDisplay.o [1]
  .far_func.text     ro code  0x011d71    0x96  CommonLib.o [1]
  .far_func.text     ro code  0x011e07    0x96  DrvKeyboard.o [1]
  .far_func.text     ro code  0x011e9d    0x95  uart3.o [1]
  .far_func.text     ro code  0x011f32    0x92  stm8s_uart1.o [1]
  .far_func.text     ro code  0x011fc4    0x8d  stm8s_uart3.o [1]
  .far_func.text     ro code  0x012051    0x88  ApiDisplay.o [1]
  .far_func.text     ro code  0x0120d9    0x85  ApiPocCmd.o [1]
  .far_func.text     ro code  0x01215e    0x82  stm8s_adc2.o [1]
  .far_func.text     ro code  0x0121e0    0x80  DrvGD83.o [1]
  .far_func.text     ro code  0x012260    0x7a  ApiLED.o [1]
  .far_func.text     ro code  0x0122da    0x73  ApiAtCmd.o [1]
  .far_func.text     ro code  0x01234d    0x73  Delay.o [1]
  .far_func.text     ro code  0x0123c0    0x72  DrvKeyboard.o [1]
  .far_func.text     ro code  0x012432    0x71  Voice.o [1]
  .far_func.text     ro code  0x0124a3    0x6e  uart3.o [1]
  .far_func.text     ro code  0x012511    0x6d  stm8s_uart1.o [1]
  .far_func.text     ro code  0x01257e    0x6b  Tone.o [1]
  .far_func.text     ro code  0x0125e9    0x67  ApiAtCmd.o [1]
  .far_func.text     ro code  0x012650    0x64  ApiDisplay.o [1]
  .far_func.text     ro code  0x0126b4    0x64  ApiGpsCmd.o [1]
  .far_func.text     ro code  0x012718    0x64  long_util.o [5]
  .far_func.text     ro code  0x01277c    0x62  ApiPocCmd.o [1]
  .far_func.text     ro code  0x0127de    0x61  stm8s_tim1.o [1]
  .far_func.text     ro code  0x01283f    0x5e  CommonLib.o [1]
  .far_func.text     ro code  0x01289d    0x5d  short.o [5]
  .far_func.text     ro code  0x0128fa    0x5c  GT20L16P1Y_D.o [1]
  .far_func.text     ro code  0x012956    0x5a  ApiDisplay.o [1]
  .far_func.text     ro code  0x0129b0    0x58  stm8s_clk.o [1]
  .far_func.text     ro code  0x012a08    0x58  dc_util.o [5]
  .far_func.text     ro code  0x012a60    0x57  ApiDisplay.o [1]
  .far_func.text     ro code  0x012ab7    0x56  Tone.o [1]
  .far_func.text     ro code  0x012b0d    0x55  Delay.o [1]
  .far_func.text     ro code  0x012b62    0x54  stm8s_adc2.o [1]
  .far_func.text     ro code  0x012bb6    0x52  uart3.o [1]
  .far_func.text     ro code  0x012c08    0x52  uart3.o [1]
  .far_func.text     ro code  0x012c5a    0x50  Flash_eeprom.o [1]
  .far_func.text     ro code  0x012caa    0x4f  ApiDisplay.o [1]
  .far_func.text     ro code  0x012cf9    0x4f  Flash_eeprom.o [1]
  .far_func.text     ro code  0x012d48    0x4f  uart3.o [1]
  .far_func.text     ro code  0x012d97    0x4e  CommonLib.o [1]
  .far_func.text     ro code  0x012de5    0x4a  DrvGD83.o [1]
  .far_func.text     ro code  0x012e2f    0x4a  DrvGD83.o [1]
  .far_func.text     ro code  0x012e79    0x4a  DrvGD83.o [1]
  .far_func.text     ro code  0x012ec3    0x4a  DrvGD83.o [1]
  .far_func.text     ro code  0x012f0d    0x49  stm8s_uart3.o [1]
  .far_func.text     ro code  0x012f56    0x48  Flash_eeprom.o [1]
  .far_func.text     ro code  0x012f9e    0x48  GT20L16P1Y_D.o [1]
  .far_func.text     ro code  0x012fe6    0x48  GT20L16P1Y_D.o [1]
  .far_func.text     ro code  0x01302e    0x47  GT20L16P1Y.o [3]
  .far_func.text     ro code  0x013075    0x45  Flash_eeprom.o [1]
  .far_func.text     ro code  0x0130ba    0x43  stm8s_tim1.o [1]
  .far_func.text     ro code  0x0130fd    0x43  uart3.o [1]
  .far_func.text     ro code  0x013140    0x40  Task.o [1]
  .far_func.text     ro code  0x013180    0x3e  Flash_eeprom.o [1]
  .far_func.text     ro code  0x0131be    0x3d  DrvGD83.o [1]
  .far_func.text     ro code  0x0131fb    0x39  uart3.o [1]
  .far_func.text     ro code  0x013234    0x38  Beep.o [1]
  .far_func.text     ro code  0x01326c    0x38  DrvGT20L16S1Y.o [1]
  .far_func.text     ro code  0x0132a4    0x36  stm8s_flash.o [1]
  .far_func.text     ro code  0x0132da    0x36  sysclock.o [1]
  .far_func.text     ro code  0x013310    0x36  memcmp.o [5]
  .far_func.text     ro code  0x013346    0x34  McuConfig.o [1]
  .far_func.text     ro code  0x01337a    0x32  stm8s_uart1.o [1]
  .far_func.text     ro code  0x0133ac    0x31  Voice.o [1]
  .far_func.text     ro code  0x0133dd    0x30  stm8s_adc2.o [1]
  .far_func.text     ro code  0x01340d    0x2f  ApiDisplay.o [1]
  .far_func.text     ro code  0x01343c    0x2f  ApiDisplay.o [1]
  .far_func.text     ro code  0x01346b    0x2f  stm8s_adc2.o [1]
  .far_func.text     ro code  0x01349a    0x2e  ApiDisplay.o [1]
  .far_func.text     ro code  0x0134c8    0x2e  ApiDisplay.o [1]
  .far_func.text     ro code  0x0134f6    0x2e  McuConfig.o [1]
  .far_func.text     ro code  0x013524    0x2d  ApiDisplay.o [1]
  .far_func.text     ro code  0x013551    0x2d  stm8s_uart1.o [1]
  .far_func.text     ro code  0x01357e    0x2c  DrvGD83.o [1]
  .far_func.text     ro code  0x0135aa    0x2b  sysclock.o [1]
  .far_func.text     ro code  0x0135d5    0x2b  Task.o [1]
  .far_func.text     ro code  0x013600    0x29  Delay.o [1]
  .far_func.text     ro code  0x013629    0x29  McuConfig.o [1]
  .far_func.text     ro code  0x013652    0x28  stm8s_flash.o [1]
  .far_func.text     ro code  0x01367a    0x28  init_small.o [5]
  .far_func.text     ro code  0x0136a2    0x27  ADC.o [1]
  .far_func.text     ro code  0x0136c9    0x27  McuConfig.o [1]
  .far_func.text     ro code  0x0136f0    0x26  GT20L16P1Y_D.o [1]
  .far_func.text     ro code  0x013716    0x26  stm8s_it.o [1]
  .far_func.text     ro code  0x01373c    0x26  Tone.o [1]
  .far_func.text     ro code  0x013762    0x26  memcpy.o [5]
  .far_func.text     ro code  0x013788    0x25  stm8s_flash.o [1]
  .far_func.text     ro code  0x0137ad    0x25  stm8s_uart3.o [1]
  .far_func.text     ro code  0x0137d2    0x25  move.o [5]
  .far_func.text     ro code  0x0137f7    0x24  stm8s_tim1.o [1]
  .far_func.text     ro code  0x01381b    0x22  ADC.o [1]
  .far_func.text     ro code  0x01383d    0x22  ApiPocCmd.o [1]
  .far_func.text     ro code  0x01385f    0x22  ApiPocCmd.o [1]
  .far_func.text     ro code  0x013881    0x21  ApiGpsCmd.o [1]
  .far_func.text     ro code  0x0138a2    0x21  ApiPocCmd.o [1]
  .far_func.text     ro code  0x0138c3    0x21  Delay.o [1]
  .far_func.text     ro code  0x0138e4    0x21  stm8s_adc2.o [1]
  .far_func.text     ro code  0x013905    0x21  stm8s_it.o [1]
  .far_func.text     ro code  0x013926    0x20  ApiPocCmd.o [1]
  .far_func.text     ro code  0x013946    0x1f  sysclock.o [1]
  .far_func.text     ro code  0x013965    0x1e  init.o [5]
  .far_func.text     ro code  0x013983    0x1e  init_small.o [5]
  .far_func.text     ro code  0x0139a1    0x1c  Beep.o [1]
  .far_func.text     ro code  0x0139bd    0x1c  Delay.o [1]
  .far_func.text     ro code  0x0139d9    0x1b  stm8s_it.o [1]
  .far_func.text     ro code  0x0139f4    0x19  McuConfig.o [1]
  .far_func.text     ro code  0x013a0d    0x19  McuConfig.o [1]
  .far_func.text     ro code  0x013a26    0x19  McuConfig.o [1]
  .far_func.text     ro code  0x013a3f    0x19  McuConfig.o [1]
  .far_func.text     ro code  0x013a58    0x19  McuConfig.o [1]
  .far_func.text     ro code  0x013a71    0x17  ApiDisplay.o [1]
  .far_func.text     ro code  0x013a88    0x17  ApiDisplay.o [1]
  .far_func.text     ro code  0x013a9f    0x17  uart3.o [1]
  .far_func.text     ro code  0x013ab6    0x17  cstartup.o [5]
  .far_func.text     ro code  0x013acd    0x17  memset.o [5]
  .far_func.text     ro code  0x013ae4    0x16  stm8s_flash.o [1]
  .far_func.text     ro code  0x013afa    0x16  __dbg_xxexit.o [4]
  .far_func.text     ro code  0x013b10    0x14  stm8s_flash.o [1]
  .far_func.text     ro code  0x013b24    0x13  ApiPocCmd.o [1]
  .far_func.text     ro code  0x013b37    0x13  ApiPocCmd.o [1]
  .far_func.text     ro code  0x013b4a    0x13  stm8s_adc2.o [1]
  .far_func.text     ro code  0x013b5d    0x13  stm8s_clk.o [1]
  .far_func.text     ro code  0x013b70    0x13  stm8s_tim3.o [1]
  .far_func.text     ro code  0x013b83    0x12  ApiPocCmd.o [1]
  .far_func.text     ro code  0x013b95    0x12  ApiPocCmd.o [1]
  .far_func.text     ro code  0x013ba7    0x12  uart3.o [1]
  .far_func.text     ro code  0x013bb9    0x12  strlen.o [5]
  .far_func.text     ro code  0x013bcb    0x10  uart3.o [1]
  .far_func.text     ro code  0x013bdb     0xf  Voice.o [1]
  .far_func.text     ro code  0x013bea     0xe  far_util.o [5]
  .far_func.text     ro code  0x013bf8     0xd  McuConfig.o [1]
  .far_func.text     ro code  0x013c05     0xd  McuConfig.o [1]
  .far_func.text     ro code  0x013c12     0xd  McuConfig.o [1]
  .far_func.text     ro code  0x013c1f     0xd  McuConfig.o [1]
  .far_func.text     ro code  0x013c2c     0xd  stm8s_adc2.o [1]
  .far_func.text     ro code  0x013c39     0xd  stm8s_tim1.o [1]
  .far_func.text     ro code  0x013c46     0xd  stm8s_tim1.o [1]
  .far_func.text     ro code  0x013c53     0xd  stm8s_tim1.o [1]
  .far_func.text     ro code  0x013c60     0xd  stm8s_tim3.o [1]
  .far_func.text     ro code  0x013c6d     0xd  stm8s_tim3.o [1]
  .far_func.text     ro code  0x013c7a     0xd  stm8s_uart1.o [1]
  .far_func.text     ro code  0x013c87     0xd  stm8s_uart3.o [1]
  .far_func.text     ro code  0x013c94     0xc  stm8s_tim3.o [1]
  .far_func.text     ro code  0x013ca0     0xb  ApiPocCmd.o [1]
  .far_func.text     ro code  0x013cab     0xa  ApiAtCmd.o [1]
  .far_func.text     ro code  0x013cb5     0x9  stm8s_gpio.o [1]
  .far_func.text     ro code  0x013cbe     0x9  stm8s_tim3.o [1]
  .far_func.text     ro code  0x013cc7     0x7  ApiAtCmd.o [1]
  .far_func.text     ro code  0x013cce     0x7  ApiAtCmd.o [1]
  .far_func.text     ro code  0x013cd5     0x7  ApiPocCmd.o [1]
  .far_func.text     ro code  0x013cdc     0x7  stm8s_flash.o [1]
  .far_func.text     ro code  0x013ce3     0x7  stm8s_gpio.o [1]
  .far_func.text     ro code  0x013cea     0x6  char.o [5]
  .far_func.text     ro code  0x013cf0     0x6  cexit.o [5]
  .far_func.text     ro code  0x013cf6     0x5  stm8s_adc2.o [1]
  .far_func.text     ro code  0x013cfb     0x5  stm8s_flash.o [1]
  .far_func.text     ro code  0x013d00     0x5  stm8s_flash.o [1]
  .far_func.text     ro code  0x013d05     0x5  stm8s_tim3.o [1]
  .far_func.text     ro code  0x013d0a     0x4  ApiAtCmd.o [1]
  .far_func.text     ro code  0x013d0e     0x4  ApiAtCmd.o [1]
  .far_func.text     ro code  0x013d12     0x4  ApiAtCmd.o [1]
  .far_func.text     ro code  0x013d16     0x4  ApiAtCmd.o [1]
  .far_func.text     ro code  0x013d1a     0x4  ApiAtCmd.o [1]
  .far_func.text     ro code  0x013d1e     0x4  ApiAtCmd.o [1]
  .far_func.text     ro code  0x013d22     0x4  ApiAtCmd.o [1]
  .far_func.text     ro code  0x013d26     0x4  ApiAtCmd.o [1]
  .far_func.text     ro code  0x013d2a     0x4  ApiGpsCmd.o [1]
  .far_func.text     ro code  0x013d2e     0x4  ApiGpsCmd.o [1]
  .far_func.text     ro code  0x013d32     0x4  ApiPocCmd.o [1]
  .far_func.text     ro code  0x013d36     0x4  ApiPocCmd.o [1]
  .far_func.text     ro code  0x013d3a     0x4  ApiPocCmd.o [1]
  .far_func.text     ro code  0x013d3e     0x4  ApiPocCmd.o [1]
  .far_func.text     ro code  0x013d42     0x4  ApiPocCmd.o [1]
  .far_func.text     ro code  0x013d46     0x4  ApiPocCmd.o [1]
  .far_func.text     ro code  0x013d4a     0x4  main.o [1]
  .far_func.text     ro code  0x013d4e     0x4  stm8s_gpio.o [1]
  .far_func.text     ro code  0x013d52     0x4  stm8s_uart1.o [1]
  .far_func.text     ro code  0x013d56     0x4  stm8s_uart1.o [1]
  .far_func.text     ro code  0x013d5a     0x4  stm8s_uart3.o [1]
  .far_func.text     ro code  0x013d5e     0x4  stm8s_uart3.o [1]
  .far_func.text     ro code  0x013d62     0x4  System.o [1]
  .far_func.text     ro code  0x013d66     0x4  System.o [1]
  .far_func.text     ro code  0x013d6a     0x4  Task.o [1]
  .far_func.text     ro code  0x013d6e     0x4  interrupt.o [5]
  .far_func.text     ro code  0x013d72     0x4  exit.o [5]
  .far_func.text     ro code  0x013d76     0x3  low_level_init.o [5]
  .far_func.text     ro code  0x013d79     0x3  unhandled_exception.o [5]
  .far_func.text     ro code  0x013d7c     0x1  ApiKeyboard.o [1]
  .far_func.text     ro code  0x013d7d     0x1  stm8s_it.o [1]
  .far_func.text     ro code  0x013d7e     0x1  stm8s_it.o [1]
  .far_func.text     ro code  0x013d7f     0x1  stm8s_it.o [1]
  .far_func.text     ro code  0x013d80     0x1  stm8s_it.o [1]
  .far_func.text     ro code  0x013d81     0x1  stm8s_it.o [1]
  .far_func.text     ro code  0x013d82     0x1  stm8s_it.o [1]
  .far_func.text     ro code  0x013d83     0x1  stm8s_it.o [1]
  .far_func.text     ro code  0x013d84     0x1  stm8s_it.o [1]
  .far_func.text     ro code  0x013d85     0x1  stm8s_it.o [1]
  .far_func.text     ro code  0x013d86     0x1  stm8s_it.o [1]
  .far_func.text     ro code  0x013d87     0x1  stm8s_it.o [1]
  .far_func.text     ro code  0x013d88     0x1  stm8s_it.o [1]
  .far_func.text     ro code  0x013d89     0x1  stm8s_it.o [1]
  .far_func.text     ro code  0x013d8a     0x1  stm8s_it.o [1]
  .far_func.text     ro code  0x013d8b     0x1  stm8s_it.o [1]
  .far_func.text     ro code  0x013d8c     0x1  stm8s_it.o [1]
  .far_func.text     ro code  0x013d8d     0x1  stm8s_it.o [1]
  .far_func.text     ro code  0x013d8e     0x1  stm8s_it.o [1]
  .far_func.text     ro code  0x013d8f     0x1  stm8s_it.o [1]
  .far_func.text     ro code  0x013d90     0x1  stm8s_it.o [1]
  .far_func.text     ro code  0x013d91     0x1  stm8s_it.o [1]
  .far_func.text     ro code  0x013d92     0x1  __dbg_break.o [4]
                            - 0x013d93  0x3d93


*******************************************************************************
*** INIT TABLE
***

          Address   Size
          -------   ----
Zero (__iar_zero_init2)
    1 destination range, total size 0x1560:
          0x000072  0x1560

Copy (__iar_copy_init2)
    1 source range, total size 0x62:
          0x00a2e0    0x62
    1 destination range, total size 0x62:
          0x000010    0x62



*******************************************************************************
*** MODULE SUMMARY
***

    Module                 ro code  ro data  rw data
    ------                 -------  -------  -------
E:\1-source\A508\PRJ\Debug\Obj: [1]
    ADC.o                      330                 1
    ApiAtCmd.o               2 129      290      183
    ApiDisplay.o             1 705    1 128      578
    ApiGpsCmd.o              3 485               549
    ApiKeyboard.o            1 740      161       28
    ApiLED.o                   122                 1
    ApiMenu.o                  391      228
    ApiPocCmd.o              2 813       45    3 234
    Beep.o                     867                18
    CommonLib.o                572       17
    Config.o                   556
    Delay.o                  1 031       62       24
    DrvGD83.o                2 847       33      801
    DrvGT20L16S1Y.o            679
    DrvHTG12832.o              594                 2
    DrvKeyboard.o            1 440
    Flash_eeprom.o             362
    GT20L16P1Y_D.o             274    7 776
    McuConfig.o                355
    System.o                   331       34       22
    Task.o                   1 816      662       33
    Tone.o                     231                18
    Voice.o                    177                 6
    main.o                       4
    stm8s_adc2.o               379
    stm8s_clk.o                269        4
    stm8s_flash.o              190
    stm8s_gpio.o               195
    stm8s_it.o                 119
    stm8s_itc.o                259
    stm8s_tim1.o               392
    stm8s_tim3.o                71
    stm8s_uart1.o              716
    stm8s_uart3.o              752
    sysclock.o                 128
    uart3.o                  1 848       26       72
    ------------------------------------------------
    Total:                  30 169   10 466    5 570

command line: [2]
    ------------------------------------------------
    Total:

GT20L16_STM8_DOUBLE_MEDIUM_IAR.a: [3]
    GT20L16P1Y.o             1 770       62
    ------------------------------------------------
    Total:                   1 770       62

dbgstm8mmd.a: [4]
    __dbg_break.o                1
    __dbg_xxexit.o              22
    ------------------------------------------------
    Total:                      23

dlstm8mmn.a: [5]
    cexit.o                      6
    char.o                       6
    cstartup.o                  23
    dc_util.o                   88
    exit.o                       4
    far_util.o                  14
    init.o                      30
    init_small.o                70
    interrupt.o                  4      128
    long.o                     415
    long_util.o                100
    low_level_init.o             3
    memcmp.o                    54
    memcpy.o                    38
    memset.o                    23
    move.o                      37
    short.o                     93
    strlen.o                    18
    unhandled_exception.o        3
    vreg_util.o                360
    vregs.o                                       16
    ------------------------------------------------
    Total:                   1 389      128       16

    Linker created                       20      256
----------------------------------------------------
    Grand Total:            33 351   10 676    5 842


*******************************************************************************
*** ENTRY LIST
***

Entry                    Address    Size  Type      Object
-----                    -------    ----  ----      ------
.iar.init_table$$Base   0x00a48a           --   Gb  - Linker created -
.iar.init_table$$Limit  0x00a49e           --   Gb  - Linker created -
?add32_l0_l0_0x         0x00e56f          Code  Gb  long.o [5]
?add32_l0_l0_l1         0x00e56c          Code  Gb  long.o [5]
?and32_l0_l0_0x         0x00e6ab          Code  Gb  long.o [5]
?and32_l0_l0_l1         0x00e6a8          Code  Gb  long.o [5]
?b0                     0x000000          Data  Gb  vregs.o [5]
?b1                     0x000001          Data  Gb  vregs.o [5]
?b10                    0x00000a          Data  Gb  vregs.o [5]
?b11                    0x00000b          Data  Gb  vregs.o [5]
?b12                    0x00000c          Data  Gb  vregs.o [5]
?b13                    0x00000d          Data  Gb  vregs.o [5]
?b14                    0x00000e          Data  Gb  vregs.o [5]
?b15                    0x00000f          Data  Gb  vregs.o [5]
?b2                     0x000002          Data  Gb  vregs.o [5]
?b3                     0x000003          Data  Gb  vregs.o [5]
?b4                     0x000004          Data  Gb  vregs.o [5]
?b5                     0x000005          Data  Gb  vregs.o [5]
?b6                     0x000006          Data  Gb  vregs.o [5]
?b7                     0x000007          Data  Gb  vregs.o [5]
?b8                     0x000008          Data  Gb  vregs.o [5]
?b9                     0x000009          Data  Gb  vregs.o [5]
?dc32_l0                0x012a08          Code  Gb  dc_util.o [5]
?dc32_l1                0x012a34          Code  Gb  dc_util.o [5]
?e0                     0x000001          Data  Gb  vregs.o [5]
?e1                     0x000005          Data  Gb  vregs.o [5]
?e2                     0x000009          Data  Gb  vregs.o [5]
?e3                     0x00000d          Data  Gb  vregs.o [5]
?epilogue_l2            0x0100c4          Code  Gb  vreg_util.o [5]
?epilogue_l2_l3         0x0100c0          Code  Gb  vreg_util.o [5]
?epilogue_l2_w6         0x0100c9          Code  Gb  vreg_util.o [5]
?epilogue_w4            0x0100d2          Code  Gb  vreg_util.o [5]
?l0                     0x000000          Data  Gb  vregs.o [5]
?l1                     0x000004          Data  Gb  vregs.o [5]
?l2                     0x000008          Data  Gb  vregs.o [5]
?l3                     0x00000c          Data  Gb  vregs.o [5]
?load24_e1_0x           0x013bea          Code  Gb  far_util.o [5]
?load32_0x_l0           0x01276e          Code  Gb  long_util.o [5]
?load32_l0_0x           0x012732          Code  Gb  long_util.o [5]
?load32_l0_asp          0x012726          Code  Gb  long_util.o [5]
?load32_l0_dbsp         0x012718          Code  Gb  long_util.o [5]
?load32_l0_xsp          0x012728          Code  Gb  long_util.o [5]
?load32_l1_0x           0x012758          Code  Gb  long_util.o [5]
?load32_l1_asp          0x01274c          Code  Gb  long_util.o [5]
?load32_l1_dbsp         0x01273e          Code  Gb  long_util.o [5]
?load32_l1_xsp          0x01274e          Code  Gb  long_util.o [5]
?load32_xsp_l0          0x012764          Code  Gb  long_util.o [5]
?longfarg16_v_w0_a      0x0137df          Code  Gb  move.o [5]
?longfarg16_v_w0_x      0x0137e1          Code  Gb  move.o [5]
?mov_e0_e1              0x0100ef          Code  Gb  vreg_util.o [5]
?mov_e0_e2              0x0100fc          Code  Gb  vreg_util.o [5]
?mov_e0_e3              0x010109          Code  Gb  vreg_util.o [5]
?mov_e1_e0              0x010116          Code  Gb  vreg_util.o [5]
?mov_e1_e2              0x010123          Code  Gb  vreg_util.o [5]
?mov_e1_e3              0x010130          Code  Gb  vreg_util.o [5]
?mov_e2_e0              0x01013d          Code  Gb  vreg_util.o [5]
?mov_e3_e0              0x010151          Code  Gb  vreg_util.o [5]
?mov_e3_e1              0x01015e          Code  Gb  vreg_util.o [5]
?mov_l0_l1              0x0100ec          Code  Gb  vreg_util.o [5]
?mov_l0_l2              0x0100f9          Code  Gb  vreg_util.o [5]
?mov_l0_l3              0x010106          Code  Gb  vreg_util.o [5]
?mov_l1_l0              0x010113          Code  Gb  vreg_util.o [5]
?mov_l1_l2              0x010120          Code  Gb  vreg_util.o [5]
?mov_l1_l3              0x01012d          Code  Gb  vreg_util.o [5]
?mov_l2_l0              0x01013a          Code  Gb  vreg_util.o [5]
?mov_l3_l0              0x01014e          Code  Gb  vreg_util.o [5]
?mov_l3_l1              0x01015b          Code  Gb  vreg_util.o [5]
?mov_w1_w3              0x0100f2          Code  Gb  vreg_util.o [5]
?mov_w1_w4              0x0100d7          Code  Gb  vreg_util.o [5]
?mov_w1_w5              0x0100ff          Code  Gb  vreg_util.o [5]
?mov_w1_w7              0x01010c          Code  Gb  vreg_util.o [5]
?mov_w2_w1              0x0100de          Code  Gb  vreg_util.o [5]
?mov_w3_w1              0x010119          Code  Gb  vreg_util.o [5]
?mov_w3_w5              0x010126          Code  Gb  vreg_util.o [5]
?mov_w3_w7              0x010133          Code  Gb  vreg_util.o [5]
?mov_w5_w1              0x010140          Code  Gb  vreg_util.o [5]
?mov_w5_w3              0x010147          Code  Gb  vreg_util.o [5]
?mov_w6_w0              0x0100e5          Code  Gb  vreg_util.o [5]
?mov_w7_w1              0x010154          Code  Gb  vreg_util.o [5]
?mov_w7_w3              0x010161          Code  Gb  vreg_util.o [5]
?move1616_v_x_y_a       0x0137d2          Code  Gb  move.o [5]
?mul16_x_x_w0           0x01289d          Code  Gb  short.o [5]
?mul32_l0_l0_l1         0x00e5a2          Code  Gb  long.o [5]
?or32_l0_l0_0x          0x00e6c6          Code  Gb  long.o [5]
?or32_l0_l0_l1          0x00e6c3          Code  Gb  long.o [5]
?pop_l0                 0x010088          Code  Gb  vreg_util.o [5]
?pop_l1                 0x010093          Code  Gb  vreg_util.o [5]
?pop_l2                 0x01009e          Code  Gb  vreg_util.o [5]
?pop_l3                 0x0100a9          Code  Gb  vreg_util.o [5]
?pop_w4                 0x01002b          Code  Gb  vreg_util.o [5]
?pop_w5                 0x010032          Code  Gb  vreg_util.o [5]
?pop_w6                 0x010039          Code  Gb  vreg_util.o [5]
?pop_w7                 0x010040          Code  Gb  vreg_util.o [5]
?push_l0                0x010053          Code  Gb  vreg_util.o [5]
?push_l1                0x010058          Code  Gb  vreg_util.o [5]
?push_l2                0x01005d          Code  Gb  vreg_util.o [5]
?push_l3                0x010062          Code  Gb  vreg_util.o [5]
?push_w4                0x010000          Code  Gb  vreg_util.o [5]
?push_w5                0x010005          Code  Gb  vreg_util.o [5]
?push_w6                0x01000a          Code  Gb  vreg_util.o [5]
?push_w7                0x01000f          Code  Gb  vreg_util.o [5]
?sdiv16_x_x_y           0x0128bb          Code  Gb  short.o [5]
?sext16_x_a             0x0128f3          Code  Gb  short.o [5]
?sext32_l0_x            0x00e700          Code  Gb  long.o [5]
?sll16_x_x_4            0x0128ee          Code  Gb  short.o [5]
?sll16_x_x_5            0x0128ed          Code  Gb  short.o [5]
?sll16_x_x_6            0x0128ec          Code  Gb  short.o [5]
?sll16_x_x_a            0x0128e4          Code  Gb  short.o [5]
?sll32_0x_0x_a          0x00e6e1          Code  Gb  long.o [5]
?sll32_l0_l0_a          0x00e6de          Code  Gb  long.o [5]
?smod16_y_x_y           0x0128d4          Code  Gb  short.o [5]
?srl32_0x_0x_a          0x00e6f2          Code  Gb  long.o [5]
?srl32_l0_l0_a          0x00e6ef          Code  Gb  long.o [5]
?srl8_a_a_5             0x013ceb          Code  Gb  char.o [5]
?srl8_a_a_6             0x013cea          Code  Gb  char.o [5]
?sub32_l0_l0_0x         0x00e58a          Code  Gb  long.o [5]
?sub32_l0_l0_l1         0x00e587          Code  Gb  long.o [5]
?ucmp32_c_l0_l1         0x00e69d          Code  Gb  long.o [5]
?udiv32_l0_dl_l1        0x00e626          Code  Gb  long.o [5]
?udiv32_l0_l0_dl        0x00e62c          Code  Gb  long.o [5]
?udiv32_l0_l0_l1        0x00e630          Code  Gb  long.o [5]
?umod32_l1_l0_dl        0x00e620          Code  Gb  long.o [5]
?umod32_l1_l0_l1        0x00e630          Code  Gb  long.o [5]
?w0                     0x000000          Data  Gb  vregs.o [5]
?w1                     0x000002          Data  Gb  vregs.o [5]
?w2                     0x000004          Data  Gb  vregs.o [5]
?w3                     0x000006          Data  Gb  vregs.o [5]
?w4                     0x000008          Data  Gb  vregs.o [5]
?w5                     0x00000a          Data  Gb  vregs.o [5]
?w6                     0x00000c          Data  Gb  vregs.o [5]
?w7                     0x00000e          Data  Gb  vregs.o [5]
ADC2_Cmd                0x013c2c     0xd  Code  Gb  stm8s_adc2.o [1]
ADC2_ConversionConfig   0x01346b    0x2f  Code  Gb  stm8s_adc2.o [1]
ADC2_ExternalTriggerConfig
                        0x0138e4    0x21  Code  Gb  stm8s_adc2.o [1]
ADC2_GetConversionValue
                        0x012b62    0x54  Code  Gb  stm8s_adc2.o [1]
ADC2_IRQHandler         0x013d8f     0x1  Code  Gb  stm8s_it.o [1]
ADC2_Init               0x0133dd    0x30  Code  Gb  stm8s_adc2.o [1]
ADC2_PrescalerConfig    0x013b4a    0x13  Code  Gb  stm8s_adc2.o [1]
ADC2_SchmittTriggerConfig
                        0x01215e    0x82  Code  Gb  stm8s_adc2.o [1]
ADC2_StartConversion    0x013cf6     0x5  Code  Gb  stm8s_adc2.o [1]
ADC_Init                0x01381b    0x22  Code  Gb  ADC.o [1]
AF_Mute_Init            0x013c05     0xd  Code  Gb  McuConfig.o [1]
ASCII_ActiveUserID      0x00150b    0x16  Data  Gb  ApiPocCmd.o [1]
AUDIO_IOAFMUT           0x013a3f    0x19  Code  Gb  McuConfig.o [1]
AUDIO_IOAFPOW           0x013a58    0x19  Code  Gb  McuConfig.o [1]
AWU_IRQHandler          0x013d7f     0x1  Code  Gb  stm8s_it.o [1]
AkeyvolumeCount         0x00003b     0x1  Data  Gb  ApiKeyboard.o [1]
AlarmCount              0x000056     0x1  Data  Gb  Task.o [1]
ApGpsCmd_10msRenew      0x013881    0x21  Code  Gb  ApiGpsCmd.o [1]
ApiAtCmd_100msRenew     0x00cfea    0x81  Code  Gb  ApiAtCmd.o [1]
ApiAtCmd_10msRenew      0x010cec   0x119  Code  Gb  ApiAtCmd.o [1]
ApiAtCmd_GetGroupName   0x013b83    0x12  Code  Gb  ApiPocCmd.o [1]
ApiAtCmd_GetGroupNameLen
                        0x013b24    0x13  Code  Gb  ApiPocCmd.o [1]
ApiAtCmd_GetGroupNum    0x013d3a     0x4  Code  Gb  ApiPocCmd.o [1]
ApiAtCmd_GetLoginState  0x013cd5     0x7  Code  Gb  ApiPocCmd.o [1]
ApiAtCmd_GetMainGroupId
                        0x013d42     0x4  Code  Gb  ApiPocCmd.o [1]
ApiAtCmd_GetMainUserId  0x013d46     0x4  Code  Gb  ApiPocCmd.o [1]
ApiAtCmd_GetMainUserName
                        0x013d36     0x4  Code  Gb  ApiPocCmd.o [1]
ApiAtCmd_GetMainWorkName
                        0x013d32     0x4  Code  Gb  ApiPocCmd.o [1]
ApiAtCmd_GetUserName    0x013b95    0x12  Code  Gb  ApiPocCmd.o [1]
ApiAtCmd_GetUserNameLen
                        0x013b37    0x13  Code  Gb  ApiPocCmd.o [1]
ApiAtCmd_GetUserNum     0x013d3e     0x4  Code  Gb  ApiPocCmd.o [1]
ApiAtCmd_Get_location_Information
                        0x00d763   0x237  Code  Gb  ApiAtCmd.o [1]
ApiAtCmd_PlayVoice      0x0122da    0x73  Code  Gb  ApiAtCmd.o [1]
ApiAtCmd_TrumpetVoicePlay_Flag
                        0x00159e     0x1  Data  Gb  ApiAtCmd.o [1]
ApiAtCmd_WritCommand    0x00cde7   0x178  Code  Gb  ApiAtCmd.o [1]
ApiAtCmd_tcp_state      0x013cab     0xa  Code  Gb  ApiAtCmd.o [1]
ApiCaretCmd_10msRenew   0x00ecfd   0x16b  Code  Gb  ApiAtCmd.o [1]
ApiGpsCmd_100msRenew    0x00bf56   0x1d6  Code  Gb  ApiGpsCmd.o [1]
ApiGpsCmd_PowerOnInitial
                        0x00e1e9   0x1d1  Code  Gb  ApiGpsCmd.o [1]
ApiGps_GetTcpIpAddress  0x013d2a     0x4  Code  Gb  ApiGpsCmd.o [1]
ApiGps_GetTcpPortAddress
                        0x013d2e     0x4  Code  Gb  ApiGpsCmd.o [1]
ApiPocCmd_10msRenew     0x00c12c   0x3fc  Code  Gb  ApiPocCmd.o [1]
ApiPocCmd_Tone_Flag     0x0015bf     0x1  Data  Gb  ApiPocCmd.o [1]
ApiPocCmd_WritCommand   0x0102cd   0x163  Code  Gb  ApiPocCmd.o [1]
ApiPocCmd_user_info_set
                        0x011687    0xd8  Code  Gb  ApiPocCmd.o [1]
AtCmdDrvobj             0x001385    0x85  Data  Lc  ApiAtCmd.o [1]
AtCmd_NetParamCode      0x00cf5f    0x8b  Code  Lc  ApiAtCmd.o [1]
AtNotify_Queue          0x00aa4e    0x4d  Code  Lc  DrvGD83.o [1]
AtNotify_Queue_Start    0x00aa9b    0x56  Code  Lc  DrvGD83.o [1]
BEEP_Interrupt10ms      0x0139a1    0x1c  Code  Gb  Beep.o [1]
BEEP_PowerOnInitial     0x00c764    0xd3  Code  Gb  Beep.o [1]
BEEP_SetOutput          0x00c528   0x23c  Code  Gb  Beep.o [1]
BEEP_Time               0x013234    0x38  Code  Gb  Beep.o [1]
BeepDrvObj              0x001535    0x12  Data  Lc  Beep.o [1]
BitTab                  0x00a935     0x8  Data  Gb  ApiDisplay.o [1]
BootProcess_PPPCFG_Flag
                        0x00159d     0x1  Data  Gb  ApiAtCmd.o [1]
BootProcess_PPPCFG_Flag_Zanshi
                        0x000010     0x1  Data  Gb  ApiAtCmd.o [1]
BootProcess_SIMST_Flag  0x00159c     0x1  Data  Gb  ApiAtCmd.o [1]
CFG_GetCurAdr           0x00dbd0   0x22c  Code  Gb  Config.o [1]
CHAR_HIGH               0x00a774    0x10  Data  Gb  ApiDisplay.o [1]
CHAR_TO_Digital         0x0125e9    0x67  Code  Gb  ApiAtCmd.o [1]
CHAR_WIDTH              0x00a784    0x10  Data  Gb  ApiDisplay.o [1]
CLK_ClockSwitchConfig   0x011b9f    0xa2  Code  Gb  stm8s_clk.o [1]
CLK_GetClockFreq        0x0129b0    0x58  Code  Gb  stm8s_clk.o [1]
CLK_HSIPrescalerConfig  0x013b5d    0x13  Code  Gb  stm8s_clk.o [1]
CLK_IRQHandler          0x013d80     0x1  Code  Gb  stm8s_it.o [1]
COMLHexArray2String     0x0126b4    0x64  Code  Lc  ApiGpsCmd.o [1]
COML_AscToHex           0x011112    0xfa  Code  Gb  CommonLib.o [1]
COML_HexToAsc2          0x011d71    0x96  Code  Gb  CommonLib.o [1]
COML_StringReverse      0x01283f    0x5e  Code  Gb  CommonLib.o [1]
CSQ_Flag                0x00159f     0x1  Data  Gb  ApiAtCmd.o [1]
CSTACK$$Base            0x001700           --   Gb  - Linker created -
CSTACK$$Limit           0x001800           --   Gb  - Linker created -
C_TEST_OUT_SET          0x013c1f     0xd  Code  Gb  McuConfig.o [1]
CaretNotify_Queue       0x00a9b4    0x4d  Code  Lc  DrvGD83.o [1]
CaretNotify_Queue_Start
                        0x00ab47    0x56  Code  Lc  DrvGD83.o [1]
CharCode                0x001597     0x2  Data  Gb  ApiDisplay.o [1]
DEL_100msProcess        0x00db43    0x54  Code  Lc  Delay.o [1]
DEL_10msProcess         0x00db97    0x1d  Code  Lc  Delay.o [1]
DEL_1msProcess          0x00dbb4     0xc  Code  Lc  Delay.o [1]
DEL_500msProcess        0x00d99a   0x1a9  Code  Lc  Delay.o [1]
DEL_500ms_Count         0x0015c3     0x1  Data  Gb  Delay.o [1]
DEL_500ms_Count2        0x0015c4     0x1  Data  Gb  Delay.o [1]
DEL_GetTimer            0x012b0d    0x55  Code  Gb  Delay.o [1]
DEL_Interrupt           0x011afc    0xa3  Code  Gb  Delay.o [1]
DEL_PowerOnInitial      0x0138c3    0x21  Code  Gb  Delay.o [1]
DEL_Renew               0x00dbc0    0x10  Code  Gb  Delay.o [1]
DEL_SetTimer            0x01234d    0x73  Code  Gb  Delay.o [1]
DEL_Soft1ms             0x0139bd    0x1c  Code  Gb  Delay.o [1]
DEL_TimerRenew          0x013600    0x29  Code  Lc  Delay.o [1]
DISP_DataBuf            0x01175f    0xc8  Code  Lc  ApiDisplay.o [1]
DISP_MulTypePro         0x011827    0xc0  Code  Lc  ApiDisplay.o [1]
DISP_MulTypePro2        0x0115ae    0xd9  Code  Lc  ApiDisplay.o [1]
Data_Date0              0x013d1e     0x4  Code  Gb  ApiAtCmd.o [1]
Data_Date1              0x013d22     0x4  Code  Gb  ApiAtCmd.o [1]
Data_Date2              0x013d26     0x4  Code  Gb  ApiAtCmd.o [1]
Data_Latitude_Minute    0x013d0e     0x4  Code  Gb  ApiAtCmd.o [1]
Data_Latitude_Second    0x013cce     0x7  Code  Gb  ApiAtCmd.o [1]
Data_Longitude_Minute   0x013d0a     0x4  Code  Gb  ApiAtCmd.o [1]
Data_Longitude_Second   0x013cc7     0x7  Code  Gb  ApiAtCmd.o [1]
Data_Time0              0x013d12     0x4  Code  Gb  ApiAtCmd.o [1]
Data_Time1              0x013d16     0x4  Code  Gb  ApiAtCmd.o [1]
Data_Time2              0x013d1a     0x4  Code  Gb  ApiAtCmd.o [1]
Dec2Hex                 0x012d97    0x4e  Code  Gb  CommonLib.o [1]
DefaultSystemClockForHSI
                        0x013946    0x1f  Code  Gb  sysclock.o [1]
DelDrvObj               0x001582     0xb  Data  Lc  Delay.o [1]
Delay_100ms             0x013140    0x40  Code  Gb  Task.o [1]
DisDataBit              0x00149e    0x40  Data  Gb  ApiDisplay.o [1]
DisDataBuf              0x001185   0x200  Data  Gb  ApiDisplay.o [1]
DrvGD83DrvObj           0x000c49   0x318  Data  Lc  DrvGD83.o [1]
DrvGD83_UART_TxCommand  0x0121e0    0x80  Code  Gb  DrvGD83.o [1]
DrvMC8332_AtNotify_Queue_front
                        0x012e2f    0x4a  Code  Gb  DrvGD83.o [1]
DrvMC8332_CaretNotify_Queue_front
                        0x012de5    0x4a  Code  Gb  DrvGD83.o [1]
DrvMC8332_GpsNotify_Queue_front
                        0x012ec3    0x4a  Code  Gb  DrvGD83.o [1]
DrvMC8332_PocNotify_Queue_front
                        0x012e79    0x4a  Code  Gb  DrvGD83.o [1]
DrvMC8332_Software_Initial
                        0x0131be    0x3d  Code  Gb  DrvGD83.o [1]
DrvMC8332_TxPort_SetValidable
                        0x01357e    0x2c  Code  Gb  DrvGD83.o [1]
DrvMC8332_UART_Interrupt
                        0x00ae0c   0x3cb  Code  Gb  DrvGD83.o [1]
DrvMc8332_UART_TxTail   0x0112ff    0xeb  Code  Gb  DrvGD83.o [1]
EEPROM_EEC_IRQHandler   0x013d91     0x1  Code  Gb  stm8s_it.o [1]
EXTI_PORTA_IRQHandler   0x013d81     0x1  Code  Gb  stm8s_it.o [1]
EXTI_PORTB_IRQHandler   0x013d82     0x1  Code  Gb  stm8s_it.o [1]
EXTI_PORTC_IRQHandler   0x013d83     0x1  Code  Gb  stm8s_it.o [1]
EXTI_PORTD_IRQHandler   0x013d84     0x1  Code  Gb  stm8s_it.o [1]
EXTI_PORTE_IRQHandler   0x013d85     0x1  Code  Gb  stm8s_it.o [1]
FILE_Read               0x012f56    0x48  Code  Gb  Flash_eeprom.o [1]
FILE_Read2              0x013075    0x45  Code  Gb  Flash_eeprom.o [1]
FILE_Write              0x012cf9    0x4f  Code  Gb  Flash_eeprom.o [1]
FILE_Write2             0x012c5a    0x50  Code  Gb  Flash_eeprom.o [1]
FLASH_EraseOptionByte   0x013652    0x28  Code  Gb  stm8s_flash.o [1]
FLASH_GetFlagStatus     0x013b10    0x14  Code  Gb  stm8s_flash.o [1]
FLASH_Lock              0x013cdc     0x7  Code  Gb  stm8s_flash.o [1]
FLASH_ProgramByte       0x013cfb     0x5  Code  Gb  stm8s_flash.o [1]
FLASH_ProgramOptionByte
                        0x013788    0x25  Code  Gb  stm8s_flash.o [1]
FLASH_ReadByte          0x013d00     0x5  Code  Gb  stm8s_flash.o [1]
FLASH_Unlock            0x013ae4    0x16  Code  Gb  stm8s_flash.o [1]
FLASH_WaitForLastOperation
                        0x0132a4    0x36  Code  Gb  stm8s_flash.o [1]
GB2312_16_GetData       0x00d512   0x251  Code  Gb  GT20L16P1Y.o [3]
GPIO_Init               0x011a4d    0xaf  Code  Gb  stm8s_gpio.o [1]
GPIO_ReadInputPin       0x013cb5     0x9  Code  Gb  stm8s_gpio.o [1]
GPIO_WriteHigh          0x013ce3     0x7  Code  Gb  stm8s_gpio.o [1]
GPIO_WriteLow           0x013d4e     0x4  Code  Gb  stm8s_gpio.o [1]
GeHuTest                0x013d7c     0x1  Code  Lc  ApiKeyboard.o [1]
GetPersonalCallingMode  0x013ca0     0xb  Code  Gb  ApiPocCmd.o [1]
GetPointArrayData32     0x012f9e    0x48  Code  Gb  GT20L16P1Y_D.o [1]
GetTaskId               0x013d62     0x4  Code  Gb  System.o [1]
Get_0X_ActiveUserIDBuf  0x001577     0xb  Data  Gb  ApiPocCmd.o [1]
Get_GBK_ActiveUserID    0x01277c    0x62  Code  Gb  ApiPocCmd.o [1]
Get_Unicode_ActiveUserID
                        0x0120d9    0x85  Code  Gb  ApiPocCmd.o [1]
Get_Unicode_ActiveUserIDBuf
                        0x0014de    0x2d  Data  Gb  ApiPocCmd.o [1]
GpsCmd_GbAnalytical     0x00d06b   0x255  Code  Lc  ApiGpsCmd.o [1]
GpsCmd_GbDataTransave   0x00c837   0x2e3  Code  Lc  ApiGpsCmd.o [1]
GpsCmd_GbWritCommand    0x00bc8a   0x2cc  Code  Lc  ApiGpsCmd.o [1]
GpsFunDrvObj            0x000f61   0x224  Data  Lc  ApiGpsCmd.o [1]
GpsNotify_Queue         0x00ad8f    0x7d  Code  Lc  DrvGD83.o [1]
GpsNotify_Queue_Start   0x00ab9d    0x9a  Code  Lc  DrvGD83.o [1]
GpsReconnectionTimeCount
                        0x0015ca     0x1  Data  Gb  Delay.o [1]
GroupCallingNum         0x000042     0x1  Data  Gb  ApiKeyboard.o [1]
HSE_ClockStartUpConfiguration
                        0x0132da    0x36  Code  Lc  sysclock.o [1]
HSIDivFactor            0x00a9a3     0x4  Data  Gb  stm8s_clk.o [1]
HexToChar_GroupCallingNum
                        0x013926    0x20  Code  Gb  ApiPocCmd.o [1]
HexToChar_MainGroupId   0x0138a2    0x21  Code  Gb  ApiPocCmd.o [1]
HexToChar_MainUserId    0x01383d    0x22  Code  Gb  ApiPocCmd.o [1]
HexToChar_PersonalCallingNum
                        0x01385f    0x22  Code  Gb  ApiPocCmd.o [1]
HtgDrvObj               0x001599     0x2  Data  Lc  DrvHTG12832.o [1]
I2C_IRQHandler          0x013d8d     0x1  Code  Gb  stm8s_it.o [1]
INTVEC$$Base            0x008000           --   Gb  - Linker created -
INTVEC$$Limit           0x008080           --   Gb  - Linker created -
ITC_SetSoftwarePriority
                        0x010f0e   0x103  Code  Gb  stm8s_itc.o [1]
Ico_DataBuf             0x009b80   0x400  Data  Gb  ApiDisplay.o [1]
InputGBcode             0x009f80   0x1b0  Data  Gb  GT20L16P1Y_D.o [1]
InputUnicode            0x00a130   0x1b0  Data  Gb  GT20L16P1Y_D.o [1]
KEY_TABLE               0x00a9ae     0x3  Data  Lc  uart3.o [1]
KeyCount_PersonalCalling
                        0x0015d1     0x1  Data  Gb  Task.o [1]
KeyDownUpChoose_GroupOrUser_Flag
                        0x0015a0     0x1  Data  Gb  ApiAtCmd.o [1]
KeyPersonalCallingCount
                        0x0015a6     0x1  Data  Gb  ApiKeyboard.o [1]
KeyUpDownCount          0x0015a5     0x1  Data  Gb  ApiKeyboard.o [1]
Key_Flag_0              0x0015ce     0x1  Data  Gb  Task.o [1]
Key_Flag_1              0x0015a7     0x1  Data  Gb  ApiKeyboard.o [1]
Key_Init                0x013346    0x34  Code  Gb  McuConfig.o [1]
Key_PersonalCalling_Flag
                        0x0015cf     0x1  Data  Gb  Task.o [1]
Keyboard_Test           0x00b1d7   0x5e6  Code  Gb  ApiKeyboard.o [1]
LED_Conut               0x0015b7     0x1  Data  Gb  ApiLED.o [1]
LED_Init                0x0136c9    0x27  Code  Gb  McuConfig.o [1]
LED_IntOutputRenew      0x012260    0x7a  Code  Gb  ApiLED.o [1]
LockingState_EnterOK_Flag
                        0x0015aa     0x1  Data  Gb  ApiKeyboard.o [1]
LockingState_Flag       0x0015cb     0x1  Data  Gb  Delay.o [1]
LowVoltageDetection     0x011011   0x101  Code  Gb  ADC.o [1]
LowVoltageDetection_Flag
                        0x00159b     0x1  Data  Gb  ADC.o [1]
MIC_GPIO_Init           0x013bf8     0xd  Code  Gb  McuConfig.o [1]
MIC_IOMUT               0x013a26    0x19  Code  Gb  McuConfig.o [1]
MenuDisplay             0x00e70b   0x187  Code  Gb  ApiMenu.o [1]
MenuModeCount           0x000043     0x1  Data  Gb  ApiKeyboard.o [1]
MenuMode_Flag           0x0015a8     0x1  Data  Gb  ApiKeyboard.o [1]
NetworkType_2Gor3G_Flag
                        0x000057     0x1  Data  Gb  Task.o [1]
NoUseNum                0x0015cd     0x1  Data  Gb  Task.o [1]
Noise_Mute_Init         0x013c12     0xd  Code  Gb  McuConfig.o [1]
Notify_Queue_Stop       0x00ac37   0x158  Code  Lc  DrvGD83.o [1]
NumberKeyboardPressDown_flag
                        0x0015a9     0x1  Data  Gb  ApiKeyboard.o [1]
OneChannelGetADValue    0x0136a2    0x27  Code  Lc  ADC.o [1]
PAS_NULLTBL             0x00a794    0x10  Data  Lc  uart3.o [1]
POC_AtEnterPersonalCalling_Flag
                        0x0015ba     0x1  Data  Gb  ApiPocCmd.o [1]
POC_AtQuitPersonalCalling_Flag
                        0x0015bb     0x1  Data  Gb  ApiPocCmd.o [1]
POC_EnterGroupCalling_Flag
                        0x0015bc     0x1  Data  Gb  ApiPocCmd.o [1]
POC_EnterPersonalCalling_Flag
                        0x0015b8     0x1  Data  Gb  ApiPocCmd.o [1]
POC_QuitGroupCalling_Flag
                        0x0015bd     0x1  Data  Gb  ApiPocCmd.o [1]
POC_QuitPersonalCalling_Flag
                        0x0015b9     0x1  Data  Gb  ApiPocCmd.o [1]
POC_Receive86_Flag      0x0015c2     0x1  Data  Gb  ApiPocCmd.o [1]
POC_ReceivedVoiceEnd_Flag
                        0x0015c1     0x1  Data  Gb  ApiPocCmd.o [1]
POC_ReceivedVoiceStart_Flag
                        0x0015c0     0x1  Data  Gb  ApiPocCmd.o [1]
POC_ReceivedVoice_Flag  0x0015be     0x1  Data  Gb  ApiPocCmd.o [1]
POC_TABLE               0x00a9b1     0x3  Data  Lc  uart3.o [1]
PasObj                  0x001593     0x4  Data  Lc  uart3.o [1]
PersonalCallingNum      0x0015a4     0x1  Data  Gb  ApiKeyboard.o [1]
PocCmdDrvobj            0x000072   0xbd7  Data  Lc  ApiPocCmd.o [1]
PocNotify_Queue         0x00aa01    0x4d  Code  Lc  DrvGD83.o [1]
PocNotify_Queue_Start   0x00aaf1    0x56  Code  Lc  DrvGD83.o [1]
PositionInfoSendToATPORT_RedLed_Flag
                        0x0015a2     0x1  Data  Gb  ApiAtCmd.o [1]
PositionInformationSendToATPORT_Flag
                        0x0015a1     0x1  Data  Gb  ApiAtCmd.o [1]
ReadBuffer              0x00140a    0x50  Data  Gb  ApiPocCmd.o [1]
ReadByte                0x012a60    0x57  Code  Gb  ApiDisplay.o [1]
Region$$Table$$Base     0x00a48a           --   Gb  - Linker created -
Region$$Table$$Limit    0x00a49e           --   Gb  - Linker created -
SPI_IRQHandler          0x013d86     0x1  Code  Gb  stm8s_it.o [1]
SendByte                0x012051    0x88  Code  Gb  ApiDisplay.o [1]
SetTaskId               0x013d66     0x4  Code  Gb  System.o [1]
Set_GreenLed            0x0139f4    0x19  Code  Gb  McuConfig.o [1]
Set_RedLed              0x013a0d    0x19  Code  Gb  McuConfig.o [1]
SystemClock_Init        0x0135aa    0x2b  Code  Gb  sysclock.o [1]
TASK_Ptt_StartPersonCalling_Flag
                        0x0015d0     0x1  Data  Gb  Task.o [1]
TASK_RunLoBattery       0x0135d5    0x2b  Code  Gb  Task.o [1]
TASK_WriteFreq          0x013d6a     0x4  Code  Gb  Task.o [1]
TIM1_CAP_COM_IRQHandler
                        0x013d88     0x1  Code  Gb  stm8s_it.o [1]
TIM1_CCxCmd             0x0130ba    0x43  Code  Gb  stm8s_tim1.o [1]
TIM1_Cmd                0x013c39     0xd  Code  Gb  stm8s_tim1.o [1]
TIM1_CtrlPWMOutputs     0x013c46     0xd  Code  Gb  stm8s_tim1.o [1]
TIM1_DeInit             0x011c41    0x99  Code  Gb  stm8s_tim1.o [1]
TIM1_OC1Init            0x0127de    0x61  Code  Gb  stm8s_tim1.o [1]
TIM1_OC1PreloadConfig   0x013c53     0xd  Code  Gb  stm8s_tim1.o [1]
TIM1_PWM_Init           0x012ab7    0x56  Code  Gb  Tone.o [1]
TIM1_TimeBaseInit       0x0137f7    0x24  Code  Gb  stm8s_tim1.o [1]
TIM1_UPD_OVF_TRG_BRK_IRQHandler
                        0x013d87     0x1  Code  Gb  stm8s_it.o [1]
TIM2_CAP_COM_IRQHandler
                        0x013d8a     0x1  Code  Gb  stm8s_it.o [1]
TIM2_UPD_OVF_BRK_IRQHandler
                        0x013d89     0x1  Code  Gb  stm8s_it.o [1]
TIM3_ARRPreloadConfig   0x013c6d     0xd  Code  Gb  stm8s_tim3.o [1]
TIM3_CAP_COM_IRQHandler
                        0x013d8b     0x1  Code  Gb  stm8s_it.o [1]
TIM3_ClearITPendingBit  0x013d05     0x5  Code  Gb  stm8s_tim3.o [1]
TIM3_Cmd                0x013c60     0xd  Code  Gb  stm8s_tim3.o [1]
TIM3_ITConfig           0x013b70    0x13  Code  Gb  stm8s_tim3.o [1]
TIM3_PrescalerConfig    0x013cbe     0x9  Code  Gb  stm8s_tim3.o [1]
TIM3_TimeBaseInit       0x013c94     0xc  Code  Gb  stm8s_tim3.o [1]
TIM3_UPD_OVF_BRK_IRQHandler
                        0x013905    0x21  Code  Gb  stm8s_it.o [1]
TIM4_UPD_OVF_IRQHandler
                        0x013d90     0x1  Code  Gb  stm8s_it.o [1]
TLI_IRQHandler          0x013d7e     0x1  Code  Gb  stm8s_it.o [1]
TONE_PowerOnInitial     0x01257e    0x6b  Code  Gb  Tone.o [1]
TONE_Start              0x013745    0x1d  Code  Gb  Tone.o [1]
TONE_Stop               0x01373c     0x9  Code  Gb  Tone.o [1]
TRAP_IRQHandler         0x013d7d     0x1  Code  Gb  stm8s_it.o [1]
TaskDrvObj              0x001521    0x14  Data  Lc  System.o [1]
Task_RunNormalOperation
                        0x00b7bd   0x4cd  Code  Gb  Task.o [1]
Task_RunStart           0x00e00d   0x1dc  Code  Gb  Task.o [1]
Test1                   0x0015a3     0x1  Data  Gb  ApiGpsCmd.o [1]
TestNum1                0x0015ab     0x1  Data  Gb  ApiKeyboard.o [1]
TestNum10               0x0015b4     0x1  Data  Gb  ApiKeyboard.o [1]
TestNum11               0x0015b5     0x1  Data  Gb  ApiKeyboard.o [1]
TestNum12               0x0015b6     0x1  Data  Gb  ApiKeyboard.o [1]
TestNum2                0x0015ac     0x1  Data  Gb  ApiKeyboard.o [1]
TestNum3                0x0015ad     0x1  Data  Gb  ApiKeyboard.o [1]
TestNum4                0x0015ae     0x1  Data  Gb  ApiKeyboard.o [1]
TestNum5                0x0015af     0x1  Data  Gb  ApiKeyboard.o [1]
TestNum6                0x0015b0     0x1  Data  Gb  ApiKeyboard.o [1]
TestNum7                0x0015b1     0x1  Data  Gb  ApiKeyboard.o [1]
TestNum8                0x0015b2     0x1  Data  Gb  ApiKeyboard.o [1]
TestNum9                0x0015b3     0x1  Data  Gb  ApiKeyboard.o [1]
Tim3_Timer_Init         0x013629    0x29  Code  Gb  McuConfig.o [1]
TimeCount               0x0015c5     0x1  Data  Gb  Delay.o [1]
TimeCount2              0x0015c6     0x1  Data  Gb  Delay.o [1]
TimeCount3              0x0015c7     0x1  Data  Gb  Delay.o [1]
TimeCount_Light         0x0015c8     0x1  Data  Gb  Delay.o [1]
ToneDrvObj              0x001547    0x12  Data  Lc  Tone.o [1]
ToneTimeCount           0x0015c9     0x1  Data  Gb  Delay.o [1]
UART1_Cmd               0x013c7a     0xd  Code  Gb  stm8s_uart1.o [1]
UART1_DeInit            0x013551    0x2d  Code  Gb  stm8s_uart1.o [1]
UART1_GetFlagStatus     0x01337a    0x32  Code  Gb  stm8s_uart1.o [1]
UART1_GetITStatus       0x011f32    0x92  Code  Gb  stm8s_uart1.o [1]
UART1_ITConfig          0x012511    0x6d  Code  Gb  stm8s_uart1.o [1]
UART1_Init              0x010430   0x159  Code  Gb  stm8s_uart1.o [1]
UART1_RX_IRQHandler     0x013716    0x26  Code  Gb  stm8s_it.o [1]
UART1_ReceiveData8      0x013d52     0x4  Code  Gb  stm8s_uart1.o [1]
UART1_SendData8         0x013d56     0x4  Code  Gb  stm8s_uart1.o [1]
UART1_TX_IRQHandler     0x013d8c     0x1  Code  Gb  stm8s_it.o [1]
UART3_Cmd               0x013c87     0xd  Code  Gb  stm8s_uart3.o [1]
UART3_DeInit            0x0137ad    0x25  Code  Gb  stm8s_uart3.o [1]
UART3_GetFlagStatus     0x012f0d    0x49  Code  Gb  stm8s_uart3.o [1]
UART3_GetITStatus       0x0118e7    0xb6  Code  Gb  stm8s_uart3.o [1]
UART3_ITConfig          0x011fc4    0x8d  Code  Gb  stm8s_uart3.o [1]
UART3_Init              0x010bc2   0x12a  Code  Gb  stm8s_uart3.o [1]
UART3_Interrupt         0x013a9f    0x17  Code  Gb  uart3.o [1]
UART3_RX_IRQHandler     0x0139d9    0x1b  Code  Gb  stm8s_it.o [1]
UART3_ReceiveData8      0x013d5a     0x4  Code  Gb  stm8s_uart3.o [1]
UART3_SendByte          0x013bcb    0x10  Code  Gb  uart3.o [1]
UART3_SendData8         0x013d5e     0x4  Code  Gb  stm8s_uart3.o [1]
UART3_TX_IRQHandler     0x013d8e     0x1  Code  Gb  stm8s_it.o [1]
UART3_ToMcuMain         0x0130fd    0x43  Code  Gb  uart3.o [1]
UART_Delay              0x013ba7    0x12  Code  Lc  uart3.o [1]
UART_ErrorAck           0x012d81    0x16  Code  Lc  uart3.o [1]
UART_GetCheckSum        0x011e9d    0x2e  Code  Lc  uart3.o [1]
UART_KeyCommand         0x010e05   0x109  Code  Lc  uart3.o [1]
UART_Link               0x011ecb    0x67  Code  Lc  uart3.o [1]
UART_PasCommand         0x00e3ba   0x1b2  Code  Lc  uart3.o [1]
UART_PocCommand         0x012bb6    0x52  Code  Lc  uart3.o [1]
UART_RightAck           0x0124a3    0x6e  Code  Lc  uart3.o [1]
UART_RxFrame            0x012c08    0x52  Code  Lc  uart3.o [1]
UART_TxSend             0x012d48    0x39  Code  Lc  uart3.o [1]
UART_WriteCommand       0x01120c    0xf3  Code  Lc  uart3.o [1]
UNICODE_16_GetData      0x00e892   0x185  Code  Gb  GT20L16P1Y.o [3]
Uart1_Init              0x0134f6    0x2e  Code  Gb  McuConfig.o [1]
Uart3_Init              0x0131fb    0x39  Code  Gb  uart3.o [1]
UartDrvObj              0x00145a    0x44  Data  Lc  uart3.o [1]
UnicodeForGbk_MainUserName
                        0x00eb8a   0x173  Code  Gb  ApiPocCmd.o [1]
UnicodeForGbk_MainUserNameBuf
                        0x001568     0xf  Data  Gb  ApiPocCmd.o [1]
UnicodeForGbk_MainWorkName
                        0x00ea17   0x173  Code  Gb  ApiPocCmd.o [1]
UnicodeForGbk_MainWorkNameBuf
                        0x001559     0xf  Data  Gb  ApiPocCmd.o [1]
UnicodeGetPointArrayData32
                        0x012fe6    0x48  Code  Gb  GT20L16P1Y_D.o [1]
UnicodeValueSearch      0x0136f0    0x26  Code  Gb  GT20L16P1Y_D.o [1]
VOICE_1sProcess         0x013bdb     0xf  Code  Gb  Voice.o [1]
VOICE_Renew             0x012432    0x71  Code  Gb  Voice.o [1]
VOICE_SetOutput         0x0133ac    0x31  Code  Gb  Voice.o [1]
ValueSearch             0x0128fa    0x5c  Code  Gb  GT20L16P1Y_D.o [1]
VerifyData              0x008080  0x1b00  Data  Gb  GT20L16P1Y_D.o [1]
VoiceDrvObj             0x00158d     0x6  Data  Lc  Voice.o [1]
WRITE_TABLE             0x00a9a7     0x4  Data  Lc  uart3.o [1]
WW_GetData              0x00cb1a   0x2cd  Code  Gb  GT20L16P1Y.o [3]
WriteEEPROMByte         0x013180    0x3e  Code  Gb  Flash_eeprom.o [1]
__DebugBreak            0x013d92     0x1  Code  Gb  __dbg_break.o [4]
__exit                  0x013afa    0x16  Code  Gb  __dbg_xxexit.o [4]
__iar_copy_init2        0x01367a          Code  Gb  init_small.o [5]
__iar_data_init2        0x013965    0x1e  Code  Gb  init.o [5]
__iar_program_start     0x013ab6          Code  Gb  cstartup.o [5]
__iar_unhandled_exception
                        0x013d79          Code  Gb  unhandled_exception.o [5]
__iar_zero_init2        0x013983          Code  Gb  init_small.o [5]
__intvec                0x008000          Data  Gb  interrupt.o [5]
__low_level_init        0x013d76     0x3  Code  Gb  low_level_init.o [5]
_exit                   0x013cf0          Code  Gb  cexit.o [5]
_interrupt_1            0x013d7d          Code  Gb  stm8s_it.o [1]
_interrupt_12           0x013d86          Code  Gb  stm8s_it.o [1]
_interrupt_13           0x013d87          Code  Gb  stm8s_it.o [1]
_interrupt_14           0x013d88          Code  Gb  stm8s_it.o [1]
_interrupt_15           0x013d89          Code  Gb  stm8s_it.o [1]
_interrupt_16           0x013d8a          Code  Gb  stm8s_it.o [1]
_interrupt_17           0x013905          Code  Gb  stm8s_it.o [1]
_interrupt_18           0x013d8b          Code  Gb  stm8s_it.o [1]
_interrupt_19           0x013d8c          Code  Gb  stm8s_it.o [1]
_interrupt_2            0x013d7e          Code  Gb  stm8s_it.o [1]
_interrupt_20           0x013716          Code  Gb  stm8s_it.o [1]
_interrupt_21           0x013d8d          Code  Gb  stm8s_it.o [1]
_interrupt_22           0x013d8e          Code  Gb  stm8s_it.o [1]
_interrupt_23           0x0139d9          Code  Gb  stm8s_it.o [1]
_interrupt_24           0x013d8f          Code  Gb  stm8s_it.o [1]
_interrupt_25           0x013d90          Code  Gb  stm8s_it.o [1]
_interrupt_26           0x013d91          Code  Gb  stm8s_it.o [1]
_interrupt_3            0x013d7f          Code  Gb  stm8s_it.o [1]
_interrupt_4            0x013d80          Code  Gb  stm8s_it.o [1]
_interrupt_5            0x013d81          Code  Gb  stm8s_it.o [1]
_interrupt_6            0x013d82          Code  Gb  stm8s_it.o [1]
_interrupt_7            0x013d83          Code  Gb  stm8s_it.o [1]
_interrupt_8            0x013d84          Code  Gb  stm8s_it.o [1]
_interrupt_9            0x013d85          Code  Gb  stm8s_it.o [1]
api_diap_ico_pos_get    0x012956    0x5a  Code  Gb  ApiDisplay.o [1]
api_disp_all_screen_refresh
                        0x012caa    0x4f  Code  Gb  ApiDisplay.o [1]
api_disp_char_output    0x013a71    0x17  Code  Gb  ApiDisplay.o [1]
api_disp_char_output2   0x013a88    0x17  Code  Gb  ApiDisplay.o [1]
api_disp_ico_output     0x01199d    0xb0  Code  Gb  ApiDisplay.o [1]
api_disp_icoid_output   0x011cda    0x97  Code  Gb  ApiDisplay.o [1]
api_lcd_pwr_on_hint     0x01349a    0x2e  Code  Gb  ApiDisplay.o [1]
api_lcd_pwr_on_hint2    0x01340d    0x2f  Code  Gb  ApiDisplay.o [1]
api_lcd_pwr_on_hint3    0x013524    0x2d  Code  Gb  ApiDisplay.o [1]
api_lcd_pwr_on_hint4    0x01343c    0x2f  Code  Gb  ApiDisplay.o [1]
api_lcd_pwr_on_hint5    0x0134c8    0x2e  Code  Gb  ApiDisplay.o [1]
api_poc_command_set     0x0114cf    0xdf  Code  Gb  uart3.o [1]
drv_gt20_data_output    0x010a8e   0x134  Code  Gb  DrvGT20L16S1Y.o [1]
drv_gt20_data_output2   0x010953   0x13b  Code  Gb  DrvGT20L16S1Y.o [1]
drv_gt20_pwr_on_init    0x0132a0     0x4  Code  Gb  DrvGT20L16S1Y.o [1]
drv_htg_clr_allscr      0x00d3f9    0x35  Code  Gb  DrvHTG12832.o [1]
drv_htg_pwr_on_init     0x00d506     0xc  Code  Gb  DrvHTG12832.o [1]
drv_htg_reset           0x00d2c0     0x5  Code  Gb  DrvHTG12832.o [1]
drv_htg_set_address     0x00d33f    0x40  Code  Gb  DrvHTG12832.o [1]
drv_htg_write_command   0x00d2c5    0x7a  Code  Gb  DrvHTG12832.o [1]
drv_htg_write_data      0x00d37f    0x7a  Code  Gb  DrvHTG12832.o [1]
drv_keypad_scan         0x00ddfc   0x211  Code  Gb  DrvKeyboard.o [1]
exit                    0x013d72     0x4  Code  Gb  exit.o [5]
find_zf_tab             0x01302e    0x47  Code  Gb  GT20L16P1Y.o [3]
get_key_value           0x0113ea    0xe5  Code  Gb  ApiKeyboard.o [1]
htg_delay_ms            0x00d42e    0x1e  Code  Lc  DrvHTG12832.o [1]
htg_initial             0x00d44c    0x6c  Code  Lc  DrvHTG12832.o [1]
key_scan_board          0x010814   0x13f  Code  Gb  DrvKeyboard.o [1]
main                    0x013d4a     0x4  Code  Gb  main.o [1]
main_app                0x0106d1   0x143  Code  Gb  System.o [1]
mcu_gt20_initial        0x01326c    0x34  Code  Lc  DrvGT20L16S1Y.o [1]
mcu_key_pad_out         0x011e07    0x96  Code  Gb  DrvKeyboard.o [1]
mcu_key_pad_read        0x0123c0    0x72  Code  Gb  DrvKeyboard.o [1]
mcu_key_pad_set         0x010589   0x148  Code  Gb  DrvKeyboard.o [1]
mcu_lcd_initial         0x00d4b8    0x4e  Code  Lc  DrvHTG12832.o [1]
memcmp                  0x013310    0x36  Code  Gb  memcmp.o [5]
memcpy                  0x013762    0x26  Code  Gb  memcpy.o [5]
memset                  0x013acd    0x17  Code  Gb  memset.o [5]
pack_data               0x010168   0x165  Code  Lc  ApiGpsCmd.o [1]
r_dat_bat               0x012650    0x64  Code  Gb  ApiDisplay.o [1]
strlen                  0x013bb9    0x12  Code  Gb  strlen.o [5]
ucAtPocHead             0x000044     0x2  Data  Gb  ApiPocCmd.o [1]
ucCDMATIME              0x00001d     0x2  Data  Gb  ApiAtCmd.o [1]
ucCLVL                  0x00005e     0x2  Data  Gb  Task.o [1]
ucCODECCTL              0x000062     0x2  Data  Gb  Task.o [1]
ucCSQ                   0x00006a     0x2  Data  Gb  Task.o [1]
ucCaretPPPCFG           0x000023     0x2  Data  Gb  ApiAtCmd.o [1]
ucCheckCard             0x000039     0x2  Data  Gb  ApiAtCmd.o [1]
ucCheckPPP              0x000031     0x2  Data  Gb  ApiAtCmd.o [1]
ucCheckRssi             0x000037     0x2  Data  Gb  ApiAtCmd.o [1]
ucCheckTcp              0x000027     0x2  Data  Gb  ApiAtCmd.o [1]
ucEndPTT                0x00005a     0x2  Data  Gb  Task.o [1]
ucGD83Reset             0x000054     0x2  Data  Gb  System.o [1]
ucGPSSendToAtPort       0x000048     0x2  Data  Gb  Delay.o [1]
ucGPSUploadTime_5s      0x00004a     0x2  Data  Gb  Delay.o [1]
ucGpsPosition           0x00001b     0x2  Data  Gb  ApiAtCmd.o [1]
ucOSSYSHWID             0x000064     0x2  Data  Gb  Task.o [1]
ucPPPCFG                0x00006c     0x2  Data  Gb  Task.o [1]
ucPlayZtts              0x000025     0x2  Data  Gb  ApiAtCmd.o [1]
ucPocOpenConfig         0x000070     0x2  Data  Gb  Task.o [1]
ucPrefmode2             0x000066     0x2  Data  Gb  Task.o [1]
ucPrefmode4             0x000068     0x2  Data  Gb  Task.o [1]
ucQuitPersonalCalling   0x000040     0x2  Data  Gb  ApiKeyboard.o [1]
ucRequestUserListInfo   0x00005c     0x2  Data  Gb  Task.o [1]
ucRxCSQ31               0x000017     0x2  Data  Gb  ApiAtCmd.o [1]
ucRxCSQ99               0x000019     0x2  Data  Gb  ApiAtCmd.o [1]
ucRxCheckCard           0x000011     0x2  Data  Gb  ApiAtCmd.o [1]
ucRxCheckPppClose       0x000035     0x2  Data  Gb  ApiAtCmd.o [1]
ucRxCheckPppOpen        0x000033     0x2  Data  Gb  ApiAtCmd.o [1]
ucRxCheckTcp            0x00002d     0x2  Data  Gb  ApiAtCmd.o [1]
ucRxOkHeadInfo          0x000050     0x2  Data  Gb  DrvGD83.o [1]
ucRxPASTATE0            0x000015     0x2  Data  Gb  ApiAtCmd.o [1]
ucRxPASTATE1            0x000013     0x2  Data  Gb  ApiAtCmd.o [1]
ucRxPocHeadInfo         0x00004e     0x2  Data  Gb  DrvGD83.o [1]
ucRxTcpDataHeadInfo     0x000052     0x2  Data  Gb  DrvGD83.o [1]
ucSIMST1                0x00001f     0x2  Data  Gb  ApiAtCmd.o [1]
ucSIMST255              0x000021     0x2  Data  Gb  ApiAtCmd.o [1]
ucSendTcp               0x00002b     0x2  Data  Gb  ApiAtCmd.o [1]
ucSetIPAndID            0x000046     0x2  Data  Gb  ApiPocCmd.o [1]
ucSetIp                 0x000029     0x2  Data  Gb  ApiAtCmd.o [1]
ucStartPTT              0x000058     0x2  Data  Gb  Task.o [1]
ucTxPocHeadInfo         0x00004c     0x2  Data  Gb  DrvGD83.o [1]
ucVGR                   0x000060     0x2  Data  Gb  Task.o [1]
ucVGR1                  0x00003c     0x2  Data  Gb  ApiKeyboard.o [1]
ucVGR7                  0x00003e     0x2  Data  Gb  ApiKeyboard.o [1]
ucZTTS_Abell            0x00006e     0x2  Data  Gb  Task.o [1]
ucZpppOpen              0x00002f     0x2  Data  Gb  ApiAtCmd.o [1]


[1] = E:\1-source\A508\PRJ\Debug\Obj
[2] = command line
[3] = GT20L16_STM8_DOUBLE_MEDIUM_IAR.a
[4] = dbgstm8mmd.a
[5] = dlstm8mmn.a

  33 351 bytes of readonly  code memory
  10 676 bytes of readonly  data memory
   5 842 bytes of readwrite data memory

Errors: none
Warnings: none
