###############################################################################
#
# IAR ELF Linker V2.20.1.176 for STM8                     22/Nov/2017  09:06:54
# Copyright 2010-2015 IAR Systems AB.
#
#    Output file  =  E:\1-source\A508\PRJ\Debug\Exe\A508_DEMO1.out
#    Map file     =  E:\1-source\A508\PRJ\Debug\List\A508_DEMO1.map
#    Command line =  
#        E:\1-source\A508\PRJ\Debug\Obj\ApiAtCmd.o
#        E:\1-source\A508\PRJ\Debug\Obj\ApiDisplay.o
#        E:\1-source\A508\PRJ\Debug\Obj\ApiKeyboard.o
#        E:\1-source\A508\PRJ\Debug\Obj\ApiPocCmd.o
#        E:\1-source\A508\PRJ\Debug\Obj\Beep.o
#        E:\1-source\A508\PRJ\Debug\Obj\CommonLib.o
#        E:\1-source\A508\PRJ\Debug\Obj\Delay.o
#        E:\1-source\A508\PRJ\Debug\Obj\DrvGD83.o
#        E:\1-source\A508\PRJ\Debug\Obj\DrvGT20L16S1Y.o
#        E:\1-source\A508\PRJ\Debug\Obj\DrvHTG12832.o
#        E:\1-source\A508\PRJ\Debug\Obj\DrvKeyboard.o
#        E:\1-source\A508\PRJ\Debug\Obj\main.o
#        E:\1-source\A508\PRJ\Debug\Obj\McuConfig.o
#        E:\1-source\A508\PRJ\Debug\Obj\stm8s_adc2.o
#        E:\1-source\A508\PRJ\Debug\Obj\stm8s_awu.o
#        E:\1-source\A508\PRJ\Debug\Obj\stm8s_beep.o
#        E:\1-source\A508\PRJ\Debug\Obj\stm8s_clk.o
#        E:\1-source\A508\PRJ\Debug\Obj\stm8s_exti.o
#        E:\1-source\A508\PRJ\Debug\Obj\stm8s_flash.o
#        E:\1-source\A508\PRJ\Debug\Obj\stm8s_gpio.o
#        E:\1-source\A508\PRJ\Debug\Obj\stm8s_i2c.o
#        E:\1-source\A508\PRJ\Debug\Obj\stm8s_it.o
#        E:\1-source\A508\PRJ\Debug\Obj\stm8s_itc.o
#        E:\1-source\A508\PRJ\Debug\Obj\stm8s_iwdg.o
#        E:\1-source\A508\PRJ\Debug\Obj\stm8s_rst.o
#        E:\1-source\A508\PRJ\Debug\Obj\stm8s_spi.o
#        E:\1-source\A508\PRJ\Debug\Obj\stm8s_tim1.o
#        E:\1-source\A508\PRJ\Debug\Obj\stm8s_tim2.o
#        E:\1-source\A508\PRJ\Debug\Obj\stm8s_tim3.o
#        E:\1-source\A508\PRJ\Debug\Obj\stm8s_tim4.o
#        E:\1-source\A508\PRJ\Debug\Obj\stm8s_uart1.o
#        E:\1-source\A508\PRJ\Debug\Obj\stm8s_uart3.o
#        E:\1-source\A508\PRJ\Debug\Obj\stm8s_wwdg.o
#        E:\1-source\A508\PRJ\Debug\Obj\sysclock.o
#        E:\1-source\A508\PRJ\Debug\Obj\System.o
#        E:\1-source\A508\PRJ\Debug\Obj\Task.o
#        E:\1-source\A508\PRJ\Debug\Obj\Tone.o
#        E:\1-source\A508\PRJ\Debug\Obj\Voice.o --redirect _Printf=_PrintfSmall
#        --redirect _Scanf=_ScanfSmall -o
#        E:\1-source\A508\PRJ\Debug\Exe\A508_DEMO1.out --map
#        E:\1-source\A508\PRJ\Debug\List\A508_DEMO1.map --config "C:\Program
#        Files\IAR Systems\Embedded Workbench
#        7.3\stm8\config\lnkstm8s007c8.icf" --config_def _CSTACK_SIZE=0x100
#        --config_def _HEAP_SIZE=0x100 --entry __iar_program_start --debug_lib
#
###############################################################################

*******************************************************************************
*** RUNTIME MODEL ATTRIBUTES
***

__SystemLibrary            = DLib
__code_model               = small
__core                     = stm8
__data_model               = medium
__dlib_file_descriptor     = 0
__dlib_full_locale_support = 0
__rt_version               = 4


*******************************************************************************
*** PLACEMENT SUMMARY
***

"A1":  place at start of [0x000000-0x0000ff] { rw section .vregs };
"A2":  place at end of [0x000000-0x0017ff] { block CSTACK };
"P2":  place in [from 0x000000 to 0x0017ff] {
          block HEAP, rw section __DLIB_PERTHREAD, rw section .far.bss,
          rw section .far.data, rw section .far.noinit,
          rw section .far_func.textrw, rw section .huge.bss,
          rw section .huge.data, rw section .huge.noinit,
          rw section .huge_func.textrw, rw section .iar.dynexit,
          rw section .near.bss, rw section .near.data, rw section .near.noinit,
          rw section .near_func.textrw };
"A3":  place at start of [0x008000-0x00ffff] { block INTVEC };
"P3":  place in [from 0x008000 to 0x00ffff] {
          ro section __DLIB_PERTHREAD_init, ro section .far.data_init,
          ro section .far_func.textrw_init, ro section .huge.data_init,
          ro section .huge_func.textrw_init, ro section .iar.init_table,
          ro section .init_array, ro section .near.data_init,
          ro section .near.rodata, ro section .near_func.text,
          ro section .near_func.textrw_init, ro section .tiny.data_init,
          ro section .tiny.rodata_init };

  Section            Kind      Address    Size  Object
  -------            ----      -------    ----  ------
"A1":                                     0x10
  .vregs             uninit   0x000000    0x10  vregs.o [4]
                            - 0x000010    0x10

"P2", part 1 of 2:                        0x48
  P2-1                        0x000010    0x48  <Init block>
    .near.data       inited   0x000010     0x2  ApiAtCmd.o [1]
    .near.data       inited   0x000012     0x2  ApiAtCmd.o [1]
    .near.data       inited   0x000014     0x2  ApiAtCmd.o [1]
    .near.data       inited   0x000016     0x2  ApiAtCmd.o [1]
    .near.data       inited   0x000018     0x2  ApiAtCmd.o [1]
    .near.data       inited   0x00001a     0x2  ApiKeyboard.o [1]
    .near.data       inited   0x00001c     0x2  ApiKeyboard.o [1]
    .near.data       inited   0x00001e     0x2  ApiPocCmd.o [1]
    .near.data       inited   0x000020     0x2  DrvGD83.o [1]
    .near.data       inited   0x000022     0x2  DrvGD83.o [1]
    .near.data       inited   0x000024     0x2  DrvGD83.o [1]
    .near.data       inited   0x000026     0x8  DrvGT20L16S1Y.o [1]
    .near.data       inited   0x00002e    0x20  DrvGT20L16S1Y.o [1]
    .near.data       inited   0x00004e     0x2  Task.o [1]
    .near.data       inited   0x000050     0x2  Task.o [1]
    .near.data       inited   0x000052     0x2  Task.o [1]
    .near.data       inited   0x000054     0x2  Task.o [1]
    .near.data       inited   0x000056     0x2  Task.o [1]
                            - 0x000058    0x48

"P2", part 2 of 2:                       0xec8
  .near.bss          zero     0x000058   0x901  ApiPocCmd.o [1]
  .near.bss          zero     0x000959   0x28a  DrvGD83.o [1]
  .near.bss          zero     0x000be3   0x200  ApiDisplay.o [1]
  .near.bss          zero     0x000de3    0x77  ApiAtCmd.o [1]
  .near.bss          zero     0x000e5a    0x40  ApiDisplay.o [1]
  .near.bss          zero     0x000e9a    0x32  DrvGD83.o [1]
  .near.bss          zero     0x000ecc    0x14  System.o [1]
  .near.bss          zero     0x000ee0    0x12  Beep.o [1]
  .near.bss          zero     0x000ef2    0x12  Tone.o [1]
  .near.bss          zero     0x000f04     0xb  Delay.o [1]
  .near.bss          zero     0x000f0f     0x6  Voice.o [1]
  .near.bss          zero     0x000f15     0x4  ApiDisplay.o [1]
  .near.bss          zero     0x000f19     0x2  DrvHTG12832.o [1]
  .near.bss          zero     0x000f1b     0x1  ApiAtCmd.o [1]
  .near.bss          zero     0x000f1c     0x1  ApiAtCmd.o [1]
  .near.bss          zero     0x000f1d     0x1  ApiAtCmd.o [1]
  .near.bss          zero     0x000f1e     0x1  ApiKeyboard.o [1]
  .near.bss          zero     0x000f1f     0x1  DrvGD83.o [1]
                            - 0x000f20   0xec8

"A2":                                    0x100
  CSTACK                      0x001700   0x100  <Block>
    CSTACK           uninit   0x001700   0x100  <Block tail>
                            - 0x001800   0x100

"A3":                                     0x80
  INTVEC                      0x008000    0x80  <Block>
    .intvec          const    0x008000    0x80  interrupt.o [4]
                            - 0x008080    0x80

"P3":                                   0x36f7
  .near_func.text    ro code  0x008080   0x635  DrvGD83.o [1]
  .near_func.text    ro code  0x0086b5   0x2ed  Beep.o [1]
  .near_func.text    ro code  0x0089a2   0x235  ApiKeyboard.o [1]
  .near_func.text    ro code  0x008bd7   0x219  DrvHTG12832.o [1]
  .near_func.text    ro code  0x008df0   0x1ef  ApiPocCmd.o [1]
  .near_func.text    ro code  0x008fdf   0x1e7  DrvKeyboard.o [1]
  .near_func.text    ro code  0x0091c6   0x19a  DrvGT20L16S1Y.o [1]
  .near_func.text    ro code  0x009360   0x17a  long.o [4]
  .near_func.text    ro code  0x0094da   0x139  DrvKeyboard.o [1]
  .near_func.text    ro code  0x009613   0x136  DrvKeyboard.o [1]
  .near_func.text    ro code  0x009749   0x134  stm8s_uart1.o [1]
  .near_func.text    ro code  0x00987d   0x11e  vreg_util.o [4]
  .near_func.text    ro code  0x00999b   0x101  stm8s_itc.o [1]
  .near_func.text    ro code  0x009a9c    0xe5  ApiKeyboard.o [1]
  .near_func.text    ro code  0x009b81    0xe1  DrvGD83.o [1]
  .near_func.text    ro code  0x009c62    0xdf  ApiDisplay.o [1]
  .near_func.text    ro code  0x009d41    0xdb  CommonLib.o [1]
  .near_func.text    ro code  0x009e1c    0xbb  ApiPocCmd.o [1]
  .near_func.text    ro code  0x009ed7    0xb2  ApiDisplay.o [1]
  .near_func.text    ro code  0x009f89    0xb2  System.o [1]
  .near_func.text    ro code  0x00a03b    0xaf  stm8s_gpio.o [1]
  .near_func.text    ro code  0x00a0ea    0xa2  Delay.o [1]
  .near_func.text    ro code  0x00a18c    0xa2  stm8s_clk.o [1]
  .near_func.text    ro code  0x00a22e    0x99  stm8s_tim1.o [1]
  .near_func.text    ro code  0x00a2c7    0x99  Voice.o [1]
  .near_func.text    ro code  0x00a360    0x97  Task.o [1]
  .near_func.text    ro code  0x00a3f7    0x90  stm8s_uart1.o [1]
  .near_func.text    ro code  0x00a487    0x8a  DrvKeyboard.o [1]
  .near_func.text    ro code  0x00a511    0x7f  ApiAtCmd.o [1]
  .near_func.text    ro code  0x00a590    0x7a  DrvGD83.o [1]
  .near_func.text    ro code  0x00a60a    0x73  Delay.o [1]
  .near_func.text    ro code  0x00a67d    0x6c  DrvKeyboard.o [1]
  .near_func.text    ro code  0x00a6e9    0x6c  stm8s_uart1.o [1]
  .near_func.text    ro code  0x00a755    0x68  ApiAtCmd.o [1]
  .near_func.text    ro code  0x00a7bd    0x67  Tone.o [1]
  .near_func.text    ro code  0x00a824    0x61  stm8s_tim1.o [1]
  .near_func.text    ro code  0x00a885    0x5f  DrvGT20L16S1Y.o [1]
  .near_func.text    ro code  0x00a8e4    0x5a  DrvGT20L16S1Y.o [1]
  .near_func.text    ro code  0x00a93e    0x57  stm8s_clk.o [1]
  .near_func.text    ro code  0x00a995    0x54  Delay.o [1]
  .near.rodata       const    0x00a9e9    0x53  Task.o [1]
  .near_func.text    ro code  0x00aa3c    0x4e  Tone.o [1]
  .near_func.text    ro code  0x00aa8a    0x4d  ApiAtCmd.o [1]
  .near_func.text    ro code  0x00aad7    0x4c  DrvGD83.o [1]
  .near_func.text    ro code  0x00ab23    0x4c  DrvGT20L16S1Y.o [1]
  .near_func.text    ro code  0x00ab6f    0x4a  ApiDisplay.o [1]
  .near_func.text    ro code  0x00abb9    0x49  DrvGD83.o [1]
  .near_func.text    ro code  0x00ac02    0x49  DrvGD83.o [1]
  .near_func.text    ro code  0x00ac4b    0x49  DrvGD83.o [1]
  Initializer bytes  const    0x00ac94    0x48  <for P2-1>
  .near_func.text    ro code  0x00acdc    0x47  long_util.o [4]
  .near_func.text    ro code  0x00ad23    0x43  stm8s_tim1.o [1]
  .near_func.text    ro code  0x00ad66    0x3d  ApiAtCmd.o [1]
  .near_func.text    ro code  0x00ada3    0x36  DrvGT20L16S1Y.o [1]
  .near_func.text    ro code  0x00add9    0x36  stm8s_flash.o [1]
  .near_func.text    ro code  0x00ae0f    0x36  memcmp.o [4]
  .near_func.text    ro code  0x00ae45    0x33  ApiDisplay.o [1]
  .near_func.text    ro code  0x00ae78    0x33  DrvGT20L16S1Y.o [1]
  .near_func.text    ro code  0x00aeab    0x32  Beep.o [1]
  .near_func.text    ro code  0x00aedd    0x32  stm8s_uart1.o [1]
  .near_func.text    ro code  0x00af0f    0x32  short.o [4]
  .near_func.text    ro code  0x00af41    0x30  McuConfig.o [1]
  .near_func.text    ro code  0x00af71    0x30  sysclock.o [1]
  .near_func.text    ro code  0x00afa1    0x2d  Delay.o [1]
  .near_func.text    ro code  0x00afce    0x2d  stm8s_uart1.o [1]
  .near_func.text    ro code  0x00affb    0x2c  DrvGD83.o [1]
  .near.rodata       const    0x00b027    0x2a  Task.o [1]
  .near_func.text    ro code  0x00b051    0x2a  McuConfig.o [1]
  .near.rodata       const    0x00b07b    0x29  Task.o [1]
  .near_func.text    ro code  0x00b0a4    0x28  Delay.o [1]
  .near_func.text    ro code  0x00b0cc    0x28  init_small.o [4]
  .near_func.text    ro code  0x00b0f4    0x27  stm8s_flash.o [1]
  .near_func.text    ro code  0x00b11b    0x27  sysclock.o [1]
  .near_func.text    ro code  0x00b142    0x27  Task.o [1]
  .near_func.text    ro code  0x00b169    0x25  dc_util.o [4]
  .near_func.text    ro code  0x00b18e    0x24  McuConfig.o [1]
  .near_func.text    ro code  0x00b1b2    0x24  stm8s_flash.o [1]
  .near_func.text    ro code  0x00b1d6    0x24  stm8s_tim1.o [1]
  .near_func.text    ro code  0x00b1fa    0x23  Tone.o [1]
  .iar.init_table    const    0x00b21d    0x12  - Linker created -
  .near_func.text    ro code  0x00b22f    0x20  stm8s_it.o [1]
  .near_func.text    ro code  0x00b24f    0x1f  Delay.o [1]
  .near_func.text    ro code  0x00b26e    0x1f  move.o [4]
  .near_func.text    ro code  0x00b28d    0x1e  init_small.o [4]
  .near_func.text    ro code  0x00b2ab    0x1c  Delay.o [1]
  .near_func.text    ro code  0x00b2c7    0x1b  stm8s_it.o [1]
  .near_func.text    ro code  0x00b2e2    0x1b  sysclock.o [1]
  .near_func.text    ro code  0x00b2fd    0x1a  Beep.o [1]
  .near_func.text    ro code  0x00b317    0x18  McuConfig.o [1]
  .near_func.text    ro code  0x00b32f    0x18  McuConfig.o [1]
  .near_func.text    ro code  0x00b347    0x18  McuConfig.o [1]
  .near_func.text    ro code  0x00b35f    0x17  McuConfig.o [1]
  .near_func.text    ro code  0x00b376    0x17  McuConfig.o [1]
  .near_func.text    ro code  0x00b38d    0x17  McuConfig.o [1]
  .near_func.text    ro code  0x00b3a4    0x17  McuConfig.o [1]
  .near_func.text    ro code  0x00b3bb    0x17  McuConfig.o [1]
  .near_func.text    ro code  0x00b3d2    0x17  init.o [4]
  .near_func.text    ro code  0x00b3e9    0x16  stm8s_flash.o [1]
  .near_func.text    ro code  0x00b3ff    0x15  ApiDisplay.o [1]
  .near_func.text    ro code  0x00b414    0x14  DrvGT20L16S1Y.o [1]
  .near_func.text    ro code  0x00b428    0x14  __dbg_xxexit.o [3]
  .near_func.text    ro code  0x00b43c    0x13  stm8s_clk.o [1]
  .near_func.text    ro code  0x00b44f    0x13  stm8s_tim3.o [1]
  .near_func.text    ro code  0x00b462    0x13  cstartup.o [4]
  .near_func.text    ro code  0x00b475    0x12  ApiPocCmd.o [1]
  .near_func.text    ro code  0x00b487    0x12  strlen.o [4]
  .near_func.text    ro code  0x00b499    0x11  ApiPocCmd.o [1]
  .near.rodata       const    0x00b4aa    0x10  ApiDisplay.o [1]
  .near.rodata       const    0x00b4ba    0x10  ApiDisplay.o [1]
  .near.rodata       const    0x00b4ca    0x10  ApiKeyboard.o [1]
  .near.rodata       const    0x00b4da    0x10  ApiKeyboard.o [1]
  .near.rodata       const    0x00b4ea    0x10  ApiKeyboard.o [1]
  .near.rodata       const    0x00b4fa    0x10  ApiKeyboard.o [1]
  .near.rodata       const    0x00b50a    0x10  ApiKeyboard.o [1]
  .near.rodata       const    0x00b51a    0x10  ApiKeyboard.o [1]
  .near.rodata       const    0x00b52a    0x10  ApiKeyboard.o [1]
  .near.rodata       const    0x00b53a    0x10  ApiKeyboard.o [1]
  .near.rodata       const    0x00b54a    0x10  ApiKeyboard.o [1]
  .near.rodata       const    0x00b55a    0x10  ApiKeyboard.o [1]
  .near.rodata       const    0x00b56a    0x10  ApiKeyboard.o [1]
  .near.rodata       const    0x00b57a    0x10  ApiKeyboard.o [1]
  .near.rodata       const    0x00b58a    0x10  ApiKeyboard.o [1]
  .near.rodata       const    0x00b59a    0x10  ApiKeyboard.o [1]
  .near.rodata       const    0x00b5aa    0x10  ApiKeyboard.o [1]
  .near.rodata       const    0x00b5ba    0x10  ApiKeyboard.o [1]
  .near.rodata       const    0x00b5ca    0x10  ApiKeyboard.o [1]
  .near.rodata       const    0x00b5da     0xf  Task.o [1]
  .near_func.text    ro code  0x00b5e9     0xf  Voice.o [1]
  .near.rodata       const    0x00b5f8     0xe  System.o [1]
  .near_func.text    ro code  0x00b606     0xd  stm8s_tim1.o [1]
  .near_func.text    ro code  0x00b613     0xd  stm8s_tim1.o [1]
  .near_func.text    ro code  0x00b620     0xd  stm8s_tim1.o [1]
  .near_func.text    ro code  0x00b62d     0xd  stm8s_tim3.o [1]
  .near_func.text    ro code  0x00b63a     0xd  stm8s_tim3.o [1]
  .near_func.text    ro code  0x00b647     0xd  stm8s_uart1.o [1]
  .near_func.text    ro code  0x00b654     0xc  McuConfig.o [1]
  .near_func.text    ro code  0x00b660     0xc  McuConfig.o [1]
  .near_func.text    ro code  0x00b66c     0xc  McuConfig.o [1]
  .near_func.text    ro code  0x00b678     0xc  McuConfig.o [1]
  .near_func.text    ro code  0x00b684     0xc  stm8s_tim3.o [1]
  .near.rodata       const    0x00b690     0xb  Task.o [1]
  .near.rodata       const    0x00b69b     0xa  ApiAtCmd.o [1]
  .near_func.text    ro code  0x00b6a5     0xa  ApiPocCmd.o [1]
  .near.rodata       const    0x00b6af     0x9  ApiAtCmd.o [1]
  .near.rodata       const    0x00b6b8     0x9  ApiAtCmd.o [1]
  .near.rodata       const    0x00b6c1     0x9  ApiKeyboard.o [1]
  .near.rodata       const    0x00b6ca     0x9  ApiKeyboard.o [1]
  .near.rodata       const    0x00b6d3     0x9  DrvGD83.o [1]
  .near_func.text    ro code  0x00b6dc     0x9  stm8s_gpio.o [1]
  .near_func.text    ro code  0x00b6e5     0x9  stm8s_tim3.o [1]
  .near.rodata       const    0x00b6ee     0x8  ApiAtCmd.o [1]
  .near.rodata       const    0x00b6f6     0x8  ApiDisplay.o [1]
  .near.rodata       const    0x00b6fe     0x8  ApiPocCmd.o [1]
  .near.rodata       const    0x00b706     0x7  ApiAtCmd.o [1]
  .near_func.text    ro code  0x00b70d     0x7  stm8s_flash.o [1]
  .near_func.text    ro code  0x00b714     0x7  stm8s_gpio.o [1]
  .near.rodata       const    0x00b71b     0x6  DrvGD83.o [1]
  .near_func.text    ro code  0x00b721     0x6  char.o [4]
  .near_func.text    ro code  0x00b727     0x5  stm8s_tim3.o [1]
  .near_func.text    ro code  0x00b72c     0x5  cexit.o [4]
  .near.rodata       const    0x00b731     0x4  stm8s_clk.o [1]
  .near_func.text    ro code  0x00b735     0x4  ApiPocCmd.o [1]
  .near_func.text    ro code  0x00b739     0x4  ApiPocCmd.o [1]
  .near_func.text    ro code  0x00b73d     0x4  ApiPocCmd.o [1]
  .near_func.text    ro code  0x00b741     0x4  stm8s_gpio.o [1]
  .near_func.text    ro code  0x00b745     0x4  stm8s_uart1.o [1]
  .near_func.text    ro code  0x00b749     0x4  stm8s_uart1.o [1]
  .near.rodata       const    0x00b74d     0x3  DrvGD83.o [1]
  .near_func.text    ro code  0x00b750     0x3  main.o [1]
  .near_func.text    ro code  0x00b753     0x3  interrupt.o [4]
  .near_func.text    ro code  0x00b756     0x3  low_level_init.o [4]
  .near_func.text    ro code  0x00b759     0x3  exit.o [4]
  .near_func.text    ro code  0x00b75c     0x3  unhandled_exception.o [4]
  .near_func.text    ro code  0x00b75f     0x1  stm8s_it.o [1]
  .near_func.text    ro code  0x00b760     0x1  stm8s_it.o [1]
  .near_func.text    ro code  0x00b761     0x1  stm8s_it.o [1]
  .near_func.text    ro code  0x00b762     0x1  stm8s_it.o [1]
  .near_func.text    ro code  0x00b763     0x1  stm8s_it.o [1]
  .near_func.text    ro code  0x00b764     0x1  stm8s_it.o [1]
  .near_func.text    ro code  0x00b765     0x1  stm8s_it.o [1]
  .near_func.text    ro code  0x00b766     0x1  stm8s_it.o [1]
  .near_func.text    ro code  0x00b767     0x1  stm8s_it.o [1]
  .near_func.text    ro code  0x00b768     0x1  stm8s_it.o [1]
  .near_func.text    ro code  0x00b769     0x1  stm8s_it.o [1]
  .near_func.text    ro code  0x00b76a     0x1  stm8s_it.o [1]
  .near_func.text    ro code  0x00b76b     0x1  stm8s_it.o [1]
  .near_func.text    ro code  0x00b76c     0x1  stm8s_it.o [1]
  .near_func.text    ro code  0x00b76d     0x1  stm8s_it.o [1]
  .near_func.text    ro code  0x00b76e     0x1  stm8s_it.o [1]
  .near_func.text    ro code  0x00b76f     0x1  stm8s_it.o [1]
  .near_func.text    ro code  0x00b770     0x1  stm8s_it.o [1]
  .near_func.text    ro code  0x00b771     0x1  stm8s_it.o [1]
  .near_func.text    ro code  0x00b772     0x1  stm8s_it.o [1]
  .near_func.text    ro code  0x00b773     0x1  stm8s_it.o [1]
  .near_func.text    ro code  0x00b774     0x1  stm8s_it.o [1]
  .near_func.text    ro code  0x00b775     0x1  Task.o [1]
  .near_func.text    ro code  0x00b776     0x1  __dbg_break.o [3]
                            - 0x00b777  0x36f7


*******************************************************************************
*** INIT TABLE
***

          Address   Size
          -------   ----
Zero (__iar_zero_init2)
    1 destination range, total size 0xec8:
          0x000058  0xec8

Copy (__iar_copy_init2)
    1 source range, total size 0x48:
          0x00ac94   0x48
    1 destination range, total size 0x48:
          0x000010   0x48



*******************************************************************************
*** MODULE SUMMARY
***

    Module                 ro code  ro data  rw data
    ------                 -------  -------  -------
E:\1-source\A508\PRJ\Debug\Obj: [1]
    ApiAtCmd.o                 369       53      132
    ApiDisplay.o               547       40      580
    ApiKeyboard.o              794      294        5
    ApiPocCmd.o                739       10    2 307
    Beep.o                     825                18
    CommonLib.o                219
    Delay.o                    505                11
    DrvGD83.o                2 275       24      707
    DrvGT20L16S1Y.o            796       40       40
    DrvHTG12832.o              537                 2
    DrvKeyboard.o            1 356
    McuConfig.o                361
    System.o                   178       14       20
    Task.o                     191      202       10
    Tone.o                     216                18
    Voice.o                    168                 6
    main.o                       3
    stm8s_clk.o                268        4
    stm8s_flash.o              158
    stm8s_gpio.o               195
    stm8s_it.o                  81
    stm8s_itc.o                257
    stm8s_tim1.o               392
    stm8s_tim3.o                71
    stm8s_uart1.o              676
    sysclock.o                 114
    ------------------------------------------------
    Total:                  12 291      681    3 856

command line: [2]
    ------------------------------------------------
    Total:

dbgstm8smd.a: [3]
    __dbg_break.o                1
    __dbg_xxexit.o              20
    ------------------------------------------------
    Total:                      21

dlstm8smn.a: [4]
    cexit.o                      5
    char.o                       6
    cstartup.o                  19
    dc_util.o                   37
    exit.o                       3
    init.o                      23
    init_small.o                70
    interrupt.o                  3      128
    long.o                     378
    long_util.o                 71
    low_level_init.o             3
    memcmp.o                    54
    move.o                      31
    short.o                     50
    strlen.o                    18
    unhandled_exception.o        3
    vreg_util.o                286
    vregs.o                                       16
    ------------------------------------------------
    Total:                   1 060      128       16

    Linker created                       18      256
----------------------------------------------------
    Grand Total:            13 372      827    4 128


*******************************************************************************
*** ENTRY LIST
***

Entry                    Address   Size  Type      Object
-----                    -------   ----  ----      ------
.iar.init_table$$Base   0x00b21d          --   Gb  - Linker created -
.iar.init_table$$Limit  0x00b22f          --   Gb  - Linker created -
?add32_l0_l0_0x         0x009363         Code  Gb  long.o [4]
?add32_l0_l0_l1         0x009360         Code  Gb  long.o [4]
?b0                     0x000000         Data  Gb  vregs.o [4]
?b1                     0x000001         Data  Gb  vregs.o [4]
?b10                    0x00000a         Data  Gb  vregs.o [4]
?b11                    0x00000b         Data  Gb  vregs.o [4]
?b12                    0x00000c         Data  Gb  vregs.o [4]
?b13                    0x00000d         Data  Gb  vregs.o [4]
?b14                    0x00000e         Data  Gb  vregs.o [4]
?b15                    0x00000f         Data  Gb  vregs.o [4]
?b2                     0x000002         Data  Gb  vregs.o [4]
?b3                     0x000003         Data  Gb  vregs.o [4]
?b4                     0x000004         Data  Gb  vregs.o [4]
?b5                     0x000005         Data  Gb  vregs.o [4]
?b6                     0x000006         Data  Gb  vregs.o [4]
?b7                     0x000007         Data  Gb  vregs.o [4]
?b8                     0x000008         Data  Gb  vregs.o [4]
?b9                     0x000009         Data  Gb  vregs.o [4]
?dc32_l0                0x00b169         Code  Gb  dc_util.o [4]
?dc32_l1                0x00b176         Code  Gb  dc_util.o [4]
?dc32_px                0x00b183         Code  Gb  dc_util.o [4]
?e0                     0x000001         Data  Gb  vregs.o [4]
?e1                     0x000005         Data  Gb  vregs.o [4]
?e2                     0x000009         Data  Gb  vregs.o [4]
?e3                     0x00000d         Data  Gb  vregs.o [4]
?epilogue_l2            0x009924         Code  Gb  vreg_util.o [4]
?epilogue_l2_l3         0x009921         Code  Gb  vreg_util.o [4]
?epilogue_l2_w6         0x009928         Code  Gb  vreg_util.o [4]
?epilogue_w4            0x00992f         Code  Gb  vreg_util.o [4]
?l0                     0x000000         Data  Gb  vregs.o [4]
?l1                     0x000004         Data  Gb  vregs.o [4]
?l2                     0x000008         Data  Gb  vregs.o [4]
?l3                     0x00000c         Data  Gb  vregs.o [4]
?load32_0x_l0           0x00ad15         Code  Gb  long_util.o [4]
?load32_asp_l0          0x00ad09         Code  Gb  long_util.o [4]
?load32_dbsp_l0         0x00ad04         Code  Gb  long_util.o [4]
?load32_l0_0x           0x00acec         Code  Gb  long_util.o [4]
?load32_l0_asp          0x00ace1         Code  Gb  long_util.o [4]
?load32_l0_dbsp         0x00acdc         Code  Gb  long_util.o [4]
?load32_l0_xsp          0x00ace3         Code  Gb  long_util.o [4]
?load32_l1_0x           0x00acf8         Code  Gb  long_util.o [4]
?load32_xsp_l0          0x00ad0b         Code  Gb  long_util.o [4]
?longfarg16_v_w0_a      0x00b27b         Code  Gb  move.o [4]
?longfarg16_v_w0_x      0x00b27d         Code  Gb  move.o [4]
?mov_e0_e1              0x009936         Code  Gb  vreg_util.o [4]
?mov_e0_e2              0x009943         Code  Gb  vreg_util.o [4]
?mov_e0_e3              0x009950         Code  Gb  vreg_util.o [4]
?mov_e1_e0              0x00995d         Code  Gb  vreg_util.o [4]
?mov_e1_e2              0x00996a         Code  Gb  vreg_util.o [4]
?mov_e1_e3              0x009977         Code  Gb  vreg_util.o [4]
?mov_e2_e0              0x009984         Code  Gb  vreg_util.o [4]
?mov_e3_e0              0x009991         Code  Gb  vreg_util.o [4]
?mov_l0_l1              0x009933         Code  Gb  vreg_util.o [4]
?mov_l0_l2              0x009940         Code  Gb  vreg_util.o [4]
?mov_l0_l3              0x00994d         Code  Gb  vreg_util.o [4]
?mov_l1_l0              0x00995a         Code  Gb  vreg_util.o [4]
?mov_l1_l2              0x009967         Code  Gb  vreg_util.o [4]
?mov_l1_l3              0x009974         Code  Gb  vreg_util.o [4]
?mov_l2_l0              0x009981         Code  Gb  vreg_util.o [4]
?mov_l3_l0              0x00998e         Code  Gb  vreg_util.o [4]
?mov_w1_w3              0x009939         Code  Gb  vreg_util.o [4]
?mov_w1_w5              0x009946         Code  Gb  vreg_util.o [4]
?mov_w1_w7              0x009953         Code  Gb  vreg_util.o [4]
?mov_w3_w1              0x009960         Code  Gb  vreg_util.o [4]
?mov_w3_w5              0x00996d         Code  Gb  vreg_util.o [4]
?mov_w3_w7              0x00997a         Code  Gb  vreg_util.o [4]
?mov_w5_w1              0x009987         Code  Gb  vreg_util.o [4]
?mov_w7_w1              0x009994         Code  Gb  vreg_util.o [4]
?move1616_v_x_y_a       0x00b26e         Code  Gb  move.o [4]
?mul16_x_x_w0           0x00af0f         Code  Gb  short.o [4]
?mul32_l0_l0_0x         0x009399         Code  Gb  long.o [4]
?mul32_l0_l0_dl         0x009396         Code  Gb  long.o [4]
?mul32_l0_l0_l1         0x0093a2         Code  Gb  long.o [4]
?or32_l0_l0_0x          0x009495         Code  Gb  long.o [4]
?pop_l0                 0x0098ed         Code  Gb  vreg_util.o [4]
?pop_l1                 0x0098f8         Code  Gb  vreg_util.o [4]
?pop_l2                 0x009903         Code  Gb  vreg_util.o [4]
?pop_l3                 0x00990e         Code  Gb  vreg_util.o [4]
?pop_w4                 0x00989f         Code  Gb  vreg_util.o [4]
?pop_w6                 0x0098a6         Code  Gb  vreg_util.o [4]
?pop_w7                 0x0098ad         Code  Gb  vreg_util.o [4]
?push_l0                0x0098bc         Code  Gb  vreg_util.o [4]
?push_l1                0x0098c1         Code  Gb  vreg_util.o [4]
?push_l2                0x0098c6         Code  Gb  vreg_util.o [4]
?push_l3                0x0098cb         Code  Gb  vreg_util.o [4]
?push_w4                0x00987d         Code  Gb  vreg_util.o [4]
?push_w6                0x009882         Code  Gb  vreg_util.o [4]
?push_w7                0x009887         Code  Gb  vreg_util.o [4]
?sext32_l0_x            0x0094cf         Code  Gb  long.o [4]
?sll16_x_x_4            0x00af37         Code  Gb  short.o [4]
?sll16_x_x_5            0x00af36         Code  Gb  short.o [4]
?sll16_x_x_6            0x00af35         Code  Gb  short.o [4]
?sll16_x_x_a            0x00af2d         Code  Gb  short.o [4]
?sll32_0x_0x_a          0x0094b0         Code  Gb  long.o [4]
?sll32_l0_l0_a          0x0094ad         Code  Gb  long.o [4]
?srl16_x_x_4            0x00af3c         Code  Gb  short.o [4]
?srl32_0x_0x_a          0x0094c1         Code  Gb  long.o [4]
?srl32_l0_l0_a          0x0094be         Code  Gb  long.o [4]
?srl8_a_a_5             0x00b722         Code  Gb  char.o [4]
?srl8_a_a_6             0x00b721         Code  Gb  char.o [4]
?sub32_l0_l0_0x         0x00937e         Code  Gb  long.o [4]
?sub32_l0_l0_l1         0x00937b         Code  Gb  long.o [4]
?udiv32_l0_dl_l1        0x009420         Code  Gb  long.o [4]
?udiv32_l0_l0_dl        0x009425         Code  Gb  long.o [4]
?udiv32_l0_l0_l1        0x009428         Code  Gb  long.o [4]
?umod32_l1_l0_l1        0x009428         Code  Gb  long.o [4]
?w0                     0x000000         Data  Gb  vregs.o [4]
?w1                     0x000002         Data  Gb  vregs.o [4]
?w2                     0x000004         Data  Gb  vregs.o [4]
?w3                     0x000006         Data  Gb  vregs.o [4]
?w4                     0x000008         Data  Gb  vregs.o [4]
?w5                     0x00000a         Data  Gb  vregs.o [4]
?w6                     0x00000c         Data  Gb  vregs.o [4]
?w7                     0x00000e         Data  Gb  vregs.o [4]
ADC2_IRQHandler         0x00b772    0x1  Code  Gb  stm8s_it.o [1]
AF_Mute_Init            0x00b660    0xc  Code  Gb  McuConfig.o [1]
AUDIO_IOAFMUT           0x00b3a4   0x17  Code  Gb  McuConfig.o [1]
AUDIO_IOAFPOW           0x00b3bb   0x17  Code  Gb  McuConfig.o [1]
AWU_IRQHandler          0x00b761    0x1  Code  Gb  stm8s_it.o [1]
ApiAtCmd_10msRenew      0x00a511   0x7f  Code  Gb  ApiAtCmd.o [1]
ApiAtCmd_GetGroupName   0x00b499   0x11  Code  Gb  ApiPocCmd.o [1]
ApiAtCmd_GetGroupNameLen
                        0x00b475   0x12  Code  Gb  ApiPocCmd.o [1]
ApiAtCmd_GetLoginState  0x00b6a5    0xa  Code  Gb  ApiPocCmd.o [1]
ApiAtCmd_GetMainGroupId
                        0x00b73d    0x4  Code  Gb  ApiPocCmd.o [1]
ApiAtCmd_GetMainWorkName
                        0x00b735    0x4  Code  Gb  ApiPocCmd.o [1]
ApiAtCmd_GetMainWorkNameLen
                        0x00b739    0x4  Code  Gb  ApiPocCmd.o [1]
ApiAtCmd_PlayVoice      0x00a755   0x68  Code  Gb  ApiAtCmd.o [1]
ApiAtCmd_WritCommand    0x00aa8a   0x4d  Code  Gb  ApiAtCmd.o [1]
ApiCaretCmd_10msRenew   0x00ad66   0x3d  Code  Gb  ApiAtCmd.o [1]
ApiPocCmd_10msRenew     0x008df0  0x1ef  Code  Gb  ApiPocCmd.o [1]
ApiPocCmd_WritCommand   0x009e1c   0xbb  Code  Gb  ApiPocCmd.o [1]
AtCmdDrvobj             0x000de3   0x77  Data  Lc  ApiAtCmd.o [1]
AtNotify_Queue          0x0080cc   0x4c  Code  Lc  DrvGD83.o [1]
AtNotify_Queue_Start    0x008118   0x55  Code  Lc  DrvGD83.o [1]
BEEP_Interrupt10ms      0x00b2fd   0x1a  Code  Gb  Beep.o [1]
BEEP_PowerOnInitial     0x0088e6   0xbc  Code  Gb  Beep.o [1]
BEEP_SetOutput          0x0086b5  0x231  Code  Gb  Beep.o [1]
BEEP_Time               0x00aeab   0x32  Code  Gb  Beep.o [1]
BaseAdd                 0x00002e   0x20  Data  Gb  DrvGT20L16S1Y.o [1]
BeepDrvObj              0x000ee0   0x12  Data  Lc  Beep.o [1]
BitTab                  0x00b6f6    0x8  Data  Gb  ApiDisplay.o [1]
BootProcess_PPPCFG_Flag
                        0x000f1c    0x1  Data  Gb  ApiAtCmd.o [1]
BootProcess_SIMST_Flag  0x000f1b    0x1  Data  Gb  ApiAtCmd.o [1]
CHAR_HIGH               0x00b4aa   0x10  Data  Gb  ApiDisplay.o [1]
CHAR_WIDTH              0x00b4ba   0x10  Data  Gb  ApiDisplay.o [1]
CLK_ClockSwitchConfig   0x00a18c   0xa2  Code  Gb  stm8s_clk.o [1]
CLK_GetClockFreq        0x00a93e   0x57  Code  Gb  stm8s_clk.o [1]
CLK_HSIPrescalerConfig  0x00b43c   0x13  Code  Gb  stm8s_clk.o [1]
CLK_IRQHandler          0x00b762    0x1  Code  Gb  stm8s_it.o [1]
COML_AscToHex           0x009d41   0xdb  Code  Gb  CommonLib.o [1]
CSTACK$$Base            0x001700          --   Gb  - Linker created -
CSTACK$$Limit           0x001800          --   Gb  - Linker created -
C_TEST_OUT_SET          0x00b678    0xc  Code  Gb  McuConfig.o [1]
CaretNotify_Queue       0x00aad7   0x4c  Code  Lc  DrvGD83.o [1]
CaretNotify_Queue_Start
                        0x0081c2   0x55  Code  Lc  DrvGD83.o [1]
DEL_1msProcess          0x00afbf    0x9  Code  Lc  Delay.o [1]
DEL_500msProcess        0x00afa1   0x1e  Code  Lc  Delay.o [1]
DEL_GetTimer            0x00a995   0x54  Code  Gb  Delay.o [1]
DEL_Interrupt           0x00a0ea   0xa2  Code  Gb  Delay.o [1]
DEL_PowerOnInitial      0x00b24f   0x1f  Code  Gb  Delay.o [1]
DEL_Renew               0x00afc8    0x6  Code  Gb  Delay.o [1]
DEL_SetTimer            0x00a60a   0x73  Code  Gb  Delay.o [1]
DEL_Soft1ms             0x00b2ab   0x1c  Code  Gb  Delay.o [1]
DEL_TimerRenew          0x00b0a4   0x28  Code  Lc  Delay.o [1]
DISP_DataBuf            0x009c62   0xdf  Code  Lc  ApiDisplay.o [1]
DISP_MulTypePro         0x009ed7   0xb2  Code  Lc  ApiDisplay.o [1]
DefaultSystemClockForHSI
                        0x00b2e2   0x1b  Code  Gb  sysclock.o [1]
DelDrvObj               0x000f04    0xb  Data  Lc  Delay.o [1]
DisDataBit              0x000e5a   0x40  Data  Gb  ApiDisplay.o [1]
DisDataBuf              0x000be3  0x200  Data  Gb  ApiDisplay.o [1]
DisDrvObj               0x000f15    0x4  Data  Lc  ApiDisplay.o [1]
DrvGD83DrvObj           0x000959  0x28a  Data  Lc  DrvGD83.o [1]
DrvGD83_Init            0x00b32f   0x18  Code  Gb  McuConfig.o [1]
DrvGD83_UART_TxCommand  0x00a590   0x7a  Code  Gb  DrvGD83.o [1]
DrvMC8332_AtNotify_Queue_front
                        0x00ac02   0x49  Code  Gb  DrvGD83.o [1]
DrvMC8332_CaretNotify_Queue_front
                        0x00abb9   0x49  Code  Gb  DrvGD83.o [1]
DrvMC8332_PocNotify_Queue_front
                        0x00ac4b   0x49  Code  Gb  DrvGD83.o [1]
DrvMC8332_TxPort_SetValidable
                        0x00affb   0x2c  Code  Gb  DrvGD83.o [1]
DrvMC8332_UART_Interrupt
                        0x00836c  0x349  Code  Gb  DrvGD83.o [1]
DrvMc8332_UART_TxTail   0x009b81   0xe1  Code  Gb  DrvGD83.o [1]
EEPROM_EEC_IRQHandler   0x00b774    0x1  Code  Gb  stm8s_it.o [1]
EXTI_PORTA_IRQHandler   0x00b763    0x1  Code  Gb  stm8s_it.o [1]
EXTI_PORTB_IRQHandler   0x00b764    0x1  Code  Gb  stm8s_it.o [1]
EXTI_PORTC_IRQHandler   0x00b765    0x1  Code  Gb  stm8s_it.o [1]
EXTI_PORTD_IRQHandler   0x00b766    0x1  Code  Gb  stm8s_it.o [1]
EXTI_PORTE_IRQHandler   0x00b767    0x1  Code  Gb  stm8s_it.o [1]
FLASH_EraseOptionByte   0x00b0f4   0x27  Code  Gb  stm8s_flash.o [1]
FLASH_Lock              0x00b70d    0x7  Code  Gb  stm8s_flash.o [1]
FLASH_ProgramOptionByte
                        0x00b1b2   0x24  Code  Gb  stm8s_flash.o [1]
FLASH_Unlock            0x00b3e9   0x16  Code  Gb  stm8s_flash.o [1]
FLASH_WaitForLastOperation
                        0x00add9   0x36  Code  Gb  stm8s_flash.o [1]
GD83_ON                 0x00b347   0x18  Code  Gb  McuConfig.o [1]
GPIO_Init               0x00a03b   0xaf  Code  Gb  stm8s_gpio.o [1]
GPIO_ReadInputPin       0x00b6dc    0x9  Code  Gb  stm8s_gpio.o [1]
GPIO_WriteHigh          0x00b714    0x7  Code  Gb  stm8s_gpio.o [1]
GPIO_WriteLow           0x00b741    0x4  Code  Gb  stm8s_gpio.o [1]
GT20_DelTime            0x00b414   0x14  Code  Lc  DrvGT20L16S1Y.o [1]
GT20_GetData            0x00a885   0x5f  Code  Lc  DrvGT20L16S1Y.o [1]
GT20_GetDisData         0x00ada3   0x36  Code  Lc  DrvGT20L16S1Y.o [1]
GT20_SendByte           0x00a8e4   0x5a  Code  Lc  DrvGT20L16S1Y.o [1]
GT20_SendCommand        0x00ab23   0x4c  Code  Lc  DrvGT20L16S1Y.o [1]
HSE_ClockStartUpConfiguration
                        0x00af71   0x30  Code  Lc  sysclock.o [1]
HSIDivFactor            0x00b731    0x4  Data  Gb  stm8s_clk.o [1]
HtgDrvObj               0x000f19    0x2  Data  Lc  DrvHTG12832.o [1]
I2C_IRQHandler          0x00b76f    0x1  Code  Gb  stm8s_it.o [1]
INTVEC$$Base            0x008000          --   Gb  - Linker created -
INTVEC$$Limit           0x008080          --   Gb  - Linker created -
ITC_SetSoftwarePriority
                        0x00999b  0x101  Code  Gb  stm8s_itc.o [1]
Key_Flag_1              0x000f1e    0x1  Data  Gb  ApiKeyboard.o [1]
Key_Init                0x00af41   0x30  Code  Gb  McuConfig.o [1]
Keyboard_Test           0x0089a2  0x235  Code  Gb  ApiKeyboard.o [1]
LED_Init                0x00b317   0x18  Code  Gb  McuConfig.o [1]
MIC_GPIO_Init           0x00b654    0xc  Code  Gb  McuConfig.o [1]
MIC_IOMUT               0x00b38d   0x17  Code  Gb  McuConfig.o [1]
Noise_Mute_Init         0x00b66c    0xc  Code  Gb  McuConfig.o [1]
Notify_Queue_Stop       0x008217  0x155  Code  Lc  DrvGD83.o [1]
PocCmdDrvobj            0x000058  0x901  Data  Lc  ApiPocCmd.o [1]
PocNotify_Queue         0x008080   0x4c  Code  Lc  DrvGD83.o [1]
PocNotify_Queue_Start   0x00816d   0x55  Code  Lc  DrvGD83.o [1]
Region$$Table$$Base     0x00b21d          --   Gb  - Linker created -
Region$$Table$$Limit    0x00b22f          --   Gb  - Linker created -
SPI_IRQHandler          0x00b768    0x1  Code  Gb  stm8s_it.o [1]
Set_GreenLed            0x00b35f   0x17  Code  Gb  McuConfig.o [1]
Set_RedLed              0x00b376   0x17  Code  Gb  McuConfig.o [1]
SystemClock_Init        0x00b11b   0x27  Code  Gb  sysclock.o [1]
TASK_WriteFreq          0x00b775    0x1  Code  Gb  Task.o [1]
TIM1_CAP_COM_IRQHandler
                        0x00b76a    0x1  Code  Gb  stm8s_it.o [1]
TIM1_CCxCmd             0x00ad23   0x43  Code  Gb  stm8s_tim1.o [1]
TIM1_Cmd                0x00b606    0xd  Code  Gb  stm8s_tim1.o [1]
TIM1_CtrlPWMOutputs     0x00b613    0xd  Code  Gb  stm8s_tim1.o [1]
TIM1_DeInit             0x00a22e   0x99  Code  Gb  stm8s_tim1.o [1]
TIM1_OC1Init            0x00a824   0x61  Code  Gb  stm8s_tim1.o [1]
TIM1_OC1PreloadConfig   0x00b620    0xd  Code  Gb  stm8s_tim1.o [1]
TIM1_PWM_Init           0x00aa3c   0x4e  Code  Gb  Tone.o [1]
TIM1_TimeBaseInit       0x00b1d6   0x24  Code  Gb  stm8s_tim1.o [1]
TIM1_UPD_OVF_TRG_BRK_IRQHandler
                        0x00b769    0x1  Code  Gb  stm8s_it.o [1]
TIM2_CAP_COM_IRQHandler
                        0x00b76c    0x1  Code  Gb  stm8s_it.o [1]
TIM2_UPD_OVF_BRK_IRQHandler
                        0x00b76b    0x1  Code  Gb  stm8s_it.o [1]
TIM3_ARRPreloadConfig   0x00b63a    0xd  Code  Gb  stm8s_tim3.o [1]
TIM3_CAP_COM_IRQHandler
                        0x00b76d    0x1  Code  Gb  stm8s_it.o [1]
TIM3_ClearITPendingBit  0x00b727    0x5  Code  Gb  stm8s_tim3.o [1]
TIM3_Cmd                0x00b62d    0xd  Code  Gb  stm8s_tim3.o [1]
TIM3_ITConfig           0x00b44f   0x13  Code  Gb  stm8s_tim3.o [1]
TIM3_PrescalerConfig    0x00b6e5    0x9  Code  Gb  stm8s_tim3.o [1]
TIM3_TimeBaseInit       0x00b684    0xc  Code  Gb  stm8s_tim3.o [1]
TIM3_UPD_OVF_BRK_IRQHandler
                        0x00b2c7   0x1b  Code  Gb  stm8s_it.o [1]
TIM4_UPD_OVF_IRQHandler
                        0x00b773    0x1  Code  Gb  stm8s_it.o [1]
TLI_IRQHandler          0x00b760    0x1  Code  Gb  stm8s_it.o [1]
TONE_PowerOnInitial     0x00a7bd   0x67  Code  Gb  Tone.o [1]
TONE_Start              0x00b202   0x1b  Code  Gb  Tone.o [1]
TONE_Stop               0x00b1fa    0x8  Code  Gb  Tone.o [1]
TRAP_IRQHandler         0x00b75f    0x1  Code  Gb  stm8s_it.o [1]
TaskDrvObj              0x000ecc   0x14  Data  Lc  System.o [1]
Task_RunNormalOperation
                        0x00b142   0x27  Code  Gb  Task.o [1]
Task_RunStart           0x00a360   0x97  Code  Gb  Task.o [1]
Tim3_Timer_Init         0x00b18e   0x24  Code  Gb  McuConfig.o [1]
TimeVal                 0x000026    0x8  Data  Gb  DrvGT20L16S1Y.o [1]
ToneDrvObj              0x000ef2   0x12  Data  Lc  Tone.o [1]
UART1_Cmd               0x00b647    0xd  Code  Gb  stm8s_uart1.o [1]
UART1_DeInit            0x00afce   0x2d  Code  Gb  stm8s_uart1.o [1]
UART1_GetFlagStatus     0x00aedd   0x32  Code  Gb  stm8s_uart1.o [1]
UART1_GetITStatus       0x00a3f7   0x90  Code  Gb  stm8s_uart1.o [1]
UART1_ITConfig          0x00a6e9   0x6c  Code  Gb  stm8s_uart1.o [1]
UART1_Init              0x009749  0x134  Code  Gb  stm8s_uart1.o [1]
UART1_RX_IRQHandler     0x00b22f   0x20  Code  Gb  stm8s_it.o [1]
UART1_ReceiveData8      0x00b745    0x4  Code  Gb  stm8s_uart1.o [1]
UART1_SendData8         0x00b749    0x4  Code  Gb  stm8s_uart1.o [1]
UART1_TX_IRQHandler     0x00b76e    0x1  Code  Gb  stm8s_it.o [1]
UART3_RX_IRQHandler     0x00b771    0x1  Code  Gb  stm8s_it.o [1]
UART3_TX_IRQHandler     0x00b770    0x1  Code  Gb  stm8s_it.o [1]
Uart1_Init              0x00b051   0x2a  Code  Gb  McuConfig.o [1]
VOICE_1sProcess         0x00b5e9    0xf  Code  Gb  Voice.o [1]
VOICE_Renew             0x00a2c7   0x70  Code  Gb  Voice.o [1]
VOICE_SetOutput         0x00a337   0x29  Code  Gb  Voice.o [1]
VoiceDrvObj             0x000f0f    0x6  Data  Lc  Voice.o [1]
VoiceEnd_Flag           0x000f1d    0x1  Data  Gb  ApiAtCmd.o [1]
__DebugBreak            0x00b776    0x1  Code  Gb  __dbg_break.o [3]
__exit                  0x00b428   0x14  Code  Gb  __dbg_xxexit.o [3]
__iar_copy_init2        0x00b0cc         Code  Gb  init_small.o [4]
__iar_data_init2        0x00b3d2   0x17  Code  Gb  init.o [4]
__iar_program_start     0x00b462         Code  Gb  cstartup.o [4]
__iar_unhandled_exception
                        0x00b75c         Code  Gb  unhandled_exception.o [4]
__iar_zero_init2        0x00b28d         Code  Gb  init_small.o [4]
__intvec                0x008000         Data  Gb  interrupt.o [4]
__low_level_init        0x00b756    0x3  Code  Gb  low_level_init.o [4]
_exit                   0x00b72c         Code  Gb  cexit.o [4]
_interrupt_1            0x00b75f         Code  Gb  stm8s_it.o [1]
_interrupt_12           0x00b768         Code  Gb  stm8s_it.o [1]
_interrupt_13           0x00b769         Code  Gb  stm8s_it.o [1]
_interrupt_14           0x00b76a         Code  Gb  stm8s_it.o [1]
_interrupt_15           0x00b76b         Code  Gb  stm8s_it.o [1]
_interrupt_16           0x00b76c         Code  Gb  stm8s_it.o [1]
_interrupt_17           0x00b2c7         Code  Gb  stm8s_it.o [1]
_interrupt_18           0x00b76d         Code  Gb  stm8s_it.o [1]
_interrupt_19           0x00b76e         Code  Gb  stm8s_it.o [1]
_interrupt_2            0x00b760         Code  Gb  stm8s_it.o [1]
_interrupt_20           0x00b22f         Code  Gb  stm8s_it.o [1]
_interrupt_21           0x00b76f         Code  Gb  stm8s_it.o [1]
_interrupt_22           0x00b770         Code  Gb  stm8s_it.o [1]
_interrupt_23           0x00b771         Code  Gb  stm8s_it.o [1]
_interrupt_24           0x00b772         Code  Gb  stm8s_it.o [1]
_interrupt_25           0x00b773         Code  Gb  stm8s_it.o [1]
_interrupt_26           0x00b774         Code  Gb  stm8s_it.o [1]
_interrupt_3            0x00b761         Code  Gb  stm8s_it.o [1]
_interrupt_4            0x00b762         Code  Gb  stm8s_it.o [1]
_interrupt_5            0x00b763         Code  Gb  stm8s_it.o [1]
_interrupt_6            0x00b764         Code  Gb  stm8s_it.o [1]
_interrupt_7            0x00b765         Code  Gb  stm8s_it.o [1]
_interrupt_8            0x00b766         Code  Gb  stm8s_it.o [1]
_interrupt_9            0x00b767         Code  Gb  stm8s_it.o [1]
api_disp_all_screen_refresh
                        0x00ab6f   0x4a  Code  Gb  ApiDisplay.o [1]
api_disp_char_output    0x00b3ff   0x15  Code  Gb  ApiDisplay.o [1]
api_lcd_pwr_on_hint     0x00ae45   0x33  Code  Gb  ApiDisplay.o [1]
drv_gt20_data_output    0x0091c6  0x19a  Code  Gb  DrvGT20L16S1Y.o [1]
drv_gt20_pwr_on_init    0x00aea8    0x3  Code  Gb  DrvGT20L16S1Y.o [1]
drv_htg_clr_allscr      0x008cf5   0x31  Code  Gb  DrvHTG12832.o [1]
drv_htg_pwr_on_init     0x008de7    0x9  Code  Gb  DrvHTG12832.o [1]
drv_htg_reset           0x008bd7    0x5  Code  Gb  DrvHTG12832.o [1]
drv_htg_set_address     0x008c4b   0x3b  Code  Gb  DrvHTG12832.o [1]
drv_htg_write_command   0x008bdc   0x6f  Code  Gb  DrvHTG12832.o [1]
drv_htg_write_data      0x008c86   0x6f  Code  Gb  DrvHTG12832.o [1]
drv_keypad_scan         0x008fdf  0x1e7  Code  Gb  DrvKeyboard.o [1]
exit                    0x00b759    0x3  Code  Gb  exit.o [4]
get_key_value           0x009a9c   0xe5  Code  Gb  ApiKeyboard.o [1]
htg_delay_ms            0x008d26   0x1e  Code  Lc  DrvHTG12832.o [1]
htg_initial             0x008d44   0x5b  Code  Lc  DrvHTG12832.o [1]
key_scan_board          0x0094da  0x139  Code  Gb  DrvKeyboard.o [1]
main                    0x00b750    0x3  Code  Gb  main.o [1]
main_app                0x009f89   0xb2  Code  Gb  System.o [1]
mcu_gt20_initial        0x00ae78   0x30  Code  Lc  DrvGT20L16S1Y.o [1]
mcu_key_pad_out         0x00a487   0x8a  Code  Gb  DrvKeyboard.o [1]
mcu_key_pad_read        0x00a67d   0x6c  Code  Gb  DrvKeyboard.o [1]
mcu_key_pad_set         0x009613  0x136  Code  Gb  DrvKeyboard.o [1]
mcu_lcd_initial         0x008d9f   0x48  Code  Lc  DrvHTG12832.o [1]
memcmp                  0x00ae0f   0x36  Code  Gb  memcmp.o [4]
strlen                  0x00b487   0x12  Code  Gb  strlen.o [4]
ucAtPocHead             0x00001e    0x2  Data  Gb  ApiPocCmd.o [1]
ucCaretPPPCFG           0x000018    0x2  Data  Gb  ApiAtCmd.o [1]
ucKeyDown               0x00001c    0x2  Data  Gb  ApiKeyboard.o [1]
ucKeyUp                 0x00001a    0x2  Data  Gb  ApiKeyboard.o [1]
ucOSSYSHWID             0x00004e    0x2  Data  Gb  Task.o [1]
ucPPPCFG                0x000050    0x2  Data  Gb  Task.o [1]
ucPlayZtts              0x000010    0x2  Data  Gb  ApiAtCmd.o [1]
ucPocOpenConfig         0x000056    0x2  Data  Gb  Task.o [1]
ucRxCheckCard           0x000012    0x2  Data  Gb  ApiAtCmd.o [1]
ucRxOkHeadInfo          0x000024    0x2  Data  Gb  DrvGD83.o [1]
ucRxPocHeadInfo         0x000022    0x2  Data  Gb  DrvGD83.o [1]
ucRxZTTS0               0x000014    0x2  Data  Gb  ApiAtCmd.o [1]
ucSIMST                 0x000016    0x2  Data  Gb  ApiAtCmd.o [1]
ucSetParamConfig        0x000054    0x2  Data  Gb  Task.o [1]
ucTxPocHeadInfo         0x000020    0x2  Data  Gb  DrvGD83.o [1]
ucZTTS_Abell            0x000052    0x2  Data  Gb  Task.o [1]


[1] = E:\1-source\A508\PRJ\Debug\Obj
[2] = command line
[3] = dbgstm8smd.a
[4] = dlstm8smn.a

  13 372 bytes of readonly  code memory
     827 bytes of readonly  data memory
   4 128 bytes of readwrite data memory

Errors: none
Warnings: none
