###############################################################################
#
# IAR ELF Linker V2.20.1.176 for STM8                     29/Dec/2017  15:20:55
# Copyright 2010-2015 IAR Systems AB.
#
#    Output file  =  E:\1-source\A508\PRJ\Debug\Exe\A508_DEMO1.out
#    Map file     =  E:\1-source\A508\PRJ\Debug\List\A508_DEMO1.map
#    Command line =  
#        E:\1-source\A508\PRJ\Debug\Obj\ADC.o
#        E:\1-source\A508\PRJ\Debug\Obj\ApiAtCmd.o
#        E:\1-source\A508\PRJ\Debug\Obj\ApiDisplay.o
#        E:\1-source\A508\PRJ\Debug\Obj\ApiGpsCmd.o
#        E:\1-source\A508\PRJ\Debug\Obj\ApiKeyboard.o
#        E:\1-source\A508\PRJ\Debug\Obj\ApiLED.o
#        E:\1-source\A508\PRJ\Debug\Obj\ApiPocCmd.o
#        E:\1-source\A508\PRJ\Debug\Obj\Beep.o
#        E:\1-source\A508\PRJ\Debug\Obj\CommonLib.o
#        E:\1-source\A508\PRJ\Debug\Obj\Delay.o
#        E:\1-source\A508\PRJ\Debug\Obj\DrvGD83.o
#        E:\1-source\A508\PRJ\Debug\Obj\DrvGT20L16S1Y.o
#        E:\1-source\A508\PRJ\Debug\Obj\DrvHTG12832.o
#        E:\1-source\A508\PRJ\Debug\Obj\DrvKeyboard.o
#        E:\1-source\A508\PRJ\Debug\Obj\Flash_eeprom.o
#        E:\1-source\A508\PRJ\Debug\Obj\main.o
#        E:\1-source\A508\PRJ\Debug\Obj\McuConfig.o
#        E:\1-source\A508\PRJ\Debug\Obj\stm8s_adc2.o
#        E:\1-source\A508\PRJ\Debug\Obj\stm8s_awu.o
#        E:\1-source\A508\PRJ\Debug\Obj\stm8s_beep.o
#        E:\1-source\A508\PRJ\Debug\Obj\stm8s_clk.o
#        E:\1-source\A508\PRJ\Debug\Obj\stm8s_exti.o
#        E:\1-source\A508\PRJ\Debug\Obj\stm8s_flash.o
#        E:\1-source\A508\PRJ\Debug\Obj\stm8s_gpio.o
#        E:\1-source\A508\PRJ\Debug\Obj\stm8s_i2c.o
#        E:\1-source\A508\PRJ\Debug\Obj\stm8s_it.o
#        E:\1-source\A508\PRJ\Debug\Obj\stm8s_itc.o
#        E:\1-source\A508\PRJ\Debug\Obj\stm8s_iwdg.o
#        E:\1-source\A508\PRJ\Debug\Obj\stm8s_rst.o
#        E:\1-source\A508\PRJ\Debug\Obj\stm8s_spi.o
#        E:\1-source\A508\PRJ\Debug\Obj\stm8s_tim1.o
#        E:\1-source\A508\PRJ\Debug\Obj\stm8s_tim2.o
#        E:\1-source\A508\PRJ\Debug\Obj\stm8s_tim3.o
#        E:\1-source\A508\PRJ\Debug\Obj\stm8s_tim4.o
#        E:\1-source\A508\PRJ\Debug\Obj\stm8s_uart1.o
#        E:\1-source\A508\PRJ\Debug\Obj\stm8s_uart3.o
#        E:\1-source\A508\PRJ\Debug\Obj\stm8s_wwdg.o
#        E:\1-source\A508\PRJ\Debug\Obj\sysclock.o
#        E:\1-source\A508\PRJ\Debug\Obj\System.o
#        E:\1-source\A508\PRJ\Debug\Obj\Task.o
#        E:\1-source\A508\PRJ\Debug\Obj\Tone.o
#        E:\1-source\A508\PRJ\Debug\Obj\uart3.o
#        E:\1-source\A508\PRJ\Debug\Obj\Voice.o --redirect _Printf=_PrintfSmall
#        --redirect _Scanf=_ScanfSmall -o
#        E:\1-source\A508\PRJ\Debug\Exe\A508_DEMO1.out --map
#        E:\1-source\A508\PRJ\Debug\List\A508_DEMO1.map --config "C:\Program
#        Files\IAR Systems\Embedded Workbench
#        7.3\stm8\config\lnkstm8s007c8.icf" --config_def _CSTACK_SIZE=0x200
#        --config_def _HEAP_SIZE=0x100 --entry __iar_program_start --debug_lib
#
###############################################################################

*******************************************************************************
*** RUNTIME MODEL ATTRIBUTES
***

__SystemLibrary            = DLib
__code_model               = small
__core                     = stm8
__data_model               = medium
__dlib_file_descriptor     = 0
__dlib_full_locale_support = 0
__rt_version               = 4


*******************************************************************************
*** PLACEMENT SUMMARY
***

"A1":  place at start of [0x000000-0x0000ff] { rw section .vregs };
"A2":  place at end of [0x000000-0x0017ff] { block CSTACK };
"P2":  place in [from 0x000000 to 0x0017ff] {
          block HEAP, rw section __DLIB_PERTHREAD, rw section .far.bss,
          rw section .far.data, rw section .far.noinit,
          rw section .far_func.textrw, rw section .huge.bss,
          rw section .huge.data, rw section .huge.noinit,
          rw section .huge_func.textrw, rw section .iar.dynexit,
          rw section .near.bss, rw section .near.data, rw section .near.noinit,
          rw section .near_func.textrw };
"A3":  place at start of [0x008000-0x00ffff] { block INTVEC };
"P3":  place in [from 0x008000 to 0x00ffff] {
          ro section __DLIB_PERTHREAD_init, ro section .far.data_init,
          ro section .far_func.textrw_init, ro section .huge.data_init,
          ro section .huge_func.textrw_init, ro section .iar.init_table,
          ro section .init_array, ro section .near.data_init,
          ro section .near.rodata, ro section .near_func.text,
          ro section .near_func.textrw_init, ro section .tiny.data_init,
          ro section .tiny.rodata_init };

  Section            Kind      Address    Size  Object
  -------            ----      -------    ----  ------
"A1":                                     0x10
  .vregs             uninit   0x000000    0x10  vregs.o [4]
                            - 0x000010    0x10

"P2", part 1 of 5:                       0xef5
  .near.bss          zero     0x000010   0xef5  ApiPocCmd.o [1]
                            - 0x000f05   0xef5

"P2", part 2 of 5:                       0x28a
  .near.bss          zero     0x000f05   0x28a  DrvGD83.o [1]
                            - 0x00118f   0x28a

"P2", part 3 of 5:                       0x200
  .near.bss          zero     0x00118f   0x200  ApiDisplay.o [1]
                            - 0x00138f   0x200

"P2", part 4 of 5:                       0x1ab
  .near.bss          zero     0x00138f    0x77  ApiAtCmd.o [1]
  .near.bss          zero     0x001406    0x50  ApiPocCmd.o [1]
  .near.bss          zero     0x001456    0x44  uart3.o [1]
  .near.bss          zero     0x00149a    0x40  ApiDisplay.o [1]
  .near.bss          zero     0x0014da    0x14  System.o [1]
  .near.bss          zero     0x0014ee    0x12  Beep.o [1]
  .near.bss          zero     0x001500    0x12  Tone.o [1]
  .near.bss          zero     0x001512     0xb  Delay.o [1]
  .near.bss          zero     0x00151d     0x6  Voice.o [1]
  .near.bss          zero     0x001523     0x4  uart3.o [1]
  .near.bss          zero     0x001527     0x2  DrvHTG12832.o [1]
  .near.bss          zero     0x001529     0x1  ADC.o [1]
  .near.bss          zero     0x00152a     0x1  ApiAtCmd.o [1]
  .near.bss          zero     0x00152b     0x1  ApiAtCmd.o [1]
  .near.bss          zero     0x00152c     0x1  ApiAtCmd.o [1]
  .near.bss          zero     0x00152d     0x1  ApiAtCmd.o [1]
  .near.bss          zero     0x00152e     0x1  ApiAtCmd.o [1]
  .near.bss          zero     0x00152f     0x1  ApiKeyboard.o [1]
  .near.bss          zero     0x001530     0x1  ApiKeyboard.o [1]
  .near.bss          zero     0x001531     0x1  ApiKeyboard.o [1]
  .near.bss          zero     0x001532     0x1  ApiKeyboard.o [1]
  .near.bss          zero     0x001533     0x1  ApiLED.o [1]
  .near.bss          zero     0x001534     0x1  ApiPocCmd.o [1]
  .near.bss          zero     0x001535     0x1  DrvGD83.o [1]
  .near.bss          zero     0x001536     0x1  Task.o [1]
  .near.bss          zero     0x001537     0x1  Task.o [1]
  .near.bss          zero     0x001538     0x1  Task.o [1]
  .near.bss          zero     0x001539     0x1  Task.o [1]
                            - 0x00153a   0x1ab

"P2", part 5 of 5:                        0x7e
  P2-1                        0x00153a    0x7e  <Init block>
    .near.data       inited   0x00153a     0x1  ApiAtCmd.o [1]
    .near.data       inited   0x00153b     0x2  ApiAtCmd.o [1]
    .near.data       inited   0x00153d     0x2  ApiAtCmd.o [1]
    .near.data       inited   0x00153f     0x2  ApiAtCmd.o [1]
    .near.data       inited   0x001541     0x2  ApiAtCmd.o [1]
    .near.data       inited   0x001543     0x2  ApiAtCmd.o [1]
    .near.data       inited   0x001545     0x2  ApiAtCmd.o [1]
    .near.data       inited   0x001547     0x2  ApiAtCmd.o [1]
    .near.data       inited   0x001549     0x2  ApiAtCmd.o [1]
    .near.data       inited   0x00154b     0x2  ApiAtCmd.o [1]
    .near.data       inited   0x00154d     0x2  ApiAtCmd.o [1]
    .near.data       inited   0x00154f     0x2  ApiAtCmd.o [1]
    .near.data       inited   0x001551     0x2  ApiAtCmd.o [1]
    .near.data       inited   0x001553     0x2  ApiAtCmd.o [1]
    .near.data       inited   0x001555     0x2  ApiAtCmd.o [1]
    .near.data       inited   0x001557     0x2  ApiAtCmd.o [1]
    .near.data       inited   0x001559     0x2  ApiAtCmd.o [1]
    .near.data       inited   0x00155b     0x2  ApiAtCmd.o [1]
    .near.data       inited   0x00155d     0x2  ApiAtCmd.o [1]
    .near.data       inited   0x00155f     0x1  ApiKeyboard.o [1]
    .near.data       inited   0x001560     0x2  ApiKeyboard.o [1]
    .near.data       inited   0x001562     0x2  ApiKeyboard.o [1]
    .near.data       inited   0x001564     0x2  ApiKeyboard.o [1]
    .near.data       inited   0x001566     0x1  ApiKeyboard.o [1]
    .near.data       inited   0x001567     0x2  ApiPocCmd.o [1]
    .near.data       inited   0x001569     0x2  ApiPocCmd.o [1]
    .near.data       inited   0x00156b     0x2  DrvGD83.o [1]
    .near.data       inited   0x00156d     0x2  DrvGD83.o [1]
    .near.data       inited   0x00156f     0x2  DrvGD83.o [1]
    .near.data       inited   0x001571     0x2  DrvGD83.o [1]
    .near.data       inited   0x001573     0x8  DrvGT20L16S1Y.o [1]
    .near.data       inited   0x00157b    0x20  DrvGT20L16S1Y.o [1]
    .near.data       inited   0x00159b     0x2  System.o [1]
    .near.data       inited   0x00159d     0x1  Task.o [1]
    .near.data       inited   0x00159e     0x2  Task.o [1]
    .near.data       inited   0x0015a0     0x2  Task.o [1]
    .near.data       inited   0x0015a2     0x2  Task.o [1]
    .near.data       inited   0x0015a4     0x2  Task.o [1]
    .near.data       inited   0x0015a6     0x2  Task.o [1]
    .near.data       inited   0x0015a8     0x2  Task.o [1]
    .near.data       inited   0x0015aa     0x2  Task.o [1]
    .near.data       inited   0x0015ac     0x2  Task.o [1]
    .near.data       inited   0x0015ae     0x2  Task.o [1]
    .near.data       inited   0x0015b0     0x2  Task.o [1]
    .near.data       inited   0x0015b2     0x2  Task.o [1]
    .near.data       inited   0x0015b4     0x2  Task.o [1]
    .near.data       inited   0x0015b6     0x2  Task.o [1]
                            - 0x0015b8    0x7e

"A2":                                    0x200
  CSTACK                      0x001600   0x200  <Block>
    CSTACK           uninit   0x001600   0x200  <Block tail>
                            - 0x001800   0x200

"A3":                                     0x80
  INTVEC                      0x008000    0x80  <Block>
    .intvec          const    0x008000    0x80  interrupt.o [4]
                            - 0x008080    0x80

"P3":                                   0x5b90
  .near_func.text    ro code  0x008080   0x809  DrvGD83.o [1]
  .near.rodata       const    0x008889   0x400  ApiDisplay.o [1]
  .near_func.text    ro code  0x008c89   0x37b  ApiKeyboard.o [1]
  .near_func.text    ro code  0x009004   0x2fa  Beep.o [1]
  .near_func.text    ro code  0x0092fe   0x2f4  ApiPocCmd.o [1]
  .near_func.text    ro code  0x0095f2   0x2d9  Task.o [1]
  .near_func.text    ro code  0x0098cb   0x21a  ApiAtCmd.o [1]
  .near_func.text    ro code  0x009ae5   0x219  DrvHTG12832.o [1]
  .near_func.text    ro code  0x009cfe   0x1e7  DrvKeyboard.o [1]
  .near_func.text    ro code  0x009ee5   0x1ad  Task.o [1]
  .near_func.text    ro code  0x00a092   0x1aa  uart3.o [1]
  .near_func.text    ro code  0x00a23c   0x19a  DrvGT20L16S1Y.o [1]
  .near_func.text    ro code  0x00a3d6   0x162  long.o [4]
  .near_func.text    ro code  0x00a538   0x14a  ApiPocCmd.o [1]
  .near_func.text    ro code  0x00a682   0x139  DrvKeyboard.o [1]
  .near_func.text    ro code  0x00a7bb   0x136  DrvKeyboard.o [1]
  .near_func.text    ro code  0x00a8f1   0x134  stm8s_uart1.o [1]
  .near_func.text    ro code  0x00aa25   0x12c  vreg_util.o [4]
  .near_func.text    ro code  0x00ab51   0x111  ApiAtCmd.o [1]
  .near_func.text    ro code  0x00ac62   0x105  stm8s_uart3.o [1]
  .near_func.text    ro code  0x00ad67   0x104  uart3.o [1]
  .near_func.text    ro code  0x00ae6b   0x101  stm8s_itc.o [1]
  .near_func.text    ro code  0x00af6c    0xf2  System.o [1]
  .near_func.text    ro code  0x00b05e    0xf0  ADC.o [1]
  .near_func.text    ro code  0x00b14e    0xe5  ApiKeyboard.o [1]
  .near_func.text    ro code  0x00b233    0xe1  DrvGD83.o [1]
  .near_func.text    ro code  0x00b314    0xdb  CommonLib.o [1]
  .near_func.text    ro code  0x00b3ef    0xd7  uart3.o [1]
  .near_func.text    ro code  0x00b4c6    0xd4  ApiPocCmd.o [1]
  .near_func.text    ro code  0x00b59a    0xc5  ApiDisplay.o [1]
  .near_func.text    ro code  0x00b65f    0xb8  uart3.o [1]
  .near_func.text    ro code  0x00b717    0xb4  stm8s_uart3.o [1]
  .near_func.text    ro code  0x00b7cb    0xb2  ApiDisplay.o [1]
  .near_func.text    ro code  0x00b87d    0xaf  ApiAtCmd.o [1]
  .near_func.text    ro code  0x00b92c    0xaf  ApiDisplay.o [1]
  .near_func.text    ro code  0x00b9db    0xaf  stm8s_gpio.o [1]
  .near_func.text    ro code  0x00ba8a    0xa2  Delay.o [1]
  .near_func.text    ro code  0x00bb2c    0xa2  stm8s_clk.o [1]
  .near_func.text    ro code  0x00bbce    0x99  stm8s_tim1.o [1]
  .near_func.text    ro code  0x00bc67    0x99  Voice.o [1]
  .near_func.text    ro code  0x00bd00    0x96  Delay.o [1]
  .near_func.text    ro code  0x00bd96    0x92  ApiDisplay.o [1]
  .near_func.text    ro code  0x00be28    0x90  stm8s_uart1.o [1]
  .near_func.text    ro code  0x00beb8    0x8e  uart3.o [1]
  .near_func.text    ro code  0x00bf46    0x8c  stm8s_uart3.o [1]
  .near_func.text    ro code  0x00bfd2    0x8a  DrvKeyboard.o [1]
  .near_func.text    ro code  0x00c05c    0x7e  stm8s_adc2.o [1]
  Initializer bytes  const    0x00c0da    0x7e  <for P2-1>
  .near_func.text    ro code  0x00c158    0x7a  DrvGD83.o [1]
  .near_func.text    ro code  0x00c1d2    0x73  Delay.o [1]
  .near_func.text    ro code  0x00c245    0x6d  uart3.o [1]
  .near_func.text    ro code  0x00c2b2    0x6c  DrvKeyboard.o [1]
  .near_func.text    ro code  0x00c31e    0x6c  stm8s_uart1.o [1]
  .near_func.text    ro code  0x00c38a    0x68  ApiAtCmd.o [1]
  .near_func.text    ro code  0x00c3f2    0x67  Tone.o [1]
  .near_func.text    ro code  0x00c459    0x61  stm8s_tim1.o [1]
  .near_func.text    ro code  0x00c4ba    0x5f  DrvGT20L16S1Y.o [1]
  .near_func.text    ro code  0x00c519    0x5b  ApiLED.o [1]
  .near_func.text    ro code  0x00c574    0x5a  ApiDisplay.o [1]
  .near_func.text    ro code  0x00c5ce    0x5a  DrvGT20L16S1Y.o [1]
  .near_func.text    ro code  0x00c628    0x57  stm8s_clk.o [1]
  .near_func.text    ro code  0x00c67f    0x54  Delay.o [1]
  .near_func.text    ro code  0x00c6d3    0x53  stm8s_adc2.o [1]
  .near_func.text    ro code  0x00c726    0x50  uart3.o [1]
  .near_func.text    ro code  0x00c776    0x50  uart3.o [1]
  .near_func.text    ro code  0x00c7c6    0x4e  CommonLib.o [1]
  .near_func.text    ro code  0x00c814    0x4e  Tone.o [1]
  .near_func.text    ro code  0x00c862    0x4c  DrvGT20L16S1Y.o [1]
  .near_func.text    ro code  0x00c8ae    0x4b  uart3.o [1]
  .near_func.text    ro code  0x00c8f9    0x4a  ApiDisplay.o [1]
  .near_func.text    ro code  0x00c943    0x49  DrvGD83.o [1]
  .near_func.text    ro code  0x00c98c    0x49  DrvGD83.o [1]
  .near_func.text    ro code  0x00c9d5    0x49  DrvGD83.o [1]
  .near_func.text    ro code  0x00ca1e    0x49  stm8s_uart3.o [1]
  .near_func.text    ro code  0x00ca67    0x47  long_util.o [4]
  .near_func.text    ro code  0x00caae    0x43  Flash_eeprom.o [1]
  .near_func.text    ro code  0x00caf1    0x43  Flash_eeprom.o [1]
  .near_func.text    ro code  0x00cb34    0x43  stm8s_tim1.o [1]
  .near_func.text    const    0x00cb77    0x40  ApiDisplay.o [1]
  .near_func.text    ro code  0x00cbb7    0x40  Task.o [1]
  .near_func.text    ro code  0x00cbf7    0x40  short.o [4]
  .near_func.text    ro code  0x00cc37    0x3e  uart3.o [1]
  .near_func.text    ro code  0x00cc75    0x3d  DrvGD83.o [1]
  .near_func.text    ro code  0x00ccb2    0x36  DrvGT20L16S1Y.o [1]
  .near_func.text    ro code  0x00cce8    0x36  stm8s_flash.o [1]
  .near_func.text    ro code  0x00cd1e    0x36  memcmp.o [4]
  .near_func.text    ro code  0x00cd54    0x35  Flash_eeprom.o [1]
  .near_func.text    ro code  0x00cd89    0x35  uart3.o [1]
  .near_func.text    ro code  0x00cdbe    0x33  DrvGT20L16S1Y.o [1]
  .near_func.text    ro code  0x00cdf1    0x32  Beep.o [1]
  .near_func.text    ro code  0x00ce23    0x32  stm8s_uart1.o [1]
  .near.rodata       const    0x00ce55    0x31  Task.o [1]
  .near_func.text    ro code  0x00ce86    0x30  McuConfig.o [1]
  .near_func.text    ro code  0x00ceb6    0x30  sysclock.o [1]
  .near_func.text    ro code  0x00cee6    0x2f  stm8s_adc2.o [1]
  .near_func.text    ro code  0x00cf15    0x2d  stm8s_uart1.o [1]
  .near_func.text    ro code  0x00cf42    0x2c  ApiDisplay.o [1]
  .near_func.text    ro code  0x00cf6e    0x2c  DrvGD83.o [1]
  .near_func.text    ro code  0x00cf9a    0x2c  stm8s_adc2.o [1]
  .near_func.text    ro code  0x00cfc6    0x2b  ApiDisplay.o [1]
  .near.rodata       const    0x00cff1    0x2a  Task.o [1]
  .near_func.text    ro code  0x00d01b    0x2a  McuConfig.o [1]
  .near_func.text    ro code  0x00d045    0x28  Delay.o [1]
  .near_func.text    ro code  0x00d06d    0x28  init_small.o [4]
  .near_func.text    ro code  0x00d095    0x27  stm8s_flash.o [1]
  .near_func.text    ro code  0x00d0bc    0x27  sysclock.o [1]
  .near_func.text    ro code  0x00d0e3    0x26  Task.o [1]
  .near.rodata       const    0x00d109    0x25  Task.o [1]
  .near.rodata       const    0x00d12e    0x25  Task.o [1]
  .near.rodata       const    0x00d153    0x25  Task.o [1]
  .near_func.text    ro code  0x00d178    0x25  stm8s_uart3.o [1]
  .near_func.text    ro code  0x00d19d    0x25  memcpy.o [4]
  .near_func.text    ro code  0x00d1c2    0x25  dc_util.o [4]
  .near_func.text    ro code  0x00d1e7    0x24  McuConfig.o [1]
  .near_func.text    ro code  0x00d20b    0x24  McuConfig.o [1]
  .near_func.text    ro code  0x00d22f    0x24  stm8s_flash.o [1]
  .near_func.text    ro code  0x00d253    0x24  stm8s_tim1.o [1]
  .near_func.text    ro code  0x00d277    0x23  ADC.o [1]
  .near_func.text    ro code  0x00d29a    0x23  Tone.o [1]
  .near_func.text    ro code  0x00d2bd    0x22  ApiPocCmd.o [1]
  .near_func.text    ro code  0x00d2df    0x21  ApiPocCmd.o [1]
  .near_func.text    ro code  0x00d300    0x21  stm8s_adc2.o [1]
  .iar.init_table    const    0x00d321    0x1e  - Linker created -
  .near_func.text    ro code  0x00d33f    0x20  ADC.o [1]
  .near_func.text    ro code  0x00d35f    0x20  ApiPocCmd.o [1]
  .near_func.text    ro code  0x00d37f    0x20  ApiPocCmd.o [1]
  .near_func.text    ro code  0x00d39f    0x20  stm8s_it.o [1]
  .near_func.text    ro code  0x00d3bf    0x1f  Delay.o [1]
  .near_func.text    ro code  0x00d3de    0x1f  move.o [4]
  .near_func.text    ro code  0x00d3fd    0x1e  init_small.o [4]
  .near.rodata       const    0x00d41b    0x1d  Task.o [1]
  .near_func.text    ro code  0x00d438    0x1c  Delay.o [1]
  .near_func.text    ro code  0x00d454    0x1b  stm8s_it.o [1]
  .near_func.text    ro code  0x00d46f    0x1b  sysclock.o [1]
  .near_func.text    ro code  0x00d48a    0x1a  Beep.o [1]
  .near.rodata       const    0x00d4a4    0x18  Task.o [1]
  .near_func.text    ro code  0x00d4bc    0x18  McuConfig.o [1]
  .near_func.text    ro code  0x00d4d4    0x18  McuConfig.o [1]
  .near_func.text    ro code  0x00d4ec    0x17  McuConfig.o [1]
  .near_func.text    ro code  0x00d503    0x17  McuConfig.o [1]
  .near_func.text    ro code  0x00d51a    0x17  McuConfig.o [1]
  .near_func.text    ro code  0x00d531    0x17  McuConfig.o [1]
  .near_func.text    ro code  0x00d548    0x17  McuConfig.o [1]
  .near_func.text    ro code  0x00d55f    0x17  memset.o [4]
  .near_func.text    ro code  0x00d576    0x17  init.o [4]
  .near_func.text    ro code  0x00d58d    0x16  stm8s_flash.o [1]
  .near_func.text    ro code  0x00d5a3    0x16  stm8s_it.o [1]
  .near_func.text    ro code  0x00d5b9    0x15  ApiDisplay.o [1]
  .near_func.text    ro code  0x00d5ce    0x15  uart3.o [1]
  .near_func.text    ro code  0x00d5e3    0x14  DrvGT20L16S1Y.o [1]
  .near_func.text    ro code  0x00d5f7    0x14  stm8s_flash.o [1]
  .near_func.text    ro code  0x00d60b    0x14  __dbg_xxexit.o [3]
  .near.rodata       const    0x00d61f    0x13  ApiAtCmd.o [1]
  .near.rodata       const    0x00d632    0x13  Task.o [1]
  .near.rodata       const    0x00d645    0x13  Task.o [1]
  .near_func.text    ro code  0x00d658    0x13  stm8s_adc2.o [1]
  .near_func.text    ro code  0x00d66b    0x13  stm8s_clk.o [1]
  .near_func.text    ro code  0x00d67e    0x13  stm8s_tim3.o [1]
  .near_func.text    ro code  0x00d691    0x13  cstartup.o [4]
  .near.rodata       const    0x00d6a4    0x12  ApiAtCmd.o [1]
  .near.rodata       const    0x00d6b6    0x12  Task.o [1]
  .near_func.text    ro code  0x00d6c8    0x12  ApiPocCmd.o [1]
  .near_func.text    ro code  0x00d6da    0x12  ApiPocCmd.o [1]
  .near_func.text    ro code  0x00d6ec    0x12  uart3.o [1]
  .near_func.text    ro code  0x00d6fe    0x12  strlen.o [4]
  .near.rodata       const    0x00d710    0x11  ApiKeyboard.o [1]
  .near.rodata       const    0x00d721    0x11  ApiKeyboard.o [1]
  .near.rodata       const    0x00d732    0x11  ApiKeyboard.o [1]
  .near.rodata       const    0x00d743    0x11  ApiKeyboard.o [1]
  .near.rodata       const    0x00d754    0x11  ApiKeyboard.o [1]
  .near.rodata       const    0x00d765    0x11  ApiKeyboard.o [1]
  .near.rodata       const    0x00d776    0x11  ApiKeyboard.o [1]
  .near.rodata       const    0x00d787    0x11  ApiKeyboard.o [1]
  .near.rodata       const    0x00d798    0x11  CommonLib.o [1]
  .near.rodata       const    0x00d7a9    0x11  System.o [1]
  .near.rodata       const    0x00d7ba    0x11  Task.o [1]
  .near.rodata       const    0x00d7cb    0x11  Task.o [1]
  .near.rodata       const    0x00d7dc    0x11  Task.o [1]
  .near.rodata       const    0x00d7ed    0x11  Task.o [1]
  .near.rodata       const    0x00d7fe    0x11  Task.o [1]
  .near.rodata       const    0x00d80f    0x11  Task.o [1]
  .near.rodata       const    0x00d820    0x11  Task.o [1]
  .near.rodata       const    0x00d831    0x11  Task.o [1]
  .near.rodata       const    0x00d842    0x11  Task.o [1]
  .near.rodata       const    0x00d853    0x11  Task.o [1]
  .near.rodata       const    0x00d864    0x11  Task.o [1]
  .near.rodata       const    0x00d875    0x11  Task.o [1]
  .near_func.text    ro code  0x00d886    0x11  ApiPocCmd.o [1]
  .near_func.text    ro code  0x00d897    0x11  ApiPocCmd.o [1]
  .near.rodata       const    0x00d8a8    0x10  ApiAtCmd.o [1]
  .near.rodata       const    0x00d8b8    0x10  ApiAtCmd.o [1]
  .near.rodata       const    0x00d8c8    0x10  ApiDisplay.o [1]
  .near.rodata       const    0x00d8d8    0x10  ApiDisplay.o [1]
  .near.rodata       const    0x00d8e8    0x10  uart3.o [1]
  .near.rodata       const    0x00d8f8     0xf  ApiAtCmd.o [1]
  .near.rodata       const    0x00d907     0xf  ApiKeyboard.o [1]
  .near.rodata       const    0x00d916     0xf  Task.o [1]
  .near.rodata       const    0x00d925     0xf  Task.o [1]
  .near_func.text    ro code  0x00d934     0xf  Voice.o [1]
  .near.rodata       const    0x00d943     0xe  ApiAtCmd.o [1]
  .near.rodata       const    0x00d951     0xe  ApiAtCmd.o [1]
  .near.rodata       const    0x00d95f     0xe  ApiAtCmd.o [1]
  .near.rodata       const    0x00d96d     0xe  Task.o [1]
  .near.rodata       const    0x00d97b     0xe  Task.o [1]
  .near_func.text    ro code  0x00d989     0xe  ApiPocCmd.o [1]
  .near_func.text    ro code  0x00d997     0xe  uart3.o [1]
  .near.rodata       const    0x00d9a5     0xd  ApiPocCmd.o [1]
  .near.rodata       const    0x00d9b2     0xd  ApiPocCmd.o [1]
  .near.rodata       const    0x00d9bf     0xd  Task.o [1]
  .near_func.text    ro code  0x00d9cc     0xd  stm8s_adc2.o [1]
  .near_func.text    ro code  0x00d9d9     0xd  stm8s_tim1.o [1]
  .near_func.text    ro code  0x00d9e6     0xd  stm8s_tim1.o [1]
  .near_func.text    ro code  0x00d9f3     0xd  stm8s_tim1.o [1]
  .near_func.text    ro code  0x00da00     0xd  stm8s_tim3.o [1]
  .near_func.text    ro code  0x00da0d     0xd  stm8s_tim3.o [1]
  .near_func.text    ro code  0x00da1a     0xd  stm8s_uart1.o [1]
  .near_func.text    ro code  0x00da27     0xd  stm8s_uart3.o [1]
  .near.rodata       const    0x00da34     0xc  ApiAtCmd.o [1]
  .near_func.text    ro code  0x00da40     0xc  McuConfig.o [1]
  .near_func.text    ro code  0x00da4c     0xc  McuConfig.o [1]
  .near_func.text    ro code  0x00da58     0xc  McuConfig.o [1]
  .near_func.text    ro code  0x00da64     0xc  McuConfig.o [1]
  .near_func.text    ro code  0x00da70     0xc  stm8s_tim3.o [1]
  .near.rodata       const    0x00da7c     0xb  ApiAtCmd.o [1]
  .near.rodata       const    0x00da87     0xb  Task.o [1]
  .near_func.text    ro code  0x00da92     0xb  char.o [4]
  .near.rodata       const    0x00da9d     0xa  ApiAtCmd.o [1]
  .near.rodata       const    0x00daa7     0xa  Task.o [1]
  .near_func.text    ro code  0x00dab1     0xa  ApiPocCmd.o [1]
  .near_func.text    ro code  0x00dabb     0xa  ApiPocCmd.o [1]
  .near.rodata       const    0x00dac5     0x9  ApiAtCmd.o [1]
  .near.rodata       const    0x00dace     0x9  ApiAtCmd.o [1]
  .near.rodata       const    0x00dad7     0x9  ApiAtCmd.o [1]
  .near.rodata       const    0x00dae0     0x9  ApiKeyboard.o [1]
  .near.rodata       const    0x00dae9     0x9  ApiKeyboard.o [1]
  .near.rodata       const    0x00daf2     0x9  DrvGD83.o [1]
  .near.rodata       const    0x00dafb     0x9  System.o [1]
  .near.rodata       const    0x00db04     0x9  Task.o [1]
  .near_func.text    ro code  0x00db0d     0x9  stm8s_gpio.o [1]
  .near_func.text    ro code  0x00db16     0x9  stm8s_tim3.o [1]
  .near.rodata       const    0x00db1f     0x8  ApiAtCmd.o [1]
  .near.rodata       const    0x00db27     0x8  ApiDisplay.o [1]
  .near.rodata       const    0x00db2f     0x8  ApiPocCmd.o [1]
  .near.rodata       const    0x00db37     0x8  Task.o [1]
  .near.rodata       const    0x00db3f     0x7  ApiAtCmd.o [1]
  .near.rodata       const    0x00db46     0x7  ApiAtCmd.o [1]
  .near.rodata       const    0x00db4d     0x7  ApiAtCmd.o [1]
  .near.rodata       const    0x00db54     0x7  ApiPocCmd.o [1]
  .near.rodata       const    0x00db5b     0x7  DrvGD83.o [1]
  .near.rodata       const    0x00db62     0x7  Task.o [1]
  .near.rodata       const    0x00db69     0x7  Task.o [1]
  .near_func.text    ro code  0x00db70     0x7  stm8s_flash.o [1]
  .near_func.text    ro code  0x00db77     0x7  stm8s_gpio.o [1]
  .near.rodata       const    0x00db7e     0x6  DrvGD83.o [1]
  .near.rodata       const    0x00db84     0x6  System.o [1]
  .near_func.text    ro code  0x00db8a     0x5  stm8s_adc2.o [1]
  .near_func.text    ro code  0x00db8f     0x5  stm8s_flash.o [1]
  .near_func.text    ro code  0x00db94     0x5  stm8s_flash.o [1]
  .near_func.text    ro code  0x00db99     0x5  stm8s_tim3.o [1]
  .near_func.text    ro code  0x00db9e     0x5  cexit.o [4]
  .near.rodata       const    0x00dba3     0x4  stm8s_clk.o [1]
  .near.rodata       const    0x00dba7     0x4  uart3.o [1]
  .near_func.text    ro code  0x00dbab     0x4  ApiPocCmd.o [1]
  .near_func.text    ro code  0x00dbaf     0x4  ApiPocCmd.o [1]
  .near_func.text    ro code  0x00dbb3     0x4  ApiPocCmd.o [1]
  .near_func.text    ro code  0x00dbb7     0x4  ApiPocCmd.o [1]
  .near_func.text    ro code  0x00dbbb     0x4  ApiPocCmd.o [1]
  .near_func.text    ro code  0x00dbbf     0x4  ApiPocCmd.o [1]
  .near_func.text    ro code  0x00dbc3     0x4  stm8s_gpio.o [1]
  .near_func.text    ro code  0x00dbc7     0x4  stm8s_uart1.o [1]
  .near_func.text    ro code  0x00dbcb     0x4  stm8s_uart1.o [1]
  .near_func.text    ro code  0x00dbcf     0x4  stm8s_uart3.o [1]
  .near_func.text    ro code  0x00dbd3     0x4  stm8s_uart3.o [1]
  .near_func.text    ro code  0x00dbd7     0x4  System.o [1]
  .near_func.text    ro code  0x00dbdb     0x4  System.o [1]
  .near.rodata       const    0x00dbdf     0x3  DrvGD83.o [1]
  .near.rodata       const    0x00dbe2     0x3  uart3.o [1]
  .near.rodata       const    0x00dbe5     0x3  uart3.o [1]
  .near_func.text    ro code  0x00dbe8     0x3  main.o [1]
  .near_func.text    ro code  0x00dbeb     0x3  Task.o [1]
  .near_func.text    ro code  0x00dbee     0x3  interrupt.o [4]
  .near_func.text    ro code  0x00dbf1     0x3  low_level_init.o [4]
  .near_func.text    ro code  0x00dbf4     0x3  exit.o [4]
  .near_func.text    ro code  0x00dbf7     0x3  unhandled_exception.o [4]
  .near_func.text    ro code  0x00dbfa     0x1  stm8s_it.o [1]
  .near_func.text    ro code  0x00dbfb     0x1  stm8s_it.o [1]
  .near_func.text    ro code  0x00dbfc     0x1  stm8s_it.o [1]
  .near_func.text    ro code  0x00dbfd     0x1  stm8s_it.o [1]
  .near_func.text    ro code  0x00dbfe     0x1  stm8s_it.o [1]
  .near_func.text    ro code  0x00dbff     0x1  stm8s_it.o [1]
  .near_func.text    ro code  0x00dc00     0x1  stm8s_it.o [1]
  .near_func.text    ro code  0x00dc01     0x1  stm8s_it.o [1]
  .near_func.text    ro code  0x00dc02     0x1  stm8s_it.o [1]
  .near_func.text    ro code  0x00dc03     0x1  stm8s_it.o [1]
  .near_func.text    ro code  0x00dc04     0x1  stm8s_it.o [1]
  .near_func.text    ro code  0x00dc05     0x1  stm8s_it.o [1]
  .near_func.text    ro code  0x00dc06     0x1  stm8s_it.o [1]
  .near_func.text    ro code  0x00dc07     0x1  stm8s_it.o [1]
  .near_func.text    ro code  0x00dc08     0x1  stm8s_it.o [1]
  .near_func.text    ro code  0x00dc09     0x1  stm8s_it.o [1]
  .near_func.text    ro code  0x00dc0a     0x1  stm8s_it.o [1]
  .near_func.text    ro code  0x00dc0b     0x1  stm8s_it.o [1]
  .near_func.text    ro code  0x00dc0c     0x1  stm8s_it.o [1]
  .near_func.text    ro code  0x00dc0d     0x1  stm8s_it.o [1]
  .near_func.text    ro code  0x00dc0e     0x1  stm8s_it.o [1]
  .near_func.text    ro code  0x00dc0f     0x1  __dbg_break.o [3]
                            - 0x00dc10  0x5b90


*******************************************************************************
*** INIT TABLE
***

          Address   Size
          -------   ----
Zero (__iar_zero_init2)
    4 destination ranges, total size 0x152a:
          0x000010  0xef5
          0x000f05  0x28a
          0x00118f  0x200
          0x00138f  0x1ab

Copy (__iar_copy_init2)
    1 source range, total size 0x7e:
          0x00c0da   0x7e
    1 destination range, total size 0x7e:
          0x00153a   0x7e



*******************************************************************************
*** MODULE SUMMARY
***

    Module                 ro code  ro data  rw data
    ------                 -------  -------  -------
E:\1-source\A508\PRJ\Debug\Obj: [1]
    ADC.o                      307                 1
    ApiAtCmd.o               1 090      252      161
    ApiDisplay.o               968    1 128      576
    ApiKeyboard.o            1 120      177       12
    ApiLED.o                    91                 1
    ApiPocCmd.o              1 557       45    3 914
    Beep.o                     838                18
    CommonLib.o                297       17
    Delay.o                    610                11
    DrvGD83.o                2 728       33      659
    DrvGT20L16S1Y.o            796       40       40
    DrvHTG12832.o              537                 2
    DrvKeyboard.o            1 356
    Flash_eeprom.o             187
    McuConfig.o                373
    System.o                   250       34       22
    Task.o                   1 263      665       31
    Tone.o                     216                18
    Voice.o                    168                 6
    main.o                       3
    stm8s_adc2.o               370
    stm8s_clk.o                268        4
    stm8s_flash.o              188
    stm8s_gpio.o               195
    stm8s_it.o                 102
    stm8s_itc.o                257
    stm8s_tim1.o               392
    stm8s_tim3.o                71
    stm8s_uart1.o              676
    stm8s_uart3.o              712
    sysclock.o                 114
    uart3.o                  1 739       26       72
    ------------------------------------------------
    Total:                  19 839    2 421    5 544

command line: [2]
    ------------------------------------------------
    Total:

dbgstm8smd.a: [3]
    __dbg_break.o                1
    __dbg_xxexit.o              20
    ------------------------------------------------
    Total:                      21

dlstm8smn.a: [4]
    cexit.o                      5
    char.o                      11
    cstartup.o                  19
    dc_util.o                   37
    exit.o                       3
    init.o                      23
    init_small.o                70
    interrupt.o                  3      128
    long.o                     354
    long_util.o                 71
    low_level_init.o             3
    memcmp.o                    54
    memcpy.o                    37
    memset.o                    23
    move.o                      31
    short.o                     64
    strlen.o                    18
    unhandled_exception.o        3
    vreg_util.o                300
    vregs.o                                       16
    ------------------------------------------------
    Total:                   1 129      128       16

    Linker created                       30      512
----------------------------------------------------
    Grand Total:            20 989    2 579    6 072


*******************************************************************************
*** ENTRY LIST
***

Entry                    Address   Size  Type      Object
-----                    -------   ----  ----      ------
.iar.init_table$$Base   0x00d321          --   Gb  - Linker created -
.iar.init_table$$Limit  0x00d33f          --   Gb  - Linker created -
?add32_l0_l0_0x         0x00a3d9         Code  Gb  long.o [4]
?add32_l0_l0_l1         0x00a3d6         Code  Gb  long.o [4]
?b0                     0x000000         Data  Gb  vregs.o [4]
?b1                     0x000001         Data  Gb  vregs.o [4]
?b10                    0x00000a         Data  Gb  vregs.o [4]
?b11                    0x00000b         Data  Gb  vregs.o [4]
?b12                    0x00000c         Data  Gb  vregs.o [4]
?b13                    0x00000d         Data  Gb  vregs.o [4]
?b14                    0x00000e         Data  Gb  vregs.o [4]
?b15                    0x00000f         Data  Gb  vregs.o [4]
?b2                     0x000002         Data  Gb  vregs.o [4]
?b3                     0x000003         Data  Gb  vregs.o [4]
?b4                     0x000004         Data  Gb  vregs.o [4]
?b5                     0x000005         Data  Gb  vregs.o [4]
?b6                     0x000006         Data  Gb  vregs.o [4]
?b7                     0x000007         Data  Gb  vregs.o [4]
?b8                     0x000008         Data  Gb  vregs.o [4]
?b9                     0x000009         Data  Gb  vregs.o [4]
?dc32_l0                0x00d1c2         Code  Gb  dc_util.o [4]
?dc32_l1                0x00d1cf         Code  Gb  dc_util.o [4]
?dc32_px                0x00d1dc         Code  Gb  dc_util.o [4]
?e0                     0x000001         Data  Gb  vregs.o [4]
?e1                     0x000005         Data  Gb  vregs.o [4]
?e2                     0x000009         Data  Gb  vregs.o [4]
?e3                     0x00000d         Data  Gb  vregs.o [4]
?epilogue_l2            0x00aacc         Code  Gb  vreg_util.o [4]
?epilogue_l2_l3         0x00aac9         Code  Gb  vreg_util.o [4]
?epilogue_l2_w6         0x00aad0         Code  Gb  vreg_util.o [4]
?epilogue_w4            0x00aad7         Code  Gb  vreg_util.o [4]
?l0                     0x000000         Data  Gb  vregs.o [4]
?l1                     0x000004         Data  Gb  vregs.o [4]
?l2                     0x000008         Data  Gb  vregs.o [4]
?l3                     0x00000c         Data  Gb  vregs.o [4]
?load32_0x_l0           0x00caa0         Code  Gb  long_util.o [4]
?load32_asp_l0          0x00ca94         Code  Gb  long_util.o [4]
?load32_dbsp_l0         0x00ca8f         Code  Gb  long_util.o [4]
?load32_l0_0x           0x00ca77         Code  Gb  long_util.o [4]
?load32_l0_asp          0x00ca6c         Code  Gb  long_util.o [4]
?load32_l0_dbsp         0x00ca67         Code  Gb  long_util.o [4]
?load32_l0_xsp          0x00ca6e         Code  Gb  long_util.o [4]
?load32_l1_0x           0x00ca83         Code  Gb  long_util.o [4]
?load32_xsp_l0          0x00ca96         Code  Gb  long_util.o [4]
?longfarg16_v_w0_a      0x00d3eb         Code  Gb  move.o [4]
?longfarg16_v_w0_x      0x00d3ed         Code  Gb  move.o [4]
?mov_e0_e1              0x00aaec         Code  Gb  vreg_util.o [4]
?mov_e0_e2              0x00aaf9         Code  Gb  vreg_util.o [4]
?mov_e0_e3              0x00ab06         Code  Gb  vreg_util.o [4]
?mov_e1_e0              0x00ab13         Code  Gb  vreg_util.o [4]
?mov_e1_e2              0x00ab20         Code  Gb  vreg_util.o [4]
?mov_e1_e3              0x00ab2d         Code  Gb  vreg_util.o [4]
?mov_e2_e0              0x00ab3a         Code  Gb  vreg_util.o [4]
?mov_e3_e0              0x00ab47         Code  Gb  vreg_util.o [4]
?mov_l0_l1              0x00aae9         Code  Gb  vreg_util.o [4]
?mov_l0_l2              0x00aaf6         Code  Gb  vreg_util.o [4]
?mov_l0_l3              0x00ab03         Code  Gb  vreg_util.o [4]
?mov_l1_l0              0x00ab10         Code  Gb  vreg_util.o [4]
?mov_l1_l2              0x00ab1d         Code  Gb  vreg_util.o [4]
?mov_l1_l3              0x00ab2a         Code  Gb  vreg_util.o [4]
?mov_l2_l0              0x00ab37         Code  Gb  vreg_util.o [4]
?mov_l3_l0              0x00ab44         Code  Gb  vreg_util.o [4]
?mov_w1_w3              0x00aaef         Code  Gb  vreg_util.o [4]
?mov_w1_w5              0x00aafc         Code  Gb  vreg_util.o [4]
?mov_w1_w7              0x00ab09         Code  Gb  vreg_util.o [4]
?mov_w2_w1              0x00aadb         Code  Gb  vreg_util.o [4]
?mov_w3_w1              0x00ab16         Code  Gb  vreg_util.o [4]
?mov_w3_w5              0x00ab23         Code  Gb  vreg_util.o [4]
?mov_w3_w7              0x00ab30         Code  Gb  vreg_util.o [4]
?mov_w5_w1              0x00ab3d         Code  Gb  vreg_util.o [4]
?mov_w6_w0              0x00aae2         Code  Gb  vreg_util.o [4]
?mov_w7_w1              0x00ab4a         Code  Gb  vreg_util.o [4]
?move1616_v_x_y_a       0x00d3de         Code  Gb  move.o [4]
?mul16_x_x_w0           0x00cbf7         Code  Gb  short.o [4]
?mul32_l0_l0_0x         0x00a40f         Code  Gb  long.o [4]
?mul32_l0_l0_dl         0x00a40c         Code  Gb  long.o [4]
?mul32_l0_l0_l1         0x00a418         Code  Gb  long.o [4]
?pop_l0                 0x00aa95         Code  Gb  vreg_util.o [4]
?pop_l1                 0x00aaa0         Code  Gb  vreg_util.o [4]
?pop_l2                 0x00aaab         Code  Gb  vreg_util.o [4]
?pop_l3                 0x00aab6         Code  Gb  vreg_util.o [4]
?pop_w4                 0x00aa47         Code  Gb  vreg_util.o [4]
?pop_w6                 0x00aa4e         Code  Gb  vreg_util.o [4]
?pop_w7                 0x00aa55         Code  Gb  vreg_util.o [4]
?push_l0                0x00aa64         Code  Gb  vreg_util.o [4]
?push_l1                0x00aa69         Code  Gb  vreg_util.o [4]
?push_l2                0x00aa6e         Code  Gb  vreg_util.o [4]
?push_l3                0x00aa73         Code  Gb  vreg_util.o [4]
?push_w4                0x00aa25         Code  Gb  vreg_util.o [4]
?push_w6                0x00aa2a         Code  Gb  vreg_util.o [4]
?push_w7                0x00aa2f         Code  Gb  vreg_util.o [4]
?sext16_x_a             0x00cc30         Code  Gb  short.o [4]
?sext32_l0_x            0x00a52d         Code  Gb  long.o [4]
?sll16_x_x_4            0x00cc1f         Code  Gb  short.o [4]
?sll16_x_x_5            0x00cc1e         Code  Gb  short.o [4]
?sll16_x_x_6            0x00cc1d         Code  Gb  short.o [4]
?sll16_x_x_a            0x00cc15         Code  Gb  short.o [4]
?sll32_0x_0x_a          0x00a50e         Code  Gb  long.o [4]
?sll32_l0_l0_a          0x00a50b         Code  Gb  long.o [4]
?sra8_a_a_4             0x00da98         Code  Gb  char.o [4]
?srl16_x_x_10           0x00cc25         Code  Gb  short.o [4]
?srl16_x_x_11           0x00cc24         Code  Gb  short.o [4]
?srl16_x_x_4            0x00cc2b         Code  Gb  short.o [4]
?srl16_x_x_5            0x00cc2a         Code  Gb  short.o [4]
?srl16_x_x_6            0x00cc29         Code  Gb  short.o [4]
?srl16_x_x_7            0x00cc28         Code  Gb  short.o [4]
?srl16_x_x_8            0x00cc27         Code  Gb  short.o [4]
?srl16_x_x_9            0x00cc26         Code  Gb  short.o [4]
?srl32_0x_0x_a          0x00a51f         Code  Gb  long.o [4]
?srl32_l0_l0_a          0x00a51c         Code  Gb  long.o [4]
?srl8_a_a_5             0x00da93         Code  Gb  char.o [4]
?srl8_a_a_6             0x00da92         Code  Gb  char.o [4]
?sub32_l0_l0_0x         0x00a3f4         Code  Gb  long.o [4]
?sub32_l0_l0_l1         0x00a3f1         Code  Gb  long.o [4]
?udiv32_l0_dl_l1        0x00a496         Code  Gb  long.o [4]
?udiv32_l0_l0_dl        0x00a49b         Code  Gb  long.o [4]
?udiv32_l0_l0_l1        0x00a49e         Code  Gb  long.o [4]
?umod32_l1_l0_l1        0x00a49e         Code  Gb  long.o [4]
?w0                     0x000000         Data  Gb  vregs.o [4]
?w1                     0x000002         Data  Gb  vregs.o [4]
?w2                     0x000004         Data  Gb  vregs.o [4]
?w3                     0x000006         Data  Gb  vregs.o [4]
?w4                     0x000008         Data  Gb  vregs.o [4]
?w5                     0x00000a         Data  Gb  vregs.o [4]
?w6                     0x00000c         Data  Gb  vregs.o [4]
?w7                     0x00000e         Data  Gb  vregs.o [4]
ADC2_Cmd                0x00d9cc    0xd  Code  Gb  stm8s_adc2.o [1]
ADC2_ConversionConfig   0x00cee6   0x2f  Code  Gb  stm8s_adc2.o [1]
ADC2_ExternalTriggerConfig
                        0x00d300   0x21  Code  Gb  stm8s_adc2.o [1]
ADC2_GetConversionValue
                        0x00c6d3   0x53  Code  Gb  stm8s_adc2.o [1]
ADC2_IRQHandler         0x00dc0c    0x1  Code  Gb  stm8s_it.o [1]
ADC2_Init               0x00cf9a   0x2c  Code  Gb  stm8s_adc2.o [1]
ADC2_PrescalerConfig    0x00d658   0x13  Code  Gb  stm8s_adc2.o [1]
ADC2_SchmittTriggerConfig
                        0x00c05c   0x7e  Code  Gb  stm8s_adc2.o [1]
ADC2_StartConversion    0x00db8a    0x5  Code  Gb  stm8s_adc2.o [1]
ADC_Init                0x00d33f   0x20  Code  Gb  ADC.o [1]
AF_Mute_Init            0x00da4c    0xc  Code  Gb  McuConfig.o [1]
AUDIO_IOAFMUT           0x00d531   0x17  Code  Gb  McuConfig.o [1]
AUDIO_IOAFPOW           0x00d548   0x17  Code  Gb  McuConfig.o [1]
AWU_IRQHandler          0x00dbfc    0x1  Code  Gb  stm8s_it.o [1]
AkeyvolumeCount         0x00155f    0x1  Data  Gb  ApiKeyboard.o [1]
AlarmCount              0x00159d    0x1  Data  Gb  Task.o [1]
ApiAtCmd_100msRenew     0x009a6a   0x7b  Code  Gb  ApiAtCmd.o [1]
ApiAtCmd_10msRenew      0x00b87d   0xaf  Code  Gb  ApiAtCmd.o [1]
ApiAtCmd_GetGroupName   0x00d886   0x11  Code  Gb  ApiPocCmd.o [1]
ApiAtCmd_GetGroupNameLen
                        0x00d6c8   0x12  Code  Gb  ApiPocCmd.o [1]
ApiAtCmd_GetGroupNum    0x00dbb3    0x4  Code  Gb  ApiPocCmd.o [1]
ApiAtCmd_GetLoginState  0x00dab1    0xa  Code  Gb  ApiPocCmd.o [1]
ApiAtCmd_GetMainGroupId
                        0x00dbbb    0x4  Code  Gb  ApiPocCmd.o [1]
ApiAtCmd_GetMainUserId  0x00dbbf    0x4  Code  Gb  ApiPocCmd.o [1]
ApiAtCmd_GetMainWorkName
                        0x00dbab    0x4  Code  Gb  ApiPocCmd.o [1]
ApiAtCmd_GetMainWorkNameLen
                        0x00dbaf    0x4  Code  Gb  ApiPocCmd.o [1]
ApiAtCmd_GetUserName    0x00d897   0x11  Code  Gb  ApiPocCmd.o [1]
ApiAtCmd_GetUserNameLen
                        0x00d6da   0x12  Code  Gb  ApiPocCmd.o [1]
ApiAtCmd_GetUserNum     0x00dbb7    0x4  Code  Gb  ApiPocCmd.o [1]
ApiAtCmd_PlayVoice      0x00c38a   0x68  Code  Gb  ApiAtCmd.o [1]
ApiAtCmd_WritCommand    0x0098cb  0x152  Code  Gb  ApiAtCmd.o [1]
ApiCaretCmd_10msRenew   0x00ab51  0x111  Code  Gb  ApiAtCmd.o [1]
ApiPocCmd_10msRenew     0x0092fe  0x2f4  Code  Gb  ApiPocCmd.o [1]
ApiPocCmd_WritCommand   0x00a538  0x14a  Code  Gb  ApiPocCmd.o [1]
ApiPocCmd_user_info_set
                        0x00b4c6   0xd4  Code  Gb  ApiPocCmd.o [1]
AtCmdDrvobj             0x00138f   0x77  Data  Lc  ApiAtCmd.o [1]
AtCmd_NetParamCode      0x009a1d   0x4d  Code  Lc  ApiAtCmd.o [1]
AtNotify_Queue          0x008118   0x4c  Code  Lc  DrvGD83.o [1]
AtNotify_Queue_Start    0x008164   0x55  Code  Lc  DrvGD83.o [1]
BEEP_Interrupt10ms      0x00d48a   0x1a  Code  Gb  Beep.o [1]
BEEP_PowerOnInitial     0x009235   0xc9  Code  Gb  Beep.o [1]
BEEP_SetOutput          0x009004  0x231  Code  Gb  Beep.o [1]
BEEP_Time               0x00cdf1   0x32  Code  Gb  Beep.o [1]
BaseAdd                 0x00157b   0x20  Data  Gb  DrvGT20L16S1Y.o [1]
BeepDrvObj              0x0014ee   0x12  Data  Lc  Beep.o [1]
BitTab                  0x00db27    0x8  Data  Gb  ApiDisplay.o [1]
BootProcess_PPPCFG_Flag
                        0x00152b    0x1  Data  Gb  ApiAtCmd.o [1]
BootProcess_PPPCFG_Flag_Zanshi
                        0x00153a    0x1  Data  Gb  ApiAtCmd.o [1]
BootProcess_SIMST_Flag  0x00152a    0x1  Data  Gb  ApiAtCmd.o [1]
CHAR_HIGH               0x00d8c8   0x10  Data  Gb  ApiDisplay.o [1]
CHAR_WIDTH              0x00d8d8   0x10  Data  Gb  ApiDisplay.o [1]
CLK_ClockSwitchConfig   0x00bb2c   0xa2  Code  Gb  stm8s_clk.o [1]
CLK_GetClockFreq        0x00c628   0x57  Code  Gb  stm8s_clk.o [1]
CLK_HSIPrescalerConfig  0x00d66b   0x13  Code  Gb  stm8s_clk.o [1]
CLK_IRQHandler          0x00dbfd    0x1  Code  Gb  stm8s_it.o [1]
COML_AscToHex           0x00b314   0xdb  Code  Gb  CommonLib.o [1]
CSQ_Flag                0x00152d    0x1  Data  Gb  ApiAtCmd.o [1]
CSTACK$$Base            0x001600          --   Gb  - Linker created -
CSTACK$$Limit           0x001800          --   Gb  - Linker created -
C_TEST_OUT_SET          0x00da64    0xc  Code  Gb  McuConfig.o [1]
CaretNotify_Queue       0x008080   0x4c  Code  Lc  DrvGD83.o [1]
CaretNotify_Queue_Start
                        0x00820e   0x55  Code  Lc  DrvGD83.o [1]
DEL_100msProcess        0x00bd1e   0x4a  Code  Lc  Delay.o [1]
DEL_10msProcess         0x00bd68   0x19  Code  Lc  Delay.o [1]
DEL_1msProcess          0x00bd81    0x9  Code  Lc  Delay.o [1]
DEL_500msProcess        0x00bd00   0x1e  Code  Lc  Delay.o [1]
DEL_GetTimer            0x00c67f   0x54  Code  Gb  Delay.o [1]
DEL_Interrupt           0x00ba8a   0xa2  Code  Gb  Delay.o [1]
DEL_PowerOnInitial      0x00d3bf   0x1f  Code  Gb  Delay.o [1]
DEL_Renew               0x00bd8a    0xc  Code  Gb  Delay.o [1]
DEL_SetTimer            0x00c1d2   0x73  Code  Gb  Delay.o [1]
DEL_Soft1ms             0x00d438   0x1c  Code  Gb  Delay.o [1]
DEL_TimerRenew          0x00d045   0x28  Code  Lc  Delay.o [1]
DISP_DataBuf            0x00b59a   0xc5  Code  Lc  ApiDisplay.o [1]
DISP_MulTypePro         0x00b7cb   0xb2  Code  Lc  ApiDisplay.o [1]
Dec2Hex                 0x00c7c6   0x4e  Code  Gb  CommonLib.o [1]
DefaultSystemClockForHSI
                        0x00d46f   0x1b  Code  Gb  sysclock.o [1]
DelDrvObj               0x001512    0xb  Data  Lc  Delay.o [1]
Delay_100ms             0x00cbb7   0x40  Code  Gb  Task.o [1]
DisDataBit              0x00149a   0x40  Data  Gb  ApiDisplay.o [1]
DisDataBuf              0x00118f  0x200  Data  Gb  ApiDisplay.o [1]
DrvGD83DrvObj           0x000f05  0x28a  Data  Lc  DrvGD83.o [1]
DrvGD83_Init            0x00d4bc   0x18  Code  Gb  McuConfig.o [1]
DrvGD83_UART_TxCommand  0x00c158   0x7a  Code  Gb  DrvGD83.o [1]
DrvMC8332_AtNotify_Queue_front
                        0x00c98c   0x49  Code  Gb  DrvGD83.o [1]
DrvMC8332_CaretNotify_Queue_front
                        0x00c943   0x49  Code  Gb  DrvGD83.o [1]
DrvMC8332_PocNotify_Queue_front
                        0x00c9d5   0x49  Code  Gb  DrvGD83.o [1]
DrvMC8332_Software_Initial
                        0x00cc75   0x3d  Code  Gb  DrvGD83.o [1]
DrvMC8332_TxPort_SetValidable
                        0x00cf6e   0x2c  Code  Gb  DrvGD83.o [1]
DrvMC8332_UART_Interrupt
                        0x0084cd  0x3bc  Code  Gb  DrvGD83.o [1]
DrvMc8332_UART_TxTail   0x00b233   0xe1  Code  Gb  DrvGD83.o [1]
EEPROM_EEC_IRQHandler   0x00dc0e    0x1  Code  Gb  stm8s_it.o [1]
EXTI_PORTA_IRQHandler   0x00dbfe    0x1  Code  Gb  stm8s_it.o [1]
EXTI_PORTB_IRQHandler   0x00dbff    0x1  Code  Gb  stm8s_it.o [1]
EXTI_PORTC_IRQHandler   0x00dc00    0x1  Code  Gb  stm8s_it.o [1]
EXTI_PORTD_IRQHandler   0x00dc01    0x1  Code  Gb  stm8s_it.o [1]
EXTI_PORTE_IRQHandler   0x00dc02    0x1  Code  Gb  stm8s_it.o [1]
FILE_Read               0x00caf1   0x43  Code  Gb  Flash_eeprom.o [1]
FILE_Write              0x00caae   0x43  Code  Gb  Flash_eeprom.o [1]
FLASH_EraseOptionByte   0x00d095   0x27  Code  Gb  stm8s_flash.o [1]
FLASH_GetFlagStatus     0x00d5f7   0x14  Code  Gb  stm8s_flash.o [1]
FLASH_Lock              0x00db70    0x7  Code  Gb  stm8s_flash.o [1]
FLASH_ProgramByte       0x00db8f    0x5  Code  Gb  stm8s_flash.o [1]
FLASH_ProgramOptionByte
                        0x00d22f   0x24  Code  Gb  stm8s_flash.o [1]
FLASH_ReadByte          0x00db94    0x5  Code  Gb  stm8s_flash.o [1]
FLASH_Unlock            0x00d58d   0x16  Code  Gb  stm8s_flash.o [1]
FLASH_WaitForLastOperation
                        0x00cce8   0x36  Code  Gb  stm8s_flash.o [1]
GD83_ON                 0x00d4d4   0x18  Code  Gb  McuConfig.o [1]
GPIO_Init               0x00b9db   0xaf  Code  Gb  stm8s_gpio.o [1]
GPIO_ReadInputPin       0x00db0d    0x9  Code  Gb  stm8s_gpio.o [1]
GPIO_WriteHigh          0x00db77    0x7  Code  Gb  stm8s_gpio.o [1]
GPIO_WriteLow           0x00dbc3    0x4  Code  Gb  stm8s_gpio.o [1]
GT20_DelTime            0x00d5e3   0x14  Code  Lc  DrvGT20L16S1Y.o [1]
GT20_GetData            0x00c4ba   0x5f  Code  Lc  DrvGT20L16S1Y.o [1]
GT20_GetDisData         0x00ccb2   0x36  Code  Lc  DrvGT20L16S1Y.o [1]
GT20_SendByte           0x00c5ce   0x5a  Code  Lc  DrvGT20L16S1Y.o [1]
GT20_SendCommand        0x00c862   0x4c  Code  Lc  DrvGT20L16S1Y.o [1]
GetPersonalCallingMode  0x00d989    0xe  Code  Gb  ApiPocCmd.o [1]
GetPlayState            0x00dabb    0xa  Code  Gb  ApiPocCmd.o [1]
GetTaskId               0x00dbd7    0x4  Code  Gb  System.o [1]
GpsNotify_Queue         0x008451   0x7c  Code  Lc  DrvGD83.o [1]
GpsNotify_Queue_Start   0x008263   0x99  Code  Lc  DrvGD83.o [1]
GroupCallingNum         0x001566    0x1  Data  Gb  ApiKeyboard.o [1]
HSE_ClockStartUpConfiguration
                        0x00ceb6   0x30  Code  Lc  sysclock.o [1]
HSIDivFactor            0x00dba3    0x4  Data  Gb  stm8s_clk.o [1]
HexToChar_GroupCallingNum
                        0x00d37f   0x20  Code  Gb  ApiPocCmd.o [1]
HexToChar_MainGroupId   0x00d35f   0x20  Code  Gb  ApiPocCmd.o [1]
HexToChar_MainUserId    0x00d2df   0x21  Code  Gb  ApiPocCmd.o [1]
HexToChar_PersonalCallingNum
                        0x00d2bd   0x22  Code  Gb  ApiPocCmd.o [1]
HtgDrvObj               0x001527    0x2  Data  Lc  DrvHTG12832.o [1]
I2C_IRQHandler          0x00dc0a    0x1  Code  Gb  stm8s_it.o [1]
INTVEC$$Base            0x008000          --   Gb  - Linker created -
INTVEC$$Limit           0x008080          --   Gb  - Linker created -
ITC_SetSoftwarePriority
                        0x00ae6b  0x101  Code  Gb  stm8s_itc.o [1]
Ico_DataBuf             0x008889  0x400  Data  Gb  ApiDisplay.o [1]
KEY_TABLE               0x00dbe2    0x3  Data  Lc  uart3.o [1]
KeyDownUpChoose_GroupOrUser_Flag
                        0x00152e    0x1  Data  Gb  ApiAtCmd.o [1]
KeyPersonalCallingCount
                        0x001531    0x1  Data  Gb  ApiKeyboard.o [1]
KeyUpDownCount          0x001530    0x1  Data  Gb  ApiKeyboard.o [1]
Key_Flag_0              0x001537    0x1  Data  Gb  Task.o [1]
Key_Flag_1              0x001532    0x1  Data  Gb  ApiKeyboard.o [1]
Key_Init                0x00ce86   0x30  Code  Gb  McuConfig.o [1]
Key_PersonalCalling_Flag
                        0x001538    0x1  Data  Gb  Task.o [1]
Keyboard_Test           0x008c89  0x37b  Code  Gb  ApiKeyboard.o [1]
LED_Conut               0x001533    0x1  Data  Gb  ApiLED.o [1]
LED_Init                0x00d1e7   0x24  Code  Gb  McuConfig.o [1]
LED_IntOutputRenew      0x00c519   0x5b  Code  Gb  ApiLED.o [1]
LowVoltageDetection     0x00b05e   0xf0  Code  Gb  ADC.o [1]
LowVoltageDetection_Flag
                        0x001529    0x1  Data  Gb  ADC.o [1]
MIC_GPIO_Init           0x00da40    0xc  Code  Gb  McuConfig.o [1]
MIC_IOMUT               0x00d51a   0x17  Code  Gb  McuConfig.o [1]
NoUseNum                0x001536    0x1  Data  Gb  Task.o [1]
Noise_Mute_Init         0x00da58    0xc  Code  Gb  McuConfig.o [1]
Notify_Queue_Stop       0x0082fc  0x155  Code  Lc  DrvGD83.o [1]
OneChannelGetADValue    0x00d277   0x23  Code  Lc  ADC.o [1]
PAS_NULLTBL             0x00d8e8   0x10  Data  Lc  uart3.o [1]
POC_GetGroupInformationFlag
                        0x001534    0x1  Data  Gb  ApiPocCmd.o [1]
POC_TABLE               0x00dbe5    0x3  Data  Lc  uart3.o [1]
PasObj                  0x001523    0x4  Data  Lc  uart3.o [1]
PersonalCallingNum      0x00152f    0x1  Data  Gb  ApiKeyboard.o [1]
PocCmdDrvobj            0x000010  0xef5  Data  Lc  ApiPocCmd.o [1]
PocNotify_Queue         0x0080cc   0x4c  Code  Lc  DrvGD83.o [1]
PocNotify_Queue_Start   0x0081b9   0x55  Code  Lc  DrvGD83.o [1]
ReadBuffer              0x001406   0x50  Data  Gb  ApiPocCmd.o [1]
Region$$Table$$Base     0x00d321          --   Gb  - Linker created -
Region$$Table$$Limit    0x00d33f          --   Gb  - Linker created -
SPI_IRQHandler          0x00dc03    0x1  Code  Gb  stm8s_it.o [1]
SetTaskId               0x00dbdb    0x4  Code  Gb  System.o [1]
Set_GreenLed            0x00d4ec   0x17  Code  Gb  McuConfig.o [1]
Set_RedLed              0x00d503   0x17  Code  Gb  McuConfig.o [1]
SystemClock_Init        0x00d0bc   0x27  Code  Gb  sysclock.o [1]
TASK_RunLoBattery       0x00d0e3   0x26  Code  Gb  Task.o [1]
TASK_WriteFreq          0x00dbeb    0x3  Code  Gb  Task.o [1]
TIM1_CAP_COM_IRQHandler
                        0x00dc05    0x1  Code  Gb  stm8s_it.o [1]
TIM1_CCxCmd             0x00cb34   0x43  Code  Gb  stm8s_tim1.o [1]
TIM1_Cmd                0x00d9d9    0xd  Code  Gb  stm8s_tim1.o [1]
TIM1_CtrlPWMOutputs     0x00d9e6    0xd  Code  Gb  stm8s_tim1.o [1]
TIM1_DeInit             0x00bbce   0x99  Code  Gb  stm8s_tim1.o [1]
TIM1_OC1Init            0x00c459   0x61  Code  Gb  stm8s_tim1.o [1]
TIM1_OC1PreloadConfig   0x00d9f3    0xd  Code  Gb  stm8s_tim1.o [1]
TIM1_PWM_Init           0x00c814   0x4e  Code  Gb  Tone.o [1]
TIM1_TimeBaseInit       0x00d253   0x24  Code  Gb  stm8s_tim1.o [1]
TIM1_UPD_OVF_TRG_BRK_IRQHandler
                        0x00dc04    0x1  Code  Gb  stm8s_it.o [1]
TIM2_CAP_COM_IRQHandler
                        0x00dc07    0x1  Code  Gb  stm8s_it.o [1]
TIM2_UPD_OVF_BRK_IRQHandler
                        0x00dc06    0x1  Code  Gb  stm8s_it.o [1]
TIM3_ARRPreloadConfig   0x00da0d    0xd  Code  Gb  stm8s_tim3.o [1]
TIM3_CAP_COM_IRQHandler
                        0x00dc08    0x1  Code  Gb  stm8s_it.o [1]
TIM3_ClearITPendingBit  0x00db99    0x5  Code  Gb  stm8s_tim3.o [1]
TIM3_Cmd                0x00da00    0xd  Code  Gb  stm8s_tim3.o [1]
TIM3_ITConfig           0x00d67e   0x13  Code  Gb  stm8s_tim3.o [1]
TIM3_PrescalerConfig    0x00db16    0x9  Code  Gb  stm8s_tim3.o [1]
TIM3_TimeBaseInit       0x00da70    0xc  Code  Gb  stm8s_tim3.o [1]
TIM3_UPD_OVF_BRK_IRQHandler
                        0x00d454   0x1b  Code  Gb  stm8s_it.o [1]
TIM4_UPD_OVF_IRQHandler
                        0x00dc0d    0x1  Code  Gb  stm8s_it.o [1]
TLI_IRQHandler          0x00dbfb    0x1  Code  Gb  stm8s_it.o [1]
TONE_PowerOnInitial     0x00c3f2   0x67  Code  Gb  Tone.o [1]
TONE_Start              0x00d2a2   0x1b  Code  Gb  Tone.o [1]
TONE_Stop               0x00d29a    0x8  Code  Gb  Tone.o [1]
TRAP_IRQHandler         0x00dbfa    0x1  Code  Gb  stm8s_it.o [1]
TaskDrvObj              0x0014da   0x14  Data  Lc  System.o [1]
Task_RunNormalOperation
                        0x0095f2  0x2d9  Code  Gb  Task.o [1]
Task_RunStart           0x009ee5  0x1ad  Code  Gb  Task.o [1]
Tim3_Timer_Init         0x00d20b   0x24  Code  Gb  McuConfig.o [1]
TimeVal                 0x001573    0x8  Data  Gb  DrvGT20L16S1Y.o [1]
ToneDrvObj              0x001500   0x12  Data  Lc  Tone.o [1]
UART1_Cmd               0x00da1a    0xd  Code  Gb  stm8s_uart1.o [1]
UART1_DeInit            0x00cf15   0x2d  Code  Gb  stm8s_uart1.o [1]
UART1_GetFlagStatus     0x00ce23   0x32  Code  Gb  stm8s_uart1.o [1]
UART1_GetITStatus       0x00be28   0x90  Code  Gb  stm8s_uart1.o [1]
UART1_ITConfig          0x00c31e   0x6c  Code  Gb  stm8s_uart1.o [1]
UART1_Init              0x00a8f1  0x134  Code  Gb  stm8s_uart1.o [1]
UART1_RX_IRQHandler     0x00d39f   0x20  Code  Gb  stm8s_it.o [1]
UART1_ReceiveData8      0x00dbc7    0x4  Code  Gb  stm8s_uart1.o [1]
UART1_SendData8         0x00dbcb    0x4  Code  Gb  stm8s_uart1.o [1]
UART1_TX_IRQHandler     0x00dc09    0x1  Code  Gb  stm8s_it.o [1]
UART3_Cmd               0x00da27    0xd  Code  Gb  stm8s_uart3.o [1]
UART3_DeInit            0x00d178   0x25  Code  Gb  stm8s_uart3.o [1]
UART3_GetFlagStatus     0x00ca1e   0x49  Code  Gb  stm8s_uart3.o [1]
UART3_GetITStatus       0x00b717   0xb4  Code  Gb  stm8s_uart3.o [1]
UART3_ITConfig          0x00bf46   0x8c  Code  Gb  stm8s_uart3.o [1]
UART3_Init              0x00ac62  0x105  Code  Gb  stm8s_uart3.o [1]
UART3_Interrupt         0x00d5ce   0x15  Code  Gb  uart3.o [1]
UART3_RX_IRQHandler     0x00d5a3   0x16  Code  Gb  stm8s_it.o [1]
UART3_ReceiveData8      0x00dbcf    0x4  Code  Gb  stm8s_uart3.o [1]
UART3_SendByte          0x00d997    0xe  Code  Gb  uart3.o [1]
UART3_SendData8         0x00dbd3    0x4  Code  Gb  stm8s_uart3.o [1]
UART3_TX_IRQHandler     0x00dc0b    0x1  Code  Gb  stm8s_it.o [1]
UART3_ToMcuMain         0x00cc37   0x3e  Code  Gb  uart3.o [1]
UART_Delay              0x00d6ec   0x12  Code  Lc  uart3.o [1]
UART_ErrorAck           0x00c8e4   0x15  Code  Lc  uart3.o [1]
UART_GetCheckSum        0x00beb8   0x2d  Code  Lc  uart3.o [1]
UART_KeyCommand         0x00ad67  0x104  Code  Lc  uart3.o [1]
UART_Link               0x00bee5   0x61  Code  Lc  uart3.o [1]
UART_PasCommand         0x00a092  0x1aa  Code  Lc  uart3.o [1]
UART_PocCommand         0x00c726   0x50  Code  Lc  uart3.o [1]
UART_RightAck           0x00c245   0x6d  Code  Lc  uart3.o [1]
UART_RxFrame            0x00c776   0x50  Code  Lc  uart3.o [1]
UART_TxSend             0x00c8ae   0x36  Code  Lc  uart3.o [1]
UART_WriteCommand       0x00b65f   0xb8  Code  Lc  uart3.o [1]
Uart1_Init              0x00d01b   0x2a  Code  Gb  McuConfig.o [1]
Uart3_Init              0x00cd89   0x35  Code  Gb  uart3.o [1]
UartDrvObj              0x001456   0x44  Data  Lc  uart3.o [1]
VOICE_1sProcess         0x00d934    0xf  Code  Gb  Voice.o [1]
VOICE_Renew             0x00bc67   0x70  Code  Gb  Voice.o [1]
VOICE_SetOutput         0x00bcd7   0x29  Code  Gb  Voice.o [1]
VoiceDrvObj             0x00151d    0x6  Data  Lc  Voice.o [1]
VoiceEnd_Flag           0x00152c    0x1  Data  Gb  ApiAtCmd.o [1]
WRITE_TABLE             0x00dba7    0x4  Data  Lc  uart3.o [1]
WriteEEPROMByte         0x00cd54   0x35  Code  Gb  Flash_eeprom.o [1]
__DebugBreak            0x00dc0f    0x1  Code  Gb  __dbg_break.o [3]
__exit                  0x00d60b   0x14  Code  Gb  __dbg_xxexit.o [3]
__iar_copy_init2        0x00d06d         Code  Gb  init_small.o [4]
__iar_data_init2        0x00d576   0x17  Code  Gb  init.o [4]
__iar_program_start     0x00d691         Code  Gb  cstartup.o [4]
__iar_unhandled_exception
                        0x00dbf7         Code  Gb  unhandled_exception.o [4]
__iar_zero_init2        0x00d3fd         Code  Gb  init_small.o [4]
__intvec                0x008000         Data  Gb  interrupt.o [4]
__low_level_init        0x00dbf1    0x3  Code  Gb  low_level_init.o [4]
_exit                   0x00db9e         Code  Gb  cexit.o [4]
_interrupt_1            0x00dbfa         Code  Gb  stm8s_it.o [1]
_interrupt_12           0x00dc03         Code  Gb  stm8s_it.o [1]
_interrupt_13           0x00dc04         Code  Gb  stm8s_it.o [1]
_interrupt_14           0x00dc05         Code  Gb  stm8s_it.o [1]
_interrupt_15           0x00dc06         Code  Gb  stm8s_it.o [1]
_interrupt_16           0x00dc07         Code  Gb  stm8s_it.o [1]
_interrupt_17           0x00d454         Code  Gb  stm8s_it.o [1]
_interrupt_18           0x00dc08         Code  Gb  stm8s_it.o [1]
_interrupt_19           0x00dc09         Code  Gb  stm8s_it.o [1]
_interrupt_2            0x00dbfb         Code  Gb  stm8s_it.o [1]
_interrupt_20           0x00d39f         Code  Gb  stm8s_it.o [1]
_interrupt_21           0x00dc0a         Code  Gb  stm8s_it.o [1]
_interrupt_22           0x00dc0b         Code  Gb  stm8s_it.o [1]
_interrupt_23           0x00d5a3         Code  Gb  stm8s_it.o [1]
_interrupt_24           0x00dc0c         Code  Gb  stm8s_it.o [1]
_interrupt_25           0x00dc0d         Code  Gb  stm8s_it.o [1]
_interrupt_26           0x00dc0e         Code  Gb  stm8s_it.o [1]
_interrupt_3            0x00dbfc         Code  Gb  stm8s_it.o [1]
_interrupt_4            0x00dbfd         Code  Gb  stm8s_it.o [1]
_interrupt_5            0x00dbfe         Code  Gb  stm8s_it.o [1]
_interrupt_6            0x00dbff         Code  Gb  stm8s_it.o [1]
_interrupt_7            0x00dc00         Code  Gb  stm8s_it.o [1]
_interrupt_8            0x00dc01         Code  Gb  stm8s_it.o [1]
_interrupt_9            0x00dc02         Code  Gb  stm8s_it.o [1]
api_diap_ico_pos_get    0x00c574   0x5a  Code  Gb  ApiDisplay.o [1]
api_disp_all_screen_refresh
                        0x00c8f9   0x4a  Code  Gb  ApiDisplay.o [1]
api_disp_char_output    0x00d5b9   0x15  Code  Gb  ApiDisplay.o [1]
api_disp_ico_output     0x00b92c   0xaf  Code  Gb  ApiDisplay.o [1]
api_disp_icoid_output   0x00bd96   0x92  Code  Gb  ApiDisplay.o [1]
api_lcd_pwr_on_hint     0x00cfc6   0x2b  Code  Gb  ApiDisplay.o [1]
api_lcd_pwr_on_hint2    0x00cf42   0x2c  Code  Gb  ApiDisplay.o [1]
api_poc_command_set     0x00b3ef   0xd7  Code  Gb  uart3.o [1]
drv_gt20_data_output    0x00a23c  0x19a  Code  Gb  DrvGT20L16S1Y.o [1]
drv_gt20_pwr_on_init    0x00cdee    0x3  Code  Gb  DrvGT20L16S1Y.o [1]
drv_htg_clr_allscr      0x009c03   0x31  Code  Gb  DrvHTG12832.o [1]
drv_htg_pwr_on_init     0x009cf5    0x9  Code  Gb  DrvHTG12832.o [1]
drv_htg_reset           0x009ae5    0x5  Code  Gb  DrvHTG12832.o [1]
drv_htg_set_address     0x009b59   0x3b  Code  Gb  DrvHTG12832.o [1]
drv_htg_write_command   0x009aea   0x6f  Code  Gb  DrvHTG12832.o [1]
drv_htg_write_data      0x009b94   0x6f  Code  Gb  DrvHTG12832.o [1]
drv_keypad_scan         0x009cfe  0x1e7  Code  Gb  DrvKeyboard.o [1]
exit                    0x00dbf4    0x3  Code  Gb  exit.o [4]
get_key_value           0x00b14e   0xe5  Code  Gb  ApiKeyboard.o [1]
htg_delay_ms            0x009c34   0x1e  Code  Lc  DrvHTG12832.o [1]
htg_initial             0x009c52   0x5b  Code  Lc  DrvHTG12832.o [1]
key_scan_board          0x00a682  0x139  Code  Gb  DrvKeyboard.o [1]
main                    0x00dbe8    0x3  Code  Gb  main.o [1]
main_app                0x00af6c   0xf2  Code  Gb  System.o [1]
mcu_gt20_initial        0x00cdbe   0x30  Code  Lc  DrvGT20L16S1Y.o [1]
mcu_key_pad_out         0x00bfd2   0x8a  Code  Gb  DrvKeyboard.o [1]
mcu_key_pad_read        0x00c2b2   0x6c  Code  Gb  DrvKeyboard.o [1]
mcu_key_pad_set         0x00a7bb  0x136  Code  Gb  DrvKeyboard.o [1]
mcu_lcd_initial         0x009cad   0x48  Code  Lc  DrvHTG12832.o [1]
memcmp                  0x00cd1e   0x36  Code  Gb  memcmp.o [4]
memcpy                  0x00d19d   0x25  Code  Gb  memcpy.o [4]
memset                  0x00d55f   0x17  Code  Gb  memset.o [4]
strlen                  0x00d6fe   0x12  Code  Gb  strlen.o [4]
ucAtPocHead             0x001567    0x2  Data  Gb  ApiPocCmd.o [1]
ucCLVL                  0x0015a4    0x2  Data  Gb  Task.o [1]
ucCODECCTL              0x0015a8    0x2  Data  Gb  Task.o [1]
ucCSQ                   0x0015b0    0x2  Data  Gb  Task.o [1]
ucCaretPPPCFG           0x001547    0x2  Data  Gb  ApiAtCmd.o [1]
ucCheckCard             0x00155d    0x2  Data  Gb  ApiAtCmd.o [1]
ucCheckPPP              0x001555    0x2  Data  Gb  ApiAtCmd.o [1]
ucCheckRssi             0x00155b    0x2  Data  Gb  ApiAtCmd.o [1]
ucCheckTcp              0x00154b    0x2  Data  Gb  ApiAtCmd.o [1]
ucEndPTT                0x0015a0    0x2  Data  Gb  Task.o [1]
ucGD83Reset             0x00159b    0x2  Data  Gb  System.o [1]
ucOSSYSHWID             0x0015aa    0x2  Data  Gb  Task.o [1]
ucPPPCFG                0x0015b2    0x2  Data  Gb  Task.o [1]
ucPlayZtts              0x001549    0x2  Data  Gb  ApiAtCmd.o [1]
ucPocOpenConfig         0x0015b6    0x2  Data  Gb  Task.o [1]
ucPrefmode2             0x0015ac    0x2  Data  Gb  Task.o [1]
ucPrefmode4             0x0015ae    0x2  Data  Gb  Task.o [1]
ucQuitPersonalCalling   0x001564    0x2  Data  Gb  ApiKeyboard.o [1]
ucRequestUserListInfo   0x0015a2    0x2  Data  Gb  Task.o [1]
ucRxCSQ31               0x00153f    0x2  Data  Gb  ApiAtCmd.o [1]
ucRxCSQ99               0x001541    0x2  Data  Gb  ApiAtCmd.o [1]
ucRxCheckCard           0x00153b    0x2  Data  Gb  ApiAtCmd.o [1]
ucRxCheckPppClose       0x001559    0x2  Data  Gb  ApiAtCmd.o [1]
ucRxCheckPppOpen        0x001557    0x2  Data  Gb  ApiAtCmd.o [1]
ucRxCheckTcp            0x001551    0x2  Data  Gb  ApiAtCmd.o [1]
ucRxOkHeadInfo          0x00156f    0x2  Data  Gb  DrvGD83.o [1]
ucRxPocHeadInfo         0x00156d    0x2  Data  Gb  DrvGD83.o [1]
ucRxTcpDataHeadInfo     0x001571    0x2  Data  Gb  DrvGD83.o [1]
ucRxZTTS0               0x00153d    0x2  Data  Gb  ApiAtCmd.o [1]
ucSIMST1                0x001543    0x2  Data  Gb  ApiAtCmd.o [1]
ucSIMST255              0x001545    0x2  Data  Gb  ApiAtCmd.o [1]
ucSendTcp               0x00154f    0x2  Data  Gb  ApiAtCmd.o [1]
ucSetIPAndID            0x001569    0x2  Data  Gb  ApiPocCmd.o [1]
ucSetIp                 0x00154d    0x2  Data  Gb  ApiAtCmd.o [1]
ucStartPTT              0x00159e    0x2  Data  Gb  Task.o [1]
ucTxPocHeadInfo         0x00156b    0x2  Data  Gb  DrvGD83.o [1]
ucVGR                   0x0015a6    0x2  Data  Gb  Task.o [1]
ucVGR1                  0x001560    0x2  Data  Gb  ApiKeyboard.o [1]
ucVGR7                  0x001562    0x2  Data  Gb  ApiKeyboard.o [1]
ucZTTS_Abell            0x0015b4    0x2  Data  Gb  Task.o [1]
ucZpppOpen              0x001553    0x2  Data  Gb  ApiAtCmd.o [1]
x                       0x001539    0x1  Data  Gb  Task.o [1]


[1] = E:\1-source\A508\PRJ\Debug\Obj
[2] = command line
[3] = dbgstm8smd.a
[4] = dlstm8smn.a

  20 989 bytes of readonly  code memory
   2 579 bytes of readonly  data memory
   6 072 bytes of readwrite data memory

Errors: none
Warnings: none
