###############################################################################
#
# IAR ELF Linker V2.20.1.176 for STM8                     23/Dec/2017  15:12:37
# Copyright 2010-2015 IAR Systems AB.
#
#    Output file  =  E:\1-source\A508\PRJ\Debug\Exe\A508_DEMO1.out
#    Map file     =  E:\1-source\A508\PRJ\Debug\List\A508_DEMO1.map
#    Command line =  
#        E:\1-source\A508\PRJ\Debug\Obj\ApiAtCmd.o
#        E:\1-source\A508\PRJ\Debug\Obj\ApiDisplay.o
#        E:\1-source\A508\PRJ\Debug\Obj\ApiGpsCmd.o
#        E:\1-source\A508\PRJ\Debug\Obj\ApiKeyboard.o
#        E:\1-source\A508\PRJ\Debug\Obj\ApiLED.o
#        E:\1-source\A508\PRJ\Debug\Obj\ApiPocCmd.o
#        E:\1-source\A508\PRJ\Debug\Obj\Beep.o
#        E:\1-source\A508\PRJ\Debug\Obj\CommonLib.o
#        E:\1-source\A508\PRJ\Debug\Obj\Delay.o
#        E:\1-source\A508\PRJ\Debug\Obj\DrvGD83.o
#        E:\1-source\A508\PRJ\Debug\Obj\DrvGT20L16S1Y.o
#        E:\1-source\A508\PRJ\Debug\Obj\DrvHTG12832.o
#        E:\1-source\A508\PRJ\Debug\Obj\DrvKeyboard.o
#        E:\1-source\A508\PRJ\Debug\Obj\Flash_eeprom.o
#        E:\1-source\A508\PRJ\Debug\Obj\main.o
#        E:\1-source\A508\PRJ\Debug\Obj\McuConfig.o
#        E:\1-source\A508\PRJ\Debug\Obj\stm8s_adc2.o
#        E:\1-source\A508\PRJ\Debug\Obj\stm8s_awu.o
#        E:\1-source\A508\PRJ\Debug\Obj\stm8s_beep.o
#        E:\1-source\A508\PRJ\Debug\Obj\stm8s_clk.o
#        E:\1-source\A508\PRJ\Debug\Obj\stm8s_exti.o
#        E:\1-source\A508\PRJ\Debug\Obj\stm8s_flash.o
#        E:\1-source\A508\PRJ\Debug\Obj\stm8s_gpio.o
#        E:\1-source\A508\PRJ\Debug\Obj\stm8s_i2c.o
#        E:\1-source\A508\PRJ\Debug\Obj\stm8s_it.o
#        E:\1-source\A508\PRJ\Debug\Obj\stm8s_itc.o
#        E:\1-source\A508\PRJ\Debug\Obj\stm8s_iwdg.o
#        E:\1-source\A508\PRJ\Debug\Obj\stm8s_rst.o
#        E:\1-source\A508\PRJ\Debug\Obj\stm8s_spi.o
#        E:\1-source\A508\PRJ\Debug\Obj\stm8s_tim1.o
#        E:\1-source\A508\PRJ\Debug\Obj\stm8s_tim2.o
#        E:\1-source\A508\PRJ\Debug\Obj\stm8s_tim3.o
#        E:\1-source\A508\PRJ\Debug\Obj\stm8s_tim4.o
#        E:\1-source\A508\PRJ\Debug\Obj\stm8s_uart1.o
#        E:\1-source\A508\PRJ\Debug\Obj\stm8s_uart3.o
#        E:\1-source\A508\PRJ\Debug\Obj\stm8s_wwdg.o
#        E:\1-source\A508\PRJ\Debug\Obj\sysclock.o
#        E:\1-source\A508\PRJ\Debug\Obj\System.o
#        E:\1-source\A508\PRJ\Debug\Obj\Task.o
#        E:\1-source\A508\PRJ\Debug\Obj\Tone.o
#        E:\1-source\A508\PRJ\Debug\Obj\uart3.o
#        E:\1-source\A508\PRJ\Debug\Obj\Voice.o --redirect _Printf=_PrintfSmall
#        --redirect _Scanf=_ScanfSmall -o
#        E:\1-source\A508\PRJ\Debug\Exe\A508_DEMO1.out --map
#        E:\1-source\A508\PRJ\Debug\List\A508_DEMO1.map --config "C:\Program
#        Files\IAR Systems\Embedded Workbench
#        7.3\stm8\config\lnkstm8s007c8.icf" --config_def _CSTACK_SIZE=0x100
#        --config_def _HEAP_SIZE=0x100 --entry __iar_program_start --debug_lib
#
###############################################################################

*******************************************************************************
*** RUNTIME MODEL ATTRIBUTES
***

__SystemLibrary            = DLib
__code_model               = small
__core                     = stm8
__data_model               = medium
__dlib_file_descriptor     = 0
__dlib_full_locale_support = 0
__rt_version               = 4


*******************************************************************************
*** PLACEMENT SUMMARY
***

"A1":  place at start of [0x000000-0x0000ff] { rw section .vregs };
"A2":  place at end of [0x000000-0x0017ff] { block CSTACK };
"P2":  place in [from 0x000000 to 0x0017ff] {
          block HEAP, rw section __DLIB_PERTHREAD, rw section .far.bss,
          rw section .far.data, rw section .far.noinit,
          rw section .far_func.textrw, rw section .huge.bss,
          rw section .huge.data, rw section .huge.noinit,
          rw section .huge_func.textrw, rw section .iar.dynexit,
          rw section .near.bss, rw section .near.data, rw section .near.noinit,
          rw section .near_func.textrw };
"A3":  place at start of [0x008000-0x00ffff] { block INTVEC };
"P3":  place in [from 0x008000 to 0x00ffff] {
          ro section __DLIB_PERTHREAD_init, ro section .far.data_init,
          ro section .far_func.textrw_init, ro section .huge.data_init,
          ro section .huge_func.textrw_init, ro section .iar.init_table,
          ro section .init_array, ro section .near.data_init,
          ro section .near.rodata, ro section .near_func.text,
          ro section .near_func.textrw_init, ro section .tiny.data_init,
          ro section .tiny.rodata_init };

  Section            Kind      Address    Size  Object
  -------            ----      -------    ----  ------
"A1":                                     0x10
  .vregs             uninit   0x000000    0x10  vregs.o [4]
                            - 0x000010    0x10

"P2", part 1 of 2:                        0x78
  P2-1                        0x000010    0x78  <Init block>
    .near.data       inited   0x000010     0x1  ApiAtCmd.o [1]
    .near.data       inited   0x000011     0x2  ApiAtCmd.o [1]
    .near.data       inited   0x000013     0x2  ApiAtCmd.o [1]
    .near.data       inited   0x000015     0x2  ApiAtCmd.o [1]
    .near.data       inited   0x000017     0x2  ApiAtCmd.o [1]
    .near.data       inited   0x000019     0x2  ApiAtCmd.o [1]
    .near.data       inited   0x00001b     0x2  ApiAtCmd.o [1]
    .near.data       inited   0x00001d     0x2  ApiAtCmd.o [1]
    .near.data       inited   0x00001f     0x2  ApiAtCmd.o [1]
    .near.data       inited   0x000021     0x2  ApiAtCmd.o [1]
    .near.data       inited   0x000023     0x2  ApiAtCmd.o [1]
    .near.data       inited   0x000025     0x2  ApiAtCmd.o [1]
    .near.data       inited   0x000027     0x2  ApiAtCmd.o [1]
    .near.data       inited   0x000029     0x2  ApiAtCmd.o [1]
    .near.data       inited   0x00002b     0x2  ApiAtCmd.o [1]
    .near.data       inited   0x00002d     0x2  ApiAtCmd.o [1]
    .near.data       inited   0x00002f     0x2  ApiAtCmd.o [1]
    .near.data       inited   0x000031     0x2  ApiAtCmd.o [1]
    .near.data       inited   0x000033     0x2  ApiAtCmd.o [1]
    .near.data       inited   0x000035     0x2  ApiKeyboard.o [1]
    .near.data       inited   0x000037     0x1  ApiKeyboard.o [1]
    .near.data       inited   0x000038     0x2  ApiPocCmd.o [1]
    .near.data       inited   0x00003a     0x2  ApiPocCmd.o [1]
    .near.data       inited   0x00003c     0x2  DrvGD83.o [1]
    .near.data       inited   0x00003e     0x2  DrvGD83.o [1]
    .near.data       inited   0x000040     0x2  DrvGD83.o [1]
    .near.data       inited   0x000042     0x2  DrvGD83.o [1]
    .near.data       inited   0x000044     0x8  DrvGT20L16S1Y.o [1]
    .near.data       inited   0x00004c    0x20  DrvGT20L16S1Y.o [1]
    .near.data       inited   0x00006c     0x2  System.o [1]
    .near.data       inited   0x00006e     0x2  Task.o [1]
    .near.data       inited   0x000070     0x2  Task.o [1]
    .near.data       inited   0x000072     0x2  Task.o [1]
    .near.data       inited   0x000074     0x2  Task.o [1]
    .near.data       inited   0x000076     0x2  Task.o [1]
    .near.data       inited   0x000078     0x2  Task.o [1]
    .near.data       inited   0x00007a     0x2  Task.o [1]
    .near.data       inited   0x00007c     0x2  Task.o [1]
    .near.data       inited   0x00007e     0x2  Task.o [1]
    .near.data       inited   0x000080     0x2  Task.o [1]
    .near.data       inited   0x000082     0x2  Task.o [1]
    .near.data       inited   0x000084     0x2  Task.o [1]
    .near.data       inited   0x000086     0x2  Task.o [1]
                            - 0x000088    0x78

"P2", part 2 of 2:                      0x1575
  .near.bss          zero     0x000088   0xef5  ApiPocCmd.o [1]
  .near.bss          zero     0x000f7d   0x28a  DrvGD83.o [1]
  .near.bss          zero     0x001207   0x200  ApiDisplay.o [1]
  .near.bss          zero     0x001407    0x77  ApiAtCmd.o [1]
  .near.bss          zero     0x00147e    0x64  ApiPocCmd.o [1]
  .near.bss          zero     0x0014e2    0x44  uart3.o [1]
  .near.bss          zero     0x001526    0x40  ApiDisplay.o [1]
  .near.bss          zero     0x001566    0x32  DrvGD83.o [1]
  .near.bss          zero     0x001598    0x14  System.o [1]
  .near.bss          zero     0x0015ac    0x12  Beep.o [1]
  .near.bss          zero     0x0015be    0x12  Tone.o [1]
  .near.bss          zero     0x0015d0     0xb  Delay.o [1]
  .near.bss          zero     0x0015db     0x6  Voice.o [1]
  .near.bss          zero     0x0015e1     0x4  ApiDisplay.o [1]
  .near.bss          zero     0x0015e5     0x4  uart3.o [1]
  .near.bss          zero     0x0015e9     0x2  ApiGpsCmd.o [1]
  .near.bss          zero     0x0015eb     0x2  DrvHTG12832.o [1]
  .near.bss          zero     0x0015ed     0x1  ApiAtCmd.o [1]
  .near.bss          zero     0x0015ee     0x1  ApiAtCmd.o [1]
  .near.bss          zero     0x0015ef     0x1  ApiAtCmd.o [1]
  .near.bss          zero     0x0015f0     0x1  ApiAtCmd.o [1]
  .near.bss          zero     0x0015f1     0x1  ApiAtCmd.o [1]
  .near.bss          zero     0x0015f2     0x1  ApiGpsCmd.o [1]
  .near.bss          zero     0x0015f3     0x1  ApiKeyboard.o [1]
  .near.bss          zero     0x0015f4     0x1  ApiKeyboard.o [1]
  .near.bss          zero     0x0015f5     0x1  ApiKeyboard.o [1]
  .near.bss          zero     0x0015f6     0x1  ApiKeyboard.o [1]
  .near.bss          zero     0x0015f7     0x1  ApiLED.o [1]
  .near.bss          zero     0x0015f8     0x1  ApiPocCmd.o [1]
  .near.bss          zero     0x0015f9     0x1  DrvGD83.o [1]
  .near.bss          zero     0x0015fa     0x1  Task.o [1]
  .near.bss          zero     0x0015fb     0x1  Task.o [1]
  .near.bss          zero     0x0015fc     0x1  Task.o [1]
                            - 0x0015fd  0x1575

"A2":                                    0x100
  CSTACK                      0x001700   0x100  <Block>
    CSTACK           uninit   0x001700   0x100  <Block tail>
                            - 0x001800   0x100

"A3":                                     0x80
  INTVEC                      0x008000    0x80  <Block>
    .intvec          const    0x008000    0x80  interrupt.o [4]
                            - 0x008080    0x80

"P3":                                   0x66e3
  .near_func.text    ro code  0x008080   0x813  DrvGD83.o [1]
  .near_func.text    ro code  0x008893   0x656  ApiGpsCmd.o [1]
  .near.rodata       const    0x008ee9   0x400  ApiDisplay.o [1]
  .near_func.text    ro code  0x0092e9   0x2fe  ApiKeyboard.o [1]
  .near_func.text    ro code  0x0095e7   0x2fa  Beep.o [1]
  .near_func.text    ro code  0x0098e1   0x2f4  ApiPocCmd.o [1]
  .near_func.text    ro code  0x009bd5   0x2e1  ApiGpsCmd.o [1]
  .near_func.text    ro code  0x009eb6   0x296  ApiGpsCmd.o [1]
  .near_func.text    ro code  0x00a14c   0x292  ApiGpsCmd.o [1]
  .near_func.text    ro code  0x00a3de   0x21a  ApiAtCmd.o [1]
  .near_func.text    ro code  0x00a5f8   0x219  DrvHTG12832.o [1]
  .near_func.text    ro code  0x00a811   0x212  Task.o [1]
  .near_func.text    ro code  0x00aa23   0x1e7  DrvKeyboard.o [1]
  .near_func.text    ro code  0x00ac0a   0x1ad  Task.o [1]
  .near_func.text    ro code  0x00adb7   0x1aa  uart3.o [1]
  .near_func.text    ro code  0x00af61   0x19a  DrvGT20L16S1Y.o [1]
  .near_func.text    ro code  0x00b0fb   0x198  long.o [4]
  .near_func.text    ro code  0x00b293   0x14f  ApiPocCmd.o [1]
  .near_func.text    ro code  0x00b3e2   0x139  DrvKeyboard.o [1]
  .near_func.text    ro code  0x00b51b   0x136  DrvKeyboard.o [1]
  .near_func.text    ro code  0x00b651   0x134  stm8s_uart1.o [1]
  .near_func.text    ro code  0x00b785   0x12c  vreg_util.o [4]
  .near_func.text    ro code  0x00b8b1   0x111  ApiAtCmd.o [1]
  .near_func.text    ro code  0x00b9c2   0x105  stm8s_uart3.o [1]
  .near_func.text    ro code  0x00bac7   0x104  uart3.o [1]
  .near_func.text    ro code  0x00bbcb   0x101  stm8s_itc.o [1]
  .near_func.text    ro code  0x00bccc    0xe5  ApiKeyboard.o [1]
  .near_func.text    ro code  0x00bdb1    0xe1  DrvGD83.o [1]
  .near_func.text    ro code  0x00be92    0xdf  ApiDisplay.o [1]
  .near_func.text    ro code  0x00bf71    0xdb  CommonLib.o [1]
  .near_func.text    ro code  0x00c04c    0xd7  System.o [1]
  .near_func.text    ro code  0x00c123    0xd7  uart3.o [1]
  .near_func.text    ro code  0x00c1fa    0xd4  ApiPocCmd.o [1]
  .near_func.text    ro code  0x00c2ce    0xc0  ApiDisplay.o [1]
  .near_func.text    ro code  0x00c38e    0xb8  uart3.o [1]
  .near_func.text    ro code  0x00c446    0xb4  stm8s_uart3.o [1]
  .near_func.text    ro code  0x00c4fa    0xb2  ApiDisplay.o [1]
  .near_func.text    ro code  0x00c5ac    0xaf  ApiAtCmd.o [1]
  .near_func.text    ro code  0x00c65b    0xaf  stm8s_gpio.o [1]
  .near_func.text    ro code  0x00c70a    0xa2  Delay.o [1]
  .near_func.text    ro code  0x00c7ac    0xa2  stm8s_clk.o [1]
  .near_func.text    ro code  0x00c84e    0x9c  Delay.o [1]
  .near_func.text    ro code  0x00c8ea    0x99  stm8s_tim1.o [1]
  .near_func.text    ro code  0x00c983    0x99  Voice.o [1]
  .near_func.text    ro code  0x00ca1c    0x90  stm8s_uart1.o [1]
  .near_func.text    ro code  0x00caac    0x8f  ApiDisplay.o [1]
  .near_func.text    ro code  0x00cb3b    0x8e  uart3.o [1]
  .near_func.text    ro code  0x00cbc9    0x8c  stm8s_uart3.o [1]
  .near_func.text    ro code  0x00cc55    0x8a  DrvKeyboard.o [1]
  .near_func.text    ro code  0x00ccdf    0x7a  DrvGD83.o [1]
  Initializer bytes  const    0x00cd59    0x78  <for P2-1>
  .near_func.text    ro code  0x00cdd1    0x73  Delay.o [1]
  .near_func.text    ro code  0x00ce44    0x6d  uart3.o [1]
  .near_func.text    ro code  0x00ceb1    0x6c  DrvKeyboard.o [1]
  .near_func.text    ro code  0x00cf1d    0x6c  stm8s_uart1.o [1]
  .near_func.text    ro code  0x00cf89    0x68  ApiAtCmd.o [1]
  .near_func.text    ro code  0x00cff1    0x67  Tone.o [1]
  .near_func.text    ro code  0x00d058    0x61  stm8s_tim1.o [1]
  .near_func.text    ro code  0x00d0b9    0x5f  DrvGT20L16S1Y.o [1]
  .near_func.text    ro code  0x00d118    0x5e  CommonLib.o [1]
  .near_func.text    ro code  0x00d176    0x5b  ApiLED.o [1]
  .near_func.text    ro code  0x00d1d1    0x5a  ApiDisplay.o [1]
  .near_func.text    ro code  0x00d22b    0x5a  DrvGT20L16S1Y.o [1]
  .near_func.text    ro code  0x00d285    0x57  stm8s_clk.o [1]
  .near_func.text    ro code  0x00d2dc    0x54  Delay.o [1]
  .near.rodata       const    0x00d330    0x53  Task.o [1]
  .near_func.text    ro code  0x00d383    0x50  uart3.o [1]
  .near_func.text    ro code  0x00d3d3    0x50  uart3.o [1]
  .near_func.text    ro code  0x00d423    0x50  short.o [4]
  .near_func.text    ro code  0x00d473    0x4e  CommonLib.o [1]
  .near_func.text    ro code  0x00d4c1    0x4e  Tone.o [1]
  .near_func.text    ro code  0x00d50f    0x4c  DrvGT20L16S1Y.o [1]
  .near_func.text    ro code  0x00d55b    0x4b  uart3.o [1]
  .near_func.text    ro code  0x00d5a6    0x4a  ApiDisplay.o [1]
  .near_func.text    ro code  0x00d5f0    0x49  DrvGD83.o [1]
  .near_func.text    ro code  0x00d639    0x49  DrvGD83.o [1]
  .near_func.text    ro code  0x00d682    0x49  DrvGD83.o [1]
  .near_func.text    ro code  0x00d6cb    0x49  DrvGD83.o [1]
  .near_func.text    ro code  0x00d714    0x49  stm8s_uart3.o [1]
  .near_func.text    ro code  0x00d75d    0x47  long_util.o [4]
  .near_func.text    ro code  0x00d7a4    0x43  Flash_eeprom.o [1]
  .near_func.text    ro code  0x00d7e7    0x43  Flash_eeprom.o [1]
  .near_func.text    ro code  0x00d82a    0x43  stm8s_tim1.o [1]
  .near_func.text    const    0x00d86d    0x40  ApiDisplay.o [1]
  .near_func.text    ro code  0x00d8ad    0x40  Task.o [1]
  .near_func.text    ro code  0x00d8ed    0x3e  uart3.o [1]
  .near_func.text    ro code  0x00d92b    0x3d  ApiGpsCmd.o [1]
  .near_func.text    ro code  0x00d968    0x3d  DrvGD83.o [1]
  .near_func.text    ro code  0x00d9a5    0x36  DrvGT20L16S1Y.o [1]
  .near_func.text    ro code  0x00d9db    0x36  stm8s_flash.o [1]
  .near_func.text    ro code  0x00da11    0x36  memcmp.o [4]
  .near_func.text    ro code  0x00da47    0x35  Flash_eeprom.o [1]
  .near_func.text    ro code  0x00da7c    0x35  uart3.o [1]
  .near_func.text    ro code  0x00dab1    0x34  ApiDisplay.o [1]
  .near_func.text    ro code  0x00dae5    0x33  ApiDisplay.o [1]
  .near_func.text    ro code  0x00db18    0x33  DrvGT20L16S1Y.o [1]
  .near_func.text    ro code  0x00db4b    0x32  Beep.o [1]
  .near_func.text    ro code  0x00db7d    0x32  stm8s_uart1.o [1]
  .near.rodata       const    0x00dbaf    0x31  Task.o [1]
  .near_func.text    ro code  0x00dbe0    0x30  McuConfig.o [1]
  .near_func.text    ro code  0x00dc10    0x30  sysclock.o [1]
  .near_func.text    ro code  0x00dc40    0x2d  stm8s_uart1.o [1]
  .near_func.text    ro code  0x00dc6d    0x2c  DrvGD83.o [1]
  .near.rodata       const    0x00dc99    0x2a  Task.o [1]
  .near_func.text    ro code  0x00dcc3    0x2a  McuConfig.o [1]
  .near_func.text    ro code  0x00dced    0x28  Delay.o [1]
  .near_func.text    ro code  0x00dd15    0x28  init_small.o [4]
  .near_func.text    ro code  0x00dd3d    0x27  stm8s_flash.o [1]
  .near_func.text    ro code  0x00dd64    0x27  sysclock.o [1]
  .near_func.text    ro code  0x00dd8b    0x25  stm8s_uart3.o [1]
  .near_func.text    ro code  0x00ddb0    0x25  memcpy.o [4]
  .near_func.text    ro code  0x00ddd5    0x25  dc_util.o [4]
  .near_func.text    ro code  0x00ddfa    0x24  McuConfig.o [1]
  .near_func.text    ro code  0x00de1e    0x24  McuConfig.o [1]
  .near_func.text    ro code  0x00de42    0x24  stm8s_flash.o [1]
  .near_func.text    ro code  0x00de66    0x24  stm8s_tim1.o [1]
  .near_func.text    ro code  0x00de8a    0x23  ApiGpsCmd.o [1]
  .near_func.text    ro code  0x00dead    0x23  Tone.o [1]
  .near_func.text    ro code  0x00ded0    0x22  ApiPocCmd.o [1]
  .near_func.text    ro code  0x00def2    0x21  ApiPocCmd.o [1]
  .iar.init_table    const    0x00df13    0x12  - Linker created -
  .near_func.text    ro code  0x00df25    0x20  ApiPocCmd.o [1]
  .near_func.text    ro code  0x00df45    0x20  ApiPocCmd.o [1]
  .near_func.text    ro code  0x00df65    0x20  stm8s_it.o [1]
  .near_func.text    ro code  0x00df85    0x1f  Delay.o [1]
  .near_func.text    ro code  0x00dfa4    0x1f  move.o [4]
  .near_func.text    ro code  0x00dfc3    0x1e  init_small.o [4]
  .near.rodata       const    0x00dfe1    0x1d  Task.o [1]
  .near_func.text    ro code  0x00dffe    0x1c  Delay.o [1]
  .near_func.text    ro code  0x00e01a    0x1b  stm8s_it.o [1]
  .near_func.text    ro code  0x00e035    0x1b  sysclock.o [1]
  .near_func.text    ro code  0x00e050    0x1a  Beep.o [1]
  .near.rodata       const    0x00e06a    0x18  Task.o [1]
  .near_func.text    ro code  0x00e082    0x18  McuConfig.o [1]
  .near_func.text    ro code  0x00e09a    0x18  McuConfig.o [1]
  .near_func.text    ro code  0x00e0b2    0x17  McuConfig.o [1]
  .near_func.text    ro code  0x00e0c9    0x17  McuConfig.o [1]
  .near_func.text    ro code  0x00e0e0    0x17  McuConfig.o [1]
  .near_func.text    ro code  0x00e0f7    0x17  McuConfig.o [1]
  .near_func.text    ro code  0x00e10e    0x17  McuConfig.o [1]
  .near_func.text    ro code  0x00e125    0x17  memset.o [4]
  .near_func.text    ro code  0x00e13c    0x17  init.o [4]
  .near_func.text    ro code  0x00e153    0x16  stm8s_flash.o [1]
  .near_func.text    ro code  0x00e169    0x16  stm8s_it.o [1]
  .near_func.text    ro code  0x00e17f    0x15  ApiDisplay.o [1]
  .near_func.text    ro code  0x00e194    0x15  uart3.o [1]
  .near_func.text    ro code  0x00e1a9    0x14  DrvGT20L16S1Y.o [1]
  .near_func.text    ro code  0x00e1bd    0x14  stm8s_flash.o [1]
  .near_func.text    ro code  0x00e1d1    0x14  __dbg_xxexit.o [3]
  .near.rodata       const    0x00e1e5    0x13  ApiAtCmd.o [1]
  .near.rodata       const    0x00e1f8    0x13  Task.o [1]
  .near.rodata       const    0x00e20b    0x13  Task.o [1]
  .near_func.text    ro code  0x00e21e    0x13  stm8s_clk.o [1]
  .near_func.text    ro code  0x00e231    0x13  stm8s_tim3.o [1]
  .near_func.text    ro code  0x00e244    0x13  cstartup.o [4]
  .near.rodata       const    0x00e257    0x12  ApiAtCmd.o [1]
  .near_func.text    ro code  0x00e269    0x12  ApiPocCmd.o [1]
  .near_func.text    ro code  0x00e27b    0x12  ApiPocCmd.o [1]
  .near_func.text    ro code  0x00e28d    0x12  uart3.o [1]
  .near_func.text    ro code  0x00e29f    0x12  strlen.o [4]
  .near.rodata       const    0x00e2b1    0x11  ApiKeyboard.o [1]
  .near.rodata       const    0x00e2c2    0x11  ApiKeyboard.o [1]
  .near.rodata       const    0x00e2d3    0x11  ApiKeyboard.o [1]
  .near.rodata       const    0x00e2e4    0x11  ApiKeyboard.o [1]
  .near.rodata       const    0x00e2f5    0x11  ApiKeyboard.o [1]
  .near.rodata       const    0x00e306    0x11  ApiKeyboard.o [1]
  .near.rodata       const    0x00e317    0x11  CommonLib.o [1]
  .near.rodata       const    0x00e328    0x11  System.o [1]
  .near.rodata       const    0x00e339    0x11  Task.o [1]
  .near.rodata       const    0x00e34a    0x11  Task.o [1]
  .near.rodata       const    0x00e35b    0x11  Task.o [1]
  .near.rodata       const    0x00e36c    0x11  Task.o [1]
  .near.rodata       const    0x00e37d    0x11  Task.o [1]
  .near.rodata       const    0x00e38e    0x11  Task.o [1]
  .near.rodata       const    0x00e39f    0x11  Task.o [1]
  .near.rodata       const    0x00e3b0    0x11  Task.o [1]
  .near.rodata       const    0x00e3c1    0x11  Task.o [1]
  .near.rodata       const    0x00e3d2    0x11  Task.o [1]
  .near.rodata       const    0x00e3e3    0x11  Task.o [1]
  .near.rodata       const    0x00e3f4    0x11  Task.o [1]
  .near_func.text    ro code  0x00e405    0x11  ApiPocCmd.o [1]
  .near_func.text    ro code  0x00e416    0x11  ApiPocCmd.o [1]
  .near.rodata       const    0x00e427    0x10  ApiAtCmd.o [1]
  .near.rodata       const    0x00e437    0x10  ApiAtCmd.o [1]
  .near.rodata       const    0x00e447    0x10  ApiDisplay.o [1]
  .near.rodata       const    0x00e457    0x10  ApiDisplay.o [1]
  .near.rodata       const    0x00e467    0x10  uart3.o [1]
  .near.rodata       const    0x00e477     0xf  ApiAtCmd.o [1]
  .near.rodata       const    0x00e486     0xf  ApiKeyboard.o [1]
  .near.rodata       const    0x00e495     0xf  Task.o [1]
  .near.rodata       const    0x00e4a4     0xf  Task.o [1]
  .near_func.text    ro code  0x00e4b3     0xf  Voice.o [1]
  .near.rodata       const    0x00e4c2     0xe  ApiAtCmd.o [1]
  .near.rodata       const    0x00e4d0     0xe  ApiAtCmd.o [1]
  .near.rodata       const    0x00e4de     0xe  ApiAtCmd.o [1]
  .near.rodata       const    0x00e4ec     0xe  Task.o [1]
  .near_func.text    ro code  0x00e4fa     0xe  ApiPocCmd.o [1]
  .near_func.text    ro code  0x00e508     0xe  uart3.o [1]
  .near.rodata       const    0x00e516     0xd  ApiPocCmd.o [1]
  .near.rodata       const    0x00e523     0xd  ApiPocCmd.o [1]
  .near.rodata       const    0x00e530     0xd  Task.o [1]
  .near_func.text    ro code  0x00e53d     0xd  stm8s_tim1.o [1]
  .near_func.text    ro code  0x00e54a     0xd  stm8s_tim1.o [1]
  .near_func.text    ro code  0x00e557     0xd  stm8s_tim1.o [1]
  .near_func.text    ro code  0x00e564     0xd  stm8s_tim3.o [1]
  .near_func.text    ro code  0x00e571     0xd  stm8s_tim3.o [1]
  .near_func.text    ro code  0x00e57e     0xd  stm8s_uart1.o [1]
  .near_func.text    ro code  0x00e58b     0xd  stm8s_uart3.o [1]
  .near.rodata       const    0x00e598     0xc  ApiAtCmd.o [1]
  .near_func.text    ro code  0x00e5a4     0xc  McuConfig.o [1]
  .near_func.text    ro code  0x00e5b0     0xc  McuConfig.o [1]
  .near_func.text    ro code  0x00e5bc     0xc  McuConfig.o [1]
  .near_func.text    ro code  0x00e5c8     0xc  McuConfig.o [1]
  .near_func.text    ro code  0x00e5d4     0xc  stm8s_tim3.o [1]
  .near.rodata       const    0x00e5e0     0xb  ApiAtCmd.o [1]
  .near.rodata       const    0x00e5eb     0xb  Task.o [1]
  .near_func.text    ro code  0x00e5f6     0xb  char.o [4]
  .near.rodata       const    0x00e601     0xa  ApiAtCmd.o [1]
  .near.rodata       const    0x00e60b     0xa  Task.o [1]
  .near_func.text    ro code  0x00e615     0xa  ApiAtCmd.o [1]
  .near_func.text    ro code  0x00e61f     0xa  ApiPocCmd.o [1]
  .near_func.text    ro code  0x00e629     0xa  ApiPocCmd.o [1]
  .near.rodata       const    0x00e633     0x9  ApiAtCmd.o [1]
  .near.rodata       const    0x00e63c     0x9  ApiAtCmd.o [1]
  .near.rodata       const    0x00e645     0x9  ApiAtCmd.o [1]
  .near.rodata       const    0x00e64e     0x9  DrvGD83.o [1]
  .near.rodata       const    0x00e657     0x9  System.o [1]
  .near.rodata       const    0x00e660     0x9  Task.o [1]
  .near_func.text    ro code  0x00e669     0x9  stm8s_gpio.o [1]
  .near_func.text    ro code  0x00e672     0x9  stm8s_tim3.o [1]
  .near.rodata       const    0x00e67b     0x8  ApiAtCmd.o [1]
  .near.rodata       const    0x00e683     0x8  ApiDisplay.o [1]
  .near.rodata       const    0x00e68b     0x8  ApiPocCmd.o [1]
  .near.rodata       const    0x00e693     0x8  Task.o [1]
  .near.rodata       const    0x00e69b     0x7  ApiAtCmd.o [1]
  .near.rodata       const    0x00e6a2     0x7  ApiAtCmd.o [1]
  .near.rodata       const    0x00e6a9     0x7  ApiAtCmd.o [1]
  .near.rodata       const    0x00e6b0     0x7  ApiPocCmd.o [1]
  .near.rodata       const    0x00e6b7     0x7  DrvGD83.o [1]
  .near.rodata       const    0x00e6be     0x7  Task.o [1]
  .near.rodata       const    0x00e6c5     0x7  Task.o [1]
  .near_func.text    ro code  0x00e6cc     0x7  stm8s_flash.o [1]
  .near_func.text    ro code  0x00e6d3     0x7  stm8s_gpio.o [1]
  .near.rodata       const    0x00e6da     0x6  DrvGD83.o [1]
  .near.rodata       const    0x00e6e0     0x6  System.o [1]
  .near_func.text    ro code  0x00e6e6     0x5  stm8s_flash.o [1]
  .near_func.text    ro code  0x00e6eb     0x5  stm8s_flash.o [1]
  .near_func.text    ro code  0x00e6f0     0x5  stm8s_tim3.o [1]
  .near_func.text    ro code  0x00e6f5     0x5  cexit.o [4]
  .near.rodata       const    0x00e6fa     0x4  stm8s_clk.o [1]
  .near.rodata       const    0x00e6fe     0x4  uart3.o [1]
  .near_func.text    ro code  0x00e702     0x4  ApiPocCmd.o [1]
  .near_func.text    ro code  0x00e706     0x4  ApiPocCmd.o [1]
  .near_func.text    ro code  0x00e70a     0x4  ApiPocCmd.o [1]
  .near_func.text    ro code  0x00e70e     0x4  ApiPocCmd.o [1]
  .near_func.text    ro code  0x00e712     0x4  ApiPocCmd.o [1]
  .near_func.text    ro code  0x00e716     0x4  ApiPocCmd.o [1]
  .near_func.text    ro code  0x00e71a     0x4  stm8s_gpio.o [1]
  .near_func.text    ro code  0x00e71e     0x4  stm8s_uart1.o [1]
  .near_func.text    ro code  0x00e722     0x4  stm8s_uart1.o [1]
  .near_func.text    ro code  0x00e726     0x4  stm8s_uart3.o [1]
  .near_func.text    ro code  0x00e72a     0x4  stm8s_uart3.o [1]
  .near_func.text    ro code  0x00e72e     0x4  System.o [1]
  .near.rodata       const    0x00e732     0x3  DrvGD83.o [1]
  .near.rodata       const    0x00e735     0x3  uart3.o [1]
  .near.rodata       const    0x00e738     0x3  uart3.o [1]
  .near_func.text    ro code  0x00e73b     0x3  main.o [1]
  .near_func.text    ro code  0x00e73e     0x3  Task.o [1]
  .near_func.text    ro code  0x00e741     0x3  interrupt.o [4]
  .near_func.text    ro code  0x00e744     0x3  low_level_init.o [4]
  .near_func.text    ro code  0x00e747     0x3  exit.o [4]
  .near_func.text    ro code  0x00e74a     0x3  unhandled_exception.o [4]
  .near_func.text    ro code  0x00e74d     0x1  stm8s_it.o [1]
  .near_func.text    ro code  0x00e74e     0x1  stm8s_it.o [1]
  .near_func.text    ro code  0x00e74f     0x1  stm8s_it.o [1]
  .near_func.text    ro code  0x00e750     0x1  stm8s_it.o [1]
  .near_func.text    ro code  0x00e751     0x1  stm8s_it.o [1]
  .near_func.text    ro code  0x00e752     0x1  stm8s_it.o [1]
  .near_func.text    ro code  0x00e753     0x1  stm8s_it.o [1]
  .near_func.text    ro code  0x00e754     0x1  stm8s_it.o [1]
  .near_func.text    ro code  0x00e755     0x1  stm8s_it.o [1]
  .near_func.text    ro code  0x00e756     0x1  stm8s_it.o [1]
  .near_func.text    ro code  0x00e757     0x1  stm8s_it.o [1]
  .near_func.text    ro code  0x00e758     0x1  stm8s_it.o [1]
  .near_func.text    ro code  0x00e759     0x1  stm8s_it.o [1]
  .near_func.text    ro code  0x00e75a     0x1  stm8s_it.o [1]
  .near_func.text    ro code  0x00e75b     0x1  stm8s_it.o [1]
  .near_func.text    ro code  0x00e75c     0x1  stm8s_it.o [1]
  .near_func.text    ro code  0x00e75d     0x1  stm8s_it.o [1]
  .near_func.text    ro code  0x00e75e     0x1  stm8s_it.o [1]
  .near_func.text    ro code  0x00e75f     0x1  stm8s_it.o [1]
  .near_func.text    ro code  0x00e760     0x1  stm8s_it.o [1]
  .near_func.text    ro code  0x00e761     0x1  stm8s_it.o [1]
  .near_func.text    ro code  0x00e762     0x1  __dbg_break.o [3]
                            - 0x00e763  0x66e3


*******************************************************************************
*** INIT TABLE
***

          Address   Size
          -------   ----
Zero (__iar_zero_init2)
    1 destination range, total size 0x1575:
          0x000088  0x1575

Copy (__iar_copy_init2)
    1 source range, total size 0x78:
          0x00cd59    0x78
    1 destination range, total size 0x78:
          0x000010    0x78



*******************************************************************************
*** MODULE SUMMARY
***

    Module                 ro code  ro data  rw data
    ------                 -------  -------  -------
E:\1-source\A508\PRJ\Debug\Obj: [1]
    ApiAtCmd.o               1 100      252      161
    ApiDisplay.o             1 024    1 128      580
    ApiGpsCmd.o              3 775                 3
    ApiKeyboard.o              995      120        7
    ApiLED.o                    91                 1
    ApiPocCmd.o              1 562       45    3 934
    Beep.o                     838                18
    CommonLib.o                391       17
    Delay.o                    616                11
    DrvGD83.o                2 811       33      709
    DrvGT20L16S1Y.o            796       40       40
    DrvHTG12832.o              537                 2
    DrvKeyboard.o            1 356
    Flash_eeprom.o             187
    McuConfig.o                373
    System.o                   219       34       22
    Task.o                   1 026      604       29
    Tone.o                     216                18
    Voice.o                    168                 6
    main.o                       3
    stm8s_clk.o                268        4
    stm8s_flash.o              188
    stm8s_gpio.o               195
    stm8s_it.o                 102
    stm8s_itc.o                257
    stm8s_tim1.o               392
    stm8s_tim3.o                71
    stm8s_uart1.o              676
    stm8s_uart3.o              712
    sysclock.o                 114
    uart3.o                  1 739       26       72
    ------------------------------------------------
    Total:                  22 798    2 303    5 613

command line: [2]
    ------------------------------------------------
    Total:

dbgstm8smd.a: [3]
    __dbg_break.o                1
    __dbg_xxexit.o              20
    ------------------------------------------------
    Total:                      21

dlstm8smn.a: [4]
    cexit.o                      5
    char.o                      11
    cstartup.o                  19
    dc_util.o                   37
    exit.o                       3
    init.o                      23
    init_small.o                70
    interrupt.o                  3      128
    long.o                     408
    long_util.o                 71
    low_level_init.o             3
    memcmp.o                    54
    memcpy.o                    37
    memset.o                    23
    move.o                      31
    short.o                     80
    strlen.o                    18
    unhandled_exception.o        3
    vreg_util.o                300
    vregs.o                                       16
    ------------------------------------------------
    Total:                   1 199      128       16

    Linker created                       18      256
----------------------------------------------------
    Grand Total:            24 018    2 449    5 885


*******************************************************************************
*** ENTRY LIST
***

Entry                    Address   Size  Type      Object
-----                    -------   ----  ----      ------
.iar.init_table$$Base   0x00df13          --   Gb  - Linker created -
.iar.init_table$$Limit  0x00df25          --   Gb  - Linker created -
?add32_l0_l0_0x         0x00b0fe         Code  Gb  long.o [4]
?add32_l0_l0_l1         0x00b0fb         Code  Gb  long.o [4]
?and32_l0_l0_0x         0x00b233         Code  Gb  long.o [4]
?and32_l0_l0_l1         0x00b230         Code  Gb  long.o [4]
?b0                     0x000000         Data  Gb  vregs.o [4]
?b1                     0x000001         Data  Gb  vregs.o [4]
?b10                    0x00000a         Data  Gb  vregs.o [4]
?b11                    0x00000b         Data  Gb  vregs.o [4]
?b12                    0x00000c         Data  Gb  vregs.o [4]
?b13                    0x00000d         Data  Gb  vregs.o [4]
?b14                    0x00000e         Data  Gb  vregs.o [4]
?b15                    0x00000f         Data  Gb  vregs.o [4]
?b2                     0x000002         Data  Gb  vregs.o [4]
?b3                     0x000003         Data  Gb  vregs.o [4]
?b4                     0x000004         Data  Gb  vregs.o [4]
?b5                     0x000005         Data  Gb  vregs.o [4]
?b6                     0x000006         Data  Gb  vregs.o [4]
?b7                     0x000007         Data  Gb  vregs.o [4]
?b8                     0x000008         Data  Gb  vregs.o [4]
?b9                     0x000009         Data  Gb  vregs.o [4]
?dc32_l0                0x00ddd5         Code  Gb  dc_util.o [4]
?dc32_l1                0x00dde2         Code  Gb  dc_util.o [4]
?dc32_px                0x00ddef         Code  Gb  dc_util.o [4]
?e0                     0x000001         Data  Gb  vregs.o [4]
?e1                     0x000005         Data  Gb  vregs.o [4]
?e2                     0x000009         Data  Gb  vregs.o [4]
?e3                     0x00000d         Data  Gb  vregs.o [4]
?epilogue_l2            0x00b82c         Code  Gb  vreg_util.o [4]
?epilogue_l2_l3         0x00b829         Code  Gb  vreg_util.o [4]
?epilogue_l2_w6         0x00b830         Code  Gb  vreg_util.o [4]
?epilogue_w4            0x00b837         Code  Gb  vreg_util.o [4]
?l0                     0x000000         Data  Gb  vregs.o [4]
?l1                     0x000004         Data  Gb  vregs.o [4]
?l2                     0x000008         Data  Gb  vregs.o [4]
?l3                     0x00000c         Data  Gb  vregs.o [4]
?load32_0x_l0           0x00d796         Code  Gb  long_util.o [4]
?load32_asp_l0          0x00d78a         Code  Gb  long_util.o [4]
?load32_dbsp_l0         0x00d785         Code  Gb  long_util.o [4]
?load32_l0_0x           0x00d76d         Code  Gb  long_util.o [4]
?load32_l0_asp          0x00d762         Code  Gb  long_util.o [4]
?load32_l0_dbsp         0x00d75d         Code  Gb  long_util.o [4]
?load32_l0_xsp          0x00d764         Code  Gb  long_util.o [4]
?load32_l1_0x           0x00d779         Code  Gb  long_util.o [4]
?load32_xsp_l0          0x00d78c         Code  Gb  long_util.o [4]
?longfarg16_v_w0_a      0x00dfb1         Code  Gb  move.o [4]
?longfarg16_v_w0_x      0x00dfb3         Code  Gb  move.o [4]
?mov_e0_e1              0x00b84c         Code  Gb  vreg_util.o [4]
?mov_e0_e2              0x00b859         Code  Gb  vreg_util.o [4]
?mov_e0_e3              0x00b866         Code  Gb  vreg_util.o [4]
?mov_e1_e0              0x00b873         Code  Gb  vreg_util.o [4]
?mov_e1_e2              0x00b880         Code  Gb  vreg_util.o [4]
?mov_e1_e3              0x00b88d         Code  Gb  vreg_util.o [4]
?mov_e2_e0              0x00b89a         Code  Gb  vreg_util.o [4]
?mov_e3_e0              0x00b8a7         Code  Gb  vreg_util.o [4]
?mov_l0_l1              0x00b849         Code  Gb  vreg_util.o [4]
?mov_l0_l2              0x00b856         Code  Gb  vreg_util.o [4]
?mov_l0_l3              0x00b863         Code  Gb  vreg_util.o [4]
?mov_l1_l0              0x00b870         Code  Gb  vreg_util.o [4]
?mov_l1_l2              0x00b87d         Code  Gb  vreg_util.o [4]
?mov_l1_l3              0x00b88a         Code  Gb  vreg_util.o [4]
?mov_l2_l0              0x00b897         Code  Gb  vreg_util.o [4]
?mov_l3_l0              0x00b8a4         Code  Gb  vreg_util.o [4]
?mov_w1_w3              0x00b84f         Code  Gb  vreg_util.o [4]
?mov_w1_w5              0x00b85c         Code  Gb  vreg_util.o [4]
?mov_w1_w7              0x00b869         Code  Gb  vreg_util.o [4]
?mov_w2_w1              0x00b83b         Code  Gb  vreg_util.o [4]
?mov_w3_w1              0x00b876         Code  Gb  vreg_util.o [4]
?mov_w3_w5              0x00b883         Code  Gb  vreg_util.o [4]
?mov_w3_w7              0x00b890         Code  Gb  vreg_util.o [4]
?mov_w5_w1              0x00b89d         Code  Gb  vreg_util.o [4]
?mov_w6_w0              0x00b842         Code  Gb  vreg_util.o [4]
?mov_w7_w1              0x00b8aa         Code  Gb  vreg_util.o [4]
?move1616_v_x_y_a       0x00dfa4         Code  Gb  move.o [4]
?mul16_x_x_w0           0x00d423         Code  Gb  short.o [4]
?mul32_l0_l0_0x         0x00b134         Code  Gb  long.o [4]
?mul32_l0_l0_dl         0x00b131         Code  Gb  long.o [4]
?mul32_l0_l0_l1         0x00b13d         Code  Gb  long.o [4]
?or32_l0_l0_0x          0x00b24e         Code  Gb  long.o [4]
?or32_l0_l0_l1          0x00b24b         Code  Gb  long.o [4]
?pop_l0                 0x00b7f5         Code  Gb  vreg_util.o [4]
?pop_l1                 0x00b800         Code  Gb  vreg_util.o [4]
?pop_l2                 0x00b80b         Code  Gb  vreg_util.o [4]
?pop_l3                 0x00b816         Code  Gb  vreg_util.o [4]
?pop_w4                 0x00b7a7         Code  Gb  vreg_util.o [4]
?pop_w6                 0x00b7ae         Code  Gb  vreg_util.o [4]
?pop_w7                 0x00b7b5         Code  Gb  vreg_util.o [4]
?push_l0                0x00b7c4         Code  Gb  vreg_util.o [4]
?push_l1                0x00b7c9         Code  Gb  vreg_util.o [4]
?push_l2                0x00b7ce         Code  Gb  vreg_util.o [4]
?push_l3                0x00b7d3         Code  Gb  vreg_util.o [4]
?push_w4                0x00b785         Code  Gb  vreg_util.o [4]
?push_w6                0x00b78a         Code  Gb  vreg_util.o [4]
?push_w7                0x00b78f         Code  Gb  vreg_util.o [4]
?sext16_x_a             0x00d46c         Code  Gb  short.o [4]
?sext32_l0_x            0x00b288         Code  Gb  long.o [4]
?sll16_x_x_4            0x00d45b         Code  Gb  short.o [4]
?sll16_x_x_5            0x00d45a         Code  Gb  short.o [4]
?sll16_x_x_6            0x00d459         Code  Gb  short.o [4]
?sll16_x_x_a            0x00d451         Code  Gb  short.o [4]
?sll32_0x_0x_a          0x00b269         Code  Gb  long.o [4]
?sll32_l0_l0_a          0x00b266         Code  Gb  long.o [4]
?smod16_y_x_y           0x00d441         Code  Gb  short.o [4]
?sra8_a_a_4             0x00e5fc         Code  Gb  char.o [4]
?srl16_x_x_10           0x00d461         Code  Gb  short.o [4]
?srl16_x_x_11           0x00d460         Code  Gb  short.o [4]
?srl16_x_x_4            0x00d467         Code  Gb  short.o [4]
?srl16_x_x_5            0x00d466         Code  Gb  short.o [4]
?srl16_x_x_6            0x00d465         Code  Gb  short.o [4]
?srl16_x_x_7            0x00d464         Code  Gb  short.o [4]
?srl16_x_x_8            0x00d463         Code  Gb  short.o [4]
?srl16_x_x_9            0x00d462         Code  Gb  short.o [4]
?srl32_0x_0x_a          0x00b27a         Code  Gb  long.o [4]
?srl32_l0_l0_a          0x00b277         Code  Gb  long.o [4]
?srl8_a_a_5             0x00e5f7         Code  Gb  char.o [4]
?srl8_a_a_6             0x00e5f6         Code  Gb  char.o [4]
?sub32_l0_l0_0x         0x00b119         Code  Gb  long.o [4]
?sub32_l0_l0_l1         0x00b116         Code  Gb  long.o [4]
?udiv32_l0_dl_l1        0x00b1bb         Code  Gb  long.o [4]
?udiv32_l0_l0_dl        0x00b1c0         Code  Gb  long.o [4]
?udiv32_l0_l0_l1        0x00b1c3         Code  Gb  long.o [4]
?umod32_l1_l0_l1        0x00b1c3         Code  Gb  long.o [4]
?w0                     0x000000         Data  Gb  vregs.o [4]
?w1                     0x000002         Data  Gb  vregs.o [4]
?w2                     0x000004         Data  Gb  vregs.o [4]
?w3                     0x000006         Data  Gb  vregs.o [4]
?w4                     0x000008         Data  Gb  vregs.o [4]
?w5                     0x00000a         Data  Gb  vregs.o [4]
?w6                     0x00000c         Data  Gb  vregs.o [4]
?w7                     0x00000e         Data  Gb  vregs.o [4]
ADC2_IRQHandler         0x00e75f    0x1  Code  Gb  stm8s_it.o [1]
AF_Mute_Init            0x00e5b0    0xc  Code  Gb  McuConfig.o [1]
AUDIO_IOAFMUT           0x00e0f7   0x17  Code  Gb  McuConfig.o [1]
AUDIO_IOAFPOW           0x00e10e   0x17  Code  Gb  McuConfig.o [1]
AWU_IRQHandler          0x00e74f    0x1  Code  Gb  stm8s_it.o [1]
ApGpsCmd_10msRenew      0x00de8a   0x23  Code  Gb  ApiGpsCmd.o [1]
ApiAtCmd_100msRenew     0x00a57d   0x7b  Code  Gb  ApiAtCmd.o [1]
ApiAtCmd_10msRenew      0x00c5ac   0xaf  Code  Gb  ApiAtCmd.o [1]
ApiAtCmd_GetGroupName   0x00e405   0x11  Code  Gb  ApiPocCmd.o [1]
ApiAtCmd_GetGroupNameLen
                        0x00e269   0x12  Code  Gb  ApiPocCmd.o [1]
ApiAtCmd_GetGroupNum    0x00e70a    0x4  Code  Gb  ApiPocCmd.o [1]
ApiAtCmd_GetLoginState  0x00e61f    0xa  Code  Gb  ApiPocCmd.o [1]
ApiAtCmd_GetMainGroupId
                        0x00e712    0x4  Code  Gb  ApiPocCmd.o [1]
ApiAtCmd_GetMainUserId  0x00e716    0x4  Code  Gb  ApiPocCmd.o [1]
ApiAtCmd_GetMainWorkName
                        0x00e702    0x4  Code  Gb  ApiPocCmd.o [1]
ApiAtCmd_GetMainWorkNameLen
                        0x00e706    0x4  Code  Gb  ApiPocCmd.o [1]
ApiAtCmd_GetUserName    0x00e416   0x11  Code  Gb  ApiPocCmd.o [1]
ApiAtCmd_GetUserNameLen
                        0x00e27b   0x12  Code  Gb  ApiPocCmd.o [1]
ApiAtCmd_GetUserNum     0x00e70e    0x4  Code  Gb  ApiPocCmd.o [1]
ApiAtCmd_PlayVoice      0x00cf89   0x68  Code  Gb  ApiAtCmd.o [1]
ApiAtCmd_WritCommand    0x00a3de  0x152  Code  Gb  ApiAtCmd.o [1]
ApiAtCmd_tcp_state      0x00e615    0xa  Code  Gb  ApiAtCmd.o [1]
ApiCaretCmd_10msRenew   0x00b8b1  0x111  Code  Gb  ApiAtCmd.o [1]
ApiGpsCmd_100msRenew    0x008c70  0x279  Code  Gb  ApiGpsCmd.o [1]
ApiGpsCmd_PowerOnInitial
                        0x00d92b   0x3d  Code  Gb  ApiGpsCmd.o [1]
ApiPocCmd_10msRenew     0x0098e1  0x2f4  Code  Gb  ApiPocCmd.o [1]
ApiPocCmd_WritCommand   0x00b293  0x14f  Code  Gb  ApiPocCmd.o [1]
ApiPocCmd_user_info_set
                        0x00c1fa   0xd4  Code  Gb  ApiPocCmd.o [1]
AtCmdDrvobj             0x001407   0x77  Data  Lc  ApiAtCmd.o [1]
AtCmd_NetParamCode      0x00a530   0x4d  Code  Lc  ApiAtCmd.o [1]
AtNotify_Queue          0x008118   0x4c  Code  Lc  DrvGD83.o [1]
AtNotify_Queue_Start    0x008164   0x55  Code  Lc  DrvGD83.o [1]
BEEP_Interrupt10ms      0x00e050   0x1a  Code  Gb  Beep.o [1]
BEEP_PowerOnInitial     0x009818   0xc9  Code  Gb  Beep.o [1]
BEEP_SetOutput          0x0095e7  0x231  Code  Gb  Beep.o [1]
BEEP_Time               0x00db4b   0x32  Code  Gb  Beep.o [1]
BaseAdd                 0x00004c   0x20  Data  Gb  DrvGT20L16S1Y.o [1]
BeepDrvObj              0x0015ac   0x12  Data  Lc  Beep.o [1]
BitTab                  0x00e683    0x8  Data  Gb  ApiDisplay.o [1]
BootProcess_PPPCFG_Flag
                        0x0015ee    0x1  Data  Gb  ApiAtCmd.o [1]
BootProcess_PPPCFG_Flag_Zanshi
                        0x000010    0x1  Data  Gb  ApiAtCmd.o [1]
BootProcess_SIMST_Flag  0x0015ed    0x1  Data  Gb  ApiAtCmd.o [1]
CHAR_HIGH               0x00e447   0x10  Data  Gb  ApiDisplay.o [1]
CHAR_WIDTH              0x00e457   0x10  Data  Gb  ApiDisplay.o [1]
CLK_ClockSwitchConfig   0x00c7ac   0xa2  Code  Gb  stm8s_clk.o [1]
CLK_GetClockFreq        0x00d285   0x57  Code  Gb  stm8s_clk.o [1]
CLK_HSIPrescalerConfig  0x00e21e   0x13  Code  Gb  stm8s_clk.o [1]
CLK_IRQHandler          0x00e750    0x1  Code  Gb  stm8s_it.o [1]
COML_AscToHex           0x00bf71   0xdb  Code  Gb  CommonLib.o [1]
COML_StringReverse      0x00d118   0x5e  Code  Gb  CommonLib.o [1]
CSQ_Flag                0x0015f0    0x1  Data  Gb  ApiAtCmd.o [1]
CSTACK$$Base            0x001700          --   Gb  - Linker created -
CSTACK$$Limit           0x001800          --   Gb  - Linker created -
C_TEST_OUT_SET          0x00e5c8    0xc  Code  Gb  McuConfig.o [1]
CaretNotify_Queue       0x008080   0x4c  Code  Lc  DrvGD83.o [1]
CaretNotify_Queue_Start
                        0x00820e   0x55  Code  Lc  DrvGD83.o [1]
DEL_100msProcess        0x00c86c   0x4d  Code  Lc  Delay.o [1]
DEL_10msProcess         0x00c8b9   0x1c  Code  Lc  Delay.o [1]
DEL_1msProcess          0x00c8d5    0x9  Code  Lc  Delay.o [1]
DEL_500msProcess        0x00c84e   0x1e  Code  Lc  Delay.o [1]
DEL_GetTimer            0x00d2dc   0x54  Code  Gb  Delay.o [1]
DEL_Interrupt           0x00c70a   0xa2  Code  Gb  Delay.o [1]
DEL_PowerOnInitial      0x00df85   0x1f  Code  Gb  Delay.o [1]
DEL_Renew               0x00c8de    0xc  Code  Gb  Delay.o [1]
DEL_SetTimer            0x00cdd1   0x73  Code  Gb  Delay.o [1]
DEL_Soft1ms             0x00dffe   0x1c  Code  Gb  Delay.o [1]
DEL_TimerRenew          0x00dced   0x28  Code  Lc  Delay.o [1]
DISP_DataBuf            0x00be92   0xdf  Code  Lc  ApiDisplay.o [1]
DISP_MulTypePro         0x00c4fa   0xb2  Code  Lc  ApiDisplay.o [1]
Dec2Hex                 0x00d473   0x4e  Code  Gb  CommonLib.o [1]
DefaultSystemClockForHSI
                        0x00e035   0x1b  Code  Gb  sysclock.o [1]
DelDrvObj               0x0015d0    0xb  Data  Lc  Delay.o [1]
Delay_100ms             0x00d8ad   0x40  Code  Gb  Task.o [1]
DisDataBit              0x001526   0x40  Data  Gb  ApiDisplay.o [1]
DisDataBuf              0x001207  0x200  Data  Gb  ApiDisplay.o [1]
DisDrvObj               0x0015e1    0x4  Data  Lc  ApiDisplay.o [1]
DrvGD83DrvObj           0x000f7d  0x28a  Data  Lc  DrvGD83.o [1]
DrvGD83_Init            0x00e082   0x18  Code  Gb  McuConfig.o [1]
DrvGD83_UART_TxCommand  0x00ccdf   0x7a  Code  Gb  DrvGD83.o [1]
DrvMC8332_AtNotify_Queue_front
                        0x00d639   0x49  Code  Gb  DrvGD83.o [1]
DrvMC8332_CaretNotify_Queue_front
                        0x00d5f0   0x49  Code  Gb  DrvGD83.o [1]
DrvMC8332_GpsNotify_Queue_front
                        0x00d6cb   0x49  Code  Gb  DrvGD83.o [1]
DrvMC8332_PocNotify_Queue_front
                        0x00d682   0x49  Code  Gb  DrvGD83.o [1]
DrvMC8332_Software_Initial
                        0x00d968   0x3d  Code  Gb  DrvGD83.o [1]
DrvMC8332_TxPort_SetValidable
                        0x00dc6d   0x2c  Code  Gb  DrvGD83.o [1]
DrvMC8332_UART_Interrupt
                        0x0084cd  0x3c6  Code  Gb  DrvGD83.o [1]
DrvMc8332_UART_TxTail   0x00bdb1   0xe1  Code  Gb  DrvGD83.o [1]
EEPROM_EEC_IRQHandler   0x00e761    0x1  Code  Gb  stm8s_it.o [1]
EXTI_PORTA_IRQHandler   0x00e751    0x1  Code  Gb  stm8s_it.o [1]
EXTI_PORTB_IRQHandler   0x00e752    0x1  Code  Gb  stm8s_it.o [1]
EXTI_PORTC_IRQHandler   0x00e753    0x1  Code  Gb  stm8s_it.o [1]
EXTI_PORTD_IRQHandler   0x00e754    0x1  Code  Gb  stm8s_it.o [1]
EXTI_PORTE_IRQHandler   0x00e755    0x1  Code  Gb  stm8s_it.o [1]
FILE_Read               0x00d7e7   0x43  Code  Gb  Flash_eeprom.o [1]
FILE_Write              0x00d7a4   0x43  Code  Gb  Flash_eeprom.o [1]
FLASH_EraseOptionByte   0x00dd3d   0x27  Code  Gb  stm8s_flash.o [1]
FLASH_GetFlagStatus     0x00e1bd   0x14  Code  Gb  stm8s_flash.o [1]
FLASH_Lock              0x00e6cc    0x7  Code  Gb  stm8s_flash.o [1]
FLASH_ProgramByte       0x00e6e6    0x5  Code  Gb  stm8s_flash.o [1]
FLASH_ProgramOptionByte
                        0x00de42   0x24  Code  Gb  stm8s_flash.o [1]
FLASH_ReadByte          0x00e6eb    0x5  Code  Gb  stm8s_flash.o [1]
FLASH_Unlock            0x00e153   0x16  Code  Gb  stm8s_flash.o [1]
FLASH_WaitForLastOperation
                        0x00d9db   0x36  Code  Gb  stm8s_flash.o [1]
GD83_ON                 0x00e09a   0x18  Code  Gb  McuConfig.o [1]
GPIO_Init               0x00c65b   0xaf  Code  Gb  stm8s_gpio.o [1]
GPIO_ReadInputPin       0x00e669    0x9  Code  Gb  stm8s_gpio.o [1]
GPIO_WriteHigh          0x00e6d3    0x7  Code  Gb  stm8s_gpio.o [1]
GPIO_WriteLow           0x00e71a    0x4  Code  Gb  stm8s_gpio.o [1]
GT20_DelTime            0x00e1a9   0x14  Code  Lc  DrvGT20L16S1Y.o [1]
GT20_GetData            0x00d0b9   0x5f  Code  Lc  DrvGT20L16S1Y.o [1]
GT20_GetDisData         0x00d9a5   0x36  Code  Lc  DrvGT20L16S1Y.o [1]
GT20_SendByte           0x00d22b   0x5a  Code  Lc  DrvGT20L16S1Y.o [1]
GT20_SendCommand        0x00d50f   0x4c  Code  Lc  DrvGT20L16S1Y.o [1]
GetPersonalCallingMode  0x00e4fa    0xe  Code  Gb  ApiPocCmd.o [1]
GetPlayState            0x00e629    0xa  Code  Gb  ApiPocCmd.o [1]
GetTaskId               0x00e72e    0x4  Code  Gb  System.o [1]
GpsCmd_GbAnalytical     0x00a14c  0x292  Code  Lc  ApiGpsCmd.o [1]
GpsCmd_GbDataTransave   0x009bd5  0x2e1  Code  Lc  ApiGpsCmd.o [1]
GpsCmd_GbWritCommand    0x008893  0x3dd  Code  Lc  ApiGpsCmd.o [1]
GpsFunDrvObj            0x0015e9    0x2  Data  Lc  ApiGpsCmd.o [1]
GpsNotify_Queue         0x008451   0x7c  Code  Lc  DrvGD83.o [1]
GpsNotify_Queue_Start   0x008263   0x99  Code  Lc  DrvGD83.o [1]
GroupCallingNum         0x000037    0x1  Data  Gb  ApiKeyboard.o [1]
HSE_ClockStartUpConfiguration
                        0x00dc10   0x30  Code  Lc  sysclock.o [1]
HSIDivFactor            0x00e6fa    0x4  Data  Gb  stm8s_clk.o [1]
HexToChar_GroupCallingNum
                        0x00df45   0x20  Code  Gb  ApiPocCmd.o [1]
HexToChar_MainGroupId   0x00df25   0x20  Code  Gb  ApiPocCmd.o [1]
HexToChar_MainUserId    0x00def2   0x21  Code  Gb  ApiPocCmd.o [1]
HexToChar_PersonalCallingNum
                        0x00ded0   0x22  Code  Gb  ApiPocCmd.o [1]
HtgDrvObj               0x0015eb    0x2  Data  Lc  DrvHTG12832.o [1]
I2C_IRQHandler          0x00e75d    0x1  Code  Gb  stm8s_it.o [1]
INTVEC$$Base            0x008000          --   Gb  - Linker created -
INTVEC$$Limit           0x008080          --   Gb  - Linker created -
ITC_SetSoftwarePriority
                        0x00bbcb  0x101  Code  Gb  stm8s_itc.o [1]
Ico_DataBuf             0x008ee9  0x400  Data  Gb  ApiDisplay.o [1]
KEY_TABLE               0x00e735    0x3  Data  Lc  uart3.o [1]
KeyDownUpChoose_GroupOrUser_Flag
                        0x0015f1    0x1  Data  Gb  ApiAtCmd.o [1]
KeyPersonalCallingCount
                        0x0015f5    0x1  Data  Gb  ApiKeyboard.o [1]
KeyUpDownCount          0x0015f4    0x1  Data  Gb  ApiKeyboard.o [1]
Key_Flag_0              0x0015fa    0x1  Data  Gb  Task.o [1]
Key_Flag_1              0x0015f6    0x1  Data  Gb  ApiKeyboard.o [1]
Key_Init                0x00dbe0   0x30  Code  Gb  McuConfig.o [1]
Key_PersonalCalling_Flag
                        0x0015fb    0x1  Data  Gb  Task.o [1]
Keyboard_Test           0x0092e9  0x2fe  Code  Gb  ApiKeyboard.o [1]
LED_Conut               0x0015f7    0x1  Data  Gb  ApiLED.o [1]
LED_Init                0x00ddfa   0x24  Code  Gb  McuConfig.o [1]
LED_IntOutputRenew      0x00d176   0x5b  Code  Gb  ApiLED.o [1]
MIC_GPIO_Init           0x00e5a4    0xc  Code  Gb  McuConfig.o [1]
MIC_IOMUT               0x00e0e0   0x17  Code  Gb  McuConfig.o [1]
Noise_Mute_Init         0x00e5bc    0xc  Code  Gb  McuConfig.o [1]
Notify_Queue_Stop       0x0082fc  0x155  Code  Lc  DrvGD83.o [1]
PAS_NULLTBL             0x00e467   0x10  Data  Lc  uart3.o [1]
POC_GetGroupInformationFlag
                        0x0015f8    0x1  Data  Gb  ApiPocCmd.o [1]
POC_TABLE               0x00e738    0x3  Data  Lc  uart3.o [1]
PasObj                  0x0015e5    0x4  Data  Lc  uart3.o [1]
PersonalCallingNum      0x0015f3    0x1  Data  Gb  ApiKeyboard.o [1]
PocCmdDrvobj            0x000088  0xef5  Data  Lc  ApiPocCmd.o [1]
PocNotify_Queue         0x0080cc   0x4c  Code  Lc  DrvGD83.o [1]
PocNotify_Queue_Start   0x0081b9   0x55  Code  Lc  DrvGD83.o [1]
ReadBuffer              0x00147e   0x64  Data  Gb  ApiPocCmd.o [1]
Region$$Table$$Base     0x00df13          --   Gb  - Linker created -
Region$$Table$$Limit    0x00df25          --   Gb  - Linker created -
SPI_IRQHandler          0x00e756    0x1  Code  Gb  stm8s_it.o [1]
Set_GreenLed            0x00e0b2   0x17  Code  Gb  McuConfig.o [1]
Set_RedLed              0x00e0c9   0x17  Code  Gb  McuConfig.o [1]
SystemClock_Init        0x00dd64   0x27  Code  Gb  sysclock.o [1]
TASK_WriteFreq          0x00e73e    0x3  Code  Gb  Task.o [1]
TIM1_CAP_COM_IRQHandler
                        0x00e758    0x1  Code  Gb  stm8s_it.o [1]
TIM1_CCxCmd             0x00d82a   0x43  Code  Gb  stm8s_tim1.o [1]
TIM1_Cmd                0x00e53d    0xd  Code  Gb  stm8s_tim1.o [1]
TIM1_CtrlPWMOutputs     0x00e54a    0xd  Code  Gb  stm8s_tim1.o [1]
TIM1_DeInit             0x00c8ea   0x99  Code  Gb  stm8s_tim1.o [1]
TIM1_OC1Init            0x00d058   0x61  Code  Gb  stm8s_tim1.o [1]
TIM1_OC1PreloadConfig   0x00e557    0xd  Code  Gb  stm8s_tim1.o [1]
TIM1_PWM_Init           0x00d4c1   0x4e  Code  Gb  Tone.o [1]
TIM1_TimeBaseInit       0x00de66   0x24  Code  Gb  stm8s_tim1.o [1]
TIM1_UPD_OVF_TRG_BRK_IRQHandler
                        0x00e757    0x1  Code  Gb  stm8s_it.o [1]
TIM2_CAP_COM_IRQHandler
                        0x00e75a    0x1  Code  Gb  stm8s_it.o [1]
TIM2_UPD_OVF_BRK_IRQHandler
                        0x00e759    0x1  Code  Gb  stm8s_it.o [1]
TIM3_ARRPreloadConfig   0x00e571    0xd  Code  Gb  stm8s_tim3.o [1]
TIM3_CAP_COM_IRQHandler
                        0x00e75b    0x1  Code  Gb  stm8s_it.o [1]
TIM3_ClearITPendingBit  0x00e6f0    0x5  Code  Gb  stm8s_tim3.o [1]
TIM3_Cmd                0x00e564    0xd  Code  Gb  stm8s_tim3.o [1]
TIM3_ITConfig           0x00e231   0x13  Code  Gb  stm8s_tim3.o [1]
TIM3_PrescalerConfig    0x00e672    0x9  Code  Gb  stm8s_tim3.o [1]
TIM3_TimeBaseInit       0x00e5d4    0xc  Code  Gb  stm8s_tim3.o [1]
TIM3_UPD_OVF_BRK_IRQHandler
                        0x00e01a   0x1b  Code  Gb  stm8s_it.o [1]
TIM4_UPD_OVF_IRQHandler
                        0x00e760    0x1  Code  Gb  stm8s_it.o [1]
TLI_IRQHandler          0x00e74e    0x1  Code  Gb  stm8s_it.o [1]
TONE_PowerOnInitial     0x00cff1   0x67  Code  Gb  Tone.o [1]
TONE_Start              0x00deb5   0x1b  Code  Gb  Tone.o [1]
TONE_Stop               0x00dead    0x8  Code  Gb  Tone.o [1]
TRAP_IRQHandler         0x00e74d    0x1  Code  Gb  stm8s_it.o [1]
TaskDrvObj              0x001598   0x14  Data  Lc  System.o [1]
Task_RunNormalOperation
                        0x00a811  0x212  Code  Gb  Task.o [1]
Task_RunStart           0x00ac0a  0x1ad  Code  Gb  Task.o [1]
Test1                   0x0015f2    0x1  Data  Gb  ApiGpsCmd.o [1]
Tim3_Timer_Init         0x00de1e   0x24  Code  Gb  McuConfig.o [1]
TimeVal                 0x000044    0x8  Data  Gb  DrvGT20L16S1Y.o [1]
ToneDrvObj              0x0015be   0x12  Data  Lc  Tone.o [1]
UART1_Cmd               0x00e57e    0xd  Code  Gb  stm8s_uart1.o [1]
UART1_DeInit            0x00dc40   0x2d  Code  Gb  stm8s_uart1.o [1]
UART1_GetFlagStatus     0x00db7d   0x32  Code  Gb  stm8s_uart1.o [1]
UART1_GetITStatus       0x00ca1c   0x90  Code  Gb  stm8s_uart1.o [1]
UART1_ITConfig          0x00cf1d   0x6c  Code  Gb  stm8s_uart1.o [1]
UART1_Init              0x00b651  0x134  Code  Gb  stm8s_uart1.o [1]
UART1_RX_IRQHandler     0x00df65   0x20  Code  Gb  stm8s_it.o [1]
UART1_ReceiveData8      0x00e71e    0x4  Code  Gb  stm8s_uart1.o [1]
UART1_SendData8         0x00e722    0x4  Code  Gb  stm8s_uart1.o [1]
UART1_TX_IRQHandler     0x00e75c    0x1  Code  Gb  stm8s_it.o [1]
UART3_Cmd               0x00e58b    0xd  Code  Gb  stm8s_uart3.o [1]
UART3_DeInit            0x00dd8b   0x25  Code  Gb  stm8s_uart3.o [1]
UART3_GetFlagStatus     0x00d714   0x49  Code  Gb  stm8s_uart3.o [1]
UART3_GetITStatus       0x00c446   0xb4  Code  Gb  stm8s_uart3.o [1]
UART3_ITConfig          0x00cbc9   0x8c  Code  Gb  stm8s_uart3.o [1]
UART3_Init              0x00b9c2  0x105  Code  Gb  stm8s_uart3.o [1]
UART3_Interrupt         0x00e194   0x15  Code  Gb  uart3.o [1]
UART3_RX_IRQHandler     0x00e169   0x16  Code  Gb  stm8s_it.o [1]
UART3_ReceiveData8      0x00e726    0x4  Code  Gb  stm8s_uart3.o [1]
UART3_SendByte          0x00e508    0xe  Code  Gb  uart3.o [1]
UART3_SendData8         0x00e72a    0x4  Code  Gb  stm8s_uart3.o [1]
UART3_TX_IRQHandler     0x00e75e    0x1  Code  Gb  stm8s_it.o [1]
UART3_ToMcuMain         0x00d8ed   0x3e  Code  Gb  uart3.o [1]
UART_Delay              0x00e28d   0x12  Code  Lc  uart3.o [1]
UART_ErrorAck           0x00d591   0x15  Code  Lc  uart3.o [1]
UART_GetCheckSum        0x00cb3b   0x2d  Code  Lc  uart3.o [1]
UART_KeyCommand         0x00bac7  0x104  Code  Lc  uart3.o [1]
UART_Link               0x00cb68   0x61  Code  Lc  uart3.o [1]
UART_PasCommand         0x00adb7  0x1aa  Code  Lc  uart3.o [1]
UART_PocCommand         0x00d383   0x50  Code  Lc  uart3.o [1]
UART_RightAck           0x00ce44   0x6d  Code  Lc  uart3.o [1]
UART_RxFrame            0x00d3d3   0x50  Code  Lc  uart3.o [1]
UART_TxSend             0x00d55b   0x36  Code  Lc  uart3.o [1]
UART_WriteCommand       0x00c38e   0xb8  Code  Lc  uart3.o [1]
Uart1_Init              0x00dcc3   0x2a  Code  Gb  McuConfig.o [1]
Uart3_Init              0x00da7c   0x35  Code  Gb  uart3.o [1]
UartDrvObj              0x0014e2   0x44  Data  Lc  uart3.o [1]
VOICE_1sProcess         0x00e4b3    0xf  Code  Gb  Voice.o [1]
VOICE_Renew             0x00c983   0x70  Code  Gb  Voice.o [1]
VOICE_SetOutput         0x00c9f3   0x29  Code  Gb  Voice.o [1]
VoiceDrvObj             0x0015db    0x6  Data  Lc  Voice.o [1]
VoiceEnd_Flag           0x0015ef    0x1  Data  Gb  ApiAtCmd.o [1]
WRITE_TABLE             0x00e6fe    0x4  Data  Lc  uart3.o [1]
WriteEEPROMByte         0x00da47   0x35  Code  Gb  Flash_eeprom.o [1]
__DebugBreak            0x00e762    0x1  Code  Gb  __dbg_break.o [3]
__exit                  0x00e1d1   0x14  Code  Gb  __dbg_xxexit.o [3]
__iar_copy_init2        0x00dd15         Code  Gb  init_small.o [4]
__iar_data_init2        0x00e13c   0x17  Code  Gb  init.o [4]
__iar_program_start     0x00e244         Code  Gb  cstartup.o [4]
__iar_unhandled_exception
                        0x00e74a         Code  Gb  unhandled_exception.o [4]
__iar_zero_init2        0x00dfc3         Code  Gb  init_small.o [4]
__intvec                0x008000         Data  Gb  interrupt.o [4]
__low_level_init        0x00e744    0x3  Code  Gb  low_level_init.o [4]
_exit                   0x00e6f5         Code  Gb  cexit.o [4]
_interrupt_1            0x00e74d         Code  Gb  stm8s_it.o [1]
_interrupt_12           0x00e756         Code  Gb  stm8s_it.o [1]
_interrupt_13           0x00e757         Code  Gb  stm8s_it.o [1]
_interrupt_14           0x00e758         Code  Gb  stm8s_it.o [1]
_interrupt_15           0x00e759         Code  Gb  stm8s_it.o [1]
_interrupt_16           0x00e75a         Code  Gb  stm8s_it.o [1]
_interrupt_17           0x00e01a         Code  Gb  stm8s_it.o [1]
_interrupt_18           0x00e75b         Code  Gb  stm8s_it.o [1]
_interrupt_19           0x00e75c         Code  Gb  stm8s_it.o [1]
_interrupt_2            0x00e74e         Code  Gb  stm8s_it.o [1]
_interrupt_20           0x00df65         Code  Gb  stm8s_it.o [1]
_interrupt_21           0x00e75d         Code  Gb  stm8s_it.o [1]
_interrupt_22           0x00e75e         Code  Gb  stm8s_it.o [1]
_interrupt_23           0x00e169         Code  Gb  stm8s_it.o [1]
_interrupt_24           0x00e75f         Code  Gb  stm8s_it.o [1]
_interrupt_25           0x00e760         Code  Gb  stm8s_it.o [1]
_interrupt_26           0x00e761         Code  Gb  stm8s_it.o [1]
_interrupt_3            0x00e74f         Code  Gb  stm8s_it.o [1]
_interrupt_4            0x00e750         Code  Gb  stm8s_it.o [1]
_interrupt_5            0x00e751         Code  Gb  stm8s_it.o [1]
_interrupt_6            0x00e752         Code  Gb  stm8s_it.o [1]
_interrupt_7            0x00e753         Code  Gb  stm8s_it.o [1]
_interrupt_8            0x00e754         Code  Gb  stm8s_it.o [1]
_interrupt_9            0x00e755         Code  Gb  stm8s_it.o [1]
api_diap_ico_pos_get    0x00d1d1   0x5a  Code  Gb  ApiDisplay.o [1]
api_disp_all_screen_refresh
                        0x00d5a6   0x4a  Code  Gb  ApiDisplay.o [1]
api_disp_char_output    0x00e17f   0x15  Code  Gb  ApiDisplay.o [1]
api_disp_ico_output     0x00c2ce   0xc0  Code  Gb  ApiDisplay.o [1]
api_disp_icoid_output   0x00caac   0x8f  Code  Gb  ApiDisplay.o [1]
api_lcd_pwr_on_hint     0x00dae5   0x33  Code  Gb  ApiDisplay.o [1]
api_lcd_pwr_on_hint2    0x00dab1   0x34  Code  Gb  ApiDisplay.o [1]
api_poc_command_set     0x00c123   0xd7  Code  Gb  uart3.o [1]
drv_gt20_data_output    0x00af61  0x19a  Code  Gb  DrvGT20L16S1Y.o [1]
drv_gt20_pwr_on_init    0x00db48    0x3  Code  Gb  DrvGT20L16S1Y.o [1]
drv_htg_clr_allscr      0x00a716   0x31  Code  Gb  DrvHTG12832.o [1]
drv_htg_pwr_on_init     0x00a808    0x9  Code  Gb  DrvHTG12832.o [1]
drv_htg_reset           0x00a5f8    0x5  Code  Gb  DrvHTG12832.o [1]
drv_htg_set_address     0x00a66c   0x3b  Code  Gb  DrvHTG12832.o [1]
drv_htg_write_command   0x00a5fd   0x6f  Code  Gb  DrvHTG12832.o [1]
drv_htg_write_data      0x00a6a7   0x6f  Code  Gb  DrvHTG12832.o [1]
drv_keypad_scan         0x00aa23  0x1e7  Code  Gb  DrvKeyboard.o [1]
exit                    0x00e747    0x3  Code  Gb  exit.o [4]
get_key_value           0x00bccc   0xe5  Code  Gb  ApiKeyboard.o [1]
htg_delay_ms            0x00a747   0x1e  Code  Lc  DrvHTG12832.o [1]
htg_initial             0x00a765   0x5b  Code  Lc  DrvHTG12832.o [1]
key_scan_board          0x00b3e2  0x139  Code  Gb  DrvKeyboard.o [1]
main                    0x00e73b    0x3  Code  Gb  main.o [1]
main_app                0x00c04c   0xd7  Code  Gb  System.o [1]
mcu_gt20_initial        0x00db18   0x30  Code  Lc  DrvGT20L16S1Y.o [1]
mcu_key_pad_out         0x00cc55   0x8a  Code  Gb  DrvKeyboard.o [1]
mcu_key_pad_read        0x00ceb1   0x6c  Code  Gb  DrvKeyboard.o [1]
mcu_key_pad_set         0x00b51b  0x136  Code  Gb  DrvKeyboard.o [1]
mcu_lcd_initial         0x00a7c0   0x48  Code  Lc  DrvHTG12832.o [1]
memcmp                  0x00da11   0x36  Code  Gb  memcmp.o [4]
memcpy                  0x00ddb0   0x25  Code  Gb  memcpy.o [4]
memset                  0x00e125   0x17  Code  Gb  memset.o [4]
pack_data               0x009eb6  0x296  Code  Lc  ApiGpsCmd.o [1]
strlen                  0x00e29f   0x12  Code  Gb  strlen.o [4]
ucAtPocHead             0x000038    0x2  Data  Gb  ApiPocCmd.o [1]
ucCLVL                  0x000076    0x2  Data  Gb  Task.o [1]
ucCODECCTL              0x00007a    0x2  Data  Gb  Task.o [1]
ucCSQ                   0x000080    0x2  Data  Gb  Task.o [1]
ucCaretPPPCFG           0x00001d    0x2  Data  Gb  ApiAtCmd.o [1]
ucCheckCard             0x000033    0x2  Data  Gb  ApiAtCmd.o [1]
ucCheckPPP              0x00002b    0x2  Data  Gb  ApiAtCmd.o [1]
ucCheckRssi             0x000031    0x2  Data  Gb  ApiAtCmd.o [1]
ucCheckTcp              0x000021    0x2  Data  Gb  ApiAtCmd.o [1]
ucEndPTT                0x000072    0x2  Data  Gb  Task.o [1]
ucGD83Reset             0x00006c    0x2  Data  Gb  System.o [1]
ucOSSYSHWID             0x00007c    0x2  Data  Gb  Task.o [1]
ucPPPCFG                0x000082    0x2  Data  Gb  Task.o [1]
ucPlayZtts              0x00001f    0x2  Data  Gb  ApiAtCmd.o [1]
ucPocOpenConfig         0x000086    0x2  Data  Gb  Task.o [1]
ucPrefmode              0x00007e    0x2  Data  Gb  Task.o [1]
ucQuitPersonalCalling   0x000035    0x2  Data  Gb  ApiKeyboard.o [1]
ucRequestUserListInfo   0x000074    0x2  Data  Gb  Task.o [1]
ucRxCSQ31               0x000015    0x2  Data  Gb  ApiAtCmd.o [1]
ucRxCSQ99               0x000017    0x2  Data  Gb  ApiAtCmd.o [1]
ucRxCheckCard           0x000011    0x2  Data  Gb  ApiAtCmd.o [1]
ucRxCheckPppClose       0x00002f    0x2  Data  Gb  ApiAtCmd.o [1]
ucRxCheckPppOpen        0x00002d    0x2  Data  Gb  ApiAtCmd.o [1]
ucRxCheckTcp            0x000027    0x2  Data  Gb  ApiAtCmd.o [1]
ucRxOkHeadInfo          0x000040    0x2  Data  Gb  DrvGD83.o [1]
ucRxPocHeadInfo         0x00003e    0x2  Data  Gb  DrvGD83.o [1]
ucRxTcpDataHeadInfo     0x000042    0x2  Data  Gb  DrvGD83.o [1]
ucRxZTTS0               0x000013    0x2  Data  Gb  ApiAtCmd.o [1]
ucSIMST1                0x000019    0x2  Data  Gb  ApiAtCmd.o [1]
ucSIMST255              0x00001b    0x2  Data  Gb  ApiAtCmd.o [1]
ucSendTcp               0x000025    0x2  Data  Gb  ApiAtCmd.o [1]
ucSetIPAndID            0x00003a    0x2  Data  Gb  ApiPocCmd.o [1]
ucSetIp                 0x000023    0x2  Data  Gb  ApiAtCmd.o [1]
ucSetParamConfig        0x00006e    0x2  Data  Gb  Task.o [1]
ucStartPTT              0x000070    0x2  Data  Gb  Task.o [1]
ucTxPocHeadInfo         0x00003c    0x2  Data  Gb  DrvGD83.o [1]
ucVGR                   0x000078    0x2  Data  Gb  Task.o [1]
ucZTTS_Abell            0x000084    0x2  Data  Gb  Task.o [1]
ucZpppOpen              0x000029    0x2  Data  Gb  ApiAtCmd.o [1]
x                       0x0015fc    0x1  Data  Gb  Task.o [1]


[1] = E:\1-source\A508\PRJ\Debug\Obj
[2] = command line
[3] = dbgstm8smd.a
[4] = dlstm8smn.a

  24 018 bytes of readonly  code memory
   2 449 bytes of readonly  data memory
   5 885 bytes of readwrite data memory

Errors: none
Warnings: none
