###############################################################################
#
# IAR ELF Linker V2.20.1.176 for STM8                     22/Nov/2017  19:45:46
# Copyright 2010-2015 IAR Systems AB.
#
#    Output file  =  E:\1-source\A508\PRJ\Debug\Exe\A508_DEMO1.out
#    Map file     =  E:\1-source\A508\PRJ\Debug\List\A508_DEMO1.map
#    Command line =  
#        E:\1-source\A508\PRJ\Debug\Obj\ApiAtCmd.o
#        E:\1-source\A508\PRJ\Debug\Obj\ApiDisplay.o
#        E:\1-source\A508\PRJ\Debug\Obj\ApiKeyboard.o
#        E:\1-source\A508\PRJ\Debug\Obj\ApiPocCmd.o
#        E:\1-source\A508\PRJ\Debug\Obj\Beep.o
#        E:\1-source\A508\PRJ\Debug\Obj\CommonLib.o
#        E:\1-source\A508\PRJ\Debug\Obj\Delay.o
#        E:\1-source\A508\PRJ\Debug\Obj\DrvGD83.o
#        E:\1-source\A508\PRJ\Debug\Obj\DrvGT20L16S1Y.o
#        E:\1-source\A508\PRJ\Debug\Obj\DrvHTG12832.o
#        E:\1-source\A508\PRJ\Debug\Obj\DrvKeyboard.o
#        E:\1-source\A508\PRJ\Debug\Obj\main.o
#        E:\1-source\A508\PRJ\Debug\Obj\McuConfig.o
#        E:\1-source\A508\PRJ\Debug\Obj\stm8s_adc2.o
#        E:\1-source\A508\PRJ\Debug\Obj\stm8s_awu.o
#        E:\1-source\A508\PRJ\Debug\Obj\stm8s_beep.o
#        E:\1-source\A508\PRJ\Debug\Obj\stm8s_clk.o
#        E:\1-source\A508\PRJ\Debug\Obj\stm8s_exti.o
#        E:\1-source\A508\PRJ\Debug\Obj\stm8s_flash.o
#        E:\1-source\A508\PRJ\Debug\Obj\stm8s_gpio.o
#        E:\1-source\A508\PRJ\Debug\Obj\stm8s_i2c.o
#        E:\1-source\A508\PRJ\Debug\Obj\stm8s_it.o
#        E:\1-source\A508\PRJ\Debug\Obj\stm8s_itc.o
#        E:\1-source\A508\PRJ\Debug\Obj\stm8s_iwdg.o
#        E:\1-source\A508\PRJ\Debug\Obj\stm8s_rst.o
#        E:\1-source\A508\PRJ\Debug\Obj\stm8s_spi.o
#        E:\1-source\A508\PRJ\Debug\Obj\stm8s_tim1.o
#        E:\1-source\A508\PRJ\Debug\Obj\stm8s_tim2.o
#        E:\1-source\A508\PRJ\Debug\Obj\stm8s_tim3.o
#        E:\1-source\A508\PRJ\Debug\Obj\stm8s_tim4.o
#        E:\1-source\A508\PRJ\Debug\Obj\stm8s_uart1.o
#        E:\1-source\A508\PRJ\Debug\Obj\stm8s_uart3.o
#        E:\1-source\A508\PRJ\Debug\Obj\stm8s_wwdg.o
#        E:\1-source\A508\PRJ\Debug\Obj\sysclock.o
#        E:\1-source\A508\PRJ\Debug\Obj\System.o
#        E:\1-source\A508\PRJ\Debug\Obj\Task.o
#        E:\1-source\A508\PRJ\Debug\Obj\Tone.o
#        E:\1-source\A508\PRJ\Debug\Obj\Voice.o --redirect _Printf=_PrintfSmall
#        --redirect _Scanf=_ScanfSmall -o
#        E:\1-source\A508\PRJ\Debug\Exe\A508_DEMO1.out --map
#        E:\1-source\A508\PRJ\Debug\List\A508_DEMO1.map --config "C:\Program
#        Files\IAR Systems\Embedded Workbench
#        7.3\stm8\config\lnkstm8s007c8.icf" --config_def _CSTACK_SIZE=0x100
#        --config_def _HEAP_SIZE=0x100 --entry __iar_program_start --debug_lib
#
###############################################################################

*******************************************************************************
*** RUNTIME MODEL ATTRIBUTES
***

__SystemLibrary            = DLib
__code_model               = small
__core                     = stm8
__data_model               = medium
__dlib_file_descriptor     = 0
__dlib_full_locale_support = 0
__rt_version               = 4


*******************************************************************************
*** PLACEMENT SUMMARY
***

"A1":  place at start of [0x000000-0x0000ff] { rw section .vregs };
"A2":  place at end of [0x000000-0x0017ff] { block CSTACK };
"P2":  place in [from 0x000000 to 0x0017ff] {
          block HEAP, rw section __DLIB_PERTHREAD, rw section .far.bss,
          rw section .far.data, rw section .far.noinit,
          rw section .far_func.textrw, rw section .huge.bss,
          rw section .huge.data, rw section .huge.noinit,
          rw section .huge_func.textrw, rw section .iar.dynexit,
          rw section .near.bss, rw section .near.data, rw section .near.noinit,
          rw section .near_func.textrw };
"A3":  place at start of [0x008000-0x00ffff] { block INTVEC };
"P3":  place in [from 0x008000 to 0x00ffff] {
          ro section __DLIB_PERTHREAD_init, ro section .far.data_init,
          ro section .far_func.textrw_init, ro section .huge.data_init,
          ro section .huge_func.textrw_init, ro section .iar.init_table,
          ro section .init_array, ro section .near.data_init,
          ro section .near.rodata, ro section .near_func.text,
          ro section .near_func.textrw_init, ro section .tiny.data_init,
          ro section .tiny.rodata_init };

  Section            Kind      Address    Size  Object
  -------            ----      -------    ----  ------
"A1":                                     0x10
  .vregs             uninit   0x000000    0x10  vregs.o [4]
                            - 0x000010    0x10

"P2", part 1 of 2:                        0x49
  P2-1                        0x000010    0x49  <Init block>
    .near.data       inited   0x000010     0x2  ApiAtCmd.o [1]
    .near.data       inited   0x000012     0x2  ApiAtCmd.o [1]
    .near.data       inited   0x000014     0x2  ApiAtCmd.o [1]
    .near.data       inited   0x000016     0x2  ApiAtCmd.o [1]
    .near.data       inited   0x000018     0x2  ApiAtCmd.o [1]
    .near.data       inited   0x00001a     0x1  ApiKeyboard.o [1]
    .near.data       inited   0x00001b     0x2  ApiPocCmd.o [1]
    .near.data       inited   0x00001d     0x2  DrvGD83.o [1]
    .near.data       inited   0x00001f     0x2  DrvGD83.o [1]
    .near.data       inited   0x000021     0x2  DrvGD83.o [1]
    .near.data       inited   0x000023     0x8  DrvGT20L16S1Y.o [1]
    .near.data       inited   0x00002b    0x20  DrvGT20L16S1Y.o [1]
    .near.data       inited   0x00004b     0x2  System.o [1]
    .near.data       inited   0x00004d     0x2  Task.o [1]
    .near.data       inited   0x00004f     0x2  Task.o [1]
    .near.data       inited   0x000051     0x2  Task.o [1]
    .near.data       inited   0x000053     0x2  Task.o [1]
    .near.data       inited   0x000055     0x2  Task.o [1]
    .near.data       inited   0x000057     0x2  Task.o [1]
                            - 0x000059    0x49

"P2", part 2 of 2:                      0x119c
  .near.bss          zero     0x000059   0xbd1  ApiPocCmd.o [1]
  .near.bss          zero     0x000c2a   0x28a  DrvGD83.o [1]
  .near.bss          zero     0x000eb4   0x200  ApiDisplay.o [1]
  .near.bss          zero     0x0010b4    0x77  ApiAtCmd.o [1]
  .near.bss          zero     0x00112b    0x40  ApiDisplay.o [1]
  .near.bss          zero     0x00116b    0x32  DrvGD83.o [1]
  .near.bss          zero     0x00119d    0x14  System.o [1]
  .near.bss          zero     0x0011b1    0x12  Beep.o [1]
  .near.bss          zero     0x0011c3    0x12  Tone.o [1]
  .near.bss          zero     0x0011d5     0xb  Delay.o [1]
  .near.bss          zero     0x0011e0     0x6  Voice.o [1]
  .near.bss          zero     0x0011e6     0x4  ApiDisplay.o [1]
  .near.bss          zero     0x0011ea     0x2  DrvHTG12832.o [1]
  .near.bss          zero     0x0011ec     0x1  ApiAtCmd.o [1]
  .near.bss          zero     0x0011ed     0x1  ApiAtCmd.o [1]
  .near.bss          zero     0x0011ee     0x1  ApiAtCmd.o [1]
  .near.bss          zero     0x0011ef     0x1  ApiAtCmd.o [1]
  .near.bss          zero     0x0011f0     0x1  ApiKeyboard.o [1]
  .near.bss          zero     0x0011f1     0x1  ApiKeyboard.o [1]
  .near.bss          zero     0x0011f2     0x1  ApiKeyboard.o [1]
  .near.bss          zero     0x0011f3     0x1  DrvGD83.o [1]
  .near.bss          zero     0x0011f4     0x1  Task.o [1]
                            - 0x0011f5  0x119c

"A2":                                    0x100
  CSTACK                      0x001700   0x100  <Block>
    CSTACK           uninit   0x001700   0x100  <Block tail>
                            - 0x001800   0x100

"A3":                                     0x80
  INTVEC                      0x008000    0x80  <Block>
    .intvec          const    0x008000    0x80  interrupt.o [4]
                            - 0x008080    0x80

"P3":                                   0x384c
  .near_func.text    ro code  0x008080   0x635  DrvGD83.o [1]
  .near_func.text    ro code  0x0086b5   0x2ed  Beep.o [1]
  .near_func.text    ro code  0x0089a2   0x295  ApiKeyboard.o [1]
  .near_func.text    ro code  0x008c37   0x219  DrvHTG12832.o [1]
  .near_func.text    ro code  0x008e50   0x1ef  ApiPocCmd.o [1]
  .near_func.text    ro code  0x00903f   0x1e7  DrvKeyboard.o [1]
  .near_func.text    ro code  0x009226   0x19a  DrvGT20L16S1Y.o [1]
  .near_func.text    ro code  0x0093c0   0x17a  long.o [4]
  .near_func.text    ro code  0x00953a   0x139  DrvKeyboard.o [1]
  .near_func.text    ro code  0x009673   0x136  DrvKeyboard.o [1]
  .near_func.text    ro code  0x0097a9   0x134  stm8s_uart1.o [1]
  .near_func.text    ro code  0x0098dd   0x11e  vreg_util.o [4]
  .near_func.text    ro code  0x0099fb   0x101  stm8s_itc.o [1]
  .near_func.text    ro code  0x009afc    0xed  ApiPocCmd.o [1]
  .near_func.text    ro code  0x009be9    0xe5  ApiKeyboard.o [1]
  .near_func.text    ro code  0x009cce    0xe1  DrvGD83.o [1]
  .near_func.text    ro code  0x009daf    0xdf  ApiDisplay.o [1]
  .near_func.text    ro code  0x009e8e    0xdb  CommonLib.o [1]
  .near_func.text    ro code  0x009f69    0xc2  Task.o [1]
  .near_func.text    ro code  0x00a02b    0xbf  System.o [1]
  .near_func.text    ro code  0x00a0ea    0xb2  ApiDisplay.o [1]
  .near_func.text    ro code  0x00a19c    0xaf  stm8s_gpio.o [1]
  .near_func.text    ro code  0x00a24b    0xa2  Delay.o [1]
  .near_func.text    ro code  0x00a2ed    0xa2  stm8s_clk.o [1]
  .near_func.text    ro code  0x00a38f    0x99  stm8s_tim1.o [1]
  .near_func.text    ro code  0x00a428    0x99  Voice.o [1]
  .near_func.text    ro code  0x00a4c1    0x90  stm8s_uart1.o [1]
  .near_func.text    ro code  0x00a551    0x8a  DrvKeyboard.o [1]
  .near_func.text    ro code  0x00a5db    0x86  Task.o [1]
  .near_func.text    ro code  0x00a661    0x7f  ApiAtCmd.o [1]
  .near_func.text    ro code  0x00a6e0    0x7a  DrvGD83.o [1]
  .near_func.text    ro code  0x00a75a    0x73  Delay.o [1]
  .near_func.text    ro code  0x00a7cd    0x6c  DrvKeyboard.o [1]
  .near_func.text    ro code  0x00a839    0x6c  stm8s_uart1.o [1]
  .near_func.text    ro code  0x00a8a5    0x68  ApiAtCmd.o [1]
  .near_func.text    ro code  0x00a90d    0x67  Tone.o [1]
  .near_func.text    ro code  0x00a974    0x61  stm8s_tim1.o [1]
  .near_func.text    ro code  0x00a9d5    0x5f  DrvGT20L16S1Y.o [1]
  .near_func.text    ro code  0x00aa34    0x5a  DrvGT20L16S1Y.o [1]
  .near_func.text    ro code  0x00aa8e    0x58  ApiAtCmd.o [1]
  .near_func.text    ro code  0x00aae6    0x57  stm8s_clk.o [1]
  .near_func.text    ro code  0x00ab3d    0x54  Delay.o [1]
  .near.rodata       const    0x00ab91    0x53  Task.o [1]
  .near_func.text    ro code  0x00abe4    0x4e  Tone.o [1]
  .near_func.text    ro code  0x00ac32    0x4c  DrvGD83.o [1]
  .near_func.text    ro code  0x00ac7e    0x4c  DrvGT20L16S1Y.o [1]
  .near_func.text    ro code  0x00acca    0x4a  ApiDisplay.o [1]
  .near_func.text    ro code  0x00ad14    0x49  DrvGD83.o [1]
  .near_func.text    ro code  0x00ad5d    0x49  DrvGD83.o [1]
  .near_func.text    ro code  0x00ada6    0x49  DrvGD83.o [1]
  Initializer bytes  const    0x00adef    0x49  <for P2-1>
  .near_func.text    ro code  0x00ae38    0x47  long_util.o [4]
  .near_func.text    ro code  0x00ae7f    0x43  stm8s_tim1.o [1]
  .near_func.text    ro code  0x00aec2    0x3d  ApiAtCmd.o [1]
  .near_func.text    ro code  0x00aeff    0x39  short.o [4]
  .near_func.text    ro code  0x00af38    0x36  DrvGT20L16S1Y.o [1]
  .near_func.text    ro code  0x00af6e    0x36  stm8s_flash.o [1]
  .near_func.text    ro code  0x00afa4    0x36  memcmp.o [4]
  .near_func.text    ro code  0x00afda    0x33  ApiDisplay.o [1]
  .near_func.text    ro code  0x00b00d    0x33  DrvGT20L16S1Y.o [1]
  .near_func.text    ro code  0x00b040    0x32  Beep.o [1]
  .near_func.text    ro code  0x00b072    0x32  stm8s_uart1.o [1]
  .near_func.text    ro code  0x00b0a4    0x30  McuConfig.o [1]
  .near_func.text    ro code  0x00b0d4    0x30  sysclock.o [1]
  .near_func.text    ro code  0x00b104    0x2d  Delay.o [1]
  .near_func.text    ro code  0x00b131    0x2d  stm8s_uart1.o [1]
  .near_func.text    ro code  0x00b15e    0x2c  DrvGD83.o [1]
  .near.rodata       const    0x00b18a    0x2a  Task.o [1]
  .near_func.text    ro code  0x00b1b4    0x2a  McuConfig.o [1]
  .near.rodata       const    0x00b1de    0x29  Task.o [1]
  .near_func.text    ro code  0x00b207    0x28  Delay.o [1]
  .near_func.text    ro code  0x00b22f    0x28  init_small.o [4]
  .near_func.text    ro code  0x00b257    0x27  stm8s_flash.o [1]
  .near_func.text    ro code  0x00b27e    0x27  sysclock.o [1]
  .near_func.text    ro code  0x00b2a5    0x25  dc_util.o [4]
  .near_func.text    ro code  0x00b2ca    0x24  McuConfig.o [1]
  .near_func.text    ro code  0x00b2ee    0x24  stm8s_flash.o [1]
  .near_func.text    ro code  0x00b312    0x24  stm8s_tim1.o [1]
  .near_func.text    ro code  0x00b336    0x23  Tone.o [1]
  .iar.init_table    const    0x00b359    0x12  - Linker created -
  .near_func.text    ro code  0x00b36b    0x20  stm8s_it.o [1]
  .near_func.text    ro code  0x00b38b    0x1f  Delay.o [1]
  .near_func.text    ro code  0x00b3aa    0x1f  move.o [4]
  .near_func.text    ro code  0x00b3c9    0x1e  init_small.o [4]
  .near_func.text    ro code  0x00b3e7    0x1c  Delay.o [1]
  .near_func.text    ro code  0x00b403    0x1b  stm8s_it.o [1]
  .near_func.text    ro code  0x00b41e    0x1b  sysclock.o [1]
  .near_func.text    ro code  0x00b439    0x1a  Beep.o [1]
  .near_func.text    ro code  0x00b453    0x18  McuConfig.o [1]
  .near_func.text    ro code  0x00b46b    0x18  McuConfig.o [1]
  .near_func.text    ro code  0x00b483    0x18  McuConfig.o [1]
  .near_func.text    ro code  0x00b49b    0x17  McuConfig.o [1]
  .near_func.text    ro code  0x00b4b2    0x17  McuConfig.o [1]
  .near_func.text    ro code  0x00b4c9    0x17  McuConfig.o [1]
  .near_func.text    ro code  0x00b4e0    0x17  McuConfig.o [1]
  .near_func.text    ro code  0x00b4f7    0x17  McuConfig.o [1]
  .near_func.text    ro code  0x00b50e    0x17  init.o [4]
  .near_func.text    ro code  0x00b525    0x16  stm8s_flash.o [1]
  .near_func.text    ro code  0x00b53b    0x15  ApiDisplay.o [1]
  .near_func.text    ro code  0x00b550    0x14  DrvGT20L16S1Y.o [1]
  .near_func.text    ro code  0x00b564    0x14  __dbg_xxexit.o [3]
  .near_func.text    ro code  0x00b578    0x13  stm8s_clk.o [1]
  .near_func.text    ro code  0x00b58b    0x13  stm8s_tim3.o [1]
  .near_func.text    ro code  0x00b59e    0x13  cstartup.o [4]
  .near_func.text    ro code  0x00b5b1    0x12  ApiPocCmd.o [1]
  .near_func.text    ro code  0x00b5c3    0x12  strlen.o [4]
  .near_func.text    ro code  0x00b5d5    0x11  ApiPocCmd.o [1]
  .near.rodata       const    0x00b5e6    0x10  ApiDisplay.o [1]
  .near.rodata       const    0x00b5f6    0x10  ApiDisplay.o [1]
  .near.rodata       const    0x00b606    0x10  ApiKeyboard.o [1]
  .near.rodata       const    0x00b616    0x10  ApiKeyboard.o [1]
  .near.rodata       const    0x00b626    0x10  ApiKeyboard.o [1]
  .near.rodata       const    0x00b636    0x10  ApiKeyboard.o [1]
  .near.rodata       const    0x00b646    0x10  ApiKeyboard.o [1]
  .near.rodata       const    0x00b656    0x10  ApiKeyboard.o [1]
  .near.rodata       const    0x00b666    0x10  ApiKeyboard.o [1]
  .near.rodata       const    0x00b676    0x10  ApiKeyboard.o [1]
  .near.rodata       const    0x00b686    0x10  ApiKeyboard.o [1]
  .near.rodata       const    0x00b696    0x10  ApiKeyboard.o [1]
  .near.rodata       const    0x00b6a6    0x10  ApiKeyboard.o [1]
  .near.rodata       const    0x00b6b6    0x10  ApiKeyboard.o [1]
  .near.rodata       const    0x00b6c6    0x10  ApiKeyboard.o [1]
  .near.rodata       const    0x00b6d6    0x10  ApiKeyboard.o [1]
  .near.rodata       const    0x00b6e6    0x10  ApiKeyboard.o [1]
  .near.rodata       const    0x00b6f6    0x10  ApiKeyboard.o [1]
  .near.rodata       const    0x00b706    0x10  ApiKeyboard.o [1]
  .near_func.text    ro code  0x00b716     0xf  Voice.o [1]
  .near.rodata       const    0x00b725     0xe  System.o [1]
  .near.rodata       const    0x00b733     0xd  ApiPocCmd.o [1]
  .near.rodata       const    0x00b740     0xd  Task.o [1]
  .near_func.text    ro code  0x00b74d     0xd  stm8s_tim1.o [1]
  .near_func.text    ro code  0x00b75a     0xd  stm8s_tim1.o [1]
  .near_func.text    ro code  0x00b767     0xd  stm8s_tim1.o [1]
  .near_func.text    ro code  0x00b774     0xd  stm8s_tim3.o [1]
  .near_func.text    ro code  0x00b781     0xd  stm8s_tim3.o [1]
  .near_func.text    ro code  0x00b78e     0xd  stm8s_uart1.o [1]
  .near_func.text    ro code  0x00b79b     0xc  McuConfig.o [1]
  .near_func.text    ro code  0x00b7a7     0xc  McuConfig.o [1]
  .near_func.text    ro code  0x00b7b3     0xc  McuConfig.o [1]
  .near_func.text    ro code  0x00b7bf     0xc  McuConfig.o [1]
  .near_func.text    ro code  0x00b7cb     0xc  stm8s_tim3.o [1]
  .near.rodata       const    0x00b7d7     0xb  Task.o [1]
  .near_func.text    ro code  0x00b7e2     0xb  char.o [4]
  .near.rodata       const    0x00b7ed     0xa  ApiAtCmd.o [1]
  .near_func.text    ro code  0x00b7f7     0xa  ApiPocCmd.o [1]
  .near.rodata       const    0x00b801     0x9  ApiAtCmd.o [1]
  .near.rodata       const    0x00b80a     0x9  ApiAtCmd.o [1]
  .near.rodata       const    0x00b813     0x9  DrvGD83.o [1]
  .near.rodata       const    0x00b81c     0x9  System.o [1]
  .near_func.text    ro code  0x00b825     0x9  stm8s_gpio.o [1]
  .near_func.text    ro code  0x00b82e     0x9  stm8s_tim3.o [1]
  .near.rodata       const    0x00b837     0x8  ApiAtCmd.o [1]
  .near.rodata       const    0x00b83f     0x8  ApiDisplay.o [1]
  .near.rodata       const    0x00b847     0x8  ApiPocCmd.o [1]
  .near.rodata       const    0x00b84f     0x7  ApiAtCmd.o [1]
  .near.rodata       const    0x00b856     0x7  Task.o [1]
  .near.rodata       const    0x00b85d     0x7  Task.o [1]
  .near_func.text    ro code  0x00b864     0x7  stm8s_flash.o [1]
  .near_func.text    ro code  0x00b86b     0x7  stm8s_gpio.o [1]
  .near.rodata       const    0x00b872     0x6  DrvGD83.o [1]
  .near_func.text    ro code  0x00b878     0x5  stm8s_tim3.o [1]
  .near_func.text    ro code  0x00b87d     0x5  cexit.o [4]
  .near.rodata       const    0x00b882     0x4  stm8s_clk.o [1]
  .near_func.text    ro code  0x00b886     0x4  ApiPocCmd.o [1]
  .near_func.text    ro code  0x00b88a     0x4  ApiPocCmd.o [1]
  .near_func.text    ro code  0x00b88e     0x4  ApiPocCmd.o [1]
  .near_func.text    ro code  0x00b892     0x4  ApiPocCmd.o [1]
  .near_func.text    ro code  0x00b896     0x4  stm8s_gpio.o [1]
  .near_func.text    ro code  0x00b89a     0x4  stm8s_uart1.o [1]
  .near_func.text    ro code  0x00b89e     0x4  stm8s_uart1.o [1]
  .near.rodata       const    0x00b8a2     0x3  DrvGD83.o [1]
  .near_func.text    ro code  0x00b8a5     0x3  main.o [1]
  .near_func.text    ro code  0x00b8a8     0x3  interrupt.o [4]
  .near_func.text    ro code  0x00b8ab     0x3  low_level_init.o [4]
  .near_func.text    ro code  0x00b8ae     0x3  exit.o [4]
  .near_func.text    ro code  0x00b8b1     0x3  unhandled_exception.o [4]
  .near_func.text    ro code  0x00b8b4     0x1  stm8s_it.o [1]
  .near_func.text    ro code  0x00b8b5     0x1  stm8s_it.o [1]
  .near_func.text    ro code  0x00b8b6     0x1  stm8s_it.o [1]
  .near_func.text    ro code  0x00b8b7     0x1  stm8s_it.o [1]
  .near_func.text    ro code  0x00b8b8     0x1  stm8s_it.o [1]
  .near_func.text    ro code  0x00b8b9     0x1  stm8s_it.o [1]
  .near_func.text    ro code  0x00b8ba     0x1  stm8s_it.o [1]
  .near_func.text    ro code  0x00b8bb     0x1  stm8s_it.o [1]
  .near_func.text    ro code  0x00b8bc     0x1  stm8s_it.o [1]
  .near_func.text    ro code  0x00b8bd     0x1  stm8s_it.o [1]
  .near_func.text    ro code  0x00b8be     0x1  stm8s_it.o [1]
  .near_func.text    ro code  0x00b8bf     0x1  stm8s_it.o [1]
  .near_func.text    ro code  0x00b8c0     0x1  stm8s_it.o [1]
  .near_func.text    ro code  0x00b8c1     0x1  stm8s_it.o [1]
  .near_func.text    ro code  0x00b8c2     0x1  stm8s_it.o [1]
  .near_func.text    ro code  0x00b8c3     0x1  stm8s_it.o [1]
  .near_func.text    ro code  0x00b8c4     0x1  stm8s_it.o [1]
  .near_func.text    ro code  0x00b8c5     0x1  stm8s_it.o [1]
  .near_func.text    ro code  0x00b8c6     0x1  stm8s_it.o [1]
  .near_func.text    ro code  0x00b8c7     0x1  stm8s_it.o [1]
  .near_func.text    ro code  0x00b8c8     0x1  stm8s_it.o [1]
  .near_func.text    ro code  0x00b8c9     0x1  stm8s_it.o [1]
  .near_func.text    ro code  0x00b8ca     0x1  Task.o [1]
  .near_func.text    ro code  0x00b8cb     0x1  __dbg_break.o [3]
                            - 0x00b8cc  0x384c


*******************************************************************************
*** INIT TABLE
***

          Address   Size
          -------   ----
Zero (__iar_zero_init2)
    1 destination range, total size 0x119c:
          0x000059  0x119c

Copy (__iar_copy_init2)
    1 source range, total size 0x49:
          0x00adef    0x49
    1 destination range, total size 0x49:
          0x000010    0x49



*******************************************************************************
*** MODULE SUMMARY
***

    Module                 ro code  ro data  rw data
    ------                 -------  -------  -------
E:\1-source\A508\PRJ\Debug\Obj: [1]
    ApiAtCmd.o                 380       53      133
    ApiDisplay.o               547       40      580
    ApiKeyboard.o              890      273        4
    ApiPocCmd.o                793       23    3 027
    Beep.o                     825                18
    CommonLib.o                219
    Delay.o                    505                11
    DrvGD83.o                2 275       24      707
    DrvGT20L16S1Y.o            796       40       40
    DrvHTG12832.o              537                 2
    DrvKeyboard.o            1 356
    McuConfig.o                361
    System.o                   191       25       22
    Task.o                     329      216       13
    Tone.o                     216                18
    Voice.o                    168                 6
    main.o                       3
    stm8s_clk.o                268        4
    stm8s_flash.o              158
    stm8s_gpio.o               195
    stm8s_it.o                  81
    stm8s_itc.o                257
    stm8s_tim1.o               392
    stm8s_tim3.o                71
    stm8s_uart1.o              676
    sysclock.o                 114
    ------------------------------------------------
    Total:                  12 603      698    4 581

command line: [2]
    ------------------------------------------------
    Total:

dbgstm8smd.a: [3]
    __dbg_break.o                1
    __dbg_xxexit.o              20
    ------------------------------------------------
    Total:                      21

dlstm8smn.a: [4]
    cexit.o                      5
    char.o                      11
    cstartup.o                  19
    dc_util.o                   37
    exit.o                       3
    init.o                      23
    init_small.o                70
    interrupt.o                  3      128
    long.o                     378
    long_util.o                 71
    low_level_init.o             3
    memcmp.o                    54
    move.o                      31
    short.o                     57
    strlen.o                    18
    unhandled_exception.o        3
    vreg_util.o                286
    vregs.o                                       16
    ------------------------------------------------
    Total:                   1 072      128       16

    Linker created                       18      256
----------------------------------------------------
    Grand Total:            13 696      844    4 853


*******************************************************************************
*** ENTRY LIST
***

Entry                    Address   Size  Type      Object
-----                    -------   ----  ----      ------
.iar.init_table$$Base   0x00b359          --   Gb  - Linker created -
.iar.init_table$$Limit  0x00b36b          --   Gb  - Linker created -
?add32_l0_l0_0x         0x0093c3         Code  Gb  long.o [4]
?add32_l0_l0_l1         0x0093c0         Code  Gb  long.o [4]
?b0                     0x000000         Data  Gb  vregs.o [4]
?b1                     0x000001         Data  Gb  vregs.o [4]
?b10                    0x00000a         Data  Gb  vregs.o [4]
?b11                    0x00000b         Data  Gb  vregs.o [4]
?b12                    0x00000c         Data  Gb  vregs.o [4]
?b13                    0x00000d         Data  Gb  vregs.o [4]
?b14                    0x00000e         Data  Gb  vregs.o [4]
?b15                    0x00000f         Data  Gb  vregs.o [4]
?b2                     0x000002         Data  Gb  vregs.o [4]
?b3                     0x000003         Data  Gb  vregs.o [4]
?b4                     0x000004         Data  Gb  vregs.o [4]
?b5                     0x000005         Data  Gb  vregs.o [4]
?b6                     0x000006         Data  Gb  vregs.o [4]
?b7                     0x000007         Data  Gb  vregs.o [4]
?b8                     0x000008         Data  Gb  vregs.o [4]
?b9                     0x000009         Data  Gb  vregs.o [4]
?dc32_l0                0x00b2a5         Code  Gb  dc_util.o [4]
?dc32_l1                0x00b2b2         Code  Gb  dc_util.o [4]
?dc32_px                0x00b2bf         Code  Gb  dc_util.o [4]
?e0                     0x000001         Data  Gb  vregs.o [4]
?e1                     0x000005         Data  Gb  vregs.o [4]
?e2                     0x000009         Data  Gb  vregs.o [4]
?e3                     0x00000d         Data  Gb  vregs.o [4]
?epilogue_l2            0x009984         Code  Gb  vreg_util.o [4]
?epilogue_l2_l3         0x009981         Code  Gb  vreg_util.o [4]
?epilogue_l2_w6         0x009988         Code  Gb  vreg_util.o [4]
?epilogue_w4            0x00998f         Code  Gb  vreg_util.o [4]
?l0                     0x000000         Data  Gb  vregs.o [4]
?l1                     0x000004         Data  Gb  vregs.o [4]
?l2                     0x000008         Data  Gb  vregs.o [4]
?l3                     0x00000c         Data  Gb  vregs.o [4]
?load32_0x_l0           0x00ae71         Code  Gb  long_util.o [4]
?load32_asp_l0          0x00ae65         Code  Gb  long_util.o [4]
?load32_dbsp_l0         0x00ae60         Code  Gb  long_util.o [4]
?load32_l0_0x           0x00ae48         Code  Gb  long_util.o [4]
?load32_l0_asp          0x00ae3d         Code  Gb  long_util.o [4]
?load32_l0_dbsp         0x00ae38         Code  Gb  long_util.o [4]
?load32_l0_xsp          0x00ae3f         Code  Gb  long_util.o [4]
?load32_l1_0x           0x00ae54         Code  Gb  long_util.o [4]
?load32_xsp_l0          0x00ae67         Code  Gb  long_util.o [4]
?longfarg16_v_w0_a      0x00b3b7         Code  Gb  move.o [4]
?longfarg16_v_w0_x      0x00b3b9         Code  Gb  move.o [4]
?mov_e0_e1              0x009996         Code  Gb  vreg_util.o [4]
?mov_e0_e2              0x0099a3         Code  Gb  vreg_util.o [4]
?mov_e0_e3              0x0099b0         Code  Gb  vreg_util.o [4]
?mov_e1_e0              0x0099bd         Code  Gb  vreg_util.o [4]
?mov_e1_e2              0x0099ca         Code  Gb  vreg_util.o [4]
?mov_e1_e3              0x0099d7         Code  Gb  vreg_util.o [4]
?mov_e2_e0              0x0099e4         Code  Gb  vreg_util.o [4]
?mov_e3_e0              0x0099f1         Code  Gb  vreg_util.o [4]
?mov_l0_l1              0x009993         Code  Gb  vreg_util.o [4]
?mov_l0_l2              0x0099a0         Code  Gb  vreg_util.o [4]
?mov_l0_l3              0x0099ad         Code  Gb  vreg_util.o [4]
?mov_l1_l0              0x0099ba         Code  Gb  vreg_util.o [4]
?mov_l1_l2              0x0099c7         Code  Gb  vreg_util.o [4]
?mov_l1_l3              0x0099d4         Code  Gb  vreg_util.o [4]
?mov_l2_l0              0x0099e1         Code  Gb  vreg_util.o [4]
?mov_l3_l0              0x0099ee         Code  Gb  vreg_util.o [4]
?mov_w1_w3              0x009999         Code  Gb  vreg_util.o [4]
?mov_w1_w5              0x0099a6         Code  Gb  vreg_util.o [4]
?mov_w1_w7              0x0099b3         Code  Gb  vreg_util.o [4]
?mov_w3_w1              0x0099c0         Code  Gb  vreg_util.o [4]
?mov_w3_w5              0x0099cd         Code  Gb  vreg_util.o [4]
?mov_w3_w7              0x0099da         Code  Gb  vreg_util.o [4]
?mov_w5_w1              0x0099e7         Code  Gb  vreg_util.o [4]
?mov_w7_w1              0x0099f4         Code  Gb  vreg_util.o [4]
?move1616_v_x_y_a       0x00b3aa         Code  Gb  move.o [4]
?mul16_x_x_w0           0x00aeff         Code  Gb  short.o [4]
?mul32_l0_l0_0x         0x0093f9         Code  Gb  long.o [4]
?mul32_l0_l0_dl         0x0093f6         Code  Gb  long.o [4]
?mul32_l0_l0_l1         0x009402         Code  Gb  long.o [4]
?or32_l0_l0_0x          0x0094f5         Code  Gb  long.o [4]
?pop_l0                 0x00994d         Code  Gb  vreg_util.o [4]
?pop_l1                 0x009958         Code  Gb  vreg_util.o [4]
?pop_l2                 0x009963         Code  Gb  vreg_util.o [4]
?pop_l3                 0x00996e         Code  Gb  vreg_util.o [4]
?pop_w4                 0x0098ff         Code  Gb  vreg_util.o [4]
?pop_w6                 0x009906         Code  Gb  vreg_util.o [4]
?pop_w7                 0x00990d         Code  Gb  vreg_util.o [4]
?push_l0                0x00991c         Code  Gb  vreg_util.o [4]
?push_l1                0x009921         Code  Gb  vreg_util.o [4]
?push_l2                0x009926         Code  Gb  vreg_util.o [4]
?push_l3                0x00992b         Code  Gb  vreg_util.o [4]
?push_w4                0x0098dd         Code  Gb  vreg_util.o [4]
?push_w6                0x0098e2         Code  Gb  vreg_util.o [4]
?push_w7                0x0098e7         Code  Gb  vreg_util.o [4]
?sext16_x_a             0x00af31         Code  Gb  short.o [4]
?sext32_l0_x            0x00952f         Code  Gb  long.o [4]
?sll16_x_x_4            0x00af27         Code  Gb  short.o [4]
?sll16_x_x_5            0x00af26         Code  Gb  short.o [4]
?sll16_x_x_6            0x00af25         Code  Gb  short.o [4]
?sll16_x_x_a            0x00af1d         Code  Gb  short.o [4]
?sll32_0x_0x_a          0x009510         Code  Gb  long.o [4]
?sll32_l0_l0_a          0x00950d         Code  Gb  long.o [4]
?sra8_a_a_4             0x00b7e8         Code  Gb  char.o [4]
?srl16_x_x_4            0x00af2c         Code  Gb  short.o [4]
?srl32_0x_0x_a          0x009521         Code  Gb  long.o [4]
?srl32_l0_l0_a          0x00951e         Code  Gb  long.o [4]
?srl8_a_a_5             0x00b7e3         Code  Gb  char.o [4]
?srl8_a_a_6             0x00b7e2         Code  Gb  char.o [4]
?sub32_l0_l0_0x         0x0093de         Code  Gb  long.o [4]
?sub32_l0_l0_l1         0x0093db         Code  Gb  long.o [4]
?udiv32_l0_dl_l1        0x009480         Code  Gb  long.o [4]
?udiv32_l0_l0_dl        0x009485         Code  Gb  long.o [4]
?udiv32_l0_l0_l1        0x009488         Code  Gb  long.o [4]
?umod32_l1_l0_l1        0x009488         Code  Gb  long.o [4]
?w0                     0x000000         Data  Gb  vregs.o [4]
?w1                     0x000002         Data  Gb  vregs.o [4]
?w2                     0x000004         Data  Gb  vregs.o [4]
?w3                     0x000006         Data  Gb  vregs.o [4]
?w4                     0x000008         Data  Gb  vregs.o [4]
?w5                     0x00000a         Data  Gb  vregs.o [4]
?w6                     0x00000c         Data  Gb  vregs.o [4]
?w7                     0x00000e         Data  Gb  vregs.o [4]
ADC2_IRQHandler         0x00b8c7    0x1  Code  Gb  stm8s_it.o [1]
AF_Mute_Init            0x00b7a7    0xc  Code  Gb  McuConfig.o [1]
AUDIO_IOAFMUT           0x00b4e0   0x17  Code  Gb  McuConfig.o [1]
AUDIO_IOAFPOW           0x00b4f7   0x17  Code  Gb  McuConfig.o [1]
AWU_IRQHandler          0x00b8b6    0x1  Code  Gb  stm8s_it.o [1]
ApiAtCmd_10msRenew      0x00a661   0x7f  Code  Gb  ApiAtCmd.o [1]
ApiAtCmd_GetGroupName   0x00b5d5   0x11  Code  Gb  ApiPocCmd.o [1]
ApiAtCmd_GetGroupNameLen
                        0x00b5b1   0x12  Code  Gb  ApiPocCmd.o [1]
ApiAtCmd_GetGroupNum    0x00b88e    0x4  Code  Gb  ApiPocCmd.o [1]
ApiAtCmd_GetLoginState  0x00b7f7    0xa  Code  Gb  ApiPocCmd.o [1]
ApiAtCmd_GetMainGroupId
                        0x00b892    0x4  Code  Gb  ApiPocCmd.o [1]
ApiAtCmd_GetMainWorkName
                        0x00b886    0x4  Code  Gb  ApiPocCmd.o [1]
ApiAtCmd_GetMainWorkNameLen
                        0x00b88a    0x4  Code  Gb  ApiPocCmd.o [1]
ApiAtCmd_PlayVoice      0x00a8a5   0x68  Code  Gb  ApiAtCmd.o [1]
ApiAtCmd_WritCommand    0x00aa8e   0x58  Code  Gb  ApiAtCmd.o [1]
ApiCaretCmd_10msRenew   0x00aec2   0x3d  Code  Gb  ApiAtCmd.o [1]
ApiPocCmd_10msRenew     0x008e50  0x1ef  Code  Gb  ApiPocCmd.o [1]
ApiPocCmd_WritCommand   0x009afc   0xed  Code  Gb  ApiPocCmd.o [1]
AtCmdDrvobj             0x0010b4   0x77  Data  Lc  ApiAtCmd.o [1]
AtNotify_Queue          0x0080cc   0x4c  Code  Lc  DrvGD83.o [1]
AtNotify_Queue_Start    0x008118   0x55  Code  Lc  DrvGD83.o [1]
BEEP_Interrupt10ms      0x00b439   0x1a  Code  Gb  Beep.o [1]
BEEP_PowerOnInitial     0x0088e6   0xbc  Code  Gb  Beep.o [1]
BEEP_SetOutput          0x0086b5  0x231  Code  Gb  Beep.o [1]
BEEP_Time               0x00b040   0x32  Code  Gb  Beep.o [1]
BaseAdd                 0x00002b   0x20  Data  Gb  DrvGT20L16S1Y.o [1]
BeepDrvObj              0x0011b1   0x12  Data  Lc  Beep.o [1]
BitTab                  0x00b83f    0x8  Data  Gb  ApiDisplay.o [1]
BootProcess_PPPCFG_Flag
                        0x0011ed    0x1  Data  Gb  ApiAtCmd.o [1]
BootProcess_SIMST_Flag  0x0011ec    0x1  Data  Gb  ApiAtCmd.o [1]
CHAR_HIGH               0x00b5e6   0x10  Data  Gb  ApiDisplay.o [1]
CHAR_WIDTH              0x00b5f6   0x10  Data  Gb  ApiDisplay.o [1]
CLK_ClockSwitchConfig   0x00a2ed   0xa2  Code  Gb  stm8s_clk.o [1]
CLK_GetClockFreq        0x00aae6   0x57  Code  Gb  stm8s_clk.o [1]
CLK_HSIPrescalerConfig  0x00b578   0x13  Code  Gb  stm8s_clk.o [1]
CLK_IRQHandler          0x00b8b7    0x1  Code  Gb  stm8s_it.o [1]
COML_AscToHex           0x009e8e   0xdb  Code  Gb  CommonLib.o [1]
CSTACK$$Base            0x001700          --   Gb  - Linker created -
CSTACK$$Limit           0x001800          --   Gb  - Linker created -
C_TEST_OUT_SET          0x00b7bf    0xc  Code  Gb  McuConfig.o [1]
CaretNotify_Queue       0x00ac32   0x4c  Code  Lc  DrvGD83.o [1]
CaretNotify_Queue_Start
                        0x0081c2   0x55  Code  Lc  DrvGD83.o [1]
DEL_1msProcess          0x00b122    0x9  Code  Lc  Delay.o [1]
DEL_500msProcess        0x00b104   0x1e  Code  Lc  Delay.o [1]
DEL_GetTimer            0x00ab3d   0x54  Code  Gb  Delay.o [1]
DEL_Interrupt           0x00a24b   0xa2  Code  Gb  Delay.o [1]
DEL_PowerOnInitial      0x00b38b   0x1f  Code  Gb  Delay.o [1]
DEL_Renew               0x00b12b    0x6  Code  Gb  Delay.o [1]
DEL_SetTimer            0x00a75a   0x73  Code  Gb  Delay.o [1]
DEL_Soft1ms             0x00b3e7   0x1c  Code  Gb  Delay.o [1]
DEL_TimerRenew          0x00b207   0x28  Code  Lc  Delay.o [1]
DISP_DataBuf            0x009daf   0xdf  Code  Lc  ApiDisplay.o [1]
DISP_MulTypePro         0x00a0ea   0xb2  Code  Lc  ApiDisplay.o [1]
DefaultSystemClockForHSI
                        0x00b41e   0x1b  Code  Gb  sysclock.o [1]
DelDrvObj               0x0011d5    0xb  Data  Lc  Delay.o [1]
DisDataBit              0x00112b   0x40  Data  Gb  ApiDisplay.o [1]
DisDataBuf              0x000eb4  0x200  Data  Gb  ApiDisplay.o [1]
DisDrvObj               0x0011e6    0x4  Data  Lc  ApiDisplay.o [1]
DrvGD83DrvObj           0x000c2a  0x28a  Data  Lc  DrvGD83.o [1]
DrvGD83_Init            0x00b46b   0x18  Code  Gb  McuConfig.o [1]
DrvGD83_UART_TxCommand  0x00a6e0   0x7a  Code  Gb  DrvGD83.o [1]
DrvMC8332_AtNotify_Queue_front
                        0x00ad5d   0x49  Code  Gb  DrvGD83.o [1]
DrvMC8332_CaretNotify_Queue_front
                        0x00ad14   0x49  Code  Gb  DrvGD83.o [1]
DrvMC8332_PocNotify_Queue_front
                        0x00ada6   0x49  Code  Gb  DrvGD83.o [1]
DrvMC8332_TxPort_SetValidable
                        0x00b15e   0x2c  Code  Gb  DrvGD83.o [1]
DrvMC8332_UART_Interrupt
                        0x00836c  0x349  Code  Gb  DrvGD83.o [1]
DrvMc8332_UART_TxTail   0x009cce   0xe1  Code  Gb  DrvGD83.o [1]
EEPROM_EEC_IRQHandler   0x00b8c9    0x1  Code  Gb  stm8s_it.o [1]
EXTI_PORTA_IRQHandler   0x00b8b8    0x1  Code  Gb  stm8s_it.o [1]
EXTI_PORTB_IRQHandler   0x00b8b9    0x1  Code  Gb  stm8s_it.o [1]
EXTI_PORTC_IRQHandler   0x00b8ba    0x1  Code  Gb  stm8s_it.o [1]
EXTI_PORTD_IRQHandler   0x00b8bb    0x1  Code  Gb  stm8s_it.o [1]
EXTI_PORTE_IRQHandler   0x00b8bc    0x1  Code  Gb  stm8s_it.o [1]
FLASH_EraseOptionByte   0x00b257   0x27  Code  Gb  stm8s_flash.o [1]
FLASH_Lock              0x00b864    0x7  Code  Gb  stm8s_flash.o [1]
FLASH_ProgramOptionByte
                        0x00b2ee   0x24  Code  Gb  stm8s_flash.o [1]
FLASH_Unlock            0x00b525   0x16  Code  Gb  stm8s_flash.o [1]
FLASH_WaitForLastOperation
                        0x00af6e   0x36  Code  Gb  stm8s_flash.o [1]
GD83_ON                 0x00b483   0x18  Code  Gb  McuConfig.o [1]
GPIO_Init               0x00a19c   0xaf  Code  Gb  stm8s_gpio.o [1]
GPIO_ReadInputPin       0x00b825    0x9  Code  Gb  stm8s_gpio.o [1]
GPIO_WriteHigh          0x00b86b    0x7  Code  Gb  stm8s_gpio.o [1]
GPIO_WriteLow           0x00b896    0x4  Code  Gb  stm8s_gpio.o [1]
GT20_DelTime            0x00b550   0x14  Code  Lc  DrvGT20L16S1Y.o [1]
GT20_GetData            0x00a9d5   0x5f  Code  Lc  DrvGT20L16S1Y.o [1]
GT20_GetDisData         0x00af38   0x36  Code  Lc  DrvGT20L16S1Y.o [1]
GT20_SendByte           0x00aa34   0x5a  Code  Lc  DrvGT20L16S1Y.o [1]
GT20_SendCommand        0x00ac7e   0x4c  Code  Lc  DrvGT20L16S1Y.o [1]
GroupCallingNum         0x00001a    0x1  Data  Gb  ApiKeyboard.o [1]
HSE_ClockStartUpConfiguration
                        0x00b0d4   0x30  Code  Lc  sysclock.o [1]
HSIDivFactor            0x00b882    0x4  Data  Gb  stm8s_clk.o [1]
HtgDrvObj               0x0011ea    0x2  Data  Lc  DrvHTG12832.o [1]
I2C_IRQHandler          0x00b8c4    0x1  Code  Gb  stm8s_it.o [1]
INTVEC$$Base            0x008000          --   Gb  - Linker created -
INTVEC$$Limit           0x008080          --   Gb  - Linker created -
ITC_SetSoftwarePriority
                        0x0099fb  0x101  Code  Gb  stm8s_itc.o [1]
KeyDownCount            0x0011f0    0x1  Data  Gb  ApiKeyboard.o [1]
KeyDownUpChooseGroup_Flag
                        0x0011ef    0x1  Data  Gb  ApiAtCmd.o [1]
KeyUpCount              0x0011f1    0x1  Data  Gb  ApiKeyboard.o [1]
Key_Flag_0              0x0011f4    0x1  Data  Gb  Task.o [1]
Key_Flag_1              0x0011f2    0x1  Data  Gb  ApiKeyboard.o [1]
Key_Init                0x00b0a4   0x30  Code  Gb  McuConfig.o [1]
Keyboard_Test           0x0089a2  0x295  Code  Gb  ApiKeyboard.o [1]
LED_Init                0x00b453   0x18  Code  Gb  McuConfig.o [1]
MIC_GPIO_Init           0x00b79b    0xc  Code  Gb  McuConfig.o [1]
MIC_IOMUT               0x00b4c9   0x17  Code  Gb  McuConfig.o [1]
Noise_Mute_Init         0x00b7b3    0xc  Code  Gb  McuConfig.o [1]
Notify_Queue_Stop       0x008217  0x155  Code  Lc  DrvGD83.o [1]
PocCmdDrvobj            0x000059  0xbd1  Data  Lc  ApiPocCmd.o [1]
PocNotify_Queue         0x008080   0x4c  Code  Lc  DrvGD83.o [1]
PocNotify_Queue_Start   0x00816d   0x55  Code  Lc  DrvGD83.o [1]
Region$$Table$$Base     0x00b359          --   Gb  - Linker created -
Region$$Table$$Limit    0x00b36b          --   Gb  - Linker created -
SPI_IRQHandler          0x00b8bd    0x1  Code  Gb  stm8s_it.o [1]
Set_GreenLed            0x00b49b   0x17  Code  Gb  McuConfig.o [1]
Set_RedLed              0x00b4b2   0x17  Code  Gb  McuConfig.o [1]
SystemClock_Init        0x00b27e   0x27  Code  Gb  sysclock.o [1]
TASK_WriteFreq          0x00b8ca    0x1  Code  Gb  Task.o [1]
TIM1_CAP_COM_IRQHandler
                        0x00b8bf    0x1  Code  Gb  stm8s_it.o [1]
TIM1_CCxCmd             0x00ae7f   0x43  Code  Gb  stm8s_tim1.o [1]
TIM1_Cmd                0x00b74d    0xd  Code  Gb  stm8s_tim1.o [1]
TIM1_CtrlPWMOutputs     0x00b75a    0xd  Code  Gb  stm8s_tim1.o [1]
TIM1_DeInit             0x00a38f   0x99  Code  Gb  stm8s_tim1.o [1]
TIM1_OC1Init            0x00a974   0x61  Code  Gb  stm8s_tim1.o [1]
TIM1_OC1PreloadConfig   0x00b767    0xd  Code  Gb  stm8s_tim1.o [1]
TIM1_PWM_Init           0x00abe4   0x4e  Code  Gb  Tone.o [1]
TIM1_TimeBaseInit       0x00b312   0x24  Code  Gb  stm8s_tim1.o [1]
TIM1_UPD_OVF_TRG_BRK_IRQHandler
                        0x00b8be    0x1  Code  Gb  stm8s_it.o [1]
TIM2_CAP_COM_IRQHandler
                        0x00b8c1    0x1  Code  Gb  stm8s_it.o [1]
TIM2_UPD_OVF_BRK_IRQHandler
                        0x00b8c0    0x1  Code  Gb  stm8s_it.o [1]
TIM3_ARRPreloadConfig   0x00b781    0xd  Code  Gb  stm8s_tim3.o [1]
TIM3_CAP_COM_IRQHandler
                        0x00b8c2    0x1  Code  Gb  stm8s_it.o [1]
TIM3_ClearITPendingBit  0x00b878    0x5  Code  Gb  stm8s_tim3.o [1]
TIM3_Cmd                0x00b774    0xd  Code  Gb  stm8s_tim3.o [1]
TIM3_ITConfig           0x00b58b   0x13  Code  Gb  stm8s_tim3.o [1]
TIM3_PrescalerConfig    0x00b82e    0x9  Code  Gb  stm8s_tim3.o [1]
TIM3_TimeBaseInit       0x00b7cb    0xc  Code  Gb  stm8s_tim3.o [1]
TIM3_UPD_OVF_BRK_IRQHandler
                        0x00b403   0x1b  Code  Gb  stm8s_it.o [1]
TIM4_UPD_OVF_IRQHandler
                        0x00b8c8    0x1  Code  Gb  stm8s_it.o [1]
TLI_IRQHandler          0x00b8b5    0x1  Code  Gb  stm8s_it.o [1]
TONE_PowerOnInitial     0x00a90d   0x67  Code  Gb  Tone.o [1]
TONE_Start              0x00b33e   0x1b  Code  Gb  Tone.o [1]
TONE_Stop               0x00b336    0x8  Code  Gb  Tone.o [1]
TRAP_IRQHandler         0x00b8b4    0x1  Code  Gb  stm8s_it.o [1]
TaskDrvObj              0x00119d   0x14  Data  Lc  System.o [1]
Task_RunNormalOperation
                        0x009f69   0xc2  Code  Gb  Task.o [1]
Task_RunStart           0x00a5db   0x86  Code  Gb  Task.o [1]
Tim3_Timer_Init         0x00b2ca   0x24  Code  Gb  McuConfig.o [1]
TimeVal                 0x000023    0x8  Data  Gb  DrvGT20L16S1Y.o [1]
ToneDrvObj              0x0011c3   0x12  Data  Lc  Tone.o [1]
UART1_Cmd               0x00b78e    0xd  Code  Gb  stm8s_uart1.o [1]
UART1_DeInit            0x00b131   0x2d  Code  Gb  stm8s_uart1.o [1]
UART1_GetFlagStatus     0x00b072   0x32  Code  Gb  stm8s_uart1.o [1]
UART1_GetITStatus       0x00a4c1   0x90  Code  Gb  stm8s_uart1.o [1]
UART1_ITConfig          0x00a839   0x6c  Code  Gb  stm8s_uart1.o [1]
UART1_Init              0x0097a9  0x134  Code  Gb  stm8s_uart1.o [1]
UART1_RX_IRQHandler     0x00b36b   0x20  Code  Gb  stm8s_it.o [1]
UART1_ReceiveData8      0x00b89a    0x4  Code  Gb  stm8s_uart1.o [1]
UART1_SendData8         0x00b89e    0x4  Code  Gb  stm8s_uart1.o [1]
UART1_TX_IRQHandler     0x00b8c3    0x1  Code  Gb  stm8s_it.o [1]
UART3_RX_IRQHandler     0x00b8c6    0x1  Code  Gb  stm8s_it.o [1]
UART3_TX_IRQHandler     0x00b8c5    0x1  Code  Gb  stm8s_it.o [1]
Uart1_Init              0x00b1b4   0x2a  Code  Gb  McuConfig.o [1]
VOICE_1sProcess         0x00b716    0xf  Code  Gb  Voice.o [1]
VOICE_Renew             0x00a428   0x70  Code  Gb  Voice.o [1]
VOICE_SetOutput         0x00a498   0x29  Code  Gb  Voice.o [1]
VoiceDrvObj             0x0011e0    0x6  Data  Lc  Voice.o [1]
VoiceEnd_Flag           0x0011ee    0x1  Data  Gb  ApiAtCmd.o [1]
__DebugBreak            0x00b8cb    0x1  Code  Gb  __dbg_break.o [3]
__exit                  0x00b564   0x14  Code  Gb  __dbg_xxexit.o [3]
__iar_copy_init2        0x00b22f         Code  Gb  init_small.o [4]
__iar_data_init2        0x00b50e   0x17  Code  Gb  init.o [4]
__iar_program_start     0x00b59e         Code  Gb  cstartup.o [4]
__iar_unhandled_exception
                        0x00b8b1         Code  Gb  unhandled_exception.o [4]
__iar_zero_init2        0x00b3c9         Code  Gb  init_small.o [4]
__intvec                0x008000         Data  Gb  interrupt.o [4]
__low_level_init        0x00b8ab    0x3  Code  Gb  low_level_init.o [4]
_exit                   0x00b87d         Code  Gb  cexit.o [4]
_interrupt_1            0x00b8b4         Code  Gb  stm8s_it.o [1]
_interrupt_12           0x00b8bd         Code  Gb  stm8s_it.o [1]
_interrupt_13           0x00b8be         Code  Gb  stm8s_it.o [1]
_interrupt_14           0x00b8bf         Code  Gb  stm8s_it.o [1]
_interrupt_15           0x00b8c0         Code  Gb  stm8s_it.o [1]
_interrupt_16           0x00b8c1         Code  Gb  stm8s_it.o [1]
_interrupt_17           0x00b403         Code  Gb  stm8s_it.o [1]
_interrupt_18           0x00b8c2         Code  Gb  stm8s_it.o [1]
_interrupt_19           0x00b8c3         Code  Gb  stm8s_it.o [1]
_interrupt_2            0x00b8b5         Code  Gb  stm8s_it.o [1]
_interrupt_20           0x00b36b         Code  Gb  stm8s_it.o [1]
_interrupt_21           0x00b8c4         Code  Gb  stm8s_it.o [1]
_interrupt_22           0x00b8c5         Code  Gb  stm8s_it.o [1]
_interrupt_23           0x00b8c6         Code  Gb  stm8s_it.o [1]
_interrupt_24           0x00b8c7         Code  Gb  stm8s_it.o [1]
_interrupt_25           0x00b8c8         Code  Gb  stm8s_it.o [1]
_interrupt_26           0x00b8c9         Code  Gb  stm8s_it.o [1]
_interrupt_3            0x00b8b6         Code  Gb  stm8s_it.o [1]
_interrupt_4            0x00b8b7         Code  Gb  stm8s_it.o [1]
_interrupt_5            0x00b8b8         Code  Gb  stm8s_it.o [1]
_interrupt_6            0x00b8b9         Code  Gb  stm8s_it.o [1]
_interrupt_7            0x00b8ba         Code  Gb  stm8s_it.o [1]
_interrupt_8            0x00b8bb         Code  Gb  stm8s_it.o [1]
_interrupt_9            0x00b8bc         Code  Gb  stm8s_it.o [1]
api_disp_all_screen_refresh
                        0x00acca   0x4a  Code  Gb  ApiDisplay.o [1]
api_disp_char_output    0x00b53b   0x15  Code  Gb  ApiDisplay.o [1]
api_lcd_pwr_on_hint     0x00afda   0x33  Code  Gb  ApiDisplay.o [1]
drv_gt20_data_output    0x009226  0x19a  Code  Gb  DrvGT20L16S1Y.o [1]
drv_gt20_pwr_on_init    0x00b03d    0x3  Code  Gb  DrvGT20L16S1Y.o [1]
drv_htg_clr_allscr      0x008d55   0x31  Code  Gb  DrvHTG12832.o [1]
drv_htg_pwr_on_init     0x008e47    0x9  Code  Gb  DrvHTG12832.o [1]
drv_htg_reset           0x008c37    0x5  Code  Gb  DrvHTG12832.o [1]
drv_htg_set_address     0x008cab   0x3b  Code  Gb  DrvHTG12832.o [1]
drv_htg_write_command   0x008c3c   0x6f  Code  Gb  DrvHTG12832.o [1]
drv_htg_write_data      0x008ce6   0x6f  Code  Gb  DrvHTG12832.o [1]
drv_keypad_scan         0x00903f  0x1e7  Code  Gb  DrvKeyboard.o [1]
exit                    0x00b8ae    0x3  Code  Gb  exit.o [4]
get_key_value           0x009be9   0xe5  Code  Gb  ApiKeyboard.o [1]
htg_delay_ms            0x008d86   0x1e  Code  Lc  DrvHTG12832.o [1]
htg_initial             0x008da4   0x5b  Code  Lc  DrvHTG12832.o [1]
key_scan_board          0x00953a  0x139  Code  Gb  DrvKeyboard.o [1]
main                    0x00b8a5    0x3  Code  Gb  main.o [1]
main_app                0x00a02b   0xbf  Code  Gb  System.o [1]
mcu_gt20_initial        0x00b00d   0x30  Code  Lc  DrvGT20L16S1Y.o [1]
mcu_key_pad_out         0x00a551   0x8a  Code  Gb  DrvKeyboard.o [1]
mcu_key_pad_read        0x00a7cd   0x6c  Code  Gb  DrvKeyboard.o [1]
mcu_key_pad_set         0x009673  0x136  Code  Gb  DrvKeyboard.o [1]
mcu_lcd_initial         0x008dff   0x48  Code  Lc  DrvHTG12832.o [1]
memcmp                  0x00afa4   0x36  Code  Gb  memcmp.o [4]
strlen                  0x00b5c3   0x12  Code  Gb  strlen.o [4]
ucAtPocHead             0x00001b    0x2  Data  Gb  ApiPocCmd.o [1]
ucCaretPPPCFG           0x000018    0x2  Data  Gb  ApiAtCmd.o [1]
ucEndPTT                0x00004f    0x2  Data  Gb  Task.o [1]
ucGD83Reset             0x00004b    0x2  Data  Gb  System.o [1]
ucPPPCFG                0x000051    0x2  Data  Gb  Task.o [1]
ucPlayZtts              0x000010    0x2  Data  Gb  ApiAtCmd.o [1]
ucPocOpenConfig         0x000057    0x2  Data  Gb  Task.o [1]
ucRxCheckCard           0x000012    0x2  Data  Gb  ApiAtCmd.o [1]
ucRxOkHeadInfo          0x000021    0x2  Data  Gb  DrvGD83.o [1]
ucRxPocHeadInfo         0x00001f    0x2  Data  Gb  DrvGD83.o [1]
ucRxZTTS0               0x000014    0x2  Data  Gb  ApiAtCmd.o [1]
ucSIMST                 0x000016    0x2  Data  Gb  ApiAtCmd.o [1]
ucSetParamConfig        0x000055    0x2  Data  Gb  Task.o [1]
ucStartPTT              0x00004d    0x2  Data  Gb  Task.o [1]
ucTxPocHeadInfo         0x00001d    0x2  Data  Gb  DrvGD83.o [1]
ucZTTS_Abell            0x000053    0x2  Data  Gb  Task.o [1]


[1] = E:\1-source\A508\PRJ\Debug\Obj
[2] = command line
[3] = dbgstm8smd.a
[4] = dlstm8smn.a

  13 696 bytes of readonly  code memory
     844 bytes of readonly  data memory
   4 853 bytes of readwrite data memory

Errors: none
Warnings: none
