###############################################################################
#
# IAR ELF Linker V2.20.1.176 for STM8                     10/Feb/2018  10:31:01
# Copyright 2010-2015 IAR Systems AB.
#
#    Output file  =  E:\1-source\A508\PRJ\Debug\Exe\A508_DEMO1.out
#    Map file     =  E:\1-source\A508\PRJ\Debug\List\A508_DEMO1.map
#    Command line =  
#        E:\1-source\A508\PRJ\Debug\Obj\ADC.o
#        E:\1-source\A508\PRJ\Debug\Obj\ApiAtCmd.o
#        E:\1-source\A508\PRJ\Debug\Obj\ApiBeidou.o
#        E:\1-source\A508\PRJ\Debug\Obj\ApiDisplay.o
#        E:\1-source\A508\PRJ\Debug\Obj\ApiGpsCmd.o
#        E:\1-source\A508\PRJ\Debug\Obj\ApiKeyboard.o
#        E:\1-source\A508\PRJ\Debug\Obj\ApiLED.o
#        E:\1-source\A508\PRJ\Debug\Obj\ApiMenu.o
#        E:\1-source\A508\PRJ\Debug\Obj\ApiPocCmd.o
#        E:\1-source\A508\PRJ\Debug\Obj\Beep.o
#        E:\1-source\A508\PRJ\Debug\Obj\CommonLib.o
#        E:\1-source\A508\PRJ\Debug\Obj\Config.o
#        E:\1-source\A508\PRJ\Debug\Obj\Delay.o
#        E:\1-source\A508\PRJ\Debug\Obj\DrvGD83.o
#        E:\1-source\A508\PRJ\Debug\Obj\DrvGT20L16S1Y.o
#        E:\1-source\A508\PRJ\Debug\Obj\DrvHTG12832.o
#        E:\1-source\A508\PRJ\Debug\Obj\DrvKeyboard.o
#        E:\1-source\A508\PRJ\Debug\Obj\Flash_eeprom.o
#        E:\1-source\A508\SRC\Syetem\GT20L16_STM8_DOUBLE_MEDIUM_IAR.a
#        E:\1-source\A508\PRJ\Debug\Obj\GT20L16P1Y_D.o
#        E:\1-source\A508\PRJ\Debug\Obj\main.o
#        E:\1-source\A508\PRJ\Debug\Obj\McuConfig.o
#        E:\1-source\A508\PRJ\Debug\Obj\stm8s_adc2.o
#        E:\1-source\A508\PRJ\Debug\Obj\stm8s_awu.o
#        E:\1-source\A508\PRJ\Debug\Obj\stm8s_beep.o
#        E:\1-source\A508\PRJ\Debug\Obj\stm8s_clk.o
#        E:\1-source\A508\PRJ\Debug\Obj\stm8s_exti.o
#        E:\1-source\A508\PRJ\Debug\Obj\stm8s_flash.o
#        E:\1-source\A508\PRJ\Debug\Obj\stm8s_gpio.o
#        E:\1-source\A508\PRJ\Debug\Obj\stm8s_i2c.o
#        E:\1-source\A508\PRJ\Debug\Obj\stm8s_it.o
#        E:\1-source\A508\PRJ\Debug\Obj\stm8s_itc.o
#        E:\1-source\A508\PRJ\Debug\Obj\stm8s_iwdg.o
#        E:\1-source\A508\PRJ\Debug\Obj\stm8s_rst.o
#        E:\1-source\A508\PRJ\Debug\Obj\stm8s_spi.o
#        E:\1-source\A508\PRJ\Debug\Obj\stm8s_tim1.o
#        E:\1-source\A508\PRJ\Debug\Obj\stm8s_tim2.o
#        E:\1-source\A508\PRJ\Debug\Obj\stm8s_tim3.o
#        E:\1-source\A508\PRJ\Debug\Obj\stm8s_tim4.o
#        E:\1-source\A508\PRJ\Debug\Obj\stm8s_uart1.o
#        E:\1-source\A508\PRJ\Debug\Obj\stm8s_uart3.o
#        E:\1-source\A508\PRJ\Debug\Obj\stm8s_wwdg.o
#        E:\1-source\A508\PRJ\Debug\Obj\sysclock.o
#        E:\1-source\A508\PRJ\Debug\Obj\System.o
#        E:\1-source\A508\PRJ\Debug\Obj\Task.o
#        E:\1-source\A508\PRJ\Debug\Obj\Tone.o
#        E:\1-source\A508\PRJ\Debug\Obj\uart3.o
#        E:\1-source\A508\PRJ\Debug\Obj\Voice.o --redirect _Printf=_PrintfSmall
#        --redirect _Scanf=_ScanfSmall -o
#        E:\1-source\A508\PRJ\Debug\Exe\A508_DEMO1.out --map
#        E:\1-source\A508\PRJ\Debug\List\A508_DEMO1.map --config "C:\Program
#        Files\IAR Systems\Embedded Workbench
#        7.3\stm8\config\lnkstm8s007c8.icf" --config_def _CSTACK_SIZE=0x100
#        --config_def _HEAP_SIZE=0x00 --entry __iar_program_start --debug_lib
#
###############################################################################

*******************************************************************************
*** RUNTIME MODEL ATTRIBUTES
***

__SystemLibrary            = DLib
__code_model               = medium_or_large
__core                     = stm8
__data_model               = medium
__dlib_file_descriptor     = 0
__dlib_full_locale_support = 0
__rt_version               = 4


*******************************************************************************
*** PLACEMENT SUMMARY
***

"A1":  place at start of [0x000000-0x0000ff] { rw section .vregs };
"A2":  place at end of [0x000000-0x0017ff] { block CSTACK };
"P2":  place in [from 0x000000 to 0x0017ff] {
          block HEAP, rw section __DLIB_PERTHREAD, rw section .far.bss,
          rw section .far.data, rw section .far.noinit,
          rw section .far_func.textrw, rw section .huge.bss,
          rw section .huge.data, rw section .huge.noinit,
          rw section .huge_func.textrw, rw section .iar.dynexit,
          rw section .near.bss, rw section .near.data, rw section .near.noinit,
          rw section .near_func.textrw };
"A3":  place at start of [0x008000-0x00ffff] { block INTVEC };
"P3":  place in [from 0x008000 to 0x00ffff] {
          ro section __DLIB_PERTHREAD_init, ro section .far.data_init,
          ro section .far_func.textrw_init, ro section .huge.data_init,
          ro section .huge_func.textrw_init, ro section .iar.init_table,
          ro section .init_array, ro section .near.data_init,
          ro section .near.rodata, ro section .near_func.text,
          ro section .near_func.textrw_init, ro section .tiny.data_init,
          ro section .tiny.rodata_init };
"P4":  place in [from 0x008000 to 0x00ffff repeat 2] {
          ro section .far.rodata, ro section .far_func.text };

  Section            Kind      Address    Size  Object
  -------            ----      -------    ----  ------
"A1":                                     0x10
  .vregs             uninit   0x000000    0x10  vregs.o [5]
                            - 0x000010    0x10

"P2", part 1 of 4:                       0xbf3
  .near.bss          zero     0x000010   0xbf3  ApiPocCmd.o [1]
                            - 0x000c03   0xbf3

"P2", part 2 of 4:                       0x3a6
  .near.bss          zero     0x000c03   0x3a6  DrvGD83.o [1]
                            - 0x000fa9   0x3a6

"P2", part 3 of 4:                       0x679
  .near.bss          zero     0x000fa9   0x200  ApiDisplay.o [1]
  .near.bss          zero     0x0011a9   0x1bd  ApiGpsCmd.o [1]
  .near.bss          zero     0x001366    0x7c  ApiAtCmd.o [1]
  .near.bss          zero     0x0013e2    0x50  ApiPocCmd.o [1]
  .near.bss          zero     0x001432    0x4b  ApiBeidou.o [1]
  .near.bss          zero     0x00147d    0x44  uart3.o [1]
  .near.bss          zero     0x0014c1    0x40  ApiDisplay.o [1]
  .near.bss          zero     0x001501    0x2d  ApiPocCmd.o [1]
  .near.bss          zero     0x00152e    0x16  ApiPocCmd.o [1]
  .near.bss          zero     0x001544    0x14  System.o [1]
  .near.bss          zero     0x001558    0x12  Beep.o [1]
  .near.bss          zero     0x00156a    0x12  Tone.o [1]
  .near.bss          zero     0x00157c     0xf  ApiPocCmd.o [1]
  .near.bss          zero     0x00158b     0xf  ApiPocCmd.o [1]
  .near.bss          zero     0x00159a     0xf  ApiPocCmd.o [1]
  .near.bss          zero     0x0015a9     0xb  ApiPocCmd.o [1]
  .near.bss          zero     0x0015b4     0xb  Delay.o [1]
  .near.bss          zero     0x0015bf     0x6  ApiBeidou.o [1]
  .near.bss          zero     0x0015c5     0x6  Voice.o [1]
  .near.bss          zero     0x0015cb     0x4  uart3.o [1]
  .near.bss          zero     0x0015cf     0x2  ApiDisplay.o [1]
  .near.bss          zero     0x0015d1     0x2  DrvHTG12832.o [1]
  .near.bss          zero     0x0015d3     0x1  ADC.o [1]
  .near.bss          zero     0x0015d4     0x1  ADC.o [1]
  .near.bss          zero     0x0015d5     0x1  ADC.o [1]
  .near.bss          zero     0x0015d6     0x1  ADC.o [1]
  .near.bss          zero     0x0015d7     0x1  ADC.o [1]
  .near.bss          zero     0x0015d8     0x1  ApiAtCmd.o [1]
  .near.bss          zero     0x0015d9     0x1  ApiAtCmd.o [1]
  .near.bss          zero     0x0015da     0x1  ApiAtCmd.o [1]
  .near.bss          zero     0x0015db     0x1  ApiAtCmd.o [1]
  .near.bss          zero     0x0015dc     0x1  ApiAtCmd.o [1]
  .near.bss          zero     0x0015dd     0x1  ApiAtCmd.o [1]
  .near.bss          zero     0x0015de     0x1  ApiAtCmd.o [1]
  .near.bss          zero     0x0015df     0x1  ApiAtCmd.o [1]
  .near.bss          zero     0x0015e0     0x1  ApiAtCmd.o [1]
  .near.bss          zero     0x0015e1     0x1  ApiAtCmd.o [1]
  .near.bss          zero     0x0015e2     0x1  ApiBeidou.o [1]
  .near.bss          zero     0x0015e3     0x1  ApiGpsCmd.o [1]
  .near.bss          zero     0x0015e4     0x1  ApiKeyboard.o [1]
  .near.bss          zero     0x0015e5     0x1  ApiKeyboard.o [1]
  .near.bss          zero     0x0015e6     0x1  ApiKeyboard.o [1]
  .near.bss          zero     0x0015e7     0x1  ApiKeyboard.o [1]
  .near.bss          zero     0x0015e8     0x1  ApiKeyboard.o [1]
  .near.bss          zero     0x0015e9     0x1  ApiKeyboard.o [1]
  .near.bss          zero     0x0015ea     0x1  ApiKeyboard.o [1]
  .near.bss          zero     0x0015eb     0x1  ApiKeyboard.o [1]
  .near.bss          zero     0x0015ec     0x1  ApiKeyboard.o [1]
  .near.bss          zero     0x0015ed     0x1  ApiKeyboard.o [1]
  .near.bss          zero     0x0015ee     0x1  ApiKeyboard.o [1]
  .near.bss          zero     0x0015ef     0x1  ApiKeyboard.o [1]
  .near.bss          zero     0x0015f0     0x1  ApiKeyboard.o [1]
  .near.bss          zero     0x0015f1     0x1  ApiKeyboard.o [1]
  .near.bss          zero     0x0015f2     0x1  ApiKeyboard.o [1]
  .near.bss          zero     0x0015f3     0x1  ApiKeyboard.o [1]
  .near.bss          zero     0x0015f4     0x1  ApiKeyboard.o [1]
  .near.bss          zero     0x0015f5     0x1  ApiKeyboard.o [1]
  .near.bss          zero     0x0015f6     0x1  ApiKeyboard.o [1]
  .near.bss          zero     0x0015f7     0x1  ApiKeyboard.o [1]
  .near.bss          zero     0x0015f8     0x1  ApiLED.o [1]
  .near.bss          zero     0x0015f9     0x1  ApiMenu.o [1]
  .near.bss          zero     0x0015fa     0x1  ApiMenu.o [1]
  .near.bss          zero     0x0015fb     0x1  ApiMenu.o [1]
  .near.bss          zero     0x0015fc     0x1  ApiPocCmd.o [1]
  .near.bss          zero     0x0015fd     0x1  ApiPocCmd.o [1]
  .near.bss          zero     0x0015fe     0x1  ApiPocCmd.o [1]
  .near.bss          zero     0x0015ff     0x1  ApiPocCmd.o [1]
  .near.bss          zero     0x001600     0x1  ApiPocCmd.o [1]
  .near.bss          zero     0x001601     0x1  ApiPocCmd.o [1]
  .near.bss          zero     0x001602     0x1  ApiPocCmd.o [1]
  .near.bss          zero     0x001603     0x1  ApiPocCmd.o [1]
  .near.bss          zero     0x001604     0x1  ApiPocCmd.o [1]
  .near.bss          zero     0x001605     0x1  ApiPocCmd.o [1]
  .near.bss          zero     0x001606     0x1  ApiPocCmd.o [1]
  .near.bss          zero     0x001607     0x1  ApiPocCmd.o [1]
  .near.bss          zero     0x001608     0x1  Delay.o [1]
  .near.bss          zero     0x001609     0x1  Delay.o [1]
  .near.bss          zero     0x00160a     0x1  Delay.o [1]
  .near.bss          zero     0x00160b     0x1  Delay.o [1]
  .near.bss          zero     0x00160c     0x1  Delay.o [1]
  .near.bss          zero     0x00160d     0x1  Delay.o [1]
  .near.bss          zero     0x00160e     0x1  Delay.o [1]
  .near.bss          zero     0x00160f     0x1  Delay.o [1]
  .near.bss          zero     0x001610     0x1  Delay.o [1]
  .near.bss          zero     0x001611     0x1  Delay.o [1]
  .near.bss          zero     0x001612     0x1  Delay.o [1]
  .near.bss          zero     0x001613     0x1  Delay.o [1]
  .near.bss          zero     0x001614     0x1  Delay.o [1]
  .near.bss          zero     0x001615     0x1  Delay.o [1]
  .near.bss          zero     0x001616     0x1  Delay.o [1]
  .near.bss          zero     0x001617     0x1  Delay.o [1]
  .near.bss          zero     0x001618     0x1  DrvGD83.o [1]
  .near.bss          zero     0x001619     0x1  Task.o [1]
  .near.bss          zero     0x00161a     0x1  Task.o [1]
  .near.bss          zero     0x00161b     0x1  Task.o [1]
  .near.bss          zero     0x00161c     0x1  Task.o [1]
  .near.bss          zero     0x00161d     0x1  Task.o [1]
  .near.bss          zero     0x00161e     0x1  Task.o [1]
  .near.bss          zero     0x00161f     0x1  Task.o [1]
  .near.bss          zero     0x001620     0x1  Task.o [1]
  .near.bss          zero     0x001621     0x1  Task.o [1]
                            - 0x001622   0x679

"P2", part 4 of 4:                        0x64
  P2-1                        0x001622    0x64  <Init block>
    .near.data       inited   0x001622     0x1  ApiAtCmd.o [1]
    .near.data       inited   0x001623     0x2  ApiAtCmd.o [1]
    .near.data       inited   0x001625     0x2  ApiAtCmd.o [1]
    .near.data       inited   0x001627     0x2  ApiAtCmd.o [1]
    .near.data       inited   0x001629     0x2  ApiAtCmd.o [1]
    .near.data       inited   0x00162b     0x2  ApiAtCmd.o [1]
    .near.data       inited   0x00162d     0x2  ApiAtCmd.o [1]
    .near.data       inited   0x00162f     0x2  ApiAtCmd.o [1]
    .near.data       inited   0x001631     0x2  ApiAtCmd.o [1]
    .near.data       inited   0x001633     0x2  ApiAtCmd.o [1]
    .near.data       inited   0x001635     0x2  ApiAtCmd.o [1]
    .near.data       inited   0x001637     0x2  ApiAtCmd.o [1]
    .near.data       inited   0x001639     0x2  ApiAtCmd.o [1]
    .near.data       inited   0x00163b     0x2  ApiAtCmd.o [1]
    .near.data       inited   0x00163d     0x2  ApiAtCmd.o [1]
    .near.data       inited   0x00163f     0x2  ApiAtCmd.o [1]
    .near.data       inited   0x001641     0x2  ApiAtCmd.o [1]
    .near.data       inited   0x001643     0x2  ApiAtCmd.o [1]
    .near.data       inited   0x001645     0x2  ApiAtCmd.o [1]
    .near.data       inited   0x001647     0x2  ApiAtCmd.o [1]
    .near.data       inited   0x001649     0x2  ApiAtCmd.o [1]
    .near.data       inited   0x00164b     0x2  ApiAtCmd.o [1]
    .near.data       inited   0x00164d     0x2  ApiAtCmd.o [1]
    .near.data       inited   0x00164f     0x1  ApiKeyboard.o [1]
    .near.data       inited   0x001650     0x2  ApiKeyboard.o [1]
    .near.data       inited   0x001652     0x2  ApiKeyboard.o [1]
    .near.data       inited   0x001654     0x2  ApiKeyboard.o [1]
    .near.data       inited   0x001656     0x1  ApiKeyboard.o [1]
    .near.data       inited   0x001657     0x1  ApiKeyboard.o [1]
    .near.data       inited   0x001658     0x1  ApiKeyboard.o [1]
    .near.data       inited   0x001659     0x1  ApiKeyboard.o [1]
    .near.data       inited   0x00165a     0x2  ApiPocCmd.o [1]
    .near.data       inited   0x00165c     0x2  ApiPocCmd.o [1]
    .near.data       inited   0x00165e     0x2  Delay.o [1]
    .near.data       inited   0x001660     0x2  Delay.o [1]
    .near.data       inited   0x001662     0x2  DrvGD83.o [1]
    .near.data       inited   0x001664     0x2  DrvGD83.o [1]
    .near.data       inited   0x001666     0x2  DrvGD83.o [1]
    .near.data       inited   0x001668     0x2  DrvGD83.o [1]
    .near.data       inited   0x00166a     0x1  Task.o [1]
    .near.data       inited   0x00166b     0x1  Task.o [1]
    .near.data       inited   0x00166c     0x2  Task.o [1]
    .near.data       inited   0x00166e     0x2  Task.o [1]
    .near.data       inited   0x001670     0x2  Task.o [1]
    .near.data       inited   0x001672     0x2  Task.o [1]
    .near.data       inited   0x001674     0x2  Task.o [1]
    .near.data       inited   0x001676     0x2  Task.o [1]
    .near.data       inited   0x001678     0x2  Task.o [1]
    .near.data       inited   0x00167a     0x2  Task.o [1]
    .near.data       inited   0x00167c     0x2  Task.o [1]
    .near.data       inited   0x00167e     0x2  Task.o [1]
    .near.data       inited   0x001680     0x2  Task.o [1]
    .near.data       inited   0x001682     0x2  Task.o [1]
    .near.data       inited   0x001684     0x2  Task.o [1]
                            - 0x001686    0x64

"A2":                                    0x100
  CSTACK                      0x001700   0x100  <Block>
    CSTACK           uninit   0x001700   0x100  <Block tail>
                            - 0x001800   0x100

"A3":                                     0x80
  INTVEC                      0x008000    0x80  <Block>
    .intvec          const    0x008000    0x80  interrupt.o [5]
                            - 0x008080    0x80

"P3":                                   0x2afa
  .near.rodata       const    0x008080  0x1b00  GT20L16P1Y_D.o [1]
  .near.rodata       const    0x009b80   0x400  ApiDisplay.o [1]
  .near.rodata       const    0x009f80   0x1b0  GT20L16P1Y_D.o [1]
  .near.rodata       const    0x00a130   0x1b0  GT20L16P1Y_D.o [1]
  Initializer bytes  const    0x00a2e0    0x64  <for P2-1>
  .near_func.text    const    0x00a344    0x40  ApiDisplay.o [1]
  .near.rodata       const    0x00a384    0x3e  GT20L16P1Y.o [3]
  .near.rodata       const    0x00a3c2    0x31  Task.o [1]
  .near.rodata       const    0x00a3f3    0x2d  Task.o [1]
  .near.rodata       const    0x00a420    0x2a  Task.o [1]
  .near.rodata       const    0x00a44a    0x25  Delay.o [1]
  .near.rodata       const    0x00a46f    0x25  Task.o [1]
  .near.rodata       const    0x00a494    0x25  Task.o [1]
  .iar.init_table    const    0x00a4b9    0x1c  - Linker created -
  .near.rodata       const    0x00a4d5    0x1d  ADC.o [1]
  .near.rodata       const    0x00a4f2    0x1d  ADC.o [1]
  .near.rodata       const    0x00a50f    0x1d  ADC.o [1]
  .near.rodata       const    0x00a52c    0x1d  ADC.o [1]
  .near.rodata       const    0x00a549    0x1d  Task.o [1]
  .near.rodata       const    0x00a566    0x19  ADC.o [1]
  .near.rodata       const    0x00a57f    0x18  Task.o [1]
  .near.rodata       const    0x00a597    0x15  ADC.o [1]
  .near.rodata       const    0x00a5ac    0x15  ApiAtCmd.o [1]
  .near.rodata       const    0x00a5c1    0x13  Task.o [1]
  .near.rodata       const    0x00a5d4    0x13  Task.o [1]
  .near.rodata       const    0x00a5e7    0x12  Task.o [1]
  .near.rodata       const    0x00a5f9    0x11  ApiAtCmd.o [1]
  .near.rodata       const    0x00a60a    0x11  ApiAtCmd.o [1]
  .near.rodata       const    0x00a61b    0x11  ApiAtCmd.o [1]
  .near.rodata       const    0x00a62c    0x11  ApiKeyboard.o [1]
  .near.rodata       const    0x00a63d    0x11  ApiKeyboard.o [1]
  .near.rodata       const    0x00a64e    0x11  ApiKeyboard.o [1]
  .near.rodata       const    0x00a65f    0x11  ApiKeyboard.o [1]
  .near.rodata       const    0x00a670    0x11  ApiKeyboard.o [1]
  .near.rodata       const    0x00a681    0x11  ApiKeyboard.o [1]
  .near.rodata       const    0x00a692    0x11  ApiMenu.o [1]
  .near.rodata       const    0x00a6a3    0x11  ApiMenu.o [1]
  .near.rodata       const    0x00a6b4    0x11  ApiMenu.o [1]
  .near.rodata       const    0x00a6c5    0x11  ApiMenu.o [1]
  .near.rodata       const    0x00a6d6    0x11  ApiMenu.o [1]
  .near.rodata       const    0x00a6e7    0x11  ApiMenu.o [1]
  .near.rodata       const    0x00a6f8    0x11  ApiMenu.o [1]
  .near.rodata       const    0x00a709    0x11  ApiMenu.o [1]
  .near.rodata       const    0x00a71a    0x11  ApiMenu.o [1]
  .near.rodata       const    0x00a72b    0x11  ApiMenu.o [1]
  .near.rodata       const    0x00a73c    0x11  ApiMenu.o [1]
  .near.rodata       const    0x00a74d    0x11  ApiMenu.o [1]
  .near.rodata       const    0x00a75e    0x11  ApiMenu.o [1]
  .near.rodata       const    0x00a76f    0x11  ApiMenu.o [1]
  .near.rodata       const    0x00a780    0x11  ApiMenu.o [1]
  .near.rodata       const    0x00a791    0x11  ApiMenu.o [1]
  .near.rodata       const    0x00a7a2    0x11  ApiMenu.o [1]
  .near.rodata       const    0x00a7b3    0x11  ApiMenu.o [1]
  .near.rodata       const    0x00a7c4    0x11  ApiMenu.o [1]
  .near.rodata       const    0x00a7d5    0x11  ApiMenu.o [1]
  .near.rodata       const    0x00a7e6    0x11  ApiMenu.o [1]
  .near.rodata       const    0x00a7f7    0x11  ApiMenu.o [1]
  .near.rodata       const    0x00a808    0x11  ApiMenu.o [1]
  .near.rodata       const    0x00a819    0x11  ApiMenu.o [1]
  .near.rodata       const    0x00a82a    0x11  ApiMenu.o [1]
  .near.rodata       const    0x00a83b    0x11  CommonLib.o [1]
  .near.rodata       const    0x00a84c    0x11  Delay.o [1]
  .near.rodata       const    0x00a85d    0x11  System.o [1]
  .near.rodata       const    0x00a86e    0x11  Task.o [1]
  .near.rodata       const    0x00a87f    0x11  Task.o [1]
  .near.rodata       const    0x00a890    0x11  Task.o [1]
  .near.rodata       const    0x00a8a1    0x11  Task.o [1]
  .near.rodata       const    0x00a8b2    0x11  Task.o [1]
  .near.rodata       const    0x00a8c3    0x11  Task.o [1]
  .near.rodata       const    0x00a8d4    0x11  Task.o [1]
  .near.rodata       const    0x00a8e5    0x11  Task.o [1]
  .near.rodata       const    0x00a8f6    0x11  Task.o [1]
  .near.rodata       const    0x00a907    0x11  Task.o [1]
  .near.rodata       const    0x00a918    0x10  ApiAtCmd.o [1]
  .near.rodata       const    0x00a928    0x10  ApiAtCmd.o [1]
  .near.rodata       const    0x00a938    0x10  ApiDisplay.o [1]
  .near.rodata       const    0x00a948    0x10  ApiDisplay.o [1]
  .near.rodata       const    0x00a958    0x10  uart3.o [1]
  .near.rodata       const    0x00a968     0xf  ApiAtCmd.o [1]
  .near.rodata       const    0x00a977     0xf  ApiKeyboard.o [1]
  .near.rodata       const    0x00a986     0xf  Delay.o [1]
  .near.rodata       const    0x00a995     0xf  Task.o [1]
  .near.rodata       const    0x00a9a4     0xf  Task.o [1]
  .near.rodata       const    0x00a9b3     0xe  ApiAtCmd.o [1]
  .near.rodata       const    0x00a9c1     0xe  ApiAtCmd.o [1]
  .near.rodata       const    0x00a9cf     0xe  ApiAtCmd.o [1]
  .near.rodata       const    0x00a9dd     0xe  Delay.o [1]
  .near.rodata       const    0x00a9eb     0xe  Task.o [1]
  .near.rodata       const    0x00a9f9     0xe  Task.o [1]
  .near.rodata       const    0x00aa07     0xd  ApiPocCmd.o [1]
  .near.rodata       const    0x00aa14     0xd  ApiPocCmd.o [1]
  .near.rodata       const    0x00aa21     0xd  Task.o [1]
  .near.rodata       const    0x00aa2e     0xc  ApiAtCmd.o [1]
  .near.rodata       const    0x00aa3a     0xc  Delay.o [1]
  .near.rodata       const    0x00aa46     0xb  ApiAtCmd.o [1]
  .near.rodata       const    0x00aa51     0xb  ApiAtCmd.o [1]
  .near.rodata       const    0x00aa5c     0xb  Delay.o [1]
  .near.rodata       const    0x00aa67     0xb  Task.o [1]
  .near.rodata       const    0x00aa72     0xa  ApiAtCmd.o [1]
  .near.rodata       const    0x00aa7c     0xa  ApiAtCmd.o [1]
  .near.rodata       const    0x00aa86     0xa  ApiAtCmd.o [1]
  .near.rodata       const    0x00aa90     0xa  Task.o [1]
  .near.rodata       const    0x00aa9a     0x9  ApiAtCmd.o [1]
  .near.rodata       const    0x00aaa3     0x9  ApiAtCmd.o [1]
  .near.rodata       const    0x00aaac     0x9  ApiAtCmd.o [1]
  .near.rodata       const    0x00aab5     0x9  ApiAtCmd.o [1]
  .near.rodata       const    0x00aabe     0x9  ApiKeyboard.o [1]
  .near.rodata       const    0x00aac7     0x9  ApiKeyboard.o [1]
  .near.rodata       const    0x00aad0     0x9  DrvGD83.o [1]
  .near.rodata       const    0x00aad9     0x9  Task.o [1]
  .near.rodata       const    0x00aae2     0x9  Task.o [1]
  .near.rodata       const    0x00aaeb     0x8  ApiAtCmd.o [1]
  .near.rodata       const    0x00aaf3     0x8  ApiAtCmd.o [1]
  .near.rodata       const    0x00aafb     0x8  ApiDisplay.o [1]
  .near.rodata       const    0x00ab03     0x8  ApiPocCmd.o [1]
  .near.rodata       const    0x00ab0b     0x8  Task.o [1]
  .near.rodata       const    0x00ab13     0x7  ApiAtCmd.o [1]
  .near.rodata       const    0x00ab1a     0x7  ApiAtCmd.o [1]
  .near.rodata       const    0x00ab21     0x7  ApiPocCmd.o [1]
  .near.rodata       const    0x00ab28     0x7  DrvGD83.o [1]
  .near.rodata       const    0x00ab2f     0x7  Task.o [1]
  .near.rodata       const    0x00ab36     0x7  Task.o [1]
  .near.rodata       const    0x00ab3d     0x6  DrvGD83.o [1]
  .near.rodata       const    0x00ab43     0x6  System.o [1]
  .near.rodata       const    0x00ab49     0x4  ApiMenu.o [1]
  .near.rodata       const    0x00ab4d     0x4  ApiMenu.o [1]
  .near.rodata       const    0x00ab51     0x4  ApiMenu.o [1]
  .near.rodata       const    0x00ab55     0x4  ApiMenu.o [1]
  .near.rodata       const    0x00ab59     0x4  ApiMenu.o [1]
  .near.rodata       const    0x00ab5d     0x4  ApiMenu.o [1]
  .near.rodata       const    0x00ab61     0x4  ApiMenu.o [1]
  .near.rodata       const    0x00ab65     0x4  stm8s_clk.o [1]
  .near.rodata       const    0x00ab69     0x4  uart3.o [1]
  .near.rodata       const    0x00ab6d     0x4  uart3.o [1]
  .near.rodata       const    0x00ab71     0x3  DrvGD83.o [1]
  .near.rodata       const    0x00ab74     0x3  uart3.o [1]
  .near.rodata       const    0x00ab77     0x3  uart3.o [1]
                            - 0x00ab7a  0x2afa

"P4", part 1 of 2:                      0x4321
  .far_func.text     ro code  0x00ab7a   0x823  DrvGD83.o [1]
  .far_func.text     ro code  0x00b39d   0x7b4  ApiKeyboard.o [1]
  .far_func.text     ro code  0x00bb51   0x571  Task.o [1]
  .far_func.text     ro code  0x00c0c2   0x4a6  ApiGpsCmd.o [1]
  .far_func.text     ro code  0x00c568   0x487  ApiPocCmd.o [1]
  .far_func.text     ro code  0x00c9ef   0x343  Delay.o [1]
  .far_func.text     ro code  0x00cd32   0x30f  Beep.o [1]
  .far_func.text     ro code  0x00d041   0x301  ApiGpsCmd.o [1]
  .far_func.text     ro code  0x00d342   0x2cd  GT20L16P1Y.o [3]
  .far_func.text     ro code  0x00d60f   0x27d  ApiMenu.o [1]
  .far_func.text     ro code  0x00d88c   0x26d  ApiAtCmd.o [1]
  .far_func.text     ro code  0x00daf9   0x255  ApiGpsCmd.o [1]
  .far_func.text     ro code  0x00dd4e   0x252  DrvHTG12832.o [1]
  .far_func.text     ro code  0x00dfa0   0x251  GT20L16P1Y.o [3]
  .far_func.text     ro code  0x00e1f1   0x22c  Config.o [1]
  .far_func.text     ro code  0x00e41d   0x211  DrvKeyboard.o [1]
  .far_func.text     ro code  0x00e62e   0x1e3  Task.o [1]
  .far_func.text     ro code  0x00e811   0x1b4  ApiAtCmd.o [1]
  .far_func.text     ro code  0x00e9c5   0x1b2  uart3.o [1]
  .far_func.text     ro code  0x00eb77   0x19f  long.o [5]
  .far_func.text     ro code  0x00ed16   0x185  GT20L16P1Y.o [3]
                            - 0x00ee9b  0x4321

"P4", part 2 of 2:                      0x4d9f
  .far_func.text     ro code  0x010000   0x173  ApiMenu.o [1]
  .far_func.text     ro code  0x010173   0x173  ApiPocCmd.o [1]
  .far_func.text     ro code  0x0102e6   0x173  ApiPocCmd.o [1]
  .far_func.text     ro code  0x010459   0x170  ADC.o [1]
  .far_func.text     ro code  0x0105c9   0x16e  ApiPocCmd.o [1]
  .far_func.text     ro code  0x010737   0x165  ApiGpsCmd.o [1]
  .far_func.text     ro code  0x01089c   0x163  ApiPocCmd.o [1]
  .far_func.text     ro code  0x0109ff   0x15c  vreg_util.o [5]
  .far_func.text     ro code  0x010b5b   0x159  stm8s_uart1.o [1]
  .far_func.text     ro code  0x010cb4   0x153  ApiAtCmd.o [1]
  .far_func.text     ro code  0x010e07   0x148  DrvKeyboard.o [1]
  .far_func.text     ro code  0x010f4f   0x145  ApiAtCmd.o [1]
  .far_func.text     ro code  0x011094   0x13f  DrvKeyboard.o [1]
  .far_func.text     ro code  0x0111d3   0x13b  DrvGT20L16S1Y.o [1]
  .far_func.text     ro code  0x01130e   0x135  ApiGpsCmd.o [1]
  .far_func.text     ro code  0x011443   0x134  CommonLib.o [1]
  .far_func.text     ro code  0x011577   0x134  DrvGT20L16S1Y.o [1]
  .far_func.text     ro code  0x0116ab   0x12a  stm8s_uart3.o [1]
  .far_func.text     ro code  0x0117d5   0x10c  ApiAtCmd.o [1]
  .far_func.text     ro code  0x0118e1   0x109  uart3.o [1]
  .far_func.text     ro code  0x0119ea   0x103  stm8s_itc.o [1]
  .far_func.text     ro code  0x011aed   0x103  System.o [1]
  .far_func.text     ro code  0x011bf0    0xfa  CommonLib.o [1]
  .far_func.text     ro code  0x011cea    0xf8  ApiMenu.o [1]
  .far_func.text     ro code  0x011de2    0xf3  uart3.o [1]
  .far_func.text     ro code  0x011ed5    0xeb  DrvGD83.o [1]
  .far_func.text     ro code  0x011fc0    0xe9  uart3.o [1]
  .far_func.text     ro code  0x0120a9    0xe5  ApiKeyboard.o [1]
  .far_func.text     ro code  0x01218e    0xdf  uart3.o [1]
  .far_func.text     ro code  0x01226d    0xd9  ApiDisplay.o [1]
  .far_func.text     ro code  0x012346    0xd8  ApiPocCmd.o [1]
  .far_func.text     ro code  0x01241e    0xc8  ApiDisplay.o [1]
  .far_func.text     ro code  0x0124e6    0xc0  ApiDisplay.o [1]
  .far_func.text     ro code  0x0125a6    0xba  uart3.o [1]
  .far_func.text     ro code  0x012660    0xb6  stm8s_uart3.o [1]
  .far_func.text     ro code  0x012716    0xb0  ApiDisplay.o [1]
  .far_func.text     ro code  0x0127c6    0xaf  stm8s_gpio.o [1]
  .far_func.text     ro code  0x012875    0xad  uart3.o [1]
  .far_func.text     ro code  0x012922    0xa3  Delay.o [1]
  .far_func.text     ro code  0x0129c5    0xa2  stm8s_clk.o [1]
  .far_func.text     ro code  0x012a67    0x99  stm8s_tim1.o [1]
  .far_func.text     ro code  0x012b00    0x97  ApiDisplay.o [1]
  .far_func.text     ro code  0x012b97    0x96  CommonLib.o [1]
  .far_func.text     ro code  0x012c2d    0x96  DrvKeyboard.o [1]
  .far_func.text     ro code  0x012cc3    0x95  uart3.o [1]
  .far_func.text     ro code  0x012d58    0x92  stm8s_uart1.o [1]
  .far_func.text     ro code  0x012dea    0x8d  stm8s_uart3.o [1]
  .far_func.text     ro code  0x012e77    0x8b  ApiAtCmd.o [1]
  .far_func.text     ro code  0x012f02    0x88  ApiDisplay.o [1]
  .far_func.text     ro code  0x012f8a    0x85  ApiPocCmd.o [1]
  .far_func.text     ro code  0x01300f    0x82  stm8s_adc2.o [1]
  .far_func.text     ro code  0x013091    0x80  DrvGD83.o [1]
  .far_func.text     ro code  0x013111    0x7a  ApiLED.o [1]
  .far_func.text     ro code  0x01318b    0x73  ApiAtCmd.o [1]
  .far_func.text     ro code  0x0131fe    0x73  Delay.o [1]
  .far_func.text     ro code  0x013271    0x72  DrvKeyboard.o [1]
  .far_func.text     ro code  0x0132e3    0x71  Voice.o [1]
  .far_func.text     ro code  0x013354    0x6e  uart3.o [1]
  .far_func.text     ro code  0x0133c2    0x6d  stm8s_uart1.o [1]
  .far_func.text     ro code  0x01342f    0x6b  Tone.o [1]
  .far_func.text     ro code  0x01349a    0x67  ApiAtCmd.o [1]
  .far_func.text     ro code  0x013501    0x64  ApiDisplay.o [1]
  .far_func.text     ro code  0x013565    0x64  ApiGpsCmd.o [1]
  .far_func.text     ro code  0x0135c9    0x64  CommonLib.o [1]
  .far_func.text     ro code  0x01362d    0x64  long_util.o [5]
  .far_func.text     ro code  0x013691    0x62  ApiPocCmd.o [1]
  .far_func.text     ro code  0x0136f3    0x61  ApiDisplay.o [1]
  .far_func.text     ro code  0x013754    0x61  stm8s_tim1.o [1]
  .far_func.text     ro code  0x0137b5    0x5f  ADC.o [1]
  .far_func.text     ro code  0x013814    0x5e  CommonLib.o [1]
  .far_func.text     ro code  0x013872    0x5d  short.o [5]
  .far_func.text     ro code  0x0138cf    0x5c  GT20L16P1Y_D.o [1]
  .far_func.text     ro code  0x01392b    0x5c  uart3.o [1]
  .far_func.text     ro code  0x013987    0x58  stm8s_clk.o [1]
  .far_func.text     ro code  0x0139df    0x58  dc_util.o [5]
  .far_func.text     ro code  0x013a37    0x57  ApiDisplay.o [1]
  .far_func.text     ro code  0x013a8e    0x56  Tone.o [1]
  .far_func.text     ro code  0x013ae4    0x55  Delay.o [1]
  .far_func.text     ro code  0x013b39    0x54  stm8s_adc2.o [1]
  .far_func.text     ro code  0x013b8d    0x52  uart3.o [1]
  .far_func.text     ro code  0x013bdf    0x50  Flash_eeprom.o [1]
  .far_func.text     ro code  0x013c2f    0x4f  ApiDisplay.o [1]
  .far_func.text     ro code  0x013c7e    0x4f  Flash_eeprom.o [1]
  .far_func.text     ro code  0x013ccd    0x4f  uart3.o [1]
  .far_func.text     ro code  0x013d1c    0x4e  CommonLib.o [1]
  .far_func.text     ro code  0x013d6a    0x4e  System.o [1]
  .far_func.text     ro code  0x013db8    0x4b  uart3.o [1]
  .far_func.text     ro code  0x013e03    0x4a  DrvGD83.o [1]
  .far_func.text     ro code  0x013e4d    0x4a  DrvGD83.o [1]
  .far_func.text     ro code  0x013e97    0x4a  DrvGD83.o [1]
  .far_func.text     ro code  0x013ee1    0x4a  DrvGD83.o [1]
  .far_func.text     ro code  0x013f2b    0x49  stm8s_uart3.o [1]
  .far_func.text     ro code  0x013f74    0x48  Flash_eeprom.o [1]
  .far_func.text     ro code  0x013fbc    0x48  GT20L16P1Y_D.o [1]
  .far_func.text     ro code  0x014004    0x48  GT20L16P1Y_D.o [1]
  .far_func.text     ro code  0x01404c    0x47  GT20L16P1Y.o [3]
  .far_func.text     ro code  0x014093    0x45  Flash_eeprom.o [1]
  .far_func.text     ro code  0x0140d8    0x43  stm8s_tim1.o [1]
  .far_func.text     ro code  0x01411b    0x40  Task.o [1]
  .far_func.text     ro code  0x01415b    0x3e  Flash_eeprom.o [1]
  .far_func.text     ro code  0x014199    0x3d  DrvGD83.o [1]
  .far_func.text     ro code  0x0141d6    0x39  uart3.o [1]
  .far_func.text     ro code  0x01420f    0x38  Beep.o [1]
  .far_func.text     ro code  0x014247    0x38  DrvGT20L16S1Y.o [1]
  .far_func.text     ro code  0x01427f    0x36  ApiPocCmd.o [1]
  .far_func.text     ro code  0x0142b5    0x36  stm8s_flash.o [1]
  .far_func.text     ro code  0x0142eb    0x36  sysclock.o [1]
  .far_func.text     ro code  0x014321    0x36  memcmp.o [5]
  .far_func.text     ro code  0x014357    0x34  McuConfig.o [1]
  .far_func.text     ro code  0x01438b    0x32  stm8s_uart1.o [1]
  .far_func.text     ro code  0x0143bd    0x31  Voice.o [1]
  .far_func.text     ro code  0x0143ee    0x30  stm8s_adc2.o [1]
  .far_func.text     ro code  0x01441e    0x2f  ApiDisplay.o [1]
  .far_func.text     ro code  0x01444d    0x2f  ApiDisplay.o [1]
  .far_func.text     ro code  0x01447c    0x2f  stm8s_adc2.o [1]
  .far_func.text     ro code  0x0144ab    0x2e  ApiDisplay.o [1]
  .far_func.text     ro code  0x0144d9    0x2e  ApiDisplay.o [1]
  .far_func.text     ro code  0x014507    0x2e  McuConfig.o [1]
  .far_func.text     ro code  0x014535    0x2d  ApiDisplay.o [1]
  .far_func.text     ro code  0x014562    0x2d  stm8s_uart1.o [1]
  .far_func.text     ro code  0x01458f    0x2c  DrvGD83.o [1]
  .far_func.text     ro code  0x0145bb    0x2b  sysclock.o [1]
  .far_func.text     ro code  0x0145e6    0x2b  Task.o [1]
  .far_func.text     ro code  0x014611    0x29  Delay.o [1]
  .far_func.text     ro code  0x01463a    0x29  McuConfig.o [1]
  .far_func.text     ro code  0x014663    0x28  stm8s_flash.o [1]
  .far_func.text     ro code  0x01468b    0x28  init_small.o [5]
  .far_func.text     ro code  0x0146b3    0x27  ADC.o [1]
  .far_func.text     ro code  0x0146da    0x27  McuConfig.o [1]
  .far_func.text     ro code  0x014701    0x26  GT20L16P1Y_D.o [1]
  .far_func.text     ro code  0x014727    0x26  stm8s_it.o [1]
  .far_func.text     ro code  0x01474d    0x26  Tone.o [1]
  .far_func.text     ro code  0x014773    0x26  memcpy.o [5]
  .far_func.text     ro code  0x014799    0x25  stm8s_flash.o [1]
  .far_func.text     ro code  0x0147be    0x25  stm8s_uart3.o [1]
  .far_func.text     ro code  0x0147e3    0x25  move.o [5]
  .far_func.text     ro code  0x014808    0x24  stm8s_tim1.o [1]
  .far_func.text     ro code  0x01482c    0x22  ADC.o [1]
  .far_func.text     ro code  0x01484e    0x22  ApiPocCmd.o [1]
  .far_func.text     ro code  0x014870    0x22  ApiPocCmd.o [1]
  .far_func.text     ro code  0x014892    0x21  ApiGpsCmd.o [1]
  .far_func.text     ro code  0x0148b3    0x21  ApiPocCmd.o [1]
  .far_func.text     ro code  0x0148d4    0x21  Delay.o [1]
  .far_func.text     ro code  0x0148f5    0x21  stm8s_adc2.o [1]
  .far_func.text     ro code  0x014916    0x21  stm8s_it.o [1]
  .far_func.text     ro code  0x014937    0x20  ApiPocCmd.o [1]
  .far_func.text     ro code  0x014957    0x1f  sysclock.o [1]
  .far_func.text     ro code  0x014976    0x1e  init.o [5]
  .far_func.text     ro code  0x014994    0x1e  init_small.o [5]
  .far_func.text     ro code  0x0149b2    0x1c  Beep.o [1]
  .far_func.text     ro code  0x0149ce    0x1c  Delay.o [1]
  .far_func.text     ro code  0x0149ea    0x1b  stm8s_it.o [1]
  .far_func.text     ro code  0x014a05    0x19  McuConfig.o [1]
  .far_func.text     ro code  0x014a1e    0x19  McuConfig.o [1]
  .far_func.text     ro code  0x014a37    0x19  McuConfig.o [1]
  .far_func.text     ro code  0x014a50    0x19  McuConfig.o [1]
  .far_func.text     ro code  0x014a69    0x19  McuConfig.o [1]
  .far_func.text     ro code  0x014a82    0x17  ApiDisplay.o [1]
  .far_func.text     ro code  0x014a99    0x17  ApiDisplay.o [1]
  .far_func.text     ro code  0x014ab0    0x17  cstartup.o [5]
  .far_func.text     ro code  0x014ac7    0x17  memset.o [5]
  .far_func.text     ro code  0x014ade    0x16  stm8s_flash.o [1]
  .far_func.text     ro code  0x014af4    0x16  __dbg_xxexit.o [4]
  .far_func.text     ro code  0x014b0a    0x14  stm8s_flash.o [1]
  .far_func.text     ro code  0x014b1e    0x13  ApiPocCmd.o [1]
  .far_func.text     ro code  0x014b31    0x13  ApiPocCmd.o [1]
  .far_func.text     ro code  0x014b44    0x13  stm8s_adc2.o [1]
  .far_func.text     ro code  0x014b57    0x13  stm8s_clk.o [1]
  .far_func.text     ro code  0x014b6a    0x13  stm8s_tim3.o [1]
  .far_func.text     ro code  0x014b7d    0x12  ApiPocCmd.o [1]
  .far_func.text     ro code  0x014b8f    0x12  ApiPocCmd.o [1]
  .far_func.text     ro code  0x014ba1    0x12  uart3.o [1]
  .far_func.text     ro code  0x014bb3    0x12  strlen.o [5]
  .far_func.text     ro code  0x014bc5    0x10  uart3.o [1]
  .far_func.text     ro code  0x014bd5     0xf  Voice.o [1]
  .far_func.text     ro code  0x014be4     0xe  ApiPocCmd.o [1]
  .far_func.text     ro code  0x014bf2     0xe  far_util.o [5]
  .far_func.text     ro code  0x014c00     0xd  McuConfig.o [1]
  .far_func.text     ro code  0x014c0d     0xd  McuConfig.o [1]
  .far_func.text     ro code  0x014c1a     0xd  McuConfig.o [1]
  .far_func.text     ro code  0x014c27     0xd  McuConfig.o [1]
  .far_func.text     ro code  0x014c34     0xd  stm8s_adc2.o [1]
  .far_func.text     ro code  0x014c41     0xd  stm8s_tim1.o [1]
  .far_func.text     ro code  0x014c4e     0xd  stm8s_tim1.o [1]
  .far_func.text     ro code  0x014c5b     0xd  stm8s_tim1.o [1]
  .far_func.text     ro code  0x014c68     0xd  stm8s_tim3.o [1]
  .far_func.text     ro code  0x014c75     0xd  stm8s_tim3.o [1]
  .far_func.text     ro code  0x014c82     0xd  stm8s_uart1.o [1]
  .far_func.text     ro code  0x014c8f     0xd  stm8s_uart3.o [1]
  .far_func.text     ro code  0x014c9c     0xc  stm8s_tim3.o [1]
  .far_func.text     ro code  0x014ca8     0xb  ApiPocCmd.o [1]
  .far_func.text     ro code  0x014cb3     0xa  ApiAtCmd.o [1]
  .far_func.text     ro code  0x014cbd     0x9  stm8s_gpio.o [1]
  .far_func.text     ro code  0x014cc6     0x9  stm8s_tim3.o [1]
  .far_func.text     ro code  0x014ccf     0x7  ApiAtCmd.o [1]
  .far_func.text     ro code  0x014cd6     0x7  ApiAtCmd.o [1]
  .far_func.text     ro code  0x014cdd     0x7  ApiPocCmd.o [1]
  .far_func.text     ro code  0x014ce4     0x7  stm8s_flash.o [1]
  .far_func.text     ro code  0x014ceb     0x7  stm8s_gpio.o [1]
  .far_func.text     ro code  0x014cf2     0x6  char.o [5]
  .far_func.text     ro code  0x014cf8     0x6  cexit.o [5]
  .far_func.text     ro code  0x014cfe     0x5  stm8s_adc2.o [1]
  .far_func.text     ro code  0x014d03     0x5  stm8s_flash.o [1]
  .far_func.text     ro code  0x014d08     0x5  stm8s_flash.o [1]
  .far_func.text     ro code  0x014d0d     0x5  stm8s_tim3.o [1]
  .far_func.text     ro code  0x014d12     0x4  ApiAtCmd.o [1]
  .far_func.text     ro code  0x014d16     0x4  ApiAtCmd.o [1]
  .far_func.text     ro code  0x014d1a     0x4  ApiAtCmd.o [1]
  .far_func.text     ro code  0x014d1e     0x4  ApiAtCmd.o [1]
  .far_func.text     ro code  0x014d22     0x4  ApiAtCmd.o [1]
  .far_func.text     ro code  0x014d26     0x4  ApiAtCmd.o [1]
  .far_func.text     ro code  0x014d2a     0x4  ApiAtCmd.o [1]
  .far_func.text     ro code  0x014d2e     0x4  ApiAtCmd.o [1]
  .far_func.text     ro code  0x014d32     0x4  ApiAtCmd.o [1]
  .far_func.text     ro code  0x014d36     0x4  ApiGpsCmd.o [1]
  .far_func.text     ro code  0x014d3a     0x4  ApiGpsCmd.o [1]
  .far_func.text     ro code  0x014d3e     0x4  ApiPocCmd.o [1]
  .far_func.text     ro code  0x014d42     0x4  ApiPocCmd.o [1]
  .far_func.text     ro code  0x014d46     0x4  ApiPocCmd.o [1]
  .far_func.text     ro code  0x014d4a     0x4  ApiPocCmd.o [1]
  .far_func.text     ro code  0x014d4e     0x4  ApiPocCmd.o [1]
  .far_func.text     ro code  0x014d52     0x4  ApiPocCmd.o [1]
  .far_func.text     ro code  0x014d56     0x4  main.o [1]
  .far_func.text     ro code  0x014d5a     0x4  stm8s_gpio.o [1]
  .far_func.text     ro code  0x014d5e     0x4  stm8s_uart1.o [1]
  .far_func.text     ro code  0x014d62     0x4  stm8s_uart1.o [1]
  .far_func.text     ro code  0x014d66     0x4  stm8s_uart3.o [1]
  .far_func.text     ro code  0x014d6a     0x4  stm8s_uart3.o [1]
  .far_func.text     ro code  0x014d6e     0x4  System.o [1]
  .far_func.text     ro code  0x014d72     0x4  System.o [1]
  .far_func.text     ro code  0x014d76     0x4  Task.o [1]
  .far_func.text     ro code  0x014d7a     0x4  interrupt.o [5]
  .far_func.text     ro code  0x014d7e     0x4  exit.o [5]
  .far_func.text     ro code  0x014d82     0x3  low_level_init.o [5]
  .far_func.text     ro code  0x014d85     0x3  unhandled_exception.o [5]
  .far_func.text     ro code  0x014d88     0x1  ApiKeyboard.o [1]
  .far_func.text     ro code  0x014d89     0x1  stm8s_it.o [1]
  .far_func.text     ro code  0x014d8a     0x1  stm8s_it.o [1]
  .far_func.text     ro code  0x014d8b     0x1  stm8s_it.o [1]
  .far_func.text     ro code  0x014d8c     0x1  stm8s_it.o [1]
  .far_func.text     ro code  0x014d8d     0x1  stm8s_it.o [1]
  .far_func.text     ro code  0x014d8e     0x1  stm8s_it.o [1]
  .far_func.text     ro code  0x014d8f     0x1  stm8s_it.o [1]
  .far_func.text     ro code  0x014d90     0x1  stm8s_it.o [1]
  .far_func.text     ro code  0x014d91     0x1  stm8s_it.o [1]
  .far_func.text     ro code  0x014d92     0x1  stm8s_it.o [1]
  .far_func.text     ro code  0x014d93     0x1  stm8s_it.o [1]
  .far_func.text     ro code  0x014d94     0x1  stm8s_it.o [1]
  .far_func.text     ro code  0x014d95     0x1  stm8s_it.o [1]
  .far_func.text     ro code  0x014d96     0x1  stm8s_it.o [1]
  .far_func.text     ro code  0x014d97     0x1  stm8s_it.o [1]
  .far_func.text     ro code  0x014d98     0x1  stm8s_it.o [1]
  .far_func.text     ro code  0x014d99     0x1  stm8s_it.o [1]
  .far_func.text     ro code  0x014d9a     0x1  stm8s_it.o [1]
  .far_func.text     ro code  0x014d9b     0x1  stm8s_it.o [1]
  .far_func.text     ro code  0x014d9c     0x1  stm8s_it.o [1]
  .far_func.text     ro code  0x014d9d     0x1  stm8s_it.o [1]
  .far_func.text     ro code  0x014d9e     0x1  __dbg_break.o [4]
                            - 0x014d9f  0x4d9f


*******************************************************************************
*** INIT TABLE
***

          Address   Size
          -------   ----
Zero (__iar_zero_init2)
    3 destination ranges, total size 0x1612:
          0x000010  0xbf3
          0x000c03  0x3a6
          0x000fa9  0x679

Copy (__iar_copy_init2)
    1 source range, total size 0x64:
          0x00a2e0   0x64
    1 destination range, total size 0x64:
          0x001622   0x64



*******************************************************************************
*** MODULE SUMMARY
***

    Module                 ro code  ro data  rw data
    ------                 -------  -------  -------
E:\1-source\A508\PRJ\Debug\Obj: [1]
    ADC.o                      536      162        5
    ApiAtCmd.o               2 406      336      179
    ApiBeidou.o                                   82
    ApiDisplay.o             1 712    1 128      578
    ApiGpsCmd.o              3 363               446
    ApiKeyboard.o            2 202      146       31
    ApiLED.o                   122                 1
    ApiMenu.o                1 256      453        3
    ApiPocCmd.o              3 386       45    3 278
    Beep.o                     867                18
    CommonLib.o                980       17
    Config.o                   556
    Delay.o                  1 300      110       31
    DrvGD83.o                2 847       33      943
    DrvGT20L16S1Y.o            679
    DrvHTG12832.o              594                 2
    DrvKeyboard.o            1 440
    Flash_eeprom.o             362
    GT20L16P1Y_D.o             274    7 776
    McuConfig.o                355
    System.o                   345       23       20
    Task.o                   1 987      649       37
    Tone.o                     231                18
    Voice.o                    177                 6
    main.o                       4
    stm8s_adc2.o               379
    stm8s_clk.o                269        4
    stm8s_flash.o              190
    stm8s_gpio.o               195
    stm8s_it.o                 119
    stm8s_itc.o                259
    stm8s_tim1.o               392
    stm8s_tim3.o                71
    stm8s_uart1.o              716
    stm8s_uart3.o              752
    sysclock.o                 128
    uart3.o                  2 435       30       72
    ------------------------------------------------
    Total:                  33 886   10 912    5 750

command line: [2]
    ------------------------------------------------
    Total:

GT20L16_STM8_DOUBLE_MEDIUM_IAR.a: [3]
    GT20L16P1Y.o             1 770       62
    ------------------------------------------------
    Total:                   1 770       62

dbgstm8mmd.a: [4]
    __dbg_break.o                1
    __dbg_xxexit.o              22
    ------------------------------------------------
    Total:                      23

dlstm8mmn.a: [5]
    cexit.o                      6
    char.o                       6
    cstartup.o                  23
    dc_util.o                   88
    exit.o                       4
    far_util.o                  14
    init.o                      30
    init_small.o                70
    interrupt.o                  4      128
    long.o                     415
    long_util.o                100
    low_level_init.o             3
    memcmp.o                    54
    memcpy.o                    38
    memset.o                    23
    move.o                      37
    short.o                     93
    strlen.o                    18
    unhandled_exception.o        3
    vreg_util.o                348
    vregs.o                                       16
    ------------------------------------------------
    Total:                   1 377      128       16

    Linker created                       28      256
----------------------------------------------------
    Grand Total:            37 056   11 130    6 022


*******************************************************************************
*** ENTRY LIST
***

Entry                    Address    Size  Type      Object
-----                    -------    ----  ----      ------
.iar.init_table$$Base   0x00a4b9           --   Gb  - Linker created -
.iar.init_table$$Limit  0x00a4d5           --   Gb  - Linker created -
?add32_l0_l0_0x         0x00eb7a          Code  Gb  long.o [5]
?add32_l0_l0_l1         0x00eb77          Code  Gb  long.o [5]
?and32_l0_l0_0x         0x00ecb6          Code  Gb  long.o [5]
?and32_l0_l0_l1         0x00ecb3          Code  Gb  long.o [5]
?b0                     0x000000          Data  Gb  vregs.o [5]
?b1                     0x000001          Data  Gb  vregs.o [5]
?b10                    0x00000a          Data  Gb  vregs.o [5]
?b11                    0x00000b          Data  Gb  vregs.o [5]
?b12                    0x00000c          Data  Gb  vregs.o [5]
?b13                    0x00000d          Data  Gb  vregs.o [5]
?b14                    0x00000e          Data  Gb  vregs.o [5]
?b15                    0x00000f          Data  Gb  vregs.o [5]
?b2                     0x000002          Data  Gb  vregs.o [5]
?b3                     0x000003          Data  Gb  vregs.o [5]
?b4                     0x000004          Data  Gb  vregs.o [5]
?b5                     0x000005          Data  Gb  vregs.o [5]
?b6                     0x000006          Data  Gb  vregs.o [5]
?b7                     0x000007          Data  Gb  vregs.o [5]
?b8                     0x000008          Data  Gb  vregs.o [5]
?b9                     0x000009          Data  Gb  vregs.o [5]
?dc32_l0                0x0139df          Code  Gb  dc_util.o [5]
?dc32_l1                0x013a0b          Code  Gb  dc_util.o [5]
?e0                     0x000001          Data  Gb  vregs.o [5]
?e1                     0x000005          Data  Gb  vregs.o [5]
?e2                     0x000009          Data  Gb  vregs.o [5]
?e3                     0x00000d          Data  Gb  vregs.o [5]
?epilogue_l2            0x010ab7          Code  Gb  vreg_util.o [5]
?epilogue_l2_l3         0x010ab3          Code  Gb  vreg_util.o [5]
?epilogue_l2_w6         0x010abc          Code  Gb  vreg_util.o [5]
?epilogue_w4            0x010ac5          Code  Gb  vreg_util.o [5]
?l0                     0x000000          Data  Gb  vregs.o [5]
?l1                     0x000004          Data  Gb  vregs.o [5]
?l2                     0x000008          Data  Gb  vregs.o [5]
?l3                     0x00000c          Data  Gb  vregs.o [5]
?load24_e1_0x           0x014bf2          Code  Gb  far_util.o [5]
?load32_0x_l0           0x013683          Code  Gb  long_util.o [5]
?load32_l0_0x           0x013647          Code  Gb  long_util.o [5]
?load32_l0_asp          0x01363b          Code  Gb  long_util.o [5]
?load32_l0_dbsp         0x01362d          Code  Gb  long_util.o [5]
?load32_l0_xsp          0x01363d          Code  Gb  long_util.o [5]
?load32_l1_0x           0x01366d          Code  Gb  long_util.o [5]
?load32_l1_asp          0x013661          Code  Gb  long_util.o [5]
?load32_l1_dbsp         0x013653          Code  Gb  long_util.o [5]
?load32_l1_xsp          0x013663          Code  Gb  long_util.o [5]
?load32_xsp_l0          0x013679          Code  Gb  long_util.o [5]
?longfarg16_v_w0_a      0x0147f0          Code  Gb  move.o [5]
?longfarg16_v_w0_x      0x0147f2          Code  Gb  move.o [5]
?mov_e0_e1              0x010ae2          Code  Gb  vreg_util.o [5]
?mov_e0_e2              0x010aef          Code  Gb  vreg_util.o [5]
?mov_e0_e3              0x010afc          Code  Gb  vreg_util.o [5]
?mov_e1_e0              0x010b09          Code  Gb  vreg_util.o [5]
?mov_e1_e2              0x010b16          Code  Gb  vreg_util.o [5]
?mov_e1_e3              0x010b23          Code  Gb  vreg_util.o [5]
?mov_e2_e0              0x010b30          Code  Gb  vreg_util.o [5]
?mov_e3_e0              0x010b44          Code  Gb  vreg_util.o [5]
?mov_e3_e1              0x010b51          Code  Gb  vreg_util.o [5]
?mov_l0_l1              0x010adf          Code  Gb  vreg_util.o [5]
?mov_l0_l2              0x010aec          Code  Gb  vreg_util.o [5]
?mov_l0_l3              0x010af9          Code  Gb  vreg_util.o [5]
?mov_l1_l0              0x010b06          Code  Gb  vreg_util.o [5]
?mov_l1_l2              0x010b13          Code  Gb  vreg_util.o [5]
?mov_l1_l3              0x010b20          Code  Gb  vreg_util.o [5]
?mov_l2_l0              0x010b2d          Code  Gb  vreg_util.o [5]
?mov_l3_l0              0x010b41          Code  Gb  vreg_util.o [5]
?mov_l3_l1              0x010b4e          Code  Gb  vreg_util.o [5]
?mov_w1_w3              0x010ae5          Code  Gb  vreg_util.o [5]
?mov_w1_w4              0x010aca          Code  Gb  vreg_util.o [5]
?mov_w1_w5              0x010af2          Code  Gb  vreg_util.o [5]
?mov_w1_w7              0x010aff          Code  Gb  vreg_util.o [5]
?mov_w2_w1              0x010ad1          Code  Gb  vreg_util.o [5]
?mov_w3_w1              0x010b0c          Code  Gb  vreg_util.o [5]
?mov_w3_w5              0x010b19          Code  Gb  vreg_util.o [5]
?mov_w3_w7              0x010b26          Code  Gb  vreg_util.o [5]
?mov_w5_w1              0x010b33          Code  Gb  vreg_util.o [5]
?mov_w5_w3              0x010b3a          Code  Gb  vreg_util.o [5]
?mov_w6_w0              0x010ad8          Code  Gb  vreg_util.o [5]
?mov_w7_w1              0x010b47          Code  Gb  vreg_util.o [5]
?mov_w7_w3              0x010b54          Code  Gb  vreg_util.o [5]
?move1616_v_x_y_a       0x0147e3          Code  Gb  move.o [5]
?mul16_x_x_w0           0x013872          Code  Gb  short.o [5]
?mul32_l0_l0_l1         0x00ebad          Code  Gb  long.o [5]
?or32_l0_l0_0x          0x00ecd1          Code  Gb  long.o [5]
?or32_l0_l0_l1          0x00ecce          Code  Gb  long.o [5]
?pop_l0                 0x010a7b          Code  Gb  vreg_util.o [5]
?pop_l1                 0x010a86          Code  Gb  vreg_util.o [5]
?pop_l2                 0x010a91          Code  Gb  vreg_util.o [5]
?pop_l3                 0x010a9c          Code  Gb  vreg_util.o [5]
?pop_w4                 0x010a25          Code  Gb  vreg_util.o [5]
?pop_w5                 0x010a2c          Code  Gb  vreg_util.o [5]
?pop_w6                 0x010a33          Code  Gb  vreg_util.o [5]
?push_l0                0x010a46          Code  Gb  vreg_util.o [5]
?push_l1                0x010a4b          Code  Gb  vreg_util.o [5]
?push_l2                0x010a50          Code  Gb  vreg_util.o [5]
?push_l3                0x010a55          Code  Gb  vreg_util.o [5]
?push_w4                0x0109ff          Code  Gb  vreg_util.o [5]
?push_w5                0x010a04          Code  Gb  vreg_util.o [5]
?push_w6                0x010a09          Code  Gb  vreg_util.o [5]
?sdiv16_x_x_y           0x013890          Code  Gb  short.o [5]
?sext16_x_a             0x0138c8          Code  Gb  short.o [5]
?sext32_l0_x            0x00ed0b          Code  Gb  long.o [5]
?sll16_x_x_4            0x0138c3          Code  Gb  short.o [5]
?sll16_x_x_5            0x0138c2          Code  Gb  short.o [5]
?sll16_x_x_6            0x0138c1          Code  Gb  short.o [5]
?sll16_x_x_a            0x0138b9          Code  Gb  short.o [5]
?sll32_0x_0x_a          0x00ecec          Code  Gb  long.o [5]
?sll32_l0_l0_a          0x00ece9          Code  Gb  long.o [5]
?smod16_y_x_y           0x0138a9          Code  Gb  short.o [5]
?srl32_0x_0x_a          0x00ecfd          Code  Gb  long.o [5]
?srl32_l0_l0_a          0x00ecfa          Code  Gb  long.o [5]
?srl8_a_a_5             0x014cf3          Code  Gb  char.o [5]
?srl8_a_a_6             0x014cf2          Code  Gb  char.o [5]
?sub32_l0_l0_0x         0x00eb95          Code  Gb  long.o [5]
?sub32_l0_l0_l1         0x00eb92          Code  Gb  long.o [5]
?ucmp32_c_l0_l1         0x00eca8          Code  Gb  long.o [5]
?udiv32_l0_dl_l1        0x00ec31          Code  Gb  long.o [5]
?udiv32_l0_l0_dl        0x00ec37          Code  Gb  long.o [5]
?udiv32_l0_l0_l1        0x00ec3b          Code  Gb  long.o [5]
?umod32_l1_l0_dl        0x00ec2b          Code  Gb  long.o [5]
?umod32_l1_l0_l1        0x00ec3b          Code  Gb  long.o [5]
?w0                     0x000000          Data  Gb  vregs.o [5]
?w1                     0x000002          Data  Gb  vregs.o [5]
?w2                     0x000004          Data  Gb  vregs.o [5]
?w3                     0x000006          Data  Gb  vregs.o [5]
?w4                     0x000008          Data  Gb  vregs.o [5]
?w5                     0x00000a          Data  Gb  vregs.o [5]
?w6                     0x00000c          Data  Gb  vregs.o [5]
?w7                     0x00000e          Data  Gb  vregs.o [5]
ADC2_Cmd                0x014c34     0xd  Code  Gb  stm8s_adc2.o [1]
ADC2_ConversionConfig   0x01447c    0x2f  Code  Gb  stm8s_adc2.o [1]
ADC2_ExternalTriggerConfig
                        0x0148f5    0x21  Code  Gb  stm8s_adc2.o [1]
ADC2_GetConversionValue
                        0x013b39    0x54  Code  Gb  stm8s_adc2.o [1]
ADC2_IRQHandler         0x014d9b     0x1  Code  Gb  stm8s_it.o [1]
ADC2_Init               0x0143ee    0x30  Code  Gb  stm8s_adc2.o [1]
ADC2_PrescalerConfig    0x014b44    0x13  Code  Gb  stm8s_adc2.o [1]
ADC2_SchmittTriggerConfig
                        0x01300f    0x82  Code  Gb  stm8s_adc2.o [1]
ADC2_StartConversion    0x014cfe     0x5  Code  Gb  stm8s_adc2.o [1]
ADC_Init                0x01482c    0x22  Code  Gb  ADC.o [1]
AF_Mute_Init            0x014c0d     0xd  Code  Gb  McuConfig.o [1]
ASCII_ActiveUserID      0x00152e    0x16  Data  Gb  ApiPocCmd.o [1]
AUDIO_IOAFMUT           0x014a50    0x19  Code  Gb  McuConfig.o [1]
AUDIO_IOAFPOW           0x014a69    0x19  Code  Gb  McuConfig.o [1]
AWU_IRQHandler          0x014d8b     0x1  Code  Gb  stm8s_it.o [1]
AkeyvolumeCount         0x00164f     0x1  Data  Gb  ApiKeyboard.o [1]
AlarmCount              0x00166a     0x1  Data  Gb  Task.o [1]
ApGpsCmd_10msRenew      0x014892    0x21  Code  Gb  ApiGpsCmd.o [1]
ApiAtCmd_100msRenew     0x00da71    0x88  Code  Gb  ApiAtCmd.o [1]
ApiAtCmd_10msRenew      0x0117d5   0x10c  Code  Gb  ApiAtCmd.o [1]
ApiAtCmd_GetGroupName   0x014b7d    0x12  Code  Gb  ApiPocCmd.o [1]
ApiAtCmd_GetGroupNameLen
                        0x014b1e    0x13  Code  Gb  ApiPocCmd.o [1]
ApiAtCmd_GetGroupNum    0x014d46     0x4  Code  Gb  ApiPocCmd.o [1]
ApiAtCmd_GetLoginState  0x014cdd     0x7  Code  Gb  ApiPocCmd.o [1]
ApiAtCmd_GetMainGroupId
                        0x014d4e     0x4  Code  Gb  ApiPocCmd.o [1]
ApiAtCmd_GetMainUserId  0x014d52     0x4  Code  Gb  ApiPocCmd.o [1]
ApiAtCmd_GetMainUserName
                        0x014d42     0x4  Code  Gb  ApiPocCmd.o [1]
ApiAtCmd_GetMainWorkName
                        0x014d3e     0x4  Code  Gb  ApiPocCmd.o [1]
ApiAtCmd_GetUserName    0x014b8f    0x12  Code  Gb  ApiPocCmd.o [1]
ApiAtCmd_GetUserNameLen
                        0x014b31    0x13  Code  Gb  ApiPocCmd.o [1]
ApiAtCmd_GetUserNum     0x014d4a     0x4  Code  Gb  ApiPocCmd.o [1]
ApiAtCmd_Get_DateTime_Information
                        0x010cb4   0x153  Code  Gb  ApiAtCmd.o [1]
ApiAtCmd_Get_location_Information
                        0x010f4f   0x145  Code  Gb  ApiAtCmd.o [1]
ApiAtCmd_PlayVoice      0x01318b    0x73  Code  Gb  ApiAtCmd.o [1]
ApiAtCmd_SetLoginState  0x014be4     0xe  Code  Gb  ApiPocCmd.o [1]
ApiAtCmd_TrumpetVoicePlay_Flag
                        0x0015da     0x1  Data  Gb  ApiAtCmd.o [1]
ApiAtCmd_WritCommand    0x00d88c   0x1e5  Code  Gb  ApiAtCmd.o [1]
ApiAtCmd_tcp_state      0x014cb3     0xa  Code  Gb  ApiAtCmd.o [1]
ApiCaretCmd_10msRenew   0x00e811   0x1b4  Code  Gb  ApiAtCmd.o [1]
ApiGpsCmd_100msRenew    0x00c38e   0x1da  Code  Gb  ApiGpsCmd.o [1]
ApiGpsCmd_PowerOnInitial
                        0x01130e   0x135  Code  Gb  ApiGpsCmd.o [1]
ApiGps_GetTcpIpAddress  0x014d36     0x4  Code  Gb  ApiGpsCmd.o [1]
ApiGps_GetTcpPortAddress
                        0x014d3a     0x4  Code  Gb  ApiGpsCmd.o [1]
ApiMenu_BacklightTimeSet_Flag
                        0x0015fa     0x1  Data  Gb  ApiMenu.o [1]
ApiMenu_GpsInfo_Flag    0x0015f9     0x1  Data  Gb  ApiMenu.o [1]
ApiMenu_KeylockTimeSet_Flag
                        0x0015fb     0x1  Data  Gb  ApiMenu.o [1]
ApiPocCmd_10msRenew     0x00c568   0x487  Code  Gb  ApiPocCmd.o [1]
ApiPocCmd_Tone_Flag     0x001603     0x1  Data  Gb  ApiPocCmd.o [1]
ApiPocCmd_WritCommand   0x01089c   0x163  Code  Gb  ApiPocCmd.o [1]
ApiPocCmd_user_info_get
                        0x01427f    0x36  Code  Gb  ApiPocCmd.o [1]
ApiPocCmd_user_info_set
                        0x012346    0xd8  Code  Gb  ApiPocCmd.o [1]
AtCmdDrvobj             0x001366    0x7c  Data  Lc  ApiAtCmd.o [1]
AtCmd_NetParamCode      0x012e77    0x8b  Code  Lc  ApiAtCmd.o [1]
AtNotify_Queue          0x00ac14    0x4d  Code  Lc  DrvGD83.o [1]
AtNotify_Queue_Start    0x00ac61    0x56  Code  Lc  DrvGD83.o [1]
BEEP_Interrupt10ms      0x0149b2    0x1c  Code  Gb  Beep.o [1]
BEEP_PowerOnInitial     0x00cf6e    0xd3  Code  Gb  Beep.o [1]
BEEP_SetOutput          0x00cd32   0x23c  Code  Gb  Beep.o [1]
BEEP_Time               0x01420f    0x38  Code  Gb  Beep.o [1]
BacklightTimeCount      0x001614     0x1  Data  Gb  Delay.o [1]
BacklightTimeSetCount   0x001658     0x1  Data  Gb  ApiKeyboard.o [1]
BatteryLevel            0x0015d3     0x1  Data  Gb  ADC.o [1]
BeepDrvObj              0x001558    0x12  Data  Lc  Beep.o [1]
BeidouRxData            0x001432    0x4b  Data  Gb  ApiBeidou.o [1]
BeidouRxDataLen         0x0015e2     0x1  Data  Gb  ApiBeidou.o [1]
BitTab                  0x00aafb     0x8  Data  Gb  ApiDisplay.o [1]
BootProcess_PPPCFG_Flag
                        0x0015d9     0x1  Data  Gb  ApiAtCmd.o [1]
BootProcess_PPPCFG_Flag_Zanshi
                        0x001622     0x1  Data  Gb  ApiAtCmd.o [1]
BootProcess_SIMST_Flag  0x0015d8     0x1  Data  Gb  ApiAtCmd.o [1]
CFG_GetCurAdr           0x00e1f1   0x22c  Code  Gb  Config.o [1]
CHAR_HIGH               0x00a938    0x10  Data  Gb  ApiDisplay.o [1]
CHAR_TO_Digital         0x01349a    0x67  Code  Gb  ApiAtCmd.o [1]
CHAR_WIDTH              0x00a948    0x10  Data  Gb  ApiDisplay.o [1]
CLK_ClockSwitchConfig   0x0129c5    0xa2  Code  Gb  stm8s_clk.o [1]
CLK_GetClockFreq        0x013987    0x58  Code  Gb  stm8s_clk.o [1]
CLK_HSIPrescalerConfig  0x014b57    0x13  Code  Gb  stm8s_clk.o [1]
CLK_IRQHandler          0x014d8c     0x1  Code  Gb  stm8s_it.o [1]
COMLHexArray2String     0x013565    0x64  Code  Lc  ApiGpsCmd.o [1]
COML_AscToHex           0x011bf0    0xfa  Code  Gb  CommonLib.o [1]
COML_DecToAsc           0x0135c9    0x64  Code  Gb  CommonLib.o [1]
COML_HexToAsc2          0x012b97    0x96  Code  Gb  CommonLib.o [1]
COML_StringReverse      0x013814    0x5e  Code  Gb  CommonLib.o [1]
CSQ99Count_Flag         0x0015dc     0x1  Data  Gb  ApiAtCmd.o [1]
CSQTimeCount            0x001610     0x1  Data  Gb  Delay.o [1]
CSQ_Flag                0x0015db     0x1  Data  Gb  ApiAtCmd.o [1]
CSTACK$$Base            0x001700           --   Gb  - Linker created -
CSTACK$$Limit           0x001800           --   Gb  - Linker created -
C_TEST_OUT_SET          0x014c27     0xd  Code  Gb  McuConfig.o [1]
CaretNotify_Queue       0x00ab7a    0x4d  Code  Lc  DrvGD83.o [1]
CaretNotify_Queue_Start
                        0x00ad0d    0x56  Code  Lc  DrvGD83.o [1]
CharCode                0x0015cf     0x2  Data  Gb  ApiDisplay.o [1]
Combine2Hex             0x011443   0x134  Code  Gb  CommonLib.o [1]
Count                   0x0015d4     0x1  Data  Gb  ADC.o [1]
Count2                  0x0015d5     0x1  Data  Gb  ADC.o [1]
DEL_100msProcess        0x00cca1    0x58  Code  Lc  Delay.o [1]
DEL_10msProcess         0x00ccf9    0x1d  Code  Lc  Delay.o [1]
DEL_1msProcess          0x00cd16     0xc  Code  Lc  Delay.o [1]
DEL_500msProcess        0x00c9ef   0x2b2  Code  Lc  Delay.o [1]
DEL_500ms_Count         0x001608     0x1  Data  Gb  Delay.o [1]
DEL_500ms_Count2        0x001609     0x1  Data  Gb  Delay.o [1]
DEL_GetTimer            0x013ae4    0x55  Code  Gb  Delay.o [1]
DEL_Interrupt           0x012922    0xa3  Code  Gb  Delay.o [1]
DEL_PowerOnInitial      0x0148d4    0x21  Code  Gb  Delay.o [1]
DEL_Renew               0x00cd22    0x10  Code  Gb  Delay.o [1]
DEL_SetTimer            0x0131fe    0x73  Code  Gb  Delay.o [1]
DEL_Soft1ms             0x0149ce    0x1c  Code  Gb  Delay.o [1]
DEL_TimerRenew          0x014611    0x29  Code  Lc  Delay.o [1]
DISP_DataBuf            0x01241e    0xc8  Code  Lc  ApiDisplay.o [1]
DISP_MulTypePro         0x0124e6    0xc0  Code  Lc  ApiDisplay.o [1]
DISP_MulTypePro2        0x01226d    0xd9  Code  Lc  ApiDisplay.o [1]
Data_Date0              0x014d26     0x4  Code  Gb  ApiAtCmd.o [1]
Data_Date1              0x014d2a     0x4  Code  Gb  ApiAtCmd.o [1]
Data_Date2              0x014d2e     0x4  Code  Gb  ApiAtCmd.o [1]
Data_Latitude_Minute    0x014d16     0x4  Code  Gb  ApiAtCmd.o [1]
Data_Latitude_Second    0x014cd6     0x7  Code  Gb  ApiAtCmd.o [1]
Data_Longitude_Minute   0x014d12     0x4  Code  Gb  ApiAtCmd.o [1]
Data_Longitude_Second   0x014ccf     0x7  Code  Gb  ApiAtCmd.o [1]
Data_Speed              0x014d32     0x4  Code  Gb  ApiAtCmd.o [1]
Data_Time0              0x014d1a     0x4  Code  Gb  ApiAtCmd.o [1]
Data_Time1              0x014d1e     0x4  Code  Gb  ApiAtCmd.o [1]
Data_Time2              0x014d22     0x4  Code  Gb  ApiAtCmd.o [1]
Dec2Hex                 0x013d1c    0x4e  Code  Gb  CommonLib.o [1]
DefaultSystemClockForHSI
                        0x014957    0x1f  Code  Gb  sysclock.o [1]
DelDrvObj               0x0015b4     0xb  Data  Lc  Delay.o [1]
Delay_100ms             0x01411b    0x40  Code  Gb  Task.o [1]
DisDataBit              0x0014c1    0x40  Data  Gb  ApiDisplay.o [1]
DisDataBuf              0x000fa9   0x200  Data  Gb  ApiDisplay.o [1]
DrvGD83DrvObj           0x000c03   0x3a6  Data  Lc  DrvGD83.o [1]
DrvGD83_UART_TxCommand  0x013091    0x80  Code  Gb  DrvGD83.o [1]
DrvMC8332_AtNotify_Queue_front
                        0x013e4d    0x4a  Code  Gb  DrvGD83.o [1]
DrvMC8332_CaretNotify_Queue_front
                        0x013e03    0x4a  Code  Gb  DrvGD83.o [1]
DrvMC8332_GpsNotify_Queue_front
                        0x013ee1    0x4a  Code  Gb  DrvGD83.o [1]
DrvMC8332_PocNotify_Queue_front
                        0x013e97    0x4a  Code  Gb  DrvGD83.o [1]
DrvMC8332_Software_Initial
                        0x014199    0x3d  Code  Gb  DrvGD83.o [1]
DrvMC8332_TxPort_SetValidable
                        0x01458f    0x2c  Code  Gb  DrvGD83.o [1]
DrvMC8332_UART_Interrupt
                        0x00afd2   0x3cb  Code  Gb  DrvGD83.o [1]
DrvMc8332_UART_TxTail   0x011ed5    0xeb  Code  Gb  DrvGD83.o [1]
EEPROM_EEC_IRQHandler   0x014d9d     0x1  Code  Gb  stm8s_it.o [1]
EXTI_PORTA_IRQHandler   0x014d8d     0x1  Code  Gb  stm8s_it.o [1]
EXTI_PORTB_IRQHandler   0x014d8e     0x1  Code  Gb  stm8s_it.o [1]
EXTI_PORTC_IRQHandler   0x014d8f     0x1  Code  Gb  stm8s_it.o [1]
EXTI_PORTD_IRQHandler   0x014d90     0x1  Code  Gb  stm8s_it.o [1]
EXTI_PORTE_IRQHandler   0x014d91     0x1  Code  Gb  stm8s_it.o [1]
EnterPttMomentCount     0x001620     0x1  Data  Gb  Task.o [1]
EnterPttMoment_Flag     0x001621     0x1  Data  Gb  Task.o [1]
FILE_Read               0x013f74    0x48  Code  Gb  Flash_eeprom.o [1]
FILE_Read2              0x014093    0x45  Code  Gb  Flash_eeprom.o [1]
FILE_Write              0x013c7e    0x4f  Code  Gb  Flash_eeprom.o [1]
FILE_Write2             0x013bdf    0x50  Code  Gb  Flash_eeprom.o [1]
FLASH_EraseOptionByte   0x014663    0x28  Code  Gb  stm8s_flash.o [1]
FLASH_GetFlagStatus     0x014b0a    0x14  Code  Gb  stm8s_flash.o [1]
FLASH_Lock              0x014ce4     0x7  Code  Gb  stm8s_flash.o [1]
FLASH_ProgramByte       0x014d03     0x5  Code  Gb  stm8s_flash.o [1]
FLASH_ProgramOptionByte
                        0x014799    0x25  Code  Gb  stm8s_flash.o [1]
FLASH_ReadByte          0x014d08     0x5  Code  Gb  stm8s_flash.o [1]
FLASH_Unlock            0x014ade    0x16  Code  Gb  stm8s_flash.o [1]
FLASH_WaitForLastOperation
                        0x0142b5    0x36  Code  Gb  stm8s_flash.o [1]
GB2312_16_GetData       0x00dfa0   0x251  Code  Gb  GT20L16P1Y.o [3]
GPIO_Init               0x0127c6    0xaf  Code  Gb  stm8s_gpio.o [1]
GPIO_ReadInputPin       0x014cbd     0x9  Code  Gb  stm8s_gpio.o [1]
GPIO_WriteHigh          0x014ceb     0x7  Code  Gb  stm8s_gpio.o [1]
GPIO_WriteLow           0x014d5a     0x4  Code  Gb  stm8s_gpio.o [1]
GeHuTest                0x014d88     0x1  Code  Lc  ApiKeyboard.o [1]
GetPersonalCallingMode  0x014ca8     0xb  Code  Gb  ApiPocCmd.o [1]
GetPointArrayData32     0x013fbc    0x48  Code  Gb  GT20L16P1Y_D.o [1]
GetTaskId               0x014d6e     0x4  Code  Gb  System.o [1]
Get_0X_ActiveUserIDBuf  0x0015a9     0xb  Data  Gb  ApiPocCmd.o [1]
Get_GBK_ActiveUserID    0x013691    0x62  Code  Gb  ApiPocCmd.o [1]
Get_Unicode_ActiveUserID
                        0x012f8a    0x85  Code  Gb  ApiPocCmd.o [1]
Get_Unicode_ActiveUserIDBuf
                        0x001501    0x2d  Data  Gb  ApiPocCmd.o [1]
GpsCmd_GbAnalytical     0x00daf9   0x255  Code  Lc  ApiGpsCmd.o [1]
GpsCmd_GbDataTransave   0x00d041   0x301  Code  Lc  ApiGpsCmd.o [1]
GpsCmd_GbWritCommand    0x00c0c2   0x2cc  Code  Lc  ApiGpsCmd.o [1]
GpsFunDrvObj            0x0011a9   0x1bd  Data  Lc  ApiGpsCmd.o [1]
GpsNotify_Queue         0x00af55    0x7d  Code  Lc  DrvGD83.o [1]
GpsNotify_Queue_Start   0x00ad63    0x9a  Code  Lc  DrvGD83.o [1]
GpsReconnectionTimeCount
                        0x00160f     0x1  Data  Gb  Delay.o [1]
GroupCallingNum         0x001656     0x1  Data  Gb  ApiKeyboard.o [1]
HSE_ClockStartUpConfiguration
                        0x0142eb    0x36  Code  Lc  sysclock.o [1]
HSIDivFactor            0x00ab65     0x4  Data  Gb  stm8s_clk.o [1]
HexToChar_GroupCallingNum
                        0x014937    0x20  Code  Gb  ApiPocCmd.o [1]
HexToChar_MainGroupId   0x0148b3    0x21  Code  Gb  ApiPocCmd.o [1]
HexToChar_MainUserId    0x01484e    0x22  Code  Gb  ApiPocCmd.o [1]
HexToChar_PersonalCallingNum
                        0x014870    0x22  Code  Gb  ApiPocCmd.o [1]
HtgDrvObj               0x0015d1     0x2  Data  Lc  DrvHTG12832.o [1]
I2C_IRQHandler          0x014d99     0x1  Code  Gb  stm8s_it.o [1]
INTVEC$$Base            0x008000           --   Gb  - Linker created -
INTVEC$$Limit           0x008080           --   Gb  - Linker created -
ITC_SetSoftwarePriority
                        0x0119ea   0x103  Code  Gb  stm8s_itc.o [1]
Ico_DataBuf             0x009b80   0x400  Data  Gb  ApiDisplay.o [1]
InputGBcode             0x009f80   0x1b0  Data  Gb  GT20L16P1Y_D.o [1]
InputUnicode            0x00a130   0x1b0  Data  Gb  GT20L16P1Y_D.o [1]
KEY_TABLE               0x00ab74     0x3  Data  Lc  uart3.o [1]
KeyBatteryReport        0x0137b5    0x5f  Code  Gb  ADC.o [1]
KeyCount_PersonalCalling
                        0x00161f     0x1  Data  Gb  Task.o [1]
KeyDownUpChoose_GroupOrUser_Flag
                        0x0015dd     0x1  Data  Gb  ApiAtCmd.o [1]
KeyPersonalCallingCount
                        0x0015e6     0x1  Data  Gb  ApiKeyboard.o [1]
KeyUpDownCount          0x0015e5     0x1  Data  Gb  ApiKeyboard.o [1]
Key_Flag_0              0x00161b     0x1  Data  Gb  Task.o [1]
Key_Flag_1              0x0015e7     0x1  Data  Gb  ApiKeyboard.o [1]
Key_Init                0x014357    0x34  Code  Gb  McuConfig.o [1]
Key_PersonalCalling_Flag
                        0x00161c     0x1  Data  Gb  Task.o [1]
Keyboard_Test           0x00b39d   0x7b4  Code  Gb  ApiKeyboard.o [1]
KeylockTimeCount        0x001615     0x1  Data  Gb  Delay.o [1]
KeylockTimeSetCount     0x001659     0x1  Data  Gb  ApiKeyboard.o [1]
LED_Conut               0x0015f8     0x1  Data  Gb  ApiLED.o [1]
LED_Init                0x0146da    0x27  Code  Gb  McuConfig.o [1]
LED_IntOutputRenew      0x013111    0x7a  Code  Gb  ApiLED.o [1]
LandingTimeCount        0x001611     0x1  Data  Gb  Delay.o [1]
Level3MenuDisplay       0x010000   0x173  Code  Gb  ApiMenu.o [1]
LockingState_EnterOK_Flag
                        0x0015ea     0x1  Data  Gb  ApiKeyboard.o [1]
LockingState_Flag       0x001613     0x1  Data  Gb  Delay.o [1]
LowVoltageDetection     0x010459   0x170  Code  Gb  ADC.o [1]
LowVoltageDetection_Flag
                        0x0015d6     0x1  Data  Gb  ADC.o [1]
MIC_GPIO_Init           0x014c00     0xd  Code  Gb  McuConfig.o [1]
MIC_IOMUT               0x014a37    0x19  Code  Gb  McuConfig.o [1]
MenuDisplay             0x00d60f   0x27d  Code  Gb  ApiMenu.o [1]
MenuModeCount           0x001657     0x1  Data  Gb  ApiKeyboard.o [1]
MenuMode_Flag           0x0015e8     0x1  Data  Gb  ApiKeyboard.o [1]
NetworkType_2Gor3G_Flag
                        0x00166b     0x1  Data  Gb  Task.o [1]
NoUseNum                0x001619     0x1  Data  Gb  Task.o [1]
Noise_Mute_Init         0x014c1a     0xd  Code  Gb  McuConfig.o [1]
Notify_Queue_Stop       0x00adfd   0x158  Code  Lc  DrvGD83.o [1]
NumberKeyboardPressDown_flag
                        0x0015e9     0x1  Data  Gb  ApiKeyboard.o [1]
OffLineCount            0x001607     0x1  Data  Gb  ApiPocCmd.o [1]
OneChannelGetADValue    0x0146b3    0x27  Code  Lc  ADC.o [1]
PAS_NULLTBL             0x00a958    0x10  Data  Lc  uart3.o [1]
POC_AtEnterPersonalCalling_Flag
                        0x0015fe     0x1  Data  Gb  ApiPocCmd.o [1]
POC_AtQuitPersonalCalling_Flag
                        0x0015ff     0x1  Data  Gb  ApiPocCmd.o [1]
POC_EnterGroupCalling_Flag
                        0x001600     0x1  Data  Gb  ApiPocCmd.o [1]
POC_EnterPersonalCalling_Flag
                        0x0015fc     0x1  Data  Gb  ApiPocCmd.o [1]
POC_QuitGroupCalling_Flag
                        0x001601     0x1  Data  Gb  ApiPocCmd.o [1]
POC_QuitPersonalCalling_Flag
                        0x0015fd     0x1  Data  Gb  ApiPocCmd.o [1]
POC_Receive86_Flag      0x001606     0x1  Data  Gb  ApiPocCmd.o [1]
POC_ReceivedVoiceEnd_Flag
                        0x001605     0x1  Data  Gb  ApiPocCmd.o [1]
POC_ReceivedVoiceStart_Flag
                        0x001604     0x1  Data  Gb  ApiPocCmd.o [1]
POC_ReceivedVoice_Flag  0x001602     0x1  Data  Gb  ApiPocCmd.o [1]
POC_TABLE               0x00ab77     0x3  Data  Lc  uart3.o [1]
PasObj                  0x0015cb     0x4  Data  Lc  uart3.o [1]
PersonCallIco_Flag      0x00161a     0x1  Data  Gb  Task.o [1]
PersonalCallingNum      0x0015e4     0x1  Data  Gb  ApiKeyboard.o [1]
PocCmdDrvobj            0x000010   0xbf3  Data  Lc  ApiPocCmd.o [1]
PocNotify_Queue         0x00abc7    0x4d  Code  Lc  DrvGD83.o [1]
PocNotify_Queue_Start   0x00acb7    0x56  Code  Lc  DrvGD83.o [1]
PositionInfoSendToATPORT_InfoDisplay_Flag
                        0x0015e1     0x1  Data  Gb  ApiAtCmd.o [1]
PositionInfoSendToATPORT_RedLed_Flag
                        0x0015df     0x1  Data  Gb  ApiAtCmd.o [1]
PositionInfoSendToATPORT_SetPPP_Flag
                        0x0015e0     0x1  Data  Gb  ApiAtCmd.o [1]
PositionInformationSendToATPORT_Flag
                        0x0015de     0x1  Data  Gb  ApiAtCmd.o [1]
PrimaryLowPowerCount    0x001612     0x1  Data  Gb  Delay.o [1]
PrimaryLowPower_Flag    0x0015d7     0x1  Data  Gb  ADC.o [1]
READ_TABLE              0x00ab69     0x4  Data  Lc  uart3.o [1]
ReadBuffer              0x0013e2    0x50  Data  Gb  ApiPocCmd.o [1]
ReadBufferA             0x001616     0x1  Data  Gb  Delay.o [1]
ReadBufferB             0x001617     0x1  Data  Gb  Delay.o [1]
ReadByte                0x013a37    0x57  Code  Gb  ApiDisplay.o [1]
Region$$Table$$Base     0x00a4b9           --   Gb  - Linker created -
Region$$Table$$Limit    0x00a4d5           --   Gb  - Linker created -
RxStartFlag             0x0015bf     0x6  Data  Gb  ApiBeidou.o [1]
SPI_IRQHandler          0x014d92     0x1  Code  Gb  stm8s_it.o [1]
SendByte                0x012f02    0x88  Code  Gb  ApiDisplay.o [1]
SetTaskId               0x014d72     0x4  Code  Gb  System.o [1]
Set_GreenLed            0x014a05    0x19  Code  Gb  McuConfig.o [1]
Set_RedLed              0x014a1e    0x19  Code  Gb  McuConfig.o [1]
SubmenuMenuDisplay      0x011cea    0xf8  Code  Gb  ApiMenu.o [1]
SystemClock_Init        0x0145bb    0x2b  Code  Gb  sysclock.o [1]
TASK_Ptt_StartPersonCalling_Flag
                        0x00161d     0x1  Data  Gb  Task.o [1]
TASK_RunLoBattery       0x0145e6    0x2b  Code  Gb  Task.o [1]
TASK_WriteFreq          0x014d76     0x4  Code  Gb  Task.o [1]
TIM1_CAP_COM_IRQHandler
                        0x014d94     0x1  Code  Gb  stm8s_it.o [1]
TIM1_CCxCmd             0x0140d8    0x43  Code  Gb  stm8s_tim1.o [1]
TIM1_Cmd                0x014c41     0xd  Code  Gb  stm8s_tim1.o [1]
TIM1_CtrlPWMOutputs     0x014c4e     0xd  Code  Gb  stm8s_tim1.o [1]
TIM1_DeInit             0x012a67    0x99  Code  Gb  stm8s_tim1.o [1]
TIM1_OC1Init            0x013754    0x61  Code  Gb  stm8s_tim1.o [1]
TIM1_OC1PreloadConfig   0x014c5b     0xd  Code  Gb  stm8s_tim1.o [1]
TIM1_PWM_Init           0x013a8e    0x56  Code  Gb  Tone.o [1]
TIM1_TimeBaseInit       0x014808    0x24  Code  Gb  stm8s_tim1.o [1]
TIM1_UPD_OVF_TRG_BRK_IRQHandler
                        0x014d93     0x1  Code  Gb  stm8s_it.o [1]
TIM2_CAP_COM_IRQHandler
                        0x014d96     0x1  Code  Gb  stm8s_it.o [1]
TIM2_UPD_OVF_BRK_IRQHandler
                        0x014d95     0x1  Code  Gb  stm8s_it.o [1]
TIM3_ARRPreloadConfig   0x014c75     0xd  Code  Gb  stm8s_tim3.o [1]
TIM3_CAP_COM_IRQHandler
                        0x014d97     0x1  Code  Gb  stm8s_it.o [1]
TIM3_ClearITPendingBit  0x014d0d     0x5  Code  Gb  stm8s_tim3.o [1]
TIM3_Cmd                0x014c68     0xd  Code  Gb  stm8s_tim3.o [1]
TIM3_ITConfig           0x014b6a    0x13  Code  Gb  stm8s_tim3.o [1]
TIM3_PrescalerConfig    0x014cc6     0x9  Code  Gb  stm8s_tim3.o [1]
TIM3_TimeBaseInit       0x014c9c     0xc  Code  Gb  stm8s_tim3.o [1]
TIM3_UPD_OVF_BRK_IRQHandler
                        0x014916    0x21  Code  Gb  stm8s_it.o [1]
TIM4_UPD_OVF_IRQHandler
                        0x014d9c     0x1  Code  Gb  stm8s_it.o [1]
TLI_IRQHandler          0x014d8a     0x1  Code  Gb  stm8s_it.o [1]
TONE_PowerOnInitial     0x01342f    0x6b  Code  Gb  Tone.o [1]
TONE_Start              0x014756    0x1d  Code  Gb  Tone.o [1]
TONE_Stop               0x01474d     0x9  Code  Gb  Tone.o [1]
TRAP_IRQHandler         0x014d89     0x1  Code  Gb  stm8s_it.o [1]
TaskDrvObj              0x001544    0x14  Data  Lc  System.o [1]
Task_Landing_Flag       0x00161e     0x1  Data  Gb  Task.o [1]
Task_RunNormalOperation
                        0x00bb51   0x571  Code  Gb  Task.o [1]
Task_RunStart           0x00e62e   0x1e3  Code  Gb  Task.o [1]
Test1                   0x0015e3     0x1  Data  Gb  ApiGpsCmd.o [1]
TestNum1                0x0015ec     0x1  Data  Gb  ApiKeyboard.o [1]
TestNum10               0x0015f5     0x1  Data  Gb  ApiKeyboard.o [1]
TestNum11               0x0015f6     0x1  Data  Gb  ApiKeyboard.o [1]
TestNum12               0x0015f7     0x1  Data  Gb  ApiKeyboard.o [1]
TestNum2                0x0015ed     0x1  Data  Gb  ApiKeyboard.o [1]
TestNum3                0x0015ee     0x1  Data  Gb  ApiKeyboard.o [1]
TestNum4                0x0015ef     0x1  Data  Gb  ApiKeyboard.o [1]
TestNum5                0x0015f0     0x1  Data  Gb  ApiKeyboard.o [1]
TestNum6                0x0015f1     0x1  Data  Gb  ApiKeyboard.o [1]
TestNum7                0x0015f2     0x1  Data  Gb  ApiKeyboard.o [1]
TestNum8                0x0015f3     0x1  Data  Gb  ApiKeyboard.o [1]
TestNum9                0x0015f4     0x1  Data  Gb  ApiKeyboard.o [1]
Tim3_Timer_Init         0x01463a    0x29  Code  Gb  McuConfig.o [1]
TimeCount               0x00160a     0x1  Data  Gb  Delay.o [1]
TimeCount2              0x00160b     0x1  Data  Gb  Delay.o [1]
TimeCount3              0x00160c     0x1  Data  Gb  Delay.o [1]
TimeCount_Light         0x00160d     0x1  Data  Gb  Delay.o [1]
ToneDrvObj              0x00156a    0x12  Data  Lc  Tone.o [1]
ToneTimeCount           0x00160e     0x1  Data  Gb  Delay.o [1]
UART1_Cmd               0x014c82     0xd  Code  Gb  stm8s_uart1.o [1]
UART1_DeInit            0x014562    0x2d  Code  Gb  stm8s_uart1.o [1]
UART1_GetFlagStatus     0x01438b    0x32  Code  Gb  stm8s_uart1.o [1]
UART1_GetITStatus       0x012d58    0x92  Code  Gb  stm8s_uart1.o [1]
UART1_ITConfig          0x0133c2    0x6d  Code  Gb  stm8s_uart1.o [1]
UART1_Init              0x010b5b   0x159  Code  Gb  stm8s_uart1.o [1]
UART1_RX_IRQHandler     0x014727    0x26  Code  Gb  stm8s_it.o [1]
UART1_ReceiveData8      0x014d5e     0x4  Code  Gb  stm8s_uart1.o [1]
UART1_SendData8         0x014d62     0x4  Code  Gb  stm8s_uart1.o [1]
UART1_TX_IRQHandler     0x014d98     0x1  Code  Gb  stm8s_it.o [1]
UART3_Cmd               0x014c8f     0xd  Code  Gb  stm8s_uart3.o [1]
UART3_DeInit            0x0147be    0x25  Code  Gb  stm8s_uart3.o [1]
UART3_GetFlagStatus     0x013f2b    0x49  Code  Gb  stm8s_uart3.o [1]
UART3_GetITStatus       0x012660    0xb6  Code  Gb  stm8s_uart3.o [1]
UART3_ITConfig          0x012dea    0x8d  Code  Gb  stm8s_uart3.o [1]
UART3_Init              0x0116ab   0x12a  Code  Gb  stm8s_uart3.o [1]
UART3_Interrupt         0x0125a6    0xba  Code  Gb  uart3.o [1]
UART3_RX_IRQHandler     0x0149ea    0x1b  Code  Gb  stm8s_it.o [1]
UART3_ReceiveData8      0x014d66     0x4  Code  Gb  stm8s_uart3.o [1]
UART3_SendByte          0x014bc5    0x10  Code  Gb  uart3.o [1]
UART3_SendData8         0x014d6a     0x4  Code  Gb  stm8s_uart3.o [1]
UART3_TX_IRQHandler     0x014d9a     0x1  Code  Gb  stm8s_it.o [1]
UART3_ToMcuMain         0x013db8    0x4b  Code  Gb  uart3.o [1]
UART_Delay              0x014ba1    0x12  Code  Lc  uart3.o [1]
UART_ErrorAck           0x013d06    0x16  Code  Lc  uart3.o [1]
UART_GetCheckSum        0x012cc3    0x2e  Code  Lc  uart3.o [1]
UART_KeyCommand         0x0118e1   0x109  Code  Lc  uart3.o [1]
UART_Link               0x012cf1    0x67  Code  Lc  uart3.o [1]
UART_PasCommand         0x00e9c5   0x1b2  Code  Lc  uart3.o [1]
UART_PocCommand         0x01392b    0x5c  Code  Lc  uart3.o [1]
UART_ReadCommand        0x011fc0    0xe9  Code  Lc  uart3.o [1]
UART_RightAck           0x013354    0x6e  Code  Lc  uart3.o [1]
UART_RxFrame            0x013b8d    0x52  Code  Lc  uart3.o [1]
UART_TxSend             0x013ccd    0x39  Code  Lc  uart3.o [1]
UART_WriteCommand       0x011de2    0xf3  Code  Lc  uart3.o [1]
UNICODE_16_GetData      0x00ed16   0x185  Code  Gb  GT20L16P1Y.o [3]
Uart1_Init              0x014507    0x2e  Code  Gb  McuConfig.o [1]
Uart3_Init              0x0141d6    0x39  Code  Gb  uart3.o [1]
UartDrvObj              0x00147d    0x44  Data  Lc  uart3.o [1]
UnicodeForGbk_MainUserName
                        0x0102e6   0x173  Code  Gb  ApiPocCmd.o [1]
UnicodeForGbk_MainUserNameBuf
                        0x00158b     0xf  Data  Gb  ApiPocCmd.o [1]
UnicodeForGbk_MainWorkName
                        0x010173   0x173  Code  Gb  ApiPocCmd.o [1]
UnicodeForGbk_MainWorkNameBuf
                        0x00157c     0xf  Data  Gb  ApiPocCmd.o [1]
UnicodeForGbk_SpeakerRightnowName
                        0x0105c9   0x16e  Code  Gb  ApiPocCmd.o [1]
UnicodeForGbk_SpeakerRightnowNameBuf
                        0x00159a     0xf  Data  Gb  ApiPocCmd.o [1]
UnicodeGetPointArrayData32
                        0x014004    0x48  Code  Gb  GT20L16P1Y_D.o [1]
UnicodeValueSearch      0x014701    0x26  Code  Gb  GT20L16P1Y_D.o [1]
VOICE_1sProcess         0x014bd5     0xf  Code  Gb  Voice.o [1]
VOICE_Renew             0x0132e3    0x71  Code  Gb  Voice.o [1]
VOICE_SetOutput         0x0143bd    0x31  Code  Gb  Voice.o [1]
ValueSearch             0x0138cf    0x5c  Code  Gb  GT20L16P1Y_D.o [1]
VerifyData              0x008080  0x1b00  Data  Gb  GT20L16P1Y_D.o [1]
VoiceDrvObj             0x0015c5     0x6  Data  Lc  Voice.o [1]
VoiceType_FreehandOrHandset_Flag
                        0x0015eb     0x1  Data  Gb  ApiKeyboard.o [1]
WRITE_TABLE             0x00ab6d     0x4  Data  Lc  uart3.o [1]
WW_GetData              0x00d342   0x2cd  Code  Gb  GT20L16P1Y.o [3]
WriteEEPROMByte         0x01415b    0x3e  Code  Gb  Flash_eeprom.o [1]
__DebugBreak            0x014d9e     0x1  Code  Gb  __dbg_break.o [4]
__exit                  0x014af4    0x16  Code  Gb  __dbg_xxexit.o [4]
__iar_copy_init2        0x01468b          Code  Gb  init_small.o [5]
__iar_data_init2        0x014976    0x1e  Code  Gb  init.o [5]
__iar_program_start     0x014ab0          Code  Gb  cstartup.o [5]
__iar_unhandled_exception
                        0x014d85          Code  Gb  unhandled_exception.o [5]
__iar_zero_init2        0x014994          Code  Gb  init_small.o [5]
__intvec                0x008000          Data  Gb  interrupt.o [5]
__low_level_init        0x014d82     0x3  Code  Gb  low_level_init.o [5]
_exit                   0x014cf8          Code  Gb  cexit.o [5]
_interrupt_1            0x014d89          Code  Gb  stm8s_it.o [1]
_interrupt_12           0x014d92          Code  Gb  stm8s_it.o [1]
_interrupt_13           0x014d93          Code  Gb  stm8s_it.o [1]
_interrupt_14           0x014d94          Code  Gb  stm8s_it.o [1]
_interrupt_15           0x014d95          Code  Gb  stm8s_it.o [1]
_interrupt_16           0x014d96          Code  Gb  stm8s_it.o [1]
_interrupt_17           0x014916          Code  Gb  stm8s_it.o [1]
_interrupt_18           0x014d97          Code  Gb  stm8s_it.o [1]
_interrupt_19           0x014d98          Code  Gb  stm8s_it.o [1]
_interrupt_2            0x014d8a          Code  Gb  stm8s_it.o [1]
_interrupt_20           0x014727          Code  Gb  stm8s_it.o [1]
_interrupt_21           0x014d99          Code  Gb  stm8s_it.o [1]
_interrupt_22           0x014d9a          Code  Gb  stm8s_it.o [1]
_interrupt_23           0x0149ea          Code  Gb  stm8s_it.o [1]
_interrupt_24           0x014d9b          Code  Gb  stm8s_it.o [1]
_interrupt_25           0x014d9c          Code  Gb  stm8s_it.o [1]
_interrupt_26           0x014d9d          Code  Gb  stm8s_it.o [1]
_interrupt_3            0x014d8b          Code  Gb  stm8s_it.o [1]
_interrupt_4            0x014d8c          Code  Gb  stm8s_it.o [1]
_interrupt_5            0x014d8d          Code  Gb  stm8s_it.o [1]
_interrupt_6            0x014d8e          Code  Gb  stm8s_it.o [1]
_interrupt_7            0x014d8f          Code  Gb  stm8s_it.o [1]
_interrupt_8            0x014d90          Code  Gb  stm8s_it.o [1]
_interrupt_9            0x014d91          Code  Gb  stm8s_it.o [1]
api_diap_ico_pos_get    0x0136f3    0x61  Code  Gb  ApiDisplay.o [1]
api_disp_all_screen_refresh
                        0x013c2f    0x4f  Code  Gb  ApiDisplay.o [1]
api_disp_char_output    0x014a82    0x17  Code  Gb  ApiDisplay.o [1]
api_disp_char_output2   0x014a99    0x17  Code  Gb  ApiDisplay.o [1]
api_disp_ico_output     0x012716    0xb0  Code  Gb  ApiDisplay.o [1]
api_disp_icoid_output   0x012b00    0x97  Code  Gb  ApiDisplay.o [1]
api_lcd_pwr_on_hint     0x0144ab    0x2e  Code  Gb  ApiDisplay.o [1]
api_lcd_pwr_on_hint2    0x01441e    0x2f  Code  Gb  ApiDisplay.o [1]
api_lcd_pwr_on_hint3    0x014535    0x2d  Code  Gb  ApiDisplay.o [1]
api_lcd_pwr_on_hint4    0x01444d    0x2f  Code  Gb  ApiDisplay.o [1]
api_lcd_pwr_on_hint5    0x0144d9    0x2e  Code  Gb  ApiDisplay.o [1]
api_poc_command_get     0x012875    0xad  Code  Lc  uart3.o [1]
api_poc_command_set     0x01218e    0xdf  Code  Lc  uart3.o [1]
drv_gt20_data_output    0x011577   0x134  Code  Gb  DrvGT20L16S1Y.o [1]
drv_gt20_data_output2   0x0111d3   0x13b  Code  Gb  DrvGT20L16S1Y.o [1]
drv_gt20_pwr_on_init    0x01427b     0x4  Code  Gb  DrvGT20L16S1Y.o [1]
drv_htg_clr_allscr      0x00de87    0x35  Code  Gb  DrvHTG12832.o [1]
drv_htg_pwr_on_init     0x00df94     0xc  Code  Gb  DrvHTG12832.o [1]
drv_htg_reset           0x00dd4e     0x5  Code  Gb  DrvHTG12832.o [1]
drv_htg_set_address     0x00ddcd    0x40  Code  Gb  DrvHTG12832.o [1]
drv_htg_write_command   0x00dd53    0x7a  Code  Gb  DrvHTG12832.o [1]
drv_htg_write_data      0x00de0d    0x7a  Code  Gb  DrvHTG12832.o [1]
drv_keypad_scan         0x00e41d   0x211  Code  Gb  DrvKeyboard.o [1]
exit                    0x014d7e     0x4  Code  Gb  exit.o [5]
find_zf_tab             0x01404c    0x47  Code  Gb  GT20L16P1Y.o [3]
get_key_value           0x0120a9    0xe5  Code  Gb  ApiKeyboard.o [1]
htg_delay_ms            0x00debc    0x1e  Code  Lc  DrvHTG12832.o [1]
htg_initial             0x00deda    0x6c  Code  Lc  DrvHTG12832.o [1]
key_scan_board          0x011094   0x13f  Code  Gb  DrvKeyboard.o [1]
main                    0x014d56     0x4  Code  Gb  main.o [1]
main_app                0x013d6a    0x4e  Code  Gb  System.o [1]
main_init               0x011aed   0x103  Code  Gb  System.o [1]
mcu_gt20_initial        0x014247    0x34  Code  Lc  DrvGT20L16S1Y.o [1]
mcu_key_pad_out         0x012c2d    0x96  Code  Gb  DrvKeyboard.o [1]
mcu_key_pad_read        0x013271    0x72  Code  Gb  DrvKeyboard.o [1]
mcu_key_pad_set         0x010e07   0x148  Code  Gb  DrvKeyboard.o [1]
mcu_lcd_initial         0x00df46    0x4e  Code  Lc  DrvHTG12832.o [1]
memcmp                  0x014321    0x36  Code  Gb  memcmp.o [5]
memcpy                  0x014773    0x26  Code  Gb  memcpy.o [5]
memset                  0x014ac7    0x17  Code  Gb  memset.o [5]
pack_data               0x010737   0x165  Code  Lc  ApiGpsCmd.o [1]
r_dat_bat               0x013501    0x64  Code  Gb  ApiDisplay.o [1]
strlen                  0x014bb3    0x12  Code  Gb  strlen.o [5]
ucAtPocHead             0x00165a     0x2  Data  Gb  ApiPocCmd.o [1]
ucCDMATIME              0x001631     0x2  Data  Gb  ApiAtCmd.o [1]
ucCLVL                  0x001672     0x2  Data  Gb  Task.o [1]
ucCODECCTL              0x001676     0x2  Data  Gb  Task.o [1]
ucCSQ                   0x00167e     0x2  Data  Gb  Task.o [1]
ucCaretPPPCFG           0x001639     0x2  Data  Gb  ApiAtCmd.o [1]
ucCheckCard             0x00164d     0x2  Data  Gb  ApiAtCmd.o [1]
ucCheckPPP              0x001647     0x2  Data  Gb  ApiAtCmd.o [1]
ucCheckRssi             0x001629     0x2  Data  Gb  ApiAtCmd.o [1]
ucCheckTcp              0x00163d     0x2  Data  Gb  ApiAtCmd.o [1]
ucEndPTT                0x00166e     0x2  Data  Gb  Task.o [1]
ucGD83Reset             0x001623     0x2  Data  Gb  ApiAtCmd.o [1]
ucGPSINFO               0x001633     0x2  Data  Gb  ApiAtCmd.o [1]
ucGPSSendToAtPort       0x00165e     0x2  Data  Gb  Delay.o [1]
ucGPSUploadTime_5s      0x001660     0x2  Data  Gb  Delay.o [1]
ucGpsPosition           0x00162f     0x2  Data  Gb  ApiAtCmd.o [1]
ucOSSYSHWID             0x001678     0x2  Data  Gb  Task.o [1]
ucPPPCFG                0x001680     0x2  Data  Gb  Task.o [1]
ucPlayZtts              0x00163b     0x2  Data  Gb  ApiAtCmd.o [1]
ucPocOpenConfig         0x001684     0x2  Data  Gb  Task.o [1]
ucPrefmode2             0x00167a     0x2  Data  Gb  Task.o [1]
ucPrefmode4             0x00167c     0x2  Data  Gb  Task.o [1]
ucQuitPersonalCalling   0x001654     0x2  Data  Gb  ApiKeyboard.o [1]
ucRequestUserListInfo   0x001670     0x2  Data  Gb  Task.o [1]
ucRxCSQ31               0x00162b     0x2  Data  Gb  ApiAtCmd.o [1]
ucRxCSQ99               0x00162d     0x2  Data  Gb  ApiAtCmd.o [1]
ucRxCheckPppClose       0x00164b     0x2  Data  Gb  ApiAtCmd.o [1]
ucRxCheckPppOpen        0x001649     0x2  Data  Gb  ApiAtCmd.o [1]
ucRxCheckTcp            0x001643     0x2  Data  Gb  ApiAtCmd.o [1]
ucRxOkHeadInfo          0x001666     0x2  Data  Gb  DrvGD83.o [1]
ucRxPASTATE0            0x001627     0x2  Data  Gb  ApiAtCmd.o [1]
ucRxPASTATE1            0x001625     0x2  Data  Gb  ApiAtCmd.o [1]
ucRxPocHeadInfo         0x001664     0x2  Data  Gb  DrvGD83.o [1]
ucRxTcpDataHeadInfo     0x001668     0x2  Data  Gb  DrvGD83.o [1]
ucSIMST1                0x001635     0x2  Data  Gb  ApiAtCmd.o [1]
ucSIMST255              0x001637     0x2  Data  Gb  ApiAtCmd.o [1]
ucSendTcp               0x001641     0x2  Data  Gb  ApiAtCmd.o [1]
ucSetIPAndID            0x00165c     0x2  Data  Gb  ApiPocCmd.o [1]
ucSetIp                 0x00163f     0x2  Data  Gb  ApiAtCmd.o [1]
ucStartPTT              0x00166c     0x2  Data  Gb  Task.o [1]
ucTxPocHeadInfo         0x001662     0x2  Data  Gb  DrvGD83.o [1]
ucVGR                   0x001674     0x2  Data  Gb  Task.o [1]
ucVGR1                  0x001650     0x2  Data  Gb  ApiKeyboard.o [1]
ucVGR7                  0x001652     0x2  Data  Gb  ApiKeyboard.o [1]
ucZTTS_Abell            0x001682     0x2  Data  Gb  Task.o [1]
ucZpppOpen              0x001645     0x2  Data  Gb  ApiAtCmd.o [1]


[1] = E:\1-source\A508\PRJ\Debug\Obj
[2] = command line
[3] = GT20L16_STM8_DOUBLE_MEDIUM_IAR.a
[4] = dbgstm8mmd.a
[5] = dlstm8mmn.a

  37 056 bytes of readonly  code memory
  11 130 bytes of readonly  data memory
   6 022 bytes of readwrite data memory

Errors: none
Warnings: none
