###############################################################################
#
# IAR ELF Linker V2.20.1.176 for STM8                     10/Nov/2017  15:29:36
# Copyright 2010-2015 IAR Systems AB.
#
#    Output file  =  E:\1-source\A508\PRJ\Debug\Exe\A508_DEMO1.out
#    Map file     =  E:\1-source\A508\PRJ\Debug\List\A508_DEMO1.map
#    Command line =  
#        E:\1-source\A508\PRJ\Debug\Obj\ApiAtCmd.o
#        E:\1-source\A508\PRJ\Debug\Obj\ApiPocCmd.o
#        E:\1-source\A508\PRJ\Debug\Obj\CommonLib.o
#        E:\1-source\A508\PRJ\Debug\Obj\Delay.o
#        E:\1-source\A508\PRJ\Debug\Obj\DrvGD83.o
#        E:\1-source\A508\PRJ\Debug\Obj\main.o
#        E:\1-source\A508\PRJ\Debug\Obj\McuConfig.o
#        E:\1-source\A508\PRJ\Debug\Obj\stm8s_adc2.o
#        E:\1-source\A508\PRJ\Debug\Obj\stm8s_awu.o
#        E:\1-source\A508\PRJ\Debug\Obj\stm8s_beep.o
#        E:\1-source\A508\PRJ\Debug\Obj\stm8s_clk.o
#        E:\1-source\A508\PRJ\Debug\Obj\stm8s_exti.o
#        E:\1-source\A508\PRJ\Debug\Obj\stm8s_flash.o
#        E:\1-source\A508\PRJ\Debug\Obj\stm8s_gpio.o
#        E:\1-source\A508\PRJ\Debug\Obj\stm8s_i2c.o
#        E:\1-source\A508\PRJ\Debug\Obj\stm8s_it.o
#        E:\1-source\A508\PRJ\Debug\Obj\stm8s_itc.o
#        E:\1-source\A508\PRJ\Debug\Obj\stm8s_iwdg.o
#        E:\1-source\A508\PRJ\Debug\Obj\stm8s_rst.o
#        E:\1-source\A508\PRJ\Debug\Obj\stm8s_spi.o
#        E:\1-source\A508\PRJ\Debug\Obj\stm8s_tim1.o
#        E:\1-source\A508\PRJ\Debug\Obj\stm8s_tim2.o
#        E:\1-source\A508\PRJ\Debug\Obj\stm8s_tim3.o
#        E:\1-source\A508\PRJ\Debug\Obj\stm8s_tim4.o
#        E:\1-source\A508\PRJ\Debug\Obj\stm8s_uart1.o
#        E:\1-source\A508\PRJ\Debug\Obj\stm8s_uart3.o
#        E:\1-source\A508\PRJ\Debug\Obj\stm8s_wwdg.o
#        E:\1-source\A508\PRJ\Debug\Obj\sysclock.o
#        E:\1-source\A508\PRJ\Debug\Obj\System.o --redirect
#        _Printf=_PrintfSmall --redirect _Scanf=_ScanfSmall -o
#        E:\1-source\A508\PRJ\Debug\Exe\A508_DEMO1.out --map
#        E:\1-source\A508\PRJ\Debug\List\A508_DEMO1.map --config "C:\Program
#        Files\IAR Systems\Embedded Workbench
#        7.3\stm8\config\lnkstm8s007c8.icf" --config_def _CSTACK_SIZE=0x100
#        --config_def _HEAP_SIZE=0x100 --entry __iar_program_start --debug_lib
#
###############################################################################

*******************************************************************************
*** RUNTIME MODEL ATTRIBUTES
***

__SystemLibrary            = DLib
__code_model               = small
__core                     = stm8
__data_model               = medium
__dlib_file_descriptor     = 0
__dlib_full_locale_support = 0
__rt_version               = 4


*******************************************************************************
*** PLACEMENT SUMMARY
***

"A1":  place at start of [0x000000-0x0000ff] { rw section .vregs };
"A2":  place at end of [0x000000-0x0017ff] { block CSTACK };
"P2":  place in [from 0x000000 to 0x0017ff] {
          block HEAP, rw section __DLIB_PERTHREAD, rw section .far.bss,
          rw section .far.data, rw section .far.noinit,
          rw section .far_func.textrw, rw section .huge.bss,
          rw section .huge.data, rw section .huge.noinit,
          rw section .huge_func.textrw, rw section .iar.dynexit,
          rw section .near.bss, rw section .near.data, rw section .near.noinit,
          rw section .near_func.textrw };
"A3":  place at start of [0x008000-0x00ffff] { block INTVEC };
"P3":  place in [from 0x008000 to 0x00ffff] {
          ro section __DLIB_PERTHREAD_init, ro section .far.data_init,
          ro section .far_func.textrw_init, ro section .huge.data_init,
          ro section .huge_func.textrw_init, ro section .iar.init_table,
          ro section .init_array, ro section .near.data_init,
          ro section .near.rodata, ro section .near_func.text,
          ro section .near_func.textrw_init, ro section .tiny.data_init,
          ro section .tiny.rodata_init };

  Section            Kind      Address    Size  Object
  -------            ----      -------    ----  ------
"A1":                                     0x10
  .vregs             uninit   0x000000    0x10  vregs.o [4]
                            - 0x000010    0x10

"P2", part 1 of 2:                        0x16
  P2-1                        0x000010    0x16  <Init block>
    .near.data       inited   0x000010     0x2  ApiAtCmd.o [1]
    .near.data       inited   0x000012     0x2  ApiPocCmd.o [1]
    .near.data       inited   0x000014     0x2  DrvGD83.o [1]
    .near.data       inited   0x000016     0x2  DrvGD83.o [1]
    .near.data       inited   0x000018     0x2  DrvGD83.o [1]
    .near.data       inited   0x00001a     0x2  System.o [1]
    .near.data       inited   0x00001c     0x2  System.o [1]
    .near.data       inited   0x00001e     0x2  System.o [1]
    .near.data       inited   0x000020     0x2  System.o [1]
    .near.data       inited   0x000022     0x2  System.o [1]
    .near.data       inited   0x000024     0x2  System.o [1]
                            - 0x000026    0x16

"P2", part 2 of 2:                       0x616
  .near.bss          zero     0x000026   0x355  ApiPocCmd.o [1]
  .near.bss          zero     0x00037b   0x20c  DrvGD83.o [1]
  .near.bss          zero     0x000587    0x77  ApiAtCmd.o [1]
  .near.bss          zero     0x0005fe    0x32  DrvGD83.o [1]
  .near.bss          zero     0x000630     0xb  Delay.o [1]
  .near.bss          zero     0x00063b     0x1  DrvGD83.o [1]
                            - 0x00063c   0x616

"A2":                                    0x100
  CSTACK                      0x001700   0x100  <Block>
    CSTACK           uninit   0x001700   0x100  <Block tail>
                            - 0x001800   0x100

"A3":                                     0x80
  INTVEC                      0x008000    0x80  <Block>
    .intvec          const    0x008000    0x80  interrupt.o [4]
                            - 0x008080    0x80

"P3":                                   0x1999
  .near_func.text    ro code  0x008080   0x4c8  DrvGD83.o [1]
  .near_func.text    ro code  0x008548   0x151  long.o [4]
  .near_func.text    ro code  0x008699   0x149  System.o [1]
  .near_func.text    ro code  0x0087e2   0x134  stm8s_uart1.o [1]
  .near_func.text    ro code  0x008916   0x112  vreg_util.o [4]
  .near_func.text    ro code  0x008a28   0x101  stm8s_itc.o [1]
  .near_func.text    ro code  0x008b29    0xe1  DrvGD83.o [1]
  .near_func.text    ro code  0x008c0a    0xdb  CommonLib.o [1]
  .near_func.text    ro code  0x008ce5    0xbb  ApiPocCmd.o [1]
  .near_func.text    ro code  0x008da0    0xaf  stm8s_gpio.o [1]
  .near_func.text    ro code  0x008e4f    0xa2  Delay.o [1]
  .near_func.text    ro code  0x008ef1    0xa2  stm8s_clk.o [1]
  .near_func.text    ro code  0x008f93    0x90  stm8s_uart1.o [1]
  .near_func.text    ro code  0x009023    0x7a  DrvGD83.o [1]
  .near_func.text    ro code  0x00909d    0x73  Delay.o [1]
  .near_func.text    ro code  0x009110    0x6c  stm8s_uart1.o [1]
  .near_func.text    ro code  0x00917c    0x63  ApiAtCmd.o [1]
  .near_func.text    ro code  0x0091df    0x57  stm8s_clk.o [1]
  .near_func.text    ro code  0x009236    0x54  Delay.o [1]
  .near_func.text    ro code  0x00928a    0x4d  ApiPocCmd.o [1]
  .near_func.text    ro code  0x0092d7    0x4c  DrvGD83.o [1]
  .near_func.text    ro code  0x009323    0x49  DrvGD83.o [1]
  .near_func.text    ro code  0x00936c    0x49  DrvGD83.o [1]
  .near_func.text    ro code  0x0093b5    0x47  long_util.o [4]
  .near_func.text    ro code  0x0093fc    0x36  stm8s_flash.o [1]
  .near_func.text    ro code  0x009432    0x36  memcmp.o [4]
  .near_func.text    ro code  0x009468    0x32  stm8s_uart1.o [1]
  .near_func.text    ro code  0x00949a    0x30  McuConfig.o [1]
  .near_func.text    ro code  0x0094ca    0x30  sysclock.o [1]
  .near_func.text    ro code  0x0094fa    0x2d  stm8s_uart1.o [1]
  .near_func.text    ro code  0x009527    0x2c  DrvGD83.o [1]
  .near_func.text    ro code  0x009553    0x2b  short.o [4]
  .near_func.text    ro code  0x00957e    0x2a  McuConfig.o [1]
  .near_func.text    ro code  0x0095a8    0x28  Delay.o [1]
  .near_func.text    ro code  0x0095d0    0x28  init_small.o [4]
  .near_func.text    ro code  0x0095f8    0x27  stm8s_flash.o [1]
  .near_func.text    ro code  0x00961f    0x27  sysclock.o [1]
  .near_func.text    ro code  0x009646    0x25  dc_util.o [4]
  .near_func.text    ro code  0x00966b    0x24  McuConfig.o [1]
  .near_func.text    ro code  0x00968f    0x24  stm8s_flash.o [1]
  .iar.init_table    const    0x0096b3    0x12  - Linker created -
  .near_func.text    ro code  0x0096c5    0x20  stm8s_it.o [1]
  .near_func.text    ro code  0x0096e5    0x1f  Delay.o [1]
  .near_func.text    ro code  0x009704    0x1e  ApiPocCmd.o [1]
  .near_func.text    ro code  0x009722    0x1e  init_small.o [4]
  .near_func.text    ro code  0x009740    0x1c  Delay.o [1]
  .near_func.text    ro code  0x00975c    0x1b  stm8s_it.o [1]
  .near_func.text    ro code  0x009777    0x1b  sysclock.o [1]
  .near_func.text    ro code  0x009792    0x18  McuConfig.o [1]
  .near_func.text    ro code  0x0097aa    0x18  McuConfig.o [1]
  .near_func.text    ro code  0x0097c2    0x18  McuConfig.o [1]
  .near_func.text    ro code  0x0097da    0x17  McuConfig.o [1]
  .near_func.text    ro code  0x0097f1    0x17  McuConfig.o [1]
  .near_func.text    ro code  0x009808    0x17  McuConfig.o [1]
  .near_func.text    ro code  0x00981f    0x17  McuConfig.o [1]
  .near_func.text    ro code  0x009836    0x17  McuConfig.o [1]
  .near_func.text    ro code  0x00984d    0x17  init.o [4]
  .near_func.text    ro code  0x009864    0x16  stm8s_flash.o [1]
  Initializer bytes  const    0x00987a    0x16  <for P2-1>
  .near_func.text    ro code  0x009890    0x14  __dbg_xxexit.o [3]
  .near_func.text    ro code  0x0098a4    0x13  stm8s_clk.o [1]
  .near_func.text    ro code  0x0098b7    0x13  stm8s_tim3.o [1]
  .near_func.text    ro code  0x0098ca    0x13  cstartup.o [4]
  .near_func.text    ro code  0x0098dd    0x12  strlen.o [4]
  .near_func.text    ro code  0x0098ef     0xd  stm8s_tim3.o [1]
  .near_func.text    ro code  0x0098fc     0xd  stm8s_tim3.o [1]
  .near_func.text    ro code  0x009909     0xd  stm8s_uart1.o [1]
  .near_func.text    ro code  0x009916     0xc  McuConfig.o [1]
  .near_func.text    ro code  0x009922     0xc  McuConfig.o [1]
  .near_func.text    ro code  0x00992e     0xc  McuConfig.o [1]
  .near_func.text    ro code  0x00993a     0xc  McuConfig.o [1]
  .near_func.text    ro code  0x009946     0xc  stm8s_tim3.o [1]
  .near.rodata       const    0x009952     0xb  System.o [1]
  .near.rodata       const    0x00995d     0xa  ApiAtCmd.o [1]
  .near.rodata       const    0x009967     0x9  DrvGD83.o [1]
  .near.rodata       const    0x009970     0x9  System.o [1]
  .near.rodata       const    0x009979     0x9  System.o [1]
  .near.rodata       const    0x009982     0x9  System.o [1]
  .near_func.text    ro code  0x00998b     0x9  Delay.o [1]
  .near_func.text    ro code  0x009994     0x9  stm8s_gpio.o [1]
  .near_func.text    ro code  0x00999d     0x9  stm8s_tim3.o [1]
  .near.rodata       const    0x0099a6     0x8  ApiPocCmd.o [1]
  .near.rodata       const    0x0099ae     0x7  System.o [1]
  .near.rodata       const    0x0099b5     0x7  System.o [1]
  .near_func.text    ro code  0x0099bc     0x7  stm8s_flash.o [1]
  .near_func.text    ro code  0x0099c3     0x7  stm8s_gpio.o [1]
  .near.rodata       const    0x0099ca     0x6  DrvGD83.o [1]
  .near_func.text    ro code  0x0099d0     0x6  char.o [4]
  .near_func.text    ro code  0x0099d6     0x5  stm8s_tim3.o [1]
  .near_func.text    ro code  0x0099db     0x5  cexit.o [4]
  .near.rodata       const    0x0099e0     0x4  stm8s_clk.o [1]
  .near_func.text    ro code  0x0099e4     0x4  stm8s_gpio.o [1]
  .near_func.text    ro code  0x0099e8     0x4  stm8s_uart1.o [1]
  .near_func.text    ro code  0x0099ec     0x4  stm8s_uart1.o [1]
  .near.rodata       const    0x0099f0     0x3  DrvGD83.o [1]
  .near_func.text    ro code  0x0099f3     0x3  main.o [1]
  .near_func.text    ro code  0x0099f6     0x3  interrupt.o [4]
  .near_func.text    ro code  0x0099f9     0x3  low_level_init.o [4]
  .near_func.text    ro code  0x0099fc     0x3  exit.o [4]
  .near_func.text    ro code  0x0099ff     0x3  unhandled_exception.o [4]
  .near_func.text    ro code  0x009a02     0x1  stm8s_it.o [1]
  .near_func.text    ro code  0x009a03     0x1  stm8s_it.o [1]
  .near_func.text    ro code  0x009a04     0x1  stm8s_it.o [1]
  .near_func.text    ro code  0x009a05     0x1  stm8s_it.o [1]
  .near_func.text    ro code  0x009a06     0x1  stm8s_it.o [1]
  .near_func.text    ro code  0x009a07     0x1  stm8s_it.o [1]
  .near_func.text    ro code  0x009a08     0x1  stm8s_it.o [1]
  .near_func.text    ro code  0x009a09     0x1  stm8s_it.o [1]
  .near_func.text    ro code  0x009a0a     0x1  stm8s_it.o [1]
  .near_func.text    ro code  0x009a0b     0x1  stm8s_it.o [1]
  .near_func.text    ro code  0x009a0c     0x1  stm8s_it.o [1]
  .near_func.text    ro code  0x009a0d     0x1  stm8s_it.o [1]
  .near_func.text    ro code  0x009a0e     0x1  stm8s_it.o [1]
  .near_func.text    ro code  0x009a0f     0x1  stm8s_it.o [1]
  .near_func.text    ro code  0x009a10     0x1  stm8s_it.o [1]
  .near_func.text    ro code  0x009a11     0x1  stm8s_it.o [1]
  .near_func.text    ro code  0x009a12     0x1  stm8s_it.o [1]
  .near_func.text    ro code  0x009a13     0x1  stm8s_it.o [1]
  .near_func.text    ro code  0x009a14     0x1  stm8s_it.o [1]
  .near_func.text    ro code  0x009a15     0x1  stm8s_it.o [1]
  .near_func.text    ro code  0x009a16     0x1  stm8s_it.o [1]
  .near_func.text    ro code  0x009a17     0x1  stm8s_it.o [1]
  .near_func.text    ro code  0x009a18     0x1  __dbg_break.o [3]
                            - 0x009a19  0x1999


*******************************************************************************
*** INIT TABLE
***

          Address   Size
          -------   ----
Zero (__iar_zero_init2)
    1 destination range, total size 0x616:
          0x000026  0x616

Copy (__iar_copy_init2)
    1 source range, total size 0x16:
          0x00987a   0x16
    1 destination range, total size 0x16:
          0x000010   0x16



*******************************************************************************
*** MODULE SUMMARY
***

    Module                 ro code  ro data  rw data
    ------                 -------  -------  -------
E:\1-source\A508\PRJ\Debug\Obj: [1]
    ApiAtCmd.o                  99       12      121
    ApiPocCmd.o                294       10      855
    CommonLib.o                219
    Delay.o                    469                11
    DrvGD83.o                1 837       24      581
    McuConfig.o                361
    System.o                   329       64       12
    main.o                       3
    stm8s_clk.o                268        4
    stm8s_flash.o              158
    stm8s_gpio.o               195
    stm8s_it.o                  81
    stm8s_itc.o                257
    stm8s_tim3.o                71
    stm8s_uart1.o              676
    sysclock.o                 114
    ------------------------------------------------
    Total:                   5 431      114    1 580

command line: [2]
    ------------------------------------------------
    Total:

dbgstm8smd.a: [3]
    __dbg_break.o                1
    __dbg_xxexit.o              20
    ------------------------------------------------
    Total:                      21

dlstm8smn.a: [4]
    cexit.o                      5
    char.o                       6
    cstartup.o                  19
    dc_util.o                   37
    exit.o                       3
    init.o                      23
    init_small.o                70
    interrupt.o                  3      128
    long.o                     337
    long_util.o                 71
    low_level_init.o             3
    memcmp.o                    54
    short.o                     43
    strlen.o                    18
    unhandled_exception.o        3
    vreg_util.o                274
    vregs.o                                       16
    ------------------------------------------------
    Total:                     969      128       16

    Linker created                       18      256
----------------------------------------------------
    Grand Total:             6 421      260    1 852


*******************************************************************************
*** ENTRY LIST
***

Entry                    Address   Size  Type      Object
-----                    -------   ----  ----      ------
.iar.init_table$$Base   0x0096b3          --   Gb  - Linker created -
.iar.init_table$$Limit  0x0096c5          --   Gb  - Linker created -
?add32_l0_l0_0x         0x00854b         Code  Gb  long.o [4]
?add32_l0_l0_l1         0x008548         Code  Gb  long.o [4]
?b0                     0x000000         Data  Gb  vregs.o [4]
?b1                     0x000001         Data  Gb  vregs.o [4]
?b10                    0x00000a         Data  Gb  vregs.o [4]
?b11                    0x00000b         Data  Gb  vregs.o [4]
?b12                    0x00000c         Data  Gb  vregs.o [4]
?b13                    0x00000d         Data  Gb  vregs.o [4]
?b14                    0x00000e         Data  Gb  vregs.o [4]
?b15                    0x00000f         Data  Gb  vregs.o [4]
?b2                     0x000002         Data  Gb  vregs.o [4]
?b3                     0x000003         Data  Gb  vregs.o [4]
?b4                     0x000004         Data  Gb  vregs.o [4]
?b5                     0x000005         Data  Gb  vregs.o [4]
?b6                     0x000006         Data  Gb  vregs.o [4]
?b7                     0x000007         Data  Gb  vregs.o [4]
?b8                     0x000008         Data  Gb  vregs.o [4]
?b9                     0x000009         Data  Gb  vregs.o [4]
?dc32_l0                0x009646         Code  Gb  dc_util.o [4]
?dc32_l1                0x009653         Code  Gb  dc_util.o [4]
?dc32_px                0x009660         Code  Gb  dc_util.o [4]
?e0                     0x000001         Data  Gb  vregs.o [4]
?e1                     0x000005         Data  Gb  vregs.o [4]
?e2                     0x000009         Data  Gb  vregs.o [4]
?e3                     0x00000d         Data  Gb  vregs.o [4]
?epilogue_l2            0x0089b1         Code  Gb  vreg_util.o [4]
?epilogue_l2_l3         0x0089ae         Code  Gb  vreg_util.o [4]
?epilogue_l2_w6         0x0089b5         Code  Gb  vreg_util.o [4]
?epilogue_w4            0x0089bc         Code  Gb  vreg_util.o [4]
?l0                     0x000000         Data  Gb  vregs.o [4]
?l1                     0x000004         Data  Gb  vregs.o [4]
?l2                     0x000008         Data  Gb  vregs.o [4]
?l3                     0x00000c         Data  Gb  vregs.o [4]
?load32_0x_l0           0x0093ee         Code  Gb  long_util.o [4]
?load32_asp_l0          0x0093e2         Code  Gb  long_util.o [4]
?load32_dbsp_l0         0x0093dd         Code  Gb  long_util.o [4]
?load32_l0_0x           0x0093c5         Code  Gb  long_util.o [4]
?load32_l0_asp          0x0093ba         Code  Gb  long_util.o [4]
?load32_l0_dbsp         0x0093b5         Code  Gb  long_util.o [4]
?load32_l0_xsp          0x0093bc         Code  Gb  long_util.o [4]
?load32_l1_0x           0x0093d1         Code  Gb  long_util.o [4]
?load32_xsp_l0          0x0093e4         Code  Gb  long_util.o [4]
?mov_e0_e1              0x0089c3         Code  Gb  vreg_util.o [4]
?mov_e0_e2              0x0089d0         Code  Gb  vreg_util.o [4]
?mov_e0_e3              0x0089dd         Code  Gb  vreg_util.o [4]
?mov_e1_e0              0x0089ea         Code  Gb  vreg_util.o [4]
?mov_e1_e2              0x0089f7         Code  Gb  vreg_util.o [4]
?mov_e1_e3              0x008a04         Code  Gb  vreg_util.o [4]
?mov_e2_e0              0x008a11         Code  Gb  vreg_util.o [4]
?mov_e3_e0              0x008a1e         Code  Gb  vreg_util.o [4]
?mov_l0_l1              0x0089c0         Code  Gb  vreg_util.o [4]
?mov_l0_l2              0x0089cd         Code  Gb  vreg_util.o [4]
?mov_l0_l3              0x0089da         Code  Gb  vreg_util.o [4]
?mov_l1_l0              0x0089e7         Code  Gb  vreg_util.o [4]
?mov_l1_l2              0x0089f4         Code  Gb  vreg_util.o [4]
?mov_l1_l3              0x008a01         Code  Gb  vreg_util.o [4]
?mov_l2_l0              0x008a0e         Code  Gb  vreg_util.o [4]
?mov_l3_l0              0x008a1b         Code  Gb  vreg_util.o [4]
?mov_w1_w3              0x0089c6         Code  Gb  vreg_util.o [4]
?mov_w1_w5              0x0089d3         Code  Gb  vreg_util.o [4]
?mov_w1_w7              0x0089e0         Code  Gb  vreg_util.o [4]
?mov_w3_w1              0x0089ed         Code  Gb  vreg_util.o [4]
?mov_w3_w5              0x0089fa         Code  Gb  vreg_util.o [4]
?mov_w3_w7              0x008a07         Code  Gb  vreg_util.o [4]
?mov_w5_w1              0x008a14         Code  Gb  vreg_util.o [4]
?mov_w7_w1              0x008a21         Code  Gb  vreg_util.o [4]
?mul16_x_x_w0           0x009553         Code  Gb  short.o [4]
?mul32_l0_l0_0x         0x008581         Code  Gb  long.o [4]
?mul32_l0_l0_dl         0x00857e         Code  Gb  long.o [4]
?mul32_l0_l0_l1         0x00858a         Code  Gb  long.o [4]
?pop_l0                 0x00897a         Code  Gb  vreg_util.o [4]
?pop_l1                 0x008985         Code  Gb  vreg_util.o [4]
?pop_l2                 0x008990         Code  Gb  vreg_util.o [4]
?pop_l3                 0x00899b         Code  Gb  vreg_util.o [4]
?pop_w4                 0x008933         Code  Gb  vreg_util.o [4]
?pop_w6                 0x00893a         Code  Gb  vreg_util.o [4]
?push_l0                0x008949         Code  Gb  vreg_util.o [4]
?push_l1                0x00894e         Code  Gb  vreg_util.o [4]
?push_l2                0x008953         Code  Gb  vreg_util.o [4]
?push_l3                0x008958         Code  Gb  vreg_util.o [4]
?push_w4                0x008916         Code  Gb  vreg_util.o [4]
?push_w6                0x00891b         Code  Gb  vreg_util.o [4]
?sext32_l0_x            0x00868e         Code  Gb  long.o [4]
?sll16_x_x_a            0x009571         Code  Gb  short.o [4]
?sll32_0x_0x_a          0x008680         Code  Gb  long.o [4]
?sll32_l0_l0_a          0x00867d         Code  Gb  long.o [4]
?srl16_x_x_4            0x009579         Code  Gb  short.o [4]
?srl8_a_a_5             0x0099d1         Code  Gb  char.o [4]
?srl8_a_a_6             0x0099d0         Code  Gb  char.o [4]
?sub32_l0_l0_0x         0x008566         Code  Gb  long.o [4]
?sub32_l0_l0_l1         0x008563         Code  Gb  long.o [4]
?udiv32_l0_dl_l1        0x008608         Code  Gb  long.o [4]
?udiv32_l0_l0_dl        0x00860d         Code  Gb  long.o [4]
?udiv32_l0_l0_l1        0x008610         Code  Gb  long.o [4]
?umod32_l1_l0_l1        0x008610         Code  Gb  long.o [4]
?w0                     0x000000         Data  Gb  vregs.o [4]
?w1                     0x000002         Data  Gb  vregs.o [4]
?w2                     0x000004         Data  Gb  vregs.o [4]
?w3                     0x000006         Data  Gb  vregs.o [4]
?w4                     0x000008         Data  Gb  vregs.o [4]
?w5                     0x00000a         Data  Gb  vregs.o [4]
?w6                     0x00000c         Data  Gb  vregs.o [4]
?w7                     0x00000e         Data  Gb  vregs.o [4]
ADC2_IRQHandler         0x009a15    0x1  Code  Gb  stm8s_it.o [1]
AF_Mute_Init            0x009922    0xc  Code  Gb  McuConfig.o [1]
AUDIO_IOAFMUT           0x00981f   0x17  Code  Gb  McuConfig.o [1]
AUDIO_IOAFPOW           0x009836   0x17  Code  Gb  McuConfig.o [1]
AWU_IRQHandler          0x009a04    0x1  Code  Gb  stm8s_it.o [1]
ApiAtCmd_10msRenew      0x00917c   0x63  Code  Gb  ApiAtCmd.o [1]
ApiPocCmd_10msRenew     0x00928a   0x4d  Code  Gb  ApiPocCmd.o [1]
ApiPocCmd_WritCommand   0x008ce5   0xbb  Code  Gb  ApiPocCmd.o [1]
AtCmdDrvobj             0x000587   0x77  Data  Lc  ApiAtCmd.o [1]
AtNotify_Queue          0x008080   0x4c  Code  Lc  DrvGD83.o [1]
AtNotify_Queue_Start    0x0080cc   0x55  Code  Lc  DrvGD83.o [1]
CLK_ClockSwitchConfig   0x008ef1   0xa2  Code  Gb  stm8s_clk.o [1]
CLK_GetClockFreq        0x0091df   0x57  Code  Gb  stm8s_clk.o [1]
CLK_HSIPrescalerConfig  0x0098a4   0x13  Code  Gb  stm8s_clk.o [1]
CLK_IRQHandler          0x009a05    0x1  Code  Gb  stm8s_it.o [1]
COML_AscToHex           0x008c0a   0xdb  Code  Gb  CommonLib.o [1]
CSTACK$$Base            0x001700          --   Gb  - Linker created -
CSTACK$$Limit           0x001800          --   Gb  - Linker created -
C_TEST_OUT_SET          0x00993a    0xc  Code  Gb  McuConfig.o [1]
DEL_1msProcess          0x00998b    0x6  Code  Lc  Delay.o [1]
DEL_GetTimer            0x009236   0x54  Code  Gb  Delay.o [1]
DEL_Interrupt           0x008e4f   0xa2  Code  Gb  Delay.o [1]
DEL_PowerOnInitial      0x0096e5   0x1f  Code  Gb  Delay.o [1]
DEL_Renew               0x009991    0x3  Code  Gb  Delay.o [1]
DEL_SetTimer            0x00909d   0x73  Code  Gb  Delay.o [1]
DEL_Soft1ms             0x009740   0x1c  Code  Gb  Delay.o [1]
DEL_TimerRenew          0x0095a8   0x28  Code  Lc  Delay.o [1]
DefaultSystemClockForHSI
                        0x009777   0x1b  Code  Gb  sysclock.o [1]
DelDrvObj               0x000630    0xb  Data  Lc  Delay.o [1]
DrvGD83DrvObj           0x00037b  0x20c  Data  Lc  DrvGD83.o [1]
DrvGD83_Init            0x0097aa   0x18  Code  Gb  McuConfig.o [1]
DrvGD83_UART_TxCommand  0x009023   0x7a  Code  Gb  DrvGD83.o [1]
DrvMC8332_AtNotify_Queue_front
                        0x009323   0x49  Code  Gb  DrvGD83.o [1]
DrvMC8332_PocNotify_Queue_front
                        0x00936c   0x49  Code  Gb  DrvGD83.o [1]
DrvMC8332_TxPort_SetValidable
                        0x009527   0x2c  Code  Gb  DrvGD83.o [1]
DrvMC8332_UART_Interrupt
                        0x008271  0x2d7  Code  Gb  DrvGD83.o [1]
DrvMc8332_UART_TxTail   0x008b29   0xe1  Code  Gb  DrvGD83.o [1]
EEPROM_EEC_IRQHandler   0x009a17    0x1  Code  Gb  stm8s_it.o [1]
EXTI_PORTA_IRQHandler   0x009a06    0x1  Code  Gb  stm8s_it.o [1]
EXTI_PORTB_IRQHandler   0x009a07    0x1  Code  Gb  stm8s_it.o [1]
EXTI_PORTC_IRQHandler   0x009a08    0x1  Code  Gb  stm8s_it.o [1]
EXTI_PORTD_IRQHandler   0x009a09    0x1  Code  Gb  stm8s_it.o [1]
EXTI_PORTE_IRQHandler   0x009a0a    0x1  Code  Gb  stm8s_it.o [1]
FLASH_EraseOptionByte   0x0095f8   0x27  Code  Gb  stm8s_flash.o [1]
FLASH_Lock              0x0099bc    0x7  Code  Gb  stm8s_flash.o [1]
FLASH_ProgramOptionByte
                        0x00968f   0x24  Code  Gb  stm8s_flash.o [1]
FLASH_Unlock            0x009864   0x16  Code  Gb  stm8s_flash.o [1]
FLASH_WaitForLastOperation
                        0x0093fc   0x36  Code  Gb  stm8s_flash.o [1]
GD83_ON                 0x0097c2   0x18  Code  Gb  McuConfig.o [1]
GPIO_Init               0x008da0   0xaf  Code  Gb  stm8s_gpio.o [1]
GPIO_ReadInputPin       0x009994    0x9  Code  Gb  stm8s_gpio.o [1]
GPIO_WriteHigh          0x0099c3    0x7  Code  Gb  stm8s_gpio.o [1]
GPIO_WriteLow           0x0099e4    0x4  Code  Gb  stm8s_gpio.o [1]
HSE_ClockStartUpConfiguration
                        0x0094ca   0x30  Code  Lc  sysclock.o [1]
HSIDivFactor            0x0099e0    0x4  Data  Gb  stm8s_clk.o [1]
I2C_IRQHandler          0x009a12    0x1  Code  Gb  stm8s_it.o [1]
INTVEC$$Base            0x008000          --   Gb  - Linker created -
INTVEC$$Limit           0x008080          --   Gb  - Linker created -
ITC_SetSoftwarePriority
                        0x008a28  0x101  Code  Gb  stm8s_itc.o [1]
Key_Init                0x00949a   0x30  Code  Gb  McuConfig.o [1]
LED_Init                0x009792   0x18  Code  Gb  McuConfig.o [1]
ListenState             0x009704   0x1e  Code  Gb  ApiPocCmd.o [1]
MIC_GPIO_Init           0x009916    0xc  Code  Gb  McuConfig.o [1]
MIC_IOMUT               0x009808   0x17  Code  Gb  McuConfig.o [1]
Noise_Mute_Init         0x00992e    0xc  Code  Gb  McuConfig.o [1]
Notify_Queue_Stop       0x008176   0xfb  Code  Lc  DrvGD83.o [1]
PocCmdDrvobj            0x000026  0x355  Data  Lc  ApiPocCmd.o [1]
PocNotify_Queue         0x0092d7   0x4c  Code  Lc  DrvGD83.o [1]
PocNotify_Queue_Start   0x008121   0x55  Code  Lc  DrvGD83.o [1]
Region$$Table$$Base     0x0096b3          --   Gb  - Linker created -
Region$$Table$$Limit    0x0096c5          --   Gb  - Linker created -
SPI_IRQHandler          0x009a0b    0x1  Code  Gb  stm8s_it.o [1]
Set_GreenLed            0x0097da   0x17  Code  Gb  McuConfig.o [1]
Set_RedLed              0x0097f1   0x17  Code  Gb  McuConfig.o [1]
SystemClock_Init        0x00961f   0x27  Code  Gb  sysclock.o [1]
TIM1_CAP_COM_IRQHandler
                        0x009a0d    0x1  Code  Gb  stm8s_it.o [1]
TIM1_UPD_OVF_TRG_BRK_IRQHandler
                        0x009a0c    0x1  Code  Gb  stm8s_it.o [1]
TIM2_CAP_COM_IRQHandler
                        0x009a0f    0x1  Code  Gb  stm8s_it.o [1]
TIM2_UPD_OVF_BRK_IRQHandler
                        0x009a0e    0x1  Code  Gb  stm8s_it.o [1]
TIM3_ARRPreloadConfig   0x0098fc    0xd  Code  Gb  stm8s_tim3.o [1]
TIM3_CAP_COM_IRQHandler
                        0x009a10    0x1  Code  Gb  stm8s_it.o [1]
TIM3_ClearITPendingBit  0x0099d6    0x5  Code  Gb  stm8s_tim3.o [1]
TIM3_Cmd                0x0098ef    0xd  Code  Gb  stm8s_tim3.o [1]
TIM3_ITConfig           0x0098b7   0x13  Code  Gb  stm8s_tim3.o [1]
TIM3_PrescalerConfig    0x00999d    0x9  Code  Gb  stm8s_tim3.o [1]
TIM3_TimeBaseInit       0x009946    0xc  Code  Gb  stm8s_tim3.o [1]
TIM3_UPD_OVF_BRK_IRQHandler
                        0x00975c   0x1b  Code  Gb  stm8s_it.o [1]
TIM4_UPD_OVF_IRQHandler
                        0x009a16    0x1  Code  Gb  stm8s_it.o [1]
TLI_IRQHandler          0x009a03    0x1  Code  Gb  stm8s_it.o [1]
TRAP_IRQHandler         0x009a02    0x1  Code  Gb  stm8s_it.o [1]
Tim3_Timer_Init         0x00966b   0x24  Code  Gb  McuConfig.o [1]
UART1_Cmd               0x009909    0xd  Code  Gb  stm8s_uart1.o [1]
UART1_DeInit            0x0094fa   0x2d  Code  Gb  stm8s_uart1.o [1]
UART1_GetFlagStatus     0x009468   0x32  Code  Gb  stm8s_uart1.o [1]
UART1_GetITStatus       0x008f93   0x90  Code  Gb  stm8s_uart1.o [1]
UART1_ITConfig          0x009110   0x6c  Code  Gb  stm8s_uart1.o [1]
UART1_Init              0x0087e2  0x134  Code  Gb  stm8s_uart1.o [1]
UART1_RX_IRQHandler     0x0096c5   0x20  Code  Gb  stm8s_it.o [1]
UART1_ReceiveData8      0x0099e8    0x4  Code  Gb  stm8s_uart1.o [1]
UART1_SendData8         0x0099ec    0x4  Code  Gb  stm8s_uart1.o [1]
UART1_TX_IRQHandler     0x009a11    0x1  Code  Gb  stm8s_it.o [1]
UART3_RX_IRQHandler     0x009a14    0x1  Code  Gb  stm8s_it.o [1]
UART3_TX_IRQHandler     0x009a13    0x1  Code  Gb  stm8s_it.o [1]
Uart1_Init              0x00957e   0x2a  Code  Gb  McuConfig.o [1]
__DebugBreak            0x009a18    0x1  Code  Gb  __dbg_break.o [3]
__exit                  0x009890   0x14  Code  Gb  __dbg_xxexit.o [3]
__iar_copy_init2        0x0095d0         Code  Gb  init_small.o [4]
__iar_data_init2        0x00984d   0x17  Code  Gb  init.o [4]
__iar_program_start     0x0098ca         Code  Gb  cstartup.o [4]
__iar_unhandled_exception
                        0x0099ff         Code  Gb  unhandled_exception.o [4]
__iar_zero_init2        0x009722         Code  Gb  init_small.o [4]
__intvec                0x008000         Data  Gb  interrupt.o [4]
__low_level_init        0x0099f9    0x3  Code  Gb  low_level_init.o [4]
_exit                   0x0099db         Code  Gb  cexit.o [4]
_interrupt_1            0x009a02         Code  Gb  stm8s_it.o [1]
_interrupt_12           0x009a0b         Code  Gb  stm8s_it.o [1]
_interrupt_13           0x009a0c         Code  Gb  stm8s_it.o [1]
_interrupt_14           0x009a0d         Code  Gb  stm8s_it.o [1]
_interrupt_15           0x009a0e         Code  Gb  stm8s_it.o [1]
_interrupt_16           0x009a0f         Code  Gb  stm8s_it.o [1]
_interrupt_17           0x00975c         Code  Gb  stm8s_it.o [1]
_interrupt_18           0x009a10         Code  Gb  stm8s_it.o [1]
_interrupt_19           0x009a11         Code  Gb  stm8s_it.o [1]
_interrupt_2            0x009a03         Code  Gb  stm8s_it.o [1]
_interrupt_20           0x0096c5         Code  Gb  stm8s_it.o [1]
_interrupt_21           0x009a12         Code  Gb  stm8s_it.o [1]
_interrupt_22           0x009a13         Code  Gb  stm8s_it.o [1]
_interrupt_23           0x009a14         Code  Gb  stm8s_it.o [1]
_interrupt_24           0x009a15         Code  Gb  stm8s_it.o [1]
_interrupt_25           0x009a16         Code  Gb  stm8s_it.o [1]
_interrupt_26           0x009a17         Code  Gb  stm8s_it.o [1]
_interrupt_3            0x009a04         Code  Gb  stm8s_it.o [1]
_interrupt_4            0x009a05         Code  Gb  stm8s_it.o [1]
_interrupt_5            0x009a06         Code  Gb  stm8s_it.o [1]
_interrupt_6            0x009a07         Code  Gb  stm8s_it.o [1]
_interrupt_7            0x009a08         Code  Gb  stm8s_it.o [1]
_interrupt_8            0x009a09         Code  Gb  stm8s_it.o [1]
_interrupt_9            0x009a0a         Code  Gb  stm8s_it.o [1]
exit                    0x0099fc    0x3  Code  Gb  exit.o [4]
main                    0x0099f3    0x3  Code  Gb  main.o [1]
main_app                0x008699  0x149  Code  Gb  System.o [1]
memcmp                  0x009432   0x36  Code  Gb  memcmp.o [4]
strlen                  0x0098dd   0x12  Code  Gb  strlen.o [4]
ucAtPocHead             0x000012    0x2  Data  Gb  ApiPocCmd.o [1]
ucEndPTT                0x00001e    0x2  Data  Gb  System.o [1]
ucKeyDown               0x000024    0x2  Data  Gb  System.o [1]
ucKeyUp                 0x000022    0x2  Data  Gb  System.o [1]
ucPocOpenConfig         0x00001a    0x2  Data  Gb  System.o [1]
ucRxCheckCard           0x000010    0x2  Data  Gb  ApiAtCmd.o [1]
ucRxOkHeadInfo          0x000018    0x2  Data  Gb  DrvGD83.o [1]
ucRxPocHeadInfo         0x000016    0x2  Data  Gb  DrvGD83.o [1]
ucStartPTT              0x00001c    0x2  Data  Gb  System.o [1]
ucSwitch                0x000020    0x2  Data  Gb  System.o [1]
ucTxPocHeadInfo         0x000014    0x2  Data  Gb  DrvGD83.o [1]


[1] = E:\1-source\A508\PRJ\Debug\Obj
[2] = command line
[3] = dbgstm8smd.a
[4] = dlstm8smn.a

  6 421 bytes of readonly  code memory
    260 bytes of readonly  data memory
  1 852 bytes of readwrite data memory

Errors: none
Warnings: none
