###############################################################################
#
# IAR ELF Linker V2.20.1.176 for STM8                     09/Mar/2018  18:37:48
# Copyright 2010-2015 IAR Systems AB.
#
#    Output file  =  E:\1-source\A508\PRJ\Debug\Exe\A508_DEMO1.out
#    Map file     =  E:\1-source\A508\PRJ\Debug\List\A508_DEMO1.map
#    Command line =  
#        E:\1-source\A508\PRJ\Debug\Obj\ADC.o
#        E:\1-source\A508\PRJ\Debug\Obj\ApiAtCmd.o
#        E:\1-source\A508\PRJ\Debug\Obj\ApiBeidou.o
#        E:\1-source\A508\PRJ\Debug\Obj\ApiDisplay.o
#        E:\1-source\A508\PRJ\Debug\Obj\ApiGpsCmd.o
#        E:\1-source\A508\PRJ\Debug\Obj\ApiKeyboard.o
#        E:\1-source\A508\PRJ\Debug\Obj\ApiLED.o
#        E:\1-source\A508\PRJ\Debug\Obj\ApiMenu.o
#        E:\1-source\A508\PRJ\Debug\Obj\ApiPocCmd.o
#        E:\1-source\A508\PRJ\Debug\Obj\Beep.o
#        E:\1-source\A508\PRJ\Debug\Obj\CommonLib.o
#        E:\1-source\A508\PRJ\Debug\Obj\Config.o
#        E:\1-source\A508\PRJ\Debug\Obj\Delay.o
#        E:\1-source\A508\PRJ\Debug\Obj\DrvGD83.o
#        E:\1-source\A508\PRJ\Debug\Obj\DrvGT20L16S1Y.o
#        E:\1-source\A508\PRJ\Debug\Obj\DrvHTG12832.o
#        E:\1-source\A508\PRJ\Debug\Obj\DrvKeyboard.o
#        E:\1-source\A508\PRJ\Debug\Obj\Flash_eeprom.o
#        E:\1-source\A508\SRC\Syetem\GT20L16_STM8_DOUBLE_MEDIUM_IAR.a
#        E:\1-source\A508\PRJ\Debug\Obj\GT20L16P1Y_D.o
#        E:\1-source\A508\PRJ\Debug\Obj\KeyCmd.o
#        E:\1-source\A508\PRJ\Debug\Obj\main.o
#        E:\1-source\A508\PRJ\Debug\Obj\McuConfig.o
#        E:\1-source\A508\PRJ\Debug\Obj\stm8s_adc2.o
#        E:\1-source\A508\PRJ\Debug\Obj\stm8s_awu.o
#        E:\1-source\A508\PRJ\Debug\Obj\stm8s_beep.o
#        E:\1-source\A508\PRJ\Debug\Obj\stm8s_clk.o
#        E:\1-source\A508\PRJ\Debug\Obj\stm8s_exti.o
#        E:\1-source\A508\PRJ\Debug\Obj\stm8s_flash.o
#        E:\1-source\A508\PRJ\Debug\Obj\stm8s_gpio.o
#        E:\1-source\A508\PRJ\Debug\Obj\stm8s_i2c.o
#        E:\1-source\A508\PRJ\Debug\Obj\stm8s_it.o
#        E:\1-source\A508\PRJ\Debug\Obj\stm8s_itc.o
#        E:\1-source\A508\PRJ\Debug\Obj\stm8s_iwdg.o
#        E:\1-source\A508\PRJ\Debug\Obj\stm8s_rst.o
#        E:\1-source\A508\PRJ\Debug\Obj\stm8s_spi.o
#        E:\1-source\A508\PRJ\Debug\Obj\stm8s_tim1.o
#        E:\1-source\A508\PRJ\Debug\Obj\stm8s_tim2.o
#        E:\1-source\A508\PRJ\Debug\Obj\stm8s_tim3.o
#        E:\1-source\A508\PRJ\Debug\Obj\stm8s_tim4.o
#        E:\1-source\A508\PRJ\Debug\Obj\stm8s_uart1.o
#        E:\1-source\A508\PRJ\Debug\Obj\stm8s_uart3.o
#        E:\1-source\A508\PRJ\Debug\Obj\stm8s_wwdg.o
#        E:\1-source\A508\PRJ\Debug\Obj\sysclock.o
#        E:\1-source\A508\PRJ\Debug\Obj\System.o
#        E:\1-source\A508\PRJ\Debug\Obj\Task.o
#        E:\1-source\A508\PRJ\Debug\Obj\Tone.o
#        E:\1-source\A508\PRJ\Debug\Obj\uart3.o
#        E:\1-source\A508\PRJ\Debug\Obj\Voice.o --redirect _Printf=_PrintfSmall
#        --redirect _Scanf=_ScanfSmall -o
#        E:\1-source\A508\PRJ\Debug\Exe\A508_DEMO1.out --map
#        E:\1-source\A508\PRJ\Debug\List\A508_DEMO1.map --config "C:\Program
#        Files\IAR Systems\Embedded Workbench
#        7.3\stm8\config\lnkstm8s007c8.icf" --config_def _CSTACK_SIZE=0x100
#        --config_def _HEAP_SIZE=0x00 --entry __iar_program_start --debug_lib
#
###############################################################################

*******************************************************************************
*** RUNTIME MODEL ATTRIBUTES
***

__SystemLibrary            = DLib
__code_model               = medium_or_large
__core                     = stm8
__data_model               = medium
__dlib_file_descriptor     = 0
__dlib_full_locale_support = 0
__rt_version               = 4


*******************************************************************************
*** PLACEMENT SUMMARY
***

"A1":  place at start of [0x000000-0x0000ff] { rw section .vregs };
"A2":  place at end of [0x000000-0x0017ff] { block CSTACK };
"P2":  place in [from 0x000000 to 0x0017ff] {
          block HEAP, rw section __DLIB_PERTHREAD, rw section .far.bss,
          rw section .far.data, rw section .far.noinit,
          rw section .far_func.textrw, rw section .huge.bss,
          rw section .huge.data, rw section .huge.noinit,
          rw section .huge_func.textrw, rw section .iar.dynexit,
          rw section .near.bss, rw section .near.data, rw section .near.noinit,
          rw section .near_func.textrw };
"A3":  place at start of [0x008000-0x00ffff] { block INTVEC };
"P3":  place in [from 0x008000 to 0x00ffff] {
          ro section __DLIB_PERTHREAD_init, ro section .far.data_init,
          ro section .far_func.textrw_init, ro section .huge.data_init,
          ro section .huge_func.textrw_init, ro section .iar.init_table,
          ro section .init_array, ro section .near.data_init,
          ro section .near.rodata, ro section .near_func.text,
          ro section .near_func.textrw_init, ro section .tiny.data_init,
          ro section .tiny.rodata_init };
"P4":  place in [from 0x008000 to 0x00ffff repeat 2] {
          ro section .far.rodata, ro section .far_func.text };

  Section            Kind      Address    Size  Object
  -------            ----      -------    ----  ------
"A1":                                     0x10
  .vregs             uninit   0x000000    0x10  vregs.o [5]
                            - 0x000010    0x10

"P2", part 1 of 2:                        0x66
  P2-1                        0x000010    0x66  <Init block>
    .near.data       inited   0x000010     0x1  ApiAtCmd.o [1]
    .near.data       inited   0x000011     0x2  ApiAtCmd.o [1]
    .near.data       inited   0x000013     0x2  ApiAtCmd.o [1]
    .near.data       inited   0x000015     0x2  ApiAtCmd.o [1]
    .near.data       inited   0x000017     0x2  ApiAtCmd.o [1]
    .near.data       inited   0x000019     0x2  ApiAtCmd.o [1]
    .near.data       inited   0x00001b     0x2  ApiAtCmd.o [1]
    .near.data       inited   0x00001d     0x2  ApiAtCmd.o [1]
    .near.data       inited   0x00001f     0x2  ApiAtCmd.o [1]
    .near.data       inited   0x000021     0x2  ApiAtCmd.o [1]
    .near.data       inited   0x000023     0x2  ApiAtCmd.o [1]
    .near.data       inited   0x000025     0x2  ApiAtCmd.o [1]
    .near.data       inited   0x000027     0x2  ApiAtCmd.o [1]
    .near.data       inited   0x000029     0x2  ApiAtCmd.o [1]
    .near.data       inited   0x00002b     0x2  ApiAtCmd.o [1]
    .near.data       inited   0x00002d     0x2  ApiAtCmd.o [1]
    .near.data       inited   0x00002f     0x2  ApiAtCmd.o [1]
    .near.data       inited   0x000031     0x2  ApiAtCmd.o [1]
    .near.data       inited   0x000033     0x2  ApiAtCmd.o [1]
    .near.data       inited   0x000035     0x2  ApiAtCmd.o [1]
    .near.data       inited   0x000037     0x2  ApiAtCmd.o [1]
    .near.data       inited   0x000039     0x2  ApiAtCmd.o [1]
    .near.data       inited   0x00003b     0x2  ApiAtCmd.o [1]
    .near.data       inited   0x00003d     0x2  ApiAtCmd.o [1]
    .near.data       inited   0x00003f     0x1  ApiKeyboard.o [1]
    .near.data       inited   0x000040     0x2  ApiKeyboard.o [1]
    .near.data       inited   0x000042     0x2  ApiKeyboard.o [1]
    .near.data       inited   0x000044     0x2  ApiKeyboard.o [1]
    .near.data       inited   0x000046     0x1  ApiKeyboard.o [1]
    .near.data       inited   0x000047     0x1  ApiKeyboard.o [1]
    .near.data       inited   0x000048     0x1  ApiKeyboard.o [1]
    .near.data       inited   0x000049     0x1  ApiKeyboard.o [1]
    .near.data       inited   0x00004a     0x2  ApiPocCmd.o [1]
    .near.data       inited   0x00004c     0x2  ApiPocCmd.o [1]
    .near.data       inited   0x00004e     0x2  Delay.o [1]
    .near.data       inited   0x000050     0x2  Delay.o [1]
    .near.data       inited   0x000052     0x2  DrvGD83.o [1]
    .near.data       inited   0x000054     0x2  DrvGD83.o [1]
    .near.data       inited   0x000056     0x2  DrvGD83.o [1]
    .near.data       inited   0x000058     0x2  DrvGD83.o [1]
    .near.data       inited   0x00005a     0x1  Task.o [1]
    .near.data       inited   0x00005b     0x1  Task.o [1]
    .near.data       inited   0x00005c     0x2  Task.o [1]
    .near.data       inited   0x00005e     0x2  Task.o [1]
    .near.data       inited   0x000060     0x2  Task.o [1]
    .near.data       inited   0x000062     0x2  Task.o [1]
    .near.data       inited   0x000064     0x2  Task.o [1]
    .near.data       inited   0x000066     0x2  Task.o [1]
    .near.data       inited   0x000068     0x2  Task.o [1]
    .near.data       inited   0x00006a     0x2  Task.o [1]
    .near.data       inited   0x00006c     0x2  Task.o [1]
    .near.data       inited   0x00006e     0x2  Task.o [1]
    .near.data       inited   0x000070     0x2  Task.o [1]
    .near.data       inited   0x000072     0x2  Task.o [1]
    .near.data       inited   0x000074     0x2  Task.o [1]
                            - 0x000076    0x66

"P2", part 2 of 2:                      0x132c
  .near.bss          zero     0x000076   0x8f6  ApiPocCmd.o [1]
  .near.bss          zero     0x00096c   0x3a6  DrvGD83.o [1]
  .near.bss          zero     0x000d12   0x200  ApiDisplay.o [1]
  .near.bss          zero     0x000f12   0x1c3  ApiGpsCmd.o [1]
  .near.bss          zero     0x0010d5    0x7c  ApiAtCmd.o [1]
  .near.bss          zero     0x001151    0x50  ApiPocCmd.o [1]
  .near.bss          zero     0x0011a1    0x4b  ApiBeidou.o [1]
  .near.bss          zero     0x0011ec    0x44  uart3.o [1]
  .near.bss          zero     0x001230    0x40  ApiDisplay.o [1]
  .near.bss          zero     0x001270    0x2d  ApiPocCmd.o [1]
  .near.bss          zero     0x00129d    0x16  ApiPocCmd.o [1]
  .near.bss          zero     0x0012b3    0x14  System.o [1]
  .near.bss          zero     0x0012c7    0x12  Beep.o [1]
  .near.bss          zero     0x0012d9    0x12  Tone.o [1]
  .near.bss          zero     0x0012eb     0xf  ApiPocCmd.o [1]
  .near.bss          zero     0x0012fa     0xf  ApiPocCmd.o [1]
  .near.bss          zero     0x001309     0xf  ApiPocCmd.o [1]
  .near.bss          zero     0x001318     0xb  ApiPocCmd.o [1]
  .near.bss          zero     0x001323     0xb  Delay.o [1]
  .near.bss          zero     0x00132e     0x6  ApiBeidou.o [1]
  .near.bss          zero     0x001334     0x6  Voice.o [1]
  .near.bss          zero     0x00133a     0x4  uart3.o [1]
  .near.bss          zero     0x00133e     0x2  ApiDisplay.o [1]
  .near.bss          zero     0x001340     0x2  DrvHTG12832.o [1]
  .near.bss          zero     0x001342     0x1  ADC.o [1]
  .near.bss          zero     0x001343     0x1  ADC.o [1]
  .near.bss          zero     0x001344     0x1  ADC.o [1]
  .near.bss          zero     0x001345     0x1  ADC.o [1]
  .near.bss          zero     0x001346     0x1  ADC.o [1]
  .near.bss          zero     0x001347     0x1  ApiAtCmd.o [1]
  .near.bss          zero     0x001348     0x1  ApiAtCmd.o [1]
  .near.bss          zero     0x001349     0x1  ApiAtCmd.o [1]
  .near.bss          zero     0x00134a     0x1  ApiAtCmd.o [1]
  .near.bss          zero     0x00134b     0x1  ApiAtCmd.o [1]
  .near.bss          zero     0x00134c     0x1  ApiAtCmd.o [1]
  .near.bss          zero     0x00134d     0x1  ApiAtCmd.o [1]
  .near.bss          zero     0x00134e     0x1  ApiAtCmd.o [1]
  .near.bss          zero     0x00134f     0x1  ApiAtCmd.o [1]
  .near.bss          zero     0x001350     0x1  ApiAtCmd.o [1]
  .near.bss          zero     0x001351     0x1  ApiAtCmd.o [1]
  .near.bss          zero     0x001352     0x1  ApiBeidou.o [1]
  .near.bss          zero     0x001353     0x1  ApiGpsCmd.o [1]
  .near.bss          zero     0x001354     0x1  ApiGpsCmd.o [1]
  .near.bss          zero     0x001355     0x1  ApiKeyboard.o [1]
  .near.bss          zero     0x001356     0x1  ApiKeyboard.o [1]
  .near.bss          zero     0x001357     0x1  ApiKeyboard.o [1]
  .near.bss          zero     0x001358     0x1  ApiKeyboard.o [1]
  .near.bss          zero     0x001359     0x1  ApiKeyboard.o [1]
  .near.bss          zero     0x00135a     0x1  ApiKeyboard.o [1]
  .near.bss          zero     0x00135b     0x1  ApiKeyboard.o [1]
  .near.bss          zero     0x00135c     0x1  ApiKeyboard.o [1]
  .near.bss          zero     0x00135d     0x1  ApiKeyboard.o [1]
  .near.bss          zero     0x00135e     0x1  ApiKeyboard.o [1]
  .near.bss          zero     0x00135f     0x1  ApiKeyboard.o [1]
  .near.bss          zero     0x001360     0x1  ApiKeyboard.o [1]
  .near.bss          zero     0x001361     0x1  ApiKeyboard.o [1]
  .near.bss          zero     0x001362     0x1  ApiKeyboard.o [1]
  .near.bss          zero     0x001363     0x1  ApiKeyboard.o [1]
  .near.bss          zero     0x001364     0x1  ApiKeyboard.o [1]
  .near.bss          zero     0x001365     0x1  ApiKeyboard.o [1]
  .near.bss          zero     0x001366     0x1  ApiKeyboard.o [1]
  .near.bss          zero     0x001367     0x1  ApiKeyboard.o [1]
  .near.bss          zero     0x001368     0x1  ApiKeyboard.o [1]
  .near.bss          zero     0x001369     0x1  ApiKeyboard.o [1]
  .near.bss          zero     0x00136a     0x1  ApiKeyboard.o [1]
  .near.bss          zero     0x00136b     0x1  ApiLED.o [1]
  .near.bss          zero     0x00136c     0x1  ApiMenu.o [1]
  .near.bss          zero     0x00136d     0x1  ApiMenu.o [1]
  .near.bss          zero     0x00136e     0x1  ApiMenu.o [1]
  .near.bss          zero     0x00136f     0x1  ApiMenu.o [1]
  .near.bss          zero     0x001370     0x1  ApiMenu.o [1]
  .near.bss          zero     0x001371     0x1  ApiMenu.o [1]
  .near.bss          zero     0x001372     0x1  ApiMenu.o [1]
  .near.bss          zero     0x001373     0x1  ApiPocCmd.o [1]
  .near.bss          zero     0x001374     0x1  ApiPocCmd.o [1]
  .near.bss          zero     0x001375     0x1  ApiPocCmd.o [1]
  .near.bss          zero     0x001376     0x1  ApiPocCmd.o [1]
  .near.bss          zero     0x001377     0x1  ApiPocCmd.o [1]
  .near.bss          zero     0x001378     0x1  ApiPocCmd.o [1]
  .near.bss          zero     0x001379     0x1  ApiPocCmd.o [1]
  .near.bss          zero     0x00137a     0x1  ApiPocCmd.o [1]
  .near.bss          zero     0x00137b     0x1  ApiPocCmd.o [1]
  .near.bss          zero     0x00137c     0x1  ApiPocCmd.o [1]
  .near.bss          zero     0x00137d     0x1  ApiPocCmd.o [1]
  .near.bss          zero     0x00137e     0x1  ApiPocCmd.o [1]
  .near.bss          zero     0x00137f     0x1  ApiPocCmd.o [1]
  .near.bss          zero     0x001380     0x1  ApiPocCmd.o [1]
  .near.bss          zero     0x001381     0x1  ApiPocCmd.o [1]
  .near.bss          zero     0x001382     0x1  ApiPocCmd.o [1]
  .near.bss          zero     0x001383     0x1  ApiPocCmd.o [1]
  .near.bss          zero     0x001384     0x1  Delay.o [1]
  .near.bss          zero     0x001385     0x1  Delay.o [1]
  .near.bss          zero     0x001386     0x1  Delay.o [1]
  .near.bss          zero     0x001387     0x1  Delay.o [1]
  .near.bss          zero     0x001388     0x1  Delay.o [1]
  .near.bss          zero     0x001389     0x1  Delay.o [1]
  .near.bss          zero     0x00138a     0x1  Delay.o [1]
  .near.bss          zero     0x00138b     0x1  Delay.o [1]
  .near.bss          zero     0x00138c     0x1  Delay.o [1]
  .near.bss          zero     0x00138d     0x1  Delay.o [1]
  .near.bss          zero     0x00138e     0x1  Delay.o [1]
  .near.bss          zero     0x00138f     0x1  Delay.o [1]
  .near.bss          zero     0x001390     0x1  Delay.o [1]
  .near.bss          zero     0x001391     0x1  Delay.o [1]
  .near.bss          zero     0x001392     0x1  Delay.o [1]
  .near.bss          zero     0x001393     0x1  Delay.o [1]
  .near.bss          zero     0x001394     0x1  Delay.o [1]
  .near.bss          zero     0x001395     0x1  Delay.o [1]
  .near.bss          zero     0x001396     0x1  DrvGD83.o [1]
  .near.bss          zero     0x001397     0x1  Task.o [1]
  .near.bss          zero     0x001398     0x1  Task.o [1]
  .near.bss          zero     0x001399     0x1  Task.o [1]
  .near.bss          zero     0x00139a     0x1  Task.o [1]
  .near.bss          zero     0x00139b     0x1  Task.o [1]
  .near.bss          zero     0x00139c     0x1  Task.o [1]
  .near.bss          zero     0x00139d     0x1  Task.o [1]
  .near.bss          zero     0x00139e     0x1  Task.o [1]
  .near.bss          zero     0x00139f     0x1  Task.o [1]
  .near.bss          zero     0x0013a0     0x1  Task.o [1]
  .near.bss          zero     0x0013a1     0x1  uart3.o [1]
                            - 0x0013a2  0x132c

"A2":                                    0x100
  CSTACK                      0x001700   0x100  <Block>
    CSTACK           uninit   0x001700   0x100  <Block tail>
                            - 0x001800   0x100

"A3":                                     0x80
  INTVEC                      0x008000    0x80  <Block>
    .intvec          const    0x008000    0x80  interrupt.o [5]
                            - 0x008080    0x80

"P3":                                   0x2bc6
  .near.rodata       const    0x008080  0x1b00  GT20L16P1Y_D.o [1]
  .near.rodata       const    0x009b80   0x400  ApiDisplay.o [1]
  .near.rodata       const    0x009f80   0x1b0  GT20L16P1Y_D.o [1]
  .near.rodata       const    0x00a130   0x1b0  GT20L16P1Y_D.o [1]
  Initializer bytes  const    0x00a2e0    0x66  <for P2-1>
  .near_func.text    const    0x00a346    0x40  ApiDisplay.o [1]
  .near.rodata       const    0x00a386    0x3e  GT20L16P1Y.o [3]
  .near.rodata       const    0x00a3c4    0x31  Task.o [1]
  .near.rodata       const    0x00a3f5    0x2d  Task.o [1]
  .near.rodata       const    0x00a422    0x2a  Task.o [1]
  .near.rodata       const    0x00a44c    0x25  Delay.o [1]
  .near.rodata       const    0x00a471    0x25  Task.o [1]
  .near.rodata       const    0x00a496    0x25  Task.o [1]
  .iar.init_table    const    0x00a4bb    0x14  - Linker created -
  .near.rodata       const    0x00a4cf    0x20  KeyCmd.o [1]
  .near.rodata       const    0x00a4ef    0x1d  ADC.o [1]
  .near.rodata       const    0x00a50c    0x1d  ADC.o [1]
  .near.rodata       const    0x00a529    0x1d  ADC.o [1]
  .near.rodata       const    0x00a546    0x1d  ADC.o [1]
  .near.rodata       const    0x00a563    0x1d  ApiKeyboard.o [1]
  .near.rodata       const    0x00a580    0x1d  Task.o [1]
  .near.rodata       const    0x00a59d    0x19  ADC.o [1]
  .near.rodata       const    0x00a5b6    0x18  Task.o [1]
  .near.rodata       const    0x00a5ce    0x15  ADC.o [1]
  .near.rodata       const    0x00a5e3    0x15  ApiAtCmd.o [1]
  .near.rodata       const    0x00a5f8    0x13  Task.o [1]
  .near.rodata       const    0x00a60b    0x13  Task.o [1]
  .near.rodata       const    0x00a61e    0x12  KeyCmd.o [1]
  .near.rodata       const    0x00a630    0x12  Task.o [1]
  .near.rodata       const    0x00a642    0x11  ApiAtCmd.o [1]
  .near.rodata       const    0x00a653    0x11  ApiAtCmd.o [1]
  .near.rodata       const    0x00a664    0x11  ApiAtCmd.o [1]
  .near.rodata       const    0x00a675    0x11  ApiKeyboard.o [1]
  .near.rodata       const    0x00a686    0x11  ApiKeyboard.o [1]
  .near.rodata       const    0x00a697    0x11  ApiKeyboard.o [1]
  .near.rodata       const    0x00a6a8    0x11  ApiKeyboard.o [1]
  .near.rodata       const    0x00a6b9    0x11  ApiKeyboard.o [1]
  .near.rodata       const    0x00a6ca    0x11  ApiKeyboard.o [1]
  .near.rodata       const    0x00a6db    0x11  ApiKeyboard.o [1]
  .near.rodata       const    0x00a6ec    0x11  ApiKeyboard.o [1]
  .near.rodata       const    0x00a6fd    0x11  ApiMenu.o [1]
  .near.rodata       const    0x00a70e    0x11  ApiMenu.o [1]
  .near.rodata       const    0x00a71f    0x11  ApiMenu.o [1]
  .near.rodata       const    0x00a730    0x11  ApiMenu.o [1]
  .near.rodata       const    0x00a741    0x11  ApiMenu.o [1]
  .near.rodata       const    0x00a752    0x11  ApiMenu.o [1]
  .near.rodata       const    0x00a763    0x11  ApiMenu.o [1]
  .near.rodata       const    0x00a774    0x11  ApiMenu.o [1]
  .near.rodata       const    0x00a785    0x11  ApiMenu.o [1]
  .near.rodata       const    0x00a796    0x11  ApiMenu.o [1]
  .near.rodata       const    0x00a7a7    0x11  ApiMenu.o [1]
  .near.rodata       const    0x00a7b8    0x11  ApiMenu.o [1]
  .near.rodata       const    0x00a7c9    0x11  ApiMenu.o [1]
  .near.rodata       const    0x00a7da    0x11  ApiMenu.o [1]
  .near.rodata       const    0x00a7eb    0x11  ApiMenu.o [1]
  .near.rodata       const    0x00a7fc    0x11  ApiMenu.o [1]
  .near.rodata       const    0x00a80d    0x11  ApiMenu.o [1]
  .near.rodata       const    0x00a81e    0x11  ApiMenu.o [1]
  .near.rodata       const    0x00a82f    0x11  ApiMenu.o [1]
  .near.rodata       const    0x00a840    0x11  ApiMenu.o [1]
  .near.rodata       const    0x00a851    0x11  ApiMenu.o [1]
  .near.rodata       const    0x00a862    0x11  ApiMenu.o [1]
  .near.rodata       const    0x00a873    0x11  ApiMenu.o [1]
  .near.rodata       const    0x00a884    0x11  ApiMenu.o [1]
  .near.rodata       const    0x00a895    0x11  ApiMenu.o [1]
  .near.rodata       const    0x00a8a6    0x11  ApiMenu.o [1]
  .near.rodata       const    0x00a8b7    0x11  CommonLib.o [1]
  .near.rodata       const    0x00a8c8    0x11  Delay.o [1]
  .near.rodata       const    0x00a8d9    0x11  Delay.o [1]
  .near.rodata       const    0x00a8ea    0x11  KeyCmd.o [1]
  .near.rodata       const    0x00a8fb    0x11  System.o [1]
  .near.rodata       const    0x00a90c    0x11  Task.o [1]
  .near.rodata       const    0x00a91d    0x11  Task.o [1]
  .near.rodata       const    0x00a92e    0x11  Task.o [1]
  .near.rodata       const    0x00a93f    0x11  Task.o [1]
  .near.rodata       const    0x00a950    0x11  Task.o [1]
  .near.rodata       const    0x00a961    0x11  Task.o [1]
  .near.rodata       const    0x00a972    0x11  Task.o [1]
  .near.rodata       const    0x00a983    0x11  Task.o [1]
  .near.rodata       const    0x00a994    0x11  Task.o [1]
  .near.rodata       const    0x00a9a5    0x11  Task.o [1]
  .near.rodata       const    0x00a9b6    0x10  ApiAtCmd.o [1]
  .near.rodata       const    0x00a9c6    0x10  ApiAtCmd.o [1]
  .near.rodata       const    0x00a9d6    0x10  ApiDisplay.o [1]
  .near.rodata       const    0x00a9e6    0x10  ApiDisplay.o [1]
  .near.rodata       const    0x00a9f6    0x10  uart3.o [1]
  .near.rodata       const    0x00aa06     0xf  ApiAtCmd.o [1]
  .near.rodata       const    0x00aa15     0xf  ApiKeyboard.o [1]
  .near.rodata       const    0x00aa24     0xf  ApiKeyboard.o [1]
  .near.rodata       const    0x00aa33     0xf  Delay.o [1]
  .near.rodata       const    0x00aa42     0xf  Task.o [1]
  .near.rodata       const    0x00aa51     0xf  Task.o [1]
  .near.rodata       const    0x00aa60     0xe  ApiAtCmd.o [1]
  .near.rodata       const    0x00aa6e     0xe  ApiAtCmd.o [1]
  .near.rodata       const    0x00aa7c     0xe  ApiAtCmd.o [1]
  .near.rodata       const    0x00aa8a     0xe  Delay.o [1]
  .near.rodata       const    0x00aa98     0xe  Task.o [1]
  .near.rodata       const    0x00aaa6     0xe  Task.o [1]
  .near.rodata       const    0x00aab4     0xd  ApiKeyboard.o [1]
  .near.rodata       const    0x00aac1     0xd  ApiPocCmd.o [1]
  .near.rodata       const    0x00aace     0xd  ApiPocCmd.o [1]
  .near.rodata       const    0x00aadb     0xd  Task.o [1]
  .near.rodata       const    0x00aae8     0xc  ApiAtCmd.o [1]
  .near.rodata       const    0x00aaf4     0xc  Delay.o [1]
  .near.rodata       const    0x00ab00     0xb  ApiAtCmd.o [1]
  .near.rodata       const    0x00ab0b     0xb  ApiAtCmd.o [1]
  .near.rodata       const    0x00ab16     0xb  ApiKeyboard.o [1]
  .near.rodata       const    0x00ab21     0xb  Delay.o [1]
  .near.rodata       const    0x00ab2c     0xb  Task.o [1]
  .near.rodata       const    0x00ab37     0xa  ApiAtCmd.o [1]
  .near.rodata       const    0x00ab41     0xa  ApiAtCmd.o [1]
  .near.rodata       const    0x00ab4b     0xa  ApiAtCmd.o [1]
  .near.rodata       const    0x00ab55     0xa  Task.o [1]
  .near.rodata       const    0x00ab5f     0x9  ApiAtCmd.o [1]
  .near.rodata       const    0x00ab68     0x9  ApiAtCmd.o [1]
  .near.rodata       const    0x00ab71     0x9  ApiAtCmd.o [1]
  .near.rodata       const    0x00ab7a     0x9  ApiAtCmd.o [1]
  .near.rodata       const    0x00ab83     0x9  ApiKeyboard.o [1]
  .near.rodata       const    0x00ab8c     0x9  ApiKeyboard.o [1]
  .near.rodata       const    0x00ab95     0x9  DrvGD83.o [1]
  .near.rodata       const    0x00ab9e     0x9  Task.o [1]
  .near.rodata       const    0x00aba7     0x9  Task.o [1]
  .near.rodata       const    0x00abb0     0x8  ApiAtCmd.o [1]
  .near.rodata       const    0x00abb8     0x8  ApiAtCmd.o [1]
  .near.rodata       const    0x00abc0     0x8  ApiDisplay.o [1]
  .near.rodata       const    0x00abc8     0x8  ApiPocCmd.o [1]
  .near.rodata       const    0x00abd0     0x8  Task.o [1]
  .near.rodata       const    0x00abd8     0x7  ApiAtCmd.o [1]
  .near.rodata       const    0x00abdf     0x7  ApiAtCmd.o [1]
  .near.rodata       const    0x00abe6     0x7  ApiAtCmd.o [1]
  .near.rodata       const    0x00abed     0x7  ApiPocCmd.o [1]
  .near.rodata       const    0x00abf4     0x7  DrvGD83.o [1]
  .near.rodata       const    0x00abfb     0x7  Task.o [1]
  .near.rodata       const    0x00ac02     0x7  Task.o [1]
  .near.rodata       const    0x00ac09     0x6  DrvGD83.o [1]
  .near.rodata       const    0x00ac0f     0x6  System.o [1]
  .near.rodata       const    0x00ac15     0x4  ApiMenu.o [1]
  .near.rodata       const    0x00ac19     0x4  ApiMenu.o [1]
  .near.rodata       const    0x00ac1d     0x4  ApiMenu.o [1]
  .near.rodata       const    0x00ac21     0x4  ApiMenu.o [1]
  .near.rodata       const    0x00ac25     0x4  ApiMenu.o [1]
  .near.rodata       const    0x00ac29     0x4  ApiMenu.o [1]
  .near.rodata       const    0x00ac2d     0x4  ApiMenu.o [1]
  .near.rodata       const    0x00ac31     0x4  stm8s_clk.o [1]
  .near.rodata       const    0x00ac35     0x4  uart3.o [1]
  .near.rodata       const    0x00ac39     0x4  uart3.o [1]
  .near.rodata       const    0x00ac3d     0x3  DrvGD83.o [1]
  .near.rodata       const    0x00ac40     0x3  uart3.o [1]
  .near.rodata       const    0x00ac43     0x3  uart3.o [1]
                            - 0x00ac46  0x2bc6

"P4", part 1 of 2:                      0x43c5
  .far_func.text     ro code  0x00ac46   0xa9b  ApiKeyboard.o [1]
  .far_func.text     ro code  0x00b6e1   0x823  DrvGD83.o [1]
  .far_func.text     ro code  0x00bf04   0x728  Task.o [1]
  .far_func.text     ro code  0x00c62c   0x4ea  ApiGpsCmd.o [1]
  .far_func.text     ro code  0x00cb16   0x4de  ApiPocCmd.o [1]
  .far_func.text     ro code  0x00cff4   0x3bf  Delay.o [1]
  .far_func.text     ro code  0x00d3b3   0x30f  Beep.o [1]
  .far_func.text     ro code  0x00d6c2   0x2ce  ApiGpsCmd.o [1]
  .far_func.text     ro code  0x00d990   0x2cd  GT20L16P1Y.o [3]
  .far_func.text     ro code  0x00dc5d   0x27d  ApiMenu.o [1]
  .far_func.text     ro code  0x00deda   0x26d  ApiAtCmd.o [1]
  .far_func.text     ro code  0x00e147   0x252  DrvHTG12832.o [1]
  .far_func.text     ro code  0x00e399   0x251  GT20L16P1Y.o [3]
  .far_func.text     ro code  0x00e5ea   0x24d  ApiGpsCmd.o [1]
  .far_func.text     ro code  0x00e837   0x22c  Config.o [1]
  .far_func.text     ro code  0x00ea63   0x211  DrvKeyboard.o [1]
  .far_func.text     ro code  0x00ec74   0x1e3  Task.o [1]
  .far_func.text     ro code  0x00ee57   0x1b4  ApiAtCmd.o [1]
                            - 0x00f00b  0x43c5

"P4", part 2 of 2:                      0x535c
  .far_func.text     ro code  0x010000   0x1b2  uart3.o [1]
  .far_func.text     ro code  0x0101b2   0x19f  long.o [5]
  .far_func.text     ro code  0x010351   0x193  ApiGpsCmd.o [1]
  .far_func.text     ro code  0x0104e4   0x185  GT20L16P1Y.o [3]
  .far_func.text     ro code  0x010669   0x173  ApiMenu.o [1]
  .far_func.text     ro code  0x0107dc   0x173  ApiPocCmd.o [1]
  .far_func.text     ro code  0x01094f   0x173  ApiPocCmd.o [1]
  .far_func.text     ro code  0x010ac2   0x170  ADC.o [1]
  .far_func.text     ro code  0x010c32   0x16e  ApiPocCmd.o [1]
  .far_func.text     ro code  0x010da0   0x165  ApiGpsCmd.o [1]
  .far_func.text     ro code  0x010f05   0x163  ApiPocCmd.o [1]
  .far_func.text     ro code  0x011068   0x15c  vreg_util.o [5]
  .far_func.text     ro code  0x0111c4   0x159  stm8s_uart1.o [1]
  .far_func.text     ro code  0x01131d   0x153  ApiAtCmd.o [1]
  .far_func.text     ro code  0x011470   0x148  DrvKeyboard.o [1]
  .far_func.text     ro code  0x0115b8   0x145  ApiAtCmd.o [1]
  .far_func.text     ro code  0x0116fd   0x143  ApiMenu.o [1]
  .far_func.text     ro code  0x011840   0x13f  DrvKeyboard.o [1]
  .far_func.text     ro code  0x01197f   0x13b  DrvGT20L16S1Y.o [1]
  .far_func.text     ro code  0x011aba   0x134  CommonLib.o [1]
  .far_func.text     ro code  0x011bee   0x134  DrvGT20L16S1Y.o [1]
  .far_func.text     ro code  0x011d22   0x12a  stm8s_uart3.o [1]
  .far_func.text     ro code  0x011e4c   0x123  ApiAtCmd.o [1]
  .far_func.text     ro code  0x011f6f   0x103  stm8s_itc.o [1]
  .far_func.text     ro code  0x012072   0x103  System.o [1]
  .far_func.text     ro code  0x012175    0xfa  CommonLib.o [1]
  .far_func.text     ro code  0x01226f    0xf3  uart3.o [1]
  .far_func.text     ro code  0x012362    0xeb  DrvGD83.o [1]
  .far_func.text     ro code  0x01244d    0xe9  uart3.o [1]
  .far_func.text     ro code  0x012536    0xe5  ApiKeyboard.o [1]
  .far_func.text     ro code  0x01261b    0xdf  uart3.o [1]
  .far_func.text     ro code  0x0126fa    0xd9  ApiDisplay.o [1]
  .far_func.text     ro code  0x0127d3    0xd8  ApiPocCmd.o [1]
  .far_func.text     ro code  0x0128ab    0xc8  ApiDisplay.o [1]
  .far_func.text     ro code  0x012973    0xc0  ApiDisplay.o [1]
  .far_func.text     ro code  0x012a33    0xba  uart3.o [1]
  .far_func.text     ro code  0x012aed    0xb6  stm8s_uart3.o [1]
  .far_func.text     ro code  0x012ba3    0xb0  ApiDisplay.o [1]
  .far_func.text     ro code  0x012c53    0xaf  stm8s_gpio.o [1]
  .far_func.text     ro code  0x012d02    0xad  uart3.o [1]
  .far_func.text     ro code  0x012daf    0xa3  Delay.o [1]
  .far_func.text     ro code  0x012e52    0xa2  stm8s_clk.o [1]
  .far_func.text     ro code  0x012ef4    0x99  stm8s_tim1.o [1]
  .far_func.text     ro code  0x012f8d    0x97  ApiDisplay.o [1]
  .far_func.text     ro code  0x013024    0x96  CommonLib.o [1]
  .far_func.text     ro code  0x0130ba    0x96  DrvKeyboard.o [1]
  .far_func.text     ro code  0x013150    0x95  uart3.o [1]
  .far_func.text     ro code  0x0131e5    0x92  stm8s_uart1.o [1]
  .far_func.text     ro code  0x013277    0x8f  uart3.o [1]
  .far_func.text     ro code  0x013306    0x8d  stm8s_uart3.o [1]
  .far_func.text     ro code  0x013393    0x8b  ApiAtCmd.o [1]
  .far_func.text     ro code  0x01341e    0x88  ApiDisplay.o [1]
  .far_func.text     ro code  0x0134a6    0x88  ApiLED.o [1]
  .far_func.text     ro code  0x01352e    0x85  ApiPocCmd.o [1]
  .far_func.text     ro code  0x0135b3    0x82  stm8s_adc2.o [1]
  .far_func.text     ro code  0x013635    0x80  DrvGD83.o [1]
  .far_func.text     ro code  0x0136b5    0x73  ApiAtCmd.o [1]
  .far_func.text     ro code  0x013728    0x73  Delay.o [1]
  .far_func.text     ro code  0x01379b    0x72  DrvKeyboard.o [1]
  .far_func.text     ro code  0x01380d    0x71  Voice.o [1]
  .far_func.text     ro code  0x01387e    0x6e  uart3.o [1]
  .far_func.text     ro code  0x0138ec    0x6d  stm8s_uart1.o [1]
  .far_func.text     ro code  0x013959    0x6b  Tone.o [1]
  .far_func.text     ro code  0x0139c4    0x67  ApiAtCmd.o [1]
  .far_func.text     ro code  0x013a2b    0x64  ApiDisplay.o [1]
  .far_func.text     ro code  0x013a8f    0x64  ApiGpsCmd.o [1]
  .far_func.text     ro code  0x013af3    0x64  CommonLib.o [1]
  .far_func.text     ro code  0x013b57    0x64  long_util.o [5]
  .far_func.text     ro code  0x013bbb    0x62  ApiPocCmd.o [1]
  .far_func.text     ro code  0x013c1d    0x61  ApiDisplay.o [1]
  .far_func.text     ro code  0x013c7e    0x61  KeyCmd.o [1]
  .far_func.text     ro code  0x013cdf    0x61  stm8s_tim1.o [1]
  .far_func.text     ro code  0x013d40    0x5f  ADC.o [1]
  .far_func.text     ro code  0x013d9f    0x5e  CommonLib.o [1]
  .far_func.text     ro code  0x013dfd    0x5d  short.o [5]
  .far_func.text     ro code  0x013e5a    0x5c  GT20L16P1Y_D.o [1]
  .far_func.text     ro code  0x013eb6    0x5c  uart3.o [1]
  .far_func.text     ro code  0x013f12    0x58  stm8s_clk.o [1]
  .far_func.text     ro code  0x013f6a    0x58  dc_util.o [5]
  .far_func.text     ro code  0x013fc2    0x57  ApiDisplay.o [1]
  .far_func.text     ro code  0x014019    0x56  Tone.o [1]
  .far_func.text     ro code  0x01406f    0x55  Delay.o [1]
  .far_func.text     ro code  0x0140c4    0x54  stm8s_adc2.o [1]
  .far_func.text     ro code  0x014118    0x52  uart3.o [1]
  .far_func.text     ro code  0x01416a    0x50  Flash_eeprom.o [1]
  .far_func.text     ro code  0x0141ba    0x4f  ApiDisplay.o [1]
  .far_func.text     ro code  0x014209    0x4f  Flash_eeprom.o [1]
  .far_func.text     ro code  0x014258    0x4f  uart3.o [1]
  .far_func.text     ro code  0x0142a7    0x4f  uart3.o [1]
  .far_func.text     ro code  0x0142f6    0x4e  CommonLib.o [1]
  .far_func.text     ro code  0x014344    0x4e  System.o [1]
  .far_func.text     ro code  0x014392    0x4a  DrvGD83.o [1]
  .far_func.text     ro code  0x0143dc    0x4a  DrvGD83.o [1]
  .far_func.text     ro code  0x014426    0x4a  DrvGD83.o [1]
  .far_func.text     ro code  0x014470    0x4a  DrvGD83.o [1]
  .far_func.text     ro code  0x0144ba    0x49  stm8s_uart3.o [1]
  .far_func.text     ro code  0x014503    0x48  Flash_eeprom.o [1]
  .far_func.text     ro code  0x01454b    0x48  GT20L16P1Y_D.o [1]
  .far_func.text     ro code  0x014593    0x48  GT20L16P1Y_D.o [1]
  .far_func.text     ro code  0x0145db    0x47  GT20L16P1Y.o [3]
  .far_func.text     ro code  0x014622    0x45  Flash_eeprom.o [1]
  .far_func.text     ro code  0x014667    0x43  stm8s_tim1.o [1]
  .far_func.text     ro code  0x0146aa    0x40  Task.o [1]
  .far_func.text     ro code  0x0146ea    0x3e  Flash_eeprom.o [1]
  .far_func.text     ro code  0x014728    0x3d  DrvGD83.o [1]
  .far_func.text     ro code  0x014765    0x39  uart3.o [1]
  .far_func.text     ro code  0x01479e    0x38  Beep.o [1]
  .far_func.text     ro code  0x0147d6    0x38  DrvGT20L16S1Y.o [1]
  .far_func.text     ro code  0x01480e    0x36  ApiPocCmd.o [1]
  .far_func.text     ro code  0x014844    0x36  stm8s_flash.o [1]
  .far_func.text     ro code  0x01487a    0x36  sysclock.o [1]
  .far_func.text     ro code  0x0148b0    0x36  memcmp.o [5]
  .far_func.text     ro code  0x0148e6    0x34  McuConfig.o [1]
  .far_func.text     ro code  0x01491a    0x32  stm8s_uart1.o [1]
  .far_func.text     ro code  0x01494c    0x31  Voice.o [1]
  .far_func.text     ro code  0x01497d    0x30  stm8s_adc2.o [1]
  .far_func.text     ro code  0x0149ad    0x2f  ApiDisplay.o [1]
  .far_func.text     ro code  0x0149dc    0x2f  ApiDisplay.o [1]
  .far_func.text     ro code  0x014a0b    0x2f  stm8s_adc2.o [1]
  .far_func.text     ro code  0x014a3a    0x2e  ApiDisplay.o [1]
  .far_func.text     ro code  0x014a68    0x2e  ApiDisplay.o [1]
  .far_func.text     ro code  0x014a96    0x2e  McuConfig.o [1]
  .far_func.text     ro code  0x014ac4    0x2d  ApiDisplay.o [1]
  .far_func.text     ro code  0x014af1    0x2d  stm8s_uart1.o [1]
  .far_func.text     ro code  0x014b1e    0x2c  DrvGD83.o [1]
  .far_func.text     ro code  0x014b4a    0x2b  sysclock.o [1]
  .far_func.text     ro code  0x014b75    0x2b  Task.o [1]
  .far_func.text     ro code  0x014ba0    0x29  Delay.o [1]
  .far_func.text     ro code  0x014bc9    0x29  McuConfig.o [1]
  .far_func.text     ro code  0x014bf2    0x28  stm8s_flash.o [1]
  .far_func.text     ro code  0x014c1a    0x28  init_small.o [5]
  .far_func.text     ro code  0x014c42    0x27  ADC.o [1]
  .far_func.text     ro code  0x014c69    0x27  McuConfig.o [1]
  .far_func.text     ro code  0x014c90    0x26  GT20L16P1Y_D.o [1]
  .far_func.text     ro code  0x014cb6    0x26  stm8s_it.o [1]
  .far_func.text     ro code  0x014cdc    0x26  Tone.o [1]
  .far_func.text     ro code  0x014d02    0x26  memcpy.o [5]
  .far_func.text     ro code  0x014d28    0x25  stm8s_flash.o [1]
  .far_func.text     ro code  0x014d4d    0x25  stm8s_uart3.o [1]
  .far_func.text     ro code  0x014d72    0x25  move.o [5]
  .far_func.text     ro code  0x014d97    0x24  stm8s_tim1.o [1]
  .far_func.text     ro code  0x014dbb    0x22  ADC.o [1]
  .far_func.text     ro code  0x014ddd    0x22  ApiPocCmd.o [1]
  .far_func.text     ro code  0x014dff    0x22  ApiPocCmd.o [1]
  .far_func.text     ro code  0x014e21    0x21  ApiGpsCmd.o [1]
  .far_func.text     ro code  0x014e42    0x21  ApiPocCmd.o [1]
  .far_func.text     ro code  0x014e63    0x21  Delay.o [1]
  .far_func.text     ro code  0x014e84    0x21  stm8s_adc2.o [1]
  .far_func.text     ro code  0x014ea5    0x21  stm8s_it.o [1]
  .far_func.text     ro code  0x014ec6    0x20  ApiPocCmd.o [1]
  .far_func.text     ro code  0x014ee6    0x20  KeyCmd.o [1]
  .far_func.text     ro code  0x014f06    0x1f  sysclock.o [1]
  .far_func.text     ro code  0x014f25    0x1e  init.o [5]
  .far_func.text     ro code  0x014f43    0x1e  init_small.o [5]
  .far_func.text     ro code  0x014f61    0x1c  Beep.o [1]
  .far_func.text     ro code  0x014f7d    0x1c  Delay.o [1]
  .far_func.text     ro code  0x014f99    0x1b  stm8s_it.o [1]
  .far_func.text     ro code  0x014fb4    0x19  McuConfig.o [1]
  .far_func.text     ro code  0x014fcd    0x19  McuConfig.o [1]
  .far_func.text     ro code  0x014fe6    0x19  McuConfig.o [1]
  .far_func.text     ro code  0x014fff    0x19  McuConfig.o [1]
  .far_func.text     ro code  0x015018    0x19  McuConfig.o [1]
  .far_func.text     ro code  0x015031    0x17  ApiDisplay.o [1]
  .far_func.text     ro code  0x015048    0x17  ApiDisplay.o [1]
  .far_func.text     ro code  0x01505f    0x17  cstartup.o [5]
  .far_func.text     ro code  0x015076    0x17  memset.o [5]
  .far_func.text     ro code  0x01508d    0x16  stm8s_flash.o [1]
  .far_func.text     ro code  0x0150a3    0x16  __dbg_xxexit.o [4]
  .far_func.text     ro code  0x0150b9    0x14  stm8s_flash.o [1]
  .far_func.text     ro code  0x0150cd    0x13  ApiPocCmd.o [1]
  .far_func.text     ro code  0x0150e0    0x13  ApiPocCmd.o [1]
  .far_func.text     ro code  0x0150f3    0x13  stm8s_adc2.o [1]
  .far_func.text     ro code  0x015106    0x13  stm8s_clk.o [1]
  .far_func.text     ro code  0x015119    0x13  stm8s_tim3.o [1]
  .far_func.text     ro code  0x01512c    0x12  ApiPocCmd.o [1]
  .far_func.text     ro code  0x01513e    0x12  ApiPocCmd.o [1]
  .far_func.text     ro code  0x015150    0x12  uart3.o [1]
  .far_func.text     ro code  0x015162    0x12  strlen.o [5]
  .far_func.text     ro code  0x015174    0x10  uart3.o [1]
  .far_func.text     ro code  0x015184     0xf  Voice.o [1]
  .far_func.text     ro code  0x015193     0xe  ApiPocCmd.o [1]
  .far_func.text     ro code  0x0151a1     0xe  KeyCmd.o [1]
  .far_func.text     ro code  0x0151af     0xe  far_util.o [5]
  .far_func.text     ro code  0x0151bd     0xd  McuConfig.o [1]
  .far_func.text     ro code  0x0151ca     0xd  McuConfig.o [1]
  .far_func.text     ro code  0x0151d7     0xd  McuConfig.o [1]
  .far_func.text     ro code  0x0151e4     0xd  McuConfig.o [1]
  .far_func.text     ro code  0x0151f1     0xd  stm8s_adc2.o [1]
  .far_func.text     ro code  0x0151fe     0xd  stm8s_tim1.o [1]
  .far_func.text     ro code  0x01520b     0xd  stm8s_tim1.o [1]
  .far_func.text     ro code  0x015218     0xd  stm8s_tim1.o [1]
  .far_func.text     ro code  0x015225     0xd  stm8s_tim3.o [1]
  .far_func.text     ro code  0x015232     0xd  stm8s_tim3.o [1]
  .far_func.text     ro code  0x01523f     0xd  stm8s_uart1.o [1]
  .far_func.text     ro code  0x01524c     0xd  stm8s_uart3.o [1]
  .far_func.text     ro code  0x015259     0xc  stm8s_tim3.o [1]
  .far_func.text     ro code  0x015265     0xb  ApiPocCmd.o [1]
  .far_func.text     ro code  0x015270     0xa  ApiAtCmd.o [1]
  .far_func.text     ro code  0x01527a     0x9  stm8s_gpio.o [1]
  .far_func.text     ro code  0x015283     0x9  stm8s_tim3.o [1]
  .far_func.text     ro code  0x01528c     0x7  ApiAtCmd.o [1]
  .far_func.text     ro code  0x015293     0x7  ApiAtCmd.o [1]
  .far_func.text     ro code  0x01529a     0x7  ApiPocCmd.o [1]
  .far_func.text     ro code  0x0152a1     0x7  stm8s_flash.o [1]
  .far_func.text     ro code  0x0152a8     0x7  stm8s_gpio.o [1]
  .far_func.text     ro code  0x0152af     0x6  char.o [5]
  .far_func.text     ro code  0x0152b5     0x6  cexit.o [5]
  .far_func.text     ro code  0x0152bb     0x5  stm8s_adc2.o [1]
  .far_func.text     ro code  0x0152c0     0x5  stm8s_flash.o [1]
  .far_func.text     ro code  0x0152c5     0x5  stm8s_flash.o [1]
  .far_func.text     ro code  0x0152ca     0x5  stm8s_tim3.o [1]
  .far_func.text     ro code  0x0152cf     0x4  ApiAtCmd.o [1]
  .far_func.text     ro code  0x0152d3     0x4  ApiAtCmd.o [1]
  .far_func.text     ro code  0x0152d7     0x4  ApiAtCmd.o [1]
  .far_func.text     ro code  0x0152db     0x4  ApiAtCmd.o [1]
  .far_func.text     ro code  0x0152df     0x4  ApiAtCmd.o [1]
  .far_func.text     ro code  0x0152e3     0x4  ApiAtCmd.o [1]
  .far_func.text     ro code  0x0152e7     0x4  ApiAtCmd.o [1]
  .far_func.text     ro code  0x0152eb     0x4  ApiAtCmd.o [1]
  .far_func.text     ro code  0x0152ef     0x4  ApiAtCmd.o [1]
  .far_func.text     ro code  0x0152f3     0x4  ApiGpsCmd.o [1]
  .far_func.text     ro code  0x0152f7     0x4  ApiGpsCmd.o [1]
  .far_func.text     ro code  0x0152fb     0x4  ApiPocCmd.o [1]
  .far_func.text     ro code  0x0152ff     0x4  ApiPocCmd.o [1]
  .far_func.text     ro code  0x015303     0x4  ApiPocCmd.o [1]
  .far_func.text     ro code  0x015307     0x4  ApiPocCmd.o [1]
  .far_func.text     ro code  0x01530b     0x4  ApiPocCmd.o [1]
  .far_func.text     ro code  0x01530f     0x4  ApiPocCmd.o [1]
  .far_func.text     ro code  0x015313     0x4  main.o [1]
  .far_func.text     ro code  0x015317     0x4  stm8s_gpio.o [1]
  .far_func.text     ro code  0x01531b     0x4  stm8s_uart1.o [1]
  .far_func.text     ro code  0x01531f     0x4  stm8s_uart1.o [1]
  .far_func.text     ro code  0x015323     0x4  stm8s_uart3.o [1]
  .far_func.text     ro code  0x015327     0x4  stm8s_uart3.o [1]
  .far_func.text     ro code  0x01532b     0x4  System.o [1]
  .far_func.text     ro code  0x01532f     0x4  System.o [1]
  .far_func.text     ro code  0x015333     0x4  Task.o [1]
  .far_func.text     ro code  0x015337     0x4  interrupt.o [5]
  .far_func.text     ro code  0x01533b     0x4  exit.o [5]
  .far_func.text     ro code  0x01533f     0x3  low_level_init.o [5]
  .far_func.text     ro code  0x015342     0x3  unhandled_exception.o [5]
  .far_func.text     ro code  0x015345     0x1  ApiKeyboard.o [1]
  .far_func.text     ro code  0x015346     0x1  stm8s_it.o [1]
  .far_func.text     ro code  0x015347     0x1  stm8s_it.o [1]
  .far_func.text     ro code  0x015348     0x1  stm8s_it.o [1]
  .far_func.text     ro code  0x015349     0x1  stm8s_it.o [1]
  .far_func.text     ro code  0x01534a     0x1  stm8s_it.o [1]
  .far_func.text     ro code  0x01534b     0x1  stm8s_it.o [1]
  .far_func.text     ro code  0x01534c     0x1  stm8s_it.o [1]
  .far_func.text     ro code  0x01534d     0x1  stm8s_it.o [1]
  .far_func.text     ro code  0x01534e     0x1  stm8s_it.o [1]
  .far_func.text     ro code  0x01534f     0x1  stm8s_it.o [1]
  .far_func.text     ro code  0x015350     0x1  stm8s_it.o [1]
  .far_func.text     ro code  0x015351     0x1  stm8s_it.o [1]
  .far_func.text     ro code  0x015352     0x1  stm8s_it.o [1]
  .far_func.text     ro code  0x015353     0x1  stm8s_it.o [1]
  .far_func.text     ro code  0x015354     0x1  stm8s_it.o [1]
  .far_func.text     ro code  0x015355     0x1  stm8s_it.o [1]
  .far_func.text     ro code  0x015356     0x1  stm8s_it.o [1]
  .far_func.text     ro code  0x015357     0x1  stm8s_it.o [1]
  .far_func.text     ro code  0x015358     0x1  stm8s_it.o [1]
  .far_func.text     ro code  0x015359     0x1  stm8s_it.o [1]
  .far_func.text     ro code  0x01535a     0x1  stm8s_it.o [1]
  .far_func.text     ro code  0x01535b     0x1  __dbg_break.o [4]
                            - 0x01535c  0x535c


*******************************************************************************
*** INIT TABLE
***

          Address   Size
          -------   ----
Zero (__iar_zero_init2)
    1 destination range, total size 0x132c:
          0x000076  0x132c

Copy (__iar_copy_init2)
    1 source range, total size 0x66:
          0x00a2e0    0x66
    1 destination range, total size 0x66:
          0x000010    0x66



*******************************************************************************
*** MODULE SUMMARY
***

    Module                 ro code  ro data  rw data
    ------                 -------  -------  -------
E:\1-source\A508\PRJ\Debug\Obj: [1]
    ADC.o                      536      162        5
    ApiAtCmd.o               2 429      345      182
    ApiBeidou.o                                   82
    ApiDisplay.o             1 712    1 128      578
    ApiGpsCmd.o              3 466               453
    ApiKeyboard.o            2 945      248       33
    ApiLED.o                   136                 1
    ApiMenu.o                1 331      470        7
    ApiPocCmd.o              3 473       45    2 518
    Beep.o                     867                18
    CommonLib.o                980       17
    Config.o                   556
    Delay.o                  1 424      127       33
    DrvGD83.o                2 847       33      943
    DrvGT20L16S1Y.o            679
    DrvHTG12832.o              594                 2
    DrvKeyboard.o            1 440
    Flash_eeprom.o             362
    GT20L16P1Y_D.o             274    7 776
    KeyCmd.o                   143       67
    McuConfig.o                355
    System.o                   345       23       20
    Task.o                   2 426      649       38
    Tone.o                     231                18
    Voice.o                    177                 6
    main.o                       4
    stm8s_adc2.o               379
    stm8s_clk.o                269        4
    stm8s_flash.o              190
    stm8s_gpio.o               195
    stm8s_it.o                 119
    stm8s_itc.o                259
    stm8s_tim1.o               392
    stm8s_tim3.o                71
    stm8s_uart1.o              716
    stm8s_uart3.o              752
    sysclock.o                 128
    uart3.o                  2 317       30       73
    ------------------------------------------------
    Total:                  35 519   11 124    5 010

command line: [2]
    ------------------------------------------------
    Total:

GT20L16_STM8_DOUBLE_MEDIUM_IAR.a: [3]
    GT20L16P1Y.o             1 770       62
    ------------------------------------------------
    Total:                   1 770       62

dbgstm8mmd.a: [4]
    __dbg_break.o                1
    __dbg_xxexit.o              22
    ------------------------------------------------
    Total:                      23

dlstm8mmn.a: [5]
    cexit.o                      6
    char.o                       6
    cstartup.o                  23
    dc_util.o                   88
    exit.o                       4
    far_util.o                  14
    init.o                      30
    init_small.o                70
    interrupt.o                  4      128
    long.o                     415
    long_util.o                100
    low_level_init.o             3
    memcmp.o                    54
    memcpy.o                    38
    memset.o                    23
    move.o                      37
    short.o                     93
    strlen.o                    18
    unhandled_exception.o        3
    vreg_util.o                348
    vregs.o                                       16
    ------------------------------------------------
    Total:                   1 377      128       16

    Linker created                       20      256
----------------------------------------------------
    Grand Total:            38 689   11 334    5 282


*******************************************************************************
*** ENTRY LIST
***

Entry                    Address    Size  Type      Object
-----                    -------    ----  ----      ------
.iar.init_table$$Base   0x00a4bb           --   Gb  - Linker created -
.iar.init_table$$Limit  0x00a4cf           --   Gb  - Linker created -
?add32_l0_l0_0x         0x0101b5          Code  Gb  long.o [5]
?add32_l0_l0_l1         0x0101b2          Code  Gb  long.o [5]
?and32_l0_l0_0x         0x0102f1          Code  Gb  long.o [5]
?and32_l0_l0_l1         0x0102ee          Code  Gb  long.o [5]
?b0                     0x000000          Data  Gb  vregs.o [5]
?b1                     0x000001          Data  Gb  vregs.o [5]
?b10                    0x00000a          Data  Gb  vregs.o [5]
?b11                    0x00000b          Data  Gb  vregs.o [5]
?b12                    0x00000c          Data  Gb  vregs.o [5]
?b13                    0x00000d          Data  Gb  vregs.o [5]
?b14                    0x00000e          Data  Gb  vregs.o [5]
?b15                    0x00000f          Data  Gb  vregs.o [5]
?b2                     0x000002          Data  Gb  vregs.o [5]
?b3                     0x000003          Data  Gb  vregs.o [5]
?b4                     0x000004          Data  Gb  vregs.o [5]
?b5                     0x000005          Data  Gb  vregs.o [5]
?b6                     0x000006          Data  Gb  vregs.o [5]
?b7                     0x000007          Data  Gb  vregs.o [5]
?b8                     0x000008          Data  Gb  vregs.o [5]
?b9                     0x000009          Data  Gb  vregs.o [5]
?dc32_l0                0x013f6a          Code  Gb  dc_util.o [5]
?dc32_l1                0x013f96          Code  Gb  dc_util.o [5]
?e0                     0x000001          Data  Gb  vregs.o [5]
?e1                     0x000005          Data  Gb  vregs.o [5]
?e2                     0x000009          Data  Gb  vregs.o [5]
?e3                     0x00000d          Data  Gb  vregs.o [5]
?epilogue_l2            0x011120          Code  Gb  vreg_util.o [5]
?epilogue_l2_l3         0x01111c          Code  Gb  vreg_util.o [5]
?epilogue_l2_w6         0x011125          Code  Gb  vreg_util.o [5]
?epilogue_w4            0x01112e          Code  Gb  vreg_util.o [5]
?l0                     0x000000          Data  Gb  vregs.o [5]
?l1                     0x000004          Data  Gb  vregs.o [5]
?l2                     0x000008          Data  Gb  vregs.o [5]
?l3                     0x00000c          Data  Gb  vregs.o [5]
?load24_e1_0x           0x0151af          Code  Gb  far_util.o [5]
?load32_0x_l0           0x013bad          Code  Gb  long_util.o [5]
?load32_l0_0x           0x013b71          Code  Gb  long_util.o [5]
?load32_l0_asp          0x013b65          Code  Gb  long_util.o [5]
?load32_l0_dbsp         0x013b57          Code  Gb  long_util.o [5]
?load32_l0_xsp          0x013b67          Code  Gb  long_util.o [5]
?load32_l1_0x           0x013b97          Code  Gb  long_util.o [5]
?load32_l1_asp          0x013b8b          Code  Gb  long_util.o [5]
?load32_l1_dbsp         0x013b7d          Code  Gb  long_util.o [5]
?load32_l1_xsp          0x013b8d          Code  Gb  long_util.o [5]
?load32_xsp_l0          0x013ba3          Code  Gb  long_util.o [5]
?longfarg16_v_w0_a      0x014d7f          Code  Gb  move.o [5]
?longfarg16_v_w0_x      0x014d81          Code  Gb  move.o [5]
?mov_e0_e1              0x01114b          Code  Gb  vreg_util.o [5]
?mov_e0_e2              0x011158          Code  Gb  vreg_util.o [5]
?mov_e0_e3              0x011165          Code  Gb  vreg_util.o [5]
?mov_e1_e0              0x011172          Code  Gb  vreg_util.o [5]
?mov_e1_e2              0x01117f          Code  Gb  vreg_util.o [5]
?mov_e1_e3              0x01118c          Code  Gb  vreg_util.o [5]
?mov_e2_e0              0x011199          Code  Gb  vreg_util.o [5]
?mov_e3_e0              0x0111ad          Code  Gb  vreg_util.o [5]
?mov_e3_e1              0x0111ba          Code  Gb  vreg_util.o [5]
?mov_l0_l1              0x011148          Code  Gb  vreg_util.o [5]
?mov_l0_l2              0x011155          Code  Gb  vreg_util.o [5]
?mov_l0_l3              0x011162          Code  Gb  vreg_util.o [5]
?mov_l1_l0              0x01116f          Code  Gb  vreg_util.o [5]
?mov_l1_l2              0x01117c          Code  Gb  vreg_util.o [5]
?mov_l1_l3              0x011189          Code  Gb  vreg_util.o [5]
?mov_l2_l0              0x011196          Code  Gb  vreg_util.o [5]
?mov_l3_l0              0x0111aa          Code  Gb  vreg_util.o [5]
?mov_l3_l1              0x0111b7          Code  Gb  vreg_util.o [5]
?mov_w1_w3              0x01114e          Code  Gb  vreg_util.o [5]
?mov_w1_w4              0x011133          Code  Gb  vreg_util.o [5]
?mov_w1_w5              0x01115b          Code  Gb  vreg_util.o [5]
?mov_w1_w7              0x011168          Code  Gb  vreg_util.o [5]
?mov_w2_w1              0x01113a          Code  Gb  vreg_util.o [5]
?mov_w3_w1              0x011175          Code  Gb  vreg_util.o [5]
?mov_w3_w5              0x011182          Code  Gb  vreg_util.o [5]
?mov_w3_w7              0x01118f          Code  Gb  vreg_util.o [5]
?mov_w5_w1              0x01119c          Code  Gb  vreg_util.o [5]
?mov_w5_w3              0x0111a3          Code  Gb  vreg_util.o [5]
?mov_w6_w0              0x011141          Code  Gb  vreg_util.o [5]
?mov_w7_w1              0x0111b0          Code  Gb  vreg_util.o [5]
?mov_w7_w3              0x0111bd          Code  Gb  vreg_util.o [5]
?move1616_v_x_y_a       0x014d72          Code  Gb  move.o [5]
?mul16_x_x_w0           0x013dfd          Code  Gb  short.o [5]
?mul32_l0_l0_l1         0x0101e8          Code  Gb  long.o [5]
?or32_l0_l0_0x          0x01030c          Code  Gb  long.o [5]
?or32_l0_l0_l1          0x010309          Code  Gb  long.o [5]
?pop_l0                 0x0110e4          Code  Gb  vreg_util.o [5]
?pop_l1                 0x0110ef          Code  Gb  vreg_util.o [5]
?pop_l2                 0x0110fa          Code  Gb  vreg_util.o [5]
?pop_l3                 0x011105          Code  Gb  vreg_util.o [5]
?pop_w4                 0x01108e          Code  Gb  vreg_util.o [5]
?pop_w5                 0x011095          Code  Gb  vreg_util.o [5]
?pop_w6                 0x01109c          Code  Gb  vreg_util.o [5]
?push_l0                0x0110af          Code  Gb  vreg_util.o [5]
?push_l1                0x0110b4          Code  Gb  vreg_util.o [5]
?push_l2                0x0110b9          Code  Gb  vreg_util.o [5]
?push_l3                0x0110be          Code  Gb  vreg_util.o [5]
?push_w4                0x011068          Code  Gb  vreg_util.o [5]
?push_w5                0x01106d          Code  Gb  vreg_util.o [5]
?push_w6                0x011072          Code  Gb  vreg_util.o [5]
?sdiv16_x_x_y           0x013e1b          Code  Gb  short.o [5]
?sext16_x_a             0x013e53          Code  Gb  short.o [5]
?sext32_l0_x            0x010346          Code  Gb  long.o [5]
?sll16_x_x_4            0x013e4e          Code  Gb  short.o [5]
?sll16_x_x_5            0x013e4d          Code  Gb  short.o [5]
?sll16_x_x_6            0x013e4c          Code  Gb  short.o [5]
?sll16_x_x_a            0x013e44          Code  Gb  short.o [5]
?sll32_0x_0x_a          0x010327          Code  Gb  long.o [5]
?sll32_l0_l0_a          0x010324          Code  Gb  long.o [5]
?smod16_y_x_y           0x013e34          Code  Gb  short.o [5]
?srl32_0x_0x_a          0x010338          Code  Gb  long.o [5]
?srl32_l0_l0_a          0x010335          Code  Gb  long.o [5]
?srl8_a_a_5             0x0152b0          Code  Gb  char.o [5]
?srl8_a_a_6             0x0152af          Code  Gb  char.o [5]
?sub32_l0_l0_0x         0x0101d0          Code  Gb  long.o [5]
?sub32_l0_l0_l1         0x0101cd          Code  Gb  long.o [5]
?ucmp32_c_l0_l1         0x0102e3          Code  Gb  long.o [5]
?udiv32_l0_dl_l1        0x01026c          Code  Gb  long.o [5]
?udiv32_l0_l0_dl        0x010272          Code  Gb  long.o [5]
?udiv32_l0_l0_l1        0x010276          Code  Gb  long.o [5]
?umod32_l1_l0_dl        0x010266          Code  Gb  long.o [5]
?umod32_l1_l0_l1        0x010276          Code  Gb  long.o [5]
?w0                     0x000000          Data  Gb  vregs.o [5]
?w1                     0x000002          Data  Gb  vregs.o [5]
?w2                     0x000004          Data  Gb  vregs.o [5]
?w3                     0x000006          Data  Gb  vregs.o [5]
?w4                     0x000008          Data  Gb  vregs.o [5]
?w5                     0x00000a          Data  Gb  vregs.o [5]
?w6                     0x00000c          Data  Gb  vregs.o [5]
?w7                     0x00000e          Data  Gb  vregs.o [5]
ADC2_Cmd                0x0151f1     0xd  Code  Gb  stm8s_adc2.o [1]
ADC2_ConversionConfig   0x014a0b    0x2f  Code  Gb  stm8s_adc2.o [1]
ADC2_ExternalTriggerConfig
                        0x014e84    0x21  Code  Gb  stm8s_adc2.o [1]
ADC2_GetConversionValue
                        0x0140c4    0x54  Code  Gb  stm8s_adc2.o [1]
ADC2_IRQHandler         0x015358     0x1  Code  Gb  stm8s_it.o [1]
ADC2_Init               0x01497d    0x30  Code  Gb  stm8s_adc2.o [1]
ADC2_PrescalerConfig    0x0150f3    0x13  Code  Gb  stm8s_adc2.o [1]
ADC2_SchmittTriggerConfig
                        0x0135b3    0x82  Code  Gb  stm8s_adc2.o [1]
ADC2_StartConversion    0x0152bb     0x5  Code  Gb  stm8s_adc2.o [1]
ADC_Init                0x014dbb    0x22  Code  Gb  ADC.o [1]
AF_Mute_Init            0x0151ca     0xd  Code  Gb  McuConfig.o [1]
ASCII_ActiveUserID      0x00129d    0x16  Data  Gb  ApiPocCmd.o [1]
AUDIO_IOAFMUT           0x014fff    0x19  Code  Gb  McuConfig.o [1]
AUDIO_IOAFPOW           0x015018    0x19  Code  Gb  McuConfig.o [1]
AWU_IRQHandler          0x015348     0x1  Code  Gb  stm8s_it.o [1]
AkeyvolumeCount         0x00003f     0x1  Data  Gb  ApiKeyboard.o [1]
AlarmCount              0x00005a     0x1  Data  Gb  Task.o [1]
ApGpsCmd_10msRenew      0x014e21    0x21  Code  Gb  ApiGpsCmd.o [1]
ApiAtCmd_100msRenew     0x00e0bf    0x88  Code  Gb  ApiAtCmd.o [1]
ApiAtCmd_10msRenew      0x011e4c   0x123  Code  Gb  ApiAtCmd.o [1]
ApiAtCmd_GetGroupName   0x01512c    0x12  Code  Gb  ApiPocCmd.o [1]
ApiAtCmd_GetGroupNameLen
                        0x0150cd    0x13  Code  Gb  ApiPocCmd.o [1]
ApiAtCmd_GetGroupNum    0x015303     0x4  Code  Gb  ApiPocCmd.o [1]
ApiAtCmd_GetLoginState  0x01529a     0x7  Code  Gb  ApiPocCmd.o [1]
ApiAtCmd_GetMainGroupId
                        0x01530b     0x4  Code  Gb  ApiPocCmd.o [1]
ApiAtCmd_GetMainUserId  0x01530f     0x4  Code  Gb  ApiPocCmd.o [1]
ApiAtCmd_GetMainUserName
                        0x0152ff     0x4  Code  Gb  ApiPocCmd.o [1]
ApiAtCmd_GetMainWorkName
                        0x0152fb     0x4  Code  Gb  ApiPocCmd.o [1]
ApiAtCmd_GetUserName    0x01513e    0x12  Code  Gb  ApiPocCmd.o [1]
ApiAtCmd_GetUserNameLen
                        0x0150e0    0x13  Code  Gb  ApiPocCmd.o [1]
ApiAtCmd_GetUserNum     0x015307     0x4  Code  Gb  ApiPocCmd.o [1]
ApiAtCmd_Get_DateTime_Information
                        0x01131d   0x153  Code  Gb  ApiAtCmd.o [1]
ApiAtCmd_Get_location_Information
                        0x0115b8   0x145  Code  Gb  ApiAtCmd.o [1]
ApiAtCmd_PlayVoice      0x0136b5    0x73  Code  Gb  ApiAtCmd.o [1]
ApiAtCmd_SetLoginState  0x015193     0xe  Code  Gb  ApiPocCmd.o [1]
ApiAtCmd_TrumpetVoicePlay_Flag
                        0x001349     0x1  Data  Gb  ApiAtCmd.o [1]
ApiAtCmd_WritCommand    0x00deda   0x1e5  Code  Gb  ApiAtCmd.o [1]
ApiAtCmd_ZTTS0_Flag     0x00134a     0x1  Data  Gb  ApiAtCmd.o [1]
ApiAtCmd_tcp_state      0x015270     0xa  Code  Gb  ApiAtCmd.o [1]
ApiCaretCmd_10msRenew   0x00ee57   0x1b4  Code  Gb  ApiAtCmd.o [1]
ApiGpsCmd_100msRenew    0x00c926   0x1f0  Code  Gb  ApiGpsCmd.o [1]
ApiGpsCmd_PowerOnInitial
                        0x010351   0x193  Code  Gb  ApiGpsCmd.o [1]
ApiGps_GetTcpIpAddress  0x0152f3     0x4  Code  Gb  ApiGpsCmd.o [1]
ApiGps_GetTcpPortAddress
                        0x0152f7     0x4  Code  Gb  ApiGpsCmd.o [1]
ApiMenu_BacklightTimeSet_Flag
                        0x001370     0x1  Data  Gb  ApiMenu.o [1]
ApiMenu_BeiDouOrWritingFrequency_Flag
                        0x001372     0x1  Data  Gb  ApiMenu.o [1]
ApiMenu_GpsInfo_Flag    0x00136e     0x1  Data  Gb  ApiMenu.o [1]
ApiMenu_KeylockTimeSet_Flag
                        0x001371     0x1  Data  Gb  ApiMenu.o [1]
ApiMenu_NativeInfo_Flag
                        0x00136f     0x1  Data  Gb  ApiMenu.o [1]
ApiMenu_SwitchCallUser_Flag
                        0x00136d     0x1  Data  Gb  ApiMenu.o [1]
ApiMenu_SwitchGroup_Flag
                        0x00136c     0x1  Data  Gb  ApiMenu.o [1]
ApiPocCmd_10msRenew     0x00cb16   0x4de  Code  Gb  ApiPocCmd.o [1]
ApiPocCmd_Tone_Flag     0x00137b     0x1  Data  Gb  ApiPocCmd.o [1]
ApiPocCmd_WritCommand   0x010f05   0x163  Code  Gb  ApiPocCmd.o [1]
ApiPocCmd_user_info_get
                        0x01480e    0x36  Code  Gb  ApiPocCmd.o [1]
ApiPocCmd_user_info_set
                        0x0127d3    0xd8  Code  Gb  ApiPocCmd.o [1]
AtCmdDrvobj             0x0010d5    0x7c  Data  Lc  ApiAtCmd.o [1]
AtCmd_NetParamCode      0x013393    0x8b  Code  Lc  ApiAtCmd.o [1]
AtNotify_Queue          0x00b77b    0x4d  Code  Lc  DrvGD83.o [1]
AtNotify_Queue_Start    0x00b7c8    0x56  Code  Lc  DrvGD83.o [1]
BEEP_Interrupt10ms      0x014f61    0x1c  Code  Gb  Beep.o [1]
BEEP_PowerOnInitial     0x00d5ef    0xd3  Code  Gb  Beep.o [1]
BEEP_SetOutput          0x00d3b3   0x23c  Code  Gb  Beep.o [1]
BEEP_Time               0x01479e    0x38  Code  Gb  Beep.o [1]
BacklightTimeCount      0x001392     0x1  Data  Gb  Delay.o [1]
BacklightTimeSetCount   0x000048     0x1  Data  Gb  ApiKeyboard.o [1]
BatteryLevel            0x001342     0x1  Data  Gb  ADC.o [1]
BeepDrvObj              0x0012c7    0x12  Data  Lc  Beep.o [1]
BeidouRxData            0x0011a1    0x4b  Data  Gb  ApiBeidou.o [1]
BeidouRxDataLen         0x001352     0x1  Data  Gb  ApiBeidou.o [1]
BitTab                  0x00abc0     0x8  Data  Gb  ApiDisplay.o [1]
BootProcess_PPPCFG_Flag
                        0x001348     0x1  Data  Gb  ApiAtCmd.o [1]
BootProcess_PPPCFG_Flag_Zanshi
                        0x000010     0x1  Data  Gb  ApiAtCmd.o [1]
BootProcess_SIMST_Flag  0x001347     0x1  Data  Gb  ApiAtCmd.o [1]
CFG_GetCurAdr           0x00e837   0x22c  Code  Gb  Config.o [1]
CHAR_HIGH               0x00a9d6    0x10  Data  Gb  ApiDisplay.o [1]
CHAR_TO_Digital         0x0139c4    0x67  Code  Gb  ApiAtCmd.o [1]
CHAR_WIDTH              0x00a9e6    0x10  Data  Gb  ApiDisplay.o [1]
CLK_ClockSwitchConfig   0x012e52    0xa2  Code  Gb  stm8s_clk.o [1]
CLK_GetClockFreq        0x013f12    0x58  Code  Gb  stm8s_clk.o [1]
CLK_HSIPrescalerConfig  0x015106    0x13  Code  Gb  stm8s_clk.o [1]
CLK_IRQHandler          0x015349     0x1  Code  Gb  stm8s_it.o [1]
COMLHexArray2String     0x013a8f    0x64  Code  Lc  ApiGpsCmd.o [1]
COML_AscToHex           0x012175    0xfa  Code  Gb  CommonLib.o [1]
COML_DecToAsc           0x013af3    0x64  Code  Gb  CommonLib.o [1]
COML_HexToAsc2          0x013024    0x96  Code  Gb  CommonLib.o [1]
COML_StringReverse      0x013d9f    0x5e  Code  Gb  CommonLib.o [1]
CSQ99Count_Flag         0x00134c     0x1  Data  Gb  ApiAtCmd.o [1]
CSQTimeCount            0x00138d     0x1  Data  Gb  Delay.o [1]
CSQ_Flag                0x00134b     0x1  Data  Gb  ApiAtCmd.o [1]
CSTACK$$Base            0x001700           --   Gb  - Linker created -
CSTACK$$Limit           0x001800           --   Gb  - Linker created -
C_TEST_OUT_SET          0x0151e4     0xd  Code  Gb  McuConfig.o [1]
CaretNotify_Queue       0x00b6e1    0x4d  Code  Lc  DrvGD83.o [1]
CaretNotify_Queue_Start
                        0x00b874    0x56  Code  Lc  DrvGD83.o [1]
CharCode                0x00133e     0x2  Data  Gb  ApiDisplay.o [1]
Combine2Hex             0x011aba   0x134  Code  Gb  CommonLib.o [1]
Count                   0x001343     0x1  Data  Gb  ADC.o [1]
Count2                  0x001344     0x1  Data  Gb  ADC.o [1]
DEL_100msProcess        0x00d322    0x58  Code  Lc  Delay.o [1]
DEL_10msProcess         0x00d37a    0x1d  Code  Lc  Delay.o [1]
DEL_1msProcess          0x00d397     0xc  Code  Lc  Delay.o [1]
DEL_500msProcess        0x00cff4   0x32e  Code  Lc  Delay.o [1]
DEL_500ms_Count         0x001385     0x1  Data  Gb  Delay.o [1]
DEL_500ms_Count2        0x001386     0x1  Data  Gb  Delay.o [1]
DEL_GetTimer            0x01406f    0x55  Code  Gb  Delay.o [1]
DEL_Interrupt           0x012daf    0xa3  Code  Gb  Delay.o [1]
DEL_PowerOnInitial      0x014e63    0x21  Code  Gb  Delay.o [1]
DEL_Renew               0x00d3a3    0x10  Code  Gb  Delay.o [1]
DEL_SetTimer            0x013728    0x73  Code  Gb  Delay.o [1]
DEL_Soft1ms             0x014f7d    0x1c  Code  Gb  Delay.o [1]
DEL_TimerRenew          0x014ba0    0x29  Code  Lc  Delay.o [1]
DISP_DataBuf            0x0128ab    0xc8  Code  Lc  ApiDisplay.o [1]
DISP_MulTypePro         0x012973    0xc0  Code  Lc  ApiDisplay.o [1]
DISP_MulTypePro2        0x0126fa    0xd9  Code  Lc  ApiDisplay.o [1]
Data_Date0              0x0152e3     0x4  Code  Gb  ApiAtCmd.o [1]
Data_Date1              0x0152e7     0x4  Code  Gb  ApiAtCmd.o [1]
Data_Date2              0x0152eb     0x4  Code  Gb  ApiAtCmd.o [1]
Data_Latitude_Minute    0x0152d3     0x4  Code  Gb  ApiAtCmd.o [1]
Data_Latitude_Second    0x015293     0x7  Code  Gb  ApiAtCmd.o [1]
Data_Longitude_Minute   0x0152cf     0x4  Code  Gb  ApiAtCmd.o [1]
Data_Longitude_Second   0x01528c     0x7  Code  Gb  ApiAtCmd.o [1]
Data_Speed              0x0152ef     0x4  Code  Gb  ApiAtCmd.o [1]
Data_Time0              0x0152d7     0x4  Code  Gb  ApiAtCmd.o [1]
Data_Time1              0x0152db     0x4  Code  Gb  ApiAtCmd.o [1]
Data_Time2              0x0152df     0x4  Code  Gb  ApiAtCmd.o [1]
Dec2Hex                 0x0142f6    0x4e  Code  Gb  CommonLib.o [1]
DefaultSystemClockForHSI
                        0x014f06    0x1f  Code  Gb  sysclock.o [1]
DelDrvObj               0x001323     0xb  Data  Lc  Delay.o [1]
Delay_100ms             0x0146aa    0x40  Code  Gb  Task.o [1]
DisDataBit              0x001230    0x40  Data  Gb  ApiDisplay.o [1]
DisDataBuf              0x000d12   0x200  Data  Gb  ApiDisplay.o [1]
DrvGD83DrvObj           0x00096c   0x3a6  Data  Lc  DrvGD83.o [1]
DrvGD83_UART_TxCommand  0x013635    0x80  Code  Gb  DrvGD83.o [1]
DrvMC8332_AtNotify_Queue_front
                        0x0143dc    0x4a  Code  Gb  DrvGD83.o [1]
DrvMC8332_CaretNotify_Queue_front
                        0x014392    0x4a  Code  Gb  DrvGD83.o [1]
DrvMC8332_GpsNotify_Queue_front
                        0x014470    0x4a  Code  Gb  DrvGD83.o [1]
DrvMC8332_PocNotify_Queue_front
                        0x014426    0x4a  Code  Gb  DrvGD83.o [1]
DrvMC8332_Software_Initial
                        0x014728    0x3d  Code  Gb  DrvGD83.o [1]
DrvMC8332_TxPort_SetValidable
                        0x014b1e    0x2c  Code  Gb  DrvGD83.o [1]
DrvMC8332_UART_Interrupt
                        0x00bb39   0x3cb  Code  Gb  DrvGD83.o [1]
DrvMc8332_UART_TxTail   0x012362    0xeb  Code  Gb  DrvGD83.o [1]
EEPROM_EEC_IRQHandler   0x01535a     0x1  Code  Gb  stm8s_it.o [1]
EXTI_PORTA_IRQHandler   0x01534a     0x1  Code  Gb  stm8s_it.o [1]
EXTI_PORTB_IRQHandler   0x01534b     0x1  Code  Gb  stm8s_it.o [1]
EXTI_PORTC_IRQHandler   0x01534c     0x1  Code  Gb  stm8s_it.o [1]
EXTI_PORTD_IRQHandler   0x01534d     0x1  Code  Gb  stm8s_it.o [1]
EXTI_PORTE_IRQHandler   0x01534e     0x1  Code  Gb  stm8s_it.o [1]
EnterKeyTimeCount       0x001390     0x1  Data  Gb  Delay.o [1]
EnterKeyTime_2s_Flag    0x0013a0     0x1  Data  Gb  Task.o [1]
EnterPttMomentCount     0x00139c     0x1  Data  Gb  Task.o [1]
EnterPttMoment_Flag     0x00139e     0x1  Data  Gb  Task.o [1]
FILE_Read               0x014503    0x48  Code  Gb  Flash_eeprom.o [1]
FILE_Read2              0x014622    0x45  Code  Gb  Flash_eeprom.o [1]
FILE_Write              0x014209    0x4f  Code  Gb  Flash_eeprom.o [1]
FILE_Write2             0x01416a    0x50  Code  Gb  Flash_eeprom.o [1]
FLASH_EraseOptionByte   0x014bf2    0x28  Code  Gb  stm8s_flash.o [1]
FLASH_GetFlagStatus     0x0150b9    0x14  Code  Gb  stm8s_flash.o [1]
FLASH_Lock              0x0152a1     0x7  Code  Gb  stm8s_flash.o [1]
FLASH_ProgramByte       0x0152c0     0x5  Code  Gb  stm8s_flash.o [1]
FLASH_ProgramOptionByte
                        0x014d28    0x25  Code  Gb  stm8s_flash.o [1]
FLASH_ReadByte          0x0152c5     0x5  Code  Gb  stm8s_flash.o [1]
FLASH_Unlock            0x01508d    0x16  Code  Gb  stm8s_flash.o [1]
FLASH_WaitForLastOperation
                        0x014844    0x36  Code  Gb  stm8s_flash.o [1]
GB2312_16_GetData       0x00e399   0x251  Code  Gb  GT20L16P1Y.o [3]
GPIO_Init               0x012c53    0xaf  Code  Gb  stm8s_gpio.o [1]
GPIO_ReadInputPin       0x01527a     0x9  Code  Gb  stm8s_gpio.o [1]
GPIO_WriteHigh          0x0152a8     0x7  Code  Gb  stm8s_gpio.o [1]
GPIO_WriteLow           0x015317     0x4  Code  Gb  stm8s_gpio.o [1]
GeHuTest                0x015345     0x1  Code  Lc  ApiKeyboard.o [1]
GetPersonalCallingMode  0x015265     0xb  Code  Gb  ApiPocCmd.o [1]
GetPointArrayData32     0x01454b    0x48  Code  Gb  GT20L16P1Y_D.o [1]
GetTaskId               0x01532b     0x4  Code  Gb  System.o [1]
Get_0X_ActiveUserIDBuf  0x001318     0xb  Data  Gb  ApiPocCmd.o [1]
Get_GBK_ActiveUserID    0x013bbb    0x62  Code  Gb  ApiPocCmd.o [1]
Get_Unicode_ActiveUserID
                        0x01352e    0x85  Code  Gb  ApiPocCmd.o [1]
Get_Unicode_ActiveUserIDBuf
                        0x001270    0x2d  Data  Gb  ApiPocCmd.o [1]
GettheOnlineMembersDone
                        0x001383     0x1  Data  Gb  ApiPocCmd.o [1]
GpsCmd_GbAnalytical     0x00e5ea   0x24d  Code  Lc  ApiGpsCmd.o [1]
GpsCmd_GbDataTransave   0x00d6c2   0x2ce  Code  Lc  ApiGpsCmd.o [1]
GpsCmd_GbWritCommand    0x00c62c   0x2fa  Code  Lc  ApiGpsCmd.o [1]
GpsFunDrvObj            0x000f12   0x1c3  Data  Lc  ApiGpsCmd.o [1]
GpsNotify_Queue         0x00babc    0x7d  Code  Lc  DrvGD83.o [1]
GpsNotify_Queue_Start   0x00b8ca    0x9a  Code  Lc  DrvGD83.o [1]
GpsReconnectionTimeCount
                        0x00138c     0x1  Data  Gb  Delay.o [1]
GroupCallingNum         0x000046     0x1  Data  Gb  ApiKeyboard.o [1]
HSE_ClockStartUpConfiguration
                        0x01487a    0x36  Code  Lc  sysclock.o [1]
HSIDivFactor            0x00ac31     0x4  Data  Gb  stm8s_clk.o [1]
HexToChar_GroupCallingNum
                        0x014ec6    0x20  Code  Gb  ApiPocCmd.o [1]
HexToChar_MainGroupId   0x014e42    0x21  Code  Gb  ApiPocCmd.o [1]
HexToChar_MainUserId    0x014ddd    0x22  Code  Gb  ApiPocCmd.o [1]
HexToChar_PersonalCallingNum
                        0x014dff    0x22  Code  Gb  ApiPocCmd.o [1]
HtgDrvObj               0x001340     0x2  Data  Lc  DrvHTG12832.o [1]
I2C_IRQHandler          0x015356     0x1  Code  Gb  stm8s_it.o [1]
INTVEC$$Base            0x008000           --   Gb  - Linker created -
INTVEC$$Limit           0x008080           --   Gb  - Linker created -
ITC_SetSoftwarePriority
                        0x011f6f   0x103  Code  Gb  stm8s_itc.o [1]
Ico_DataBuf             0x009b80   0x400  Data  Gb  ApiDisplay.o [1]
InputGBcode             0x009f80   0x1b0  Data  Gb  GT20L16P1Y_D.o [1]
InputUnicode            0x00a130   0x1b0  Data  Gb  GT20L16P1Y_D.o [1]
KCMD_GetMcuVersion      0x013c7e    0x61  Code  Lc  KeyCmd.o [1]
KCMD_KeyCmdGet          0x014ee6    0x20  Code  Gb  KeyCmd.o [1]
KEY_TABLE               0x00ac40     0x3  Data  Lc  uart3.o [1]
KeyBatteryReport        0x013d40    0x5f  Code  Gb  ADC.o [1]
KeyDownUpChoose_GroupOrUser_Flag
                        0x00134d     0x1  Data  Gb  ApiAtCmd.o [1]
KeyPersonalCallingCount
                        0x001357     0x1  Data  Gb  ApiKeyboard.o [1]
KeyPttState             0x001382     0x1  Data  Gb  ApiPocCmd.o [1]
KeyUpDownCount          0x001356     0x1  Data  Gb  ApiKeyboard.o [1]
Key_Flag_1              0x001358     0x1  Data  Gb  ApiKeyboard.o [1]
Key_Init                0x0148e6    0x34  Code  Gb  McuConfig.o [1]
Key_PersonalCalling_Flag
                        0x001399     0x1  Data  Gb  Task.o [1]
Keyboard_Test           0x00ac46   0xa9b  Code  Gb  ApiKeyboard.o [1]
KeylockTimeCount        0x001393     0x1  Data  Gb  Delay.o [1]
KeylockTimeSetCount     0x000049     0x1  Data  Gb  ApiKeyboard.o [1]
LED_Conut               0x00136b     0x1  Data  Gb  ApiLED.o [1]
LED_Init                0x014c69    0x27  Code  Gb  McuConfig.o [1]
LED_IntOutputRenew      0x0134a6    0x88  Code  Gb  ApiLED.o [1]
LandingTimeCount        0x00138e     0x1  Data  Gb  Delay.o [1]
Level3MenuDisplay       0x010669   0x173  Code  Gb  ApiMenu.o [1]
LockingState_EnterOK_Flag
                        0x00135c     0x1  Data  Gb  ApiKeyboard.o [1]
LockingState_Flag       0x001391     0x1  Data  Gb  Delay.o [1]
LoosenPttMomentCount    0x00139d     0x1  Data  Gb  Task.o [1]
LoosenPttMoment_Flag    0x00139f     0x1  Data  Gb  Task.o [1]
LowVoltageDetection     0x010ac2   0x170  Code  Gb  ADC.o [1]
LowVoltageDetection_Flag
                        0x001345     0x1  Data  Gb  ADC.o [1]
MCU_VERSIONForMenu      0x0151a1     0xe  Code  Gb  KeyCmd.o [1]
MIC_GPIO_Init           0x0151bd     0xd  Code  Gb  McuConfig.o [1]
MIC_IOMUT               0x014fe6    0x19  Code  Gb  McuConfig.o [1]
Mcu_Version             0x00a4cf    0x20  Data  Lc  KeyCmd.o [1]
MenuDisplay             0x00dc5d   0x27d  Code  Gb  ApiMenu.o [1]
MenuModeCount           0x000047     0x1  Data  Gb  ApiKeyboard.o [1]
MenuMode_Flag           0x001359     0x1  Data  Gb  ApiKeyboard.o [1]
NetworkType_2Gor3G_Flag
                        0x00005b     0x1  Data  Gb  Task.o [1]
NoUseNum                0x001397     0x1  Data  Gb  Task.o [1]
Noise_Mute_Init         0x0151d7     0xd  Code  Gb  McuConfig.o [1]
Notify_Queue_Stop       0x00b964   0x158  Code  Lc  DrvGD83.o [1]
NumberKeyboardPressDown_flag
                        0x00135b     0x1  Data  Gb  ApiKeyboard.o [1]
OffLineCount            0x001380     0x1  Data  Gb  ApiPocCmd.o [1]
OneChannelGetADValue    0x014c42    0x27  Code  Lc  ADC.o [1]
OnlineMembership        0x001381     0x1  Data  Gb  ApiPocCmd.o [1]
PAS_NULLTBL             0x00a9f6    0x10  Data  Lc  uart3.o [1]
POC_AtEnterPersonalCalling_Flag
                        0x001375     0x1  Data  Gb  ApiPocCmd.o [1]
POC_AtQuitPersonalCalling_Flag
                        0x001376     0x1  Data  Gb  ApiPocCmd.o [1]
POC_EnterGroupCalling_Flag
                        0x001377     0x1  Data  Gb  ApiPocCmd.o [1]
POC_EnterPersonalCalling_Flag
                        0x001373     0x1  Data  Gb  ApiPocCmd.o [1]
POC_QuitGroupCalling_Flag
                        0x001378     0x1  Data  Gb  ApiPocCmd.o [1]
POC_QuitPersonalCalling_Flag
                        0x001374     0x1  Data  Gb  ApiPocCmd.o [1]
POC_Receive86_Flag      0x00137f     0x1  Data  Gb  ApiPocCmd.o [1]
POC_ReceivedVoiceEndForXTSF_Flag
                        0x00137e     0x1  Data  Gb  ApiPocCmd.o [1]
POC_ReceivedVoiceEnd_Flag
                        0x00137d     0x1  Data  Gb  ApiPocCmd.o [1]
POC_ReceivedVoiceStart_Flag
                        0x00137c     0x1  Data  Gb  ApiPocCmd.o [1]
POC_ReceivedVoice_Flag  0x001379     0x1  Data  Gb  ApiPocCmd.o [1]
POC_ReceivedVoice_forPTT_Flag
                        0x00137a     0x1  Data  Gb  ApiPocCmd.o [1]
POC_TABLE               0x00ac43     0x3  Data  Lc  uart3.o [1]
PasObj                  0x00133a     0x4  Data  Lc  uart3.o [1]
PersonCallIco_Flag      0x001398     0x1  Data  Gb  Task.o [1]
PersonalCallingNum      0x001355     0x1  Data  Gb  ApiKeyboard.o [1]
PocCmdDrvobj            0x000076   0x8f6  Data  Lc  ApiPocCmd.o [1]
PocNotify_Queue         0x00b72e    0x4d  Code  Lc  DrvGD83.o [1]
PocNotify_Queue_Start   0x00b81e    0x56  Code  Lc  DrvGD83.o [1]
PositionInfoSendToATPORT_InfoDisplay_Flag
                        0x001351     0x1  Data  Gb  ApiAtCmd.o [1]
PositionInfoSendToATPORT_RedLed_Flag
                        0x00134f     0x1  Data  Gb  ApiAtCmd.o [1]
PositionInfoSendToATPORT_SetPPP_Flag
                        0x001350     0x1  Data  Gb  ApiAtCmd.o [1]
PositionInformationSendToATPORT_Flag
                        0x00134e     0x1  Data  Gb  ApiAtCmd.o [1]
PrimaryLowPowerCount    0x00138f     0x1  Data  Gb  Delay.o [1]
PrimaryLowPower_Flag    0x001346     0x1  Data  Gb  ADC.o [1]
READ_TABLE              0x00ac35     0x4  Data  Lc  uart3.o [1]
ReadBuffer              0x001151    0x50  Data  Gb  ApiPocCmd.o [1]
ReadBufferA             0x001394     0x1  Data  Gb  Delay.o [1]
ReadBufferB             0x001395     0x1  Data  Gb  Delay.o [1]
ReadByte                0x013fc2    0x57  Code  Gb  ApiDisplay.o [1]
Region$$Table$$Base     0x00a4bb           --   Gb  - Linker created -
Region$$Table$$Limit    0x00a4cf           --   Gb  - Linker created -
RxStartFlag             0x00132e     0x6  Data  Gb  ApiBeidou.o [1]
SPI_IRQHandler          0x01534f     0x1  Code  Gb  stm8s_it.o [1]
SendByte                0x01341e    0x88  Code  Gb  ApiDisplay.o [1]
SendGpsLoginInfoCount   0x001354     0x1  Data  Gb  ApiGpsCmd.o [1]
SetTaskId               0x01532f     0x4  Code  Gb  System.o [1]
Set_GreenLed            0x014fb4    0x19  Code  Gb  McuConfig.o [1]
Set_RedLed              0x014fcd    0x19  Code  Gb  McuConfig.o [1]
SubmenuMenuDisplay      0x0116fd   0x143  Code  Gb  ApiMenu.o [1]
SystemClock_Init        0x014b4a    0x2b  Code  Gb  sysclock.o [1]
TASK_Ptt_StartPersonCalling_Flag
                        0x00139a     0x1  Data  Gb  Task.o [1]
TASK_RunLoBattery       0x014b75    0x2b  Code  Gb  Task.o [1]
TASK_WriteFreq          0x015333     0x4  Code  Gb  Task.o [1]
TIM1_CAP_COM_IRQHandler
                        0x015351     0x1  Code  Gb  stm8s_it.o [1]
TIM1_CCxCmd             0x014667    0x43  Code  Gb  stm8s_tim1.o [1]
TIM1_Cmd                0x0151fe     0xd  Code  Gb  stm8s_tim1.o [1]
TIM1_CtrlPWMOutputs     0x01520b     0xd  Code  Gb  stm8s_tim1.o [1]
TIM1_DeInit             0x012ef4    0x99  Code  Gb  stm8s_tim1.o [1]
TIM1_OC1Init            0x013cdf    0x61  Code  Gb  stm8s_tim1.o [1]
TIM1_OC1PreloadConfig   0x015218     0xd  Code  Gb  stm8s_tim1.o [1]
TIM1_PWM_Init           0x014019    0x56  Code  Gb  Tone.o [1]
TIM1_TimeBaseInit       0x014d97    0x24  Code  Gb  stm8s_tim1.o [1]
TIM1_UPD_OVF_TRG_BRK_IRQHandler
                        0x015350     0x1  Code  Gb  stm8s_it.o [1]
TIM2_CAP_COM_IRQHandler
                        0x015353     0x1  Code  Gb  stm8s_it.o [1]
TIM2_UPD_OVF_BRK_IRQHandler
                        0x015352     0x1  Code  Gb  stm8s_it.o [1]
TIM3_ARRPreloadConfig   0x015232     0xd  Code  Gb  stm8s_tim3.o [1]
TIM3_CAP_COM_IRQHandler
                        0x015354     0x1  Code  Gb  stm8s_it.o [1]
TIM3_ClearITPendingBit  0x0152ca     0x5  Code  Gb  stm8s_tim3.o [1]
TIM3_Cmd                0x015225     0xd  Code  Gb  stm8s_tim3.o [1]
TIM3_ITConfig           0x015119    0x13  Code  Gb  stm8s_tim3.o [1]
TIM3_PrescalerConfig    0x015283     0x9  Code  Gb  stm8s_tim3.o [1]
TIM3_TimeBaseInit       0x015259     0xc  Code  Gb  stm8s_tim3.o [1]
TIM3_UPD_OVF_BRK_IRQHandler
                        0x014ea5    0x21  Code  Gb  stm8s_it.o [1]
TIM4_UPD_OVF_IRQHandler
                        0x015359     0x1  Code  Gb  stm8s_it.o [1]
TLI_IRQHandler          0x015347     0x1  Code  Gb  stm8s_it.o [1]
TONE_PowerOnInitial     0x013959    0x6b  Code  Gb  Tone.o [1]
TONE_Start              0x014ce5    0x1d  Code  Gb  Tone.o [1]
TONE_Stop               0x014cdc     0x9  Code  Gb  Tone.o [1]
TRAP_IRQHandler         0x015346     0x1  Code  Gb  stm8s_it.o [1]
TaskDrvObj              0x0012b3    0x14  Data  Lc  System.o [1]
Task_Landing_Flag       0x00139b     0x1  Data  Gb  Task.o [1]
Task_RunNormalOperation
                        0x00bf04   0x728  Code  Gb  Task.o [1]
Task_RunStart           0x00ec74   0x1e3  Code  Gb  Task.o [1]
Test1                   0x001353     0x1  Data  Gb  ApiGpsCmd.o [1]
TestNum1                0x00135e     0x1  Data  Gb  ApiKeyboard.o [1]
TestNum10               0x001367     0x1  Data  Gb  ApiKeyboard.o [1]
TestNum11               0x001368     0x1  Data  Gb  ApiKeyboard.o [1]
TestNum12               0x001369     0x1  Data  Gb  ApiKeyboard.o [1]
TestNum2                0x00135f     0x1  Data  Gb  ApiKeyboard.o [1]
TestNum3                0x001360     0x1  Data  Gb  ApiKeyboard.o [1]
TestNum4                0x001361     0x1  Data  Gb  ApiKeyboard.o [1]
TestNum5                0x001362     0x1  Data  Gb  ApiKeyboard.o [1]
TestNum6                0x001363     0x1  Data  Gb  ApiKeyboard.o [1]
TestNum7                0x001364     0x1  Data  Gb  ApiKeyboard.o [1]
TestNum8                0x001365     0x1  Data  Gb  ApiKeyboard.o [1]
TestNum9                0x001366     0x1  Data  Gb  ApiKeyboard.o [1]
TheMenuLayer_Flag       0x00135a     0x1  Data  Gb  ApiKeyboard.o [1]
Tim3_Timer_Init         0x014bc9    0x29  Code  Gb  McuConfig.o [1]
TimeCount               0x001387     0x1  Data  Gb  Delay.o [1]
TimeCount2              0x001388     0x1  Data  Gb  Delay.o [1]
TimeCount3              0x001389     0x1  Data  Gb  Delay.o [1]
TimeCount_Light         0x00138a     0x1  Data  Gb  Delay.o [1]
ToneDrvObj              0x0012d9    0x12  Data  Lc  Tone.o [1]
ToneTimeCount           0x00138b     0x1  Data  Gb  Delay.o [1]
UART1_Cmd               0x01523f     0xd  Code  Gb  stm8s_uart1.o [1]
UART1_DeInit            0x014af1    0x2d  Code  Gb  stm8s_uart1.o [1]
UART1_GetFlagStatus     0x01491a    0x32  Code  Gb  stm8s_uart1.o [1]
UART1_GetITStatus       0x0131e5    0x92  Code  Gb  stm8s_uart1.o [1]
UART1_ITConfig          0x0138ec    0x6d  Code  Gb  stm8s_uart1.o [1]
UART1_Init              0x0111c4   0x159  Code  Gb  stm8s_uart1.o [1]
UART1_RX_IRQHandler     0x014cb6    0x26  Code  Gb  stm8s_it.o [1]
UART1_ReceiveData8      0x01531b     0x4  Code  Gb  stm8s_uart1.o [1]
UART1_SendData8         0x01531f     0x4  Code  Gb  stm8s_uart1.o [1]
UART1_TX_IRQHandler     0x015355     0x1  Code  Gb  stm8s_it.o [1]
UART3_Cmd               0x01524c     0xd  Code  Gb  stm8s_uart3.o [1]
UART3_DeInit            0x014d4d    0x25  Code  Gb  stm8s_uart3.o [1]
UART3_GetFlagStatus     0x0144ba    0x49  Code  Gb  stm8s_uart3.o [1]
UART3_GetITStatus       0x012aed    0xb6  Code  Gb  stm8s_uart3.o [1]
UART3_ITConfig          0x013306    0x8d  Code  Gb  stm8s_uart3.o [1]
UART3_Init              0x011d22   0x12a  Code  Gb  stm8s_uart3.o [1]
UART3_Interrupt         0x012a33    0xba  Code  Gb  uart3.o [1]
UART3_RX_IRQHandler     0x014f99    0x1b  Code  Gb  stm8s_it.o [1]
UART3_ReceiveData8      0x015323     0x4  Code  Gb  stm8s_uart3.o [1]
UART3_SendByte          0x015174    0x10  Code  Gb  uart3.o [1]
UART3_SendData8         0x015327     0x4  Code  Gb  stm8s_uart3.o [1]
UART3_TX_IRQHandler     0x015357     0x1  Code  Gb  stm8s_it.o [1]
UART3_ToMcuMain         0x014258    0x4f  Code  Gb  uart3.o [1]
UART_Delay              0x015150    0x12  Code  Lc  uart3.o [1]
UART_ErrorAck           0x0142e0    0x16  Code  Lc  uart3.o [1]
UART_GetCheckSum        0x013150    0x2e  Code  Lc  uart3.o [1]
UART_KeyCommand         0x013277    0x8f  Code  Lc  uart3.o [1]
UART_Link               0x01317e    0x67  Code  Lc  uart3.o [1]
UART_PasCommand         0x010000   0x1b2  Code  Lc  uart3.o [1]
UART_PocCommand         0x013eb6    0x5c  Code  Lc  uart3.o [1]
UART_ReadCommand        0x01244d    0xe9  Code  Lc  uart3.o [1]
UART_RightAck           0x01387e    0x6e  Code  Lc  uart3.o [1]
UART_RxFrame            0x014118    0x52  Code  Lc  uart3.o [1]
UART_TxSend             0x0142a7    0x39  Code  Lc  uart3.o [1]
UART_WriteCommand       0x01226f    0xf3  Code  Lc  uart3.o [1]
UNICODE_16_GetData      0x0104e4   0x185  Code  Gb  GT20L16P1Y.o [3]
Uart1_Init              0x014a96    0x2e  Code  Gb  McuConfig.o [1]
Uart3_Init              0x014765    0x39  Code  Gb  uart3.o [1]
UartDrvObj              0x0011ec    0x44  Data  Lc  uart3.o [1]
UnicodeForGbk_MainUserName
                        0x01094f   0x173  Code  Gb  ApiPocCmd.o [1]
UnicodeForGbk_MainUserNameBuf
                        0x0012fa     0xf  Data  Gb  ApiPocCmd.o [1]
UnicodeForGbk_MainWorkName
                        0x0107dc   0x173  Code  Gb  ApiPocCmd.o [1]
UnicodeForGbk_MainWorkNameBuf
                        0x0012eb     0xf  Data  Gb  ApiPocCmd.o [1]
UnicodeForGbk_SpeakerRightnowName
                        0x010c32   0x16e  Code  Gb  ApiPocCmd.o [1]
UnicodeForGbk_SpeakerRightnowNameBuf
                        0x001309     0xf  Data  Gb  ApiPocCmd.o [1]
UnicodeGetPointArrayData32
                        0x014593    0x48  Code  Gb  GT20L16P1Y_D.o [1]
UnicodeValueSearch      0x014c90    0x26  Code  Gb  GT20L16P1Y_D.o [1]
UpDownSwitching_Flag    0x00136a     0x1  Data  Gb  ApiKeyboard.o [1]
VOICE_1sProcess         0x015184     0xf  Code  Gb  Voice.o [1]
VOICE_Renew             0x01380d    0x71  Code  Gb  Voice.o [1]
VOICE_SetOutput         0x01494c    0x31  Code  Gb  Voice.o [1]
ValueSearch             0x013e5a    0x5c  Code  Gb  GT20L16P1Y_D.o [1]
VerifyData              0x008080  0x1b00  Data  Gb  GT20L16P1Y_D.o [1]
VoiceDrvObj             0x001334     0x6  Data  Lc  Voice.o [1]
VoiceType_FreehandOrHandset_Flag
                        0x00135d     0x1  Data  Gb  ApiKeyboard.o [1]
WRITE_TABLE             0x00ac39     0x4  Data  Lc  uart3.o [1]
WW_GetData              0x00d990   0x2cd  Code  Gb  GT20L16P1Y.o [3]
WriteEEPROMByte         0x0146ea    0x3e  Code  Gb  Flash_eeprom.o [1]
WriteFreqTimeCount      0x001384     0x1  Data  Gb  Delay.o [1]
WriteFreq_Flag          0x0013a1     0x1  Data  Gb  uart3.o [1]
__DebugBreak            0x01535b     0x1  Code  Gb  __dbg_break.o [4]
__exit                  0x0150a3    0x16  Code  Gb  __dbg_xxexit.o [4]
__iar_copy_init2        0x014c1a          Code  Gb  init_small.o [5]
__iar_data_init2        0x014f25    0x1e  Code  Gb  init.o [5]
__iar_program_start     0x01505f          Code  Gb  cstartup.o [5]
__iar_unhandled_exception
                        0x015342          Code  Gb  unhandled_exception.o [5]
__iar_zero_init2        0x014f43          Code  Gb  init_small.o [5]
__intvec                0x008000          Data  Gb  interrupt.o [5]
__low_level_init        0x01533f     0x3  Code  Gb  low_level_init.o [5]
_exit                   0x0152b5          Code  Gb  cexit.o [5]
_interrupt_1            0x015346          Code  Gb  stm8s_it.o [1]
_interrupt_12           0x01534f          Code  Gb  stm8s_it.o [1]
_interrupt_13           0x015350          Code  Gb  stm8s_it.o [1]
_interrupt_14           0x015351          Code  Gb  stm8s_it.o [1]
_interrupt_15           0x015352          Code  Gb  stm8s_it.o [1]
_interrupt_16           0x015353          Code  Gb  stm8s_it.o [1]
_interrupt_17           0x014ea5          Code  Gb  stm8s_it.o [1]
_interrupt_18           0x015354          Code  Gb  stm8s_it.o [1]
_interrupt_19           0x015355          Code  Gb  stm8s_it.o [1]
_interrupt_2            0x015347          Code  Gb  stm8s_it.o [1]
_interrupt_20           0x014cb6          Code  Gb  stm8s_it.o [1]
_interrupt_21           0x015356          Code  Gb  stm8s_it.o [1]
_interrupt_22           0x015357          Code  Gb  stm8s_it.o [1]
_interrupt_23           0x014f99          Code  Gb  stm8s_it.o [1]
_interrupt_24           0x015358          Code  Gb  stm8s_it.o [1]
_interrupt_25           0x015359          Code  Gb  stm8s_it.o [1]
_interrupt_26           0x01535a          Code  Gb  stm8s_it.o [1]
_interrupt_3            0x015348          Code  Gb  stm8s_it.o [1]
_interrupt_4            0x015349          Code  Gb  stm8s_it.o [1]
_interrupt_5            0x01534a          Code  Gb  stm8s_it.o [1]
_interrupt_6            0x01534b          Code  Gb  stm8s_it.o [1]
_interrupt_7            0x01534c          Code  Gb  stm8s_it.o [1]
_interrupt_8            0x01534d          Code  Gb  stm8s_it.o [1]
_interrupt_9            0x01534e          Code  Gb  stm8s_it.o [1]
api_diap_ico_pos_get    0x013c1d    0x61  Code  Gb  ApiDisplay.o [1]
api_disp_all_screen_refresh
                        0x0141ba    0x4f  Code  Gb  ApiDisplay.o [1]
api_disp_char_output    0x015031    0x17  Code  Gb  ApiDisplay.o [1]
api_disp_char_output2   0x015048    0x17  Code  Gb  ApiDisplay.o [1]
api_disp_ico_output     0x012ba3    0xb0  Code  Gb  ApiDisplay.o [1]
api_disp_icoid_output   0x012f8d    0x97  Code  Gb  ApiDisplay.o [1]
api_lcd_pwr_on_hint     0x014a3a    0x2e  Code  Gb  ApiDisplay.o [1]
api_lcd_pwr_on_hint2    0x0149ad    0x2f  Code  Gb  ApiDisplay.o [1]
api_lcd_pwr_on_hint3    0x014ac4    0x2d  Code  Gb  ApiDisplay.o [1]
api_lcd_pwr_on_hint4    0x0149dc    0x2f  Code  Gb  ApiDisplay.o [1]
api_lcd_pwr_on_hint5    0x014a68    0x2e  Code  Gb  ApiDisplay.o [1]
api_poc_command_get     0x012d02    0xad  Code  Lc  uart3.o [1]
api_poc_command_set     0x01261b    0xdf  Code  Lc  uart3.o [1]
drv_gt20_data_output    0x011bee   0x134  Code  Gb  DrvGT20L16S1Y.o [1]
drv_gt20_data_output2   0x01197f   0x13b  Code  Gb  DrvGT20L16S1Y.o [1]
drv_gt20_pwr_on_init    0x01480a     0x4  Code  Gb  DrvGT20L16S1Y.o [1]
drv_htg_clr_allscr      0x00e280    0x35  Code  Gb  DrvHTG12832.o [1]
drv_htg_pwr_on_init     0x00e38d     0xc  Code  Gb  DrvHTG12832.o [1]
drv_htg_reset           0x00e147     0x5  Code  Gb  DrvHTG12832.o [1]
drv_htg_set_address     0x00e1c6    0x40  Code  Gb  DrvHTG12832.o [1]
drv_htg_write_command   0x00e14c    0x7a  Code  Gb  DrvHTG12832.o [1]
drv_htg_write_data      0x00e206    0x7a  Code  Gb  DrvHTG12832.o [1]
drv_keypad_scan         0x00ea63   0x211  Code  Gb  DrvKeyboard.o [1]
exit                    0x01533b     0x4  Code  Gb  exit.o [5]
find_zf_tab             0x0145db    0x47  Code  Gb  GT20L16P1Y.o [3]
get_key_value           0x012536    0xe5  Code  Gb  ApiKeyboard.o [1]
htg_delay_ms            0x00e2b5    0x1e  Code  Lc  DrvHTG12832.o [1]
htg_initial             0x00e2d3    0x6c  Code  Lc  DrvHTG12832.o [1]
key_scan_board          0x011840   0x13f  Code  Gb  DrvKeyboard.o [1]
main                    0x015313     0x4  Code  Gb  main.o [1]
main_app                0x014344    0x4e  Code  Gb  System.o [1]
main_init               0x012072   0x103  Code  Gb  System.o [1]
mcu_gt20_initial        0x0147d6    0x34  Code  Lc  DrvGT20L16S1Y.o [1]
mcu_key_pad_out         0x0130ba    0x96  Code  Gb  DrvKeyboard.o [1]
mcu_key_pad_read        0x01379b    0x72  Code  Gb  DrvKeyboard.o [1]
mcu_key_pad_set         0x011470   0x148  Code  Gb  DrvKeyboard.o [1]
mcu_lcd_initial         0x00e33f    0x4e  Code  Lc  DrvHTG12832.o [1]
memcmp                  0x0148b0    0x36  Code  Gb  memcmp.o [5]
memcpy                  0x014d02    0x26  Code  Gb  memcpy.o [5]
memset                  0x015076    0x17  Code  Gb  memset.o [5]
pack_data               0x010da0   0x165  Code  Lc  ApiGpsCmd.o [1]
r_dat_bat               0x013a2b    0x64  Code  Gb  ApiDisplay.o [1]
strlen                  0x015162    0x12  Code  Gb  strlen.o [5]
ucAtPocHead             0x00004a     0x2  Data  Gb  ApiPocCmd.o [1]
ucCDMATIME              0x000021     0x2  Data  Gb  ApiAtCmd.o [1]
ucCLVL                  0x000062     0x2  Data  Gb  Task.o [1]
ucCODECCTL              0x000066     0x2  Data  Gb  Task.o [1]
ucCSQ                   0x00006e     0x2  Data  Gb  Task.o [1]
ucCaretPPPCFG           0x000029     0x2  Data  Gb  ApiAtCmd.o [1]
ucCheckCard             0x00003d     0x2  Data  Gb  ApiAtCmd.o [1]
ucCheckPPP              0x000037     0x2  Data  Gb  ApiAtCmd.o [1]
ucCheckRssi             0x000019     0x2  Data  Gb  ApiAtCmd.o [1]
ucCheckTcp              0x00002d     0x2  Data  Gb  ApiAtCmd.o [1]
ucEndPTT                0x00005e     0x2  Data  Gb  Task.o [1]
ucGD83Reset             0x000011     0x2  Data  Gb  ApiAtCmd.o [1]
ucGPSINFO               0x000023     0x2  Data  Gb  ApiAtCmd.o [1]
ucGPSSendToAtPort       0x00004e     0x2  Data  Gb  Delay.o [1]
ucGPSUploadTime_5s      0x000050     0x2  Data  Gb  Delay.o [1]
ucGpsPosition           0x00001f     0x2  Data  Gb  ApiAtCmd.o [1]
ucOSSYSHWID             0x000068     0x2  Data  Gb  Task.o [1]
ucPPPCFG                0x000070     0x2  Data  Gb  Task.o [1]
ucPlayZtts              0x00002b     0x2  Data  Gb  ApiAtCmd.o [1]
ucPocOpenConfig         0x000074     0x2  Data  Gb  Task.o [1]
ucPrefmode2             0x00006a     0x2  Data  Gb  Task.o [1]
ucPrefmode4             0x00006c     0x2  Data  Gb  Task.o [1]
ucQuitPersonalCalling   0x000044     0x2  Data  Gb  ApiKeyboard.o [1]
ucRequestUserListInfo   0x000060     0x2  Data  Gb  Task.o [1]
ucRxCSQ31               0x00001b     0x2  Data  Gb  ApiAtCmd.o [1]
ucRxCSQ99               0x00001d     0x2  Data  Gb  ApiAtCmd.o [1]
ucRxCheckPppClose       0x00003b     0x2  Data  Gb  ApiAtCmd.o [1]
ucRxCheckPppOpen        0x000039     0x2  Data  Gb  ApiAtCmd.o [1]
ucRxCheckTcp            0x000033     0x2  Data  Gb  ApiAtCmd.o [1]
ucRxOkHeadInfo          0x000056     0x2  Data  Gb  DrvGD83.o [1]
ucRxPASTATE0            0x000015     0x2  Data  Gb  ApiAtCmd.o [1]
ucRxPASTATE1            0x000013     0x2  Data  Gb  ApiAtCmd.o [1]
ucRxPocHeadInfo         0x000054     0x2  Data  Gb  DrvGD83.o [1]
ucRxTcpDataHeadInfo     0x000058     0x2  Data  Gb  DrvGD83.o [1]
ucRxZTTS0               0x000017     0x2  Data  Gb  ApiAtCmd.o [1]
ucSIMST1                0x000025     0x2  Data  Gb  ApiAtCmd.o [1]
ucSIMST255              0x000027     0x2  Data  Gb  ApiAtCmd.o [1]
ucSendTcp               0x000031     0x2  Data  Gb  ApiAtCmd.o [1]
ucSetIPAndID            0x00004c     0x2  Data  Gb  ApiPocCmd.o [1]
ucSetIp                 0x00002f     0x2  Data  Gb  ApiAtCmd.o [1]
ucStartPTT              0x00005c     0x2  Data  Gb  Task.o [1]
ucTxPocHeadInfo         0x000052     0x2  Data  Gb  DrvGD83.o [1]
ucVGR                   0x000064     0x2  Data  Gb  Task.o [1]
ucVGR1                  0x000040     0x2  Data  Gb  ApiKeyboard.o [1]
ucVGR7                  0x000042     0x2  Data  Gb  ApiKeyboard.o [1]
ucZTTS_Abell            0x000072     0x2  Data  Gb  Task.o [1]
ucZpppOpen              0x000035     0x2  Data  Gb  ApiAtCmd.o [1]


[1] = E:\1-source\A508\PRJ\Debug\Obj
[2] = command line
[3] = GT20L16_STM8_DOUBLE_MEDIUM_IAR.a
[4] = dbgstm8mmd.a
[5] = dlstm8mmn.a

  38 689 bytes of readonly  code memory
  11 334 bytes of readonly  data memory
   5 282 bytes of readwrite data memory

Errors: none
Warnings: none
