###############################################################################
#
# IAR ELF Linker V2.20.1.176 for STM8                     02/May/2018  19:14:21
# Copyright 2010-2015 IAR Systems AB.
#
#    Output file  =  E:\1-source\A508\PRJ\Debug\Exe\A508_DEMO1.out
#    Map file     =  E:\1-source\A508\PRJ\Debug\List\A508_DEMO1.map
#    Command line =  
#        E:\1-source\A508\PRJ\Debug\Obj\ADC.o
#        E:\1-source\A508\PRJ\Debug\Obj\ApiAtCmd.o
#        E:\1-source\A508\PRJ\Debug\Obj\ApiBeidou.o
#        E:\1-source\A508\PRJ\Debug\Obj\ApiDisplay.o
#        E:\1-source\A508\PRJ\Debug\Obj\ApiGpsCmd.o
#        E:\1-source\A508\PRJ\Debug\Obj\ApiKeyboard.o
#        E:\1-source\A508\PRJ\Debug\Obj\ApiLED.o
#        E:\1-source\A508\PRJ\Debug\Obj\ApiMenu.o
#        E:\1-source\A508\PRJ\Debug\Obj\ApiPocCmd.o
#        E:\1-source\A508\PRJ\Debug\Obj\Beep.o
#        E:\1-source\A508\PRJ\Debug\Obj\CommonLib.o
#        E:\1-source\A508\PRJ\Debug\Obj\Config.o
#        E:\1-source\A508\PRJ\Debug\Obj\Delay.o
#        E:\1-source\A508\PRJ\Debug\Obj\DrvGD83.o
#        E:\1-source\A508\PRJ\Debug\Obj\DrvGT20L16S1Y.o
#        E:\1-source\A508\PRJ\Debug\Obj\DrvHTG12832.o
#        E:\1-source\A508\PRJ\Debug\Obj\DrvKeyboard.o
#        E:\1-source\A508\PRJ\Debug\Obj\Flash_eeprom.o
#        E:\1-source\A508\SRC\Syetem\GT20L16_STM8_DOUBLE_MEDIUM_IAR.a
#        E:\1-source\A508\PRJ\Debug\Obj\GT20L16P1Y_D.o
#        E:\1-source\A508\PRJ\Debug\Obj\KeyCmd.o
#        E:\1-source\A508\PRJ\Debug\Obj\main.o
#        E:\1-source\A508\PRJ\Debug\Obj\McuConfig.o
#        E:\1-source\A508\PRJ\Debug\Obj\stm8s_adc2.o
#        E:\1-source\A508\PRJ\Debug\Obj\stm8s_awu.o
#        E:\1-source\A508\PRJ\Debug\Obj\stm8s_beep.o
#        E:\1-source\A508\PRJ\Debug\Obj\stm8s_clk.o
#        E:\1-source\A508\PRJ\Debug\Obj\stm8s_exti.o
#        E:\1-source\A508\PRJ\Debug\Obj\stm8s_flash.o
#        E:\1-source\A508\PRJ\Debug\Obj\stm8s_gpio.o
#        E:\1-source\A508\PRJ\Debug\Obj\stm8s_i2c.o
#        E:\1-source\A508\PRJ\Debug\Obj\stm8s_it.o
#        E:\1-source\A508\PRJ\Debug\Obj\stm8s_itc.o
#        E:\1-source\A508\PRJ\Debug\Obj\stm8s_iwdg.o
#        E:\1-source\A508\PRJ\Debug\Obj\stm8s_rst.o
#        E:\1-source\A508\PRJ\Debug\Obj\stm8s_spi.o
#        E:\1-source\A508\PRJ\Debug\Obj\stm8s_tim1.o
#        E:\1-source\A508\PRJ\Debug\Obj\stm8s_tim2.o
#        E:\1-source\A508\PRJ\Debug\Obj\stm8s_tim3.o
#        E:\1-source\A508\PRJ\Debug\Obj\stm8s_tim4.o
#        E:\1-source\A508\PRJ\Debug\Obj\stm8s_uart1.o
#        E:\1-source\A508\PRJ\Debug\Obj\stm8s_uart3.o
#        E:\1-source\A508\PRJ\Debug\Obj\stm8s_wwdg.o
#        E:\1-source\A508\PRJ\Debug\Obj\sysclock.o
#        E:\1-source\A508\PRJ\Debug\Obj\System.o
#        E:\1-source\A508\PRJ\Debug\Obj\Task.o
#        E:\1-source\A508\PRJ\Debug\Obj\Tone.o
#        E:\1-source\A508\PRJ\Debug\Obj\uart3.o
#        E:\1-source\A508\PRJ\Debug\Obj\Voice.o --redirect _Printf=_PrintfSmall
#        --redirect _Scanf=_ScanfSmall -o
#        E:\1-source\A508\PRJ\Debug\Exe\A508_DEMO1.out --map
#        E:\1-source\A508\PRJ\Debug\List\A508_DEMO1.map --config "C:\Program
#        Files\IAR Systems\Embedded Workbench
#        7.3\stm8\config\lnkstm8s007c8.icf" --config_def _CSTACK_SIZE=0x100
#        --config_def _HEAP_SIZE=0x00 --entry __iar_program_start --debug_lib
#
###############################################################################

*******************************************************************************
*** RUNTIME MODEL ATTRIBUTES
***

__SystemLibrary            = DLib
__code_model               = medium_or_large
__core                     = stm8
__data_model               = medium
__dlib_file_descriptor     = 0
__dlib_full_locale_support = 0
__rt_version               = 4


*******************************************************************************
*** PLACEMENT SUMMARY
***

"A1":  place at start of [0x000000-0x0000ff] { rw section .vregs };
"A2":  place at end of [0x000000-0x0017ff] { block CSTACK };
"P2":  place in [from 0x000000 to 0x0017ff] {
          block HEAP, rw section __DLIB_PERTHREAD, rw section .far.bss,
          rw section .far.data, rw section .far.noinit,
          rw section .far_func.textrw, rw section .huge.bss,
          rw section .huge.data, rw section .huge.noinit,
          rw section .huge_func.textrw, rw section .iar.dynexit,
          rw section .near.bss, rw section .near.data, rw section .near.noinit,
          rw section .near_func.textrw };
"A3":  place at start of [0x008000-0x00ffff] { block INTVEC };
"P3":  place in [from 0x008000 to 0x00ffff] {
          ro section __DLIB_PERTHREAD_init, ro section .far.data_init,
          ro section .far_func.textrw_init, ro section .huge.data_init,
          ro section .huge_func.textrw_init, ro section .iar.init_table,
          ro section .init_array, ro section .near.data_init,
          ro section .near.rodata, ro section .near_func.text,
          ro section .near_func.textrw_init, ro section .tiny.data_init,
          ro section .tiny.rodata_init };
"P4":  place in [from 0x008000 to 0x00ffff repeat 2] {
          ro section .far.rodata, ro section .far_func.text };

  Section            Kind      Address    Size  Object
  -------            ----      -------    ----  ------
"A1":                                     0x10
  .vregs             uninit   0x000000    0x10  vregs.o [5]
                            - 0x000010    0x10

"P2", part 1 of 2:                        0x66
  P2-1                        0x000010    0x66  <Init block>
    .near.data       inited   0x000010     0x2  ApiAtCmd.o [1]
    .near.data       inited   0x000012     0x2  ApiAtCmd.o [1]
    .near.data       inited   0x000014     0x2  ApiAtCmd.o [1]
    .near.data       inited   0x000016     0x2  ApiAtCmd.o [1]
    .near.data       inited   0x000018     0x2  ApiAtCmd.o [1]
    .near.data       inited   0x00001a     0x2  ApiAtCmd.o [1]
    .near.data       inited   0x00001c     0x2  ApiAtCmd.o [1]
    .near.data       inited   0x00001e     0x2  ApiAtCmd.o [1]
    .near.data       inited   0x000020     0x2  ApiAtCmd.o [1]
    .near.data       inited   0x000022     0x2  ApiAtCmd.o [1]
    .near.data       inited   0x000024     0x2  ApiAtCmd.o [1]
    .near.data       inited   0x000026     0x2  ApiAtCmd.o [1]
    .near.data       inited   0x000028     0x2  ApiAtCmd.o [1]
    .near.data       inited   0x00002a     0x2  ApiAtCmd.o [1]
    .near.data       inited   0x00002c     0x2  ApiAtCmd.o [1]
    .near.data       inited   0x00002e     0x2  ApiAtCmd.o [1]
    .near.data       inited   0x000030     0x2  ApiAtCmd.o [1]
    .near.data       inited   0x000032     0x2  ApiAtCmd.o [1]
    .near.data       inited   0x000034     0x2  ApiAtCmd.o [1]
    .near.data       inited   0x000036     0x2  ApiAtCmd.o [1]
    .near.data       inited   0x000038     0x2  ApiAtCmd.o [1]
    .near.data       inited   0x00003a     0x2  ApiAtCmd.o [1]
    .near.data       inited   0x00003c     0x2  ApiAtCmd.o [1]
    .near.data       inited   0x00003e     0x2  ApiAtCmd.o [1]
    .near.data       inited   0x000040     0x1  ApiKeyboard.o [1]
    .near.data       inited   0x000041     0x2  ApiKeyboard.o [1]
    .near.data       inited   0x000043     0x2  ApiKeyboard.o [1]
    .near.data       inited   0x000045     0x2  ApiKeyboard.o [1]
    .near.data       inited   0x000047     0x1  ApiKeyboard.o [1]
    .near.data       inited   0x000048     0x1  ApiKeyboard.o [1]
    .near.data       inited   0x000049     0x1  ApiKeyboard.o [1]
    .near.data       inited   0x00004a     0x1  ApiKeyboard.o [1]
    .near.data       inited   0x00004b     0x2  ApiPocCmd.o [1]
    .near.data       inited   0x00004d     0x2  ApiPocCmd.o [1]
    .near.data       inited   0x00004f     0x2  Delay.o [1]
    .near.data       inited   0x000051     0x2  Delay.o [1]
    .near.data       inited   0x000053     0x2  DrvGD83.o [1]
    .near.data       inited   0x000055     0x2  DrvGD83.o [1]
    .near.data       inited   0x000057     0x2  DrvGD83.o [1]
    .near.data       inited   0x000059     0x2  DrvGD83.o [1]
    .near.data       inited   0x00005b     0x1  Task.o [1]
    .near.data       inited   0x00005c     0x1  Task.o [1]
    .near.data       inited   0x00005d     0x1  Task.o [1]
    .near.data       inited   0x00005e     0x2  Task.o [1]
    .near.data       inited   0x000060     0x2  Task.o [1]
    .near.data       inited   0x000062     0x2  Task.o [1]
    .near.data       inited   0x000064     0x2  Task.o [1]
    .near.data       inited   0x000066     0x2  Task.o [1]
    .near.data       inited   0x000068     0x2  Task.o [1]
    .near.data       inited   0x00006a     0x2  Task.o [1]
    .near.data       inited   0x00006c     0x2  Task.o [1]
    .near.data       inited   0x00006e     0x2  Task.o [1]
    .near.data       inited   0x000070     0x2  Task.o [1]
    .near.data       inited   0x000072     0x2  Task.o [1]
    .near.data       inited   0x000074     0x2  Task.o [1]
                            - 0x000076    0x66

"P2", part 2 of 2:                      0x15f7
  .near.bss          zero     0x000076   0xb4b  ApiPocCmd.o [1]
  .near.bss          zero     0x000bc1   0x3a6  DrvGD83.o [1]
  .near.bss          zero     0x000f67   0x200  ApiDisplay.o [1]
  .near.bss          zero     0x001167   0x1c3  ApiGpsCmd.o [1]
  .near.bss          zero     0x00132a    0x92  ApiAtCmd.o [1]
  .near.bss          zero     0x0013bc    0x50  ApiPocCmd.o [1]
  .near.bss          zero     0x00140c    0x4b  ApiBeidou.o [1]
  .near.bss          zero     0x001457    0x44  uart3.o [1]
  .near.bss          zero     0x00149b    0x40  ApiDisplay.o [1]
  .near.bss          zero     0x0014db    0x2d  ApiPocCmd.o [1]
  .near.bss          zero     0x001508    0x19  ApiPocCmd.o [1]
  .near.bss          zero     0x001521    0x19  ApiPocCmd.o [1]
  .near.bss          zero     0x00153a    0x19  ApiPocCmd.o [1]
  .near.bss          zero     0x001553    0x19  ApiPocCmd.o [1]
  .near.bss          zero     0x00156c    0x16  ApiPocCmd.o [1]
  .near.bss          zero     0x001582    0x14  System.o [1]
  .near.bss          zero     0x001596    0x12  Beep.o [1]
  .near.bss          zero     0x0015a8    0x12  Tone.o [1]
  .near.bss          zero     0x0015ba     0xb  ApiPocCmd.o [1]
  .near.bss          zero     0x0015c5     0xb  Delay.o [1]
  .near.bss          zero     0x0015d0     0x6  ApiBeidou.o [1]
  .near.bss          zero     0x0015d6     0x6  Voice.o [1]
  .near.bss          zero     0x0015dc     0x4  uart3.o [1]
  .near.bss          zero     0x0015e0     0x2  ApiDisplay.o [1]
  .near.bss          zero     0x0015e2     0x2  Delay.o [1]
  .near.bss          zero     0x0015e4     0x2  Delay.o [1]
  .near.bss          zero     0x0015e6     0x2  Delay.o [1]
  .near.bss          zero     0x0015e8     0x2  DrvHTG12832.o [1]
  .near.bss          zero     0x0015ea     0x1  ADC.o [1]
  .near.bss          zero     0x0015eb     0x1  ADC.o [1]
  .near.bss          zero     0x0015ec     0x1  ADC.o [1]
  .near.bss          zero     0x0015ed     0x1  ADC.o [1]
  .near.bss          zero     0x0015ee     0x1  ADC.o [1]
  .near.bss          zero     0x0015ef     0x1  ADC.o [1]
  .near.bss          zero     0x0015f0     0x1  ADC.o [1]
  .near.bss          zero     0x0015f1     0x1  ApiAtCmd.o [1]
  .near.bss          zero     0x0015f2     0x1  ApiAtCmd.o [1]
  .near.bss          zero     0x0015f3     0x1  ApiAtCmd.o [1]
  .near.bss          zero     0x0015f4     0x1  ApiAtCmd.o [1]
  .near.bss          zero     0x0015f5     0x1  ApiAtCmd.o [1]
  .near.bss          zero     0x0015f6     0x1  ApiAtCmd.o [1]
  .near.bss          zero     0x0015f7     0x1  ApiAtCmd.o [1]
  .near.bss          zero     0x0015f8     0x1  ApiAtCmd.o [1]
  .near.bss          zero     0x0015f9     0x1  ApiAtCmd.o [1]
  .near.bss          zero     0x0015fa     0x1  ApiAtCmd.o [1]
  .near.bss          zero     0x0015fb     0x1  ApiAtCmd.o [1]
  .near.bss          zero     0x0015fc     0x1  ApiBeidou.o [1]
  .near.bss          zero     0x0015fd     0x1  ApiGpsCmd.o [1]
  .near.bss          zero     0x0015fe     0x1  ApiGpsCmd.o [1]
  .near.bss          zero     0x0015ff     0x1  ApiGpsCmd.o [1]
  .near.bss          zero     0x001600     0x1  ApiGpsCmd.o [1]
  .near.bss          zero     0x001601     0x1  ApiGpsCmd.o [1]
  .near.bss          zero     0x001602     0x1  ApiGpsCmd.o [1]
  .near.bss          zero     0x001603     0x1  ApiKeyboard.o [1]
  .near.bss          zero     0x001604     0x1  ApiKeyboard.o [1]
  .near.bss          zero     0x001605     0x1  ApiKeyboard.o [1]
  .near.bss          zero     0x001606     0x1  ApiKeyboard.o [1]
  .near.bss          zero     0x001607     0x1  ApiKeyboard.o [1]
  .near.bss          zero     0x001608     0x1  ApiKeyboard.o [1]
  .near.bss          zero     0x001609     0x1  ApiKeyboard.o [1]
  .near.bss          zero     0x00160a     0x1  ApiKeyboard.o [1]
  .near.bss          zero     0x00160b     0x1  ApiKeyboard.o [1]
  .near.bss          zero     0x00160c     0x1  ApiKeyboard.o [1]
  .near.bss          zero     0x00160d     0x1  ApiKeyboard.o [1]
  .near.bss          zero     0x00160e     0x1  ApiKeyboard.o [1]
  .near.bss          zero     0x00160f     0x1  ApiKeyboard.o [1]
  .near.bss          zero     0x001610     0x1  ApiKeyboard.o [1]
  .near.bss          zero     0x001611     0x1  ApiKeyboard.o [1]
  .near.bss          zero     0x001612     0x1  ApiKeyboard.o [1]
  .near.bss          zero     0x001613     0x1  ApiKeyboard.o [1]
  .near.bss          zero     0x001614     0x1  ApiKeyboard.o [1]
  .near.bss          zero     0x001615     0x1  ApiKeyboard.o [1]
  .near.bss          zero     0x001616     0x1  ApiKeyboard.o [1]
  .near.bss          zero     0x001617     0x1  ApiKeyboard.o [1]
  .near.bss          zero     0x001618     0x1  ApiKeyboard.o [1]
  .near.bss          zero     0x001619     0x1  ApiLED.o [1]
  .near.bss          zero     0x00161a     0x1  ApiMenu.o [1]
  .near.bss          zero     0x00161b     0x1  ApiMenu.o [1]
  .near.bss          zero     0x00161c     0x1  ApiMenu.o [1]
  .near.bss          zero     0x00161d     0x1  ApiMenu.o [1]
  .near.bss          zero     0x00161e     0x1  ApiMenu.o [1]
  .near.bss          zero     0x00161f     0x1  ApiMenu.o [1]
  .near.bss          zero     0x001620     0x1  ApiMenu.o [1]
  .near.bss          zero     0x001621     0x1  ApiMenu.o [1]
  .near.bss          zero     0x001622     0x1  ApiPocCmd.o [1]
  .near.bss          zero     0x001623     0x1  ApiPocCmd.o [1]
  .near.bss          zero     0x001624     0x1  ApiPocCmd.o [1]
  .near.bss          zero     0x001625     0x1  ApiPocCmd.o [1]
  .near.bss          zero     0x001626     0x1  ApiPocCmd.o [1]
  .near.bss          zero     0x001627     0x1  ApiPocCmd.o [1]
  .near.bss          zero     0x001628     0x1  ApiPocCmd.o [1]
  .near.bss          zero     0x001629     0x1  ApiPocCmd.o [1]
  .near.bss          zero     0x00162a     0x1  ApiPocCmd.o [1]
  .near.bss          zero     0x00162b     0x1  ApiPocCmd.o [1]
  .near.bss          zero     0x00162c     0x1  ApiPocCmd.o [1]
  .near.bss          zero     0x00162d     0x1  ApiPocCmd.o [1]
  .near.bss          zero     0x00162e     0x1  ApiPocCmd.o [1]
  .near.bss          zero     0x00162f     0x1  ApiPocCmd.o [1]
  .near.bss          zero     0x001630     0x1  ApiPocCmd.o [1]
  .near.bss          zero     0x001631     0x1  ApiPocCmd.o [1]
  .near.bss          zero     0x001632     0x1  ApiPocCmd.o [1]
  .near.bss          zero     0x001633     0x1  ApiPocCmd.o [1]
  .near.bss          zero     0x001634     0x1  ApiPocCmd.o [1]
  .near.bss          zero     0x001635     0x1  ApiPocCmd.o [1]
  .near.bss          zero     0x001636     0x1  ApiPocCmd.o [1]
  .near.bss          zero     0x001637     0x1  ApiPocCmd.o [1]
  .near.bss          zero     0x001638     0x1  ApiPocCmd.o [1]
  .near.bss          zero     0x001639     0x1  Delay.o [1]
  .near.bss          zero     0x00163a     0x1  Delay.o [1]
  .near.bss          zero     0x00163b     0x1  Delay.o [1]
  .near.bss          zero     0x00163c     0x1  Delay.o [1]
  .near.bss          zero     0x00163d     0x1  Delay.o [1]
  .near.bss          zero     0x00163e     0x1  Delay.o [1]
  .near.bss          zero     0x00163f     0x1  Delay.o [1]
  .near.bss          zero     0x001640     0x1  Delay.o [1]
  .near.bss          zero     0x001641     0x1  Delay.o [1]
  .near.bss          zero     0x001642     0x1  Delay.o [1]
  .near.bss          zero     0x001643     0x1  Delay.o [1]
  .near.bss          zero     0x001644     0x1  Delay.o [1]
  .near.bss          zero     0x001645     0x1  Delay.o [1]
  .near.bss          zero     0x001646     0x1  Delay.o [1]
  .near.bss          zero     0x001647     0x1  Delay.o [1]
  .near.bss          zero     0x001648     0x1  Delay.o [1]
  .near.bss          zero     0x001649     0x1  Delay.o [1]
  .near.bss          zero     0x00164a     0x1  Delay.o [1]
  .near.bss          zero     0x00164b     0x1  Delay.o [1]
  .near.bss          zero     0x00164c     0x1  Delay.o [1]
  .near.bss          zero     0x00164d     0x1  Delay.o [1]
  .near.bss          zero     0x00164e     0x1  Delay.o [1]
  .near.bss          zero     0x00164f     0x1  Delay.o [1]
  .near.bss          zero     0x001650     0x1  Delay.o [1]
  .near.bss          zero     0x001651     0x1  Delay.o [1]
  .near.bss          zero     0x001652     0x1  Delay.o [1]
  .near.bss          zero     0x001653     0x1  Delay.o [1]
  .near.bss          zero     0x001654     0x1  Delay.o [1]
  .near.bss          zero     0x001655     0x1  Delay.o [1]
  .near.bss          zero     0x001656     0x1  Delay.o [1]
  .near.bss          zero     0x001657     0x1  Delay.o [1]
  .near.bss          zero     0x001658     0x1  DrvGD83.o [1]
  .near.bss          zero     0x001659     0x1  Task.o [1]
  .near.bss          zero     0x00165a     0x1  Task.o [1]
  .near.bss          zero     0x00165b     0x1  Task.o [1]
  .near.bss          zero     0x00165c     0x1  Task.o [1]
  .near.bss          zero     0x00165d     0x1  Task.o [1]
  .near.bss          zero     0x00165e     0x1  Task.o [1]
  .near.bss          zero     0x00165f     0x1  Task.o [1]
  .near.bss          zero     0x001660     0x1  Task.o [1]
  .near.bss          zero     0x001661     0x1  Task.o [1]
  .near.bss          zero     0x001662     0x1  Task.o [1]
  .near.bss          zero     0x001663     0x1  Task.o [1]
  .near.bss          zero     0x001664     0x1  Task.o [1]
  .near.bss          zero     0x001665     0x1  Task.o [1]
  .near.bss          zero     0x001666     0x1  Task.o [1]
  .near.bss          zero     0x001667     0x1  Task.o [1]
  .near.bss          zero     0x001668     0x1  Task.o [1]
  .near.bss          zero     0x001669     0x1  Task.o [1]
  .near.bss          zero     0x00166a     0x1  Task.o [1]
  .near.bss          zero     0x00166b     0x1  Task.o [1]
  .near.bss          zero     0x00166c     0x1  uart3.o [1]
                            - 0x00166d  0x15f7

"A2":                                    0x100
  CSTACK                      0x001700   0x100  <Block>
    CSTACK           uninit   0x001700   0x100  <Block tail>
                            - 0x001800   0x100

"A3":                                     0x80
  INTVEC                      0x008000    0x80  <Block>
    .intvec          const    0x008000    0x80  interrupt.o [5]
                            - 0x008080    0x80

"P3":                                   0x2c6f
  .near.rodata       const    0x008080  0x1b00  GT20L16P1Y_D.o [1]
  .near.rodata       const    0x009b80   0x400  ApiDisplay.o [1]
  .near.rodata       const    0x009f80   0x1b0  GT20L16P1Y_D.o [1]
  .near.rodata       const    0x00a130   0x1b0  GT20L16P1Y_D.o [1]
  Initializer bytes  const    0x00a2e0    0x66  <for P2-1>
  .near_func.text    const    0x00a346    0x40  ApiDisplay.o [1]
  .near.rodata       const    0x00a386    0x3e  GT20L16P1Y.o [3]
  .near.rodata       const    0x00a3c4    0x3b  Task.o [1]
  .near.rodata       const    0x00a3ff    0x31  Task.o [1]
  .near.rodata       const    0x00a430    0x2d  Task.o [1]
  .near.rodata       const    0x00a45d    0x2a  Task.o [1]
  .near.rodata       const    0x00a487    0x25  Delay.o [1]
  .near.rodata       const    0x00a4ac    0x25  Task.o [1]
  .near.rodata       const    0x00a4d1    0x25  Task.o [1]
  .iar.init_table    const    0x00a4f6    0x14  - Linker created -
  .near.rodata       const    0x00a50a    0x20  KeyCmd.o [1]
  .near.rodata       const    0x00a52a    0x1d  ADC.o [1]
  .near.rodata       const    0x00a547    0x1d  ADC.o [1]
  .near.rodata       const    0x00a564    0x1d  ADC.o [1]
  .near.rodata       const    0x00a581    0x1d  ADC.o [1]
  .near.rodata       const    0x00a59e    0x1d  ApiKeyboard.o [1]
  .near.rodata       const    0x00a5bb    0x1d  Task.o [1]
  .near.rodata       const    0x00a5d8    0x19  ADC.o [1]
  .near.rodata       const    0x00a5f1    0x18  Task.o [1]
  .near.rodata       const    0x00a609    0x15  ADC.o [1]
  .near.rodata       const    0x00a61e    0x15  ApiKeyboard.o [1]
  .near.rodata       const    0x00a633    0x15  Delay.o [1]
  .near.rodata       const    0x00a648    0x15  Task.o [1]
  .near.rodata       const    0x00a65d    0x13  Task.o [1]
  .near.rodata       const    0x00a670    0x13  Task.o [1]
  .near.rodata       const    0x00a683    0x12  KeyCmd.o [1]
  .near.rodata       const    0x00a695    0x12  Task.o [1]
  .near.rodata       const    0x00a6a7    0x11  ApiAtCmd.o [1]
  .near.rodata       const    0x00a6b8    0x11  ApiAtCmd.o [1]
  .near.rodata       const    0x00a6c9    0x11  ApiAtCmd.o [1]
  .near.rodata       const    0x00a6da    0x11  ApiKeyboard.o [1]
  .near.rodata       const    0x00a6eb    0x11  ApiKeyboard.o [1]
  .near.rodata       const    0x00a6fc    0x11  ApiKeyboard.o [1]
  .near.rodata       const    0x00a70d    0x11  ApiKeyboard.o [1]
  .near.rodata       const    0x00a71e    0x11  ApiKeyboard.o [1]
  .near.rodata       const    0x00a72f    0x11  ApiKeyboard.o [1]
  .near.rodata       const    0x00a740    0x11  ApiMenu.o [1]
  .near.rodata       const    0x00a751    0x11  ApiMenu.o [1]
  .near.rodata       const    0x00a762    0x11  ApiMenu.o [1]
  .near.rodata       const    0x00a773    0x11  ApiMenu.o [1]
  .near.rodata       const    0x00a784    0x11  ApiMenu.o [1]
  .near.rodata       const    0x00a795    0x11  ApiMenu.o [1]
  .near.rodata       const    0x00a7a6    0x11  ApiMenu.o [1]
  .near.rodata       const    0x00a7b7    0x11  ApiMenu.o [1]
  .near.rodata       const    0x00a7c8    0x11  ApiMenu.o [1]
  .near.rodata       const    0x00a7d9    0x11  ApiMenu.o [1]
  .near.rodata       const    0x00a7ea    0x11  ApiMenu.o [1]
  .near.rodata       const    0x00a7fb    0x11  ApiMenu.o [1]
  .near.rodata       const    0x00a80c    0x11  ApiMenu.o [1]
  .near.rodata       const    0x00a81d    0x11  ApiMenu.o [1]
  .near.rodata       const    0x00a82e    0x11  ApiMenu.o [1]
  .near.rodata       const    0x00a83f    0x11  ApiMenu.o [1]
  .near.rodata       const    0x00a850    0x11  ApiMenu.o [1]
  .near.rodata       const    0x00a861    0x11  ApiMenu.o [1]
  .near.rodata       const    0x00a872    0x11  ApiMenu.o [1]
  .near.rodata       const    0x00a883    0x11  ApiMenu.o [1]
  .near.rodata       const    0x00a894    0x11  ApiMenu.o [1]
  .near.rodata       const    0x00a8a5    0x11  ApiMenu.o [1]
  .near.rodata       const    0x00a8b6    0x11  CommonLib.o [1]
  .near.rodata       const    0x00a8c7    0x11  Delay.o [1]
  .near.rodata       const    0x00a8d8    0x11  Delay.o [1]
  .near.rodata       const    0x00a8e9    0x11  KeyCmd.o [1]
  .near.rodata       const    0x00a8fa    0x11  System.o [1]
  .near.rodata       const    0x00a90b    0x11  Task.o [1]
  .near.rodata       const    0x00a91c    0x11  Task.o [1]
  .near.rodata       const    0x00a92d    0x11  Task.o [1]
  .near.rodata       const    0x00a93e    0x11  Task.o [1]
  .near.rodata       const    0x00a94f    0x11  Task.o [1]
  .near.rodata       const    0x00a960    0x11  Task.o [1]
  .near.rodata       const    0x00a971    0x11  Task.o [1]
  .near.rodata       const    0x00a982    0x11  Task.o [1]
  .near.rodata       const    0x00a993    0x11  Task.o [1]
  .near.rodata       const    0x00a9a4    0x11  Task.o [1]
  .near.rodata       const    0x00a9b5    0x10  ApiAtCmd.o [1]
  .near.rodata       const    0x00a9c5    0x10  ApiAtCmd.o [1]
  .near.rodata       const    0x00a9d5    0x10  ApiDisplay.o [1]
  .near.rodata       const    0x00a9e5    0x10  ApiDisplay.o [1]
  .near.rodata       const    0x00a9f5    0x10  ApiMenu.o [1]
  .near.rodata       const    0x00aa05    0x10  ApiMenu.o [1]
  .near.rodata       const    0x00aa15    0x10  ApiMenu.o [1]
  .near.rodata       const    0x00aa25    0x10  ApiMenu.o [1]
  .near.rodata       const    0x00aa35    0x10  uart3.o [1]
  .near.rodata       const    0x00aa45     0xf  ApiAtCmd.o [1]
  .near.rodata       const    0x00aa54     0xf  ApiKeyboard.o [1]
  .near.rodata       const    0x00aa63     0xf  ApiKeyboard.o [1]
  .near.rodata       const    0x00aa72     0xf  ApiKeyboard.o [1]
  .near.rodata       const    0x00aa81     0xf  Delay.o [1]
  .near.rodata       const    0x00aa90     0xf  Task.o [1]
  .near.rodata       const    0x00aa9f     0xf  Task.o [1]
  .near.rodata       const    0x00aaae     0xe  ApiAtCmd.o [1]
  .near.rodata       const    0x00aabc     0xe  ApiAtCmd.o [1]
  .near.rodata       const    0x00aaca     0xe  ApiAtCmd.o [1]
  .near.rodata       const    0x00aad8     0xe  Task.o [1]
  .near.rodata       const    0x00aae6     0xe  Task.o [1]
  .near.rodata       const    0x00aaf4     0xd  ApiKeyboard.o [1]
  .near.rodata       const    0x00ab01     0xd  ApiKeyboard.o [1]
  .near.rodata       const    0x00ab0e     0xd  ApiPocCmd.o [1]
  .near.rodata       const    0x00ab1b     0xd  ApiPocCmd.o [1]
  .near.rodata       const    0x00ab28     0xd  Delay.o [1]
  .near.rodata       const    0x00ab35     0xd  Delay.o [1]
  .near.rodata       const    0x00ab42     0xd  Task.o [1]
  .near.rodata       const    0x00ab4f     0xd  Task.o [1]
  .near.rodata       const    0x00ab5c     0xc  ApiAtCmd.o [1]
  .near.rodata       const    0x00ab68     0xc  Delay.o [1]
  .near.rodata       const    0x00ab74     0xb  ApiAtCmd.o [1]
  .near.rodata       const    0x00ab7f     0xb  ApiAtCmd.o [1]
  .near.rodata       const    0x00ab8a     0xb  ApiKeyboard.o [1]
  .near.rodata       const    0x00ab95     0xb  Delay.o [1]
  .near.rodata       const    0x00aba0     0xb  Task.o [1]
  .near.rodata       const    0x00abab     0xa  ApiAtCmd.o [1]
  .near.rodata       const    0x00abb5     0xa  ApiAtCmd.o [1]
  .near.rodata       const    0x00abbf     0xa  ApiAtCmd.o [1]
  .near.rodata       const    0x00abc9     0xa  Delay.o [1]
  .near.rodata       const    0x00abd3     0xa  Task.o [1]
  .near.rodata       const    0x00abdd     0x9  ApiAtCmd.o [1]
  .near.rodata       const    0x00abe6     0x9  ApiAtCmd.o [1]
  .near.rodata       const    0x00abef     0x9  ApiAtCmd.o [1]
  .near.rodata       const    0x00abf8     0x9  ApiAtCmd.o [1]
  .near.rodata       const    0x00ac01     0x9  ApiAtCmd.o [1]
  .near.rodata       const    0x00ac0a     0x9  ApiAtCmd.o [1]
  .near.rodata       const    0x00ac13     0x9  ApiKeyboard.o [1]
  .near.rodata       const    0x00ac1c     0x9  ApiKeyboard.o [1]
  .near.rodata       const    0x00ac25     0x9  DrvGD83.o [1]
  .near.rodata       const    0x00ac2e     0x9  Task.o [1]
  .near.rodata       const    0x00ac37     0x8  ApiAtCmd.o [1]
  .near.rodata       const    0x00ac3f     0x8  ApiAtCmd.o [1]
  .near.rodata       const    0x00ac47     0x8  ApiDisplay.o [1]
  .near.rodata       const    0x00ac4f     0x8  ApiPocCmd.o [1]
  .near.rodata       const    0x00ac57     0x8  Task.o [1]
  .near.rodata       const    0x00ac5f     0x7  ApiAtCmd.o [1]
  .near.rodata       const    0x00ac66     0x7  ApiPocCmd.o [1]
  .near.rodata       const    0x00ac6d     0x7  DrvGD83.o [1]
  .near.rodata       const    0x00ac74     0x7  Task.o [1]
  .near.rodata       const    0x00ac7b     0x7  Task.o [1]
  .near.rodata       const    0x00ac82     0x6  Delay.o [1]
  .near.rodata       const    0x00ac88     0x6  DrvGD83.o [1]
  .near.rodata       const    0x00ac8e     0x6  System.o [1]
  .near.rodata       const    0x00ac94     0x5  ApiAtCmd.o [1]
  .near.rodata       const    0x00ac99     0x5  ApiPocCmd.o [1]
  .near.rodata       const    0x00ac9e     0x4  ApiMenu.o [1]
  .near.rodata       const    0x00aca2     0x4  ApiMenu.o [1]
  .near.rodata       const    0x00aca6     0x4  ApiMenu.o [1]
  .near.rodata       const    0x00acaa     0x4  ApiMenu.o [1]
  .near.rodata       const    0x00acae     0x4  ApiMenu.o [1]
  .near.rodata       const    0x00acb2     0x4  ApiMenu.o [1]
  .near.rodata       const    0x00acb6     0x4  ApiMenu.o [1]
  .near.rodata       const    0x00acba     0x4  ApiMenu.o [1]
  .near.rodata       const    0x00acbe     0x4  ApiMenu.o [1]
  .near.rodata       const    0x00acc2     0x4  ApiMenu.o [1]
  .near.rodata       const    0x00acc6     0x4  ApiMenu.o [1]
  .near.rodata       const    0x00acca     0x4  ApiMenu.o [1]
  .near.rodata       const    0x00acce     0x4  ApiMenu.o [1]
  .near.rodata       const    0x00acd2     0x4  ApiMenu.o [1]
  .near.rodata       const    0x00acd6     0x4  ApiMenu.o [1]
  .near.rodata       const    0x00acda     0x4  stm8s_clk.o [1]
  .near.rodata       const    0x00acde     0x4  uart3.o [1]
  .near.rodata       const    0x00ace2     0x4  uart3.o [1]
  .near.rodata       const    0x00ace6     0x3  DrvGD83.o [1]
  .near.rodata       const    0x00ace9     0x3  uart3.o [1]
  .near.rodata       const    0x00acec     0x3  uart3.o [1]
                            - 0x00acef  0x2c6f

"P4", part 1 of 2:                      0x4612
  .far_func.text     ro code  0x00acef   0xcff  ApiKeyboard.o [1]
  .far_func.text     ro code  0x00b9ee   0x8e9  Delay.o [1]
  .far_func.text     ro code  0x00c2d7   0x823  DrvGD83.o [1]
  .far_func.text     ro code  0x00cafa   0x75f  Task.o [1]
  .far_func.text     ro code  0x00d259   0x542  ApiPocCmd.o [1]
  .far_func.text     ro code  0x00d79b   0x4f3  ApiGpsCmd.o [1]
  .far_func.text     ro code  0x00dc8e   0x38c  ApiMenu.o [1]
  .far_func.text     ro code  0x00e01a   0x30f  Beep.o [1]
  .far_func.text     ro code  0x00e329   0x2d4  ApiAtCmd.o [1]
  .far_func.text     ro code  0x00e5fd   0x2cd  GT20L16P1Y.o [3]
  .far_func.text     ro code  0x00e8ca   0x2c0  ApiGpsCmd.o [1]
  .far_func.text     ro code  0x00eb8a   0x2a3  ApiAtCmd.o [1]
  .far_func.text     ro code  0x00ee2d   0x256  ADC.o [1]
  .far_func.text     ro code  0x00f083    0x13  ApiPocCmd.o [1]
  .far_func.text     ro code  0x00f096    0x13  stm8s_adc2.o [1]
  .far_func.text     ro code  0x00f0a9    0x13  stm8s_clk.o [1]
  .far_func.text     ro code  0x00f0bc    0x13  stm8s_tim3.o [1]
  .far_func.text     ro code  0x00f0cf    0x12  ApiPocCmd.o [1]
  .far_func.text     ro code  0x00f0e1    0x12  ApiPocCmd.o [1]
  .far_func.text     ro code  0x00f0f3    0x12  uart3.o [1]
  .far_func.text     ro code  0x00f105    0x12  strlen.o [5]
  .far_func.text     ro code  0x00f117    0x10  uart3.o [1]
  .far_func.text     ro code  0x00f127     0xf  Voice.o [1]
  .far_func.text     ro code  0x00f136     0xe  ApiPocCmd.o [1]
  .far_func.text     ro code  0x00f144     0xe  KeyCmd.o [1]
  .far_func.text     ro code  0x00f152     0xe  far_util.o [5]
  .far_func.text     ro code  0x00f160     0xd  McuConfig.o [1]
  .far_func.text     ro code  0x00f16d     0xd  McuConfig.o [1]
  .far_func.text     ro code  0x00f17a     0xd  McuConfig.o [1]
  .far_func.text     ro code  0x00f187     0xd  McuConfig.o [1]
  .far_func.text     ro code  0x00f194     0xd  stm8s_adc2.o [1]
  .far_func.text     ro code  0x00f1a1     0xd  stm8s_tim1.o [1]
  .far_func.text     ro code  0x00f1ae     0xd  stm8s_tim1.o [1]
  .far_func.text     ro code  0x00f1bb     0xd  stm8s_tim1.o [1]
  .far_func.text     ro code  0x00f1c8     0xd  stm8s_tim3.o [1]
  .far_func.text     ro code  0x00f1d5     0xd  stm8s_tim3.o [1]
  .far_func.text     ro code  0x00f1e2     0xd  stm8s_uart1.o [1]
  .far_func.text     ro code  0x00f1ef     0xd  stm8s_uart3.o [1]
  .far_func.text     ro code  0x00f1fc     0xc  stm8s_tim3.o [1]
  .far_func.text     ro code  0x00f208     0xb  ApiPocCmd.o [1]
  .far_func.text     ro code  0x00f213     0xb  stm8s_flash.o [1]
  .far_func.text     ro code  0x00f21e     0xa  ApiAtCmd.o [1]
  .far_func.text     ro code  0x00f228     0x9  stm8s_gpio.o [1]
  .far_func.text     ro code  0x00f231     0x9  stm8s_tim3.o [1]
  .far_func.text     ro code  0x00f23a     0x7  ApiAtCmd.o [1]
  .far_func.text     ro code  0x00f241     0x7  ApiAtCmd.o [1]
  .far_func.text     ro code  0x00f248     0x7  ApiPocCmd.o [1]
  .far_func.text     ro code  0x00f24f     0x7  stm8s_flash.o [1]
  .far_func.text     ro code  0x00f256     0x7  stm8s_gpio.o [1]
  .far_func.text     ro code  0x00f25d     0x6  char.o [5]
  .far_func.text     ro code  0x00f263     0x6  cexit.o [5]
  .far_func.text     ro code  0x00f269     0x5  stm8s_adc2.o [1]
  .far_func.text     ro code  0x00f26e     0x5  stm8s_flash.o [1]
  .far_func.text     ro code  0x00f273     0x5  stm8s_flash.o [1]
  .far_func.text     ro code  0x00f278     0x5  stm8s_tim3.o [1]
  .far_func.text     ro code  0x00f27d     0x4  ApiAtCmd.o [1]
  .far_func.text     ro code  0x00f281     0x4  ApiAtCmd.o [1]
  .far_func.text     ro code  0x00f285     0x4  ApiAtCmd.o [1]
  .far_func.text     ro code  0x00f289     0x4  ApiAtCmd.o [1]
  .far_func.text     ro code  0x00f28d     0x4  ApiAtCmd.o [1]
  .far_func.text     ro code  0x00f291     0x4  ApiAtCmd.o [1]
  .far_func.text     ro code  0x00f295     0x4  ApiAtCmd.o [1]
  .far_func.text     ro code  0x00f299     0x4  ApiAtCmd.o [1]
  .far_func.text     ro code  0x00f29d     0x4  ApiAtCmd.o [1]
  .far_func.text     ro code  0x00f2a1     0x4  ApiGpsCmd.o [1]
  .far_func.text     ro code  0x00f2a5     0x4  ApiGpsCmd.o [1]
  .far_func.text     ro code  0x00f2a9     0x4  ApiGpsCmd.o [1]
  .far_func.text     ro code  0x00f2ad     0x4  ApiPocCmd.o [1]
  .far_func.text     ro code  0x00f2b1     0x4  ApiPocCmd.o [1]
  .far_func.text     ro code  0x00f2b5     0x4  ApiPocCmd.o [1]
  .far_func.text     ro code  0x00f2b9     0x4  ApiPocCmd.o [1]
  .far_func.text     ro code  0x00f2bd     0x4  stm8s_gpio.o [1]
  .far_func.text     ro code  0x00f2c1     0x4  stm8s_uart1.o [1]
  .far_func.text     ro code  0x00f2c5     0x4  stm8s_uart1.o [1]
  .far_func.text     ro code  0x00f2c9     0x4  stm8s_uart3.o [1]
  .far_func.text     ro code  0x00f2cd     0x4  stm8s_uart3.o [1]
  .far_func.text     ro code  0x00f2d1     0x4  System.o [1]
  .far_func.text     ro code  0x00f2d5     0x4  System.o [1]
  .far_func.text     ro code  0x00f2d9     0x4  Task.o [1]
  .far_func.text     ro code  0x00f2dd     0x4  interrupt.o [5]
  .far_func.text     ro code  0x00f2e1     0x4  exit.o [5]
  .far_func.text     ro code  0x00f2e5     0x3  low_level_init.o [5]
  .far_func.text     ro code  0x00f2e8     0x3  unhandled_exception.o [5]
  .far_func.text     ro code  0x00f2eb     0x1  stm8s_it.o [1]
  .far_func.text     ro code  0x00f2ec     0x1  stm8s_it.o [1]
  .far_func.text     ro code  0x00f2ed     0x1  stm8s_it.o [1]
  .far_func.text     ro code  0x00f2ee     0x1  stm8s_it.o [1]
  .far_func.text     ro code  0x00f2ef     0x1  stm8s_it.o [1]
  .far_func.text     ro code  0x00f2f0     0x1  stm8s_it.o [1]
  .far_func.text     ro code  0x00f2f1     0x1  stm8s_it.o [1]
  .far_func.text     ro code  0x00f2f2     0x1  stm8s_it.o [1]
  .far_func.text     ro code  0x00f2f3     0x1  stm8s_it.o [1]
  .far_func.text     ro code  0x00f2f4     0x1  stm8s_it.o [1]
  .far_func.text     ro code  0x00f2f5     0x1  stm8s_it.o [1]
  .far_func.text     ro code  0x00f2f6     0x1  stm8s_it.o [1]
  .far_func.text     ro code  0x00f2f7     0x1  stm8s_it.o [1]
  .far_func.text     ro code  0x00f2f8     0x1  stm8s_it.o [1]
  .far_func.text     ro code  0x00f2f9     0x1  stm8s_it.o [1]
  .far_func.text     ro code  0x00f2fa     0x1  stm8s_it.o [1]
  .far_func.text     ro code  0x00f2fb     0x1  stm8s_it.o [1]
  .far_func.text     ro code  0x00f2fc     0x1  stm8s_it.o [1]
  .far_func.text     ro code  0x00f2fd     0x1  stm8s_it.o [1]
  .far_func.text     ro code  0x00f2fe     0x1  stm8s_it.o [1]
  .far_func.text     ro code  0x00f2ff     0x1  stm8s_it.o [1]
  .far_func.text     ro code  0x00f300     0x1  __dbg_break.o [4]
                            - 0x00f301  0x4612

"P4", part 2 of 2:                      0x6668
  .far_func.text     ro code  0x010000   0x252  DrvHTG12832.o [1]
  .far_func.text     ro code  0x010252   0x251  GT20L16P1Y.o [3]
  .far_func.text     ro code  0x0104a3   0x24d  ApiGpsCmd.o [1]
  .far_func.text     ro code  0x0106f0   0x248  Task.o [1]
  .far_func.text     ro code  0x010938   0x235  ApiPocCmd.o [1]
  .far_func.text     ro code  0x010b6d   0x230  ApiGpsCmd.o [1]
  .far_func.text     ro code  0x010d9d   0x22c  Config.o [1]
  .far_func.text     ro code  0x010fc9   0x214  ApiPocCmd.o [1]
  .far_func.text     ro code  0x0111dd   0x211  DrvKeyboard.o [1]
  .far_func.text     ro code  0x0113ee   0x209  ApiPocCmd.o [1]
  .far_func.text     ro code  0x0115f7   0x1b2  uart3.o [1]
  .far_func.text     ro code  0x0117a9   0x1b0  Task.o [1]
  .far_func.text     ro code  0x011959   0x1ac  long.o [5]
  .far_func.text     ro code  0x011b05   0x190  ApiAtCmd.o [1]
  .far_func.text     ro code  0x011c95   0x189  ApiPocCmd.o [1]
  .far_func.text     ro code  0x011e1e   0x185  GT20L16P1Y.o [3]
  .far_func.text     ro code  0x011fa3   0x184  ApiPocCmd.o [1]
  .far_func.text     ro code  0x012127   0x173  ApiMenu.o [1]
  .far_func.text     ro code  0x01229a   0x173  ApiPocCmd.o [1]
  .far_func.text     ro code  0x01240d   0x165  ApiGpsCmd.o [1]
  .far_func.text     ro code  0x012572   0x15c  vreg_util.o [5]
  .far_func.text     ro code  0x0126ce   0x159  stm8s_uart1.o [1]
  .far_func.text     ro code  0x012827   0x153  ApiAtCmd.o [1]
  .far_func.text     ro code  0x01297a   0x148  DrvKeyboard.o [1]
  .far_func.text     ro code  0x012ac2   0x13f  DrvKeyboard.o [1]
  .far_func.text     ro code  0x012c01   0x13b  ApiMenu.o [1]
  .far_func.text     ro code  0x012d3c   0x13b  DrvGT20L16S1Y.o [1]
  .far_func.text     ro code  0x012e77   0x134  CommonLib.o [1]
  .far_func.text     ro code  0x012fab   0x134  DrvGT20L16S1Y.o [1]
  .far_func.text     ro code  0x0130df   0x12a  stm8s_uart3.o [1]
  .far_func.text     ro code  0x013209   0x114  ApiAtCmd.o [1]
  .far_func.text     ro code  0x01331d   0x103  stm8s_itc.o [1]
  .far_func.text     ro code  0x013420   0x103  System.o [1]
  .far_func.text     ro code  0x013523    0xfa  CommonLib.o [1]
  .far_func.text     ro code  0x01361d    0xf3  uart3.o [1]
  .far_func.text     ro code  0x013710    0xeb  DrvGD83.o [1]
  .far_func.text     ro code  0x0137fb    0xe9  uart3.o [1]
  .far_func.text     ro code  0x0138e4    0xe5  ApiKeyboard.o [1]
  .far_func.text     ro code  0x0139c9    0xdf  uart3.o [1]
  .far_func.text     ro code  0x013aa8    0xd9  ApiDisplay.o [1]
  .far_func.text     ro code  0x013b81    0xd8  ApiPocCmd.o [1]
  .far_func.text     ro code  0x013c59    0xc8  ApiDisplay.o [1]
  .far_func.text     ro code  0x013d21    0xc0  ApiDisplay.o [1]
  .far_func.text     ro code  0x013de1    0xba  uart3.o [1]
  .far_func.text     ro code  0x013e9b    0xb6  stm8s_uart3.o [1]
  .far_func.text     ro code  0x013f51    0xb2  CommonLib.o [1]
  .far_func.text     ro code  0x014003    0xb0  ApiDisplay.o [1]
  .far_func.text     ro code  0x0140b3    0xaf  stm8s_gpio.o [1]
  .far_func.text     ro code  0x014162    0xae  ApiAtCmd.o [1]
  .far_func.text     ro code  0x014210    0xad  uart3.o [1]
  .far_func.text     ro code  0x0142bd    0xa3  Delay.o [1]
  .far_func.text     ro code  0x014360    0xa2  stm8s_clk.o [1]
  .far_func.text     ro code  0x014402    0x9c  ApiAtCmd.o [1]
  .far_func.text     ro code  0x01449e    0x99  stm8s_tim1.o [1]
  .far_func.text     ro code  0x014537    0x97  ApiDisplay.o [1]
  .far_func.text     ro code  0x0145ce    0x96  CommonLib.o [1]
  .far_func.text     ro code  0x014664    0x96  DrvKeyboard.o [1]
  .far_func.text     ro code  0x0146fa    0x95  ApiLED.o [1]
  .far_func.text     ro code  0x01478f    0x95  uart3.o [1]
  .far_func.text     ro code  0x014824    0x92  stm8s_uart1.o [1]
  .far_func.text     ro code  0x0148b6    0x8f  uart3.o [1]
  .far_func.text     ro code  0x014945    0x8d  stm8s_uart3.o [1]
  .far_func.text     ro code  0x0149d2    0x88  ApiDisplay.o [1]
  .far_func.text     ro code  0x014a5a    0x85  ApiPocCmd.o [1]
  .far_func.text     ro code  0x014adf    0x82  stm8s_adc2.o [1]
  .far_func.text     ro code  0x014b61    0x80  DrvGD83.o [1]
  .far_func.text     ro code  0x014be1    0x73  ApiAtCmd.o [1]
  .far_func.text     ro code  0x014c54    0x73  Delay.o [1]
  .far_func.text     ro code  0x014cc7    0x72  DrvKeyboard.o [1]
  .far_func.text     ro code  0x014d39    0x71  Voice.o [1]
  .far_func.text     ro code  0x014daa    0x6e  uart3.o [1]
  .far_func.text     ro code  0x014e18    0x6d  stm8s_uart1.o [1]
  .far_func.text     ro code  0x014e85    0x6b  Tone.o [1]
  .far_func.text     ro code  0x014ef0    0x69  uart3.o [1]
  .far_func.text     ro code  0x014f59    0x67  ApiAtCmd.o [1]
  .far_func.text     ro code  0x014fc0    0x64  ApiDisplay.o [1]
  .far_func.text     ro code  0x015024    0x64  ApiGpsCmd.o [1]
  .far_func.text     ro code  0x015088    0x64  CommonLib.o [1]
  .far_func.text     ro code  0x0150ec    0x64  long_util.o [5]
  .far_func.text     ro code  0x015150    0x62  ApiPocCmd.o [1]
  .far_func.text     ro code  0x0151b2    0x61  ApiDisplay.o [1]
  .far_func.text     ro code  0x015213    0x61  KeyCmd.o [1]
  .far_func.text     ro code  0x015274    0x61  stm8s_tim1.o [1]
  .far_func.text     ro code  0x0152d5    0x5f  ADC.o [1]
  .far_func.text     ro code  0x015334    0x5e  CommonLib.o [1]
  .far_func.text     ro code  0x015392    0x5d  short.o [5]
  .far_func.text     ro code  0x0153ef    0x5c  GT20L16P1Y_D.o [1]
  .far_func.text     ro code  0x01544b    0x5c  uart3.o [1]
  .far_func.text     ro code  0x0154a7    0x58  stm8s_clk.o [1]
  .far_func.text     ro code  0x0154ff    0x58  dc_util.o [5]
  .far_func.text     ro code  0x015557    0x57  ApiDisplay.o [1]
  .far_func.text     ro code  0x0155ae    0x56  Tone.o [1]
  .far_func.text     ro code  0x015604    0x55  Delay.o [1]
  .far_func.text     ro code  0x015659    0x54  stm8s_adc2.o [1]
  .far_func.text     ro code  0x0156ad    0x52  uart3.o [1]
  .far_func.text     ro code  0x0156ff    0x50  Flash_eeprom.o [1]
  .far_func.text     ro code  0x01574f    0x4f  ApiDisplay.o [1]
  .far_func.text     ro code  0x01579e    0x4f  Flash_eeprom.o [1]
  .far_func.text     ro code  0x0157ed    0x4f  uart3.o [1]
  .far_func.text     ro code  0x01583c    0x4f  Voice.o [1]
  .far_func.text     ro code  0x01588b    0x4e  CommonLib.o [1]
  .far_func.text     ro code  0x0158d9    0x4e  System.o [1]
  .far_func.text     ro code  0x015927    0x4a  DrvGD83.o [1]
  .far_func.text     ro code  0x015971    0x4a  DrvGD83.o [1]
  .far_func.text     ro code  0x0159bb    0x4a  DrvGD83.o [1]
  .far_func.text     ro code  0x015a05    0x4a  DrvGD83.o [1]
  .far_func.text     ro code  0x015a4f    0x49  stm8s_uart3.o [1]
  .far_func.text     ro code  0x015a98    0x48  Flash_eeprom.o [1]
  .far_func.text     ro code  0x015ae0    0x48  GT20L16P1Y_D.o [1]
  .far_func.text     ro code  0x015b28    0x48  GT20L16P1Y_D.o [1]
  .far_func.text     ro code  0x015b70    0x47  GT20L16P1Y.o [3]
  .far_func.text     ro code  0x015bb7    0x45  Flash_eeprom.o [1]
  .far_func.text     ro code  0x015bfc    0x43  stm8s_tim1.o [1]
  .far_func.text     ro code  0x015c3f    0x40  Task.o [1]
  .far_func.text     ro code  0x015c7f    0x3e  Flash_eeprom.o [1]
  .far_func.text     ro code  0x015cbd    0x3d  DrvGD83.o [1]
  .far_func.text     ro code  0x015cfa    0x39  uart3.o [1]
  .far_func.text     ro code  0x015d33    0x38  Beep.o [1]
  .far_func.text     ro code  0x015d6b    0x38  DrvGT20L16S1Y.o [1]
  .far_func.text     ro code  0x015da3    0x36  ApiPocCmd.o [1]
  .far_func.text     ro code  0x015dd9    0x36  stm8s_flash.o [1]
  .far_func.text     ro code  0x015e0f    0x36  sysclock.o [1]
  .far_func.text     ro code  0x015e45    0x36  memcmp.o [5]
  .far_func.text     ro code  0x015e7b    0x34  McuConfig.o [1]
  .far_func.text     ro code  0x015eaf    0x32  stm8s_uart1.o [1]
  .far_func.text     ro code  0x015ee1    0x31  main.o [1]
  .far_func.text     ro code  0x015f12    0x30  stm8s_adc2.o [1]
  .far_func.text     ro code  0x015f42    0x2f  ApiDisplay.o [1]
  .far_func.text     ro code  0x015f71    0x2f  stm8s_adc2.o [1]
  .far_func.text     ro code  0x015fa0    0x2e  ApiDisplay.o [1]
  .far_func.text     ro code  0x015fce    0x2e  ApiDisplay.o [1]
  .far_func.text     ro code  0x015ffc    0x2e  ApiDisplay.o [1]
  .far_func.text     ro code  0x01602a    0x2e  ApiDisplay.o [1]
  .far_func.text     ro code  0x016058    0x2e  McuConfig.o [1]
  .far_func.text     ro code  0x016086    0x2d  ApiDisplay.o [1]
  .far_func.text     ro code  0x0160b3    0x2d  stm8s_uart1.o [1]
  .far_func.text     ro code  0x0160e0    0x2c  DrvGD83.o [1]
  .far_func.text     ro code  0x01610c    0x2b  sysclock.o [1]
  .far_func.text     ro code  0x016137    0x2b  Task.o [1]
  .far_func.text     ro code  0x016162    0x2a  ApiPocCmd.o [1]
  .far_func.text     ro code  0x01618c    0x29  Delay.o [1]
  .far_func.text     ro code  0x0161b5    0x29  McuConfig.o [1]
  .far_func.text     ro code  0x0161de    0x28  stm8s_flash.o [1]
  .far_func.text     ro code  0x016206    0x28  init_small.o [5]
  .far_func.text     ro code  0x01622e    0x27  ADC.o [1]
  .far_func.text     ro code  0x016255    0x27  McuConfig.o [1]
  .far_func.text     ro code  0x01627c    0x26  GT20L16P1Y_D.o [1]
  .far_func.text     ro code  0x0162a2    0x26  stm8s_it.o [1]
  .far_func.text     ro code  0x0162c8    0x26  Tone.o [1]
  .far_func.text     ro code  0x0162ee    0x26  memcpy.o [5]
  .far_func.text     ro code  0x016314    0x25  stm8s_flash.o [1]
  .far_func.text     ro code  0x016339    0x25  stm8s_uart3.o [1]
  .far_func.text     ro code  0x01635e    0x25  move.o [5]
  .far_func.text     ro code  0x016383    0x24  stm8s_tim1.o [1]
  .far_func.text     ro code  0x0163a7    0x22  ADC.o [1]
  .far_func.text     ro code  0x0163c9    0x21  ApiGpsCmd.o [1]
  .far_func.text     ro code  0x0163ea    0x21  Delay.o [1]
  .far_func.text     ro code  0x01640b    0x21  stm8s_adc2.o [1]
  .far_func.text     ro code  0x01642c    0x21  stm8s_it.o [1]
  .far_func.text     ro code  0x01644d    0x20  ApiPocCmd.o [1]
  .far_func.text     ro code  0x01646d    0x20  KeyCmd.o [1]
  .far_func.text     ro code  0x01648d    0x1f  sysclock.o [1]
  .far_func.text     ro code  0x0164ac    0x1e  init.o [5]
  .far_func.text     ro code  0x0164ca    0x1e  init_small.o [5]
  .far_func.text     ro code  0x0164e8    0x1c  Beep.o [1]
  .far_func.text     ro code  0x016504    0x1c  Delay.o [1]
  .far_func.text     ro code  0x016520    0x1b  stm8s_it.o [1]
  .far_func.text     ro code  0x01653b    0x19  McuConfig.o [1]
  .far_func.text     ro code  0x016554    0x19  McuConfig.o [1]
  .far_func.text     ro code  0x01656d    0x19  McuConfig.o [1]
  .far_func.text     ro code  0x016586    0x19  McuConfig.o [1]
  .far_func.text     ro code  0x01659f    0x19  McuConfig.o [1]
  .far_func.text     ro code  0x0165b8    0x17  ApiDisplay.o [1]
  .far_func.text     ro code  0x0165cf    0x17  ApiDisplay.o [1]
  .far_func.text     ro code  0x0165e6    0x17  cstartup.o [5]
  .far_func.text     ro code  0x0165fd    0x17  memset.o [5]
  .far_func.text     ro code  0x016614    0x16  stm8s_flash.o [1]
  .far_func.text     ro code  0x01662a    0x16  __dbg_xxexit.o [4]
  .far_func.text     ro code  0x016640    0x14  stm8s_flash.o [1]
  .far_func.text     ro code  0x016654    0x13  ApiPocCmd.o [1]
  .far_func.text     ro code  0x016667     0x1  ApiKeyboard.o [1]
                            - 0x016668  0x6668


*******************************************************************************
*** INIT TABLE
***

          Address   Size
          -------   ----
Zero (__iar_zero_init2)
    1 destination range, total size 0x15f7:
          0x000076  0x15f7

Copy (__iar_copy_init2)
    1 source range, total size 0x66:
          0x00a2e0    0x66
    1 destination range, total size 0x66:
          0x000010    0x66



*******************************************************************************
*** MODULE SUMMARY
***

    Module                 ro code  ro data  rw data
    ------                 -------  -------  -------
E:\1-source\A508\PRJ\Debug\Obj: [1]
    ADC.o                      766      162        7
    ApiAtCmd.o               3 022      334      205
    ApiBeidou.o                                   82
    ApiDisplay.o             1 757    1 128      578
    ApiGpsCmd.o              3 622               457
    ApiKeyboard.o            3 557      263       33
    ApiLED.o                   149                 1
    ApiMenu.o                1 594      498        8
    ApiPocCmd.o              4 813       50    3 176
    Beep.o                     867                18
    CommonLib.o              1 158       17
    Config.o                   556
    Delay.o                  2 746      176       52
    DrvGD83.o                2 847       33      943
    DrvGT20L16S1Y.o            679
    DrvHTG12832.o              594                 2
    DrvKeyboard.o            1 440
    Flash_eeprom.o             362
    GT20L16P1Y_D.o             274    7 776
    KeyCmd.o                   143       67
    McuConfig.o                355
    System.o                   345       23       20
    Task.o                   3 014      732       46
    Tone.o                     231                18
    Voice.o                    207                 6
    main.o                      49
    stm8s_adc2.o               379
    stm8s_clk.o                269        4
    stm8s_flash.o              201
    stm8s_gpio.o               195
    stm8s_it.o                 119
    stm8s_itc.o                259
    stm8s_tim1.o               392
    stm8s_tim3.o                71
    stm8s_uart1.o              716
    stm8s_uart3.o              752
    sysclock.o                 128
    uart3.o                  2 343       30       73
    ------------------------------------------------
    Total:                  40 971   11 293    5 725

command line: [2]
    ------------------------------------------------
    Total:

GT20L16_STM8_DOUBLE_MEDIUM_IAR.a: [3]
    GT20L16P1Y.o             1 770       62
    ------------------------------------------------
    Total:                   1 770       62

dbgstm8mmd.a: [4]
    __dbg_break.o                1
    __dbg_xxexit.o              22
    ------------------------------------------------
    Total:                      23

dlstm8mmn.a: [5]
    cexit.o                      6
    char.o                       6
    cstartup.o                  23
    dc_util.o                   88
    exit.o                       4
    far_util.o                  14
    init.o                      30
    init_small.o                70
    interrupt.o                  4      128
    long.o                     428
    long_util.o                100
    low_level_init.o             3
    memcmp.o                    54
    memcpy.o                    38
    memset.o                    23
    move.o                      37
    short.o                     93
    strlen.o                    18
    unhandled_exception.o        3
    vreg_util.o                348
    vregs.o                                       16
    ------------------------------------------------
    Total:                   1 390      128       16

    Linker created                       20      256
----------------------------------------------------
    Grand Total:            44 154   11 503    5 997


*******************************************************************************
*** ENTRY LIST
***

Entry                    Address    Size  Type      Object
-----                    -------    ----  ----      ------
.iar.init_table$$Base   0x00a4f6           --   Gb  - Linker created -
.iar.init_table$$Limit  0x00a50a           --   Gb  - Linker created -
?add32_l0_l0_0x         0x01195c          Code  Gb  long.o [5]
?add32_l0_l0_l1         0x011959          Code  Gb  long.o [5]
?and32_l0_l0_0x         0x011a98          Code  Gb  long.o [5]
?and32_l0_l0_l1         0x011a95          Code  Gb  long.o [5]
?b0                     0x000000          Data  Gb  vregs.o [5]
?b1                     0x000001          Data  Gb  vregs.o [5]
?b10                    0x00000a          Data  Gb  vregs.o [5]
?b11                    0x00000b          Data  Gb  vregs.o [5]
?b12                    0x00000c          Data  Gb  vregs.o [5]
?b13                    0x00000d          Data  Gb  vregs.o [5]
?b14                    0x00000e          Data  Gb  vregs.o [5]
?b15                    0x00000f          Data  Gb  vregs.o [5]
?b2                     0x000002          Data  Gb  vregs.o [5]
?b3                     0x000003          Data  Gb  vregs.o [5]
?b4                     0x000004          Data  Gb  vregs.o [5]
?b5                     0x000005          Data  Gb  vregs.o [5]
?b6                     0x000006          Data  Gb  vregs.o [5]
?b7                     0x000007          Data  Gb  vregs.o [5]
?b8                     0x000008          Data  Gb  vregs.o [5]
?b9                     0x000009          Data  Gb  vregs.o [5]
?dc32_l0                0x0154ff          Code  Gb  dc_util.o [5]
?dc32_l1                0x01552b          Code  Gb  dc_util.o [5]
?e0                     0x000001          Data  Gb  vregs.o [5]
?e1                     0x000005          Data  Gb  vregs.o [5]
?e2                     0x000009          Data  Gb  vregs.o [5]
?e3                     0x00000d          Data  Gb  vregs.o [5]
?epilogue_l2            0x01262a          Code  Gb  vreg_util.o [5]
?epilogue_l2_l3         0x012626          Code  Gb  vreg_util.o [5]
?epilogue_l2_w6         0x01262f          Code  Gb  vreg_util.o [5]
?epilogue_w4            0x012638          Code  Gb  vreg_util.o [5]
?l0                     0x000000          Data  Gb  vregs.o [5]
?l1                     0x000004          Data  Gb  vregs.o [5]
?l2                     0x000008          Data  Gb  vregs.o [5]
?l3                     0x00000c          Data  Gb  vregs.o [5]
?load24_e1_0x           0x00f152          Code  Gb  far_util.o [5]
?load32_0x_l0           0x015142          Code  Gb  long_util.o [5]
?load32_l0_0x           0x015106          Code  Gb  long_util.o [5]
?load32_l0_asp          0x0150fa          Code  Gb  long_util.o [5]
?load32_l0_dbsp         0x0150ec          Code  Gb  long_util.o [5]
?load32_l0_xsp          0x0150fc          Code  Gb  long_util.o [5]
?load32_l1_0x           0x01512c          Code  Gb  long_util.o [5]
?load32_l1_asp          0x015120          Code  Gb  long_util.o [5]
?load32_l1_dbsp         0x015112          Code  Gb  long_util.o [5]
?load32_l1_xsp          0x015122          Code  Gb  long_util.o [5]
?load32_xsp_l0          0x015138          Code  Gb  long_util.o [5]
?longfarg16_v_w0_a      0x01636b          Code  Gb  move.o [5]
?longfarg16_v_w0_x      0x01636d          Code  Gb  move.o [5]
?mov_e0_e1              0x012655          Code  Gb  vreg_util.o [5]
?mov_e0_e2              0x012662          Code  Gb  vreg_util.o [5]
?mov_e0_e3              0x01266f          Code  Gb  vreg_util.o [5]
?mov_e1_e0              0x01267c          Code  Gb  vreg_util.o [5]
?mov_e1_e2              0x012689          Code  Gb  vreg_util.o [5]
?mov_e1_e3              0x012696          Code  Gb  vreg_util.o [5]
?mov_e2_e0              0x0126a3          Code  Gb  vreg_util.o [5]
?mov_e3_e0              0x0126b7          Code  Gb  vreg_util.o [5]
?mov_e3_e1              0x0126c4          Code  Gb  vreg_util.o [5]
?mov_l0_l1              0x012652          Code  Gb  vreg_util.o [5]
?mov_l0_l2              0x01265f          Code  Gb  vreg_util.o [5]
?mov_l0_l3              0x01266c          Code  Gb  vreg_util.o [5]
?mov_l1_l0              0x012679          Code  Gb  vreg_util.o [5]
?mov_l1_l2              0x012686          Code  Gb  vreg_util.o [5]
?mov_l1_l3              0x012693          Code  Gb  vreg_util.o [5]
?mov_l2_l0              0x0126a0          Code  Gb  vreg_util.o [5]
?mov_l3_l0              0x0126b4          Code  Gb  vreg_util.o [5]
?mov_l3_l1              0x0126c1          Code  Gb  vreg_util.o [5]
?mov_w1_w3              0x012658          Code  Gb  vreg_util.o [5]
?mov_w1_w4              0x01263d          Code  Gb  vreg_util.o [5]
?mov_w1_w5              0x012665          Code  Gb  vreg_util.o [5]
?mov_w1_w7              0x012672          Code  Gb  vreg_util.o [5]
?mov_w2_w1              0x012644          Code  Gb  vreg_util.o [5]
?mov_w3_w1              0x01267f          Code  Gb  vreg_util.o [5]
?mov_w3_w5              0x01268c          Code  Gb  vreg_util.o [5]
?mov_w3_w7              0x012699          Code  Gb  vreg_util.o [5]
?mov_w5_w1              0x0126a6          Code  Gb  vreg_util.o [5]
?mov_w5_w3              0x0126ad          Code  Gb  vreg_util.o [5]
?mov_w6_w0              0x01264b          Code  Gb  vreg_util.o [5]
?mov_w7_w1              0x0126ba          Code  Gb  vreg_util.o [5]
?mov_w7_w3              0x0126c7          Code  Gb  vreg_util.o [5]
?move1616_v_x_y_a       0x01635e          Code  Gb  move.o [5]
?mul16_x_x_w0           0x015392          Code  Gb  short.o [5]
?mul32_l0_l0_l1         0x01198f          Code  Gb  long.o [5]
?or32_l0_l0_0x          0x011ab3          Code  Gb  long.o [5]
?or32_l0_l0_l1          0x011ab0          Code  Gb  long.o [5]
?pop_l0                 0x0125ee          Code  Gb  vreg_util.o [5]
?pop_l1                 0x0125f9          Code  Gb  vreg_util.o [5]
?pop_l2                 0x012604          Code  Gb  vreg_util.o [5]
?pop_l3                 0x01260f          Code  Gb  vreg_util.o [5]
?pop_w4                 0x012598          Code  Gb  vreg_util.o [5]
?pop_w5                 0x01259f          Code  Gb  vreg_util.o [5]
?pop_w6                 0x0125a6          Code  Gb  vreg_util.o [5]
?push_l0                0x0125b9          Code  Gb  vreg_util.o [5]
?push_l1                0x0125be          Code  Gb  vreg_util.o [5]
?push_l2                0x0125c3          Code  Gb  vreg_util.o [5]
?push_l3                0x0125c8          Code  Gb  vreg_util.o [5]
?push_w4                0x012572          Code  Gb  vreg_util.o [5]
?push_w5                0x012577          Code  Gb  vreg_util.o [5]
?push_w6                0x01257c          Code  Gb  vreg_util.o [5]
?sdiv16_x_x_y           0x0153b0          Code  Gb  short.o [5]
?sext16_x_a             0x0153e8          Code  Gb  short.o [5]
?sext32_l0_a            0x011af8          Code  Gb  long.o [5]
?sext32_l0_x            0x011aed          Code  Gb  long.o [5]
?sll16_x_x_4            0x0153e3          Code  Gb  short.o [5]
?sll16_x_x_5            0x0153e2          Code  Gb  short.o [5]
?sll16_x_x_6            0x0153e1          Code  Gb  short.o [5]
?sll16_x_x_a            0x0153d9          Code  Gb  short.o [5]
?sll32_0x_0x_a          0x011ace          Code  Gb  long.o [5]
?sll32_l0_l0_a          0x011acb          Code  Gb  long.o [5]
?smod16_y_x_y           0x0153c9          Code  Gb  short.o [5]
?srl32_0x_0x_a          0x011adf          Code  Gb  long.o [5]
?srl32_l0_l0_a          0x011adc          Code  Gb  long.o [5]
?srl8_a_a_5             0x00f25e          Code  Gb  char.o [5]
?srl8_a_a_6             0x00f25d          Code  Gb  char.o [5]
?sub32_l0_l0_0x         0x011977          Code  Gb  long.o [5]
?sub32_l0_l0_l1         0x011974          Code  Gb  long.o [5]
?ucmp32_c_l0_l1         0x011a8a          Code  Gb  long.o [5]
?udiv32_l0_dl_l1        0x011a13          Code  Gb  long.o [5]
?udiv32_l0_l0_dl        0x011a19          Code  Gb  long.o [5]
?udiv32_l0_l0_l1        0x011a1d          Code  Gb  long.o [5]
?umod32_l1_l0_dl        0x011a0d          Code  Gb  long.o [5]
?umod32_l1_l0_l1        0x011a1d          Code  Gb  long.o [5]
?w0                     0x000000          Data  Gb  vregs.o [5]
?w1                     0x000002          Data  Gb  vregs.o [5]
?w2                     0x000004          Data  Gb  vregs.o [5]
?w3                     0x000006          Data  Gb  vregs.o [5]
?w4                     0x000008          Data  Gb  vregs.o [5]
?w5                     0x00000a          Data  Gb  vregs.o [5]
?w6                     0x00000c          Data  Gb  vregs.o [5]
?w7                     0x00000e          Data  Gb  vregs.o [5]
ADC2_Cmd                0x00f194     0xd  Code  Gb  stm8s_adc2.o [1]
ADC2_ConversionConfig   0x015f71    0x2f  Code  Gb  stm8s_adc2.o [1]
ADC2_ExternalTriggerConfig
                        0x01640b    0x21  Code  Gb  stm8s_adc2.o [1]
ADC2_GetConversionValue
                        0x015659    0x54  Code  Gb  stm8s_adc2.o [1]
ADC2_IRQHandler         0x00f2fd     0x1  Code  Gb  stm8s_it.o [1]
ADC2_Init               0x015f12    0x30  Code  Gb  stm8s_adc2.o [1]
ADC2_PrescalerConfig    0x00f096    0x13  Code  Gb  stm8s_adc2.o [1]
ADC2_SchmittTriggerConfig
                        0x014adf    0x82  Code  Gb  stm8s_adc2.o [1]
ADC2_StartConversion    0x00f269     0x5  Code  Gb  stm8s_adc2.o [1]
ADC_Init                0x0163a7    0x22  Code  Gb  ADC.o [1]
AF_Mute_Init            0x00f16d     0xd  Code  Gb  McuConfig.o [1]
ASCII_ActiveUserID      0x00156c    0x16  Data  Gb  ApiPocCmd.o [1]
AUDIO_IOAFMUT           0x016586    0x19  Code  Gb  McuConfig.o [1]
AUDIO_IOAFPOW           0x01659f    0x19  Code  Gb  McuConfig.o [1]
AWU_IRQHandler          0x00f2ed     0x1  Code  Gb  stm8s_it.o [1]
AkeyvolumeCount         0x000040     0x1  Data  Gb  ApiKeyboard.o [1]
AlarmCount              0x00005b     0x1  Data  Gb  Task.o [1]
ApGpsCmd_10msRenew      0x0163c9    0x21  Code  Gb  ApiGpsCmd.o [1]
ApiAtCmd_100msRenew     0x00e54b    0xb2  Code  Gb  ApiAtCmd.o [1]
ApiAtCmd_10msRenew      0x013209   0x114  Code  Gb  ApiAtCmd.o [1]
ApiAtCmd_GetGroupName   0x00f0cf    0x12  Code  Gb  ApiPocCmd.o [1]
ApiAtCmd_GetGroupNameLen
                        0x016654    0x13  Code  Gb  ApiPocCmd.o [1]
ApiAtCmd_GetGroupNum    0x00f2b1     0x4  Code  Gb  ApiPocCmd.o [1]
ApiAtCmd_GetLoginState  0x00f248     0x7  Code  Gb  ApiPocCmd.o [1]
ApiAtCmd_GetMainGroupId
                        0x00f2b9     0x4  Code  Gb  ApiPocCmd.o [1]
ApiAtCmd_GetMainWorkName
                        0x00f2ad     0x4  Code  Gb  ApiPocCmd.o [1]
ApiAtCmd_GetUserName    0x00f0e1    0x12  Code  Gb  ApiPocCmd.o [1]
ApiAtCmd_GetUserNameLen
                        0x00f083    0x13  Code  Gb  ApiPocCmd.o [1]
ApiAtCmd_GetUserNum     0x00f2b5     0x4  Code  Gb  ApiPocCmd.o [1]
ApiAtCmd_Get_DateTime_Information
                        0x012827   0x153  Code  Gb  ApiAtCmd.o [1]
ApiAtCmd_Get_location_Information
                        0x011b05   0x190  Code  Gb  ApiAtCmd.o [1]
ApiAtCmd_PlayVoice      0x014be1    0x73  Code  Gb  ApiAtCmd.o [1]
ApiAtCmd_SetLoginState  0x00f136     0xe  Code  Gb  ApiPocCmd.o [1]
ApiAtCmd_WritCommand    0x00e329   0x222  Code  Gb  ApiAtCmd.o [1]
ApiAtCmd_ZTTSCount      0x001650     0x1  Data  Gb  Delay.o [1]
ApiAtCmd_ZTTS_Flag      0x0015f3     0x1  Data  Gb  ApiAtCmd.o [1]
ApiAtCmd_tcp_state      0x00f21e     0xa  Code  Gb  ApiAtCmd.o [1]
ApiCaretCmd_10msRenew   0x00eb8a   0x2a3  Code  Gb  ApiAtCmd.o [1]
ApiGpsCmd_100msRenew    0x00da95   0x1f9  Code  Gb  ApiGpsCmd.o [1]
ApiGpsCmd_PowerOnInitial
                        0x010b6d   0x230  Code  Gb  ApiGpsCmd.o [1]
ApiGpsServerType        0x001602     0x1  Data  Gb  ApiGpsCmd.o [1]
ApiGps_GetTcpIpAddress  0x00f2a1     0x4  Code  Gb  ApiGpsCmd.o [1]
ApiGps_GetTcpPortAddress
                        0x00f2a5     0x4  Code  Gb  ApiGpsCmd.o [1]
ApiGps_GetTcpPortAddress_No5
                        0x00f2a9     0x4  Code  Gb  ApiGpsCmd.o [1]
ApiMenu_BacklightTimeSet_Flag
                        0x00161f     0x1  Data  Gb  ApiMenu.o [1]
ApiMenu_BeiDouOrWritingFrequency_Flag
                        0x001621     0x1  Data  Gb  ApiMenu.o [1]
ApiMenu_GpsInfo_Flag    0x00161d     0x1  Data  Gb  ApiMenu.o [1]
ApiMenu_KeylockTimeSet_Flag
                        0x001620     0x1  Data  Gb  ApiMenu.o [1]
ApiMenu_NativeInfo_Flag
                        0x00161e     0x1  Data  Gb  ApiMenu.o [1]
ApiMenu_SwitchCallUser_Flag
                        0x00161b     0x1  Data  Gb  ApiMenu.o [1]
ApiMenu_SwitchGroup_Flag
                        0x00161a     0x1  Data  Gb  ApiMenu.o [1]
ApiMenu_SwitchOnlineUser_Flag
                        0x00161c     0x1  Data  Gb  ApiMenu.o [1]
ApiPocCmd_10msRenew     0x00d259   0x542  Code  Gb  ApiPocCmd.o [1]
ApiPocCmd_PlayReceivedVoice_Flag
                        0x00162d     0x1  Data  Gb  ApiPocCmd.o [1]
ApiPocCmd_Tone_Flag     0x00162c     0x1  Data  Gb  ApiPocCmd.o [1]
ApiPocCmd_WritCommand   0x011fa3   0x184  Code  Gb  ApiPocCmd.o [1]
ApiPocCmd_user_info_get
                        0x015da3    0x36  Code  Gb  ApiPocCmd.o [1]
ApiPocCmd_user_info_set
                        0x013b81    0xd8  Code  Gb  ApiPocCmd.o [1]
AtCmdDrvobj             0x00132a    0x92  Data  Lc  ApiAtCmd.o [1]
AtCmd_NetParamCode      0x014162    0xae  Code  Lc  ApiAtCmd.o [1]
AtNotify_Queue          0x00c371    0x4d  Code  Lc  DrvGD83.o [1]
AtNotify_Queue_Start    0x00c3be    0x56  Code  Lc  DrvGD83.o [1]
BEEP_Interrupt10ms      0x0164e8    0x1c  Code  Gb  Beep.o [1]
BEEP_PowerOnInitial     0x00e256    0xd3  Code  Gb  Beep.o [1]
BEEP_SetOutput          0x00e01a   0x23c  Code  Gb  Beep.o [1]
BEEP_Time               0x015d33    0x38  Code  Gb  Beep.o [1]
BacklightTimeCount      0x001653     0x1  Data  Gb  Delay.o [1]
BacklightTimeSetCount   0x000049     0x1  Data  Gb  ApiKeyboard.o [1]
BatteryLevel            0x0015ea     0x1  Data  Gb  ADC.o [1]
BeepDrvObj              0x001596    0x12  Data  Lc  Beep.o [1]
BeidouRxData            0x00140c    0x4b  Data  Gb  ApiBeidou.o [1]
BeidouRxDataLen         0x0015fc     0x1  Data  Gb  ApiBeidou.o [1]
BitTab                  0x00ac47     0x8  Data  Gb  ApiDisplay.o [1]
BootProcess_PPPCFG_Flag
                        0x0015f2     0x1  Data  Gb  ApiAtCmd.o [1]
BootProcess_SIMST_Flag  0x0015f1     0x1  Data  Gb  ApiAtCmd.o [1]
CFG_GetCurAdr           0x010d9d   0x22c  Code  Gb  Config.o [1]
CHAR_HIGH               0x00a9d5    0x10  Data  Gb  ApiDisplay.o [1]
CHAR_TO_Digital         0x014f59    0x67  Code  Gb  ApiAtCmd.o [1]
CHAR_WIDTH              0x00a9e5    0x10  Data  Gb  ApiDisplay.o [1]
CLK_ClockSwitchConfig   0x014360    0xa2  Code  Gb  stm8s_clk.o [1]
CLK_GetClockFreq        0x0154a7    0x58  Code  Gb  stm8s_clk.o [1]
CLK_HSIPrescalerConfig  0x00f0a9    0x13  Code  Gb  stm8s_clk.o [1]
CLK_IRQHandler          0x00f2ee     0x1  Code  Gb  stm8s_it.o [1]
COMLHexArray2String     0x015024    0x64  Code  Lc  ApiGpsCmd.o [1]
COML_AscToHex           0x013523    0xfa  Code  Gb  CommonLib.o [1]
COML_DecToAsc           0x015088    0x64  Code  Gb  CommonLib.o [1]
COML_HexToAsc           0x013f51    0xb2  Code  Gb  CommonLib.o [1]
COML_HexToAsc2          0x0145ce    0x96  Code  Gb  CommonLib.o [1]
COML_StringReverse      0x015334    0x5e  Code  Gb  CommonLib.o [1]
CSQTimeCount            0x001642     0x1  Data  Gb  Delay.o [1]
CSQValue                0x0015f7     0x1  Data  Gb  ApiAtCmd.o [1]
CSQ_Flag                0x0015f4     0x1  Data  Gb  ApiAtCmd.o [1]
CSTACK$$Base            0x001700           --   Gb  - Linker created -
CSTACK$$Limit           0x001800           --   Gb  - Linker created -
C_TEST_OUT_SET          0x00f187     0xd  Code  Gb  McuConfig.o [1]
CaretNotify_Queue       0x00c2d7    0x4d  Code  Lc  DrvGD83.o [1]
CaretNotify_Queue_Start
                        0x00c46a    0x56  Code  Lc  DrvGD83.o [1]
CharCode                0x0015e0     0x2  Data  Gb  ApiDisplay.o [1]
Combine2Hex             0x012e77   0x134  Code  Gb  CommonLib.o [1]
Count                   0x0015eb     0x1  Data  Gb  ADC.o [1]
Count2                  0x0015ec     0x1  Data  Gb  ADC.o [1]
Count3                  0x0015ed     0x1  Data  Gb  ADC.o [1]
DEL_100msProcess        0x00c246    0x58  Code  Lc  Delay.o [1]
DEL_10msProcess         0x00c29e    0x1d  Code  Lc  Delay.o [1]
DEL_1msProcess          0x00c2bb     0xc  Code  Lc  Delay.o [1]
DEL_500msProcess        0x00b9ee   0x858  Code  Lc  Delay.o [1]
DEL_500ms_Count         0x00163c     0x1  Data  Gb  Delay.o [1]
DEL_500ms_Count2        0x00163d     0x1  Data  Gb  Delay.o [1]
DEL_GetTimer            0x015604    0x55  Code  Gb  Delay.o [1]
DEL_Interrupt           0x0142bd    0xa3  Code  Gb  Delay.o [1]
DEL_PowerOnInitial      0x0163ea    0x21  Code  Gb  Delay.o [1]
DEL_Renew               0x00c2c7    0x10  Code  Gb  Delay.o [1]
DEL_SetTimer            0x014c54    0x73  Code  Gb  Delay.o [1]
DEL_Soft1ms             0x016504    0x1c  Code  Gb  Delay.o [1]
DEL_TimerRenew          0x01618c    0x29  Code  Lc  Delay.o [1]
DISP_DataBuf            0x013c59    0xc8  Code  Lc  ApiDisplay.o [1]
DISP_MulTypePro         0x013d21    0xc0  Code  Lc  ApiDisplay.o [1]
DISP_MulTypePro2        0x013aa8    0xd9  Code  Lc  ApiDisplay.o [1]
Data_Date0              0x00f291     0x4  Code  Gb  ApiAtCmd.o [1]
Data_Date1              0x00f295     0x4  Code  Gb  ApiAtCmd.o [1]
Data_Date2              0x00f299     0x4  Code  Gb  ApiAtCmd.o [1]
Data_Latitude_Minute    0x00f281     0x4  Code  Gb  ApiAtCmd.o [1]
Data_Latitude_Second    0x00f241     0x7  Code  Gb  ApiAtCmd.o [1]
Data_Longitude_Minute   0x00f27d     0x4  Code  Gb  ApiAtCmd.o [1]
Data_Longitude_Second   0x00f23a     0x7  Code  Gb  ApiAtCmd.o [1]
Data_Speed              0x00f29d     0x4  Code  Gb  ApiAtCmd.o [1]
Data_Time0              0x00f285     0x4  Code  Gb  ApiAtCmd.o [1]
Data_Time1              0x00f289     0x4  Code  Gb  ApiAtCmd.o [1]
Data_Time2              0x00f28d     0x4  Code  Gb  ApiAtCmd.o [1]
Dec2Hex                 0x01588b    0x4e  Code  Gb  CommonLib.o [1]
DefaultSystemClockForHSI
                        0x01648d    0x1f  Code  Gb  sysclock.o [1]
DelDrvObj               0x0015c5     0xb  Data  Lc  Delay.o [1]
Delay_100ms             0x015c3f    0x40  Code  Gb  Task.o [1]
DisDataBit              0x00149b    0x40  Data  Gb  ApiDisplay.o [1]
DisDataBuf              0x000f67   0x200  Data  Gb  ApiDisplay.o [1]
DrvGD83DrvObj           0x000bc1   0x3a6  Data  Lc  DrvGD83.o [1]
DrvGD83_UART_TxCommand  0x014b61    0x80  Code  Gb  DrvGD83.o [1]
DrvMC8332_AtNotify_Queue_front
                        0x015971    0x4a  Code  Gb  DrvGD83.o [1]
DrvMC8332_CaretNotify_Queue_front
                        0x015927    0x4a  Code  Gb  DrvGD83.o [1]
DrvMC8332_GpsNotify_Queue_front
                        0x015a05    0x4a  Code  Gb  DrvGD83.o [1]
DrvMC8332_PocNotify_Queue_front
                        0x0159bb    0x4a  Code  Gb  DrvGD83.o [1]
DrvMC8332_Software_Initial
                        0x015cbd    0x3d  Code  Gb  DrvGD83.o [1]
DrvMC8332_TxPort_SetValidable
                        0x0160e0    0x2c  Code  Gb  DrvGD83.o [1]
DrvMC8332_UART_Interrupt
                        0x00c72f   0x3cb  Code  Gb  DrvGD83.o [1]
DrvMc8332_UART_TxTail   0x013710    0xeb  Code  Gb  DrvGD83.o [1]
EEPROM_EEC_IRQHandler   0x00f2ff     0x1  Code  Gb  stm8s_it.o [1]
EXTI_PORTA_IRQHandler   0x00f2ef     0x1  Code  Gb  stm8s_it.o [1]
EXTI_PORTB_IRQHandler   0x00f2f0     0x1  Code  Gb  stm8s_it.o [1]
EXTI_PORTC_IRQHandler   0x00f2f1     0x1  Code  Gb  stm8s_it.o [1]
EXTI_PORTD_IRQHandler   0x00f2f2     0x1  Code  Gb  stm8s_it.o [1]
EXTI_PORTE_IRQHandler   0x00f2f3     0x1  Code  Gb  stm8s_it.o [1]
EnterKeyTimeCount       0x001645     0x1  Data  Gb  Delay.o [1]
EnterKeyTime_2s_Flag    0x001665     0x1  Data  Gb  Task.o [1]
EnterPersonalCalling    0x00162f     0x1  Data  Gb  ApiPocCmd.o [1]
EnterPttMomentCount     0x001661     0x1  Data  Gb  Task.o [1]
EnterPttMoment_Flag     0x001663     0x1  Data  Gb  Task.o [1]
FILE_Read               0x015a98    0x48  Code  Gb  Flash_eeprom.o [1]
FILE_Read2              0x015bb7    0x45  Code  Gb  Flash_eeprom.o [1]
FILE_Write              0x01579e    0x4f  Code  Gb  Flash_eeprom.o [1]
FILE_Write2             0x0156ff    0x50  Code  Gb  Flash_eeprom.o [1]
FLASH_EraseOptionByte   0x0161de    0x28  Code  Gb  stm8s_flash.o [1]
FLASH_GetFlagStatus     0x016640    0x14  Code  Gb  stm8s_flash.o [1]
FLASH_Lock              0x00f24f     0x7  Code  Gb  stm8s_flash.o [1]
FLASH_ProgramByte       0x00f26e     0x5  Code  Gb  stm8s_flash.o [1]
FLASH_ProgramOptionByte
                        0x016314    0x25  Code  Gb  stm8s_flash.o [1]
FLASH_ReadByte          0x00f273     0x5  Code  Gb  stm8s_flash.o [1]
FLASH_SetProgrammingTime
                        0x00f213     0xb  Code  Gb  stm8s_flash.o [1]
FLASH_Unlock            0x016614    0x16  Code  Gb  stm8s_flash.o [1]
FLASH_WaitForLastOperation
                        0x015dd9    0x36  Code  Gb  stm8s_flash.o [1]
GB2312_16_GetData       0x010252   0x251  Code  Gb  GT20L16P1Y.o [3]
GPIO_Init               0x0140b3    0xaf  Code  Gb  stm8s_gpio.o [1]
GPIO_ReadInputPin       0x00f228     0x9  Code  Gb  stm8s_gpio.o [1]
GPIO_WriteHigh          0x00f256     0x7  Code  Gb  stm8s_gpio.o [1]
GPIO_WriteLow           0x00f2bd     0x4  Code  Gb  stm8s_gpio.o [1]
GeHuTest                0x016667     0x1  Code  Lc  ApiKeyboard.o [1]
GetAllGroupMemberNameCount
                        0x001654     0x1  Data  Gb  Delay.o [1]
GetNoOnlineMembersCount
                        0x00164e     0x1  Data  Gb  Delay.o [1]
GetPersonalCallingMode  0x00f208     0xb  Code  Gb  ApiPocCmd.o [1]
GetPointArrayData32     0x015ae0    0x48  Code  Gb  GT20L16P1Y_D.o [1]
GetTaskId               0x00f2d1     0x4  Code  Gb  System.o [1]
Get_0X_ActiveUserIDBuf  0x0015ba     0xb  Data  Gb  ApiPocCmd.o [1]
Get_GBK_ActiveUserID    0x015150    0x62  Code  Gb  ApiPocCmd.o [1]
Get_Unicode_ActiveUserID
                        0x014a5a    0x85  Code  Gb  ApiPocCmd.o [1]
Get_Unicode_ActiveUserIDBuf
                        0x0014db    0x2d  Data  Gb  ApiPocCmd.o [1]
GettheOnlineMembersDone
                        0x001638     0x1  Data  Gb  ApiPocCmd.o [1]
GpsCmd_GbAnalytical     0x0104a3   0x24d  Code  Lc  ApiGpsCmd.o [1]
GpsCmd_GbDataTransave   0x00e8ca   0x2c0  Code  Lc  ApiGpsCmd.o [1]
GpsCmd_GbWritCommand    0x00d79b   0x2fa  Code  Lc  ApiGpsCmd.o [1]
GpsFunDrvObj            0x001167   0x1c3  Data  Lc  ApiGpsCmd.o [1]
GpsNotify_Queue         0x00c6b2    0x7d  Code  Lc  DrvGD83.o [1]
GpsNotify_Queue_Start   0x00c4c0    0x9a  Code  Lc  DrvGD83.o [1]
GpsReconnectionTimeCount
                        0x001641     0x1  Data  Gb  Delay.o [1]
GroupCallingNum         0x000047     0x1  Data  Gb  ApiKeyboard.o [1]
HDRCSQSignalIcons       0x014402    0x9c  Code  Gb  ApiAtCmd.o [1]
HDRCSQValue             0x0015f6     0x1  Data  Gb  ApiAtCmd.o [1]
HSE_ClockStartUpConfiguration
                        0x015e0f    0x36  Code  Lc  sysclock.o [1]
HSIDivFactor            0x00acda     0x4  Data  Gb  stm8s_clk.o [1]
HexToChar_AllOnlineMemberNum
                        0x01644d    0x20  Code  Gb  ApiPocCmd.o [1]
HtgDrvObj               0x0015e8     0x2  Data  Lc  DrvHTG12832.o [1]
I2C_IRQHandler          0x00f2fb     0x1  Code  Gb  stm8s_it.o [1]
INTVEC$$Base            0x008000           --   Gb  - Linker created -
INTVEC$$Limit           0x008080           --   Gb  - Linker created -
ITC_SetSoftwarePriority
                        0x01331d   0x103  Code  Gb  stm8s_itc.o [1]
Ico_DataBuf             0x009b80   0x400  Data  Gb  ApiDisplay.o [1]
InputGBcode             0x009f80   0x1b0  Data  Gb  GT20L16P1Y_D.o [1]
InputUnicode            0x00a130   0x1b0  Data  Gb  GT20L16P1Y_D.o [1]
InvalidCallCount        0x001623     0x1  Data  Gb  ApiPocCmd.o [1]
KCMD_GetMcuVersion      0x015213    0x61  Code  Lc  KeyCmd.o [1]
KCMD_KeyCmdGet          0x01646d    0x20  Code  Gb  KeyCmd.o [1]
KEY_4Count              0x001655     0x1  Data  Gb  Delay.o [1]
KEY_4_Flag              0x001666     0x1  Data  Gb  Task.o [1]
KEY_TABLE               0x00ace9     0x3  Data  Lc  uart3.o [1]
Key3Option              0x00165b     0x1  Data  Gb  Task.o [1]
Key3_PlayValue          0x0015ff     0x1  Data  Gb  ApiGpsCmd.o [1]
Key3_PlayVoice          0x0117a9   0x1b0  Code  Gb  Task.o [1]
KeyBatteryReport        0x0152d5    0x5f  Code  Gb  ADC.o [1]
KeyDownUpChoose_GroupOrUser_Flag
                        0x0015f5     0x1  Data  Gb  ApiAtCmd.o [1]
KeyPersonalCallingCount
                        0x001605     0x1  Data  Gb  ApiKeyboard.o [1]
KeyPttState             0x001635     0x1  Data  Gb  ApiPocCmd.o [1]
KeyUpDownCount          0x001604     0x1  Data  Gb  ApiKeyboard.o [1]
Key_Flag_1              0x001606     0x1  Data  Gb  ApiKeyboard.o [1]
Key_Init                0x015e7b    0x34  Code  Gb  McuConfig.o [1]
Key_PersonalCalling_Flag
                        0x00165e     0x1  Data  Gb  Task.o [1]
Keyboard_Test           0x00acef   0xcff  Code  Gb  ApiKeyboard.o [1]
KeylockTimeCount        0x0015e6     0x2  Data  Gb  Delay.o [1]
KeylockTimeSetCount     0x00004a     0x1  Data  Gb  ApiKeyboard.o [1]
LED_Conut               0x001619     0x1  Data  Gb  ApiLED.o [1]
LED_Init                0x016255    0x27  Code  Gb  McuConfig.o [1]
LED_IntOutputRenew      0x0146fa    0x95  Code  Gb  ApiLED.o [1]
LandingTimeCount        0x001643     0x1  Data  Gb  Delay.o [1]
Level3MenuDisplay       0x012127   0x173  Code  Gb  ApiMenu.o [1]
LobatteryTask_StartCount
                        0x00164c     0x1  Data  Gb  Delay.o [1]
LobatteryTask_StartFlag
                        0x0015ef     0x1  Data  Gb  ADC.o [1]
LockingState_EnterOK_Flag
                        0x00160a     0x1  Data  Gb  ApiKeyboard.o [1]
LockingState_Flag       0x001652     0x1  Data  Gb  Delay.o [1]
LoosenPttMomentCount    0x001662     0x1  Data  Gb  Task.o [1]
LoosenPttMoment_Flag    0x001664     0x1  Data  Gb  Task.o [1]
LowVoltageDetection     0x00ee2d   0x256  Code  Gb  ADC.o [1]
LowVoltageDetection_Flag
                        0x0015ee     0x1  Data  Gb  ADC.o [1]
MCU_VERSIONForMenu      0x00f144     0xe  Code  Gb  KeyCmd.o [1]
MIC_GPIO_Init           0x00f160     0xd  Code  Gb  McuConfig.o [1]
MIC_IOMUT               0x01656d    0x19  Code  Gb  McuConfig.o [1]
Mcu_Version             0x00a50a    0x20  Data  Lc  KeyCmd.o [1]
MenuDisplay             0x00dc8e   0x38c  Code  Gb  ApiMenu.o [1]
MenuModeCount           0x000048     0x1  Data  Gb  ApiKeyboard.o [1]
MenuMode_Flag           0x001607     0x1  Data  Gb  ApiKeyboard.o [1]
NetworkType_2Gor3G_Flag
                        0x00005c     0x1  Data  Gb  Task.o [1]
NoUseNum                0x00165c     0x1  Data  Gb  Task.o [1]
Noise_Mute_Init         0x00f17a     0xd  Code  Gb  McuConfig.o [1]
Notify_Queue_Stop       0x00c55a   0x158  Code  Lc  DrvGD83.o [1]
NumberKeyboardPressDown_flag
                        0x001609     0x1  Data  Gb  ApiKeyboard.o [1]
OffLineCount            0x001634     0x1  Data  Gb  ApiPocCmd.o [1]
OneChannelGetADValue    0x01622e    0x27  Code  Lc  ADC.o [1]
PAS_NULLTBL             0x00aa35    0x10  Data  Lc  uart3.o [1]
POC_AtEnterPersonalCalling_Flag
                        0x001627     0x1  Data  Gb  ApiPocCmd.o [1]
POC_AtQuitPersonalCalling_Flag
                        0x001628     0x1  Data  Gb  ApiPocCmd.o [1]
POC_EnterGroupCalling_Flag
                        0x001629     0x1  Data  Gb  ApiPocCmd.o [1]
POC_EnterPersonalCalling_Flag
                        0x001625     0x1  Data  Gb  ApiPocCmd.o [1]
POC_GetAllGroupNameDoneCount
                        0x00164f     0x1  Data  Gb  Delay.o [1]
POC_GetAllGroupNameDone_Flag
                        0x001624     0x1  Data  Gb  ApiPocCmd.o [1]
POC_GetAllGroupNameStart_Flag
                        0x001622     0x1  Data  Gb  ApiPocCmd.o [1]
POC_QuitGroupCalling_Flag
                        0x00162a     0x1  Data  Gb  ApiPocCmd.o [1]
POC_QuitPersonalCalling_Flag
[...]
                        0x0015fa     0x1  Data  Gb  ApiAtCmd.o [1]
PositionInformationSendToATPORT_Flag
                        0x0015f8     0x1  Data  Gb  ApiAtCmd.o [1]
PrimaryLowPowerCount    0x001644     0x1  Data  Gb  Delay.o [1]
PrimaryLowPower_Flag    0x0015f0     0x1  Data  Gb  ADC.o [1]
READ_TABLE              0x00acde     0x4  Data  Lc  uart3.o [1]
ReadBuffer              0x0013bc    0x50  Data  Gb  ApiPocCmd.o [1]
ReadBufferA             0x001656     0x1  Data  Gb  Delay.o [1]
ReadBufferB             0x001657     0x1  Data  Gb  Delay.o [1]
ReadByte                0x015557    0x57  Code  Gb  ApiDisplay.o [1]
Region$$Table$$Base     0x00a4f6           --   Gb  - Linker created -
Region$$Table$$Limit    0x00a50a           --   Gb  - Linker created -
ReportTimerRead         0x0015fd     0x1  Data  Gb  ApiGpsCmd.o [1]
ReportTimerSET          0x0015fe     0x1  Data  Gb  ApiGpsCmd.o [1]
RxStartFlag             0x0015d0     0x6  Data  Gb  ApiBeidou.o [1]
SPI_IRQHandler          0x00f2f4     0x1  Code  Gb  stm8s_it.o [1]
SSWLCount               0x001659     0x1  Data  Gb  Task.o [1]
SendByte                0x0149d2    0x88  Code  Gb  ApiDisplay.o [1]
SendGpsLoginInfoCount   0x001601     0x1  Data  Gb  ApiGpsCmd.o [1]
SetTaskId               0x00f2d5     0x4  Code  Gb  System.o [1]
Set_GreenLed            0x01653b    0x19  Code  Gb  McuConfig.o [1]
Set_RedLed              0x016554    0x19  Code  Gb  McuConfig.o [1]
ShowTimeCount           0x001651     0x1  Data  Gb  Delay.o [1]
ShowTime_Flag           0x00163b     0x1  Data  Gb  Delay.o [1]
SignalPoorCount         0x001639     0x1  Data  Gb  Delay.o [1]
StartingUpStep          0x00165a     0x1  Data  Gb  Task.o [1]
SubmenuMenuDisplay      0x012c01   0x13b  Code  Gb  ApiMenu.o [1]
SwitchGroupBUG          0x00162e     0x1  Data  Gb  ApiPocCmd.o [1]
SystemClock_Init        0x01610c    0x2b  Code  Gb  sysclock.o [1]
TASK_Ptt_StartPersonCalling_Flag
                        0x00165f     0x1  Data  Gb  Task.o [1]
TASK_RunLoBattery       0x016137    0x2b  Code  Gb  Task.o [1]
TASK_WriteFreq          0x00f2d9     0x4  Code  Gb  Task.o [1]
TIM1_CAP_COM_IRQHandler
                        0x00f2f6     0x1  Code  Gb  stm8s_it.o [1]
TIM1_CCxCmd             0x015bfc    0x43  Code  Gb  stm8s_tim1.o [1]
TIM1_Cmd                0x00f1a1     0xd  Code  Gb  stm8s_tim1.o [1]
TIM1_CtrlPWMOutputs     0x00f1ae     0xd  Code  Gb  stm8s_tim1.o [1]
TIM1_DeInit             0x01449e    0x99  Code  Gb  stm8s_tim1.o [1]
TIM1_OC1Init            0x015274    0x61  Code  Gb  stm8s_tim1.o [1]
TIM1_OC1PreloadConfig   0x00f1bb     0xd  Code  Gb  stm8s_tim1.o [1]
TIM1_PWM_Init           0x0155ae    0x56  Code  Gb  Tone.o [1]
TIM1_TimeBaseInit       0x016383    0x24  Code  Gb  stm8s_tim1.o [1]
TIM1_UPD_OVF_TRG_BRK_IRQHandler
                        0x00f2f5     0x1  Code  Gb  stm8s_it.o [1]
TIM2_CAP_COM_IRQHandler
                        0x00f2f8     0x1  Code  Gb  stm8s_it.o [1]
TIM2_UPD_OVF_BRK_IRQHandler
                        0x00f2f7     0x1  Code  Gb  stm8s_it.o [1]
TIM3_ARRPreloadConfig   0x00f1d5     0xd  Code  Gb  stm8s_tim3.o [1]
TIM3_CAP_COM_IRQHandler
                        0x00f2f9     0x1  Code  Gb  stm8s_it.o [1]
TIM3_ClearITPendingBit  0x00f278     0x5  Code  Gb  stm8s_tim3.o [1]
TIM3_Cmd                0x00f1c8     0xd  Code  Gb  stm8s_tim3.o [1]
TIM3_ITConfig           0x00f0bc    0x13  Code  Gb  stm8s_tim3.o [1]
TIM3_PrescalerConfig    0x00f231     0x9  Code  Gb  stm8s_tim3.o [1]
TIM3_TimeBaseInit       0x00f1fc     0xc  Code  Gb  stm8s_tim3.o [1]
TIM3_UPD_OVF_BRK_IRQHandler
                        0x01642c    0x21  Code  Gb  stm8s_it.o [1]
TIM4_UPD_OVF_IRQHandler
                        0x00f2fe     0x1  Code  Gb  stm8s_it.o [1]
TLI_IRQHandler          0x00f2ec     0x1  Code  Gb  stm8s_it.o [1]
TONE_PowerOnInitial     0x014e85    0x6b  Code  Gb  Tone.o [1]
TONE_Start              0x0162d1    0x1d  Code  Gb  Tone.o [1]
TONE_Stop               0x0162c8     0x9  Code  Gb  Tone.o [1]
TRAP_IRQHandler         0x00f2eb     0x1  Code  Gb  stm8s_it.o [1]
TaskDrvObj              0x001582    0x14  Data  Lc  System.o [1]
TaskStartDeleteDelay1   0x001667     0x1  Data  Gb  Task.o [1]
TaskStartDeleteDelay1Count
                        0x001647     0x1  Data  Gb  Delay.o [1]
TaskStartDeleteDelay2   0x001668     0x1  Data  Gb  Task.o [1]
TaskStartDeleteDelay3   0x001669     0x1  Data  Gb  Task.o [1]
TaskStartDeleteDelay3Count
                        0x001648     0x1  Data  Gb  Delay.o [1]
TaskStartDeleteDelay4   0x00005d     0x1  Data  Gb  Task.o [1]
TaskStartDeleteDelay4Count
                        0x001649     0x1  Data  Gb  Delay.o [1]
TaskStartDeleteDelay5   0x00166a     0x1  Data  Gb  Task.o [1]
TaskStartDeleteDelay6   0x00166b     0x1  Data  Gb  Task.o [1]
TaskStartDeleteDelay6Count
                        0x00164a     0x1  Data  Gb  Delay.o [1]
Task_Landing_Flag       0x001660     0x1  Data  Gb  Task.o [1]
Task_RunNormalOperation
                        0x00cafa   0x75f  Code  Gb  Task.o [1]
Task_RunStart           0x0106f0   0x248  Code  Gb  Task.o [1]
Test1                   0x001600     0x1  Data  Gb  ApiGpsCmd.o [1]
TestNum1                0x00160c     0x1  Data  Gb  ApiKeyboard.o [1]
TestNum10               0x001615     0x1  Data  Gb  ApiKeyboard.o [1]
TestNum11               0x001616     0x1  Data  Gb  ApiKeyboard.o [1]
TestNum12               0x001617     0x1  Data  Gb  ApiKeyboard.o [1]
TestNum2                0x00160d     0x1  Data  Gb  ApiKeyboard.o [1]
TestNum3                0x00160e     0x1  Data  Gb  ApiKeyboard.o [1]
TestNum4                0x00160f     0x1  Data  Gb  ApiKeyboard.o [1]
TestNum5                0x001610     0x1  Data  Gb  ApiKeyboard.o [1]
TestNum6                0x001611     0x1  Data  Gb  ApiKeyboard.o [1]
TestNum7                0x001612     0x1  Data  Gb  ApiKeyboard.o [1]
TestNum8                0x001613     0x1  Data  Gb  ApiKeyboard.o [1]
TestNum9                0x001614     0x1  Data  Gb  ApiKeyboard.o [1]
TheMenuLayer_Flag       0x001608     0x1  Data  Gb  ApiKeyboard.o [1]
Tim3_Timer_Init         0x0161b5    0x29  Code  Gb  McuConfig.o [1]
TimeCount               0x0015e2     0x2  Data  Gb  Delay.o [1]
TimeCount2              0x00163e     0x1  Data  Gb  Delay.o [1]
TimeCount3              0x0015e4     0x2  Data  Gb  Delay.o [1]
TimeCount_Light         0x00163f     0x1  Data  Gb  Delay.o [1]
ToneDrvObj              0x0015a8    0x12  Data  Lc  Tone.o [1]
ToneTimeCount           0x001640     0x1  Data  Gb  Delay.o [1]
UART1_Cmd               0x00f1e2     0xd  Code  Gb  stm8s_uart1.o [1]
UART1_DeInit            0x0160b3    0x2d  Code  Gb  stm8s_uart1.o [1]
UART1_GetFlagStatus     0x015eaf    0x32  Code  Gb  stm8s_uart1.o [1]
UART1_GetITStatus       0x014824    0x92  Code  Gb  stm8s_uart1.o [1]
UART1_ITConfig          0x014e18    0x6d  Code  Gb  stm8s_uart1.o [1]
UART1_Init              0x0126ce   0x159  Code  Gb  stm8s_uart1.o [1]
UART1_RX_IRQHandler     0x0162a2    0x26  Code  Gb  stm8s_it.o [1]
UART1_ReceiveData8      0x00f2c1     0x4  Code  Gb  stm8s_uart1.o [1]
UART1_SendData8         0x00f2c5     0x4  Code  Gb  stm8s_uart1.o [1]
UART1_TX_IRQHandler     0x00f2fa     0x1  Code  Gb  stm8s_it.o [1]
UART3_Cmd               0x00f1ef     0xd  Code  Gb  stm8s_uart3.o [1]
UART3_DeInit            0x016339    0x25  Code  Gb  stm8s_uart3.o [1]
UART3_GetFlagStatus     0x015a4f    0x49  Code  Gb  stm8s_uart3.o [1]
UART3_GetITStatus       0x013e9b    0xb6  Code  Gb  stm8s_uart3.o [1]
UART3_ITConfig          0x014945    0x8d  Code  Gb  stm8s_uart3.o [1]
UART3_Init              0x0130df   0x12a  Code  Gb  stm8s_uart3.o [1]
UART3_Interrupt         0x013de1    0xba  Code  Gb  uart3.o [1]
UART3_RX_IRQHandler     0x016520    0x1b  Code  Gb  stm8s_it.o [1]
UART3_ReceiveData8      0x00f2c9     0x4  Code  Gb  stm8s_uart3.o [1]
UART3_SendByte          0x00f117    0x10  Code  Gb  uart3.o [1]
UART3_SendData8         0x00f2cd     0x4  Code  Gb  stm8s_uart3.o [1]
UART3_TX_IRQHandler     0x00f2fc     0x1  Code  Gb  stm8s_it.o [1]
UART3_ToMcuMain         0x014ef0    0x69  Code  Gb  uart3.o [1]
UART_Delay              0x00f0f3    0x12  Code  Lc  uart3.o [1]
UART_ErrorAck           0x015826    0x16  Code  Lc  uart3.o [1]
UART_GetCheckSum        0x01478f    0x2e  Code  Lc  uart3.o [1]
UART_KeyCommand         0x0148b6    0x8f  Code  Lc  uart3.o [1]
UART_Link               0x0147bd    0x67  Code  Lc  uart3.o [1]
UART_PasCommand         0x0115f7   0x1b2  Code  Lc  uart3.o [1]
UART_PocCommand         0x01544b    0x5c  Code  Lc  uart3.o [1]
UART_ReadCommand        0x0137fb    0xe9  Code  Lc  uart3.o [1]
UART_RightAck           0x014daa    0x6e  Code  Lc  uart3.o [1]
UART_RxFrame            0x0156ad    0x52  Code  Lc  uart3.o [1]
UART_TxSend             0x0157ed    0x39  Code  Lc  uart3.o [1]
UART_WriteCommand       0x01361d    0xf3  Code  Lc  uart3.o [1]
UNICODE_16_GetData      0x011e1e   0x185  Code  Gb  GT20L16P1Y.o [3]
Uart1_Init              0x016058    0x2e  Code  Gb  McuConfig.o [1]
Uart3_Init              0x015cfa    0x39  Code  Gb  uart3.o [1]
UartDrvObj              0x001457    0x44  Data  Lc  uart3.o [1]
UnicodeForGbk_AllGrounpName
                        0x011c95   0x189  Code  Gb  ApiPocCmd.o [1]
UnicodeForGbk_AllGrounpNameBuf
                        0x001521    0x19  Data  Gb  ApiPocCmd.o [1]
UnicodeForGbk_AllUserName
                        0x010938   0x235  Code  Gb  ApiPocCmd.o [1]
UnicodeForGbk_AllUserNameBuf
                        0x001508    0x19  Data  Gb  ApiPocCmd.o [1]
UnicodeForGbk_MainUserName
                        0x010fc9   0x214  Code  Gb  ApiPocCmd.o [1]
UnicodeForGbk_MainUserNameBuf
                        0x00153a    0x19  Data  Gb  ApiPocCmd.o [1]
UnicodeForGbk_MainWorkName
                        0x01229a   0x173  Code  Gb  ApiPocCmd.o [1]
UnicodeForGbk_SpeakerRightnowName
                        0x0113ee   0x209  Code  Gb  ApiPocCmd.o [1]
UnicodeForGbk_SpeakerRightnowNameBuf
                        0x001553    0x19  Data  Gb  ApiPocCmd.o [1]
UnicodeGetPointArrayData32
                        0x015b28    0x48  Code  Gb  GT20L16P1Y_D.o [1]
UnicodeValueSearch      0x01627c    0x26  Code  Gb  GT20L16P1Y_D.o [1]
UpDownSwitchingCount    0x001646     0x1  Data  Gb  Delay.o [1]
UpDownSwitching_Flag    0x001618     0x1  Data  Gb  ApiKeyboard.o [1]
VOICE_1sProcess         0x00f127     0xf  Code  Gb  Voice.o [1]
VOICE_Renew             0x014d39    0x71  Code  Gb  Voice.o [1]
VOICE_SetOutput         0x01583c    0x4f  Code  Gb  Voice.o [1]
ValueSearch             0x0153ef    0x5c  Code  Gb  GT20L16P1Y_D.o [1]
VerifyData              0x008080  0x1b00  Data  Gb  GT20L16P1Y_D.o [1]
VoiceAllOnlineMemberNum
                        0x016162    0x2a  Code  Gb  ApiPocCmd.o [1]
VoiceDrvObj             0x0015d6     0x6  Data  Lc  Voice.o [1]
VoiceType_FreehandOrHandset_Flag
                        0x00160b     0x1  Data  Gb  ApiKeyboard.o [1]
WRITE_TABLE             0x00ace2     0x4  Data  Lc  uart3.o [1]
WW_GetData              0x00e5fd   0x2cd  Code  Gb  GT20L16P1Y.o [3]
WriteEEPROMByte         0x015c7f    0x3e  Code  Gb  Flash_eeprom.o [1]
WriteFreqTimeCount      0x00163a     0x1  Data  Gb  Delay.o [1]
WriteFreq_Flag          0x00166c     0x1  Data  Gb  uart3.o [1]
__DebugBreak            0x00f300     0x1  Code  Gb  __dbg_break.o [4]
__exit                  0x01662a    0x16  Code  Gb  __dbg_xxexit.o [4]
__iar_copy_init2        0x016206          Code  Gb  init_small.o [5]
__iar_data_init2        0x0164ac    0x1e  Code  Gb  init.o [5]
__iar_program_start     0x0165e6          Code  Gb  cstartup.o [5]
__iar_unhandled_exception
                        0x00f2e8          Code  Gb  unhandled_exception.o [5]
__iar_zero_init2        0x0164ca          Code  Gb  init_small.o [5]
__intvec                0x008000          Data  Gb  interrupt.o [5]
__low_level_init        0x00f2e5     0x3  Code  Gb  low_level_init.o [5]
_exit                   0x00f263          Code  Gb  cexit.o [5]
_interrupt_1            0x00f2eb          Code  Gb  stm8s_it.o [1]
_interrupt_12           0x00f2f4          Code  Gb  stm8s_it.o [1]
_interrupt_13           0x00f2f5          Code  Gb  stm8s_it.o [1]
_interrupt_14           0x00f2f6          Code  Gb  stm8s_it.o [1]
_interrupt_15           0x00f2f7          Code  Gb  stm8s_it.o [1]
_interrupt_16           0x00f2f8          Code  Gb  stm8s_it.o [1]
_interrupt_17           0x01642c          Code  Gb  stm8s_it.o [1]
_interrupt_18           0x00f2f9          Code  Gb  stm8s_it.o [1]
_interrupt_19           0x00f2fa          Code  Gb  stm8s_it.o [1]
_interrupt_2            0x00f2ec          Code  Gb  stm8s_it.o [1]
_interrupt_20           0x0162a2          Code  Gb  stm8s_it.o [1]
_interrupt_21           0x00f2fb          Code  Gb  stm8s_it.o [1]
_interrupt_22           0x00f2fc          Code  Gb  stm8s_it.o [1]
_interrupt_23           0x016520          Code  Gb  stm8s_it.o [1]
_interrupt_24           0x00f2fd          Code  Gb  stm8s_it.o [1]
_interrupt_25           0x00f2fe          Code  Gb  stm8s_it.o [1]
_interrupt_26           0x00f2ff          Code  Gb  stm8s_it.o [1]
_interrupt_3            0x00f2ed          Code  Gb  stm8s_it.o [1]
_interrupt_4            0x00f2ee          Code  Gb  stm8s_it.o [1]
_interrupt_5            0x00f2ef          Code  Gb  stm8s_it.o [1]
_interrupt_6            0x00f2f0          Code  Gb  stm8s_it.o [1]
_interrupt_7            0x00f2f1          Code  Gb  stm8s_it.o [1]
_interrupt_8            0x00f2f2          Code  Gb  stm8s_it.o [1]
_interrupt_9            0x00f2f3          Code  Gb  stm8s_it.o [1]
api_diap_ico_pos_get    0x0151b2    0x61  Code  Gb  ApiDisplay.o [1]
api_disp_all_screen_refresh
                        0x01574f    0x4f  Code  Gb  ApiDisplay.o [1]
api_disp_char_output    0x0165b8    0x17  Code  Gb  ApiDisplay.o [1]
api_disp_char_output2   0x0165cf    0x17  Code  Gb  ApiDisplay.o [1]
api_disp_ico_output     0x014003    0xb0  Code  Gb  ApiDisplay.o [1]
api_disp_icoid_output   0x014537    0x97  Code  Gb  ApiDisplay.o [1]
api_lcd_pwr_on_hint     0x015fa0    0x2e  Code  Gb  ApiDisplay.o [1]
api_lcd_pwr_on_hint2    0x015f42    0x2f  Code  Gb  ApiDisplay.o [1]
api_lcd_pwr_on_hint3    0x016086    0x2d  Code  Gb  ApiDisplay.o [1]
api_lcd_pwr_on_hint4    0x015fce    0x2e  Code  Gb  ApiDisplay.o [1]
api_lcd_pwr_on_hint5    0x015ffc    0x2e  Code  Gb  ApiDisplay.o [1]
api_lcd_pwr_on_hint7    0x01602a    0x2e  Code  Gb  ApiDisplay.o [1]
api_poc_command_get     0x014210    0xad  Code  Lc  uart3.o [1]
api_poc_command_set     0x0139c9    0xdf  Code  Lc  uart3.o [1]
drv_gt20_data_output    0x012fab   0x134  Code  Gb  DrvGT20L16S1Y.o [1]
drv_gt20_data_output2   0x012d3c   0x13b  Code  Gb  DrvGT20L16S1Y.o [1]
drv_gt20_pwr_on_init    0x015d9f     0x4  Code  Gb  DrvGT20L16S1Y.o [1]
drv_htg_clr_allscr      0x010139    0x35  Code  Gb  DrvHTG12832.o [1]
drv_htg_pwr_on_init     0x010246     0xc  Code  Gb  DrvHTG12832.o [1]
drv_htg_reset           0x010000     0x5  Code  Gb  DrvHTG12832.o [1]
drv_htg_set_address     0x01007f    0x40  Code  Gb  DrvHTG12832.o [1]
drv_htg_write_command   0x010005    0x7a  Code  Gb  DrvHTG12832.o [1]
drv_htg_write_data      0x0100bf    0x7a  Code  Gb  DrvHTG12832.o [1]
drv_keypad_scan         0x0111dd   0x211  Code  Gb  DrvKeyboard.o [1]
exit                    0x00f2e1     0x4  Code  Gb  exit.o [5]
find_zf_tab             0x015b70    0x47  Code  Gb  GT20L16P1Y.o [3]
get_key_value           0x0138e4    0xe5  Code  Gb  ApiKeyboard.o [1]
htg_delay_ms            0x01016e    0x1e  Code  Lc  DrvHTG12832.o [1]
htg_initial             0x01018c    0x6c  Code  Lc  DrvHTG12832.o [1]
key_scan_board          0x012ac2   0x13f  Code  Gb  DrvKeyboard.o [1]
main                    0x015ee1    0x31  Code  Gb  main.o [1]
main_app                0x0158d9    0x4e  Code  Gb  System.o [1]
main_init               0x013420   0x103  Code  Gb  System.o [1]
mcu_gt20_initial        0x015d6b    0x34  Code  Lc  DrvGT20L16S1Y.o [1]
mcu_key_pad_out         0x014664    0x96  Code  Gb  DrvKeyboard.o [1]
mcu_key_pad_read        0x014cc7    0x72  Code  Gb  DrvKeyboard.o [1]
mcu_key_pad_set         0x01297a   0x148  Code  Gb  DrvKeyboard.o [1]
mcu_lcd_initial         0x0101f8    0x4e  Code  Lc  DrvHTG12832.o [1]
memcmp                  0x015e45    0x36  Code  Gb  memcmp.o [5]
memcpy                  0x0162ee    0x26  Code  Gb  memcpy.o [5]
memset                  0x0165fd    0x17  Code  Gb  memset.o [5]
pack_data               0x01240d   0x165  Code  Lc  ApiGpsCmd.o [1]
r_dat_bat               0x014fc0    0x64  Code  Gb  ApiDisplay.o [1]
strlen                  0x00f105    0x12  Code  Gb  strlen.o [5]
ucAtPocHead             0x00004b     0x2  Data  Gb  ApiPocCmd.o [1]
ucCDMATIME              0x000020     0x2  Data  Gb  ApiAtCmd.o [1]
ucCLVL                  0x000062     0x2  Data  Gb  Task.o [1]
ucCODECCTL              0x000066     0x2  Data  Gb  Task.o [1]
ucCSQ                   0x00006e     0x2  Data  Gb  Task.o [1]
ucCaretPPPCFG           0x00002a     0x2  Data  Gb  ApiAtCmd.o [1]
ucCheckCard             0x00003e     0x2  Data  Gb  ApiAtCmd.o [1]
ucCheckPPP              0x000038     0x2  Data  Gb  ApiAtCmd.o [1]
ucCheckRssi             0x000016     0x2  Data  Gb  ApiAtCmd.o [1]
ucCheckTcp              0x00002e     0x2  Data  Gb  ApiAtCmd.o [1]
ucEndPTT                0x000060     0x2  Data  Gb  Task.o [1]
ucGD83Reset             0x000010     0x2  Data  Gb  ApiAtCmd.o [1]
ucGPSCNO                0x000024     0x2  Data  Gb  ApiAtCmd.o [1]
ucGPSINFO               0x000022     0x2  Data  Gb  ApiAtCmd.o [1]
ucGPSUploadTime_5s      0x00004f     0x2  Data  Gb  Delay.o [1]
ucGpsPosition           0x00001e     0x2  Data  Gb  ApiAtCmd.o [1]
ucHDRCSQ                0x000018     0x2  Data  Gb  ApiAtCmd.o [1]
ucOSSYSHWID             0x000068     0x2  Data  Gb  Task.o [1]
ucPPPCFG                0x000070     0x2  Data  Gb  Task.o [1]
ucPlayZtts              0x00002c     0x2  Data  Gb  ApiAtCmd.o [1]
ucPocOpenConfig         0x000074     0x2  Data  Gb  Task.o [1]
ucPrefmode2             0x00006a     0x2  Data  Gb  Task.o [1]
ucPrefmode4             0x00006c     0x2  Data  Gb  Task.o [1]
ucQuitPersonalCalling   0x000045     0x2  Data  Gb  ApiKeyboard.o [1]
ucRequestUserListInfo   0x000051     0x2  Data  Gb  Delay.o [1]
ucRxCSQ                 0x00001a     0x2  Data  Gb  ApiAtCmd.o [1]
ucRxCheckPppClose       0x00003c     0x2  Data  Gb  ApiAtCmd.o [1]
ucRxCheckPppOpen        0x00003a     0x2  Data  Gb  ApiAtCmd.o [1]
ucRxCheckTcp            0x000034     0x2  Data  Gb  ApiAtCmd.o [1]
ucRxHDRCSQ              0x00001c     0x2  Data  Gb  ApiAtCmd.o [1]
ucRxOkHeadInfo          0x000057     0x2  Data  Gb  DrvGD83.o [1]
ucRxPASTATE1            0x000012     0x2  Data  Gb  ApiAtCmd.o [1]
ucRxPocHeadInfo         0x000055     0x2  Data  Gb  DrvGD83.o [1]
ucRxTcpDataHeadInfo     0x000059     0x2  Data  Gb  DrvGD83.o [1]
ucRxZTTS0               0x000014     0x2  Data  Gb  ApiAtCmd.o [1]
ucSIMST1                0x000026     0x2  Data  Gb  ApiAtCmd.o [1]
ucSIMST255              0x000028     0x2  Data  Gb  ApiAtCmd.o [1]
ucSendTcp               0x000032     0x2  Data  Gb  ApiAtCmd.o [1]
ucSetIPAndID            0x00004d     0x2  Data  Gb  ApiPocCmd.o [1]
ucSetIp                 0x000030     0x2  Data  Gb  ApiAtCmd.o [1]
ucStartPTT              0x00005e     0x2  Data  Gb  Task.o [1]
ucTxPocHeadInfo         0x000053     0x2  Data  Gb  DrvGD83.o [1]
ucVGR                   0x000064     0x2  Data  Gb  Task.o [1]
ucVGR1                  0x000041     0x2  Data  Gb  ApiKeyboard.o [1]
ucVGR7                  0x000043     0x2  Data  Gb  ApiKeyboard.o [1]
ucZTTS_Abell            0x000072     0x2  Data  Gb  Task.o [1]
ucZpppOpen              0x000036     0x2  Data  Gb  ApiAtCmd.o [1]


[1] = E:\1-source\A508\PRJ\Debug\Obj
[2] = command line
[3] = GT20L16_STM8_DOUBLE_MEDIUM_IAR.a
[4] = dbgstm8mmd.a
[5] = dlstm8mmn.a

  44 154 bytes of readonly  code memory
  11 503 bytes of readonly  data memory
   5 997 bytes of readwrite data memory

Errors: none
Warnings: none
