###############################################################################
#
# IAR ELF Linker V2.20.1.176 for STM8                     14/Dec/2017  10:12:11
# Copyright 2010-2015 IAR Systems AB.
#
#    Output file  =  E:\1-source\A508\PRJ\Debug\Exe\A508_DEMO1.out
#    Map file     =  E:\1-source\A508\PRJ\Debug\List\A508_DEMO1.map
#    Command line =  
#        E:\1-source\A508\PRJ\Debug\Obj\ApiAtCmd.o
#        E:\1-source\A508\PRJ\Debug\Obj\ApiDisplay.o
#        E:\1-source\A508\PRJ\Debug\Obj\ApiKeyboard.o
#        E:\1-source\A508\PRJ\Debug\Obj\ApiLED.o
#        E:\1-source\A508\PRJ\Debug\Obj\ApiPocCmd.o
#        E:\1-source\A508\PRJ\Debug\Obj\Beep.o
#        E:\1-source\A508\PRJ\Debug\Obj\CommonLib.o
#        E:\1-source\A508\PRJ\Debug\Obj\Delay.o
#        E:\1-source\A508\PRJ\Debug\Obj\DrvGD83.o
#        E:\1-source\A508\PRJ\Debug\Obj\DrvGT20L16S1Y.o
#        E:\1-source\A508\PRJ\Debug\Obj\DrvHTG12832.o
#        E:\1-source\A508\PRJ\Debug\Obj\DrvKeyboard.o
#        E:\1-source\A508\PRJ\Debug\Obj\Flash_eeprom.o
#        E:\1-source\A508\PRJ\Debug\Obj\main.o
#        E:\1-source\A508\PRJ\Debug\Obj\McuConfig.o
#        E:\1-source\A508\PRJ\Debug\Obj\stm8s_adc2.o
#        E:\1-source\A508\PRJ\Debug\Obj\stm8s_awu.o
#        E:\1-source\A508\PRJ\Debug\Obj\stm8s_beep.o
#        E:\1-source\A508\PRJ\Debug\Obj\stm8s_clk.o
#        E:\1-source\A508\PRJ\Debug\Obj\stm8s_exti.o
#        E:\1-source\A508\PRJ\Debug\Obj\stm8s_flash.o
#        E:\1-source\A508\PRJ\Debug\Obj\stm8s_gpio.o
#        E:\1-source\A508\PRJ\Debug\Obj\stm8s_i2c.o
#        E:\1-source\A508\PRJ\Debug\Obj\stm8s_it.o
#        E:\1-source\A508\PRJ\Debug\Obj\stm8s_itc.o
#        E:\1-source\A508\PRJ\Debug\Obj\stm8s_iwdg.o
#        E:\1-source\A508\PRJ\Debug\Obj\stm8s_rst.o
#        E:\1-source\A508\PRJ\Debug\Obj\stm8s_spi.o
#        E:\1-source\A508\PRJ\Debug\Obj\stm8s_tim1.o
#        E:\1-source\A508\PRJ\Debug\Obj\stm8s_tim2.o
#        E:\1-source\A508\PRJ\Debug\Obj\stm8s_tim3.o
#        E:\1-source\A508\PRJ\Debug\Obj\stm8s_tim4.o
#        E:\1-source\A508\PRJ\Debug\Obj\stm8s_uart1.o
#        E:\1-source\A508\PRJ\Debug\Obj\stm8s_uart3.o
#        E:\1-source\A508\PRJ\Debug\Obj\stm8s_wwdg.o
#        E:\1-source\A508\PRJ\Debug\Obj\sysclock.o
#        E:\1-source\A508\PRJ\Debug\Obj\System.o
#        E:\1-source\A508\PRJ\Debug\Obj\Task.o
#        E:\1-source\A508\PRJ\Debug\Obj\Tone.o
#        E:\1-source\A508\PRJ\Debug\Obj\uart3.o
#        E:\1-source\A508\PRJ\Debug\Obj\Voice.o --redirect _Printf=_PrintfSmall
#        --redirect _Scanf=_ScanfSmall -o
#        E:\1-source\A508\PRJ\Debug\Exe\A508_DEMO1.out --map
#        E:\1-source\A508\PRJ\Debug\List\A508_DEMO1.map --config "C:\Program
#        Files\IAR Systems\Embedded Workbench
#        7.3\stm8\config\lnkstm8s007c8.icf" --config_def _CSTACK_SIZE=0x100
#        --config_def _HEAP_SIZE=0x100 --entry __iar_program_start --debug_lib
#
###############################################################################

*******************************************************************************
*** RUNTIME MODEL ATTRIBUTES
***

__SystemLibrary            = DLib
__code_model               = small
__core                     = stm8
__data_model               = medium
__dlib_file_descriptor     = 0
__dlib_full_locale_support = 0
__rt_version               = 4


*******************************************************************************
*** PLACEMENT SUMMARY
***

"A1":  place at start of [0x000000-0x0000ff] { rw section .vregs };
"A2":  place at end of [0x000000-0x0017ff] { block CSTACK };
"P2":  place in [from 0x000000 to 0x0017ff] {
          block HEAP, rw section __DLIB_PERTHREAD, rw section .far.bss,
          rw section .far.data, rw section .far.noinit,
          rw section .far_func.textrw, rw section .huge.bss,
          rw section .huge.data, rw section .huge.noinit,
          rw section .huge_func.textrw, rw section .iar.dynexit,
          rw section .near.bss, rw section .near.data, rw section .near.noinit,
          rw section .near_func.textrw };
"A3":  place at start of [0x008000-0x00ffff] { block INTVEC };
"P3":  place in [from 0x008000 to 0x00ffff] {
          ro section __DLIB_PERTHREAD_init, ro section .far.data_init,
          ro section .far_func.textrw_init, ro section .huge.data_init,
          ro section .huge_func.textrw_init, ro section .iar.init_table,
          ro section .init_array, ro section .near.data_init,
          ro section .near.rodata, ro section .near_func.text,
          ro section .near_func.textrw_init, ro section .tiny.data_init,
          ro section .tiny.rodata_init };

  Section            Kind      Address    Size  Object
  -------            ----      -------    ----  ------
"A1":                                     0x10
  .vregs             uninit   0x000000    0x10  vregs.o [4]
                            - 0x000010    0x10

"P2", part 1 of 2:                        0x60
  P2-1                        0x000010    0x60  <Init block>
    .near.data       inited   0x000010     0x2  ApiAtCmd.o [1]
    .near.data       inited   0x000012     0x1  ApiAtCmd.o [1]
    .near.data       inited   0x000013     0x2  ApiAtCmd.o [1]
    .near.data       inited   0x000015     0x2  ApiAtCmd.o [1]
    .near.data       inited   0x000017     0x2  ApiAtCmd.o [1]
    .near.data       inited   0x000019     0x2  ApiAtCmd.o [1]
    .near.data       inited   0x00001b     0x2  ApiAtCmd.o [1]
    .near.data       inited   0x00001d     0x2  ApiAtCmd.o [1]
    .near.data       inited   0x00001f     0x2  ApiAtCmd.o [1]
    .near.data       inited   0x000021     0x2  ApiKeyboard.o [1]
    .near.data       inited   0x000023     0x1  ApiKeyboard.o [1]
    .near.data       inited   0x000024     0x2  ApiPocCmd.o [1]
    .near.data       inited   0x000026     0x2  DrvGD83.o [1]
    .near.data       inited   0x000028     0x2  DrvGD83.o [1]
    .near.data       inited   0x00002a     0x2  DrvGD83.o [1]
    .near.data       inited   0x00002c     0x8  DrvGT20L16S1Y.o [1]
    .near.data       inited   0x000034    0x20  DrvGT20L16S1Y.o [1]
    .near.data       inited   0x000054     0x2  System.o [1]
    .near.data       inited   0x000056     0x2  Task.o [1]
    .near.data       inited   0x000058     0x2  Task.o [1]
    .near.data       inited   0x00005a     0x2  Task.o [1]
    .near.data       inited   0x00005c     0x2  Task.o [1]
    .near.data       inited   0x00005e     0x2  Task.o [1]
    .near.data       inited   0x000060     0x2  Task.o [1]
    .near.data       inited   0x000062     0x2  Task.o [1]
    .near.data       inited   0x000064     0x2  Task.o [1]
    .near.data       inited   0x000066     0x2  Task.o [1]
    .near.data       inited   0x000068     0x2  Task.o [1]
    .near.data       inited   0x00006a     0x2  Task.o [1]
    .near.data       inited   0x00006c     0x2  Task.o [1]
    .near.data       inited   0x00006e     0x2  Task.o [1]
                            - 0x000070    0x60

"P2", part 2 of 2:                      0x1516
  .near.bss          zero     0x000070   0xef5  ApiPocCmd.o [1]
  .near.bss          zero     0x000f65   0x28a  DrvGD83.o [1]
  .near.bss          zero     0x0011ef   0x200  ApiDisplay.o [1]
  .near.bss          zero     0x0013ef    0x77  ApiAtCmd.o [1]
  .near.bss          zero     0x001466    0x44  uart3.o [1]
  .near.bss          zero     0x0014aa    0x40  ApiDisplay.o [1]
  .near.bss          zero     0x0014ea    0x32  DrvGD83.o [1]
  .near.bss          zero     0x00151c    0x14  System.o [1]
  .near.bss          zero     0x001530    0x12  Beep.o [1]
  .near.bss          zero     0x001542    0x12  Tone.o [1]
  .near.bss          zero     0x001554     0xb  Delay.o [1]
  .near.bss          zero     0x00155f     0x8  System.o [1]
  .near.bss          zero     0x001567     0x6  Voice.o [1]
  .near.bss          zero     0x00156d     0x4  ApiDisplay.o [1]
  .near.bss          zero     0x001571     0x4  uart3.o [1]
  .near.bss          zero     0x001575     0x2  DrvHTG12832.o [1]
  .near.bss          zero     0x001577     0x1  ApiAtCmd.o [1]
  .near.bss          zero     0x001578     0x1  ApiAtCmd.o [1]
  .near.bss          zero     0x001579     0x1  ApiAtCmd.o [1]
  .near.bss          zero     0x00157a     0x1  ApiAtCmd.o [1]
  .near.bss          zero     0x00157b     0x1  ApiAtCmd.o [1]
  .near.bss          zero     0x00157c     0x1  ApiKeyboard.o [1]
  .near.bss          zero     0x00157d     0x1  ApiKeyboard.o [1]
  .near.bss          zero     0x00157e     0x1  ApiKeyboard.o [1]
  .near.bss          zero     0x00157f     0x1  ApiKeyboard.o [1]
  .near.bss          zero     0x001580     0x1  ApiLED.o [1]
  .near.bss          zero     0x001581     0x1  ApiPocCmd.o [1]
  .near.bss          zero     0x001582     0x1  DrvGD83.o [1]
  .near.bss          zero     0x001583     0x1  Task.o [1]
  .near.bss          zero     0x001584     0x1  Task.o [1]
  .near.bss          zero     0x001585     0x1  Task.o [1]
                            - 0x001586  0x1516

"A2":                                    0x100
  CSTACK                      0x001700   0x100  <Block>
    CSTACK           uninit   0x001700   0x100  <Block tail>
                            - 0x001800   0x100

"A3":                                     0x80
  INTVEC                      0x008000    0x80  <Block>
    .intvec          const    0x008000    0x80  interrupt.o [4]
                            - 0x008080    0x80

"P3":                                   0x4f9a
  .near_func.text    ro code  0x008080   0x635  DrvGD83.o [1]
  .near.rodata       const    0x0086b5   0x400  ApiDisplay.o [1]
  .near_func.text    ro code  0x008ab5   0x2fe  ApiKeyboard.o [1]
  .near_func.text    ro code  0x008db3   0x2fa  Beep.o [1]
  .near_func.text    ro code  0x0090ad   0x297  ApiPocCmd.o [1]
  .near_func.text    ro code  0x009344   0x219  DrvHTG12832.o [1]
  .near_func.text    ro code  0x00955d   0x1e7  DrvKeyboard.o [1]
  .near_func.text    ro code  0x009744   0x1bb  Task.o [1]
  .near_func.text    ro code  0x0098ff   0x1aa  Task.o [1]
  .near_func.text    ro code  0x009aa9   0x1aa  uart3.o [1]
  .near_func.text    ro code  0x009c53   0x19a  DrvGT20L16S1Y.o [1]
  .near_func.text    ro code  0x009ded   0x17a  long.o [4]
  .near_func.text    ro code  0x009f67   0x175  System.o [1]
  .near_func.text    ro code  0x00a0dc   0x139  DrvKeyboard.o [1]
  .near_func.text    ro code  0x00a215   0x136  DrvKeyboard.o [1]
  .near_func.text    ro code  0x00a34b   0x134  stm8s_uart1.o [1]
  .near_func.text    ro code  0x00a47f   0x12b  ApiPocCmd.o [1]
  .near_func.text    ro code  0x00a5aa   0x125  vreg_util.o [4]
  .near_func.text    ro code  0x00a6cf   0x105  stm8s_uart3.o [1]
  .near_func.text    ro code  0x00a7d4   0x104  uart3.o [1]
  .near_func.text    ro code  0x00a8d8   0x101  stm8s_itc.o [1]
  .near_func.text    ro code  0x00a9d9    0xe5  ApiKeyboard.o [1]
  .near_func.text    ro code  0x00aabe    0xe1  DrvGD83.o [1]
  .near_func.text    ro code  0x00ab9f    0xdf  ApiDisplay.o [1]
  .near_func.text    ro code  0x00ac7e    0xdb  CommonLib.o [1]
  .near_func.text    ro code  0x00ad59    0xc4  uart3.o [1]
  .near_func.text    ro code  0x00ae1d    0xc0  ApiDisplay.o [1]
  .near_func.text    ro code  0x00aedd    0xb8  uart3.o [1]
  .near_func.text    ro code  0x00af95    0xb4  stm8s_uart3.o [1]
  .near_func.text    ro code  0x00b049    0xb2  ApiDisplay.o [1]
  .near_func.text    ro code  0x00b0fb    0xaf  ApiAtCmd.o [1]
  .near_func.text    ro code  0x00b1aa    0xaf  stm8s_gpio.o [1]
  .near_func.text    ro code  0x00b259    0xa2  Delay.o [1]
  .near_func.text    ro code  0x00b2fb    0xa2  stm8s_clk.o [1]
  .near_func.text    ro code  0x00b39d    0x99  stm8s_tim1.o [1]
  .near_func.text    ro code  0x00b436    0x99  Voice.o [1]
  .near_func.text    ro code  0x00b4cf    0x90  stm8s_uart1.o [1]
  .near_func.text    ro code  0x00b55f    0x8f  ApiDisplay.o [1]
  .near_func.text    ro code  0x00b5ee    0x8e  ApiAtCmd.o [1]
  .near_func.text    ro code  0x00b67c    0x8e  uart3.o [1]
  .near_func.text    ro code  0x00b70a    0x8c  stm8s_uart3.o [1]
  .near_func.text    ro code  0x00b796    0x8a  DrvKeyboard.o [1]
  .near_func.text    ro code  0x00b820    0x7a  DrvGD83.o [1]
  .near_func.text    ro code  0x00b89a    0x73  Delay.o [1]
  .near_func.text    ro code  0x00b90d    0x6d  uart3.o [1]
  .near_func.text    ro code  0x00b97a    0x6c  DrvKeyboard.o [1]
  .near_func.text    ro code  0x00b9e6    0x6c  stm8s_uart1.o [1]
  .near_func.text    ro code  0x00ba52    0x68  ApiAtCmd.o [1]
  .near_func.text    ro code  0x00baba    0x67  Tone.o [1]
  .near_func.text    ro code  0x00bb21    0x61  stm8s_tim1.o [1]
  Initializer bytes  const    0x00bb82    0x60  <for P2-1>
  .near_func.text    ro code  0x00bbe2    0x5f  DrvGT20L16S1Y.o [1]
  .near_func.text    ro code  0x00bc41    0x5b  ApiLED.o [1]
  .near_func.text    ro code  0x00bc9c    0x5a  ApiDisplay.o [1]
  .near_func.text    ro code  0x00bcf6    0x5a  DrvGT20L16S1Y.o [1]
  .near_func.text    ro code  0x00bd50    0x57  stm8s_clk.o [1]
  .near_func.text    ro code  0x00bda7    0x54  Delay.o [1]
  .near.rodata       const    0x00bdfb    0x53  Task.o [1]
  .near_func.text    ro code  0x00be4e    0x53  ApiAtCmd.o [1]
  .near_func.text    ro code  0x00bea1    0x50  uart3.o [1]
  .near_func.text    ro code  0x00bef1    0x50  uart3.o [1]
  .near_func.text    ro code  0x00bf41    0x4e  Tone.o [1]
  .near_func.text    ro code  0x00bf8f    0x4d  Delay.o [1]
  .near_func.text    ro code  0x00bfdc    0x4c  DrvGD83.o [1]
  .near_func.text    ro code  0x00c028    0x4c  DrvGT20L16S1Y.o [1]
  .near_func.text    ro code  0x00c074    0x4b  uart3.o [1]
  .near_func.text    ro code  0x00c0bf    0x4a  ApiDisplay.o [1]
  .near_func.text    ro code  0x00c109    0x49  DrvGD83.o [1]
  .near_func.text    ro code  0x00c152    0x49  DrvGD83.o [1]
  .near_func.text    ro code  0x00c19b    0x49  DrvGD83.o [1]
  .near_func.text    ro code  0x00c1e4    0x49  stm8s_uart3.o [1]
  .near_func.text    ro code  0x00c22d    0x47  long_util.o [4]
  .near_func.text    ro code  0x00c274    0x43  stm8s_tim1.o [1]
  .near_func.text    const    0x00c2b7    0x40  ApiDisplay.o [1]
  .near_func.text    ro code  0x00c2f7    0x40  Task.o [1]
  .near_func.text    ro code  0x00c337    0x3e  uart3.o [1]
  .near_func.text    ro code  0x00c375    0x39  short.o [4]
  .near_func.text    ro code  0x00c3ae    0x36  DrvGT20L16S1Y.o [1]
  .near_func.text    ro code  0x00c3e4    0x36  stm8s_flash.o [1]
  .near_func.text    ro code  0x00c41a    0x36  memcmp.o [4]
  .near_func.text    ro code  0x00c450    0x35  Flash_eeprom.o [1]
  .near_func.text    ro code  0x00c485    0x35  uart3.o [1]
  .near_func.text    ro code  0x00c4ba    0x34  ApiDisplay.o [1]
  .near_func.text    ro code  0x00c4ee    0x33  ApiDisplay.o [1]
  .near_func.text    ro code  0x00c521    0x33  DrvGT20L16S1Y.o [1]
  .near_func.text    ro code  0x00c554    0x32  Beep.o [1]
  .near_func.text    ro code  0x00c586    0x32  stm8s_uart1.o [1]
  .near.rodata       const    0x00c5b8    0x31  Task.o [1]
  .near_func.text    ro code  0x00c5e9    0x30  McuConfig.o [1]
  .near_func.text    ro code  0x00c619    0x30  sysclock.o [1]
  .near_func.text    ro code  0x00c649    0x2d  stm8s_uart1.o [1]
  .near_func.text    ro code  0x00c676    0x2c  DrvGD83.o [1]
  .near.rodata       const    0x00c6a2    0x2a  Task.o [1]
  .near_func.text    ro code  0x00c6cc    0x2a  McuConfig.o [1]
  .near_func.text    ro code  0x00c6f6    0x28  Delay.o [1]
  .near_func.text    ro code  0x00c71e    0x28  init_small.o [4]
  .near_func.text    ro code  0x00c746    0x27  stm8s_flash.o [1]
  .near_func.text    ro code  0x00c76d    0x27  sysclock.o [1]
  .near_func.text    ro code  0x00c794    0x25  stm8s_uart3.o [1]
  .near_func.text    ro code  0x00c7b9    0x25  memcpy.o [4]
  .near_func.text    ro code  0x00c7de    0x25  dc_util.o [4]
  .near_func.text    ro code  0x00c803    0x24  McuConfig.o [1]
  .near_func.text    ro code  0x00c827    0x24  McuConfig.o [1]
  .near_func.text    ro code  0x00c84b    0x24  stm8s_flash.o [1]
  .near_func.text    ro code  0x00c86f    0x24  stm8s_tim1.o [1]
  .near_func.text    ro code  0x00c893    0x23  Tone.o [1]
  .near_func.text    ro code  0x00c8b6    0x22  ApiPocCmd.o [1]
  .near_func.text    ro code  0x00c8d8    0x21  ApiPocCmd.o [1]
  .iar.init_table    const    0x00c8f9    0x12  - Linker created -
  .near_func.text    ro code  0x00c90b    0x20  ApiPocCmd.o [1]
  .near_func.text    ro code  0x00c92b    0x20  ApiPocCmd.o [1]
  .near_func.text    ro code  0x00c94b    0x20  stm8s_it.o [1]
  .near_func.text    ro code  0x00c96b    0x1f  Delay.o [1]
  .near_func.text    ro code  0x00c98a    0x1f  move.o [4]
  .near_func.text    ro code  0x00c9a9    0x1e  init_small.o [4]
  .near.rodata       const    0x00c9c7    0x1d  Task.o [1]
  .near_func.text    ro code  0x00c9e4    0x1c  Delay.o [1]
  .near_func.text    ro code  0x00ca00    0x1b  stm8s_it.o [1]
  .near_func.text    ro code  0x00ca1b    0x1b  sysclock.o [1]
  .near_func.text    ro code  0x00ca36    0x1a  Beep.o [1]
  .near.rodata       const    0x00ca50    0x18  Task.o [1]
  .near_func.text    ro code  0x00ca68    0x18  McuConfig.o [1]
  .near_func.text    ro code  0x00ca80    0x18  McuConfig.o [1]
  .near_func.text    ro code  0x00ca98    0x17  McuConfig.o [1]
  .near_func.text    ro code  0x00caaf    0x17  McuConfig.o [1]
  .near_func.text    ro code  0x00cac6    0x17  McuConfig.o [1]
  .near_func.text    ro code  0x00cadd    0x17  McuConfig.o [1]
  .near_func.text    ro code  0x00caf4    0x17  McuConfig.o [1]
  .near_func.text    ro code  0x00cb0b    0x17  memset.o [4]
  .near_func.text    ro code  0x00cb22    0x17  init.o [4]
  .near_func.text    ro code  0x00cb39    0x16  stm8s_flash.o [1]
  .near_func.text    ro code  0x00cb4f    0x16  stm8s_it.o [1]
  .near_func.text    ro code  0x00cb65    0x15  ApiDisplay.o [1]
  .near_func.text    ro code  0x00cb7a    0x15  uart3.o [1]
  .near_func.text    ro code  0x00cb8f    0x14  DrvGT20L16S1Y.o [1]
  .near_func.text    ro code  0x00cba3    0x14  stm8s_flash.o [1]
  .near_func.text    ro code  0x00cbb7    0x14  __dbg_xxexit.o [3]
  .near.rodata       const    0x00cbcb    0x13  Task.o [1]
  .near.rodata       const    0x00cbde    0x13  Task.o [1]
  .near_func.text    ro code  0x00cbf1    0x13  stm8s_clk.o [1]
  .near_func.text    ro code  0x00cc04    0x13  stm8s_tim3.o [1]
  .near_func.text    ro code  0x00cc17    0x13  cstartup.o [4]
  .near_func.text    ro code  0x00cc2a    0x12  ApiPocCmd.o [1]
  .near_func.text    ro code  0x00cc3c    0x12  ApiPocCmd.o [1]
  .near_func.text    ro code  0x00cc4e    0x12  uart3.o [1]
  .near_func.text    ro code  0x00cc60    0x12  strlen.o [4]
  .near.rodata       const    0x00cc72    0x11  ApiKeyboard.o [1]
  .near.rodata       const    0x00cc83    0x11  ApiKeyboard.o [1]
  .near.rodata       const    0x00cc94    0x11  ApiKeyboard.o [1]
  .near.rodata       const    0x00cca5    0x11  System.o [1]
  .near.rodata       const    0x00ccb6    0x11  Task.o [1]
  .near.rodata       const    0x00ccc7    0x11  Task.o [1]
  .near.rodata       const    0x00ccd8    0x11  Task.o [1]
  .near.rodata       const    0x00cce9    0x11  Task.o [1]
  .near.rodata       const    0x00ccfa    0x11  Task.o [1]
  .near.rodata       const    0x00cd0b    0x11  Task.o [1]
  .near.rodata       const    0x00cd1c    0x11  Task.o [1]
  .near.rodata       const    0x00cd2d    0x11  Task.o [1]
  .near.rodata       const    0x00cd3e    0x11  Task.o [1]
  .near_func.text    ro code  0x00cd4f    0x11  ApiPocCmd.o [1]
  .near_func.text    ro code  0x00cd60    0x11  ApiPocCmd.o [1]
  .near.rodata       const    0x00cd71    0x10  ApiDisplay.o [1]
  .near.rodata       const    0x00cd81    0x10  ApiDisplay.o [1]
  .near.rodata       const    0x00cd91    0x10  uart3.o [1]
  .near.rodata       const    0x00cda1     0xf  ApiKeyboard.o [1]
  .near.rodata       const    0x00cdb0     0xf  Task.o [1]
  .near.rodata       const    0x00cdbf     0xf  Task.o [1]
  .near_func.text    ro code  0x00cdce     0xf  Voice.o [1]
  .near.rodata       const    0x00cddd     0xe  Task.o [1]
  .near_func.text    ro code  0x00cdeb     0xe  uart3.o [1]
  .near.rodata       const    0x00cdf9     0xd  ApiPocCmd.o [1]
  .near.rodata       const    0x00ce06     0xd  ApiPocCmd.o [1]
  .near.rodata       const    0x00ce13     0xd  Task.o [1]
  .near_func.text    ro code  0x00ce20     0xd  stm8s_tim1.o [1]
  .near_func.text    ro code  0x00ce2d     0xd  stm8s_tim1.o [1]
  .near_func.text    ro code  0x00ce3a     0xd  stm8s_tim1.o [1]
  .near_func.text    ro code  0x00ce47     0xd  stm8s_tim3.o [1]
  .near_func.text    ro code  0x00ce54     0xd  stm8s_tim3.o [1]
  .near_func.text    ro code  0x00ce61     0xd  stm8s_uart1.o [1]
  .near_func.text    ro code  0x00ce6e     0xd  stm8s_uart3.o [1]
  .near_func.text    ro code  0x00ce7b     0xc  McuConfig.o [1]
  .near_func.text    ro code  0x00ce87     0xc  McuConfig.o [1]
  .near_func.text    ro code  0x00ce93     0xc  McuConfig.o [1]
  .near_func.text    ro code  0x00ce9f     0xc  McuConfig.o [1]
  .near_func.text    ro code  0x00ceab     0xc  stm8s_tim3.o [1]
  .near.rodata       const    0x00ceb7     0xb  ApiAtCmd.o [1]
  .near.rodata       const    0x00cec2     0xb  Task.o [1]
  .near_func.text    ro code  0x00cecd     0xb  char.o [4]
  .near.rodata       const    0x00ced8     0xa  ApiAtCmd.o [1]
  .near.rodata       const    0x00cee2     0xa  Task.o [1]
  .near_func.text    ro code  0x00ceec     0xa  ApiPocCmd.o [1]
  .near_func.text    ro code  0x00cef6     0xa  ApiPocCmd.o [1]
  .near.rodata       const    0x00cf00     0x9  ApiAtCmd.o [1]
  .near.rodata       const    0x00cf09     0x9  ApiAtCmd.o [1]
  .near.rodata       const    0x00cf12     0x9  ApiAtCmd.o [1]
  .near.rodata       const    0x00cf1b     0x9  DrvGD83.o [1]
  .near.rodata       const    0x00cf24     0x9  System.o [1]
  .near.rodata       const    0x00cf2d     0x9  Task.o [1]
  .near_func.text    ro code  0x00cf36     0x9  stm8s_gpio.o [1]
  .near_func.text    ro code  0x00cf3f     0x9  stm8s_tim3.o [1]
  .near.rodata       const    0x00cf48     0x8  ApiDisplay.o [1]
  .near.rodata       const    0x00cf50     0x8  ApiPocCmd.o [1]
  .near.rodata       const    0x00cf58     0x8  Task.o [1]
  .near.rodata       const    0x00cf60     0x7  ApiAtCmd.o [1]
  .near.rodata       const    0x00cf67     0x7  ApiAtCmd.o [1]
  .near.rodata       const    0x00cf6e     0x7  ApiAtCmd.o [1]
  .near.rodata       const    0x00cf75     0x7  Task.o [1]
  .near.rodata       const    0x00cf7c     0x7  Task.o [1]
  .near_func.text    ro code  0x00cf83     0x7  stm8s_flash.o [1]
  .near_func.text    ro code  0x00cf8a     0x7  stm8s_gpio.o [1]
  .near.rodata       const    0x00cf91     0x6  DrvGD83.o [1]
  .near.rodata       const    0x00cf97     0x6  System.o [1]
  .near_func.text    ro code  0x00cf9d     0x5  stm8s_flash.o [1]
  .near_func.text    ro code  0x00cfa2     0x5  stm8s_flash.o [1]
  .near_func.text    ro code  0x00cfa7     0x5  stm8s_tim3.o [1]
  .near_func.text    ro code  0x00cfac     0x5  cexit.o [4]
  .near.rodata       const    0x00cfb1     0x4  stm8s_clk.o [1]
  .near.rodata       const    0x00cfb5     0x4  uart3.o [1]
  .near_func.text    ro code  0x00cfb9     0x4  ApiPocCmd.o [1]
  .near_func.text    ro code  0x00cfbd     0x4  ApiPocCmd.o [1]
  .near_func.text    ro code  0x00cfc1     0x4  ApiPocCmd.o [1]
  .near_func.text    ro code  0x00cfc5     0x4  ApiPocCmd.o [1]
  .near_func.text    ro code  0x00cfc9     0x4  ApiPocCmd.o [1]
  .near_func.text    ro code  0x00cfcd     0x4  ApiPocCmd.o [1]
  .near_func.text    ro code  0x00cfd1     0x4  stm8s_gpio.o [1]
  .near_func.text    ro code  0x00cfd5     0x4  stm8s_uart1.o [1]
  .near_func.text    ro code  0x00cfd9     0x4  stm8s_uart1.o [1]
  .near_func.text    ro code  0x00cfdd     0x4  stm8s_uart3.o [1]
  .near_func.text    ro code  0x00cfe1     0x4  stm8s_uart3.o [1]
  .near_func.text    ro code  0x00cfe5     0x4  System.o [1]
  .near.rodata       const    0x00cfe9     0x3  DrvGD83.o [1]
  .near.rodata       const    0x00cfec     0x3  uart3.o [1]
  .near.rodata       const    0x00cfef     0x3  uart3.o [1]
  .near_func.text    ro code  0x00cff2     0x3  main.o [1]
  .near_func.text    ro code  0x00cff5     0x3  Task.o [1]
  .near_func.text    ro code  0x00cff8     0x3  interrupt.o [4]
  .near_func.text    ro code  0x00cffb     0x3  low_level_init.o [4]
  .near_func.text    ro code  0x00cffe     0x3  exit.o [4]
  .near_func.text    ro code  0x00d001     0x3  unhandled_exception.o [4]
  .near_func.text    ro code  0x00d004     0x1  stm8s_it.o [1]
  .near_func.text    ro code  0x00d005     0x1  stm8s_it.o [1]
  .near_func.text    ro code  0x00d006     0x1  stm8s_it.o [1]
  .near_func.text    ro code  0x00d007     0x1  stm8s_it.o [1]
  .near_func.text    ro code  0x00d008     0x1  stm8s_it.o [1]
  .near_func.text    ro code  0x00d009     0x1  stm8s_it.o [1]
  .near_func.text    ro code  0x00d00a     0x1  stm8s_it.o [1]
  .near_func.text    ro code  0x00d00b     0x1  stm8s_it.o [1]
  .near_func.text    ro code  0x00d00c     0x1  stm8s_it.o [1]
  .near_func.text    ro code  0x00d00d     0x1  stm8s_it.o [1]
  .near_func.text    ro code  0x00d00e     0x1  stm8s_it.o [1]
  .near_func.text    ro code  0x00d00f     0x1  stm8s_it.o [1]
  .near_func.text    ro code  0x00d010     0x1  stm8s_it.o [1]
  .near_func.text    ro code  0x00d011     0x1  stm8s_it.o [1]
  .near_func.text    ro code  0x00d012     0x1  stm8s_it.o [1]
  .near_func.text    ro code  0x00d013     0x1  stm8s_it.o [1]
  .near_func.text    ro code  0x00d014     0x1  stm8s_it.o [1]
  .near_func.text    ro code  0x00d015     0x1  stm8s_it.o [1]
  .near_func.text    ro code  0x00d016     0x1  stm8s_it.o [1]
  .near_func.text    ro code  0x00d017     0x1  stm8s_it.o [1]
  .near_func.text    ro code  0x00d018     0x1  stm8s_it.o [1]
  .near_func.text    ro code  0x00d019     0x1  __dbg_break.o [3]
                            - 0x00d01a  0x4f9a


*******************************************************************************
*** INIT TABLE
***

          Address   Size
          -------   ----
Zero (__iar_zero_init2)
    1 destination range, total size 0x1516:
          0x000070  0x1516

Copy (__iar_copy_init2)
    1 source range, total size 0x60:
          0x00bb82    0x60
    1 destination range, total size 0x60:
          0x000010    0x60



*******************************************************************************
*** MODULE SUMMARY
***

    Module                 ro code  ro data  rw data
    ------                 -------  -------  -------
E:\1-source\A508\PRJ\Debug\Obj: [1]
    ApiAtCmd.o                 504       86      141
    ApiDisplay.o             1 024    1 128      580
    ApiKeyboard.o              995       69        7
    ApiLED.o                    91                 1
    ApiPocCmd.o              1 207       36    3 832
    Beep.o                     838                18
    CommonLib.o                219
    Delay.o                    537                11
    DrvGD83.o                2 275       24      707
    DrvGT20L16S1Y.o            796       40       40
    DrvHTG12832.o              537                 2
    DrvKeyboard.o            1 356
    Flash_eeprom.o              53
    McuConfig.o                373
    System.o                   377       34       30
    Task.o                     936      553       29
    Tone.o                     216                18
    Voice.o                    168                 6
    main.o                       3
    stm8s_clk.o                268        4
    stm8s_flash.o              188
    stm8s_gpio.o               195
    stm8s_it.o                 102
    stm8s_itc.o                257
    stm8s_tim1.o               392
    stm8s_tim3.o                71
    stm8s_uart1.o              676
    stm8s_uart3.o              712
    sysclock.o                 114
    uart3.o                  1 720       26       72
    ------------------------------------------------
    Total:                  17 200    2 000    5 494

command line: [2]
    ------------------------------------------------
    Total:

dbgstm8smd.a: [3]
    __dbg_break.o                1
    __dbg_xxexit.o              20
    ------------------------------------------------
    Total:                      21

dlstm8smn.a: [4]
    cexit.o                      5
    char.o                      11
    cstartup.o                  19
    dc_util.o                   37
    exit.o                       3
    init.o                      23
    init_small.o                70
    interrupt.o                  3      128
    long.o                     378
    long_util.o                 71
    low_level_init.o             3
    memcmp.o                    54
    memcpy.o                    37
    memset.o                    23
    move.o                      31
    short.o                     57
    strlen.o                    18
    unhandled_exception.o        3
    vreg_util.o                293
    vregs.o                                       16
    ------------------------------------------------
    Total:                   1 139      128       16

    Linker created                       18      256
----------------------------------------------------
    Grand Total:            18 360    2 146    5 766


*******************************************************************************
*** ENTRY LIST
***

Entry                    Address   Size  Type      Object
-----                    -------   ----  ----      ------
.iar.init_table$$Base   0x00c8f9          --   Gb  - Linker created -
.iar.init_table$$Limit  0x00c90b          --   Gb  - Linker created -
?add32_l0_l0_0x         0x009df0         Code  Gb  long.o [4]
?add32_l0_l0_l1         0x009ded         Code  Gb  long.o [4]
?b0                     0x000000         Data  Gb  vregs.o [4]
?b1                     0x000001         Data  Gb  vregs.o [4]
?b10                    0x00000a         Data  Gb  vregs.o [4]
?b11                    0x00000b         Data  Gb  vregs.o [4]
?b12                    0x00000c         Data  Gb  vregs.o [4]
?b13                    0x00000d         Data  Gb  vregs.o [4]
?b14                    0x00000e         Data  Gb  vregs.o [4]
?b15                    0x00000f         Data  Gb  vregs.o [4]
?b2                     0x000002         Data  Gb  vregs.o [4]
?b3                     0x000003         Data  Gb  vregs.o [4]
?b4                     0x000004         Data  Gb  vregs.o [4]
?b5                     0x000005         Data  Gb  vregs.o [4]
?b6                     0x000006         Data  Gb  vregs.o [4]
?b7                     0x000007         Data  Gb  vregs.o [4]
?b8                     0x000008         Data  Gb  vregs.o [4]
?b9                     0x000009         Data  Gb  vregs.o [4]
?dc32_l0                0x00c7de         Code  Gb  dc_util.o [4]
?dc32_l1                0x00c7eb         Code  Gb  dc_util.o [4]
?dc32_px                0x00c7f8         Code  Gb  dc_util.o [4]
?e0                     0x000001         Data  Gb  vregs.o [4]
?e1                     0x000005         Data  Gb  vregs.o [4]
?e2                     0x000009         Data  Gb  vregs.o [4]
?e3                     0x00000d         Data  Gb  vregs.o [4]
?epilogue_l2            0x00a651         Code  Gb  vreg_util.o [4]
?epilogue_l2_l3         0x00a64e         Code  Gb  vreg_util.o [4]
?epilogue_l2_w6         0x00a655         Code  Gb  vreg_util.o [4]
?epilogue_w4            0x00a65c         Code  Gb  vreg_util.o [4]
?l0                     0x000000         Data  Gb  vregs.o [4]
?l1                     0x000004         Data  Gb  vregs.o [4]
?l2                     0x000008         Data  Gb  vregs.o [4]
?l3                     0x00000c         Data  Gb  vregs.o [4]
?load32_0x_l0           0x00c266         Code  Gb  long_util.o [4]
?load32_asp_l0          0x00c25a         Code  Gb  long_util.o [4]
?load32_dbsp_l0         0x00c255         Code  Gb  long_util.o [4]
?load32_l0_0x           0x00c23d         Code  Gb  long_util.o [4]
?load32_l0_asp          0x00c232         Code  Gb  long_util.o [4]
?load32_l0_dbsp         0x00c22d         Code  Gb  long_util.o [4]
?load32_l0_xsp          0x00c234         Code  Gb  long_util.o [4]
?load32_l1_0x           0x00c249         Code  Gb  long_util.o [4]
?load32_xsp_l0          0x00c25c         Code  Gb  long_util.o [4]
?longfarg16_v_w0_a      0x00c997         Code  Gb  move.o [4]
?longfarg16_v_w0_x      0x00c999         Code  Gb  move.o [4]
?mov_e0_e1              0x00a66a         Code  Gb  vreg_util.o [4]
?mov_e0_e2              0x00a677         Code  Gb  vreg_util.o [4]
?mov_e0_e3              0x00a684         Code  Gb  vreg_util.o [4]
?mov_e1_e0              0x00a691         Code  Gb  vreg_util.o [4]
?mov_e1_e2              0x00a69e         Code  Gb  vreg_util.o [4]
?mov_e1_e3              0x00a6ab         Code  Gb  vreg_util.o [4]
?mov_e2_e0              0x00a6b8         Code  Gb  vreg_util.o [4]
?mov_e3_e0              0x00a6c5         Code  Gb  vreg_util.o [4]
?mov_l0_l1              0x00a667         Code  Gb  vreg_util.o [4]
?mov_l0_l2              0x00a674         Code  Gb  vreg_util.o [4]
?mov_l0_l3              0x00a681         Code  Gb  vreg_util.o [4]
?mov_l1_l0              0x00a68e         Code  Gb  vreg_util.o [4]
?mov_l1_l2              0x00a69b         Code  Gb  vreg_util.o [4]
?mov_l1_l3              0x00a6a8         Code  Gb  vreg_util.o [4]
?mov_l2_l0              0x00a6b5         Code  Gb  vreg_util.o [4]
?mov_l3_l0              0x00a6c2         Code  Gb  vreg_util.o [4]
?mov_w1_w3              0x00a66d         Code  Gb  vreg_util.o [4]
?mov_w1_w5              0x00a67a         Code  Gb  vreg_util.o [4]
?mov_w1_w7              0x00a687         Code  Gb  vreg_util.o [4]
?mov_w2_w1              0x00a660         Code  Gb  vreg_util.o [4]
?mov_w3_w1              0x00a694         Code  Gb  vreg_util.o [4]
?mov_w3_w5              0x00a6a1         Code  Gb  vreg_util.o [4]
?mov_w3_w7              0x00a6ae         Code  Gb  vreg_util.o [4]
?mov_w5_w1              0x00a6bb         Code  Gb  vreg_util.o [4]
?mov_w7_w1              0x00a6c8         Code  Gb  vreg_util.o [4]
?move1616_v_x_y_a       0x00c98a         Code  Gb  move.o [4]
?mul16_x_x_w0           0x00c375         Code  Gb  short.o [4]
?mul32_l0_l0_0x         0x009e26         Code  Gb  long.o [4]
?mul32_l0_l0_dl         0x009e23         Code  Gb  long.o [4]
?mul32_l0_l0_l1         0x009e2f         Code  Gb  long.o [4]
?or32_l0_l0_0x          0x009f22         Code  Gb  long.o [4]
?pop_l0                 0x00a61a         Code  Gb  vreg_util.o [4]
?pop_l1                 0x00a625         Code  Gb  vreg_util.o [4]
?pop_l2                 0x00a630         Code  Gb  vreg_util.o [4]
?pop_l3                 0x00a63b         Code  Gb  vreg_util.o [4]
?pop_w4                 0x00a5cc         Code  Gb  vreg_util.o [4]
?pop_w6                 0x00a5d3         Code  Gb  vreg_util.o [4]
?pop_w7                 0x00a5da         Code  Gb  vreg_util.o [4]
?push_l0                0x00a5e9         Code  Gb  vreg_util.o [4]
?push_l1                0x00a5ee         Code  Gb  vreg_util.o [4]
?push_l2                0x00a5f3         Code  Gb  vreg_util.o [4]
?push_l3                0x00a5f8         Code  Gb  vreg_util.o [4]
?push_w4                0x00a5aa         Code  Gb  vreg_util.o [4]
?push_w6                0x00a5af         Code  Gb  vreg_util.o [4]
?push_w7                0x00a5b4         Code  Gb  vreg_util.o [4]
?sext16_x_a             0x00c3a7         Code  Gb  short.o [4]
?sext32_l0_x            0x009f5c         Code  Gb  long.o [4]
?sll16_x_x_4            0x00c39d         Code  Gb  short.o [4]
?sll16_x_x_5            0x00c39c         Code  Gb  short.o [4]
?sll16_x_x_6            0x00c39b         Code  Gb  short.o [4]
?sll16_x_x_a            0x00c393         Code  Gb  short.o [4]
?sll32_0x_0x_a          0x009f3d         Code  Gb  long.o [4]
?sll32_l0_l0_a          0x009f3a         Code  Gb  long.o [4]
?sra8_a_a_4             0x00ced3         Code  Gb  char.o [4]
?srl16_x_x_4            0x00c3a2         Code  Gb  short.o [4]
?srl32_0x_0x_a          0x009f4e         Code  Gb  long.o [4]
?srl32_l0_l0_a          0x009f4b         Code  Gb  long.o [4]
?srl8_a_a_5             0x00cece         Code  Gb  char.o [4]
?srl8_a_a_6             0x00cecd         Code  Gb  char.o [4]
?sub32_l0_l0_0x         0x009e0b         Code  Gb  long.o [4]
?sub32_l0_l0_l1         0x009e08         Code  Gb  long.o [4]
?udiv32_l0_dl_l1        0x009ead         Code  Gb  long.o [4]
?udiv32_l0_l0_dl        0x009eb2         Code  Gb  long.o [4]
?udiv32_l0_l0_l1        0x009eb5         Code  Gb  long.o [4]
?umod32_l1_l0_l1        0x009eb5         Code  Gb  long.o [4]
?w0                     0x000000         Data  Gb  vregs.o [4]
?w1                     0x000002         Data  Gb  vregs.o [4]
?w2                     0x000004         Data  Gb  vregs.o [4]
?w3                     0x000006         Data  Gb  vregs.o [4]
?w4                     0x000008         Data  Gb  vregs.o [4]
?w5                     0x00000a         Data  Gb  vregs.o [4]
?w6                     0x00000c         Data  Gb  vregs.o [4]
?w7                     0x00000e         Data  Gb  vregs.o [4]
ADC2_IRQHandler         0x00d016    0x1  Code  Gb  stm8s_it.o [1]
AF_Mute_Init            0x00ce87    0xc  Code  Gb  McuConfig.o [1]
AUDIO_IOAFMUT           0x00cadd   0x17  Code  Gb  McuConfig.o [1]
AUDIO_IOAFPOW           0x00caf4   0x17  Code  Gb  McuConfig.o [1]
AWU_IRQHandler          0x00d006    0x1  Code  Gb  stm8s_it.o [1]
ApiAtCmd_10msRenew      0x00b0fb   0xaf  Code  Gb  ApiAtCmd.o [1]
ApiAtCmd_GetGroupName   0x00cd4f   0x11  Code  Gb  ApiPocCmd.o [1]
ApiAtCmd_GetGroupNameLen
                        0x00cc2a   0x12  Code  Gb  ApiPocCmd.o [1]
ApiAtCmd_GetGroupNum    0x00cfc1    0x4  Code  Gb  ApiPocCmd.o [1]
ApiAtCmd_GetLoginState  0x00ceec    0xa  Code  Gb  ApiPocCmd.o [1]
ApiAtCmd_GetMainGroupId
                        0x00cfc9    0x4  Code  Gb  ApiPocCmd.o [1]
ApiAtCmd_GetMainUserId  0x00cfcd    0x4  Code  Gb  ApiPocCmd.o [1]
ApiAtCmd_GetMainWorkName
                        0x00cfb9    0x4  Code  Gb  ApiPocCmd.o [1]
ApiAtCmd_GetMainWorkNameLen
                        0x00cfbd    0x4  Code  Gb  ApiPocCmd.o [1]
ApiAtCmd_GetUserName    0x00cd60   0x11  Code  Gb  ApiPocCmd.o [1]
ApiAtCmd_GetUserNameLen
                        0x00cc3c   0x12  Code  Gb  ApiPocCmd.o [1]
ApiAtCmd_GetUserNum     0x00cfc5    0x4  Code  Gb  ApiPocCmd.o [1]
ApiAtCmd_PlayVoice      0x00ba52   0x68  Code  Gb  ApiAtCmd.o [1]
ApiAtCmd_WritCommand    0x00b5ee   0x8e  Code  Gb  ApiAtCmd.o [1]
ApiCaretCmd_10msRenew   0x00be4e   0x53  Code  Gb  ApiAtCmd.o [1]
ApiPocCmd_10msRenew     0x0090ad  0x297  Code  Gb  ApiPocCmd.o [1]
ApiPocCmd_WritCommand   0x00a47f  0x12b  Code  Gb  ApiPocCmd.o [1]
AtCmdDrvobj             0x0013ef   0x77  Data  Lc  ApiAtCmd.o [1]
AtNotify_Queue          0x0080cc   0x4c  Code  Lc  DrvGD83.o [1]
AtNotify_Queue_Start    0x008118   0x55  Code  Lc  DrvGD83.o [1]
BEEP_Interrupt10ms      0x00ca36   0x1a  Code  Gb  Beep.o [1]
BEEP_PowerOnInitial     0x008fe4   0xc9  Code  Gb  Beep.o [1]
BEEP_SetOutput          0x008db3  0x231  Code  Gb  Beep.o [1]
BEEP_Time               0x00c554   0x32  Code  Gb  Beep.o [1]
BaseAdd                 0x000034   0x20  Data  Gb  DrvGT20L16S1Y.o [1]
BeepDrvObj              0x001530   0x12  Data  Lc  Beep.o [1]
BitTab                  0x00cf48    0x8  Data  Gb  ApiDisplay.o [1]
BootProcess_PPPCFG_Flag
                        0x001578    0x1  Data  Gb  ApiAtCmd.o [1]
BootProcess_PPPCFG_Flag_Zanshi
                        0x000012    0x1  Data  Gb  ApiAtCmd.o [1]
BootProcess_SIMST_Flag  0x001577    0x1  Data  Gb  ApiAtCmd.o [1]
CHAR_HIGH               0x00cd71   0x10  Data  Gb  ApiDisplay.o [1]
CHAR_WIDTH              0x00cd81   0x10  Data  Gb  ApiDisplay.o [1]
CLK_ClockSwitchConfig   0x00b2fb   0xa2  Code  Gb  stm8s_clk.o [1]
CLK_GetClockFreq        0x00bd50   0x57  Code  Gb  stm8s_clk.o [1]
CLK_HSIPrescalerConfig  0x00cbf1   0x13  Code  Gb  stm8s_clk.o [1]
CLK_IRQHandler          0x00d007    0x1  Code  Gb  stm8s_it.o [1]
COML_AscToHex           0x00ac7e   0xdb  Code  Gb  CommonLib.o [1]
CSQ_Flag                0x00157a    0x1  Data  Gb  ApiAtCmd.o [1]
CSTACK$$Base            0x001700          --   Gb  - Linker created -
CSTACK$$Limit           0x001800          --   Gb  - Linker created -
C_TEST_OUT_SET          0x00ce9f    0xc  Code  Gb  McuConfig.o [1]
CaretNotify_Queue       0x00bfdc   0x4c  Code  Lc  DrvGD83.o [1]
CaretNotify_Queue_Start
                        0x0081c2   0x55  Code  Lc  DrvGD83.o [1]
DEL_100msProcess        0x00bfad   0x1d  Code  Lc  Delay.o [1]
DEL_1msProcess          0x00bfca    0x9  Code  Lc  Delay.o [1]
DEL_500msProcess        0x00bf8f   0x1e  Code  Lc  Delay.o [1]
DEL_GetTimer            0x00bda7   0x54  Code  Gb  Delay.o [1]
DEL_Interrupt           0x00b259   0xa2  Code  Gb  Delay.o [1]
DEL_PowerOnInitial      0x00c96b   0x1f  Code  Gb  Delay.o [1]
DEL_Renew               0x00bfd3    0x9  Code  Gb  Delay.o [1]
DEL_SetTimer            0x00b89a   0x73  Code  Gb  Delay.o [1]
DEL_Soft1ms             0x00c9e4   0x1c  Code  Gb  Delay.o [1]
DEL_TimerRenew          0x00c6f6   0x28  Code  Lc  Delay.o [1]
DISP_DataBuf            0x00ab9f   0xdf  Code  Lc  ApiDisplay.o [1]
DISP_MulTypePro         0x00b049   0xb2  Code  Lc  ApiDisplay.o [1]
DefaultSystemClockForHSI
                        0x00ca1b   0x1b  Code  Gb  sysclock.o [1]
DelDrvObj               0x001554    0xb  Data  Lc  Delay.o [1]
Delay_100ms             0x00c2f7   0x40  Code  Gb  Task.o [1]
DisDataBit              0x0014aa   0x40  Data  Gb  ApiDisplay.o [1]
DisDataBuf              0x0011ef  0x200  Data  Gb  ApiDisplay.o [1]
DisDrvObj               0x00156d    0x4  Data  Lc  ApiDisplay.o [1]
DrvGD83DrvObj           0x000f65  0x28a  Data  Lc  DrvGD83.o [1]
DrvGD83_Init            0x00ca68   0x18  Code  Gb  McuConfig.o [1]
DrvGD83_UART_TxCommand  0x00b820   0x7a  Code  Gb  DrvGD83.o [1]
DrvMC8332_AtNotify_Queue_front
                        0x00c152   0x49  Code  Gb  DrvGD83.o [1]
DrvMC8332_CaretNotify_Queue_front
                        0x00c109   0x49  Code  Gb  DrvGD83.o [1]
DrvMC8332_PocNotify_Queue_front
                        0x00c19b   0x49  Code  Gb  DrvGD83.o [1]
DrvMC8332_TxPort_SetValidable
                        0x00c676   0x2c  Code  Gb  DrvGD83.o [1]
DrvMC8332_UART_Interrupt
                        0x00836c  0x349  Code  Gb  DrvGD83.o [1]
DrvMc8332_UART_TxTail   0x00aabe   0xe1  Code  Gb  DrvGD83.o [1]
EEPROM_EEC_IRQHandler   0x00d018    0x1  Code  Gb  stm8s_it.o [1]
EXTI_PORTA_IRQHandler   0x00d008    0x1  Code  Gb  stm8s_it.o [1]
EXTI_PORTB_IRQHandler   0x00d009    0x1  Code  Gb  stm8s_it.o [1]
EXTI_PORTC_IRQHandler   0x00d00a    0x1  Code  Gb  stm8s_it.o [1]
EXTI_PORTD_IRQHandler   0x00d00b    0x1  Code  Gb  stm8s_it.o [1]
EXTI_PORTE_IRQHandler   0x00d00c    0x1  Code  Gb  stm8s_it.o [1]
FLASH_EraseOptionByte   0x00c746   0x27  Code  Gb  stm8s_flash.o [1]
FLASH_GetFlagStatus     0x00cba3   0x14  Code  Gb  stm8s_flash.o [1]
FLASH_Lock              0x00cf83    0x7  Code  Gb  stm8s_flash.o [1]
FLASH_ProgramByte       0x00cf9d    0x5  Code  Gb  stm8s_flash.o [1]
FLASH_ProgramOptionByte
                        0x00c84b   0x24  Code  Gb  stm8s_flash.o [1]
FLASH_ReadByte          0x00cfa2    0x5  Code  Gb  stm8s_flash.o [1]
FLASH_Unlock            0x00cb39   0x16  Code  Gb  stm8s_flash.o [1]
FLASH_WaitForLastOperation
                        0x00c3e4   0x36  Code  Gb  stm8s_flash.o [1]
GD83_ON                 0x00ca80   0x18  Code  Gb  McuConfig.o [1]
GPIO_Init               0x00b1aa   0xaf  Code  Gb  stm8s_gpio.o [1]
GPIO_ReadInputPin       0x00cf36    0x9  Code  Gb  stm8s_gpio.o [1]
GPIO_WriteHigh          0x00cf8a    0x7  Code  Gb  stm8s_gpio.o [1]
GPIO_WriteLow           0x00cfd1    0x4  Code  Gb  stm8s_gpio.o [1]
GT20_DelTime            0x00cb8f   0x14  Code  Lc  DrvGT20L16S1Y.o [1]
GT20_GetData            0x00bbe2   0x5f  Code  Lc  DrvGT20L16S1Y.o [1]
GT20_GetDisData         0x00c3ae   0x36  Code  Lc  DrvGT20L16S1Y.o [1]
GT20_SendByte           0x00bcf6   0x5a  Code  Lc  DrvGT20L16S1Y.o [1]
GT20_SendCommand        0x00c028   0x4c  Code  Lc  DrvGT20L16S1Y.o [1]
GetPlayState            0x00cef6    0xa  Code  Gb  ApiPocCmd.o [1]
GetTaskId               0x00cfe5    0x4  Code  Gb  System.o [1]
GroupCallingNum         0x000023    0x1  Data  Gb  ApiKeyboard.o [1]
HSE_ClockStartUpConfiguration
                        0x00c619   0x30  Code  Lc  sysclock.o [1]
HSIDivFactor            0x00cfb1    0x4  Data  Gb  stm8s_clk.o [1]
HexToChar_GroupCallingNum
                        0x00c92b   0x20  Code  Gb  ApiPocCmd.o [1]
HexToChar_MainGroupId   0x00c90b   0x20  Code  Gb  ApiPocCmd.o [1]
HexToChar_MainUserId    0x00c8d8   0x21  Code  Gb  ApiPocCmd.o [1]
HexToChar_PersonalCallingNum
                        0x00c8b6   0x22  Code  Gb  ApiPocCmd.o [1]
HtgDrvObj               0x001575    0x2  Data  Lc  DrvHTG12832.o [1]
I2C_IRQHandler          0x00d014    0x1  Code  Gb  stm8s_it.o [1]
INTVEC$$Base            0x008000          --   Gb  - Linker created -
INTVEC$$Limit           0x008080          --   Gb  - Linker created -
ITC_SetSoftwarePriority
                        0x00a8d8  0x101  Code  Gb  stm8s_itc.o [1]
Ico_DataBuf             0x0086b5  0x400  Data  Gb  ApiDisplay.o [1]
KEY_TABLE               0x00cfec    0x3  Data  Lc  uart3.o [1]
KeyDownUpChoose_GroupOrUser_Flag
                        0x00157b    0x1  Data  Gb  ApiAtCmd.o [1]
KeyPersonalCallingCount
                        0x00157e    0x1  Data  Gb  ApiKeyboard.o [1]
KeyUpDownCount          0x00157d    0x1  Data  Gb  ApiKeyboard.o [1]
Key_Flag_0              0x001583    0x1  Data  Gb  Task.o [1]
Key_Flag_1              0x00157f    0x1  Data  Gb  ApiKeyboard.o [1]
Key_Init                0x00c5e9   0x30  Code  Gb  McuConfig.o [1]
Key_PersonalCalling_Flag
                        0x001584    0x1  Data  Gb  Task.o [1]
Keyboard_Test           0x008ab5  0x2fe  Code  Gb  ApiKeyboard.o [1]
LED_Conut               0x001580    0x1  Data  Gb  ApiLED.o [1]
LED_Init                0x00c803   0x24  Code  Gb  McuConfig.o [1]
LED_IntOutputRenew      0x00bc41   0x5b  Code  Gb  ApiLED.o [1]
MIC_GPIO_Init           0x00ce7b    0xc  Code  Gb  McuConfig.o [1]
MIC_IOMUT               0x00cac6   0x17  Code  Gb  McuConfig.o [1]
Noise_Mute_Init         0x00ce93    0xc  Code  Gb  McuConfig.o [1]
Notify_Queue_Stop       0x008217  0x155  Code  Lc  DrvGD83.o [1]
PAS_NULLTBL             0x00cd91   0x10  Data  Lc  uart3.o [1]
POC_GetGroupInformationFlag
                        0x001581    0x1  Data  Gb  ApiPocCmd.o [1]
POC_TABLE               0x00cfef    0x3  Data  Lc  uart3.o [1]
PasObj                  0x001571    0x4  Data  Lc  uart3.o [1]
PersonalCallingNum      0x00157c    0x1  Data  Gb  ApiKeyboard.o [1]
PocCmdDrvobj            0x000070  0xef5  Data  Lc  ApiPocCmd.o [1]
PocNotify_Queue         0x008080   0x4c  Code  Lc  DrvGD83.o [1]
PocNotify_Queue_Start   0x00816d   0x55  Code  Lc  DrvGD83.o [1]
ReadBuffer              0x00155f    0x8  Data  Gb  System.o [1]
Region$$Table$$Base     0x00c8f9          --   Gb  - Linker created -
Region$$Table$$Limit    0x00c90b          --   Gb  - Linker created -
SPI_IRQHandler          0x00d00d    0x1  Code  Gb  stm8s_it.o [1]
Set_GreenLed            0x00ca98   0x17  Code  Gb  McuConfig.o [1]
Set_RedLed              0x00caaf   0x17  Code  Gb  McuConfig.o [1]
SystemClock_Init        0x00c76d   0x27  Code  Gb  sysclock.o [1]
TASK_WriteFreq          0x00cff5    0x3  Code  Gb  Task.o [1]
TIM1_CAP_COM_IRQHandler
                        0x00d00f    0x1  Code  Gb  stm8s_it.o [1]
TIM1_CCxCmd             0x00c274   0x43  Code  Gb  stm8s_tim1.o [1]
TIM1_Cmd                0x00ce20    0xd  Code  Gb  stm8s_tim1.o [1]
TIM1_CtrlPWMOutputs     0x00ce2d    0xd  Code  Gb  stm8s_tim1.o [1]
TIM1_DeInit             0x00b39d   0x99  Code  Gb  stm8s_tim1.o [1]
TIM1_OC1Init            0x00bb21   0x61  Code  Gb  stm8s_tim1.o [1]
TIM1_OC1PreloadConfig   0x00ce3a    0xd  Code  Gb  stm8s_tim1.o [1]
TIM1_PWM_Init           0x00bf41   0x4e  Code  Gb  Tone.o [1]
TIM1_TimeBaseInit       0x00c86f   0x24  Code  Gb  stm8s_tim1.o [1]
TIM1_UPD_OVF_TRG_BRK_IRQHandler
                        0x00d00e    0x1  Code  Gb  stm8s_it.o [1]
TIM2_CAP_COM_IRQHandler
                        0x00d011    0x1  Code  Gb  stm8s_it.o [1]
TIM2_UPD_OVF_BRK_IRQHandler
                        0x00d010    0x1  Code  Gb  stm8s_it.o [1]
TIM3_ARRPreloadConfig   0x00ce54    0xd  Code  Gb  stm8s_tim3.o [1]
TIM3_CAP_COM_IRQHandler
                        0x00d012    0x1  Code  Gb  stm8s_it.o [1]
TIM3_ClearITPendingBit  0x00cfa7    0x5  Code  Gb  stm8s_tim3.o [1]
TIM3_Cmd                0x00ce47    0xd  Code  Gb  stm8s_tim3.o [1]
TIM3_ITConfig           0x00cc04   0x13  Code  Gb  stm8s_tim3.o [1]
TIM3_PrescalerConfig    0x00cf3f    0x9  Code  Gb  stm8s_tim3.o [1]
TIM3_TimeBaseInit       0x00ceab    0xc  Code  Gb  stm8s_tim3.o [1]
TIM3_UPD_OVF_BRK_IRQHandler
                        0x00ca00   0x1b  Code  Gb  stm8s_it.o [1]
TIM4_UPD_OVF_IRQHandler
                        0x00d017    0x1  Code  Gb  stm8s_it.o [1]
TLI_IRQHandler          0x00d005    0x1  Code  Gb  stm8s_it.o [1]
TONE_PowerOnInitial     0x00baba   0x67  Code  Gb  Tone.o [1]
TONE_Start              0x00c89b   0x1b  Code  Gb  Tone.o [1]
TONE_Stop               0x00c893    0x8  Code  Gb  Tone.o [1]
TRAP_IRQHandler         0x00d004    0x1  Code  Gb  stm8s_it.o [1]
TaskDrvObj              0x00151c   0x14  Data  Lc  System.o [1]
Task_RunNormalOperation
                        0x009744  0x1bb  Code  Gb  Task.o [1]
Task_RunStart           0x0098ff  0x1aa  Code  Gb  Task.o [1]
Tim3_Timer_Init         0x00c827   0x24  Code  Gb  McuConfig.o [1]
TimeVal                 0x00002c    0x8  Data  Gb  DrvGT20L16S1Y.o [1]
ToneDrvObj              0x001542   0x12  Data  Lc  Tone.o [1]
UART1_Cmd               0x00ce61    0xd  Code  Gb  stm8s_uart1.o [1]
UART1_DeInit            0x00c649   0x2d  Code  Gb  stm8s_uart1.o [1]
UART1_GetFlagStatus     0x00c586   0x32  Code  Gb  stm8s_uart1.o [1]
UART1_GetITStatus       0x00b4cf   0x90  Code  Gb  stm8s_uart1.o [1]
UART1_ITConfig          0x00b9e6   0x6c  Code  Gb  stm8s_uart1.o [1]
UART1_Init              0x00a34b  0x134  Code  Gb  stm8s_uart1.o [1]
UART1_RX_IRQHandler     0x00c94b   0x20  Code  Gb  stm8s_it.o [1]
UART1_ReceiveData8      0x00cfd5    0x4  Code  Gb  stm8s_uart1.o [1]
UART1_SendData8         0x00cfd9    0x4  Code  Gb  stm8s_uart1.o [1]
UART1_TX_IRQHandler     0x00d013    0x1  Code  Gb  stm8s_it.o [1]
UART3_Cmd               0x00ce6e    0xd  Code  Gb  stm8s_uart3.o [1]
UART3_DeInit            0x00c794   0x25  Code  Gb  stm8s_uart3.o [1]
UART3_GetFlagStatus     0x00c1e4   0x49  Code  Gb  stm8s_uart3.o [1]
UART3_GetITStatus       0x00af95   0xb4  Code  Gb  stm8s_uart3.o [1]
UART3_ITConfig          0x00b70a   0x8c  Code  Gb  stm8s_uart3.o [1]
UART3_Init              0x00a6cf  0x105  Code  Gb  stm8s_uart3.o [1]
UART3_Interrupt         0x00cb7a   0x15  Code  Gb  uart3.o [1]
UART3_RX_IRQHandler     0x00cb4f   0x16  Code  Gb  stm8s_it.o [1]
UART3_ReceiveData8      0x00cfdd    0x4  Code  Gb  stm8s_uart3.o [1]
UART3_SendByte          0x00cdeb    0xe  Code  Gb  uart3.o [1]
UART3_SendData8         0x00cfe1    0x4  Code  Gb  stm8s_uart3.o [1]
UART3_TX_IRQHandler     0x00d015    0x1  Code  Gb  stm8s_it.o [1]
UART3_ToMcuMain         0x00c337   0x3e  Code  Gb  uart3.o [1]
UART_Delay              0x00cc4e   0x12  Code  Lc  uart3.o [1]
UART_ErrorAck           0x00c0aa   0x15  Code  Lc  uart3.o [1]
UART_GetCheckSum        0x00b67c   0x2d  Code  Lc  uart3.o [1]
UART_KeyCommand         0x00a7d4  0x104  Code  Lc  uart3.o [1]
UART_Link               0x00b6a9   0x61  Code  Lc  uart3.o [1]
UART_PasCommand         0x009aa9  0x1aa  Code  Lc  uart3.o [1]
UART_PocCommand         0x00bea1   0x50  Code  Lc  uart3.o [1]
UART_RightAck           0x00b90d   0x6d  Code  Lc  uart3.o [1]
UART_RxFrame            0x00bef1   0x50  Code  Lc  uart3.o [1]
UART_TxSend             0x00c074   0x36  Code  Lc  uart3.o [1]
UART_WriteCommand       0x00aedd   0xb8  Code  Lc  uart3.o [1]
Uart1_Init              0x00c6cc   0x2a  Code  Gb  McuConfig.o [1]
Uart3_Init              0x00c485   0x35  Code  Gb  uart3.o [1]
UartDrvObj              0x001466   0x44  Data  Lc  uart3.o [1]
VOICE_1sProcess         0x00cdce    0xf  Code  Gb  Voice.o [1]
VOICE_Renew             0x00b436   0x70  Code  Gb  Voice.o [1]
VOICE_SetOutput         0x00b4a6   0x29  Code  Gb  Voice.o [1]
VoiceDrvObj             0x001567    0x6  Data  Lc  Voice.o [1]
VoiceEnd_Flag           0x001579    0x1  Data  Gb  ApiAtCmd.o [1]
WRITE_TABLE             0x00cfb5    0x4  Data  Lc  uart3.o [1]
WriteEEPROMByte         0x00c450   0x35  Code  Gb  Flash_eeprom.o [1]
__DebugBreak            0x00d019    0x1  Code  Gb  __dbg_break.o [3]
__exit                  0x00cbb7   0x14  Code  Gb  __dbg_xxexit.o [3]
__iar_copy_init2        0x00c71e         Code  Gb  init_small.o [4]
__iar_data_init2        0x00cb22   0x17  Code  Gb  init.o [4]
__iar_program_start     0x00cc17         Code  Gb  cstartup.o [4]
__iar_unhandled_exception
                        0x00d001         Code  Gb  unhandled_exception.o [4]
__iar_zero_init2        0x00c9a9         Code  Gb  init_small.o [4]
__intvec                0x008000         Data  Gb  interrupt.o [4]
__low_level_init        0x00cffb    0x3  Code  Gb  low_level_init.o [4]
_exit                   0x00cfac         Code  Gb  cexit.o [4]
_interrupt_1            0x00d004         Code  Gb  stm8s_it.o [1]
_interrupt_12           0x00d00d         Code  Gb  stm8s_it.o [1]
_interrupt_13           0x00d00e         Code  Gb  stm8s_it.o [1]
_interrupt_14           0x00d00f         Code  Gb  stm8s_it.o [1]
_interrupt_15           0x00d010         Code  Gb  stm8s_it.o [1]
_interrupt_16           0x00d011         Code  Gb  stm8s_it.o [1]
_interrupt_17           0x00ca00         Code  Gb  stm8s_it.o [1]
_interrupt_18           0x00d012         Code  Gb  stm8s_it.o [1]
_interrupt_19           0x00d013         Code  Gb  stm8s_it.o [1]
_interrupt_2            0x00d005         Code  Gb  stm8s_it.o [1]
_interrupt_20           0x00c94b         Code  Gb  stm8s_it.o [1]
_interrupt_21           0x00d014         Code  Gb  stm8s_it.o [1]
_interrupt_22           0x00d015         Code  Gb  stm8s_it.o [1]
_interrupt_23           0x00cb4f         Code  Gb  stm8s_it.o [1]
_interrupt_24           0x00d016         Code  Gb  stm8s_it.o [1]
_interrupt_25           0x00d017         Code  Gb  stm8s_it.o [1]
_interrupt_26           0x00d018         Code  Gb  stm8s_it.o [1]
_interrupt_3            0x00d006         Code  Gb  stm8s_it.o [1]
_interrupt_4            0x00d007         Code  Gb  stm8s_it.o [1]
_interrupt_5            0x00d008         Code  Gb  stm8s_it.o [1]
_interrupt_6            0x00d009         Code  Gb  stm8s_it.o [1]
_interrupt_7            0x00d00a         Code  Gb  stm8s_it.o [1]
_interrupt_8            0x00d00b         Code  Gb  stm8s_it.o [1]
_interrupt_9            0x00d00c         Code  Gb  stm8s_it.o [1]
api_diap_ico_pos_get    0x00bc9c   0x5a  Code  Gb  ApiDisplay.o [1]
api_disp_all_screen_refresh
                        0x00c0bf   0x4a  Code  Gb  ApiDisplay.o [1]
api_disp_char_output    0x00cb65   0x15  Code  Gb  ApiDisplay.o [1]
api_disp_ico_output     0x00ae1d   0xc0  Code  Gb  ApiDisplay.o [1]
api_disp_icoid_output   0x00b55f   0x8f  Code  Gb  ApiDisplay.o [1]
api_lcd_pwr_on_hint     0x00c4ee   0x33  Code  Gb  ApiDisplay.o [1]
api_lcd_pwr_on_hint2    0x00c4ba   0x34  Code  Gb  ApiDisplay.o [1]
api_poc_command_set     0x00ad59   0xc4  Code  Gb  uart3.o [1]
drv_gt20_data_output    0x009c53  0x19a  Code  Gb  DrvGT20L16S1Y.o [1]
drv_gt20_pwr_on_init    0x00c551    0x3  Code  Gb  DrvGT20L16S1Y.o [1]
drv_htg_clr_allscr      0x009462   0x31  Code  Gb  DrvHTG12832.o [1]
drv_htg_pwr_on_init     0x009554    0x9  Code  Gb  DrvHTG12832.o [1]
drv_htg_reset           0x009344    0x5  Code  Gb  DrvHTG12832.o [1]
drv_htg_set_address     0x0093b8   0x3b  Code  Gb  DrvHTG12832.o [1]
drv_htg_write_command   0x009349   0x6f  Code  Gb  DrvHTG12832.o [1]
drv_htg_write_data      0x0093f3   0x6f  Code  Gb  DrvHTG12832.o [1]
drv_keypad_scan         0x00955d  0x1e7  Code  Gb  DrvKeyboard.o [1]
exit                    0x00cffe    0x3  Code  Gb  exit.o [4]
get_key_value           0x00a9d9   0xe5  Code  Gb  ApiKeyboard.o [1]
htg_delay_ms            0x009493   0x1e  Code  Lc  DrvHTG12832.o [1]
htg_initial             0x0094b1   0x5b  Code  Lc  DrvHTG12832.o [1]
key_scan_board          0x00a0dc  0x139  Code  Gb  DrvKeyboard.o [1]
main                    0x00cff2    0x3  Code  Gb  main.o [1]
main_app                0x009f67  0x175  Code  Gb  System.o [1]
mcu_gt20_initial        0x00c521   0x30  Code  Lc  DrvGT20L16S1Y.o [1]
mcu_key_pad_out         0x00b796   0x8a  Code  Gb  DrvKeyboard.o [1]
mcu_key_pad_read        0x00b97a   0x6c  Code  Gb  DrvKeyboard.o [1]
mcu_key_pad_set         0x00a215  0x136  Code  Gb  DrvKeyboard.o [1]
mcu_lcd_initial         0x00950c   0x48  Code  Lc  DrvHTG12832.o [1]
memcmp                  0x00c41a   0x36  Code  Gb  memcmp.o [4]
memcpy                  0x00c7b9   0x25  Code  Gb  memcpy.o [4]
memset                  0x00cb0b   0x17  Code  Gb  memset.o [4]
strlen                  0x00cc60   0x12  Code  Gb  strlen.o [4]
ucAtPocHead             0x000024    0x2  Data  Gb  ApiPocCmd.o [1]
ucCLVL                  0x00005e    0x2  Data  Gb  Task.o [1]
ucCODECCTL              0x000062    0x2  Data  Gb  Task.o [1]
ucCSQ                   0x000068    0x2  Data  Gb  Task.o [1]
ucCaretPPPCFG           0x00001f    0x2  Data  Gb  ApiAtCmd.o [1]
ucEndPTT                0x00005a    0x2  Data  Gb  Task.o [1]
ucGD83Reset             0x000054    0x2  Data  Gb  System.o [1]
ucOSSYSHWID             0x000064    0x2  Data  Gb  Task.o [1]
ucPPPCFG                0x00006a    0x2  Data  Gb  Task.o [1]
ucPlayZtts              0x000010    0x2  Data  Gb  ApiAtCmd.o [1]
ucPocOpenConfig         0x00006e    0x2  Data  Gb  Task.o [1]
ucPrefmode              0x000066    0x2  Data  Gb  Task.o [1]
ucQuitPersonalCalling   0x000021    0x2  Data  Gb  ApiKeyboard.o [1]
ucRequestUserListInfo   0x00005c    0x2  Data  Gb  Task.o [1]
ucRxCSQ31               0x000017    0x2  Data  Gb  ApiAtCmd.o [1]
ucRxCSQ99               0x000019    0x2  Data  Gb  ApiAtCmd.o [1]
ucRxCheckCard           0x000013    0x2  Data  Gb  ApiAtCmd.o [1]
ucRxOkHeadInfo          0x00002a    0x2  Data  Gb  DrvGD83.o [1]
ucRxPocHeadInfo         0x000028    0x2  Data  Gb  DrvGD83.o [1]
ucRxZTTS0               0x000015    0x2  Data  Gb  ApiAtCmd.o [1]
ucSIMST1                0x00001b    0x2  Data  Gb  ApiAtCmd.o [1]
ucSIMST255              0x00001d    0x2  Data  Gb  ApiAtCmd.o [1]
ucSetParamConfig        0x000056    0x2  Data  Gb  Task.o [1]
ucStartPTT              0x000058    0x2  Data  Gb  Task.o [1]
ucTxPocHeadInfo         0x000026    0x2  Data  Gb  DrvGD83.o [1]
ucVGR                   0x000060    0x2  Data  Gb  Task.o [1]
ucZTTS_Abell            0x00006c    0x2  Data  Gb  Task.o [1]
x                       0x001585    0x1  Data  Gb  Task.o [1]


[1] = E:\1-source\A508\PRJ\Debug\Obj
[2] = command line
[3] = dbgstm8smd.a
[4] = dlstm8smn.a

  18 360 bytes of readonly  code memory
   2 146 bytes of readonly  data memory
   5 766 bytes of readwrite data memory

Errors: none
Warnings: none
