###############################################################################
#
# IAR ELF Linker V2.20.1.176 for STM8                     17/Nov/2017  10:58:24
# Copyright 2010-2015 IAR Systems AB.
#
#    Output file  =  E:\1-source\A508\PRJ\Debug\Exe\A508_DEMO1.out
#    Map file     =  E:\1-source\A508\PRJ\Debug\List\A508_DEMO1.map
#    Command line =  
#        E:\1-source\A508\PRJ\Debug\Obj\ApiAtCmd.o
#        E:\1-source\A508\PRJ\Debug\Obj\ApiDisplay.o
#        E:\1-source\A508\PRJ\Debug\Obj\ApiKeyboard.o
#        E:\1-source\A508\PRJ\Debug\Obj\ApiPocCmd.o
#        E:\1-source\A508\PRJ\Debug\Obj\Beep.o
#        E:\1-source\A508\PRJ\Debug\Obj\CommonLib.o
#        E:\1-source\A508\PRJ\Debug\Obj\Delay.o
#        E:\1-source\A508\PRJ\Debug\Obj\DrvGD83.o
#        E:\1-source\A508\PRJ\Debug\Obj\DrvGT20L16S1Y.o
#        E:\1-source\A508\PRJ\Debug\Obj\DrvHTG12832.o
#        E:\1-source\A508\PRJ\Debug\Obj\DrvKeyboard.o
#        E:\1-source\A508\PRJ\Debug\Obj\main.o
#        E:\1-source\A508\PRJ\Debug\Obj\McuConfig.o
#        E:\1-source\A508\PRJ\Debug\Obj\stm8s_adc2.o
#        E:\1-source\A508\PRJ\Debug\Obj\stm8s_awu.o
#        E:\1-source\A508\PRJ\Debug\Obj\stm8s_beep.o
#        E:\1-source\A508\PRJ\Debug\Obj\stm8s_clk.o
#        E:\1-source\A508\PRJ\Debug\Obj\stm8s_exti.o
#        E:\1-source\A508\PRJ\Debug\Obj\stm8s_flash.o
#        E:\1-source\A508\PRJ\Debug\Obj\stm8s_gpio.o
#        E:\1-source\A508\PRJ\Debug\Obj\stm8s_i2c.o
#        E:\1-source\A508\PRJ\Debug\Obj\stm8s_it.o
#        E:\1-source\A508\PRJ\Debug\Obj\stm8s_itc.o
#        E:\1-source\A508\PRJ\Debug\Obj\stm8s_iwdg.o
#        E:\1-source\A508\PRJ\Debug\Obj\stm8s_rst.o
#        E:\1-source\A508\PRJ\Debug\Obj\stm8s_spi.o
#        E:\1-source\A508\PRJ\Debug\Obj\stm8s_tim1.o
#        E:\1-source\A508\PRJ\Debug\Obj\stm8s_tim2.o
#        E:\1-source\A508\PRJ\Debug\Obj\stm8s_tim3.o
#        E:\1-source\A508\PRJ\Debug\Obj\stm8s_tim4.o
#        E:\1-source\A508\PRJ\Debug\Obj\stm8s_uart1.o
#        E:\1-source\A508\PRJ\Debug\Obj\stm8s_uart3.o
#        E:\1-source\A508\PRJ\Debug\Obj\stm8s_wwdg.o
#        E:\1-source\A508\PRJ\Debug\Obj\sysclock.o
#        E:\1-source\A508\PRJ\Debug\Obj\System.o
#        E:\1-source\A508\PRJ\Debug\Obj\Task.o
#        E:\1-source\A508\PRJ\Debug\Obj\Tone.o --redirect _Printf=_PrintfSmall
#        --redirect _Scanf=_ScanfSmall -o
#        E:\1-source\A508\PRJ\Debug\Exe\A508_DEMO1.out --map
#        E:\1-source\A508\PRJ\Debug\List\A508_DEMO1.map --config "C:\Program
#        Files\IAR Systems\Embedded Workbench
#        7.3\stm8\config\lnkstm8s007c8.icf" --config_def _CSTACK_SIZE=0x100
#        --config_def _HEAP_SIZE=0x100 --entry __iar_program_start --debug_lib
#
###############################################################################

*******************************************************************************
*** RUNTIME MODEL ATTRIBUTES
***

__SystemLibrary            = DLib
__code_model               = small
__core                     = stm8
__data_model               = medium
__dlib_file_descriptor     = 0
__dlib_full_locale_support = 0
__rt_version               = 4


*******************************************************************************
*** PLACEMENT SUMMARY
***

"A1":  place at start of [0x000000-0x0000ff] { rw section .vregs };
"A2":  place at end of [0x000000-0x0017ff] { block CSTACK };
"P2":  place in [from 0x000000 to 0x0017ff] {
          block HEAP, rw section __DLIB_PERTHREAD, rw section .far.bss,
          rw section .far.data, rw section .far.noinit,
          rw section .far_func.textrw, rw section .huge.bss,
          rw section .huge.data, rw section .huge.noinit,
          rw section .huge_func.textrw, rw section .iar.dynexit,
          rw section .near.bss, rw section .near.data, rw section .near.noinit,
          rw section .near_func.textrw };
"A3":  place at start of [0x008000-0x00ffff] { block INTVEC };
"P3":  place in [from 0x008000 to 0x00ffff] {
          ro section __DLIB_PERTHREAD_init, ro section .far.data_init,
          ro section .far_func.textrw_init, ro section .huge.data_init,
          ro section .huge_func.textrw_init, ro section .iar.init_table,
          ro section .init_array, ro section .near.data_init,
          ro section .near.rodata, ro section .near_func.text,
          ro section .near_func.textrw_init, ro section .tiny.data_init,
          ro section .tiny.rodata_init };

  Section            Kind      Address    Size  Object
  -------            ----      -------    ----  ------
"A1":                                     0x10
  .vregs             uninit   0x000000    0x10  vregs.o [4]
                            - 0x000010    0x10

"P2", part 1 of 2:                        0x40
  P2-1                        0x000010    0x40  <Init block>
    .near.data       inited   0x000010     0x2  ApiAtCmd.o [1]
    .near.data       inited   0x000012     0x2  ApiKeyboard.o [1]
    .near.data       inited   0x000014     0x2  ApiKeyboard.o [1]
    .near.data       inited   0x000016     0x2  ApiPocCmd.o [1]
    .near.data       inited   0x000018     0x2  ApiPocCmd.o [1]
    .near.data       inited   0x00001a     0x2  DrvGD83.o [1]
    .near.data       inited   0x00001c     0x2  DrvGD83.o [1]
    .near.data       inited   0x00001e     0x2  DrvGD83.o [1]
    .near.data       inited   0x000020     0x8  DrvGT20L16S1Y.o [1]
    .near.data       inited   0x000028    0x20  DrvGT20L16S1Y.o [1]
    .near.data       inited   0x000048     0x2  System.o [1]
    .near.data       inited   0x00004a     0x2  System.o [1]
    .near.data       inited   0x00004c     0x2  System.o [1]
    .near.data       inited   0x00004e     0x2  System.o [1]
                            - 0x000050    0x40

"P2", part 2 of 2:                       0x896
  .near.bss          zero     0x000050   0x355  ApiPocCmd.o [1]
  .near.bss          zero     0x0003a5   0x20c  DrvGD83.o [1]
  .near.bss          zero     0x0005b1   0x200  ApiDisplay.o [1]
  .near.bss          zero     0x0007b1    0x77  ApiAtCmd.o [1]
  .near.bss          zero     0x000828    0x40  ApiDisplay.o [1]
  .near.bss          zero     0x000868    0x32  DrvGD83.o [1]
  .near.bss          zero     0x00089a    0x14  System.o [1]
  .near.bss          zero     0x0008ae    0x12  Beep.o [1]
  .near.bss          zero     0x0008c0    0x12  Tone.o [1]
  .near.bss          zero     0x0008d2     0xb  Delay.o [1]
  .near.bss          zero     0x0008dd     0x4  ApiDisplay.o [1]
  .near.bss          zero     0x0008e1     0x2  DrvHTG12832.o [1]
  .near.bss          zero     0x0008e3     0x1  ApiAtCmd.o [1]
  .near.bss          zero     0x0008e4     0x1  ApiKeyboard.o [1]
  .near.bss          zero     0x0008e5     0x1  DrvGD83.o [1]
                            - 0x0008e6   0x896

"A2":                                    0x100
  CSTACK                      0x001700   0x100  <Block>
    CSTACK           uninit   0x001700   0x100  <Block tail>
                            - 0x001800   0x100

"A3":                                     0x80
  INTVEC                      0x008000    0x80  <Block>
    .intvec          const    0x008000    0x80  interrupt.o [4]
                            - 0x008080    0x80

"P3":                                   0x31a3
  .near_func.text    ro code  0x008080   0x4c8  DrvGD83.o [1]
  .near_func.text    ro code  0x008548   0x231  Beep.o [1]
  .near_func.text    ro code  0x008779   0x21a  ApiKeyboard.o [1]
  .near_func.text    ro code  0x008993   0x219  DrvHTG12832.o [1]
  .near_func.text    ro code  0x008bac   0x1e7  DrvKeyboard.o [1]
  .near_func.text    ro code  0x008d93   0x1cd  System.o [1]
  .near_func.text    ro code  0x008f60   0x19a  DrvGT20L16S1Y.o [1]
  .near_func.text    ro code  0x0090fa   0x17a  long.o [4]
  .near_func.text    ro code  0x009274   0x139  DrvKeyboard.o [1]
  .near_func.text    ro code  0x0093ad   0x136  DrvKeyboard.o [1]
  .near_func.text    ro code  0x0094e3   0x134  stm8s_uart1.o [1]
  .near_func.text    ro code  0x009617   0x11e  vreg_util.o [4]
  .near_func.text    ro code  0x009735   0x101  stm8s_itc.o [1]
  .near_func.text    ro code  0x009836    0xe5  ApiKeyboard.o [1]
  .near_func.text    ro code  0x00991b    0xe1  DrvGD83.o [1]
  .near_func.text    ro code  0x0099fc    0xdf  ApiDisplay.o [1]
  .near_func.text    ro code  0x009adb    0xdb  CommonLib.o [1]
  .near_func.text    ro code  0x009bb6    0xbb  ApiPocCmd.o [1]
  .near_func.text    ro code  0x009c71    0xb2  ApiDisplay.o [1]
  .near_func.text    ro code  0x009d23    0xb0  Beep.o [1]
  .near_func.text    ro code  0x009dd3    0xaf  stm8s_gpio.o [1]
  .near_func.text    ro code  0x009e82    0xa2  Delay.o [1]
  .near_func.text    ro code  0x009f24    0xa2  stm8s_clk.o [1]
  .near_func.text    ro code  0x009fc6    0x99  stm8s_tim1.o [1]
  .near_func.text    ro code  0x00a05f    0x90  stm8s_uart1.o [1]
  .near_func.text    ro code  0x00a0ef    0x8a  DrvKeyboard.o [1]
  .near_func.text    ro code  0x00a179    0x7a  DrvGD83.o [1]
  .near_func.text    ro code  0x00a1f3    0x73  Delay.o [1]
  .near_func.text    ro code  0x00a266    0x6c  DrvKeyboard.o [1]
  .near_func.text    ro code  0x00a2d2    0x6c  stm8s_uart1.o [1]
  .near_func.text    ro code  0x00a33e    0x67  Tone.o [1]
  .near_func.text    ro code  0x00a3a5    0x63  ApiAtCmd.o [1]
  .near_func.text    ro code  0x00a408    0x63  ApiPocCmd.o [1]
  .near_func.text    ro code  0x00a46b    0x61  stm8s_tim1.o [1]
  .near_func.text    ro code  0x00a4cc    0x5f  DrvGT20L16S1Y.o [1]
  .near_func.text    ro code  0x00a52b    0x5a  DrvGT20L16S1Y.o [1]
  .near_func.text    ro code  0x00a585    0x57  stm8s_clk.o [1]
  .near_func.text    ro code  0x00a5dc    0x54  Delay.o [1]
  .near_func.text    ro code  0x00a630    0x4e  Tone.o [1]
  .near_func.text    ro code  0x00a67e    0x4c  DrvGD83.o [1]
  .near_func.text    ro code  0x00a6ca    0x4c  DrvGT20L16S1Y.o [1]
  .near_func.text    ro code  0x00a716    0x4a  ApiDisplay.o [1]
  .near_func.text    ro code  0x00a760    0x49  DrvGD83.o [1]
  .near_func.text    ro code  0x00a7a9    0x49  DrvGD83.o [1]
  .near_func.text    ro code  0x00a7f2    0x47  long_util.o [4]
  .near_func.text    ro code  0x00a839    0x43  stm8s_tim1.o [1]
  Initializer bytes  const    0x00a87c    0x40  <for P2-1>
  .near_func.text    ro code  0x00a8bc    0x36  DrvGT20L16S1Y.o [1]
  .near_func.text    ro code  0x00a8f2    0x36  stm8s_flash.o [1]
  .near_func.text    ro code  0x00a928    0x36  memcmp.o [4]
  .near_func.text    ro code  0x00a95e    0x33  ApiDisplay.o [1]
  .near_func.text    ro code  0x00a991    0x33  DrvGT20L16S1Y.o [1]
  .near_func.text    ro code  0x00a9c4    0x32  Beep.o [1]
  .near_func.text    ro code  0x00a9f6    0x32  stm8s_uart1.o [1]
  .near_func.text    ro code  0x00aa28    0x32  short.o [4]
  .near_func.text    ro code  0x00aa5a    0x30  McuConfig.o [1]
  .near_func.text    ro code  0x00aa8a    0x30  sysclock.o [1]
  .near_func.text    ro code  0x00aaba    0x2d  stm8s_uart1.o [1]
  .near_func.text    ro code  0x00aae7    0x2c  DrvGD83.o [1]
  .near_func.text    ro code  0x00ab13    0x2a  McuConfig.o [1]
  .near_func.text    ro code  0x00ab3d    0x28  Delay.o [1]
  .near_func.text    ro code  0x00ab65    0x28  init_small.o [4]
  .near_func.text    ro code  0x00ab8d    0x27  stm8s_flash.o [1]
  .near_func.text    ro code  0x00abb4    0x27  sysclock.o [1]
  .near_func.text    ro code  0x00abdb    0x25  dc_util.o [4]
  .near_func.text    ro code  0x00ac00    0x24  McuConfig.o [1]
  .near_func.text    ro code  0x00ac24    0x24  stm8s_flash.o [1]
  .near_func.text    ro code  0x00ac48    0x24  stm8s_tim1.o [1]
  .near_func.text    ro code  0x00ac6c    0x23  Tone.o [1]
  .iar.init_table    const    0x00ac8f    0x12  - Linker created -
  .near_func.text    ro code  0x00aca1    0x20  stm8s_it.o [1]
  .near_func.text    ro code  0x00acc1    0x1f  Delay.o [1]
  .near_func.text    ro code  0x00ace0    0x1f  move.o [4]
  .near_func.text    ro code  0x00acff    0x1e  ApiPocCmd.o [1]
  .near_func.text    ro code  0x00ad1d    0x1e  init_small.o [4]
  .near_func.text    ro code  0x00ad3b    0x1c  Delay.o [1]
  .near_func.text    ro code  0x00ad57    0x1b  stm8s_it.o [1]
  .near_func.text    ro code  0x00ad72    0x1b  sysclock.o [1]
  .near.rodata       const    0x00ad8d    0x1a  System.o [1]
  .near_func.text    ro code  0x00ada7    0x1a  Beep.o [1]
  .near_func.text    ro code  0x00adc1    0x18  McuConfig.o [1]
  .near_func.text    ro code  0x00add9    0x18  McuConfig.o [1]
  .near_func.text    ro code  0x00adf1    0x18  McuConfig.o [1]
  .near_func.text    ro code  0x00ae09    0x17  McuConfig.o [1]
  .near_func.text    ro code  0x00ae20    0x17  McuConfig.o [1]
  .near_func.text    ro code  0x00ae37    0x17  McuConfig.o [1]
  .near_func.text    ro code  0x00ae4e    0x17  McuConfig.o [1]
  .near_func.text    ro code  0x00ae65    0x17  McuConfig.o [1]
  .near_func.text    ro code  0x00ae7c    0x17  init.o [4]
  .near_func.text    ro code  0x00ae93    0x16  stm8s_flash.o [1]
  .near_func.text    ro code  0x00aea9    0x15  ApiDisplay.o [1]
  .near.rodata       const    0x00aebe    0x14  System.o [1]
  .near_func.text    ro code  0x00aed2    0x14  DrvGT20L16S1Y.o [1]
  .near_func.text    ro code  0x00aee6    0x14  __dbg_xxexit.o [3]
  .near_func.text    ro code  0x00aefa    0x13  stm8s_clk.o [1]
  .near_func.text    ro code  0x00af0d    0x13  stm8s_tim3.o [1]
  .near_func.text    ro code  0x00af20    0x13  cstartup.o [4]
  .near_func.text    ro code  0x00af33    0x12  strlen.o [4]
  .near.rodata       const    0x00af45    0x11  System.o [1]
  .near.rodata       const    0x00af56    0x10  ApiDisplay.o [1]
  .near.rodata       const    0x00af66    0x10  ApiDisplay.o [1]
  .near.rodata       const    0x00af76    0x10  ApiKeyboard.o [1]
  .near.rodata       const    0x00af86    0x10  ApiKeyboard.o [1]
  .near.rodata       const    0x00af96    0x10  ApiKeyboard.o [1]
  .near.rodata       const    0x00afa6    0x10  ApiKeyboard.o [1]
  .near.rodata       const    0x00afb6    0x10  ApiKeyboard.o [1]
  .near.rodata       const    0x00afc6    0x10  ApiKeyboard.o [1]
  .near.rodata       const    0x00afd6    0x10  ApiKeyboard.o [1]
  .near.rodata       const    0x00afe6    0x10  ApiKeyboard.o [1]
  .near.rodata       const    0x00aff6    0x10  ApiKeyboard.o [1]
  .near.rodata       const    0x00b006    0x10  ApiKeyboard.o [1]
  .near.rodata       const    0x00b016    0x10  ApiKeyboard.o [1]
  .near.rodata       const    0x00b026    0x10  ApiKeyboard.o [1]
  .near.rodata       const    0x00b036    0x10  ApiKeyboard.o [1]
  .near.rodata       const    0x00b046    0x10  ApiKeyboard.o [1]
  .near.rodata       const    0x00b056    0x10  ApiKeyboard.o [1]
  .near.rodata       const    0x00b066    0x10  ApiKeyboard.o [1]
  .near.rodata       const    0x00b076    0x10  ApiKeyboard.o [1]
  .near.rodata       const    0x00b086     0xf  System.o [1]
  .near.rodata       const    0x00b095     0xf  System.o [1]
  .near.rodata       const    0x00b0a4     0xe  System.o [1]
  .near_func.text    ro code  0x00b0b2     0xe  Task.o [1]
  .near_func.text    ro code  0x00b0c0     0xd  stm8s_tim1.o [1]
  .near_func.text    ro code  0x00b0cd     0xd  stm8s_tim1.o [1]
  .near_func.text    ro code  0x00b0da     0xd  stm8s_tim1.o [1]
  .near_func.text    ro code  0x00b0e7     0xd  stm8s_tim3.o [1]
  .near_func.text    ro code  0x00b0f4     0xd  stm8s_tim3.o [1]
  .near_func.text    ro code  0x00b101     0xd  stm8s_uart1.o [1]
  .near_func.text    ro code  0x00b10e     0xc  McuConfig.o [1]
  .near_func.text    ro code  0x00b11a     0xc  McuConfig.o [1]
  .near_func.text    ro code  0x00b126     0xc  McuConfig.o [1]
  .near_func.text    ro code  0x00b132     0xc  McuConfig.o [1]
  .near_func.text    ro code  0x00b13e     0xc  stm8s_tim3.o [1]
  .near.rodata       const    0x00b14a     0xb  System.o [1]
  .near.rodata       const    0x00b155     0xa  ApiAtCmd.o [1]
  .near.rodata       const    0x00b15f     0x9  ApiKeyboard.o [1]
  .near.rodata       const    0x00b168     0x9  ApiKeyboard.o [1]
  .near.rodata       const    0x00b171     0x9  ApiPocCmd.o [1]
  .near.rodata       const    0x00b17a     0x9  DrvGD83.o [1]
  .near.rodata       const    0x00b183     0x9  System.o [1]
  .near_func.text    ro code  0x00b18c     0x9  Delay.o [1]
  .near_func.text    ro code  0x00b195     0x9  stm8s_gpio.o [1]
  .near_func.text    ro code  0x00b19e     0x9  stm8s_tim3.o [1]
  .near.rodata       const    0x00b1a7     0x8  ApiDisplay.o [1]
  .near.rodata       const    0x00b1af     0x8  ApiPocCmd.o [1]
  .near.rodata       const    0x00b1b7     0x7  System.o [1]
  .near.rodata       const    0x00b1be     0x7  System.o [1]
  .near_func.text    ro code  0x00b1c5     0x7  stm8s_flash.o [1]
  .near_func.text    ro code  0x00b1cc     0x7  stm8s_gpio.o [1]
  .near.rodata       const    0x00b1d3     0x6  DrvGD83.o [1]
  .near_func.text    ro code  0x00b1d9     0x6  char.o [4]
  .near_func.text    ro code  0x00b1df     0x5  stm8s_tim3.o [1]
  .near_func.text    ro code  0x00b1e4     0x5  cexit.o [4]
  .near.rodata       const    0x00b1e9     0x4  stm8s_clk.o [1]
  .near_func.text    ro code  0x00b1ed     0x4  stm8s_gpio.o [1]
  .near_func.text    ro code  0x00b1f1     0x4  stm8s_uart1.o [1]
  .near_func.text    ro code  0x00b1f5     0x4  stm8s_uart1.o [1]
  .near.rodata       const    0x00b1f9     0x3  DrvGD83.o [1]
  .near_func.text    ro code  0x00b1fc     0x3  main.o [1]
  .near_func.text    ro code  0x00b1ff     0x3  interrupt.o [4]
  .near_func.text    ro code  0x00b202     0x3  low_level_init.o [4]
  .near_func.text    ro code  0x00b205     0x3  exit.o [4]
  .near_func.text    ro code  0x00b208     0x3  unhandled_exception.o [4]
  .near_func.text    ro code  0x00b20b     0x1  stm8s_it.o [1]
  .near_func.text    ro code  0x00b20c     0x1  stm8s_it.o [1]
  .near_func.text    ro code  0x00b20d     0x1  stm8s_it.o [1]
  .near_func.text    ro code  0x00b20e     0x1  stm8s_it.o [1]
  .near_func.text    ro code  0x00b20f     0x1  stm8s_it.o [1]
  .near_func.text    ro code  0x00b210     0x1  stm8s_it.o [1]
  .near_func.text    ro code  0x00b211     0x1  stm8s_it.o [1]
  .near_func.text    ro code  0x00b212     0x1  stm8s_it.o [1]
  .near_func.text    ro code  0x00b213     0x1  stm8s_it.o [1]
  .near_func.text    ro code  0x00b214     0x1  stm8s_it.o [1]
  .near_func.text    ro code  0x00b215     0x1  stm8s_it.o [1]
  .near_func.text    ro code  0x00b216     0x1  stm8s_it.o [1]
  .near_func.text    ro code  0x00b217     0x1  stm8s_it.o [1]
  .near_func.text    ro code  0x00b218     0x1  stm8s_it.o [1]
  .near_func.text    ro code  0x00b219     0x1  stm8s_it.o [1]
  .near_func.text    ro code  0x00b21a     0x1  stm8s_it.o [1]
  .near_func.text    ro code  0x00b21b     0x1  stm8s_it.o [1]
  .near_func.text    ro code  0x00b21c     0x1  stm8s_it.o [1]
  .near_func.text    ro code  0x00b21d     0x1  stm8s_it.o [1]
  .near_func.text    ro code  0x00b21e     0x1  stm8s_it.o [1]
  .near_func.text    ro code  0x00b21f     0x1  stm8s_it.o [1]
  .near_func.text    ro code  0x00b220     0x1  stm8s_it.o [1]
  .near_func.text    ro code  0x00b221     0x1  Task.o [1]
  .near_func.text    ro code  0x00b222     0x1  __dbg_break.o [3]
                            - 0x00b223  0x31a3


*******************************************************************************
*** INIT TABLE
***

          Address   Size
          -------   ----
Zero (__iar_zero_init2)
    1 destination range, total size 0x896:
          0x000050  0x896

Copy (__iar_copy_init2)
    1 source range, total size 0x40:
          0x00a87c   0x40
    1 destination range, total size 0x40:
          0x000010   0x40



*******************************************************************************
*** MODULE SUMMARY
***

    Module                 ro code  ro data  rw data
    ------                 -------  -------  -------
E:\1-source\A508\PRJ\Debug\Obj: [1]
    ApiAtCmd.o                  99       12      122
    ApiDisplay.o               547       40      580
    ApiKeyboard.o              767      294        5
    ApiPocCmd.o                316       21      857
    Beep.o                     813                18
    CommonLib.o                219
    Delay.o                    469                11
    DrvGD83.o                1 837       24      581
    DrvGT20L16S1Y.o            796       40       40
    DrvHTG12832.o              537                 2
    DrvKeyboard.o            1 356
    McuConfig.o                361
    System.o                   461      149       28
    Task.o                      15
    Tone.o                     216                18
    main.o                       3
    stm8s_clk.o                268        4
    stm8s_flash.o              158
    stm8s_gpio.o               195
    stm8s_it.o                  81
    stm8s_itc.o                257
    stm8s_tim1.o               392
    stm8s_tim3.o                71
    stm8s_uart1.o              676
    sysclock.o                 114
    ------------------------------------------------
    Total:                  11 024      584    2 262

command line: [2]
    ------------------------------------------------
    Total:

dbgstm8smd.a: [3]
    __dbg_break.o                1
    __dbg_xxexit.o              20
    ------------------------------------------------
    Total:                      21

dlstm8smn.a: [4]
    cexit.o                      5
    char.o                       6
    cstartup.o                  19
    dc_util.o                   37
    exit.o                       3
    init.o                      23
    init_small.o                70
    interrupt.o                  3      128
    long.o                     378
    long_util.o                 71
    low_level_init.o             3
    memcmp.o                    54
    move.o                      31
    short.o                     50
    strlen.o                    18
    unhandled_exception.o        3
    vreg_util.o                286
    vregs.o                                       16
    ------------------------------------------------
    Total:                   1 060      128       16

    Linker created                       18      256
----------------------------------------------------
    Grand Total:            12 105      730    2 534


*******************************************************************************
*** ENTRY LIST
***

Entry                    Address   Size  Type      Object
-----                    -------   ----  ----      ------
.iar.init_table$$Base   0x00ac8f          --   Gb  - Linker created -
.iar.init_table$$Limit  0x00aca1          --   Gb  - Linker created -
?add32_l0_l0_0x         0x0090fd         Code  Gb  long.o [4]
?add32_l0_l0_l1         0x0090fa         Code  Gb  long.o [4]
?b0                     0x000000         Data  Gb  vregs.o [4]
?b1                     0x000001         Data  Gb  vregs.o [4]
?b10                    0x00000a         Data  Gb  vregs.o [4]
?b11                    0x00000b         Data  Gb  vregs.o [4]
?b12                    0x00000c         Data  Gb  vregs.o [4]
?b13                    0x00000d         Data  Gb  vregs.o [4]
?b14                    0x00000e         Data  Gb  vregs.o [4]
?b15                    0x00000f         Data  Gb  vregs.o [4]
?b2                     0x000002         Data  Gb  vregs.o [4]
?b3                     0x000003         Data  Gb  vregs.o [4]
?b4                     0x000004         Data  Gb  vregs.o [4]
?b5                     0x000005         Data  Gb  vregs.o [4]
?b6                     0x000006         Data  Gb  vregs.o [4]
?b7                     0x000007         Data  Gb  vregs.o [4]
?b8                     0x000008         Data  Gb  vregs.o [4]
?b9                     0x000009         Data  Gb  vregs.o [4]
?dc32_l0                0x00abdb         Code  Gb  dc_util.o [4]
?dc32_l1                0x00abe8         Code  Gb  dc_util.o [4]
?dc32_px                0x00abf5         Code  Gb  dc_util.o [4]
?e0                     0x000001         Data  Gb  vregs.o [4]
?e1                     0x000005         Data  Gb  vregs.o [4]
?e2                     0x000009         Data  Gb  vregs.o [4]
?e3                     0x00000d         Data  Gb  vregs.o [4]
?epilogue_l2            0x0096be         Code  Gb  vreg_util.o [4]
?epilogue_l2_l3         0x0096bb         Code  Gb  vreg_util.o [4]
?epilogue_l2_w6         0x0096c2         Code  Gb  vreg_util.o [4]
?epilogue_w4            0x0096c9         Code  Gb  vreg_util.o [4]
?l0                     0x000000         Data  Gb  vregs.o [4]
?l1                     0x000004         Data  Gb  vregs.o [4]
?l2                     0x000008         Data  Gb  vregs.o [4]
?l3                     0x00000c         Data  Gb  vregs.o [4]
?load32_0x_l0           0x00a82b         Code  Gb  long_util.o [4]
?load32_asp_l0          0x00a81f         Code  Gb  long_util.o [4]
?load32_dbsp_l0         0x00a81a         Code  Gb  long_util.o [4]
?load32_l0_0x           0x00a802         Code  Gb  long_util.o [4]
?load32_l0_asp          0x00a7f7         Code  Gb  long_util.o [4]
?load32_l0_dbsp         0x00a7f2         Code  Gb  long_util.o [4]
?load32_l0_xsp          0x00a7f9         Code  Gb  long_util.o [4]
?load32_l1_0x           0x00a80e         Code  Gb  long_util.o [4]
?load32_xsp_l0          0x00a821         Code  Gb  long_util.o [4]
?longfarg16_v_w0_a      0x00aced         Code  Gb  move.o [4]
?longfarg16_v_w0_x      0x00acef         Code  Gb  move.o [4]
?mov_e0_e1              0x0096d0         Code  Gb  vreg_util.o [4]
?mov_e0_e2              0x0096dd         Code  Gb  vreg_util.o [4]
?mov_e0_e3              0x0096ea         Code  Gb  vreg_util.o [4]
?mov_e1_e0              0x0096f7         Code  Gb  vreg_util.o [4]
?mov_e1_e2              0x009704         Code  Gb  vreg_util.o [4]
?mov_e1_e3              0x009711         Code  Gb  vreg_util.o [4]
?mov_e2_e0              0x00971e         Code  Gb  vreg_util.o [4]
?mov_e3_e0              0x00972b         Code  Gb  vreg_util.o [4]
?mov_l0_l1              0x0096cd         Code  Gb  vreg_util.o [4]
?mov_l0_l2              0x0096da         Code  Gb  vreg_util.o [4]
?mov_l0_l3              0x0096e7         Code  Gb  vreg_util.o [4]
?mov_l1_l0              0x0096f4         Code  Gb  vreg_util.o [4]
?mov_l1_l2              0x009701         Code  Gb  vreg_util.o [4]
?mov_l1_l3              0x00970e         Code  Gb  vreg_util.o [4]
?mov_l2_l0              0x00971b         Code  Gb  vreg_util.o [4]
?mov_l3_l0              0x009728         Code  Gb  vreg_util.o [4]
?mov_w1_w3              0x0096d3         Code  Gb  vreg_util.o [4]
?mov_w1_w5              0x0096e0         Code  Gb  vreg_util.o [4]
?mov_w1_w7              0x0096ed         Code  Gb  vreg_util.o [4]
?mov_w3_w1              0x0096fa         Code  Gb  vreg_util.o [4]
?mov_w3_w5              0x009707         Code  Gb  vreg_util.o [4]
?mov_w3_w7              0x009714         Code  Gb  vreg_util.o [4]
?mov_w5_w1              0x009721         Code  Gb  vreg_util.o [4]
?mov_w7_w1              0x00972e         Code  Gb  vreg_util.o [4]
?move1616_v_x_y_a       0x00ace0         Code  Gb  move.o [4]
?mul16_x_x_w0           0x00aa28         Code  Gb  short.o [4]
?mul32_l0_l0_0x         0x009133         Code  Gb  long.o [4]
?mul32_l0_l0_dl         0x009130         Code  Gb  long.o [4]
?mul32_l0_l0_l1         0x00913c         Code  Gb  long.o [4]
?or32_l0_l0_0x          0x00922f         Code  Gb  long.o [4]
?pop_l0                 0x009687         Code  Gb  vreg_util.o [4]
?pop_l1                 0x009692         Code  Gb  vreg_util.o [4]
?pop_l2                 0x00969d         Code  Gb  vreg_util.o [4]
?pop_l3                 0x0096a8         Code  Gb  vreg_util.o [4]
?pop_w4                 0x009639         Code  Gb  vreg_util.o [4]
?pop_w6                 0x009640         Code  Gb  vreg_util.o [4]
?pop_w7                 0x009647         Code  Gb  vreg_util.o [4]
?push_l0                0x009656         Code  Gb  vreg_util.o [4]
?push_l1                0x00965b         Code  Gb  vreg_util.o [4]
?push_l2                0x009660         Code  Gb  vreg_util.o [4]
?push_l3                0x009665         Code  Gb  vreg_util.o [4]
?push_w4                0x009617         Code  Gb  vreg_util.o [4]
?push_w6                0x00961c         Code  Gb  vreg_util.o [4]
?push_w7                0x009621         Code  Gb  vreg_util.o [4]
?sext32_l0_x            0x009269         Code  Gb  long.o [4]
?sll16_x_x_4            0x00aa50         Code  Gb  short.o [4]
?sll16_x_x_5            0x00aa4f         Code  Gb  short.o [4]
?sll16_x_x_6            0x00aa4e         Code  Gb  short.o [4]
?sll16_x_x_a            0x00aa46         Code  Gb  short.o [4]
?sll32_0x_0x_a          0x00924a         Code  Gb  long.o [4]
?sll32_l0_l0_a          0x009247         Code  Gb  long.o [4]
?srl16_x_x_4            0x00aa55         Code  Gb  short.o [4]
?srl32_0x_0x_a          0x00925b         Code  Gb  long.o [4]
?srl32_l0_l0_a          0x009258         Code  Gb  long.o [4]
?srl8_a_a_5             0x00b1da         Code  Gb  char.o [4]
?srl8_a_a_6             0x00b1d9         Code  Gb  char.o [4]
?sub32_l0_l0_0x         0x009118         Code  Gb  long.o [4]
?sub32_l0_l0_l1         0x009115         Code  Gb  long.o [4]
?udiv32_l0_dl_l1        0x0091ba         Code  Gb  long.o [4]
?udiv32_l0_l0_dl        0x0091bf         Code  Gb  long.o [4]
?udiv32_l0_l0_l1        0x0091c2         Code  Gb  long.o [4]
?umod32_l1_l0_l1        0x0091c2         Code  Gb  long.o [4]
?w0                     0x000000         Data  Gb  vregs.o [4]
?w1                     0x000002         Data  Gb  vregs.o [4]
?w2                     0x000004         Data  Gb  vregs.o [4]
?w3                     0x000006         Data  Gb  vregs.o [4]
?w4                     0x000008         Data  Gb  vregs.o [4]
?w5                     0x00000a         Data  Gb  vregs.o [4]
?w6                     0x00000c         Data  Gb  vregs.o [4]
?w7                     0x00000e         Data  Gb  vregs.o [4]
ADC2_IRQHandler         0x00b21e    0x1  Code  Gb  stm8s_it.o [1]
AF_Mute_Init            0x00b11a    0xc  Code  Gb  McuConfig.o [1]
AUDIO_IOAFMUT           0x00ae4e   0x17  Code  Gb  McuConfig.o [1]
AUDIO_IOAFPOW           0x00ae65   0x17  Code  Gb  McuConfig.o [1]
AWU_IRQHandler          0x00b20d    0x1  Code  Gb  stm8s_it.o [1]
ApiAtCmd_10msRenew      0x00a3a5   0x63  Code  Gb  ApiAtCmd.o [1]
ApiPocCmd_10msRenew     0x00a408   0x63  Code  Gb  ApiPocCmd.o [1]
ApiPocCmd_WritCommand   0x009bb6   0xbb  Code  Gb  ApiPocCmd.o [1]
AtCmdDrvobj             0x0007b1   0x77  Data  Lc  ApiAtCmd.o [1]
AtNotify_Queue          0x008080   0x4c  Code  Lc  DrvGD83.o [1]
AtNotify_Queue_Start    0x0080cc   0x55  Code  Lc  DrvGD83.o [1]
BEEP_Interrupt10ms      0x00ada7   0x1a  Code  Gb  Beep.o [1]
BEEP_PowerOnInitial     0x009d23   0xb0  Code  Gb  Beep.o [1]
BEEP_SetOutput          0x008548  0x231  Code  Gb  Beep.o [1]
BEEP_Time               0x00a9c4   0x32  Code  Gb  Beep.o [1]
BaseAdd                 0x000028   0x20  Data  Gb  DrvGT20L16S1Y.o [1]
BeepDrvObj              0x0008ae   0x12  Data  Lc  Beep.o [1]
BitTab                  0x00b1a7    0x8  Data  Gb  ApiDisplay.o [1]
CHAR_HIGH               0x00af56   0x10  Data  Gb  ApiDisplay.o [1]
CHAR_WIDTH              0x00af66   0x10  Data  Gb  ApiDisplay.o [1]
CLK_ClockSwitchConfig   0x009f24   0xa2  Code  Gb  stm8s_clk.o [1]
CLK_GetClockFreq        0x00a585   0x57  Code  Gb  stm8s_clk.o [1]
CLK_HSIPrescalerConfig  0x00aefa   0x13  Code  Gb  stm8s_clk.o [1]
CLK_IRQHandler          0x00b20e    0x1  Code  Gb  stm8s_it.o [1]
COML_AscToHex           0x009adb   0xdb  Code  Gb  CommonLib.o [1]
CSTACK$$Base            0x001700          --   Gb  - Linker created -
CSTACK$$Limit           0x001800          --   Gb  - Linker created -
C_TEST_OUT_SET          0x00b132    0xc  Code  Gb  McuConfig.o [1]
DEL_1msProcess          0x00b18c    0x6  Code  Lc  Delay.o [1]
DEL_GetTimer            0x00a5dc   0x54  Code  Gb  Delay.o [1]
DEL_Interrupt           0x009e82   0xa2  Code  Gb  Delay.o [1]
DEL_PowerOnInitial      0x00acc1   0x1f  Code  Gb  Delay.o [1]
DEL_Renew               0x00b192    0x3  Code  Gb  Delay.o [1]
DEL_SetTimer            0x00a1f3   0x73  Code  Gb  Delay.o [1]
DEL_Soft1ms             0x00ad3b   0x1c  Code  Gb  Delay.o [1]
DEL_TimerRenew          0x00ab3d   0x28  Code  Lc  Delay.o [1]
DISP_DataBuf            0x0099fc   0xdf  Code  Lc  ApiDisplay.o [1]
DISP_MulTypePro         0x009c71   0xb2  Code  Lc  ApiDisplay.o [1]
DefaultSystemClockForHSI
                        0x00ad72   0x1b  Code  Gb  sysclock.o [1]
DelDrvObj               0x0008d2    0xb  Data  Lc  Delay.o [1]
DisDataBit              0x000828   0x40  Data  Gb  ApiDisplay.o [1]
DisDataBuf              0x0005b1  0x200  Data  Gb  ApiDisplay.o [1]
DisDrvObj               0x0008dd    0x4  Data  Lc  ApiDisplay.o [1]
DrvGD83DrvObj           0x0003a5  0x20c  Data  Lc  DrvGD83.o [1]
DrvGD83_Init            0x00add9   0x18  Code  Gb  McuConfig.o [1]
DrvGD83_UART_TxCommand  0x00a179   0x7a  Code  Gb  DrvGD83.o [1]
DrvMC8332_AtNotify_Queue_front
                        0x00a760   0x49  Code  Gb  DrvGD83.o [1]
DrvMC8332_PocNotify_Queue_front
                        0x00a7a9   0x49  Code  Gb  DrvGD83.o [1]
DrvMC8332_TxPort_SetValidable
                        0x00aae7   0x2c  Code  Gb  DrvGD83.o [1]
DrvMC8332_UART_Interrupt
                        0x008271  0x2d7  Code  Gb  DrvGD83.o [1]
DrvMc8332_UART_TxTail   0x00991b   0xe1  Code  Gb  DrvGD83.o [1]
EEPROM_EEC_IRQHandler   0x00b220    0x1  Code  Gb  stm8s_it.o [1]
EXTI_PORTA_IRQHandler   0x00b20f    0x1  Code  Gb  stm8s_it.o [1]
EXTI_PORTB_IRQHandler   0x00b210    0x1  Code  Gb  stm8s_it.o [1]
EXTI_PORTC_IRQHandler   0x00b211    0x1  Code  Gb  stm8s_it.o [1]
EXTI_PORTD_IRQHandler   0x00b212    0x1  Code  Gb  stm8s_it.o [1]
EXTI_PORTE_IRQHandler   0x00b213    0x1  Code  Gb  stm8s_it.o [1]
FLASH_EraseOptionByte   0x00ab8d   0x27  Code  Gb  stm8s_flash.o [1]
FLASH_Lock              0x00b1c5    0x7  Code  Gb  stm8s_flash.o [1]
FLASH_ProgramOptionByte
                        0x00ac24   0x24  Code  Gb  stm8s_flash.o [1]
FLASH_Unlock            0x00ae93   0x16  Code  Gb  stm8s_flash.o [1]
FLASH_WaitForLastOperation
                        0x00a8f2   0x36  Code  Gb  stm8s_flash.o [1]
GD83_ON                 0x00adf1   0x18  Code  Gb  McuConfig.o [1]
GPIO_Init               0x009dd3   0xaf  Code  Gb  stm8s_gpio.o [1]
GPIO_ReadInputPin       0x00b195    0x9  Code  Gb  stm8s_gpio.o [1]
GPIO_WriteHigh          0x00b1cc    0x7  Code  Gb  stm8s_gpio.o [1]
GPIO_WriteLow           0x00b1ed    0x4  Code  Gb  stm8s_gpio.o [1]
GT20_DelTime            0x00aed2   0x14  Code  Lc  DrvGT20L16S1Y.o [1]
GT20_GetData            0x00a4cc   0x5f  Code  Lc  DrvGT20L16S1Y.o [1]
GT20_GetDisData         0x00a8bc   0x36  Code  Lc  DrvGT20L16S1Y.o [1]
GT20_SendByte           0x00a52b   0x5a  Code  Lc  DrvGT20L16S1Y.o [1]
GT20_SendCommand        0x00a6ca   0x4c  Code  Lc  DrvGT20L16S1Y.o [1]
HSE_ClockStartUpConfiguration
                        0x00aa8a   0x30  Code  Lc  sysclock.o [1]
HSIDivFactor            0x00b1e9    0x4  Data  Gb  stm8s_clk.o [1]
HtgDrvObj               0x0008e1    0x2  Data  Lc  DrvHTG12832.o [1]
I2C_IRQHandler          0x00b21b    0x1  Code  Gb  stm8s_it.o [1]
INTVEC$$Base            0x008000          --   Gb  - Linker created -
INTVEC$$Limit           0x008080          --   Gb  - Linker created -
ITC_SetSoftwarePriority
                        0x009735  0x101  Code  Gb  stm8s_itc.o [1]
Key_Flag_1              0x0008e4    0x1  Data  Gb  ApiKeyboard.o [1]
Key_Init                0x00aa5a   0x30  Code  Gb  McuConfig.o [1]
Keyboard_Test           0x008779  0x21a  Code  Gb  ApiKeyboard.o [1]
LED_Init                0x00adc1   0x18  Code  Gb  McuConfig.o [1]
ListenState             0x00acff   0x1e  Code  Gb  ApiPocCmd.o [1]
MIC_GPIO_Init           0x00b10e    0xc  Code  Gb  McuConfig.o [1]
MIC_IOMUT               0x00ae37   0x17  Code  Gb  McuConfig.o [1]
Noise_Mute_Init         0x00b126    0xc  Code  Gb  McuConfig.o [1]
Notify_Queue_Stop       0x008176   0xfb  Code  Lc  DrvGD83.o [1]
PocCmdDrvobj            0x000050  0x355  Data  Lc  ApiPocCmd.o [1]
PocNotify_Queue         0x00a67e   0x4c  Code  Lc  DrvGD83.o [1]
PocNotify_Queue_Start   0x008121   0x55  Code  Lc  DrvGD83.o [1]
Region$$Table$$Base     0x00ac8f          --   Gb  - Linker created -
Region$$Table$$Limit    0x00aca1          --   Gb  - Linker created -
SIMST_Flag              0x0008e3    0x1  Data  Gb  ApiAtCmd.o [1]
SPI_IRQHandler          0x00b214    0x1  Code  Gb  stm8s_it.o [1]
Set_GreenLed            0x00ae09   0x17  Code  Gb  McuConfig.o [1]
Set_RedLed              0x00ae20   0x17  Code  Gb  McuConfig.o [1]
SystemClock_Init        0x00abb4   0x27  Code  Gb  sysclock.o [1]
TASK_WriteFreq          0x00b221    0x1  Code  Gb  Task.o [1]
TIM1_CAP_COM_IRQHandler
                        0x00b216    0x1  Code  Gb  stm8s_it.o [1]
TIM1_CCxCmd             0x00a839   0x43  Code  Gb  stm8s_tim1.o [1]
TIM1_Cmd                0x00b0c0    0xd  Code  Gb  stm8s_tim1.o [1]
TIM1_CtrlPWMOutputs     0x00b0cd    0xd  Code  Gb  stm8s_tim1.o [1]
TIM1_DeInit             0x009fc6   0x99  Code  Gb  stm8s_tim1.o [1]
TIM1_OC1Init            0x00a46b   0x61  Code  Gb  stm8s_tim1.o [1]
TIM1_OC1PreloadConfig   0x00b0da    0xd  Code  Gb  stm8s_tim1.o [1]
TIM1_PWM_Init           0x00a630   0x4e  Code  Gb  Tone.o [1]
TIM1_TimeBaseInit       0x00ac48   0x24  Code  Gb  stm8s_tim1.o [1]
TIM1_UPD_OVF_TRG_BRK_IRQHandler
                        0x00b215    0x1  Code  Gb  stm8s_it.o [1]
TIM2_CAP_COM_IRQHandler
                        0x00b218    0x1  Code  Gb  stm8s_it.o [1]
TIM2_UPD_OVF_BRK_IRQHandler
                        0x00b217    0x1  Code  Gb  stm8s_it.o [1]
TIM3_ARRPreloadConfig   0x00b0f4    0xd  Code  Gb  stm8s_tim3.o [1]
TIM3_CAP_COM_IRQHandler
                        0x00b219    0x1  Code  Gb  stm8s_it.o [1]
TIM3_ClearITPendingBit  0x00b1df    0x5  Code  Gb  stm8s_tim3.o [1]
TIM3_Cmd                0x00b0e7    0xd  Code  Gb  stm8s_tim3.o [1]
TIM3_ITConfig           0x00af0d   0x13  Code  Gb  stm8s_tim3.o [1]
TIM3_PrescalerConfig    0x00b19e    0x9  Code  Gb  stm8s_tim3.o [1]
TIM3_TimeBaseInit       0x00b13e    0xc  Code  Gb  stm8s_tim3.o [1]
TIM3_UPD_OVF_BRK_IRQHandler
                        0x00ad57   0x1b  Code  Gb  stm8s_it.o [1]
TIM4_UPD_OVF_IRQHandler
                        0x00b21f    0x1  Code  Gb  stm8s_it.o [1]
TLI_IRQHandler          0x00b20c    0x1  Code  Gb  stm8s_it.o [1]
TONE_PowerOnInitial     0x00a33e   0x67  Code  Gb  Tone.o [1]
TONE_Start              0x00ac74   0x1b  Code  Gb  Tone.o [1]
TONE_Stop               0x00ac6c    0x8  Code  Gb  Tone.o [1]
TRAP_IRQHandler         0x00b20b    0x1  Code  Gb  stm8s_it.o [1]
TaskDrvObj              0x00089a   0x14  Data  Lc  System.o [1]
Task_RunStart           0x00b0b2    0xe  Code  Gb  Task.o [1]
Tim3_Timer_Init         0x00ac00   0x24  Code  Gb  McuConfig.o [1]
TimeVal                 0x000020    0x8  Data  Gb  DrvGT20L16S1Y.o [1]
ToneDrvObj              0x0008c0   0x12  Data  Lc  Tone.o [1]
UART1_Cmd               0x00b101    0xd  Code  Gb  stm8s_uart1.o [1]
UART1_DeInit            0x00aaba   0x2d  Code  Gb  stm8s_uart1.o [1]
UART1_GetFlagStatus     0x00a9f6   0x32  Code  Gb  stm8s_uart1.o [1]
UART1_GetITStatus       0x00a05f   0x90  Code  Gb  stm8s_uart1.o [1]
UART1_ITConfig          0x00a2d2   0x6c  Code  Gb  stm8s_uart1.o [1]
UART1_Init              0x0094e3  0x134  Code  Gb  stm8s_uart1.o [1]
UART1_RX_IRQHandler     0x00aca1   0x20  Code  Gb  stm8s_it.o [1]
UART1_ReceiveData8      0x00b1f1    0x4  Code  Gb  stm8s_uart1.o [1]
UART1_SendData8         0x00b1f5    0x4  Code  Gb  stm8s_uart1.o [1]
UART1_TX_IRQHandler     0x00b21a    0x1  Code  Gb  stm8s_it.o [1]
UART3_RX_IRQHandler     0x00b21d    0x1  Code  Gb  stm8s_it.o [1]
UART3_TX_IRQHandler     0x00b21c    0x1  Code  Gb  stm8s_it.o [1]
Uart1_Init              0x00ab13   0x2a  Code  Gb  McuConfig.o [1]
__DebugBreak            0x00b222    0x1  Code  Gb  __dbg_break.o [3]
__exit                  0x00aee6   0x14  Code  Gb  __dbg_xxexit.o [3]
__iar_copy_init2        0x00ab65         Code  Gb  init_small.o [4]
__iar_data_init2        0x00ae7c   0x17  Code  Gb  init.o [4]
__iar_program_start     0x00af20         Code  Gb  cstartup.o [4]
__iar_unhandled_exception
                        0x00b208         Code  Gb  unhandled_exception.o [4]
__iar_zero_init2        0x00ad1d         Code  Gb  init_small.o [4]
__intvec                0x008000         Data  Gb  interrupt.o [4]
__low_level_init        0x00b202    0x3  Code  Gb  low_level_init.o [4]
_exit                   0x00b1e4         Code  Gb  cexit.o [4]
_interrupt_1            0x00b20b         Code  Gb  stm8s_it.o [1]
_interrupt_12           0x00b214         Code  Gb  stm8s_it.o [1]
_interrupt_13           0x00b215         Code  Gb  stm8s_it.o [1]
_interrupt_14           0x00b216         Code  Gb  stm8s_it.o [1]
_interrupt_15           0x00b217         Code  Gb  stm8s_it.o [1]
_interrupt_16           0x00b218         Code  Gb  stm8s_it.o [1]
_interrupt_17           0x00ad57         Code  Gb  stm8s_it.o [1]
_interrupt_18           0x00b219         Code  Gb  stm8s_it.o [1]
_interrupt_19           0x00b21a         Code  Gb  stm8s_it.o [1]
_interrupt_2            0x00b20c         Code  Gb  stm8s_it.o [1]
_interrupt_20           0x00aca1         Code  Gb  stm8s_it.o [1]
_interrupt_21           0x00b21b         Code  Gb  stm8s_it.o [1]
_interrupt_22           0x00b21c         Code  Gb  stm8s_it.o [1]
_interrupt_23           0x00b21d         Code  Gb  stm8s_it.o [1]
_interrupt_24           0x00b21e         Code  Gb  stm8s_it.o [1]
_interrupt_25           0x00b21f         Code  Gb  stm8s_it.o [1]
_interrupt_26           0x00b220         Code  Gb  stm8s_it.o [1]
_interrupt_3            0x00b20d         Code  Gb  stm8s_it.o [1]
_interrupt_4            0x00b20e         Code  Gb  stm8s_it.o [1]
_interrupt_5            0x00b20f         Code  Gb  stm8s_it.o [1]
_interrupt_6            0x00b210         Code  Gb  stm8s_it.o [1]
_interrupt_7            0x00b211         Code  Gb  stm8s_it.o [1]
_interrupt_8            0x00b212         Code  Gb  stm8s_it.o [1]
_interrupt_9            0x00b213         Code  Gb  stm8s_it.o [1]
api_disp_all_screen_refresh
                        0x00a716   0x4a  Code  Gb  ApiDisplay.o [1]
api_disp_char_output    0x00aea9   0x15  Code  Gb  ApiDisplay.o [1]
api_lcd_pwr_on_hint     0x00a95e   0x33  Code  Gb  ApiDisplay.o [1]
drv_gt20_data_output    0x008f60  0x19a  Code  Gb  DrvGT20L16S1Y.o [1]
drv_gt20_pwr_on_init    0x00a9c1    0x3  Code  Gb  DrvGT20L16S1Y.o [1]
drv_htg_clr_allscr      0x008ab1   0x31  Code  Gb  DrvHTG12832.o [1]
drv_htg_pwr_on_init     0x008ba3    0x9  Code  Gb  DrvHTG12832.o [1]
drv_htg_reset           0x008993    0x5  Code  Gb  DrvHTG12832.o [1]
drv_htg_set_address     0x008a07   0x3b  Code  Gb  DrvHTG12832.o [1]
drv_htg_write_command   0x008998   0x6f  Code  Gb  DrvHTG12832.o [1]
drv_htg_write_data      0x008a42   0x6f  Code  Gb  DrvHTG12832.o [1]
drv_keypad_scan         0x008bac  0x1e7  Code  Gb  DrvKeyboard.o [1]
exit                    0x00b205    0x3  Code  Gb  exit.o [4]
get_key_value           0x009836   0xe5  Code  Gb  ApiKeyboard.o [1]
htg_delay_ms            0x008ae2   0x1e  Code  Lc  DrvHTG12832.o [1]
htg_initial             0x008b00   0x5b  Code  Lc  DrvHTG12832.o [1]
key_scan_board          0x009274  0x139  Code  Gb  DrvKeyboard.o [1]
main                    0x00b1fc    0x3  Code  Gb  main.o [1]
main_app                0x008d93  0x1cd  Code  Gb  System.o [1]
mcu_gt20_initial        0x00a991   0x30  Code  Lc  DrvGT20L16S1Y.o [1]
mcu_key_pad_out         0x00a0ef   0x8a  Code  Gb  DrvKeyboard.o [1]
mcu_key_pad_read        0x00a266   0x6c  Code  Gb  DrvKeyboard.o [1]
mcu_key_pad_set         0x0093ad  0x136  Code  Gb  DrvKeyboard.o [1]
mcu_lcd_initial         0x008b5b   0x48  Code  Lc  DrvHTG12832.o [1]
memcmp                  0x00a928   0x36  Code  Gb  memcmp.o [4]
strlen                  0x00af33   0x12  Code  Gb  strlen.o [4]
ucAtPocHead             0x000016    0x2  Data  Gb  ApiPocCmd.o [1]
ucEndPTT                0x00004c    0x2  Data  Gb  System.o [1]
ucKeyDown               0x000014    0x2  Data  Gb  ApiKeyboard.o [1]
ucKeyUp                 0x000012    0x2  Data  Gb  ApiKeyboard.o [1]
ucPocOpenConfig         0x000048    0x2  Data  Gb  System.o [1]
ucRxCheckCard           0x000010    0x2  Data  Gb  ApiAtCmd.o [1]
ucRxOkHeadInfo          0x00001e    0x2  Data  Gb  DrvGD83.o [1]
ucRxPocHeadInfo         0x00001c    0x2  Data  Gb  DrvGD83.o [1]
ucSIMST                 0x000018    0x2  Data  Gb  ApiPocCmd.o [1]
ucStartPTT              0x00004a    0x2  Data  Gb  System.o [1]
ucSwitch                0x00004e    0x2  Data  Gb  System.o [1]
ucTxPocHeadInfo         0x00001a    0x2  Data  Gb  DrvGD83.o [1]


[1] = E:\1-source\A508\PRJ\Debug\Obj
[2] = command line
[3] = dbgstm8smd.a
[4] = dlstm8smn.a

  12 105 bytes of readonly  code memory
     730 bytes of readonly  data memory
   2 534 bytes of readwrite data memory

Errors: none
Warnings: none
